Copyright 1986-2022 Xilinx, Inc. All Rights Reserved. Copyright 2022-2025 Advanced Micro Devices, Inc. All Rights Reserved.
---------------------------------------------------------------------------------------------------------------------------------------------------------------------------------------------------------------------------
| Tool Version : Vivado v.2025.2 (win64) Build 6299465 Fri Nov 14 19:35:11 GMT 2025
| Date         : Mon Aug 31 06:22:46 2026
| Host         : NBLSUDUL running 64-bit major release  (build 9200)
| Command      : report_bus_skew -no_detailed_paths -max_paths 1 -nworst 1 -warn_on_violation -file C:/FPGA/G2B_LUT1_PRODUCT_PRECOMMIT_EVIDENCE_20260831_12/BUS_SKEW_GROUPS/03_DIAGNOSTIC_GRAY_TO_FIRST_STAGE_BUS_SKEW.rpt
| Design       : ahd_capture_top_xdma
| Device       : 7a35t-csg325
| Speed File   : -2  PRODUCTION 1.23 2018-06-13
| Design State : Routed
---------------------------------------------------------------------------------------------------------------------------------------------------------------------------------------------------------------------------

Bus Skew Report

Table of Contents
-----------------
1. Bus Skew Report Summary

1. Bus Skew Report Summary
--------------------------

Id  Position  From                            To                              Corner  Requirement(ns)  Actual(ns)  Slack(ns)
--  --------  ------------------------------  ------------------------------  ------  ---------------  ----------  ---------
1   50        [get_cells -quiet -hier -regexp {.*(active_sav_gray_nvp_reg|slot_commit_gray_nvp_reg|vclk_edge_gray_nvp_reg)\[[0-9]+\]}]
                                              [get_pins -quiet -of_objects [get_cells -quiet -hier -regexp {.*(active_sav_gray_sync1_pcie_reg|slot_commit_gray_sync1_pcie_reg|vclk_edge_gray_sync1_user_reg)\[[0-9]+\]}] -filter {REF_PIN_NAME == D}]
                                                                              Slow              3.000       1.403      1.597
