Copyright 1986-2022 Xilinx, Inc. All Rights Reserved. Copyright 2022-2025 Advanced Micro Devices, Inc. All Rights Reserved.
---------------------------------------------------------------------------------------------------------------------------------------------
| Tool Version : Vivado v.2025.2 (win64) Build 6299465 Fri Nov 14 19:35:11 GMT 2025
| Date         : Sun Aug 23 13:58:45 2026
| Host         : NBLSUDUL running 64-bit major release  (build 9200)
| Command      : report_bus_skew -file C:/FPGA/V41_NVP_R1E_SEMANTIC_DRC_CONTINUATION_R3/03_READ_ONLY_PREFLIGHT/PHASE3_bus_skew.rpt
| Design       : ahd_capture_top_xdma
| Device       : 7a35t-csg325
| Speed File   : -2  PRODUCTION 1.23 2018-06-13
| Design State : Routed
---------------------------------------------------------------------------------------------------------------------------------------------

Bus Skew Report

Table of Contents
-----------------
1. Bus Skew Report Summary
2. Bus Skew Report Per Constraint

1. Bus Skew Report Summary
--------------------------

Id  Position  From                            To                              Corner  Requirement(ns)  Actual(ns)  Slack(ns)
--  --------  ------------------------------  ------------------------------  ------  ---------------  ----------  ---------
1   28        [get_cells -quiet -hier -regexp {.*MAILBOX/cfg_hold_pcie_reg\[[0-9]+\]}]
                                              [get_cells -quiet -hier -regexp {.*MAILBOX/nvp_cfg_(abort|arm|capture_generation|clear_errors|line_count_requested|single_line|target_line|window_16_lines)_reg(\[[0-9]+\])?}]
                                                                              Slow              3.000       1.040      1.960
2   30        [get_cells -quiet -hier -regexp {.*MAILBOX/status_hold_nvp_reg\[[0-9]+\]}]
                                              [get_cells -quiet -hier -regexp {.*MAILBOX/status_bus_pcie_reg\[[0-9]+\]}]
                                                                              Slow              3.000       1.312      1.688
3   33        [get_cells -quiet -hier -regexp {.*(active_sav_gray_nvp_reg|slot_commit_gray_nvp_reg|vclk_edge_gray_nvp_reg)\[[0-9]+\]}]
                                              [get_pins -quiet -of_objects [get_cells -quiet -hier -regexp {.*(active_sav_gray_sync1_pcie_reg|slot_commit_gray_sync1_pcie_reg|vclk_edge_gray_sync1_user_reg)\[[0-9]+\]}] -filter {REF_PIN_NAME == D}]
                                                                              Slow              3.000       1.079      1.921


2. Bus Skew Report Per Constraint
---------------------------------

Id: 1
set_bus_skew -from [get_cells -quiet -hier -regexp {.*MAILBOX/cfg_hold_pcie_reg\[[0-9]+\]}] -to [get_cells -quiet -hier -regexp {.*MAILBOX/nvp_cfg_(abort|arm|capture_generation|clear_errors|line_count_requested|single_line|target_line|window_16_lines)_reg(\[[0-9]+\])?}] 3.000
Requirement: 3.000ns
Endpoints: 74

From Clock            To Clock              Endpoint Pin                    Reference Pin                   Corner  Actual(ns)  Slack(ns)
--------------------  --------------------  ------------------------------  ------------------------------  ------  ----------  ---------
userclk1              nvp_vclk1             CAPTURE_SUBSYSTEM/MAILBOX/nvp_cfg_target_line_reg[17]/D
                                                                            CAPTURE_SUBSYSTEM/MAILBOX/nvp_cfg_capture_generation_reg[11]/D
                                                                                                            Slow         1.040      1.960


Slack (MET) :             1.960ns  (requirement - actual skew)
  Endpoint Source:        CAPTURE_SUBSYSTEM/MAILBOX/cfg_hold_pcie_reg[27]/C
                            (rising edge-triggered cell FDRE clocked by userclk1)
  Endpoint Destination:   CAPTURE_SUBSYSTEM/MAILBOX/nvp_cfg_target_line_reg[17]/D
                            (rising edge-triggered cell FDRE clocked by nvp_vclk1)
  Reference Source:       CAPTURE_SUBSYSTEM/MAILBOX/cfg_hold_pcie_reg[53]/C
                            (rising edge-triggered cell FDRE clocked by userclk1)
  Reference Destination:  CAPTURE_SUBSYSTEM/MAILBOX/nvp_cfg_capture_generation_reg[11]/D
                            (rising edge-triggered cell FDRE clocked by nvp_vclk1)
  Path Type:              Bus Skew (Max at Slow Process Corner)
  Requirement:            3.000ns
  Endpoint Relative Delay:    2.576ns
  Reference Relative Delay:   0.985ns
  Relative CRPR:              0.551ns
  Actual Bus Skew:            1.040ns  (Endpoint Relative Delay - Reference Relative Delay - Relative CRPR)

Endpoint path:
    Location             Delay type                Incr(ns)  Path(ns)    Netlist Resource(s)
  -------------------------------------------------------------------    -------------------
                         (clock userclk1 rise edge)
                                                      0.000     0.000 r  
    GTPE2_CHANNEL_X0Y3   GTPE2_CHANNEL                0.000     0.000 r  XDMA/inst/xdma_v41_m1_pcie2_to_pcie3_wrapper_i/pcie2_ip_i/inst/inst/gt_top_i/pipe_wrapper_i/pipe_lane[0].gt_wrapper_i/gtp_channel.gtpe2_channel_i/TXOUTCLK
                         net (fo=1, routed)           1.209     1.209    XDMA/inst/xdma_v41_m1_pcie2_to_pcie3_wrapper_i/pcie2_ip_i/inst/inst/gt_top_i/pipe_wrapper_i/pipe_clock_int.pipe_clock_i/txoutclk_i.txoutclk_i_0
    BUFGCTRL_X0Y20       BUFG (Prop_bufg_I_O)         0.081     1.290 r  XDMA/inst/xdma_v41_m1_pcie2_to_pcie3_wrapper_i/pcie2_ip_i/inst/inst/gt_top_i/pipe_wrapper_i/pipe_clock_int.pipe_clock_i/txoutclk_i.txoutclk_i/O
                         net (fo=1, routed)           1.391     2.681    XDMA/inst/xdma_v41_m1_pcie2_to_pcie3_wrapper_i/pcie2_ip_i/inst/inst/gt_top_i/pipe_wrapper_i/pipe_clock_int.pipe_clock_i/refclk
    MMCME2_ADV_X0Y0      MMCME2_ADV (Prop_mmcme2_adv_CLKIN1_CLKOUT2)
                                                      0.077     2.757 r  XDMA/inst/xdma_v41_m1_pcie2_to_pcie3_wrapper_i/pcie2_ip_i/inst/inst/gt_top_i/pipe_wrapper_i/pipe_clock_int.pipe_clock_i/mmcm_i/CLKOUT2
                         net (fo=1, routed)           1.425     4.182    XDMA/inst/xdma_v41_m1_pcie2_to_pcie3_wrapper_i/pcie2_ip_i/inst/inst/gt_top_i/pipe_wrapper_i/pipe_clock_int.pipe_clock_i/userclk1
    BUFGCTRL_X0Y0        BUFG (Prop_bufg_I_O)         0.081     4.263 r  XDMA/inst/xdma_v41_m1_pcie2_to_pcie3_wrapper_i/pcie2_ip_i/inst/inst/gt_top_i/pipe_wrapper_i/pipe_clock_int.pipe_clock_i/userclk1_i1.usrclk1_i1/O
                         net (fo=15975, routed)       1.369     5.632    CAPTURE_SUBSYSTEM/MAILBOX/CLK
    SLICE_X42Y45         FDRE                                         r  CAPTURE_SUBSYSTEM/MAILBOX/cfg_hold_pcie_reg[27]/C
  -------------------------------------------------------------------    -------------------
    SLICE_X42Y45         FDRE (Prop_fdre_C_Q)         0.433     6.065 r  CAPTURE_SUBSYSTEM/MAILBOX/cfg_hold_pcie_reg[27]/Q
                         net (fo=1, routed)           0.813     6.878    CAPTURE_SUBSYSTEM/MAILBOX/cfg_hold_pcie_reg_n_0_[27]
    SLICE_X38Y43         FDRE                                         r  CAPTURE_SUBSYSTEM/MAILBOX/nvp_cfg_target_line_reg[17]/D
  -------------------------------------------------------------------    -------------------

                         (clock nvp_vclk1 rise edge)
                                                      0.000     0.000 r  
    E13                                               0.000     0.000 r  vclk1 (IN)
                         net (fo=0)                   0.000     0.000    NVP_PHYSICAL_FRONTEND/vclk1
    E13                  IBUF (Prop_ibuf_I_O)         1.394     1.394 r  NVP_PHYSICAL_FRONTEND/u_vclk1_ibuf/O
                         net (fo=3, routed)           1.604     2.998    NVP_PHYSICAL_FRONTEND/vclk1_ibuf
    BUFGCTRL_X0Y17       BUFG (Prop_bufg_I_O)         0.077     3.075 r  NVP_PHYSICAL_FRONTEND/u_vclk1_bufg/O
                         net (fo=1729, routed)        1.260     4.335    CAPTURE_SUBSYSTEM/MAILBOX/nvp_clk
    SLICE_X38Y43         FDRE                                         r  CAPTURE_SUBSYSTEM/MAILBOX/nvp_cfg_target_line_reg[17]/C
                         clock pessimism              0.000     4.335    
    SLICE_X38Y43         FDRE (Setup_fdre_C_D)       -0.033     4.302    CAPTURE_SUBSYSTEM/MAILBOX/nvp_cfg_target_line_reg[17]
  -------------------------------------------------------------------
                         data arrival                           6.878    
                         clock arrival                          4.302    
  -------------------------------------------------------------------
                         relative delay                         2.576    

Reference path:
    Location             Delay type                Incr(ns)  Path(ns)    Netlist Resource(s)
  -------------------------------------------------------------------    -------------------
                         (clock userclk1 rise edge)
                                                      0.000     0.000 r  
    GTPE2_CHANNEL_X0Y3   GTPE2_CHANNEL                0.000     0.000 r  XDMA/inst/xdma_v41_m1_pcie2_to_pcie3_wrapper_i/pcie2_ip_i/inst/inst/gt_top_i/pipe_wrapper_i/pipe_lane[0].gt_wrapper_i/gtp_channel.gtpe2_channel_i/TXOUTCLK
                         net (fo=1, routed)           1.150     1.150    XDMA/inst/xdma_v41_m1_pcie2_to_pcie3_wrapper_i/pcie2_ip_i/inst/inst/gt_top_i/pipe_wrapper_i/pipe_clock_int.pipe_clock_i/txoutclk_i.txoutclk_i_0
    BUFGCTRL_X0Y20       BUFG (Prop_bufg_I_O)         0.077     1.227 r  XDMA/inst/xdma_v41_m1_pcie2_to_pcie3_wrapper_i/pcie2_ip_i/inst/inst/gt_top_i/pipe_wrapper_i/pipe_clock_int.pipe_clock_i/txoutclk_i.txoutclk_i/O
                         net (fo=1, routed)           1.286     2.513    XDMA/inst/xdma_v41_m1_pcie2_to_pcie3_wrapper_i/pcie2_ip_i/inst/inst/gt_top_i/pipe_wrapper_i/pipe_clock_int.pipe_clock_i/refclk
    MMCME2_ADV_X0Y0      MMCME2_ADV (Prop_mmcme2_adv_CLKIN1_CLKOUT2)
                                                      0.073     2.586 r  XDMA/inst/xdma_v41_m1_pcie2_to_pcie3_wrapper_i/pcie2_ip_i/inst/inst/gt_top_i/pipe_wrapper_i/pipe_clock_int.pipe_clock_i/mmcm_i/CLKOUT2
                         net (fo=1, routed)           1.357     3.944    XDMA/inst/xdma_v41_m1_pcie2_to_pcie3_wrapper_i/pcie2_ip_i/inst/inst/gt_top_i/pipe_wrapper_i/pipe_clock_int.pipe_clock_i/userclk1
    BUFGCTRL_X0Y0        BUFG (Prop_bufg_I_O)         0.077     4.021 r  XDMA/inst/xdma_v41_m1_pcie2_to_pcie3_wrapper_i/pcie2_ip_i/inst/inst/gt_top_i/pipe_wrapper_i/pipe_clock_int.pipe_clock_i/userclk1_i1.usrclk1_i1/O
                         net (fo=15975, routed)       1.250     5.270    CAPTURE_SUBSYSTEM/MAILBOX/CLK
    SLICE_X41Y30         FDRE                                         r  CAPTURE_SUBSYSTEM/MAILBOX/cfg_hold_pcie_reg[53]/C
  -------------------------------------------------------------------    -------------------
    SLICE_X41Y30         FDRE (Prop_fdre_C_Q)         0.304     5.574 r  CAPTURE_SUBSYSTEM/MAILBOX/cfg_hold_pcie_reg[53]/Q
                         net (fo=1, routed)           0.196     5.770    CAPTURE_SUBSYSTEM/MAILBOX/cfg_hold_pcie_reg_n_0_[53]
    SLICE_X42Y30         FDRE                                         r  CAPTURE_SUBSYSTEM/MAILBOX/nvp_cfg_capture_generation_reg[11]/D
  -------------------------------------------------------------------    -------------------

                         (clock nvp_vclk1 rise edge)
                                                      0.000     0.000 r  
    E13                                               0.000     0.000 r  vclk1 (IN)
                         net (fo=0)                   0.000     0.000    NVP_PHYSICAL_FRONTEND/vclk1
    E13                  IBUF (Prop_ibuf_I_O)         1.461     1.461 r  NVP_PHYSICAL_FRONTEND/u_vclk1_ibuf/O
                         net (fo=3, routed)           1.693     3.154    NVP_PHYSICAL_FRONTEND/vclk1_ibuf
    BUFGCTRL_X0Y17       BUFG (Prop_bufg_I_O)         0.081     3.235 r  NVP_PHYSICAL_FRONTEND/u_vclk1_bufg/O
                         net (fo=1729, routed)        1.360     4.594    CAPTURE_SUBSYSTEM/MAILBOX/nvp_clk
    SLICE_X42Y30         FDRE                                         r  CAPTURE_SUBSYSTEM/MAILBOX/nvp_cfg_capture_generation_reg[11]/C
                         clock pessimism              0.000     4.594    
    SLICE_X42Y30         FDRE (Hold_fdre_C_D)         0.191     4.785    CAPTURE_SUBSYSTEM/MAILBOX/nvp_cfg_capture_generation_reg[11]
  -------------------------------------------------------------------
                         data arrival                           5.770    
                         clock arrival                          4.785    
  -------------------------------------------------------------------
                         relative delay                         0.985    



Id: 2
set_bus_skew -from [get_cells -quiet -hier -regexp {.*MAILBOX/status_hold_nvp_reg\[[0-9]+\]}] -to [get_cells -quiet -hier -regexp {.*MAILBOX/status_bus_pcie_reg\[[0-9]+\]}] 3.000
Requirement: 3.000ns
Endpoints: 291

From Clock            To Clock              Endpoint Pin                    Reference Pin                   Corner  Actual(ns)  Slack(ns)
--------------------  --------------------  ------------------------------  ------------------------------  ------  ----------  ---------
nvp_vclk1             userclk1              CAPTURE_SUBSYSTEM/MAILBOX/status_bus_pcie_reg[154]/D
                                                                            CAPTURE_SUBSYSTEM/MAILBOX/status_bus_pcie_reg[21]/D
                                                                                                            Slow         1.312      1.688


Slack (MET) :             1.688ns  (requirement - actual skew)
  Endpoint Source:        CAPTURE_SUBSYSTEM/MAILBOX/status_hold_nvp_reg[154]/C
                            (rising edge-triggered cell FDRE clocked by nvp_vclk1)
  Endpoint Destination:   CAPTURE_SUBSYSTEM/MAILBOX/status_bus_pcie_reg[154]/D
                            (rising edge-triggered cell FDRE clocked by userclk1)
  Reference Source:       CAPTURE_SUBSYSTEM/MAILBOX/status_hold_nvp_reg[21]/C
                            (rising edge-triggered cell FDRE clocked by nvp_vclk1)
  Reference Destination:  CAPTURE_SUBSYSTEM/MAILBOX/status_bus_pcie_reg[21]/D
                            (rising edge-triggered cell FDRE clocked by userclk1)
  Path Type:              Bus Skew (Max at Slow Process Corner)
  Requirement:            3.000ns
  Endpoint Relative Delay:    0.761ns
  Reference Relative Delay:  -0.966ns
  Relative CRPR:              0.415ns
  Actual Bus Skew:            1.312ns  (Endpoint Relative Delay - Reference Relative Delay - Relative CRPR)

Endpoint path:
    Location             Delay type                Incr(ns)  Path(ns)    Netlist Resource(s)
  -------------------------------------------------------------------    -------------------
                         (clock nvp_vclk1 rise edge)
                                                      0.000     0.000 r  
    E13                                               0.000     0.000 r  vclk1 (IN)
                         net (fo=0)                   0.000     0.000    NVP_PHYSICAL_FRONTEND/vclk1
    E13                  IBUF (Prop_ibuf_I_O)         1.461     1.461 r  NVP_PHYSICAL_FRONTEND/u_vclk1_ibuf/O
                         net (fo=3, routed)           1.693     3.154    NVP_PHYSICAL_FRONTEND/vclk1_ibuf
    BUFGCTRL_X0Y17       BUFG (Prop_bufg_I_O)         0.081     3.235 r  NVP_PHYSICAL_FRONTEND/u_vclk1_bufg/O
                         net (fo=1729, routed)        1.369     4.603    CAPTURE_SUBSYSTEM/MAILBOX/nvp_clk
    SLICE_X15Y35         FDRE                                         r  CAPTURE_SUBSYSTEM/MAILBOX/status_hold_nvp_reg[154]/C
  -------------------------------------------------------------------    -------------------
    SLICE_X15Y35         FDRE (Prop_fdre_C_Q)         0.348     4.951 r  CAPTURE_SUBSYSTEM/MAILBOX/status_hold_nvp_reg[154]/Q
                         net (fo=2, routed)           0.938     5.889    CAPTURE_SUBSYSTEM/MAILBOX/status_hold_nvp_reg[323]_0[151]
    SLICE_X30Y41         FDRE                                         r  CAPTURE_SUBSYSTEM/MAILBOX/status_bus_pcie_reg[154]/D
  -------------------------------------------------------------------    -------------------

                         (clock userclk1 rise edge)
                                                      0.000     0.000 r  
    GTPE2_CHANNEL_X0Y3   GTPE2_CHANNEL                0.000     0.000 r  XDMA/inst/xdma_v41_m1_pcie2_to_pcie3_wrapper_i/pcie2_ip_i/inst/inst/gt_top_i/pipe_wrapper_i/pipe_lane[0].gt_wrapper_i/gtp_channel.gtpe2_channel_i/TXOUTCLK
                         net (fo=1, routed)           1.150     1.150    XDMA/inst/xdma_v41_m1_pcie2_to_pcie3_wrapper_i/pcie2_ip_i/inst/inst/gt_top_i/pipe_wrapper_i/pipe_clock_int.pipe_clock_i/txoutclk_i.txoutclk_i_0
    BUFGCTRL_X0Y20       BUFG (Prop_bufg_I_O)         0.077     1.227 r  XDMA/inst/xdma_v41_m1_pcie2_to_pcie3_wrapper_i/pcie2_ip_i/inst/inst/gt_top_i/pipe_wrapper_i/pipe_clock_int.pipe_clock_i/txoutclk_i.txoutclk_i/O
                         net (fo=1, routed)           1.286     2.513    XDMA/inst/xdma_v41_m1_pcie2_to_pcie3_wrapper_i/pcie2_ip_i/inst/inst/gt_top_i/pipe_wrapper_i/pipe_clock_int.pipe_clock_i/refclk
    MMCME2_ADV_X0Y0      MMCME2_ADV (Prop_mmcme2_adv_CLKIN1_CLKOUT2)
                                                      0.073     2.586 r  XDMA/inst/xdma_v41_m1_pcie2_to_pcie3_wrapper_i/pcie2_ip_i/inst/inst/gt_top_i/pipe_wrapper_i/pipe_clock_int.pipe_clock_i/mmcm_i/CLKOUT2
                         net (fo=1, routed)           1.357     3.944    XDMA/inst/xdma_v41_m1_pcie2_to_pcie3_wrapper_i/pcie2_ip_i/inst/inst/gt_top_i/pipe_wrapper_i/pipe_clock_int.pipe_clock_i/userclk1
    BUFGCTRL_X0Y0        BUFG (Prop_bufg_I_O)         0.077     4.021 r  XDMA/inst/xdma_v41_m1_pcie2_to_pcie3_wrapper_i/pcie2_ip_i/inst/inst/gt_top_i/pipe_wrapper_i/pipe_clock_int.pipe_clock_i/userclk1_i1.usrclk1_i1/O
                         net (fo=15975, routed)       1.257     5.277    CAPTURE_SUBSYSTEM/MAILBOX/CLK
    SLICE_X30Y41         FDRE                                         r  CAPTURE_SUBSYSTEM/MAILBOX/status_bus_pcie_reg[154]/C
                         clock pessimism              0.000     5.277    
    SLICE_X30Y41         FDRE (Setup_fdre_C_D)       -0.149     5.128    CAPTURE_SUBSYSTEM/MAILBOX/status_bus_pcie_reg[154]
  -------------------------------------------------------------------
                         data arrival                           5.889    
                         clock arrival                          5.128    
  -------------------------------------------------------------------
                         relative delay                         0.761    

Reference path:
    Location             Delay type                Incr(ns)  Path(ns)    Netlist Resource(s)
  -------------------------------------------------------------------    -------------------
                         (clock nvp_vclk1 rise edge)
                                                      0.000     0.000 r  
    E13                                               0.000     0.000 r  vclk1 (IN)
                         net (fo=0)                   0.000     0.000    NVP_PHYSICAL_FRONTEND/vclk1
    E13                  IBUF (Prop_ibuf_I_O)         1.394     1.394 r  NVP_PHYSICAL_FRONTEND/u_vclk1_ibuf/O
                         net (fo=3, routed)           1.604     2.998    NVP_PHYSICAL_FRONTEND/vclk1_ibuf
    BUFGCTRL_X0Y17       BUFG (Prop_bufg_I_O)         0.077     3.075 r  NVP_PHYSICAL_FRONTEND/u_vclk1_bufg/O
                         net (fo=1729, routed)        1.252     4.327    CAPTURE_SUBSYSTEM/MAILBOX/nvp_clk
    SLICE_X36Y31         FDRE                                         r  CAPTURE_SUBSYSTEM/MAILBOX/status_hold_nvp_reg[21]/C
  -------------------------------------------------------------------    -------------------
    SLICE_X36Y31         FDRE (Prop_fdre_C_Q)         0.304     4.631 r  CAPTURE_SUBSYSTEM/MAILBOX/status_hold_nvp_reg[21]/Q
                         net (fo=2, routed)           0.227     4.858    CAPTURE_SUBSYSTEM/MAILBOX/status_hold_nvp_reg[323]_0[18]
    SLICE_X38Y31         FDRE                                         r  CAPTURE_SUBSYSTEM/MAILBOX/status_bus_pcie_reg[21]/D
  -------------------------------------------------------------------    -------------------

                         (clock userclk1 rise edge)
                                                      0.000     0.000 r  
    GTPE2_CHANNEL_X0Y3   GTPE2_CHANNEL                0.000     0.000 r  XDMA/inst/xdma_v41_m1_pcie2_to_pcie3_wrapper_i/pcie2_ip_i/inst/inst/gt_top_i/pipe_wrapper_i/pipe_lane[0].gt_wrapper_i/gtp_channel.gtpe2_channel_i/TXOUTCLK
                         net (fo=1, routed)           1.209     1.209    XDMA/inst/xdma_v41_m1_pcie2_to_pcie3_wrapper_i/pcie2_ip_i/inst/inst/gt_top_i/pipe_wrapper_i/pipe_clock_int.pipe_clock_i/txoutclk_i.txoutclk_i_0
    BUFGCTRL_X0Y20       BUFG (Prop_bufg_I_O)         0.081     1.290 r  XDMA/inst/xdma_v41_m1_pcie2_to_pcie3_wrapper_i/pcie2_ip_i/inst/inst/gt_top_i/pipe_wrapper_i/pipe_clock_int.pipe_clock_i/txoutclk_i.txoutclk_i/O
                         net (fo=1, routed)           1.391     2.681    XDMA/inst/xdma_v41_m1_pcie2_to_pcie3_wrapper_i/pcie2_ip_i/inst/inst/gt_top_i/pipe_wrapper_i/pipe_clock_int.pipe_clock_i/refclk
    MMCME2_ADV_X0Y0      MMCME2_ADV (Prop_mmcme2_adv_CLKIN1_CLKOUT2)
                                                      0.077     2.757 r  XDMA/inst/xdma_v41_m1_pcie2_to_pcie3_wrapper_i/pcie2_ip_i/inst/inst/gt_top_i/pipe_wrapper_i/pipe_clock_int.pipe_clock_i/mmcm_i/CLKOUT2
                         net (fo=1, routed)           1.425     4.182    XDMA/inst/xdma_v41_m1_pcie2_to_pcie3_wrapper_i/pcie2_ip_i/inst/inst/gt_top_i/pipe_wrapper_i/pipe_clock_int.pipe_clock_i/userclk1
    BUFGCTRL_X0Y0        BUFG (Prop_bufg_I_O)         0.081     4.263 r  XDMA/inst/xdma_v41_m1_pcie2_to_pcie3_wrapper_i/pcie2_ip_i/inst/inst/gt_top_i/pipe_wrapper_i/pipe_clock_int.pipe_clock_i/userclk1_i1.usrclk1_i1/O
                         net (fo=15975, routed)       1.357     5.620    CAPTURE_SUBSYSTEM/MAILBOX/CLK
    SLICE_X38Y31         FDRE                                         r  CAPTURE_SUBSYSTEM/MAILBOX/status_bus_pcie_reg[21]/C
                         clock pessimism              0.000     5.620    
    SLICE_X38Y31         FDRE (Hold_fdre_C_D)         0.204     5.824    CAPTURE_SUBSYSTEM/MAILBOX/status_bus_pcie_reg[21]
  -------------------------------------------------------------------
                         data arrival                           4.858    
                         clock arrival                          5.824    
  -------------------------------------------------------------------
                         relative delay                        -0.966    



Id: 3
set_bus_skew -from [get_cells -quiet -hier -regexp {.*(active_sav_gray_nvp_reg|slot_commit_gray_nvp_reg|vclk_edge_gray_nvp_reg)\[[0-9]+\]}] -to [get_pins -quiet -of_objects [get_cells -quiet -hier -regexp {.*(active_sav_gray_sync1_pcie_reg|slot_commit_gray_sync1_pcie_reg|vclk_edge_gray_sync1_user_reg)\[[0-9]+\]}] -filter {REF_PIN_NAME == D}] 3.000
Requirement: 3.000ns
Endpoints: 96

From Clock            To Clock              Endpoint Pin                    Reference Pin                   Corner  Actual(ns)  Slack(ns)
--------------------  --------------------  ------------------------------  ------------------------------  ------  ----------  ---------
nvp_vclk1             userclk1              CAPTURE_SUBSYSTEM/active_sav_gray_sync1_pcie_reg[26]/D
                                                                            CAPTURE_SUBSYSTEM/slot_commit_gray_sync1_pcie_reg[13]/D
                                                                                                            Slow         1.079      1.921


Slack (MET) :             1.921ns  (requirement - actual skew)
  Endpoint Source:        CAPTURE_SUBSYSTEM/active_sav_gray_nvp_reg[26]/C
                            (rising edge-triggered cell FDRE clocked by nvp_vclk1)
  Endpoint Destination:   CAPTURE_SUBSYSTEM/active_sav_gray_sync1_pcie_reg[26]/D
                            (rising edge-triggered cell FDRE clocked by userclk1)
  Reference Source:       CAPTURE_SUBSYSTEM/slot_commit_gray_nvp_reg[13]/C
                            (rising edge-triggered cell FDRE clocked by nvp_vclk1)
  Reference Destination:  CAPTURE_SUBSYSTEM/slot_commit_gray_sync1_pcie_reg[13]/D
                            (rising edge-triggered cell FDRE clocked by userclk1)
  Path Type:              Bus Skew (Max at Slow Process Corner)
  Requirement:            3.000ns
  Endpoint Relative Delay:    0.536ns
  Reference Relative Delay:  -0.945ns
  Relative CRPR:              0.402ns
  Actual Bus Skew:            1.079ns  (Endpoint Relative Delay - Reference Relative Delay - Relative CRPR)

Endpoint path:
    Location             Delay type                Incr(ns)  Path(ns)    Netlist Resource(s)
  -------------------------------------------------------------------    -------------------
                         (clock nvp_vclk1 rise edge)
                                                      0.000     0.000 r  
    E13                                               0.000     0.000 r  vclk1 (IN)
                         net (fo=0)                   0.000     0.000    NVP_PHYSICAL_FRONTEND/vclk1
    E13                  IBUF (Prop_ibuf_I_O)         1.461     1.461 r  NVP_PHYSICAL_FRONTEND/u_vclk1_ibuf/O
                         net (fo=3, routed)           1.693     3.154    NVP_PHYSICAL_FRONTEND/vclk1_ibuf
    BUFGCTRL_X0Y17       BUFG (Prop_bufg_I_O)         0.081     3.235 r  NVP_PHYSICAL_FRONTEND/u_vclk1_bufg/O
                         net (fo=1729, routed)        1.353     4.588    CAPTURE_SUBSYSTEM/nvp_clk
    SLICE_X46Y50         FDRE                                         r  CAPTURE_SUBSYSTEM/active_sav_gray_nvp_reg[26]/C
  -------------------------------------------------------------------    -------------------
    SLICE_X46Y50         FDRE (Prop_fdre_C_Q)         0.398     4.986 r  CAPTURE_SUBSYSTEM/active_sav_gray_nvp_reg[26]/Q
                         net (fo=1, routed)           0.617     5.603    CAPTURE_SUBSYSTEM/active_sav_gray_nvp[26]
    SLICE_X47Y52         FDRE                                         r  CAPTURE_SUBSYSTEM/active_sav_gray_sync1_pcie_reg[26]/D
  -------------------------------------------------------------------    -------------------

                         (clock userclk1 rise edge)
                                                      0.000     0.000 r  
    GTPE2_CHANNEL_X0Y3   GTPE2_CHANNEL                0.000     0.000 r  XDMA/inst/xdma_v41_m1_pcie2_to_pcie3_wrapper_i/pcie2_ip_i/inst/inst/gt_top_i/pipe_wrapper_i/pipe_lane[0].gt_wrapper_i/gtp_channel.gtpe2_channel_i/TXOUTCLK
                         net (fo=1, routed)           1.150     1.150    XDMA/inst/xdma_v41_m1_pcie2_to_pcie3_wrapper_i/pcie2_ip_i/inst/inst/gt_top_i/pipe_wrapper_i/pipe_clock_int.pipe_clock_i/txoutclk_i.txoutclk_i_0
    BUFGCTRL_X0Y20       BUFG (Prop_bufg_I_O)         0.077     1.227 r  XDMA/inst/xdma_v41_m1_pcie2_to_pcie3_wrapper_i/pcie2_ip_i/inst/inst/gt_top_i/pipe_wrapper_i/pipe_clock_int.pipe_clock_i/txoutclk_i.txoutclk_i/O
                         net (fo=1, routed)           1.286     2.513    XDMA/inst/xdma_v41_m1_pcie2_to_pcie3_wrapper_i/pcie2_ip_i/inst/inst/gt_top_i/pipe_wrapper_i/pipe_clock_int.pipe_clock_i/refclk
    MMCME2_ADV_X0Y0      MMCME2_ADV (Prop_mmcme2_adv_CLKIN1_CLKOUT2)
                                                      0.073     2.586 r  XDMA/inst/xdma_v41_m1_pcie2_to_pcie3_wrapper_i/pcie2_ip_i/inst/inst/gt_top_i/pipe_wrapper_i/pipe_clock_int.pipe_clock_i/mmcm_i/CLKOUT2
                         net (fo=1, routed)           1.357     3.944    XDMA/inst/xdma_v41_m1_pcie2_to_pcie3_wrapper_i/pcie2_ip_i/inst/inst/gt_top_i/pipe_wrapper_i/pipe_clock_int.pipe_clock_i/userclk1
    BUFGCTRL_X0Y0        BUFG (Prop_bufg_I_O)         0.077     4.021 r  XDMA/inst/xdma_v41_m1_pcie2_to_pcie3_wrapper_i/pcie2_ip_i/inst/inst/gt_top_i/pipe_wrapper_i/pipe_clock_int.pipe_clock_i/userclk1_i1.usrclk1_i1/O
                         net (fo=15975, routed)       1.246     5.267    CAPTURE_SUBSYSTEM/CLK
    SLICE_X47Y52         FDRE                                         r  CAPTURE_SUBSYSTEM/active_sav_gray_sync1_pcie_reg[26]/C
                         clock pessimism              0.000     5.267    
    SLICE_X47Y52         FDRE (Setup_fdre_C_D)       -0.200     5.067    CAPTURE_SUBSYSTEM/active_sav_gray_sync1_pcie_reg[26]
  -------------------------------------------------------------------
                         data arrival                           5.603    
                         clock arrival                          5.067    
  -------------------------------------------------------------------
                         relative delay                         0.536    

Reference path:
    Location             Delay type                Incr(ns)  Path(ns)    Netlist Resource(s)
  -------------------------------------------------------------------    -------------------
                         (clock nvp_vclk1 rise edge)
                                                      0.000     0.000 r  
    E13                                               0.000     0.000 r  vclk1 (IN)
                         net (fo=0)                   0.000     0.000    NVP_PHYSICAL_FRONTEND/vclk1
    E13                  IBUF (Prop_ibuf_I_O)         1.394     1.394 r  NVP_PHYSICAL_FRONTEND/u_vclk1_ibuf/O
                         net (fo=3, routed)           1.604     2.998    NVP_PHYSICAL_FRONTEND/vclk1_ibuf
    BUFGCTRL_X0Y17       BUFG (Prop_bufg_I_O)         0.077     3.075 r  NVP_PHYSICAL_FRONTEND/u_vclk1_bufg/O
                         net (fo=1729, routed)        1.265     4.340    CAPTURE_SUBSYSTEM/nvp_clk
    SLICE_X50Y46         FDRE                                         r  CAPTURE_SUBSYSTEM/slot_commit_gray_nvp_reg[13]/C
  -------------------------------------------------------------------    -------------------
    SLICE_X50Y46         FDRE (Prop_fdre_C_Q)         0.347     4.687 r  CAPTURE_SUBSYSTEM/slot_commit_gray_nvp_reg[13]/Q
                         net (fo=1, routed)           0.194     4.881    CAPTURE_SUBSYSTEM/slot_commit_gray_nvp[13]
    SLICE_X50Y45         FDRE                                         r  CAPTURE_SUBSYSTEM/slot_commit_gray_sync1_pcie_reg[13]/D
  -------------------------------------------------------------------    -------------------

                         (clock userclk1 rise edge)
                                                      0.000     0.000 r  
    GTPE2_CHANNEL_X0Y3   GTPE2_CHANNEL                0.000     0.000 r  XDMA/inst/xdma_v41_m1_pcie2_to_pcie3_wrapper_i/pcie2_ip_i/inst/inst/gt_top_i/pipe_wrapper_i/pipe_lane[0].gt_wrapper_i/gtp_channel.gtpe2_channel_i/TXOUTCLK
                         net (fo=1, routed)           1.209     1.209    XDMA/inst/xdma_v41_m1_pcie2_to_pcie3_wrapper_i/pcie2_ip_i/inst/inst/gt_top_i/pipe_wrapper_i/pipe_clock_int.pipe_clock_i/txoutclk_i.txoutclk_i_0
    BUFGCTRL_X0Y20       BUFG (Prop_bufg_I_O)         0.081     1.290 r  XDMA/inst/xdma_v41_m1_pcie2_to_pcie3_wrapper_i/pcie2_ip_i/inst/inst/gt_top_i/pipe_wrapper_i/pipe_clock_int.pipe_clock_i/txoutclk_i.txoutclk_i/O
                         net (fo=1, routed)           1.391     2.681    XDMA/inst/xdma_v41_m1_pcie2_to_pcie3_wrapper_i/pcie2_ip_i/inst/inst/gt_top_i/pipe_wrapper_i/pipe_clock_int.pipe_clock_i/refclk
    MMCME2_ADV_X0Y0      MMCME2_ADV (Prop_mmcme2_adv_CLKIN1_CLKOUT2)
                                                      0.077     2.757 r  XDMA/inst/xdma_v41_m1_pcie2_to_pcie3_wrapper_i/pcie2_ip_i/inst/inst/gt_top_i/pipe_wrapper_i/pipe_clock_int.pipe_clock_i/mmcm_i/CLKOUT2
                         net (fo=1, routed)           1.425     4.182    XDMA/inst/xdma_v41_m1_pcie2_to_pcie3_wrapper_i/pcie2_ip_i/inst/inst/gt_top_i/pipe_wrapper_i/pipe_clock_int.pipe_clock_i/userclk1
    BUFGCTRL_X0Y0        BUFG (Prop_bufg_I_O)         0.081     4.263 r  XDMA/inst/xdma_v41_m1_pcie2_to_pcie3_wrapper_i/pcie2_ip_i/inst/inst/gt_top_i/pipe_wrapper_i/pipe_clock_int.pipe_clock_i/userclk1_i1.usrclk1_i1/O
                         net (fo=15975, routed)       1.374     5.637    CAPTURE_SUBSYSTEM/CLK
    SLICE_X50Y45         FDRE                                         r  CAPTURE_SUBSYSTEM/slot_commit_gray_sync1_pcie_reg[13]/C
                         clock pessimism              0.000     5.637    
    SLICE_X50Y45         FDRE (Hold_fdre_C_D)         0.189     5.826    CAPTURE_SUBSYSTEM/slot_commit_gray_sync1_pcie_reg[13]
  -------------------------------------------------------------------
                         data arrival                           4.881    
                         clock arrival                          5.826    
  -------------------------------------------------------------------
                         relative delay                        -0.945    



