#-----------------------------------------------------------
# Vivado v2025.2 (64-bit)
# SW Build 6299465 on Fri Nov 14 19:35:11 GMT 2025
# IP Build 6300035 on Fri Nov 14 10:48:45 MST 2025
# SharedData Build 6298862 on Thu Nov 13 04:50:51 MST 2025
# Start of session at: Sun Aug 23 13:55:41 2026
# Process ID         : 372
# Current directory  : C:/FPGA/V41_NVP_R1E_SEMANTIC_DRC_CONTINUATION_R3
# Command line       : vivado.exe -mode batch -notrace -journal C:\FPGA\V41_NVP_R1E_SEMANTIC_DRC_CONTINUATION_R3\03_READ_ONLY_PREFLIGHT\vivado_preflight.jou -log C:\FPGA\V41_NVP_R1E_SEMANTIC_DRC_CONTINUATION_R3\03_READ_ONLY_PREFLIGHT\vivado_preflight.log -source C:\FPGA\V41_NVP_R1E_SEMANTIC_DRC_CONTINUATION_R3\scripts\r3_read_only_preflight.tcl -tclargs C:\FPGA\V41_NVP_R1E_SEMANTIC_DRC_CONTINUATION_R3\scripts\semantic_reqp_1839_gate.tcl C:\FPGA\V41_NVP_R1E_SEMANTIC_DRC_CONTINUATION_R3\scripts\r1e_dcp_common_r3.tcl C:\FPGA\V41_NVP_R1E_EXTENDED_OBSERVABILITY_R1\07_BUILD\reports\PHASE3_routed.dcp C:\FPGA\V41_NVP_R1E_SEMANTIC_DRC_CONTINUATION_R3\03_READ_ONLY_PREFLIGHT
# Log file           : C:/FPGA/V41_NVP_R1E_SEMANTIC_DRC_CONTINUATION_R3/03_READ_ONLY_PREFLIGHT/vivado_preflight.log
# Journal file       : C:\FPGA\V41_NVP_R1E_SEMANTIC_DRC_CONTINUATION_R3\03_READ_ONLY_PREFLIGHT\vivado_preflight.jou
# Running On         : NBLSUDUL
# Platform           : Windows Server 2016 or Windows 10
# Operating System   : 19045
# Processor Detail   : Intel(R) Core(TM) i7-7500U CPU @ 2.70GHz
# CPU Frequency      : 2904 MHz
# CPU Physical cores : 2
# CPU Logical cores  : 4
# Host memory        : 17028 MB
# Swap memory        : 4338 MB
# Total Virtual      : 21367 MB
# Available Virtual  : 6581 MB
#-----------------------------------------------------------
WARNING: [Runs 36-547] User Strategy 'Vivado Implementation Defaults' from file 'C:\Users\£ukasz Sudu³\AppData\Roaming/Xilinx/Vivado/2025.2/strategies/Vivado Implementation Defaults.Vivado Implementation 2025.psg' discarded because strategy with same name already parsed from 'C:/AMDDesignTools/2025.2/Vivado/strategies/VDI2025.psg'
source {C:\FPGA\V41_NVP_R1E_SEMANTIC_DRC_CONTINUATION_R3\scripts\r3_read_only_preflight.tcl} -notrace
Command: open_checkpoint C:/FPGA/V41_NVP_R1E_EXTENDED_OBSERVABILITY_R1/07_BUILD/reports/PHASE3_routed.dcp

Starting open_checkpoint Task

Time (s): cpu = 00:00:00 ; elapsed = 00:00:00.127 . Memory (MB): peak = 327.164 ; gain = 0.000
INFO: [Device 21-403] Loading part xc7a35tcsg325-2
Netlist sorting complete. Time (s): cpu = 00:00:02 ; elapsed = 00:00:02 . Memory (MB): peak = 793.613 ; gain = 0.000
INFO: [Netlist 29-17] Analyzing 1481 Unisim elements for replacement
INFO: [Netlist 29-28] Unisim Transformation completed in 1 CPU seconds
INFO: [Project 1-479] Netlist was created with Vivado 2025.2
INFO: [Project 1-570] Preparing netlist for logic optimization
Read ShapeDB Complete: Time (s): cpu = 00:00:00 ; elapsed = 00:00:00.462 . Memory (MB): peak = 929.895 ; gain = 8.973
INFO: [Timing 38-478] Restoring timing data from binary archive.
INFO: [Timing 38-479] Binary timing data restore complete.
INFO: [Project 1-856] Restoring constraints from binary archive.
INFO: [Project 1-853] Binary constraint restore complete.
INFO: [Designutils 20-5722] Start Reading Physical Databases.
Reading placement.
Read Netlist Cache: Time (s): cpu = 00:00:00 ; elapsed = 00:00:00.079 . Memory (MB): peak = 1549.984 ; gain = 0.000
Reading placer database...
Read Device Cache: Time (s): cpu = 00:00:00 ; elapsed = 00:00:00.022 . Memory (MB): peak = 1549.984 ; gain = 0.000
Read PlaceDB: Time (s): cpu = 00:00:00 ; elapsed = 00:00:00 . Memory (MB): peak = 1549.984 ; gain = 0.000
Read placeStorage: Time (s): cpu = 00:00:02 ; elapsed = 00:00:02 . Memory (MB): peak = 1551.051 ; gain = 1.066
Read PulsedLatchDB: Time (s): cpu = 00:00:00 ; elapsed = 00:00:00 . Memory (MB): peak = 1551.051 ; gain = 0.000
Reading routing.
Read RouteStorage: Time (s): cpu = 00:00:01 ; elapsed = 00:00:00.558 . Memory (MB): peak = 1568.539 ; gain = 17.488
Read Physdb Files: Time (s): cpu = 00:00:03 ; elapsed = 00:00:02 . Memory (MB): peak = 1568.539 ; gain = 18.555
Restored from archive | CPU: 3.000000 secs | Memory: 0.000000 MB |
Finished XDEF File Restore: Time (s): cpu = 00:00:03 ; elapsed = 00:00:03 . Memory (MB): peak = 1568.539 ; gain = 18.555
Netlist sorting complete. Time (s): cpu = 00:00:00 ; elapsed = 00:00:00.030 . Memory (MB): peak = 1591.746 ; gain = 0.000
INFO: [Project 1-111] Unisim Transformation Summary:
  A total of 288 instances were transformed.
  IOBUF => IOBUF (IBUF, OBUFT): 2 instances
  RAM16X1D => RAM32X1D (RAMD32(x2)): 10 instances
  RAM32M => RAM32M (RAMD32(x6), RAMS32(x2)): 250 instances
  RAM32X1D => RAM32X1D (RAMD32(x2)): 18 instances
  RAM64X1S => RAM64X1S (RAMS64E): 8 instances

INFO: [Project 1-604] Checkpoint was created with Vivado v2025.2 (64-bit) build 6299465
open_checkpoint: Time (s): cpu = 00:01:05 ; elapsed = 00:01:36 . Memory (MB): peak = 1597.387 ; gain = 1278.746
CHECKPOINT_CURRENT_DESIGN_NAME=checkpoint_PHASE3_routed
RTL_TOP_FROM_BUILD_MANIFEST=ahd_capture_top_xdma
DESIGN_NAME_EQUALITY_REQUIRED=NO
INFO: [Timing 38-91] UpdateTimingParams: Speed grade: -2, Delay Type: min_max.
INFO: [Timing 38-191] Multithreading enabled for timing update using a maximum of 2 CPUs
WARNING: [Timing 38-436] There are set_bus_skew constraint(s) in this design. Please run report_bus_skew to ensure that bus skew requirements are met.
report_timing_summary: Time (s): cpu = 00:00:53 ; elapsed = 00:00:33 . Memory (MB): peak = 1709.242 ; gain = 55.152
Command: report_drc -file C:/FPGA/V41_NVP_R1E_SEMANTIC_DRC_CONTINUATION_R3/03_READ_ONLY_PREFLIGHT/PHASE3_drc.rpt
INFO: [IP_Flow 19-234] Refreshing IP repositories
INFO: [IP_Flow 19-1704] No user IP repositories specified
INFO: [IP_Flow 19-2313] Loaded Vivado IP repository 'C:/AMDDesignTools/2025.2/Vivado/data/ip'.
INFO: [DRC 23-27] Running DRC with 2 threads
INFO: [Vivado_Tcl 2-168] The results of DRC are in file C:/FPGA/V41_NVP_R1E_SEMANTIC_DRC_CONTINUATION_R3/03_READ_ONLY_PREFLIGHT/PHASE3_drc.rpt.
report_drc completed successfully
report_drc: Time (s): cpu = 00:00:20 ; elapsed = 00:00:16 . Memory (MB): peak = 1770.305 ; gain = 61.062
INFO: [Timing 38-91] UpdateTimingParams: Speed grade: -2, Delay Type: min_max.
INFO: [Timing 38-191] Multithreading enabled for timing update using a maximum of 2 CPUs
INFO: [Timing 38-35] Done setting XDC timing constraints.
report_exceptions: Time (s): cpu = 00:00:10 ; elapsed = 00:00:06 . Memory (MB): peak = 1770.305 ; gain = 0.000
INFO: [Timing 38-35] Done setting XDC timing constraints.
INFO: [Timing 38-91] UpdateTimingParams: Speed grade: -2, Delay Type: min_max.
INFO: [Timing 38-191] Multithreading enabled for timing update using a maximum of 2 CPUs
report_bus_skew: Time (s): cpu = 00:00:14 ; elapsed = 00:00:12 . Memory (MB): peak = 1770.305 ; gain = 0.000
INFO: [Timing 38-91] UpdateTimingParams: Speed grade: -2, Delay Type: max.
INFO: [Timing 38-191] Multithreading enabled for timing update using a maximum of 2 CPUs
WARNING: [Timing 38-164] This design has multiple clocks. Inter clock paths are considered valid unless explicitly excluded by timing constraints such as set_clock_groups or set_false_path.
INFO: [Timing 38-91] UpdateTimingParams: Speed grade: -2, Delay Type: min_max.
INFO: [Timing 38-191] Multithreading enabled for timing update using a maximum of 2 CPUs
INFO: [Timing 38-314] The report_cdc command only analyzes and reports clock domain crossing paths where clocks have been defined on both source and destination sides. Ports with no input delay constraint are skipped. Please run check_timing to verify there are no missing clock definitions in your design, nor any unconstrained input port.
Command: report_methodology -file C:/FPGA/V41_NVP_R1E_SEMANTIC_DRC_CONTINUATION_R3/03_READ_ONLY_PREFLIGHT/PHASE3_methodology.rpt
INFO: [Timing 38-35] Done setting XDC timing constraints.
INFO: [DRC 23-133] Running Methodology with 2 threads
INFO: [Vivado_Tcl 2-1520] The results of Report Methodology are in file C:/FPGA/V41_NVP_R1E_SEMANTIC_DRC_CONTINUATION_R3/03_READ_ONLY_PREFLIGHT/PHASE3_methodology.rpt.
report_methodology completed successfully
report_methodology: Time (s): cpu = 00:00:37 ; elapsed = 00:00:21 . Memory (MB): peak = 1775.383 ; gain = 5.078
Command: report_power -file C:/FPGA/V41_NVP_R1E_SEMANTIC_DRC_CONTINUATION_R3/03_READ_ONLY_PREFLIGHT/PHASE3_power.rpt
INFO: [Timing 38-35] Done setting XDC timing constraints.
Running Vector-less Activity Propagation...

Finished Running Vector-less Activity Propagation
WARNING: [Power 33-332] Found switching activity that implies high-fanout reset nets being asserted for excessive periods of time which may result in inaccurate power analysis.
Resolution: To review and fix problems, please run Power Constraints Advisor in the GUI from Tools > Power Constraints Advisor or run report_power with the -advisory option to generate a text report.
4 Infos, 1 Warnings, 0 Critical Warnings and 0 Errors encountered.
report_power completed successfully
report_power: Time (s): cpu = 00:00:28 ; elapsed = 00:00:19 . Memory (MB): peak = 1808.410 ; gain = 33.027
report_io: Time (s): cpu = 00:00:00 ; elapsed = 00:00:00.181 . Memory (MB): peak = 1808.410 ; gain = 0.000
INFO: [Timing 38-91] UpdateTimingParams: Speed grade: -2, Delay Type: max.
INFO: [Timing 38-191] Multithreading enabled for timing update using a maximum of 2 CPUs
INFO: [Timing 38-78] ReportTimingParams: -to_pins  -max_paths 32 -nworst 16 -delay_type max -sort_by slack.
INFO: [Timing 38-91] UpdateTimingParams: Speed grade: -2, Delay Type: max.
INFO: [Timing 38-191] Multithreading enabled for timing update using a maximum of 2 CPUs
INFO: [Timing 38-78] ReportTimingParams: -from_pins  -max_paths 32 -nworst 16 -delay_type max -sort_by slack.
INFO: [Timing 38-91] UpdateTimingParams: Speed grade: -2, Delay Type: max.
INFO: [Timing 38-191] Multithreading enabled for timing update using a maximum of 2 CPUs
INFO: [Timing 38-78] ReportTimingParams: -from_pins  -max_paths 32 -nworst 4 -delay_type max -sort_by slack.
INFO: [Timing 38-91] UpdateTimingParams: Speed grade: -2, Delay Type: min.
INFO: [Timing 38-191] Multithreading enabled for timing update using a maximum of 2 CPUs
INFO: [Timing 38-78] ReportTimingParams: -from_pins  -max_paths 32 -nworst 4 -delay_type min -sort_by slack.
Command: report_drc -name R3_REQP_1839_SEMANTIC -checks REQP-1839 -file C:/FPGA/V41_NVP_R1E_SEMANTIC_DRC_CONTINUATION_R3/03_READ_ONLY_PREFLIGHT/SEMANTIC_REQP_1839/REQP_1839_semantic_report.rpt
WARNING: [Vivado_Tcl 2-1291] -name option used when not in GUI mode. A DRC tab will not be created, but the results will be stored for use with 'get_drc_violations -name R3_REQP_1839_SEMANTIC'
INFO: [DRC 23-27] Running DRC with 2 threads
INFO: [Vivado_Tcl 2-168] The results of DRC are in file C:/FPGA/V41_NVP_R1E_SEMANTIC_DRC_CONTINUATION_R3/03_READ_ONLY_PREFLIGHT/SEMANTIC_REQP_1839/REQP_1839_semantic_report.rpt.
report_drc completed successfully
REQP_1839_CHECK_OBJECT_COUNT=1
REQP_1839_SEMANTIC_VIOLATION_COUNT=4
REQP_1839_RAW_TEXT_OCCURRENCES=7
RAW_TEXT_OCCURRENCES_USED_AS_GATE=NO
READ_ONLY_DCP_PREFLIGHT=PASS
INFO: [Common 17-206] Exiting Vivado at Sun Aug 23 13:59:44 2026...
