UTC_START=2026-08-22T12:12:57.4106482Z
UTC_END=2026-08-22T12:12:59.8273268Z
EVIDENCE_KIND=TELEMETRY
RESULT=PASS
EXIT_CODE=0
ARGUMENT_TOKEN_AUDIT=PASS
PLINK_PW_OPTION_USED=NO
PLINK_PWFILE_OPTION_USED=YES
USERNAME_ROLE_OCCURRENCE=YES_AUTHORIZED
PASSWORD_ROLE_ARGUMENT_OCCURRENCE=NO
REMOTE_COMMAND_SHARED_LITERAL=NO
INHERITED_ENVIRONMENT_AUDIT=PASS
PWFILE_CREATED=YES
PWFILE_DELETED=YES
STDOUT_BEGIN
READER_PATH=/home/vcdeagent1/FPGA_AHD_HOST/phase2_precheck_accepted/xdma_axil_read
READER_SHA256=808aa85670ccebd288de6ea7ee05bef303272a6e555273e763d75dc45b68351e
BOOT_ID_BEFORE=a2b8dff1-e296-4b32-a230-fe6d8a2caa49
RAW_BEGIN=IDENTITY_BLOCK_ID
XDMA_USER_NODE=/dev/xdma0_user
AXI_LITE_OFFSET=0x00000000
AXI_LITE_OBSERVED=0xA40A0C07
AXI_LITE_EXPECTED=0xA40A0C07
AXI_LITE_READ_RESULT=PASS
RAW_END=IDENTITY_BLOCK_ID
IDENTITY_FIELD=BLOCK_ID OFFSET=0x00000000 VALUE=0xA40A0C07 EXPECTED=0xA40A0C07 READER_RC=0
RAW_BEGIN=IDENTITY_PROTOCOL
XDMA_USER_NODE=/dev/xdma0_user
AXI_LITE_OFFSET=0x00000004
AXI_LITE_OBSERVED=0x0000400B
AXI_LITE_EXPECTED=0x0000400B
AXI_LITE_READ_RESULT=PASS
RAW_END=IDENTITY_PROTOCOL
IDENTITY_FIELD=PROTOCOL OFFSET=0x00000004 VALUE=0x0000400B EXPECTED=0x0000400B READER_RC=0
RAW_BEGIN=IDENTITY_CAPABILITIES
XDMA_USER_NODE=/dev/xdma0_user
AXI_LITE_OFFSET=0x00000008
AXI_LITE_OBSERVED=0x00031002
AXI_LITE_EXPECTED=0x00031002
AXI_LITE_READ_RESULT=PASS
RAW_END=IDENTITY_CAPABILITIES
IDENTITY_FIELD=CAPABILITIES OFFSET=0x00000008 VALUE=0x00031002 EXPECTED=0x00031002 READER_RC=0
RAW_BEGIN=IDENTITY_DIAGNOSTIC_MAGIC
XDMA_USER_NODE=/dev/xdma0_user
AXI_LITE_OFFSET=0x00002000
AXI_LITE_OBSERVED=0x00000000
AXI_LITE_EXPECTED=0x00000000
AXI_LITE_READ_RESULT=PASS
RAW_END=IDENTITY_DIAGNOSTIC_MAGIC
IDENTITY_FIELD=DIAGNOSTIC_MAGIC OFFSET=0x00002000 VALUE=0x00000000 EXPECTED=0x00000000 READER_RC=0
RAW_BEGIN=PROVENANCE_GIT_SHA_W0
XDMA_USER_NODE=/dev/xdma0_user
AXI_LITE_OFFSET=0x00000010
AXI_LITE_OBSERVED=0x00000000
AXI_LITE_EXPECTED=0x00000000
AXI_LITE_READ_RESULT=PASS
RAW_END=PROVENANCE_GIT_SHA_W0
PROVENANCE_FIELD=GIT_SHA_W0 OFFSET=0x00000010 VALUE=0x00000000 READER_RC=0
RAW_BEGIN=PROVENANCE_GIT_SHA_W1
XDMA_USER_NODE=/dev/xdma0_user
AXI_LITE_OFFSET=0x00000014
AXI_LITE_OBSERVED=0x00000000
AXI_LITE_EXPECTED=0x00000000
AXI_LITE_READ_RESULT=PASS
RAW_END=PROVENANCE_GIT_SHA_W1
PROVENANCE_FIELD=GIT_SHA_W1 OFFSET=0x00000014 VALUE=0x00000000 READER_RC=0
RAW_BEGIN=PROVENANCE_GIT_SHA_W2
XDMA_USER_NODE=/dev/xdma0_user
AXI_LITE_OFFSET=0x00000018
AXI_LITE_OBSERVED=0x00000000
AXI_LITE_EXPECTED=0x00000000
AXI_LITE_READ_RESULT=PASS
RAW_END=PROVENANCE_GIT_SHA_W2
PROVENANCE_FIELD=GIT_SHA_W2 OFFSET=0x00000018 VALUE=0x00000000 READER_RC=0
RAW_BEGIN=PROVENANCE_GIT_SHA_W3
XDMA_USER_NODE=/dev/xdma0_user
AXI_LITE_OFFSET=0x0000001C
AXI_LITE_OBSERVED=0x00000000
AXI_LITE_EXPECTED=0x00000000
AXI_LITE_READ_RESULT=PASS
RAW_END=PROVENANCE_GIT_SHA_W3
PROVENANCE_FIELD=GIT_SHA_W3 OFFSET=0x0000001C VALUE=0x00000000 READER_RC=0
RAW_BEGIN=PROVENANCE_GIT_SHA_W4
XDMA_USER_NODE=/dev/xdma0_user
AXI_LITE_OFFSET=0x00000020
AXI_LITE_OBSERVED=0x00000000
AXI_LITE_EXPECTED=0x00000000
AXI_LITE_READ_RESULT=PASS
RAW_END=PROVENANCE_GIT_SHA_W4
PROVENANCE_FIELD=GIT_SHA_W4 OFFSET=0x00000020 VALUE=0x00000000 READER_RC=0
RAW_BEGIN=PROVENANCE_BUILD_FLAGS
XDMA_USER_NODE=/dev/xdma0_user
AXI_LITE_OFFSET=0x0000002C
AXI_LITE_OBSERVED=0x00000000
AXI_LITE_EXPECTED=0x00000000
AXI_LITE_READ_RESULT=PASS
RAW_END=PROVENANCE_BUILD_FLAGS
PROVENANCE_FIELD=BUILD_FLAGS OFFSET=0x0000002C VALUE=0x00000000 READER_RC=0
SNAPSHOT_BEGIN=T0 UTC=2026-08-22T12:12:59.316545865Z
RAW_BEGIN=T0_FRAME
XDMA_USER_NODE=/dev/xdma0_user
AXI_LITE_OFFSET=0x00000060
AXI_LITE_OBSERVED=0x00000000
AXI_LITE_EXPECTED=0x00000000
AXI_LITE_READ_RESULT=PASS
RAW_END=T0_FRAME
SNAPSHOT=T0 FIELD=FRAME OFFSET=0x00000060 VALUE=0x00000000 READER_RC=0 READ_START_NS=1787400779319319746 READ_END_NS=1787400779325072557
RAW_BEGIN=T0_VCLK
XDMA_USER_NODE=/dev/xdma0_user
AXI_LITE_OFFSET=0x00000080
AXI_LITE_OBSERVED=0x2455E6C8
AXI_LITE_EXPECTED=0x00000000
AXI_LITE_READ_RESULT=FAIL
RAW_END=T0_VCLK
SNAPSHOT=T0 FIELD=VCLK OFFSET=0x00000080 VALUE=0x2455E6C8 READER_RC=3 READ_START_NS=1787400779327869081 READ_END_NS=1787400779332493579
RAW_BEGIN=T0_SAV
XDMA_USER_NODE=/dev/xdma0_user
AXI_LITE_OFFSET=0x00000084
AXI_LITE_OBSERVED=0x00000000
AXI_LITE_EXPECTED=0x00000000
AXI_LITE_READ_RESULT=PASS
RAW_END=T0_SAV
SNAPSHOT=T0 FIELD=SAV OFFSET=0x00000084 VALUE=0x00000000 READER_RC=0 READ_START_NS=1787400779335369338 READ_END_NS=1787400779340057684
RAW_BEGIN=T0_RECORD_COMMIT
XDMA_USER_NODE=/dev/xdma0_user
AXI_LITE_OFFSET=0x00000088
AXI_LITE_OBSERVED=0x00000000
AXI_LITE_EXPECTED=0x00000000
AXI_LITE_READ_RESULT=PASS
RAW_END=T0_RECORD_COMMIT
SNAPSHOT=T0 FIELD=RECORD_COMMIT OFFSET=0x00000088 VALUE=0x00000000 READER_RC=0 READ_START_NS=1787400779342994857 READ_END_NS=1787400779348291366
RAW_BEGIN=T0_STATUS
XDMA_USER_NODE=/dev/xdma0_user
AXI_LITE_OFFSET=0x0000008C
AXI_LITE_OBSERVED=0x000000FB
AXI_LITE_EXPECTED=0x00000000
AXI_LITE_READ_RESULT=FAIL
RAW_END=T0_STATUS
SNAPSHOT=T0 FIELD=STATUS OFFSET=0x0000008C VALUE=0x000000FB READER_RC=3 READ_START_NS=1787400779351792760 READ_END_NS=1787400779356989876
RAW_BEGIN=T0_NACK
XDMA_USER_NODE=/dev/xdma0_user
AXI_LITE_OFFSET=0x00000090
AXI_LITE_OBSERVED=0x0000000F
AXI_LITE_EXPECTED=0x00000000
AXI_LITE_READ_RESULT=FAIL
RAW_END=T0_NACK
SNAPSHOT=T0 FIELD=NACK OFFSET=0x00000090 VALUE=0x0000000F READER_RC=3 READ_START_NS=1787400779359877557 READ_END_NS=1787400779365179175
RAW_BEGIN=T0_TIMEOUT
XDMA_USER_NODE=/dev/xdma0_user
AXI_LITE_OFFSET=0x00000094
AXI_LITE_OBSERVED=0x00000000
AXI_LITE_EXPECTED=0x00000000
AXI_LITE_READ_RESULT=PASS
RAW_END=T0_TIMEOUT
SNAPSHOT=T0 FIELD=TIMEOUT OFFSET=0x00000094 VALUE=0x00000000 READER_RC=0 READ_START_NS=1787400779368737886 READ_END_NS=1787400779374075060
RAW_BEGIN=T0_SUMMARY
XDMA_USER_NODE=/dev/xdma0_user
AXI_LITE_OFFSET=0x00000098
AXI_LITE_OBSERVED=0x00D608F9
AXI_LITE_EXPECTED=0x00000000
AXI_LITE_READ_RESULT=FAIL
RAW_END=T0_SUMMARY
SNAPSHOT=T0 FIELD=SUMMARY OFFSET=0x00000098 VALUE=0x00D608F9 READER_RC=3 READ_START_NS=1787400779376989921 READ_END_NS=1787400779382149567
RAW_BEGIN=T0_FIRST_ERROR
XDMA_USER_NODE=/dev/xdma0_user
AXI_LITE_OFFSET=0x0000009C
AXI_LITE_OBSERVED=0x80010200
AXI_LITE_EXPECTED=0x00000000
AXI_LITE_READ_RESULT=FAIL
RAW_END=T0_FIRST_ERROR
SNAPSHOT=T0 FIELD=FIRST_ERROR OFFSET=0x0000009C VALUE=0x80010200 READER_RC=3 READ_START_NS=1787400779385183128 READ_END_NS=1787400779391316642
RAW_BEGIN=T0_DETAIL0
XDMA_USER_NODE=/dev/xdma0_user
AXI_LITE_OFFSET=0x000000A0
AXI_LITE_OBSERVED=0x00D6F908
AXI_LITE_EXPECTED=0x00000000
AXI_LITE_READ_RESULT=FAIL
RAW_END=T0_DETAIL0
SNAPSHOT=T0 FIELD=DETAIL0 OFFSET=0x000000A0 VALUE=0x00D6F908 READER_RC=3 READ_START_NS=1787400779394511060 READ_END_NS=1787400779399313757
RAW_BEGIN=T0_DETAIL1
XDMA_USER_NODE=/dev/xdma0_user
AXI_LITE_OFFSET=0x000000A4
AXI_LITE_OBSERVED=0xFF0001FA
AXI_LITE_EXPECTED=0x00000000
AXI_LITE_READ_RESULT=FAIL
RAW_END=T0_DETAIL1
SNAPSHOT=T0 FIELD=DETAIL1 OFFSET=0x000000A4 VALUE=0xFF0001FA READER_RC=3 READ_START_NS=1787400779402322071 READ_END_NS=1787400779408756311
RAW_BEGIN=T0_DETAIL2
XDMA_USER_NODE=/dev/xdma0_user
AXI_LITE_OFFSET=0x000000A8
AXI_LITE_OBSERVED=0x01010000
AXI_LITE_EXPECTED=0x00000000
AXI_LITE_READ_RESULT=FAIL
RAW_END=T0_DETAIL2
SNAPSHOT=T0 FIELD=DETAIL2 OFFSET=0x000000A8 VALUE=0x01010000 READER_RC=3 READ_START_NS=1787400779411668267 READ_END_NS=1787400779417048871
RAW_BEGIN=T0_DETAIL3
XDMA_USER_NODE=/dev/xdma0_user
AXI_LITE_OFFSET=0x000000AC
AXI_LITE_OBSERVED=0x66CA0102
AXI_LITE_EXPECTED=0x00000000
AXI_LITE_READ_RESULT=FAIL
RAW_END=T0_DETAIL3
SNAPSHOT=T0 FIELD=DETAIL3 OFFSET=0x000000AC VALUE=0x66CA0102 READER_RC=3 READ_START_NS=1787400779420034163 READ_END_NS=1787400779425886999
RAW_BEGIN=T0_DETAIL4
XDMA_USER_NODE=/dev/xdma0_user
AXI_LITE_OFFSET=0x000000B0
AXI_LITE_OBSERVED=0x0000000F
AXI_LITE_EXPECTED=0x00000000
AXI_LITE_READ_RESULT=FAIL
RAW_END=T0_DETAIL4
SNAPSHOT=T0 FIELD=DETAIL4 OFFSET=0x000000B0 VALUE=0x0000000F READER_RC=3 READ_START_NS=1787400779429573575 READ_END_NS=1787400779435941913
RAW_BEGIN=T0_DETAIL5
XDMA_USER_NODE=/dev/xdma0_user
AXI_LITE_OFFSET=0x000000B4
AXI_LITE_OBSERVED=0x01000000
AXI_LITE_EXPECTED=0x00000000
AXI_LITE_READ_RESULT=FAIL
RAW_END=T0_DETAIL5
SNAPSHOT=T0 FIELD=DETAIL5 OFFSET=0x000000B4 VALUE=0x01000000 READER_RC=3 READ_START_NS=1787400779439538824 READ_END_NS=1787400779445385228
SNAPSHOT_END=T0 UTC=2026-08-22T12:12:59.448553477Z
SNAPSHOT_BEGIN=T1 UTC=2026-08-22T12:13:00.457178827Z
RAW_BEGIN=T1_FRAME
XDMA_USER_NODE=/dev/xdma0_user
AXI_LITE_OFFSET=0x00000060
AXI_LITE_OBSERVED=0x00000000
AXI_LITE_EXPECTED=0x00000000
AXI_LITE_READ_RESULT=PASS
RAW_END=T1_FRAME
SNAPSHOT=T1 FIELD=FRAME OFFSET=0x00000060 VALUE=0x00000000 READER_RC=0 READ_START_NS=1787400780460640439 READ_END_NS=1787400780467696998
RAW_BEGIN=T1_VCLK
XDMA_USER_NODE=/dev/xdma0_user
AXI_LITE_OFFSET=0x00000080
AXI_LITE_OBSERVED=0x2E76256E
AXI_LITE_EXPECTED=0x00000000
AXI_LITE_READ_RESULT=FAIL
RAW_END=T1_VCLK
SNAPSHOT=T1 FIELD=VCLK OFFSET=0x00000080 VALUE=0x2E76256E READER_RC=3 READ_START_NS=1787400780471456479 READ_END_NS=1787400780477412886
RAW_BEGIN=T1_SAV
XDMA_USER_NODE=/dev/xdma0_user
AXI_LITE_OFFSET=0x00000084
AXI_LITE_OBSERVED=0x00000000
AXI_LITE_EXPECTED=0x00000000
AXI_LITE_READ_RESULT=PASS
RAW_END=T1_SAV
SNAPSHOT=T1 FIELD=SAV OFFSET=0x00000084 VALUE=0x00000000 READER_RC=0 READ_START_NS=1787400780480617954 READ_END_NS=1787400780486323277
RAW_BEGIN=T1_RECORD_COMMIT
XDMA_USER_NODE=/dev/xdma0_user
AXI_LITE_OFFSET=0x00000088
AXI_LITE_OBSERVED=0x00000000
AXI_LITE_EXPECTED=0x00000000
AXI_LITE_READ_RESULT=PASS
RAW_END=T1_RECORD_COMMIT
SNAPSHOT=T1 FIELD=RECORD_COMMIT OFFSET=0x00000088 VALUE=0x00000000 READER_RC=0 READ_START_NS=1787400780489324498 READ_END_NS=1787400780495363107
RAW_BEGIN=T1_STATUS
XDMA_USER_NODE=/dev/xdma0_user
AXI_LITE_OFFSET=0x0000008C
AXI_LITE_OBSERVED=0x000000FB
AXI_LITE_EXPECTED=0x00000000
AXI_LITE_READ_RESULT=FAIL
RAW_END=T1_STATUS
SNAPSHOT=T1 FIELD=STATUS OFFSET=0x0000008C VALUE=0x000000FB READER_RC=3 READ_START_NS=1787400780498563045 READ_END_NS=1787400780504971196
RAW_BEGIN=T1_NACK
XDMA_USER_NODE=/dev/xdma0_user
AXI_LITE_OFFSET=0x00000090
AXI_LITE_OBSERVED=0x0000000F
AXI_LITE_EXPECTED=0x00000000
AXI_LITE_READ_RESULT=FAIL
RAW_END=T1_NACK
SNAPSHOT=T1 FIELD=NACK OFFSET=0x00000090 VALUE=0x0000000F READER_RC=3 READ_START_NS=1787400780508262714 READ_END_NS=1787400780514279141
RAW_BEGIN=T1_TIMEOUT
XDMA_USER_NODE=/dev/xdma0_user
AXI_LITE_OFFSET=0x00000094
AXI_LITE_OBSERVED=0x00000000
AXI_LITE_EXPECTED=0x00000000
AXI_LITE_READ_RESULT=PASS
RAW_END=T1_TIMEOUT
SNAPSHOT=T1 FIELD=TIMEOUT OFFSET=0x00000094 VALUE=0x00000000 READER_RC=0 READ_START_NS=1787400780517626812 READ_END_NS=1787400780523718850
RAW_BEGIN=T1_SUMMARY
XDMA_USER_NODE=/dev/xdma0_user
AXI_LITE_OFFSET=0x00000098
AXI_LITE_OBSERVED=0x00D608F9
AXI_LITE_EXPECTED=0x00000000
AXI_LITE_READ_RESULT=FAIL
RAW_END=T1_SUMMARY
SNAPSHOT=T1 FIELD=SUMMARY OFFSET=0x00000098 VALUE=0x00D608F9 READER_RC=3 READ_START_NS=1787400780526679526 READ_END_NS=1787400780532598424
RAW_BEGIN=T1_FIRST_ERROR
XDMA_USER_NODE=/dev/xdma0_user
AXI_LITE_OFFSET=0x0000009C
AXI_LITE_OBSERVED=0x80010200
AXI_LITE_EXPECTED=0x00000000
AXI_LITE_READ_RESULT=FAIL
RAW_END=T1_FIRST_ERROR
SNAPSHOT=T1 FIELD=FIRST_ERROR OFFSET=0x0000009C VALUE=0x80010200 READER_RC=3 READ_START_NS=1787400780535823619 READ_END_NS=1787400780541331077
RAW_BEGIN=T1_DETAIL0
XDMA_USER_NODE=/dev/xdma0_user
AXI_LITE_OFFSET=0x000000A0
AXI_LITE_OBSERVED=0x00D6F908
AXI_LITE_EXPECTED=0x00000000
AXI_LITE_READ_RESULT=FAIL
RAW_END=T1_DETAIL0
SNAPSHOT=T1 FIELD=DETAIL0 OFFSET=0x000000A0 VALUE=0x00D6F908 READER_RC=3 READ_START_NS=1787400780544424378 READ_END_NS=1787400780550172451
RAW_BEGIN=T1_DETAIL1
XDMA_USER_NODE=/dev/xdma0_user
AXI_LITE_OFFSET=0x000000A4
AXI_LITE_OBSERVED=0xFF0001FA
AXI_LITE_EXPECTED=0x00000000
AXI_LITE_READ_RESULT=FAIL
RAW_END=T1_DETAIL1
SNAPSHOT=T1 FIELD=DETAIL1 OFFSET=0x000000A4 VALUE=0xFF0001FA READER_RC=3 READ_START_NS=1787400780553062827 READ_END_NS=1787400780558640705
RAW_BEGIN=T1_DETAIL2
XDMA_USER_NODE=/dev/xdma0_user
AXI_LITE_OFFSET=0x000000A8
AXI_LITE_OBSERVED=0x01010000
AXI_LITE_EXPECTED=0x00000000
AXI_LITE_READ_RESULT=FAIL
RAW_END=T1_DETAIL2
SNAPSHOT=T1 FIELD=DETAIL2 OFFSET=0x000000A8 VALUE=0x01010000 READER_RC=3 READ_START_NS=1787400780561514832 READ_END_NS=1787400780567651592
RAW_BEGIN=T1_DETAIL3
XDMA_USER_NODE=/dev/xdma0_user
AXI_LITE_OFFSET=0x000000AC
AXI_LITE_OBSERVED=0x66CA0102
AXI_LITE_EXPECTED=0x00000000
AXI_LITE_READ_RESULT=FAIL
RAW_END=T1_DETAIL3
SNAPSHOT=T1 FIELD=DETAIL3 OFFSET=0x000000AC VALUE=0x66CA0102 READER_RC=3 READ_START_NS=1787400780570696223 READ_END_NS=1787400780576756101
RAW_BEGIN=T1_DETAIL4
XDMA_USER_NODE=/dev/xdma0_user
AXI_LITE_OFFSET=0x000000B0
AXI_LITE_OBSERVED=0x0000000F
AXI_LITE_EXPECTED=0x00000000
AXI_LITE_READ_RESULT=FAIL
RAW_END=T1_DETAIL4
SNAPSHOT=T1 FIELD=DETAIL4 OFFSET=0x000000B0 VALUE=0x0000000F READER_RC=3 READ_START_NS=1787400780579998618 READ_END_NS=1787400780585730601
RAW_BEGIN=T1_DETAIL5
XDMA_USER_NODE=/dev/xdma0_user
AXI_LITE_OFFSET=0x000000B4
AXI_LITE_OBSERVED=0x01000000
AXI_LITE_EXPECTED=0x00000000
AXI_LITE_READ_RESULT=FAIL
RAW_END=T1_DETAIL5
SNAPSHOT=T1 FIELD=DETAIL5 OFFSET=0x000000B4 VALUE=0x01000000 READER_RC=3 READ_START_NS=1787400780588824373 READ_END_NS=1787400780594582163
SNAPSHOT_END=T1 UTC=2026-08-22T12:13:00.597452392Z
BOOT_ID_AFTER=a2b8dff1-e296-4b32-a230-fe6d8a2caa49
BOOT_ID_STABILITY=PASS
MMIO_READS_THIS_TRANSACTION=40
AXI_LITE_WRITES_THIS_TRANSACTION=0
C2H_TRANSFERS_THIS_TRANSACTION=0
H2C_TRANSFERS_THIS_TRANSACTION=0
TELEMETRY_READ_ONLY=YES
STDOUT_END
STDERR_BEGIN

STDERR_END
