REBOOT_SUBMISSION_UTC=2026-08-22T12:09:08.1015449Z
REBOOT_SUBMISSION_TICKS=1333322941595
WARM_REBOOT_INVOCATION_CONSUMED=1
REBOOT_HELPER_EXIT_CODE=0
STOPWATCH_FREQUENCY=10000000
POLL_TICKS=1333334993068 SSH_PORT_22=UP
POLL_TICKS=1333340481096 SSH_PORT_22=UP
POLL_TICKS=1333345575406 SSH_PORT_22=UP
POLL_TICKS=1333350714177 SSH_PORT_22=UP
POLL_TICKS=1333355761594 SSH_PORT_22=UP
POLL_TICKS=1333360939654 SSH_PORT_22=UP
POLL_TICKS=1333366059993 SSH_PORT_22=DOWN
POLL_TICKS=1333378662994 SSH_PORT_22=DOWN
POLL_TICKS=1333391428110 SSH_PORT_22=DOWN
POLL_TICKS=1333404195304 SSH_PORT_22=DOWN
POLL_TICKS=1333416991991 SSH_PORT_22=DOWN
POLL_TICKS=1333429556956 SSH_PORT_22=DOWN
POLL_TICKS=1333442360872 SSH_PORT_22=DOWN
POLL_TICKS=1333455087505 SSH_PORT_22=DOWN
POLL_TICKS=1333467850624 SSH_PORT_22=DOWN
POLL_TICKS=1333480627872 SSH_PORT_22=DOWN
POLL_TICKS=1333493256338 SSH_PORT_22=DOWN
POLL_TICKS=1333505930197 SSH_PORT_22=DOWN
POLL_TICKS=1333518547991 SSH_PORT_22=DOWN
POLL_TICKS=1333531135493 SSH_PORT_22=DOWN
POLL_TICKS=1333543884851 SSH_PORT_22=DOWN
POLL_TICKS=1333556591399 SSH_PORT_22=DOWN
POLL_TICKS=1333569329952 SSH_PORT_22=DOWN
POLL_TICKS=1333581903539 SSH_PORT_22=DOWN
POLL_TICKS=1333594544666 SSH_PORT_22=DOWN
POLL_TICKS=1333607345385 SSH_PORT_22=DOWN
POLL_TICKS=1333620016868 SSH_PORT_22=DOWN
POLL_TICKS=1333632687631 SSH_PORT_22=DOWN
POLL_TICKS=1333645463667 SSH_PORT_22=DOWN
POLL_TICKS=1333658038350 SSH_PORT_22=DOWN
POLL_TICKS=1333670641899 SSH_PORT_22=DOWN
POLL_TICKS=1333683401892 SSH_PORT_22=DOWN
POLL_TICKS=1333695995269 SSH_PORT_22=DOWN
POLL_TICKS=1333708672951 SSH_PORT_22=UP
HOST_DISAPPEARANCE_OBSERVED=YES
HOST_RETURN_AFTER_DISAPPEARANCE=YES
HOST_DISAPPEARANCE_TICKS=1333366059993
HOST_RETURN_TICKS=1333708672951
REBOOT_MONITOR_RESULT=PASS
