UTC_START=2026-08-23T13:20:56.6611294Z
UTC_END=2026-08-23T13:21:00.6834358Z
EVIDENCE_KIND=R4_PRE_BOOTSTRAP_HOST_SAFETY
RESULT=PASS
EXIT_CODE=0
ARGUMENT_TOKEN_AUDIT=PASS
PLINK_PW_OPTION_USED=NO
PLINK_PWFILE_OPTION_USED=YES
USERNAME_ROLE_OCCURRENCE=YES_AUTHORIZED
PASSWORD_ROLE_ARGUMENT_OCCURRENCE=NO
REMOTE_COMMAND_SHARED_LITERAL=NO
INHERITED_ENVIRONMENT_AUDIT=PASS
PWFILE_CREATED=YES
PWFILE_DELETED=YES
STDOUT_BEGIN
PRE_BOOTSTRAP_UTC=2026-08-23T13:21:00.609140669Z
ENDPOINT_COUNT=1
XDMA_OPEN_PIDS=NONE
TASK_DMA_COMMANDS=0
PRE_BOOTSTRAP_SAFETY=PASS
STDOUT_END
STDERR_BEGIN

sed: -e expression #1, char 24: unterminated `s' command
STDERR_END
