
****** xsim v2025.2 (64-bit)
  **** SW Build 6299465 on Fri Nov 14 19:35:11 GMT 2025
  **** IP Build 6300035 on Fri Nov 14 10:48:45 MST 2025
  **** SharedData Build 6298862 on Thu Nov 13 04:50:51 MST 2025
  **** Start of session at: Mon Aug 24 17:59:38 2026
    ** Copyright 1986-2022 Xilinx, Inc. All Rights Reserved.
    ** Copyright 2022-2025 Advanced Micro Devices, Inc. All Rights Reserved.

source xsim.dir/reference_preinit_snapshot/xsim_script.tcl
# xsim {reference_preinit_snapshot} -autoloadwcfg -tclbatch {C:/FPGA/V41_NVP_R1G_VHDL_COMPATIBILITY/05_CROSS_STANDARD_EQUIVALENCE/vhdl_pair_preinit_attempt_01/reference/run.tcl}
Time resolution is 1 ps
source C:/FPGA/V41_NVP_R1G_VHDL_COMPATIBILITY/05_CROSS_STANDARD_EQUIVALENCE/vhdl_pair_preinit_attempt_01/reference/run.tcl
## run all
Note: PASS PRE_INIT_DONE_CYCLE_EQUIVALENCE
Time: 2121355816 ns  Iteration: 0  Process: /tb_r1f_preinit_equivalence/cycle_equivalence  File: C:/FPGA/WORKTREES/V41_NVP_R1F_PHASE_COMPLETE_OBSERVABILITY/tests/v41/tb_r1f_preinit_equivalence.vhd
Note: PASS AUTOINIT_TRANSACTION_STREAM_BYTE_IDENTICAL
Time: 2121355816 ns  Iteration: 0  Process: /tb_r1f_preinit_equivalence/cycle_equivalence  File: C:/FPGA/WORKTREES/V41_NVP_R1F_PHASE_COMPLETE_OBSERVABILITY/tests/v41/tb_r1f_preinit_equivalence.vhd
Note: PASS AUTOINIT_FUNCTIONAL_STATE_SEQUENCE_IDENTICAL
Time: 2121355816 ns  Iteration: 0  Process: /tb_r1f_preinit_equivalence/cycle_equivalence  File: C:/FPGA/WORKTREES/V41_NVP_R1F_PHASE_COMPLETE_OBSERVABILITY/tests/v41/tb_r1f_preinit_equivalence.vhd
$stop called at time : 2121355816 ns : File "C:/FPGA/WORKTREES/V41_NVP_R1F_PHASE_COMPLETE_OBSERVABILITY/tests/v41/tb_r1f_preinit_equivalence.vhd" Line 166
run: Time (s): cpu = 00:00:00 ; elapsed = 00:17:01 . Memory (MB): peak = 206.480 ; gain = 0.453
## quit
INFO: xsimkernel Simulation Memory Usage: 12932 KB (Peak: 12932 KB), Simulation CPU Usage: 959046 ms
INFO: [Common 17-206] Exiting xsim at Mon Aug 24 18:16:52 2026...
