Source compile order for 'synthesis' with fileset 'sources_1' in source management mode 'All':
Index  File Name                                      Used_In      File_Type  Library                  Ngc Wrapper  Full Path Name
-----  ---------------------------------------------  -----------  ---------  -----------------------  -----------  ----------------------------------------------------------------------------------------------------------------------------------------------------------
1      xdma_v41_m1_pcie2_ip_pipe_clock.v              Synth & Sim  Verilog    xil_defaultlib           No           v:/R1I_RCA_A_CLEAN/vivado_project/v41_r1i_qualified_ack_readiness.gen/sources_1/ip/xdma_v41_m1/ip_0/source/xdma_v41_m1_pcie2_ip_pipe_clock.v
2      xdma_v41_m1_pcie2_ip_pipe_eq.v                 Synth & Sim  Verilog    xil_defaultlib           No           v:/R1I_RCA_A_CLEAN/vivado_project/v41_r1i_qualified_ack_readiness.gen/sources_1/ip/xdma_v41_m1/ip_0/source/xdma_v41_m1_pcie2_ip_pipe_eq.v
3      xdma_v41_m1_pcie2_ip_pipe_drp.v                Synth & Sim  Verilog    xil_defaultlib           No           v:/R1I_RCA_A_CLEAN/vivado_project/v41_r1i_qualified_ack_readiness.gen/sources_1/ip/xdma_v41_m1/ip_0/source/xdma_v41_m1_pcie2_ip_pipe_drp.v
4      xdma_v41_m1_pcie2_ip_pipe_rate.v               Synth & Sim  Verilog    xil_defaultlib           No           v:/R1I_RCA_A_CLEAN/vivado_project/v41_r1i_qualified_ack_readiness.gen/sources_1/ip/xdma_v41_m1/ip_0/source/xdma_v41_m1_pcie2_ip_pipe_rate.v
5      xdma_v41_m1_pcie2_ip_pipe_reset.v              Synth & Sim  Verilog    xil_defaultlib           No           v:/R1I_RCA_A_CLEAN/vivado_project/v41_r1i_qualified_ack_readiness.gen/sources_1/ip/xdma_v41_m1/ip_0/source/xdma_v41_m1_pcie2_ip_pipe_reset.v
6      xdma_v41_m1_pcie2_ip_pipe_sync.v               Synth & Sim  Verilog    xil_defaultlib           No           v:/R1I_RCA_A_CLEAN/vivado_project/v41_r1i_qualified_ack_readiness.gen/sources_1/ip/xdma_v41_m1/ip_0/source/xdma_v41_m1_pcie2_ip_pipe_sync.v
7      xdma_v41_m1_pcie2_ip_gtp_pipe_rate.v           Synth & Sim  Verilog    xil_defaultlib           No           v:/R1I_RCA_A_CLEAN/vivado_project/v41_r1i_qualified_ack_readiness.gen/sources_1/ip/xdma_v41_m1/ip_0/source/xdma_v41_m1_pcie2_ip_gtp_pipe_rate.v
8      xdma_v41_m1_pcie2_ip_gtp_pipe_drp.v            Synth & Sim  Verilog    xil_defaultlib           No           v:/R1I_RCA_A_CLEAN/vivado_project/v41_r1i_qualified_ack_readiness.gen/sources_1/ip/xdma_v41_m1/ip_0/source/xdma_v41_m1_pcie2_ip_gtp_pipe_drp.v
9      xdma_v41_m1_pcie2_ip_gtp_pipe_reset.v          Synth & Sim  Verilog    xil_defaultlib           No           v:/R1I_RCA_A_CLEAN/vivado_project/v41_r1i_qualified_ack_readiness.gen/sources_1/ip/xdma_v41_m1/ip_0/source/xdma_v41_m1_pcie2_ip_gtp_pipe_reset.v
10     xdma_v41_m1_pcie2_ip_pipe_user.v               Synth & Sim  Verilog    xil_defaultlib           No           v:/R1I_RCA_A_CLEAN/vivado_project/v41_r1i_qualified_ack_readiness.gen/sources_1/ip/xdma_v41_m1/ip_0/source/xdma_v41_m1_pcie2_ip_pipe_user.v
11     xdma_v41_m1_pcie2_ip_pipe_wrapper.v            Synth & Sim  Verilog    xil_defaultlib           No           v:/R1I_RCA_A_CLEAN/vivado_project/v41_r1i_qualified_ack_readiness.gen/sources_1/ip/xdma_v41_m1/ip_0/source/xdma_v41_m1_pcie2_ip_pipe_wrapper.v
12     xdma_v41_m1_pcie2_ip_qpll_drp.v                Synth & Sim  Verilog    xil_defaultlib           No           v:/R1I_RCA_A_CLEAN/vivado_project/v41_r1i_qualified_ack_readiness.gen/sources_1/ip/xdma_v41_m1/ip_0/source/xdma_v41_m1_pcie2_ip_qpll_drp.v
13     xdma_v41_m1_pcie2_ip_qpll_reset.v              Synth & Sim  Verilog    xil_defaultlib           No           v:/R1I_RCA_A_CLEAN/vivado_project/v41_r1i_qualified_ack_readiness.gen/sources_1/ip/xdma_v41_m1/ip_0/source/xdma_v41_m1_pcie2_ip_qpll_reset.v
14     xdma_v41_m1_pcie2_ip_qpll_wrapper.v            Synth & Sim  Verilog    xil_defaultlib           No           v:/R1I_RCA_A_CLEAN/vivado_project/v41_r1i_qualified_ack_readiness.gen/sources_1/ip/xdma_v41_m1/ip_0/source/xdma_v41_m1_pcie2_ip_qpll_wrapper.v
15     xdma_v41_m1_pcie2_ip_rxeq_scan.v               Synth & Sim  Verilog    xil_defaultlib           No           v:/R1I_RCA_A_CLEAN/vivado_project/v41_r1i_qualified_ack_readiness.gen/sources_1/ip/xdma_v41_m1/ip_0/source/xdma_v41_m1_pcie2_ip_rxeq_scan.v
16     xdma_v41_m1_pcie2_ip_pcie_top.v                Synth & Sim  Verilog    xil_defaultlib           No           v:/R1I_RCA_A_CLEAN/vivado_project/v41_r1i_qualified_ack_readiness.gen/sources_1/ip/xdma_v41_m1/ip_0/source/xdma_v41_m1_pcie2_ip_pcie_top.v
17     xdma_v41_m1_pcie2_ip_core_top.v                Synth & Sim  Verilog    xil_defaultlib           No           v:/R1I_RCA_A_CLEAN/vivado_project/v41_r1i_qualified_ack_readiness.gen/sources_1/ip/xdma_v41_m1/ip_0/source/xdma_v41_m1_pcie2_ip_core_top.v
18     xdma_v41_m1_pcie2_ip_axi_basic_rx_null_gen.v   Synth & Sim  Verilog    xil_defaultlib           No           v:/R1I_RCA_A_CLEAN/vivado_project/v41_r1i_qualified_ack_readiness.gen/sources_1/ip/xdma_v41_m1/ip_0/source/xdma_v41_m1_pcie2_ip_axi_basic_rx_null_gen.v
19     xdma_v41_m1_pcie2_ip_axi_basic_rx_pipeline.v   Synth & Sim  Verilog    xil_defaultlib           No           v:/R1I_RCA_A_CLEAN/vivado_project/v41_r1i_qualified_ack_readiness.gen/sources_1/ip/xdma_v41_m1/ip_0/source/xdma_v41_m1_pcie2_ip_axi_basic_rx_pipeline.v
20     xdma_v41_m1_pcie2_ip_axi_basic_rx.v            Synth & Sim  Verilog    xil_defaultlib           No           v:/R1I_RCA_A_CLEAN/vivado_project/v41_r1i_qualified_ack_readiness.gen/sources_1/ip/xdma_v41_m1/ip_0/source/xdma_v41_m1_pcie2_ip_axi_basic_rx.v
21     xdma_v41_m1_pcie2_ip_axi_basic_top.v           Synth & Sim  Verilog    xil_defaultlib           No           v:/R1I_RCA_A_CLEAN/vivado_project/v41_r1i_qualified_ack_readiness.gen/sources_1/ip/xdma_v41_m1/ip_0/source/xdma_v41_m1_pcie2_ip_axi_basic_top.v
22     xdma_v41_m1_pcie2_ip_axi_basic_tx_pipeline.v   Synth & Sim  Verilog    xil_defaultlib           No           v:/R1I_RCA_A_CLEAN/vivado_project/v41_r1i_qualified_ack_readiness.gen/sources_1/ip/xdma_v41_m1/ip_0/source/xdma_v41_m1_pcie2_ip_axi_basic_tx_pipeline.v
23     xdma_v41_m1_pcie2_ip_axi_basic_tx_thrtl_ctl.v  Synth & Sim  Verilog    xil_defaultlib           No           v:/R1I_RCA_A_CLEAN/vivado_project/v41_r1i_qualified_ack_readiness.gen/sources_1/ip/xdma_v41_m1/ip_0/source/xdma_v41_m1_pcie2_ip_axi_basic_tx_thrtl_ctl.v
24     xdma_v41_m1_pcie2_ip_axi_basic_tx.v            Synth & Sim  Verilog    xil_defaultlib           No           v:/R1I_RCA_A_CLEAN/vivado_project/v41_r1i_qualified_ack_readiness.gen/sources_1/ip/xdma_v41_m1/ip_0/source/xdma_v41_m1_pcie2_ip_axi_basic_tx.v
25     xdma_v41_m1_pcie2_ip_pcie_7x.v                 Synth & Sim  Verilog    xil_defaultlib           No           v:/R1I_RCA_A_CLEAN/vivado_project/v41_r1i_qualified_ack_readiness.gen/sources_1/ip/xdma_v41_m1/ip_0/source/xdma_v41_m1_pcie2_ip_pcie_7x.v
26     xdma_v41_m1_pcie2_ip_pcie_bram_7x.v            Synth & Sim  Verilog    xil_defaultlib           No           v:/R1I_RCA_A_CLEAN/vivado_project/v41_r1i_qualified_ack_readiness.gen/sources_1/ip/xdma_v41_m1/ip_0/source/xdma_v41_m1_pcie2_ip_pcie_bram_7x.v
27     xdma_v41_m1_pcie2_ip_pcie_bram_top_7x.v        Synth & Sim  Verilog    xil_defaultlib           No           v:/R1I_RCA_A_CLEAN/vivado_project/v41_r1i_qualified_ack_readiness.gen/sources_1/ip/xdma_v41_m1/ip_0/source/xdma_v41_m1_pcie2_ip_pcie_bram_top_7x.v
28     xdma_v41_m1_pcie2_ip_pcie_brams_7x.v           Synth & Sim  Verilog    xil_defaultlib           No           v:/R1I_RCA_A_CLEAN/vivado_project/v41_r1i_qualified_ack_readiness.gen/sources_1/ip/xdma_v41_m1/ip_0/source/xdma_v41_m1_pcie2_ip_pcie_brams_7x.v
29     xdma_v41_m1_pcie2_ip_pcie_pipe_lane.v          Synth & Sim  Verilog    xil_defaultlib           No           v:/R1I_RCA_A_CLEAN/vivado_project/v41_r1i_qualified_ack_readiness.gen/sources_1/ip/xdma_v41_m1/ip_0/source/xdma_v41_m1_pcie2_ip_pcie_pipe_lane.v
30     xdma_v41_m1_pcie2_ip_pcie_pipe_misc.v          Synth & Sim  Verilog    xil_defaultlib           No           v:/R1I_RCA_A_CLEAN/vivado_project/v41_r1i_qualified_ack_readiness.gen/sources_1/ip/xdma_v41_m1/ip_0/source/xdma_v41_m1_pcie2_ip_pcie_pipe_misc.v
31     xdma_v41_m1_pcie2_ip_pcie_pipe_pipeline.v      Synth & Sim  Verilog    xil_defaultlib           No           v:/R1I_RCA_A_CLEAN/vivado_project/v41_r1i_qualified_ack_readiness.gen/sources_1/ip/xdma_v41_m1/ip_0/source/xdma_v41_m1_pcie2_ip_pcie_pipe_pipeline.v
32     xdma_v41_m1_pcie2_ip_gt_top.v                  Synth & Sim  Verilog    xil_defaultlib           No           v:/R1I_RCA_A_CLEAN/vivado_project/v41_r1i_qualified_ack_readiness.gen/sources_1/ip/xdma_v41_m1/ip_0/source/xdma_v41_m1_pcie2_ip_gt_top.v
33     xdma_v41_m1_pcie2_ip_gt_common.v               Synth & Sim  Verilog    xil_defaultlib           No           v:/R1I_RCA_A_CLEAN/vivado_project/v41_r1i_qualified_ack_readiness.gen/sources_1/ip/xdma_v41_m1/ip_0/source/xdma_v41_m1_pcie2_ip_gt_common.v
34     xdma_v41_m1_pcie2_ip_gtp_cpllpd_ovrd.v         Synth & Sim  Verilog    xil_defaultlib           No           v:/R1I_RCA_A_CLEAN/vivado_project/v41_r1i_qualified_ack_readiness.gen/sources_1/ip/xdma_v41_m1/ip_0/source/xdma_v41_m1_pcie2_ip_gtp_cpllpd_ovrd.v
35     xdma_v41_m1_pcie2_ip_gtx_cpllpd_ovrd.v         Synth & Sim  Verilog    xil_defaultlib           No           v:/R1I_RCA_A_CLEAN/vivado_project/v41_r1i_qualified_ack_readiness.gen/sources_1/ip/xdma_v41_m1/ip_0/source/xdma_v41_m1_pcie2_ip_gtx_cpllpd_ovrd.v
36     xdma_v41_m1_pcie2_ip_gt_rx_valid_filter_7x.v   Synth & Sim  Verilog    xil_defaultlib           No           v:/R1I_RCA_A_CLEAN/vivado_project/v41_r1i_qualified_ack_readiness.gen/sources_1/ip/xdma_v41_m1/ip_0/source/xdma_v41_m1_pcie2_ip_gt_rx_valid_filter_7x.v
37     xdma_v41_m1_pcie2_ip_gt_wrapper.v              Synth & Sim  Verilog    xil_defaultlib           No           v:/R1I_RCA_A_CLEAN/vivado_project/v41_r1i_qualified_ack_readiness.gen/sources_1/ip/xdma_v41_m1/ip_0/source/xdma_v41_m1_pcie2_ip_gt_wrapper.v
38     xdma_v41_m1_pcie2_ip_pcie2_top.v               Synth & Sim  Verilog    xil_defaultlib           No           v:/R1I_RCA_A_CLEAN/vivado_project/v41_r1i_qualified_ack_readiness.gen/sources_1/ip/xdma_v41_m1/ip_0/source/xdma_v41_m1_pcie2_ip_pcie2_top.v
39     xdma_v41_m1_pcie2_ip.v                         Synth        Verilog    xil_defaultlib           No           v:/R1I_RCA_A_CLEAN/vivado_project/v41_r1i_qualified_ack_readiness.gen/sources_1/ip/xdma_v41_m1/ip_0/synth/xdma_v41_m1_pcie2_ip.v
40     blk_mem_gen_v8_4_vhsyn_rfs.vhd                 Synth        VHDL       blk_mem_gen_v8_4_12      No           v:/R1I_RCA_A_CLEAN/vivado_project/v41_r1i_qualified_ack_readiness.gen/sources_1/ip/xdma_v41_m1/ip_1/hdl/blk_mem_gen_v8_4_vhsyn_rfs.vhd
41     xdma_v4_2_2_blk_mem_64_reg_be.vhd              Synth        VHDL       blk_mem_gen_v8_4_12      No           v:/R1I_RCA_A_CLEAN/vivado_project/v41_r1i_qualified_ack_readiness.gen/sources_1/ip/xdma_v41_m1/ip_1/synth/xdma_v4_2_2_blk_mem_64_reg_be.vhd
42     xdma_v4_2_2_blk_mem_64_noreg_be.vhd            Synth        VHDL       blk_mem_gen_v8_4_12      No           v:/R1I_RCA_A_CLEAN/vivado_project/v41_r1i_qualified_ack_readiness.gen/sources_1/ip/xdma_v41_m1/ip_2/synth/xdma_v4_2_2_blk_mem_64_noreg_be.vhd
43     fifo_generator_v13_2_vhsyn_rfs.vhd             Synth        VHDL       fifo_generator_v13_2_14  No           v:/R1I_RCA_A_CLEAN/vivado_project/v41_r1i_qualified_ack_readiness.gen/sources_1/ip/xdma_v41_m1/ip_3/hdl/fifo_generator_v13_2_vhsyn_rfs.vhd
44     pcie2_fifo_generator_dma_cpl.vhd               Synth        VHDL       fifo_generator_v13_2_14  No           v:/R1I_RCA_A_CLEAN/vivado_project/v41_r1i_qualified_ack_readiness.gen/sources_1/ip/xdma_v41_m1/ip_3/synth/pcie2_fifo_generator_dma_cpl.vhd
45     pcie2_fifo_generator_tgt_brdg.vhd              Synth        VHDL       fifo_generator_v13_2_14  No           v:/R1I_RCA_A_CLEAN/vivado_project/v41_r1i_qualified_ack_readiness.gen/sources_1/ip/xdma_v41_m1/ip_4/synth/pcie2_fifo_generator_tgt_brdg.vhd
46     pciedmacoredefines.vh                          Synth & Sim  VHeader    xil_defaultlib           No           v:/R1I_RCA_A_CLEAN/v41_m1_xdma_resource_spike.gen/sources_1/ip/xdma_v41_m1/d6c9/hdl/verilog/pciedmacoredefines.vh
47     xdma_axi4mm_axi_bridge.vh                      Synth & Sim  VHeader    xil_defaultlib           No           v:/R1I_RCA_A_CLEAN/v41_m1_xdma_resource_spike.gen/sources_1/ip/xdma_v41_m1/d6c9/hdl/verilog/xdma_axi4mm_axi_bridge.vh
48     dma_soft_defines.vh                            Synth & Sim  VHeader    xil_defaultlib           No           v:/R1I_RCA_A_CLEAN/v41_m1_xdma_resource_spike.gen/sources_1/ip/xdma_v41_m1/d6c9/hdl/verilog/dma_soft_defines.vh
49     pcie_dma_attr_defines.svh                      Synth & Sim  VHeader    xil_defaultlib           No           v:/R1I_RCA_A_CLEAN/v41_m1_xdma_resource_spike.gen/sources_1/ip/xdma_v41_m1/d6c9/hdl/verilog/pcie_dma_attr_defines.svh
50     dma_defines.vh                                 Synth & Sim  VHeader    xil_defaultlib           No           v:/R1I_RCA_A_CLEAN/v41_m1_xdma_resource_spike.gen/sources_1/ip/xdma_v41_m1/d6c9/hdl/verilog/dma_defines.vh
51     axidma_fifo.vh                                 Synth & Sim  VHeader    xil_defaultlib           No           v:/R1I_RCA_A_CLEAN/v41_m1_xdma_resource_spike.gen/sources_1/ip/xdma_v41_m1/d6c9/hdl/verilog/axidma_fifo.vh
52     dma_defines.svh                                Synth & Sim  VHeader    xil_defaultlib           No           v:/R1I_RCA_A_CLEAN/v41_m1_xdma_resource_spike.gen/sources_1/ip/xdma_v41_m1/d6c9/hdl/verilog/dma_defines.svh
53     axi_infrastructure_header.vh                   Synth & Sim  VHeader    xil_defaultlib           No           v:/R1I_RCA_A_CLEAN/v41_m1_xdma_resource_spike.gen/sources_1/ip/xdma_v41_m1/d6c9/hdl/verilog/axi_infrastructure_header.vh
54     dma_pcie_axis_cc_if.svh                        Synth & Sim  VHeader    xil_defaultlib           No           v:/R1I_RCA_A_CLEAN/v41_m1_xdma_resource_spike.gen/sources_1/ip/xdma_v41_m1/d6c9/hdl/verilog/dma_pcie_axis_cc_if.svh
55     dma_pcie_axis_cq_if.svh                        Synth & Sim  VHeader    xil_defaultlib           No           v:/R1I_RCA_A_CLEAN/v41_m1_xdma_resource_spike.gen/sources_1/ip/xdma_v41_m1/d6c9/hdl/verilog/dma_pcie_axis_cq_if.svh
56     dma_pcie_axis_rc_if.svh                        Synth & Sim  VHeader    xil_defaultlib           No           v:/R1I_RCA_A_CLEAN/v41_m1_xdma_resource_spike.gen/sources_1/ip/xdma_v41_m1/d6c9/hdl/verilog/dma_pcie_axis_rc_if.svh
57     dma_pcie_axis_rq_if.svh                        Synth & Sim  VHeader    xil_defaultlib           No           v:/R1I_RCA_A_CLEAN/v41_m1_xdma_resource_spike.gen/sources_1/ip/xdma_v41_m1/d6c9/hdl/verilog/dma_pcie_axis_rq_if.svh
58     dma_pcie_c2h_crdt_if.svh                       Synth & Sim  VHeader    xil_defaultlib           No           v:/R1I_RCA_A_CLEAN/v41_m1_xdma_resource_spike.gen/sources_1/ip/xdma_v41_m1/d6c9/hdl/verilog/dma_pcie_c2h_crdt_if.svh
59     dma_pcie_dsc_in_if.svh                         Synth & Sim  VHeader    xil_defaultlib           No           v:/R1I_RCA_A_CLEAN/v41_m1_xdma_resource_spike.gen/sources_1/ip/xdma_v41_m1/d6c9/hdl/verilog/dma_pcie_dsc_in_if.svh
60     dma_pcie_dsc_out_if.svh                        Synth & Sim  VHeader    xil_defaultlib           No           v:/R1I_RCA_A_CLEAN/v41_m1_xdma_resource_spike.gen/sources_1/ip/xdma_v41_m1/d6c9/hdl/verilog/dma_pcie_dsc_out_if.svh
61     dma_pcie_fabric_input_if.svh                   Synth & Sim  VHeader    xil_defaultlib           No           v:/R1I_RCA_A_CLEAN/v41_m1_xdma_resource_spike.gen/sources_1/ip/xdma_v41_m1/d6c9/hdl/verilog/dma_pcie_fabric_input_if.svh
62     dma_pcie_fabric_output_if.svh                  Synth & Sim  VHeader    xil_defaultlib           No           v:/R1I_RCA_A_CLEAN/v41_m1_xdma_resource_spike.gen/sources_1/ip/xdma_v41_m1/d6c9/hdl/verilog/dma_pcie_fabric_output_if.svh
63     dma_pcie_gic_if.svh                            Synth & Sim  VHeader    xil_defaultlib           No           v:/R1I_RCA_A_CLEAN/v41_m1_xdma_resource_spike.gen/sources_1/ip/xdma_v41_m1/d6c9/hdl/verilog/dma_pcie_gic_if.svh
64     dma_pcie_h2c_crdt_if.svh                       Synth & Sim  VHeader    xil_defaultlib           No           v:/R1I_RCA_A_CLEAN/v41_m1_xdma_resource_spike.gen/sources_1/ip/xdma_v41_m1/d6c9/hdl/verilog/dma_pcie_h2c_crdt_if.svh
65     dma_pcie_mi_2Bx2048_ram_if.svh                 Synth & Sim  VHeader    xil_defaultlib           No           v:/R1I_RCA_A_CLEAN/v41_m1_xdma_resource_spike.gen/sources_1/ip/xdma_v41_m1/d6c9/hdl/verilog/dma_pcie_mi_2Bx2048_ram_if.svh
66     dma_pcie_mi_4Bx2048_4Bwe_ram_if.svh            Synth & Sim  VHeader    xil_defaultlib           No           v:/R1I_RCA_A_CLEAN/v41_m1_xdma_resource_spike.gen/sources_1/ip/xdma_v41_m1/d6c9/hdl/verilog/dma_pcie_mi_4Bx2048_4Bwe_ram_if.svh
67     dma_pcie_mi_8Bx2048_4Bwe_ram_if.svh            Synth & Sim  VHeader    xil_defaultlib           No           v:/R1I_RCA_A_CLEAN/v41_m1_xdma_resource_spike.gen/sources_1/ip/xdma_v41_m1/d6c9/hdl/verilog/dma_pcie_mi_8Bx2048_4Bwe_ram_if.svh
68     dma_pcie_mi_16Bx2048_4Bwe_ram_if.svh           Synth & Sim  VHeader    xil_defaultlib           No           v:/R1I_RCA_A_CLEAN/v41_m1_xdma_resource_spike.gen/sources_1/ip/xdma_v41_m1/d6c9/hdl/verilog/dma_pcie_mi_16Bx2048_4Bwe_ram_if.svh
69     dma_pcie_mi_64Bx128_32Bwe_ram_if.svh           Synth & Sim  VHeader    xil_defaultlib           No           v:/R1I_RCA_A_CLEAN/v41_m1_xdma_resource_spike.gen/sources_1/ip/xdma_v41_m1/d6c9/hdl/verilog/dma_pcie_mi_64Bx128_32Bwe_ram_if.svh
70     dma_pcie_mi_64Bx256_32Bwe_ram_if.svh           Synth & Sim  VHeader    xil_defaultlib           No           v:/R1I_RCA_A_CLEAN/v41_m1_xdma_resource_spike.gen/sources_1/ip/xdma_v41_m1/d6c9/hdl/verilog/dma_pcie_mi_64Bx256_32Bwe_ram_if.svh
71     dma_pcie_mi_64Bx512_32Bwe_ram_if.svh           Synth & Sim  VHeader    xil_defaultlib           No           v:/R1I_RCA_A_CLEAN/v41_m1_xdma_resource_spike.gen/sources_1/ip/xdma_v41_m1/d6c9/hdl/verilog/dma_pcie_mi_64Bx512_32Bwe_ram_if.svh
72     dma_pcie_mi_64Bx1024_32Bwe_ram_if.svh          Synth & Sim  VHeader    xil_defaultlib           No           v:/R1I_RCA_A_CLEAN/v41_m1_xdma_resource_spike.gen/sources_1/ip/xdma_v41_m1/d6c9/hdl/verilog/dma_pcie_mi_64Bx1024_32Bwe_ram_if.svh
73     dma_pcie_mi_64Bx2048_32Bwe_ram_if.svh          Synth & Sim  VHeader    xil_defaultlib           No           v:/R1I_RCA_A_CLEAN/v41_m1_xdma_resource_spike.gen/sources_1/ip/xdma_v41_m1/d6c9/hdl/verilog/dma_pcie_mi_64Bx2048_32Bwe_ram_if.svh
74     dma_pcie_mi_dsc_cpld_if.svh                    Synth & Sim  VHeader    xil_defaultlib           No           v:/R1I_RCA_A_CLEAN/v41_m1_xdma_resource_spike.gen/sources_1/ip/xdma_v41_m1/d6c9/hdl/verilog/dma_pcie_mi_dsc_cpld_if.svh
75     dma_pcie_mi_dsc_cpli_if.svh                    Synth & Sim  VHeader    xil_defaultlib           No           v:/R1I_RCA_A_CLEAN/v41_m1_xdma_resource_spike.gen/sources_1/ip/xdma_v41_m1/d6c9/hdl/verilog/dma_pcie_mi_dsc_cpli_if.svh
76     dma_pcie_misc_input_if.svh                     Synth & Sim  VHeader    xil_defaultlib           No           v:/R1I_RCA_A_CLEAN/v41_m1_xdma_resource_spike.gen/sources_1/ip/xdma_v41_m1/d6c9/hdl/verilog/dma_pcie_misc_input_if.svh
77     dma_pcie_misc_output_if.svh                    Synth & Sim  VHeader    xil_defaultlib           No           v:/R1I_RCA_A_CLEAN/v41_m1_xdma_resource_spike.gen/sources_1/ip/xdma_v41_m1/d6c9/hdl/verilog/dma_pcie_misc_output_if.svh
78     xdma_v4_2_vl_rfs.sv                            Synth & Sim  SVerilog   xdma_v4_2_2              No           v:/R1I_RCA_A_CLEAN/v41_m1_xdma_resource_spike.gen/sources_1/ip/xdma_v41_m1/d6c9/hdl/xdma_v4_2_vl_rfs.sv
79     xdma_v41_m1_dma_cpl.sv                         Synth & Sim  SVerilog   xil_defaultlib           No           v:/R1I_RCA_A_CLEAN/vivado_project/v41_r1i_qualified_ack_readiness.gen/sources_1/ip/xdma_v41_m1/xdma_v4_2/hdl/verilog/xdma_v41_m1_dma_cpl.sv
80     xdma_v41_m1_dma_req.sv                         Synth & Sim  SVerilog   xil_defaultlib           No           v:/R1I_RCA_A_CLEAN/vivado_project/v41_r1i_qualified_ack_readiness.gen/sources_1/ip/xdma_v41_m1/xdma_v4_2/hdl/verilog/xdma_v41_m1_dma_req.sv
81     xdma_v41_m1_rx_destraddler.sv                  Synth & Sim  SVerilog   xil_defaultlib           No           v:/R1I_RCA_A_CLEAN/vivado_project/v41_r1i_qualified_ack_readiness.gen/sources_1/ip/xdma_v41_m1/xdma_v4_2/hdl/verilog/xdma_v41_m1_rx_destraddler.sv
82     xdma_v41_m1_rx_demux.sv                        Synth & Sim  SVerilog   xil_defaultlib           No           v:/R1I_RCA_A_CLEAN/vivado_project/v41_r1i_qualified_ack_readiness.gen/sources_1/ip/xdma_v41_m1/xdma_v4_2/hdl/verilog/xdma_v41_m1_rx_demux.sv
83     xdma_v41_m1_tgt_cpl.sv                         Synth & Sim  SVerilog   xil_defaultlib           No           v:/R1I_RCA_A_CLEAN/vivado_project/v41_r1i_qualified_ack_readiness.gen/sources_1/ip/xdma_v41_m1/xdma_v4_2/hdl/verilog/xdma_v41_m1_tgt_cpl.sv
84     xdma_v41_m1_tgt_req.sv                         Synth & Sim  SVerilog   xil_defaultlib           No           v:/R1I_RCA_A_CLEAN/vivado_project/v41_r1i_qualified_ack_readiness.gen/sources_1/ip/xdma_v41_m1/xdma_v4_2/hdl/verilog/xdma_v41_m1_tgt_req.sv
85     xdma_v41_m1_tx_mux.sv                          Synth & Sim  SVerilog   xil_defaultlib           No           v:/R1I_RCA_A_CLEAN/vivado_project/v41_r1i_qualified_ack_readiness.gen/sources_1/ip/xdma_v41_m1/xdma_v4_2/hdl/verilog/xdma_v41_m1_tx_mux.sv
86     xdma_v41_m1_axi_stream_intf.sv                 Synth & Sim  SVerilog   xil_defaultlib           No           v:/R1I_RCA_A_CLEAN/vivado_project/v41_r1i_qualified_ack_readiness.gen/sources_1/ip/xdma_v41_m1/xdma_v4_2/hdl/verilog/xdma_v41_m1_axi_stream_intf.sv
87     xdma_v41_m1_cfg_sideband.sv                    Synth & Sim  SVerilog   xil_defaultlib           No           v:/R1I_RCA_A_CLEAN/vivado_project/v41_r1i_qualified_ack_readiness.gen/sources_1/ip/xdma_v41_m1/xdma_v4_2/hdl/verilog/xdma_v41_m1_cfg_sideband.sv
88     xdma_v41_m1_pcie2_to_pcie3_wrapper.sv          Synth & Sim  SVerilog   xil_defaultlib           No           v:/R1I_RCA_A_CLEAN/vivado_project/v41_r1i_qualified_ack_readiness.gen/sources_1/ip/xdma_v41_m1/xdma_v4_2/hdl/verilog/xdma_v41_m1_pcie2_to_pcie3_wrapper.sv
89     xdma_v41_m1_dma_bram_wrap.sv                   Synth & Sim  SVerilog   xil_defaultlib           No           v:/R1I_RCA_A_CLEAN/vivado_project/v41_r1i_qualified_ack_readiness.gen/sources_1/ip/xdma_v41_m1/xdma_v4_2/hdl/verilog/xdma_v41_m1_dma_bram_wrap.sv
90     xdma_v41_m1_dma_bram_wrap_1024.sv              Synth & Sim  SVerilog   xil_defaultlib           No           v:/R1I_RCA_A_CLEAN/vivado_project/v41_r1i_qualified_ack_readiness.gen/sources_1/ip/xdma_v41_m1/xdma_v4_2/hdl/verilog/xdma_v41_m1_dma_bram_wrap_1024.sv
91     xdma_v41_m1_dma_bram_wrap_2048.sv              Synth & Sim  SVerilog   xil_defaultlib           No           v:/R1I_RCA_A_CLEAN/vivado_project/v41_r1i_qualified_ack_readiness.gen/sources_1/ip/xdma_v41_m1/xdma_v4_2/hdl/verilog/xdma_v41_m1_dma_bram_wrap_2048.sv
92     xdma_v41_m1_core_top.sv                        Synth & Sim  SVerilog   xil_defaultlib           No           v:/R1I_RCA_A_CLEAN/vivado_project/v41_r1i_qualified_ack_readiness.gen/sources_1/ip/xdma_v41_m1/xdma_v4_2/hdl/verilog/xdma_v41_m1_core_top.sv
93     xdma_v41_m1.sv                                 Synth        SVerilog   xil_defaultlib           No           v:/R1I_RCA_A_CLEAN/vivado_project/v41_r1i_qualified_ack_readiness.gen/sources_1/ip/xdma_v41_m1/synth/xdma_v41_m1.sv
94     axi_clock_lifecycle_monitor.sv                 Synth & Sim  SVerilog   xil_defaultlib           No           V:/R1I_RCA_A_SRC/rtl/v41/axi_clock_lifecycle_monitor.sv
95     axi_clock_measurement_regs.sv                  Synth & Sim  SVerilog   xil_defaultlib           No           V:/R1I_RCA_A_SRC/rtl/v41/axi_clock_measurement_regs.sv
96     axi_lite_host_bridge.sv                        Synth & Sim  SVerilog   xil_defaultlib           No           V:/R1I_RCA_A_SRC/rtl/v41/axi_lite_host_bridge.sv
97     bt656_record_producer.sv                       Synth & Sim  SVerilog   xil_defaultlib           No           V:/R1I_RCA_A_SRC/rtl/record/bt656_record_producer.sv
98     capture_mailbox.sv                             Synth & Sim  SVerilog   xil_defaultlib           No           V:/R1I_RCA_A_SRC/rtl/record/capture_mailbox.sv
99     control_status_regs.sv                         Synth & Sim  SVerilog   xil_defaultlib           No           V:/R1I_RCA_A_SRC/rtl/v41/control_status_regs.sv
100    nvp_i2c_tri_phase_probe.sv                     Synth & Sim  SVerilog   xil_defaultlib           No           V:/R1I_RCA_A_SRC/rtl/v41/nvp_i2c_tri_phase_probe.sv
101    physical_frontend.sv                           Synth & Sim  SVerilog   xil_defaultlib           No           V:/R1I_RCA_A_SRC/rtl/video/physical_frontend.sv
102    pio_bar_target.sv                              Synth & Sim  SVerilog   xil_defaultlib           No           V:/R1I_RCA_A_SRC/rtl/pio/pio_bar_target.sv
103    pio_slot_adapter.sv                            Synth & Sim  SVerilog   xil_defaultlib           No           V:/R1I_RCA_A_SRC/rtl/pio/pio_slot_adapter.sv
104    r1e_measurement_regs.sv                        Synth & Sim  SVerilog   xil_defaultlib           No           V:/R1I_RCA_A_SRC/rtl/v41/r1e_measurement_regs.sv
105    r1f_failed_txn_logger.sv                       Synth & Sim  SVerilog   xil_defaultlib           No           V:/R1I_RCA_A_SRC/rtl/v41/r1f_failed_txn_logger.sv
106    r1f_measurement_regs.sv                        Synth & Sim  SVerilog   xil_defaultlib           No           V:/R1I_RCA_A_SRC/rtl/v41/r1f_measurement_regs.sv
107    r1h_mmio_read_service.sv                       Synth & Sim  SVerilog   xil_defaultlib           No           V:/R1I_RCA_A_SRC/rtl/v41/r1h_mmio_read_service.sv
108    r1h_probe_index_bram_store.sv                  Synth & Sim  SVerilog   xil_defaultlib           No           V:/R1I_RCA_A_SRC/rtl/v41/r1h_probe_index_bram_store.sv
109    video_capture.sv                               Synth & Sim  SVerilog   xil_defaultlib           No           V:/R1I_RCA_A_SRC/rtl/video/video_capture.sv
110    nvp6134c_diagnostics_pkg.vhd                   Synth & Sim  VHDL       xil_defaultlib           No           V:/R1I_RCA_A_SRC/rtl/nvp/nvp6134c_diagnostics_pkg.vhd
111    r1f_transaction_serial_counter.vhd             Synth & Sim  VHDL       xil_defaultlib           No           V:/R1I_RCA_A_SRC/rtl/nvp/r1f_transaction_serial_counter.vhd
112    nvp6134c_i2c_bringup.vhd                       Synth & Sim  VHDL       xil_defaultlib           No           V:/R1I_RCA_A_SRC/rtl/nvp/nvp6134c_i2c_bringup.vhd
113    nvp6134c_autoinit.vhd                          Synth & Sim  VHDL       xil_defaultlib           No           V:/R1I_RCA_A_SRC/rtl/nvp/nvp6134c_autoinit.vhd
114    ahd_capture_top_xdma.sv                        Synth & Sim  SVerilog   xil_defaultlib           No           V:/R1I_RCA_A_SRC/rtl/top/ahd_capture_top_xdma.sv


Missing instances for 'synthesis' with fileset 'sources_1':
Index  Instance Path  File Path  Line
-----  -------------  ---------  ----
< empty >


