#-----------------------------------------------------------
# Vivado v2025.2 (64-bit)
# SW Build 6299465 on Fri Nov 14 19:35:11 GMT 2025
# IP Build 6300035 on Fri Nov 14 10:48:45 MST 2025
# SharedData Build 6298862 on Thu Nov 13 04:50:51 MST 2025
# Start of session at: Thu Aug 27 22:54:30 2026
# Process ID         : 23100
# Current directory  : V:/R1I_RCA_A_CLEAN
# Command line       : vivado.exe -mode batch -source V:/R1_BUILD_HARNESS/r1_candidate_build.tcl -tclargs V:/R1I_RCA_A_SRC V:/R1I_RCA_A_CLEAN 8b8ec0fa9c22965e46d0421c25e63d83e7971597 a0fcbdbfb2b01049b357a8f8bf68bd448d6394f7 r1i_a
# Log file           : V:/R1I_RCA_A_CLEAN/vivado.log
# Journal file       : V:/R1I_RCA_A_CLEAN\vivado.jou
# Running On         : NBLSUDUL
# Platform           : Windows Server 2016 or Windows 10
# Operating System   : 19045
# Processor Detail   : Intel(R) Core(TM) i7-7500U CPU @ 2.70GHz
# CPU Frequency      : 2904 MHz
# CPU Physical cores : 2
# CPU Logical cores  : 4
# Host memory        : 17028 MB
# Swap memory        : 4508 MB
# Total Virtual      : 21537 MB
# Available Virtual  : 3814 MB
#-----------------------------------------------------------
source V:/R1_BUILD_HARNESS/r1_candidate_build.tcl
