INFO: [VRFC 10-2263] Analyzing SystemVerilog file "C:/FPGA/WORKTREES/V41_NVP_R1F_PHASE_COMPLETE_OBSERVABILITY/rtl/v41/axi_lite_host_bridge.sv" into library work
INFO: [VRFC 10-311] analyzing module v41_axi_lite_host_bridge
INFO: [VRFC 10-2263] Analyzing SystemVerilog file "C:/FPGA/WORKTREES/V41_NVP_R1F_PHASE_COMPLETE_OBSERVABILITY/rtl/v41/axi_clock_lifecycle_monitor.sv" into library work
INFO: [VRFC 10-311] analyzing module v41_axi_clock_lifecycle_monitor
INFO: [VRFC 10-2263] Analyzing SystemVerilog file "C:/FPGA/WORKTREES/V41_NVP_R1F_PHASE_COMPLETE_OBSERVABILITY/rtl/v41/axi_clock_measurement_regs.sv" into library work
INFO: [VRFC 10-311] analyzing module v41_axi_clock_measurement_regs
INFO: [VRFC 10-2263] Analyzing SystemVerilog file "C:/FPGA/WORKTREES/V41_NVP_R1F_PHASE_COMPLETE_OBSERVABILITY/rtl/v41/r1e_measurement_regs.sv" into library work
INFO: [VRFC 10-311] analyzing module v41_r1e_measurement_regs
INFO: [VRFC 10-2263] Analyzing SystemVerilog file "C:/FPGA/WORKTREES/V41_NVP_R1F_PHASE_COMPLETE_OBSERVABILITY/rtl/v41/nvp_i2c_address_probe.sv" into library work
INFO: [VRFC 10-311] analyzing module nvp_i2c_address_probe
INFO: [VRFC 10-2263] Analyzing SystemVerilog file "C:/FPGA/WORKTREES/V41_NVP_R1F_PHASE_COMPLETE_OBSERVABILITY/rtl/v41/nvp_i2c_tri_phase_probe.sv" into library work
INFO: [VRFC 10-311] analyzing module nvp_i2c_tri_phase_probe
INFO: [VRFC 10-2263] Analyzing SystemVerilog file "C:/FPGA/WORKTREES/V41_NVP_R1F_PHASE_COMPLETE_OBSERVABILITY/rtl/v41/r1f_failed_txn_logger.sv" into library work
INFO: [VRFC 10-311] analyzing module v41_r1f_failed_txn_logger
INFO: [VRFC 10-2263] Analyzing SystemVerilog file "C:/FPGA/WORKTREES/V41_NVP_R1F_PHASE_COMPLETE_OBSERVABILITY/rtl/v41/r1f_measurement_regs.sv" into library work
INFO: [VRFC 10-311] analyzing module v41_r1f_measurement_regs
INFO: [VRFC 10-311] analyzing module v41_r1f_formal_zero_model
INFO: [VRFC 10-2263] Analyzing SystemVerilog file "C:/FPGA/WORKTREES/V41_NVP_R1F_PHASE_COMPLETE_OBSERVABILITY/rtl/v41/control_status_regs.sv" into library work
INFO: [VRFC 10-311] analyzing module v41_control_status_regs
INFO: [VRFC 10-2263] Analyzing SystemVerilog file "C:/FPGA/WORKTREES/V41_NVP_R1F_PHASE_COMPLETE_OBSERVABILITY/rtl/pio/pio_slot_adapter.sv" into library work
INFO: [VRFC 10-311] analyzing module g0p8c5a_pio_slot_adapter
INFO: [VRFC 10-2263] Analyzing SystemVerilog file "C:/FPGA/WORKTREES/V41_NVP_R1F_PHASE_COMPLETE_OBSERVABILITY/rtl/pio/pio_bar_target.sv" into library work
INFO: [VRFC 10-311] analyzing module g0p8c2_bar_target
INFO: [VRFC 10-2263] Analyzing SystemVerilog file "C:/FPGA/WORKTREES/V41_NVP_R1F_PHASE_COMPLETE_OBSERVABILITY/rtl/record/bt656_record_producer.sv" into library work
INFO: [VRFC 10-311] analyzing module g0p8c2_bt656_slot_producer
INFO: [VRFC 10-2263] Analyzing SystemVerilog file "C:/FPGA/WORKTREES/V41_NVP_R1F_PHASE_COMPLETE_OBSERVABILITY/rtl/record/capture_mailbox.sv" into library work
INFO: [VRFC 10-311] analyzing module g0p8c2_capture_mailbox
INFO: [VRFC 10-2263] Analyzing SystemVerilog file "C:/FPGA/WORKTREES/V41_NVP_R1F_PHASE_COMPLETE_OBSERVABILITY/rtl/video/video_capture.sv" into library work
INFO: [VRFC 10-311] analyzing module g0p8c2_capture_subsystem
INFO: [VRFC 10-2263] Analyzing SystemVerilog file "C:/FPGA/WORKTREES/V41_NVP_R1F_PHASE_COMPLETE_OBSERVABILITY/rtl/video/physical_frontend.sv" into library work
INFO: [VRFC 10-311] analyzing module g0p8c3r1_physical_frontend
INFO: [VRFC 10-2263] Analyzing SystemVerilog file "C:/FPGA/WORKTREES/V41_NVP_R1F_PHASE_COMPLETE_OBSERVABILITY/rtl/top/ahd_capture_top_xdma.sv" into library work
INFO: [VRFC 10-311] analyzing module ahd_capture_top_xdma
INFO: [VRFC 10-2263] Analyzing SystemVerilog file "C:/FPGA/WORKTREES/V41_NVP_R1F_PHASE_COMPLETE_OBSERVABILITY/tests/v41/xdma_v41_m1_elaboration_stub.sv" into library work
INFO: [VRFC 10-311] analyzing module xdma_v41_m1
INFO: [VRFC 10-2263] Analyzing SystemVerilog file "C:/AMDDesignTools/2025.2/data/verilog/src/glbl.v" into library work
INFO: [VRFC 10-311] analyzing module glbl
