UTC_START=2026-08-23T23:19:05.9433893Z
UTC_END=2026-08-23T23:19:08.0050758Z
EVIDENCE_KIND=R7_FULL_TELEMETRY_ARMA
RESULT=PASS
EXIT_CODE=0
ARGUMENT_TOKEN_AUDIT=PASS
PLINK_PW_OPTION_USED=NO
PLINK_PWFILE_OPTION_USED=YES
USERNAME_ROLE_OCCURRENCE=YES_AUTHORIZED
PASSWORD_ROLE_ARGUMENT_OCCURRENCE=NO
REMOTE_COMMAND_SHARED_LITERAL=NO
INHERITED_ENVIRONMENT_AUDIT=PASS
PWFILE_CREATED=YES
PWFILE_DELETED=YES
STDOUT_BEGIN
{
  "T0": {
    "coherent_freerun": 17019581301,
    "legacy_nack_raw_17_words": [
      "0x08000038",
      "0x00440229",
      "0x00030000",
      "0x00440329",
      "0x00030000",
      "0x3026013B",
      "0x00030505",
      "0x3026023B",
      "0x00030505",
      "0x3026033B",
      "0x00030505",
      "0x00FF0156",
      "0x00030209",
      "0x00FF0256",
      "0x00030209",
      "0x18A00169",
      "0x00030000"
    ],
    "lifecycle": {
      "actual": 132688568,
      "expected": 132584734,
      "extension_cycles": 103834,
      "shortening_cycles": 0,
      "shortening_residual_cycles": 0,
      "shortening_ticks_exact": 0.0,
      "shortening_ticks_nearest": 0,
      "signed_error_cycles": 103834
    },
    "local": {
      "0x00000": 2752121863,
      "0x00004": 16395,
      "0x00008": 200706,
      "0x0000C": 65536,
      "0x00010": 4091143629,
      "0x00014": 3402610429,
      "0x00018": 3958201951,
      "0x0001C": 3904443454,
      "0x00020": 4062621373,
      "0x00024": 132710402,
      "0x00028": 6299465,
      "0x0002C": 2,
      "0x00030": 1480871233,
      "0x00034": 0,
      "0x00038": 0,
      "0x0003C": 0,
      "0x00040": 0,
      "0x00044": 0,
      "0x00048": 0,
      "0x0004C": 0,
      "0x00050": 0,
      "0x00054": 0,
      "0x00058": 0,
      "0x0005C": 0,
      "0x00060": 0,
      "0x00064": 0,
      "0x00068": 0,
      "0x0006C": 0,
      "0x00070": 0,
      "0x00074": 0,
      "0x00078": 0,
      "0x0007C": 0,
      "0x00080": 1635945129,
      "0x00084": 0,
      "0x00088": 0,
      "0x0008C": 251,
      "0x00090": 13,
      "0x00094": 0,
      "0x00098": 14027001,
      "0x0009C": 2147625216,
      "0x000A0": 14088456,
      "0x000A4": 4278190586,
      "0x000A8": 33619968,
      "0x000AC": 4456489,
      "0x000B0": 13,
      "0x000B4": 0,
      "0x000B8": 0,
      "0x000BC": 0,
      "0x000C0": 0,
      "0x000C4": 0,
      "0x000C8": 0,
      "0x000CC": 0,
      "0x000D0": 0,
      "0x000D4": 0,
      "0x000D8": 0,
      "0x000DC": 0,
      "0x000E0": 0
    },
    "ordered_nack": {
      "control_flow_replay_scope": "PARTIAL_FIRST_8_RECORDS_ONLY",
      "current_metadata_bank": 0,
      "current_physical_bank": 0,
      "first_error_code": 2,
      "first_error_data": 0,
      "first_error_metadata_bank": 0,
      "first_error_physical_bank": 0,
      "first_error_register": 68,
      "first_error_step": 41,
      "first_error_valid": 1,
      "header_consistency": "PASS",
      "i2c_state": 0,
      "log_capacity": 8,
      "log_count": 8,
      "log_overflow": 1,
      "nack_count": 13,
      "operation_index": 249,
      "original_ff": 0,
      "phase": 8,
      "physical_bank_valid": 1,
      "records": [
        {
          "data": 0,
          "index": 0,
          "metadata_bank": 0,
          "operation_index": 41,
          "phase_code": 2,
          "phase_name": "REGISTER_ADDRESS_ACK",
          "physical_bank": 0,
          "physical_bank_valid": 1,
          "raw": "0x0003000000440229",
          "register": 68,
          "reserved": 0,
          "valid": 1
        },
        {
          "data": 0,
          "index": 1,
          "metadata_bank": 0,
          "operation_index": 41,
          "phase_code": 3,
          "phase_name": "DATA_ACK",
          "physical_bank": 0,
          "physical_bank_valid": 1,
          "raw": "0x0003000000440329",
          "register": 68,
          "reserved": 0,
          "valid": 1
        },
        {
          "data": 48,
          "index": 2,
          "metadata_bank": 5,
          "operation_index": 59,
          "phase_code": 1,
          "phase_name": "WRITE_ADDRESS_ACK",
          "physical_bank": 5,
          "physical_bank_valid": 1,
          "raw": "0x000305053026013B",
          "register": 38,
          "reserved": 0,
          "valid": 1
        },
        {
          "data": 48,
          "index": 3,
          "metadata_bank": 5,
          "operation_index": 59,
          "phase_code": 2,
          "phase_name": "REGISTER_ADDRESS_ACK",
          "physical_bank": 5,
          "physical_bank_valid": 1,
          "raw": "0x000305053026023B",
          "register": 38,
          "reserved": 0,
          "valid": 1
        },
        {
          "data": 48,
          "index": 4,
          "metadata_bank": 5,
          "operation_index": 59,
          "phase_code": 3,
          "phase_name": "DATA_ACK",
          "physical_bank": 5,
          "physical_bank_valid": 1,
          "raw": "0x000305053026033B",
          "register": 38,
          "reserved": 0,
          "valid": 1
        },
        {
          "data": 0,
          "index": 5,
          "metadata_bank": 2,
          "operation_index": 86,
          "phase_code": 1,
          "phase_name": "WRITE_ADDRESS_ACK",
          "physical_bank": 9,
          "physical_bank_valid": 1,
          "raw": "0x0003020900FF0156",
          "register": 255,
          "reserved": 0,
          "valid": 1
        },
        {
          "data": 0,
          "index": 6,
          "metadata_bank": 2,
          "operation_index": 86,
          "phase_code": 2,
          "phase_name": "REGISTER_ADDRESS_ACK",
          "physical_bank": 9,
          "physical_bank_valid": 1,
          "raw": "0x0003020900FF0256",
          "register": 255,
          "reserved": 0,
          "valid": 1
        },
        {
          "data": 24,
          "index": 7,
          "metadata_bank": 0,
          "operation_index": 105,
          "phase_code": 1,
          "phase_name": "WRITE_ADDRESS_ACK",
          "physical_bank": 0,
          "physical_bank_valid": 1,
          "raw": "0x0003000018A00169",
          "register": 160,
          "reserved": 0,
          "valid": 1
        }
      ],
      "restored_ff": 0,
      "table_length": 214,
      "timeout_count": 0
    },
    "probe_statistics": {
      "rate": 0.0029,
      "rate_ppm": 2900.0,
      "rule_of_three_upper_approx": null,
      "wilson95_lower": 0.0020199966335610452,
      "wilson95_upper": 0.004161774546565626
    },
    "r1e_page": {
      "0x02000": 827018307,
      "0x02004": 1,
      "0x02008": 15,
      "0x0200C": 4134657073,
      "0x02010": 3,
      "0x02014": 132688568,
      "0x02018": 0,
      "0x0201C": 987628,
      "0x02020": 0,
      "0x02024": 987487,
      "0x02028": 0,
      "0x0202C": 1592436006,
      "0x02030": 2,
      "0x02034": 3,
      "0x02038": 3,
      "0x0203C": 15,
      "0x02040": 826618194,
      "0x02044": 1,
      "0x02048": 31,
      "0x0204C": 25000,
      "0x02050": 1251,
      "0x02054": 132584734,
      "0x02058": 0,
      "0x0205C": 113182679,
      "0x02060": 0,
      "0x02064": 10000,
      "0x02068": 10000,
      "0x0206C": 9971,
      "0x02070": 29,
      "0x02074": 0,
      "0x02078": 825,
      "0x0207C": 318,
      "0x02080": 9749,
      "0x02084": 1,
      "0x02088": 132752318,
      "0x0208C": 0,
      "0x02090": 420482318,
      "0x02094": 0,
      "0x02098": 0,
      "0x0209C": 0,
      "0x020A0": 0,
      "0x020A4": 0,
      "0x020A8": 0,
      "0x020AC": 0,
      "0x020B0": 0,
      "0x020B4": 0,
      "0x020B8": 0,
      "0x020BC": 0,
      "0x020C0": 0,
      "0x020C4": 0,
      "0x020C8": 0,
      "0x020CC": 0,
      "0x020D0": 0,
      "0x020D4": 0,
      "0x020D8": 0,
      "0x020DC": 0,
      "0x020E0": 0,
      "0x020E4": 0,
      "0x020E8": 0,
      "0x020EC": 0,
      "0x020F0": 0,
      "0x020F4": 0,
      "0x020F8": 0,
      "0x020FC": 0
    }
  },
  "T1": {
    "coherent_freerun": 17082012589,
    "legacy_nack_raw_17_words": [
      "0x08000038",
      "0x00440229",
      "0x00030000",
      "0x00440329",
      "0x00030000",
      "0x3026013B",
      "0x00030505",
      "0x3026023B",
      "0x00030505",
      "0x3026033B",
      "0x00030505",
      "0x00FF0156",
      "0x00030209",
      "0x00FF0256",
      "0x00030209",
      "0x18A00169",
      "0x00030000"
    ],
    "lifecycle": {
      "actual": 132688568,
      "expected": 132584734,
      "extension_cycles": 103834,
      "shortening_cycles": 0,
      "shortening_residual_cycles": 0,
      "shortening_ticks_exact": 0.0,
      "shortening_ticks_nearest": 0,
      "signed_error_cycles": 103834
    },
    "local": {
      "0x00000": 2752121863,
      "0x00004": 16395,
      "0x00008": 200706,
      "0x0000C": 65536,
      "0x00010": 4091143629,
      "0x00014": 3402610429,
      "0x00018": 3958201951,
      "0x0001C": 3904443454,
      "0x00020": 4062621373,
      "0x00024": 132710402,
      "0x00028": 6299465,
      "0x0002C": 2,
      "0x00030": 1480871233,
      "0x00034": 0,
      "0x00038": 0,
      "0x0003C": 0,
      "0x00040": 0,
      "0x00044": 0,
      "0x00048": 0,
      "0x0004C": 0,
      "0x00050": 0,
      "0x00054": 0,
      "0x00058": 0,
      "0x0005C": 0,
      "0x00060": 0,
      "0x00064": 0,
      "0x00068": 0,
      "0x0006C": 0,
      "0x00070": 0,
      "0x00074": 0,
      "0x00078": 0,
      "0x0007C": 0,
      "0x00080": 1784542402,
      "0x00084": 0,
      "0x00088": 0,
      "0x0008C": 251,
      "0x00090": 13,
      "0x00094": 0,
      "0x00098": 14027001,
      "0x0009C": 2147625216,
      "0x000A0": 14088456,
      "0x000A4": 4278190586,
      "0x000A8": 33619968,
      "0x000AC": 4456489,
      "0x000B0": 13,
      "0x000B4": 0,
      "0x000B8": 0,
      "0x000BC": 0,
      "0x000C0": 0,
      "0x000C4": 0,
      "0x000C8": 0,
      "0x000CC": 0,
      "0x000D0": 0,
      "0x000D4": 0,
      "0x000D8": 0,
      "0x000DC": 0,
      "0x000E0": 0
    },
    "ordered_nack": {
      "control_flow_replay_scope": "PARTIAL_FIRST_8_RECORDS_ONLY",
      "current_metadata_bank": 0,
      "current_physical_bank": 0,
      "first_error_code": 2,
      "first_error_data": 0,
      "first_error_metadata_bank": 0,
      "first_error_physical_bank": 0,
      "first_error_register": 68,
      "first_error_step": 41,
      "first_error_valid": 1,
      "header_consistency": "PASS",
      "i2c_state": 0,
      "log_capacity": 8,
      "log_count": 8,
      "log_overflow": 1,
      "nack_count": 13,
      "operation_index": 249,
      "original_ff": 0,
      "phase": 8,
      "physical_bank_valid": 1,
      "records": [
        {
          "data": 0,
          "index": 0,
          "metadata_bank": 0,
          "operation_index": 41,
          "phase_code": 2,
          "phase_name": "REGISTER_ADDRESS_ACK",
          "physical_bank": 0,
          "physical_bank_valid": 1,
          "raw": "0x0003000000440229",
          "register": 68,
          "reserved": 0,
          "valid": 1
        },
        {
          "data": 0,
          "index": 1,
          "metadata_bank": 0,
          "operation_index": 41,
          "phase_code": 3,
          "phase_name": "DATA_ACK",
          "physical_bank": 0,
          "physical_bank_valid": 1,
          "raw": "0x0003000000440329",
          "register": 68,
          "reserved": 0,
          "valid": 1
        },
        {
          "data": 48,
          "index": 2,
          "metadata_bank": 5,
          "operation_index": 59,
          "phase_code": 1,
          "phase_name": "WRITE_ADDRESS_ACK",
          "physical_bank": 5,
          "physical_bank_valid": 1,
          "raw": "0x000305053026013B",
          "register": 38,
          "reserved": 0,
          "valid": 1
        },
        {
          "data": 48,
          "index": 3,
          "metadata_bank": 5,
          "operation_index": 59,
          "phase_code": 2,
          "phase_name": "REGISTER_ADDRESS_ACK",
          "physical_bank": 5,
          "physical_bank_valid": 1,
          "raw": "0x000305053026023B",
          "register": 38,
          "reserved": 0,
          "valid": 1
        },
        {
          "data": 48,
          "index": 4,
          "metadata_bank": 5,
          "operation_index": 59,
          "phase_code": 3,
          "phase_name": "DATA_ACK",
          "physical_bank": 5,
          "physical_bank_valid": 1,
          "raw": "0x000305053026033B",
          "register": 38,
          "reserved": 0,
          "valid": 1
        },
        {
          "data": 0,
          "index": 5,
          "metadata_bank": 2,
          "operation_index": 86,
          "phase_code": 1,
          "phase_name": "WRITE_ADDRESS_ACK",
          "physical_bank": 9,
          "physical_bank_valid": 1,
          "raw": "0x0003020900FF0156",
          "register": 255,
          "reserved": 0,
          "valid": 1
        },
        {
          "data": 0,
          "index": 6,
          "metadata_bank": 2,
          "operation_index": 86,
          "phase_code": 2,
          "phase_name": "REGISTER_ADDRESS_ACK",
          "physical_bank": 9,
          "physical_bank_valid": 1,
          "raw": "0x0003020900FF0256",
          "register": 255,
          "reserved": 0,
          "valid": 1
        },
        {
          "data": 24,
          "index": 7,
          "metadata_bank": 0,
          "operation_index": 105,
          "phase_code": 1,
          "phase_name": "WRITE_ADDRESS_ACK",
          "physical_bank": 0,
          "physical_bank_valid": 1,
          "raw": "0x0003000018A00169",
          "register": 160,
          "reserved": 0,
          "valid": 1
        }
      ],
      "restored_ff": 0,
      "table_length": 214,
      "timeout_count": 0
    },
    "probe_statistics": {
      "rate": 0.0029,
      "rate_ppm": 2900.0,
      "rule_of_three_upper_approx": null,
      "wilson95_lower": 0.0020199966335610452,
      "wilson95_upper": 0.004161774546565626
    },
    "r1e_page": {
      "0x02000": 827018307,
      "0x02004": 1,
      "0x02008": 15,
      "0x0200C": 4197082929,
      "0x02010": 3,
      "0x02014": 132688568,
      "0x02018": 0,
      "0x0201C": 987628,
      "0x02020": 0,
      "0x02024": 987487,
      "0x02028": 0,
      "0x0202C": 1592436006,
      "0x02030": 2,
      "0x02034": 3,
      "0x02038": 3,
      "0x0203C": 15,
      "0x02040": 826618194,
      "0x02044": 1,
      "0x02048": 31,
      "0x0204C": 25000,
      "0x02050": 1251,
      "0x02054": 132584734,
      "0x02058": 0,
      "0x0205C": 113182679,
      "0x02060": 0,
      "0x02064": 10000,
      "0x02068": 10000,
      "0x0206C": 9971,
      "0x02070": 29,
      "0x02074": 0,
      "0x02078": 825,
      "0x0207C": 318,
      "0x02080": 9749,
      "0x02084": 1,
      "0x02088": 132752318,
      "0x0208C": 0,
      "0x02090": 420482318,
      "0x02094": 0,
      "0x02098": 0,
      "0x0209C": 0,
      "0x020A0": 0,
      "0x020A4": 0,
      "0x020A8": 0,
      "0x020AC": 0,
      "0x020B0": 0,
      "0x020B4": 0,
      "0x020B8": 0,
      "0x020BC": 0,
      "0x020C0": 0,
      "0x020C4": 0,
      "0x020C8": 0,
      "0x020CC": 0,
      "0x020D0": 0,
      "0x020D4": 0,
      "0x020D8": 0,
      "0x020DC": 0,
      "0x020E0": 0,
      "0x020E4": 0,
      "0x020E8": 0,
      "0x020EC": 0,
      "0x020F0": 0,
      "0x020F4": 0,
      "0x020F8": 0,
      "0x020FC": 0
    }
  }
}
READ_ONLY=YES
STATIC_SNAPSHOTS_MATCH=YES
STDOUT_END
STDERR_BEGIN

STDERR_END
