#-----------------------------------------------------------
# Vivado v2025.2 (64-bit)
# SW Build 6299465 on Fri Nov 14 19:35:11 GMT 2025
# IP Build 6300035 on Fri Nov 14 10:48:45 MST 2025
# SharedData Build 6298862 on Thu Nov 13 04:50:51 MST 2025
# Start of session at: Tue Aug 25 16:52:27 2026
# Process ID         : 17876
# Current directory  : C:/FPGA/V41_NVP_R1H_R4_SUPER_FAST/hardware/04_A2
# Command line       : vivado.exe -mode batch -notrace -log C:\FPGA\V41_NVP_R1H_R4_SUPER_FAST\hardware\04_A2\INDEPENDENT_DONE_VIVADO.log -journal C:\FPGA\V41_NVP_R1H_R4_SUPER_FAST\hardware\04_A2\INDEPENDENT_DONE_VIVADO.jou -source C:\FPGA\V41_NVP_R1E_MODE_AWARE_DONE0_PAIRED_AB_R7\scripts\read_jtag_identity_done_r7_selected.tcl -tclargs ArmA localhost:3121/xilinx_tcf/Xilinx/80802026a98b01
# Log file           : C:/FPGA/V41_NVP_R1H_R4_SUPER_FAST/hardware/04_A2/INDEPENDENT_DONE_VIVADO.log
# Journal file       : C:\FPGA\V41_NVP_R1H_R4_SUPER_FAST\hardware\04_A2\INDEPENDENT_DONE_VIVADO.jou
# Running On         : NBLSUDUL
# Platform           : Windows Server 2016 or Windows 10
# Operating System   : 19045
# Processor Detail   : Intel(R) Core(TM) i7-7500U CPU @ 2.70GHz
# CPU Frequency      : 2904 MHz
# CPU Physical cores : 2
# CPU Logical cores  : 4
# Host memory        : 17028 MB
# Swap memory        : 4497 MB
# Total Virtual      : 21526 MB
# Available Virtual  : 5642 MB
#-----------------------------------------------------------
WARNING: [Runs 36-547] User Strategy 'Vivado Implementation Defaults' from file 'C:\Users\£ukasz Sudu³\AppData\Roaming/Xilinx/Vivado/2025.2/strategies/Vivado Implementation Defaults.Vivado Implementation 2025.psg' discarded because strategy with same name already parsed from 'C:/AMDDesignTools/2025.2/Vivado/strategies/VDI2025.psg'
source {C:\FPGA\V41_NVP_R1E_MODE_AWARE_DONE0_PAIRED_AB_R7\scripts\read_jtag_identity_done_r7_selected.tcl} -notrace
PHASE=ArmA
READ_ONLY_JTAG_START_UTC=2026-08-25T14:53:05Z
JTAG_FREQUENCY_CHANGED=NO
open_hw_manager: Time (s): cpu = 00:00:45 ; elapsed = 00:00:56 . Memory (MB): peak = 541.656 ; gain = 225.449
INFO: [Labtools 27-2285] Connecting to hw_server url TCP:localhost:3121
INFO: [Labtools 27-2222] Launching hw_server...
INFO: [Labtools 27-2221] Launch Output:

****** Xilinx hw_server v2025.2
  **** Build date : Oct 28 2025 at 10:03:13
    ** Copyright 1986-2022 Xilinx, Inc. All Rights Reserved.


INFO: [Labtools 27-3415] Connecting to cs_server url TCP:localhost:0
INFO: [Labtools 27-3417] Launching cs_server...
INFO: [Labtools 27-2221] Launch Output:


******** Xilinx cs_server v2025.2.0
  ****** Build date   : Nov 14 2025-00:16:52
    **** Build number : 2025.2.1763075812
      ** Copyright 2017-2022 Xilinx, Inc. All Rights Reserved.
      ** Copyright 2022-2026 Advanced Micro Devices, Inc. All Rights Reserved.



connect_hw_server: Time (s): cpu = 00:00:00 ; elapsed = 00:00:57 . Memory (MB): peak = 545.613 ; gain = 3.957
R6_ENUMERATED_TARGET_0_PATH=localhost:3121/xilinx_tcf/Xilinx/80802026a98b01
R6_ENUMERATED_TARGET_0_PROPERTY_COUNT=13
R6_ENUMERATED_TARGET_0_PROPERTY_0_NAME=CLASS
R6_ENUMERATED_TARGET_0_PROPERTY_0_VALUE=hw_target
R6_ENUMERATED_TARGET_0_PROPERTY_1_NAME=DEVICE_COUNT
R6_ENUMERATED_TARGET_0_PROPERTY_1_VALUE=0
R6_ENUMERATED_TARGET_0_PROPERTY_2_NAME=HW_JTAG
R6_ENUMERATED_TARGET_0_PROPERTY_2_VALUE=
R6_ENUMERATED_TARGET_0_PROPERTY_3_NAME=IS_OPENED
R6_ENUMERATED_TARGET_0_PROPERTY_3_VALUE=0
R6_ENUMERATED_TARGET_0_PROPERTY_4_NAME=IS_STAPL
R6_ENUMERATED_TARGET_0_PROPERTY_4_VALUE=0
R6_ENUMERATED_TARGET_0_PROPERTY_5_NAME=IS_SVF
R6_ENUMERATED_TARGET_0_PROPERTY_5_VALUE=0
R6_ENUMERATED_TARGET_0_PROPERTY_6_NAME=MAX_DEVICE_COUNT
R6_ENUMERATED_TARGET_0_PROPERTY_6_VALUE=32
R6_ENUMERATED_TARGET_0_PROPERTY_7_NAME=NAME
R6_ENUMERATED_TARGET_0_PROPERTY_7_VALUE=localhost:3121/xilinx_tcf/Xilinx/80802026a98b01
R6_ENUMERATED_TARGET_0_PROPERTY_8_NAME=PARAM.DEVICE
R6_ENUMERATED_TARGET_0_PROPERTY_8_VALUE=jsn-DLC10-80802026a98b01
R6_ENUMERATED_TARGET_0_PROPERTY_9_NAME=PARAM.FREQUENCY
R6_ENUMERATED_TARGET_0_PROPERTY_9_VALUE=6000000
R6_ENUMERATED_TARGET_0_PROPERTY_10_NAME=PARAM.TYPE
R6_ENUMERATED_TARGET_0_PROPERTY_10_VALUE=xilinx_tcf
R6_ENUMERATED_TARGET_0_PROPERTY_11_NAME=TID
R6_ENUMERATED_TARGET_0_PROPERTY_11_VALUE=jsn-DLC10-80802026a98b01
R6_ENUMERATED_TARGET_0_PROPERTY_12_NAME=UID
R6_ENUMERATED_TARGET_0_PROPERTY_12_VALUE=Xilinx/80802026a98b01
R6_TOTAL_TARGET_COUNT=1
R6_EXACT_CANONICAL_MATCH_COUNT=1
R6_TARGET_SELECTOR_STATUS=PASS
R6_SELECTED_JTAG_CANONICAL_ID=Xilinx/80802026a98b01
R6_FULL_JTAG_TARGET_PATH=localhost:3121/xilinx_tcf/Xilinx/80802026a98b01
R6_TARGET_MATCH_MODE=EXACT_CANONICAL_ID_OR_EXACT_PATH_SUFFIX
R6_FALLBACK_TO_FIRST_TARGET=NO
R6_LEGACY_HS2_REQUIRED=NO
R7_SELECTED_JTAG_CANONICAL_ID=Xilinx/80802026a98b01
R7_FULL_JTAG_TARGET_PATH=localhost:3121/xilinx_tcf/Xilinx/80802026a98b01
INFO: [Labtoolstcl 44-466] Opening hw_target localhost:3121/xilinx_tcf/Xilinx/80802026a98b01
R7_JTAG_DEVICE_COUNT=1
R7_SELECTED_DEVICE_PROPERTY_COUNT=123
R7_SELECTED_DEVICE_PROPERTY_0_NAME=AUTH_JTAG.FILE
R7_SELECTED_DEVICE_PROPERTY_0_VALUE=
R7_SELECTED_DEVICE_PROPERTY_1_NAME=BOOT_PROBES.FILE
R7_SELECTED_DEVICE_PROPERTY_1_VALUE=
R7_SELECTED_DEVICE_PROPERTY_2_NAME=BSCAN_SWITCH_USER_MASK
R7_SELECTED_DEVICE_PROPERTY_2_VALUE=0001
R7_SELECTED_DEVICE_PROPERTY_3_NAME=CLASS
R7_SELECTED_DEVICE_PROPERTY_3_VALUE=hw_device
R7_SELECTED_DEVICE_PROPERTY_4_NAME=DID
R7_SELECTED_DEVICE_PROPERTY_4_VALUE=jsn-DLC10-80802026a98b01-0362d093-0
R7_SELECTED_DEVICE_PROPERTY_5_NAME=FULL_PROBES.FILE
R7_SELECTED_DEVICE_PROPERTY_5_VALUE=
R7_SELECTED_DEVICE_PROPERTY_6_NAME=IDCODE
R7_SELECTED_DEVICE_PROPERTY_6_VALUE=00000011011000101101000010010011
R7_SELECTED_DEVICE_PROPERTY_7_NAME=IDCODE_HEX
R7_SELECTED_DEVICE_PROPERTY_7_VALUE=0362D093
R7_SELECTED_DEVICE_PROPERTY_8_NAME=INDEX
R7_SELECTED_DEVICE_PROPERTY_8_VALUE=0
R7_SELECTED_DEVICE_PROPERTY_9_NAME=IR_LENGTH
R7_SELECTED_DEVICE_PROPERTY_9_VALUE=6
R7_SELECTED_DEVICE_PROPERTY_10_NAME=IS_SYSMON_SUPPORTED
R7_SELECTED_DEVICE_PROPERTY_10_VALUE=1
R7_SELECTED_DEVICE_PROPERTY_11_NAME=MASK
R7_SELECTED_DEVICE_PROPERTY_11_VALUE=00001111111111111111111111111111
R7_SELECTED_DEVICE_PROPERTY_12_NAME=MASK_HEX
R7_SELECTED_DEVICE_PROPERTY_12_VALUE=0FFFFFFF
R7_SELECTED_DEVICE_PROPERTY_13_NAME=NAME
R7_SELECTED_DEVICE_PROPERTY_13_VALUE=xc7a35t_0
R7_SELECTED_DEVICE_PROPERTY_14_NAME=PART
R7_SELECTED_DEVICE_PROPERTY_14_VALUE=xc7a35t
R7_SELECTED_DEVICE_PROPERTY_15_NAME=PARTIAL_PROBES.FILES
R7_SELECTED_DEVICE_PROPERTY_15_VALUE=
R7_SELECTED_DEVICE_PROPERTY_16_NAME=PROBES.FILE
R7_SELECTED_DEVICE_PROPERTY_16_VALUE=
R7_SELECTED_DEVICE_PROPERTY_17_NAME=PROGRAM.BOOT_FILE
R7_SELECTED_DEVICE_PROPERTY_17_VALUE=
R7_SELECTED_DEVICE_PROPERTY_18_NAME=PROGRAM.DPA_COUNT
R7_SELECTED_DEVICE_PROPERTY_18_VALUE=0
R7_SELECTED_DEVICE_PROPERTY_19_NAME=PROGRAM.DPA_MODE
R7_SELECTED_DEVICE_PROPERTY_19_VALUE=
R7_SELECTED_DEVICE_PROPERTY_20_NAME=PROGRAM.DPA_PROTECT
R7_SELECTED_DEVICE_PROPERTY_20_VALUE=0
R7_SELECTED_DEVICE_PROPERTY_21_NAME=PROGRAM.FILE
R7_SELECTED_DEVICE_PROPERTY_21_VALUE=
R7_SELECTED_DEVICE_PROPERTY_22_NAME=PROGRAM.HW_BITSTREAM
R7_SELECTED_DEVICE_PROPERTY_22_VALUE=
R7_SELECTED_DEVICE_PROPERTY_23_NAME=PROGRAM.HW_CFGMEM
R7_SELECTED_DEVICE_PROPERTY_23_VALUE=
R7_SELECTED_DEVICE_PROPERTY_24_NAME=PROGRAM.HW_CFGMEM_BITFILE
R7_SELECTED_DEVICE_PROPERTY_24_VALUE=
R7_SELECTED_DEVICE_PROPERTY_25_NAME=PROGRAM.HW_CFGMEM_TYPE
R7_SELECTED_DEVICE_PROPERTY_25_VALUE=
R7_SELECTED_DEVICE_PROPERTY_26_NAME=PROGRAM.IS_AES_PROGRAMMED
R7_SELECTED_DEVICE_PROPERTY_26_VALUE=0
R7_SELECTED_DEVICE_PROPERTY_27_NAME=PROGRAM.IS_RSA_PROGRAMMED
R7_SELECTED_DEVICE_PROPERTY_27_VALUE=0
R7_SELECTED_DEVICE_PROPERTY_28_NAME=PROGRAM.IS_SUPPORTED
R7_SELECTED_DEVICE_PROPERTY_28_VALUE=1
R7_SELECTED_DEVICE_PROPERTY_29_NAME=PROGRAM.LOG
R7_SELECTED_DEVICE_PROPERTY_29_VALUE=
R7_SELECTED_DEVICE_PROPERTY_30_NAME=PROGRAM.OPTIONS
R7_SELECTED_DEVICE_PROPERTY_30_VALUE=
R7_SELECTED_DEVICE_PROPERTY_31_NAME=PROGRAM.READBACK_FILE
R7_SELECTED_DEVICE_PROPERTY_31_VALUE=
R7_SELECTED_DEVICE_PROPERTY_32_NAME=REGISTER.BOOT_STATUS
R7_SELECTED_DEVICE_PROPERTY_32_VALUE=00000000000000000000000000000001
R7_SELECTED_DEVICE_PROPERTY_33_NAME=REGISTER.BOOT_STATUS.BIT00_0_STATUS_VALID
R7_SELECTED_DEVICE_PROPERTY_33_VALUE=1
R7_SELECTED_DEVICE_PROPERTY_34_NAME=REGISTER.BOOT_STATUS.BIT01_0_FALLBACK
R7_SELECTED_DEVICE_PROPERTY_34_VALUE=0
R7_SELECTED_DEVICE_PROPERTY_35_NAME=REGISTER.BOOT_STATUS.BIT02_0_INTERNAL_PROG
R7_SELECTED_DEVICE_PROPERTY_35_VALUE=0
R7_SELECTED_DEVICE_PROPERTY_36_NAME=REGISTER.BOOT_STATUS.BIT03_0_WATCHDOG_TIMEOUT_ERROR
R7_SELECTED_DEVICE_PROPERTY_36_VALUE=0
R7_SELECTED_DEVICE_PROPERTY_37_NAME=REGISTER.BOOT_STATUS.BIT04_0_ID_ERROR
R7_SELECTED_DEVICE_PROPERTY_37_VALUE=0
R7_SELECTED_DEVICE_PROPERTY_38_NAME=REGISTER.BOOT_STATUS.BIT05_0_CRC_ERROR
R7_SELECTED_DEVICE_PROPERTY_38_VALUE=0
R7_SELECTED_DEVICE_PROPERTY_39_NAME=REGISTER.BOOT_STATUS.BIT06_0_WRAP_ERROR
R7_SELECTED_DEVICE_PROPERTY_39_VALUE=0
R7_SELECTED_DEVICE_PROPERTY_40_NAME=REGISTER.BOOT_STATUS.BIT07_0_SECURITY_ERROR
R7_SELECTED_DEVICE_PROPERTY_40_VALUE=0
R7_SELECTED_DEVICE_PROPERTY_41_NAME=REGISTER.BOOT_STATUS.BIT08_1_STATUS_VALID
R7_SELECTED_DEVICE_PROPERTY_41_VALUE=0
R7_SELECTED_DEVICE_PROPERTY_42_NAME=REGISTER.BOOT_STATUS.BIT09_1_FALLBACK
R7_SELECTED_DEVICE_PROPERTY_42_VALUE=0
R7_SELECTED_DEVICE_PROPERTY_43_NAME=REGISTER.BOOT_STATUS.BIT10_1_INTERNAL_PROG
R7_SELECTED_DEVICE_PROPERTY_43_VALUE=0
R7_SELECTED_DEVICE_PROPERTY_44_NAME=REGISTER.BOOT_STATUS.BIT11_1_WATCHDOG_TIMEOUT_ERROR
R7_SELECTED_DEVICE_PROPERTY_44_VALUE=0
R7_SELECTED_DEVICE_PROPERTY_45_NAME=REGISTER.BOOT_STATUS.BIT12_1_ID_ERROR
R7_SELECTED_DEVICE_PROPERTY_45_VALUE=0
R7_SELECTED_DEVICE_PROPERTY_46_NAME=REGISTER.BOOT_STATUS.BIT13_1_CRC_ERROR
R7_SELECTED_DEVICE_PROPERTY_46_VALUE=0
R7_SELECTED_DEVICE_PROPERTY_47_NAME=REGISTER.BOOT_STATUS.BIT14_1_WRAP_ERROR
R7_SELECTED_DEVICE_PROPERTY_47_VALUE=0
R7_SELECTED_DEVICE_PROPERTY_48_NAME=REGISTER.BOOT_STATUS.BIT15_1_SECURITY_ERROR
R7_SELECTED_DEVICE_PROPERTY_48_VALUE=0
R7_SELECTED_DEVICE_PROPERTY_49_NAME=REGISTER.BOOT_STATUS.BIT16_RESERVED
R7_SELECTED_DEVICE_PROPERTY_49_VALUE=0000000000000000
R7_SELECTED_DEVICE_PROPERTY_50_NAME=REGISTER.CONFIG_STATUS
R7_SELECTED_DEVICE_PROPERTY_50_VALUE=01010000000100000111100111111100
R7_SELECTED_DEVICE_PROPERTY_51_NAME=REGISTER.CONFIG_STATUS.BIT00_CRC_ERROR
R7_SELECTED_DEVICE_PROPERTY_51_VALUE=0
R7_SELECTED_DEVICE_PROPERTY_52_NAME=REGISTER.CONFIG_STATUS.BIT01_DECRYPTOR_ENABLE
R7_SELECTED_DEVICE_PROPERTY_52_VALUE=0
R7_SELECTED_DEVICE_PROPERTY_53_NAME=REGISTER.CONFIG_STATUS.BIT02_PLL_LOCK_STATUS
R7_SELECTED_DEVICE_PROPERTY_53_VALUE=1
R7_SELECTED_DEVICE_PROPERTY_54_NAME=REGISTER.CONFIG_STATUS.BIT03_DCI_MATCH_STATUS
R7_SELECTED_DEVICE_PROPERTY_54_VALUE=1
R7_SELECTED_DEVICE_PROPERTY_55_NAME=REGISTER.CONFIG_STATUS.BIT04_END_OF_STARTUP_(EOS)_STATUS
R7_SELECTED_DEVICE_PROPERTY_55_VALUE=1
R7_SELECTED_DEVICE_PROPERTY_56_NAME=REGISTER.CONFIG_STATUS.BIT05_GTS_CFG_B_STATUS
R7_SELECTED_DEVICE_PROPERTY_56_VALUE=1
R7_SELECTED_DEVICE_PROPERTY_57_NAME=REGISTER.CONFIG_STATUS.BIT06_GWE_STATUS
R7_SELECTED_DEVICE_PROPERTY_57_VALUE=1
R7_SELECTED_DEVICE_PROPERTY_58_NAME=REGISTER.CONFIG_STATUS.BIT07_GHIGH_STATUS
R7_SELECTED_DEVICE_PROPERTY_58_VALUE=1
R7_SELECTED_DEVICE_PROPERTY_59_NAME=REGISTER.CONFIG_STATUS.BIT08_MODE_PIN_M[0]
R7_SELECTED_DEVICE_PROPERTY_59_VALUE=1
R7_SELECTED_DEVICE_PROPERTY_60_NAME=REGISTER.CONFIG_STATUS.BIT09_MODE_PIN_M[1]
R7_SELECTED_DEVICE_PROPERTY_60_VALUE=0
R7_SELECTED_DEVICE_PROPERTY_61_NAME=REGISTER.CONFIG_STATUS.BIT10_MODE_PIN_M[2]
R7_SELECTED_DEVICE_PROPERTY_61_VALUE=0
R7_SELECTED_DEVICE_PROPERTY_62_NAME=REGISTER.CONFIG_STATUS.BIT11_INIT_B_INTERNAL_SIGNAL_STATUS
R7_SELECTED_DEVICE_PROPERTY_62_VALUE=1
R7_SELECTED_DEVICE_PROPERTY_63_NAME=REGISTER.CONFIG_STATUS.BIT12_INIT_B_PIN
R7_SELECTED_DEVICE_PROPERTY_63_VALUE=1
R7_SELECTED_DEVICE_PROPERTY_64_NAME=REGISTER.CONFIG_STATUS.BIT13_DONE_INTERNAL_SIGNAL_STATUS
R7_SELECTED_DEVICE_PROPERTY_64_VALUE=1
R7_SELECTED_DEVICE_PROPERTY_65_NAME=REGISTER.CONFIG_STATUS.BIT14_DONE_PIN
R7_SELECTED_DEVICE_PROPERTY_65_VALUE=1
R7_SELECTED_DEVICE_PROPERTY_66_NAME=REGISTER.CONFIG_STATUS.BIT15_IDCODE_ERROR
R7_SELECTED_DEVICE_PROPERTY_66_VALUE=0
R7_SELECTED_DEVICE_PROPERTY_67_NAME=REGISTER.CONFIG_STATUS.BIT16_SECURITY_ERROR
R7_SELECTED_DEVICE_PROPERTY_67_VALUE=0
R7_SELECTED_DEVICE_PROPERTY_68_NAME=REGISTER.CONFIG_STATUS.BIT17_SYSTEM_MONITOR_OVER-TEMP_ALARM_STATUS
R7_SELECTED_DEVICE_PROPERTY_68_VALUE=0
R7_SELECTED_DEVICE_PROPERTY_69_NAME=REGISTER.CONFIG_STATUS.BIT18_CFG_STARTUP_STATE_MACHINE_PHASE
R7_SELECTED_DEVICE_PROPERTY_69_VALUE=100
R7_SELECTED_DEVICE_PROPERTY_70_NAME=REGISTER.CONFIG_STATUS.BIT21_RESERVED
R7_SELECTED_DEVICE_PROPERTY_70_VALUE=0000
R7_SELECTED_DEVICE_PROPERTY_71_NAME=REGISTER.CONFIG_STATUS.BIT25_CFG_BUS_WIDTH_DETECTION
R7_SELECTED_DEVICE_PROPERTY_71_VALUE=00
R7_SELECTED_DEVICE_PROPERTY_72_NAME=REGISTER.CONFIG_STATUS.BIT27_HMAC_ERROR
R7_SELECTED_DEVICE_PROPERTY_72_VALUE=0
R7_SELECTED_DEVICE_PROPERTY_73_NAME=REGISTER.CONFIG_STATUS.BIT28_PUDC_B_PIN
R7_SELECTED_DEVICE_PROPERTY_73_VALUE=1
R7_SELECTED_DEVICE_PROPERTY_74_NAME=REGISTER.CONFIG_STATUS.BIT29_BAD_PACKET_ERROR
R7_SELECTED_DEVICE_PROPERTY_74_VALUE=0
R7_SELECTED_DEVICE_PROPERTY_75_NAME=REGISTER.CONFIG_STATUS.BIT30_CFGBVS_PIN
R7_SELECTED_DEVICE_PROPERTY_75_VALUE=1
R7_SELECTED_DEVICE_PROPERTY_76_NAME=REGISTER.CONFIG_STATUS.BIT31_RESERVED
R7_SELECTED_DEVICE_PROPERTY_76_VALUE=0
R7_SELECTED_DEVICE_PROPERTY_77_NAME=REGISTER.COR0
R7_SELECTED_DEVICE_PROPERTY_77_VALUE=02003fe5
R7_SELECTED_DEVICE_PROPERTY_78_NAME=REGISTER.COR0.BIT00_GWE_CYCLE
R7_SELECTED_DEVICE_PROPERTY_78_VALUE=101
R7_SELECTED_DEVICE_PROPERTY_79_NAME=REGISTER.COR0.BIT03_GTS_CYCLE
R7_SELECTED_DEVICE_PROPERTY_79_VALUE=100
R7_SELECTED_DEVICE_PROPERTY_80_NAME=REGISTER.COR0.BIT06_LOCK_CYCLE
R7_SELECTED_DEVICE_PROPERTY_80_VALUE=111
R7_SELECTED_DEVICE_PROPERTY_81_NAME=REGISTER.COR0.BIT09_MATCH_CYCLE
R7_SELECTED_DEVICE_PROPERTY_81_VALUE=111
R7_SELECTED_DEVICE_PROPERTY_82_NAME=REGISTER.COR0.BIT12_DONE_CYCLE
R7_SELECTED_DEVICE_PROPERTY_82_VALUE=011
R7_SELECTED_DEVICE_PROPERTY_83_NAME=REGISTER.COR0.BIT15_SSCLKSRC
R7_SELECTED_DEVICE_PROPERTY_83_VALUE=00
R7_SELECTED_DEVICE_PROPERTY_84_NAME=REGISTER.COR0.BIT17_OSCFSEL
R7_SELECTED_DEVICE_PROPERTY_84_VALUE=000000
R7_SELECTED_DEVICE_PROPERTY_85_NAME=REGISTER.COR0.BIT23_SINGLE
R7_SELECTED_DEVICE_PROPERTY_85_VALUE=0
R7_SELECTED_DEVICE_PROPERTY_86_NAME=REGISTER.COR0.BIT24_DRIVE_DONE
R7_SELECTED_DEVICE_PROPERTY_86_VALUE=0
R7_SELECTED_DEVICE_PROPERTY_87_NAME=REGISTER.COR0.BIT25_DONE_PIPE
R7_SELECTED_DEVICE_PROPERTY_87_VALUE=1
R7_SELECTED_DEVICE_PROPERTY_88_NAME=REGISTER.COR0.BIT26_RESERVED
R7_SELECTED_DEVICE_PROPERTY_88_VALUE=0
R7_SELECTED_DEVICE_PROPERTY_89_NAME=REGISTER.COR0.BIT27_PWRDWN_STAT
R7_SELECTED_DEVICE_PROPERTY_89_VALUE=0
R7_SELECTED_DEVICE_PROPERTY_90_NAME=REGISTER.COR0.BIT28_RESERVED
R7_SELECTED_DEVICE_PROPERTY_90_VALUE=0000
R7_SELECTED_DEVICE_PROPERTY_91_NAME=REGISTER.COR1
R7_SELECTED_DEVICE_PROPERTY_91_VALUE=00000000
R7_SELECTED_DEVICE_PROPERTY_92_NAME=REGISTER.COR1.BIT00_BPI_PAGE_SIZE
R7_SELECTED_DEVICE_PROPERTY_92_VALUE=00
R7_SELECTED_DEVICE_PROPERTY_93_NAME=REGISTER.COR1.BIT02_BPI_1ST_READ_CYCLE
R7_SELECTED_DEVICE_PROPERTY_93_VALUE=00
R7_SELECTED_DEVICE_PROPERTY_94_NAME=REGISTER.COR1.BIT04_RESERVED
R7_SELECTED_DEVICE_PROPERTY_94_VALUE=0000
R7_SELECTED_DEVICE_PROPERTY_95_NAME=REGISTER.COR1.BIT08_RBCRC_EN
R7_SELECTED_DEVICE_PROPERTY_95_VALUE=0
R7_SELECTED_DEVICE_PROPERTY_96_NAME=REGISTER.COR1.BIT09_RBCRC_NO_PIN
R7_SELECTED_DEVICE_PROPERTY_96_VALUE=0
R7_SELECTED_DEVICE_PROPERTY_97_NAME=REGISTER.COR1.BIT10_RESERVED
R7_SELECTED_DEVICE_PROPERTY_97_VALUE=00000
R7_SELECTED_DEVICE_PROPERTY_98_NAME=REGISTER.COR1.BIT15_RBCRC_ACTION
R7_SELECTED_DEVICE_PROPERTY_98_VALUE=00
R7_SELECTED_DEVICE_PROPERTY_99_NAME=REGISTER.COR1.BIT17_PERSIST_DEASSERT_AT_DESYNC
R7_SELECTED_DEVICE_PROPERTY_99_VALUE=0
R7_SELECTED_DEVICE_PROPERTY_100_NAME=REGISTER.COR1.BIT18_RESERVED
R7_SELECTED_DEVICE_PROPERTY_100_VALUE=00000000000000
R7_SELECTED_DEVICE_PROPERTY_101_NAME=REGISTER.IR
R7_SELECTED_DEVICE_PROPERTY_101_VALUE=110101
R7_SELECTED_DEVICE_PROPERTY_102_NAME=REGISTER.IR.BIT0_ALWAYS_ONE
R7_SELECTED_DEVICE_PROPERTY_102_VALUE=1
R7_SELECTED_DEVICE_PROPERTY_103_NAME=REGISTER.IR.BIT1_ALWAYS_ZERO
R7_SELECTED_DEVICE_PROPERTY_103_VALUE=0
R7_SELECTED_DEVICE_PROPERTY_104_NAME=REGISTER.IR.BIT2_ISC_DONE
R7_SELECTED_DEVICE_PROPERTY_104_VALUE=1
R7_SELECTED_DEVICE_PROPERTY_105_NAME=REGISTER.IR.BIT3_ISC_ENABLED
R7_SELECTED_DEVICE_PROPERTY_105_VALUE=0
R7_SELECTED_DEVICE_PROPERTY_106_NAME=REGISTER.IR.BIT4_INIT_COMPLETE
R7_SELECTED_DEVICE_PROPERTY_106_VALUE=1
R7_SELECTED_DEVICE_PROPERTY_107_NAME=REGISTER.IR.BIT5_DONE
R7_SELECTED_DEVICE_PROPERTY_107_VALUE=1
R7_SELECTED_DEVICE_PROPERTY_108_NAME=REGISTER.TIMER
R7_SELECTED_DEVICE_PROPERTY_108_VALUE=00000000
R7_SELECTED_DEVICE_PROPERTY_109_NAME=REGISTER.TIMER.BIT00_TIMER_VALUE
R7_SELECTED_DEVICE_PROPERTY_109_VALUE=000000000000000000000000000000
R7_SELECTED_DEVICE_PROPERTY_110_NAME=REGISTER.TIMER.BIT30_TIMER_CFG_MON
R7_SELECTED_DEVICE_PROPERTY_110_VALUE=0
R7_SELECTED_DEVICE_PROPERTY_111_NAME=REGISTER.TIMER.BIT31_TIMER_USR_MON
R7_SELECTED_DEVICE_PROPERTY_111_VALUE=0
R7_SELECTED_DEVICE_PROPERTY_112_NAME=REGISTER.USERCODE
R7_SELECTED_DEVICE_PROPERTY_112_VALUE=ffffffff
R7_SELECTED_DEVICE_PROPERTY_113_NAME=REGISTER.USR_ACCESS
R7_SELECTED_DEVICE_PROPERTY_113_VALUE=00000000
R7_SELECTED_DEVICE_PROPERTY_114_NAME=REGISTER.WBSTAR
R7_SELECTED_DEVICE_PROPERTY_114_VALUE=00000000
R7_SELECTED_DEVICE_PROPERTY_115_NAME=REGISTER.WBSTAR.BIT00_START_ADDR
R7_SELECTED_DEVICE_PROPERTY_115_VALUE=00000000000000000000000000000
R7_SELECTED_DEVICE_PROPERTY_116_NAME=REGISTER.WBSTAR.BIT29_RS_TS_B
R7_SELECTED_DEVICE_PROPERTY_116_VALUE=0
R7_SELECTED_DEVICE_PROPERTY_117_NAME=REGISTER.WBSTAR.BIT30_RS
R7_SELECTED_DEVICE_PROPERTY_117_VALUE=00
R7_SELECTED_DEVICE_PROPERTY_118_NAME=UNKNOWN_DEVICE
R7_SELECTED_DEVICE_PROPERTY_118_VALUE=0
R7_SELECTED_DEVICE_PROPERTY_119_NAME=USE_BSCAN_FALLBACK
R7_SELECTED_DEVICE_PROPERTY_119_VALUE=Default
R7_SELECTED_DEVICE_PROPERTY_120_NAME=USER_CHAIN_COUNT
R7_SELECTED_DEVICE_PROPERTY_120_VALUE=4
R7_SELECTED_DEVICE_PROPERTY_121_NAME=VARIANT_NAME
R7_SELECTED_DEVICE_PROPERTY_121_VALUE=
R7_SELECTED_DEVICE_PROPERTY_122_NAME=XSDB_USER_BSCAN
R7_SELECTED_DEVICE_PROPERTY_122_VALUE=1,3
FPGA_PART=xc7a35t
FPGA_IDCODE=0362D093
INFO: [Labtools 27-1434] Device xc7a35t (JTAG device index = 0) is programmed with a design that has no supported soft debug core(s) in it.
FPGA_DONE=1
INDEPENDENT_DONE_GATE=PASS_SELECTED_TARGET_DONE_1
FPGA_PROGRAM_INVOCATIONS_THIS_SCRIPT=0
READ_ONLY_JTAG_END_UTC=2026-08-25T14:55:08Z
INFO: [Labtoolstcl 44-464] Closing hw_target localhost:3121/xilinx_tcf/Xilinx/80802026a98b01
INFO: [Common 17-206] Exiting Vivado at Tue Aug 25 16:55:08 2026...
