UTC_START=2026-08-25T14:57:33.3865689Z
UTC_END=2026-08-25T14:57:35.7894661Z
EVIDENCE_KIND=R1H_FULL_TELEMETRY_A2_R1F
RESULT=PASS
EXIT_CODE=0
ARGUMENT_TOKEN_AUDIT=PASS
PLINK_PW_OPTION_USED=NO
PLINK_PWFILE_OPTION_USED=YES
USERNAME_ROLE_OCCURRENCE=YES_AUTHORIZED
PASSWORD_ROLE_ARGUMENT_OCCURRENCE=NO
REMOTE_COMMAND_SHARED_LITERAL=NO
INHERITED_ENVIRONMENT_AUDIT=PASS
PWFILE_CREATED=YES
PWFILE_DELETED=YES
STDOUT_BEGIN
{
  "READ_ONLY": "YES",
  "STATIC_SNAPSHOTS_MATCH": "YES",
  "T0": {
    "bank_invariants": {
      "check_count": 3300,
      "coherence": "PASS_ZERO_INVARIANT_ERRORS",
      "error_count": 0,
      "final_physical_bank": 0,
      "first_error": null
    },
    "failed_transaction_log": {
      "all_64_entries_raw_words": [
        [
          "0x00580074",
          "0x32676159",
          "0x1B000C2A",
          "0x00000202",
          "0x1E010200",
          "0x00000058"
        ],
        [
          "0x00A600BA",
          "0x326761A7",
          "0x1B000088",
          "0x00000000",
          "0x1E010000",
          "0x000000A6"
        ],
        [
          "0xFFFF00FA",
          "0x323B83E1",
          "0x190000E0",
          "0x00000000",
          "0x1E010000",
          "0x00000009"
        ],
        [
          "0xFFFF00FD",
          "0x318B83E4",
          "0x190000EA",
          "0x00000000",
          "0x1E010000",
          "0x0000000C"
        ],
        [
          "0xFFFF0102",
          "0x312BA5E9",
          "0x190000C2",
          "0x00000101",
          "0x1E010100",
          "0x00000000"
        ],
        [
          "0x00000000",
          "0x00000000",
          "0x00000000",
          "0x00000000",
          "0x00000000",
          "0x00000000"
        ],
        [
          "0x00000000",
          "0x00000000",
          "0x00000000",
          "0x00000000",
          "0x00000000",
          "0x00000000"
        ],
        [
          "0x00000000",
          "0x00000000",
          "0x00000000",
          "0x00000000",
          "0x00000000",
          "0x00000000"
        ],
        [
          "0x00000000",
          "0x00000000",
          "0x00000000",
          "0x00000000",
          "0x00000000",
          "0x00000000"
        ],
        [
          "0x00000000",
          "0x00000000",
          "0x00000000",
          "0x00000000",
          "0x00000000",
          "0x00000000"
        ],
        [
          "0x00000000",
          "0x00000000",
          "0x00000000",
          "0x00000000",
          "0x00000000",
          "0x00000000"
        ],
        [
          "0x00000000",
          "0x00000000",
          "0x00000000",
          "0x00000000",
          "0x00000000",
          "0x00000000"
        ],
        [
          "0x00000000",
          "0x00000000",
          "0x00000000",
          "0x00000000",
          "0x00000000",
          "0x00000000"
        ],
        [
          "0x00000000",
          "0x00000000",
          "0x00000000",
          "0x00000000",
          "0x00000000",
          "0x00000000"
        ],
        [
          "0x00000000",
          "0x00000000",
          "0x00000000",
          "0x00000000",
          "0x00000000",
          "0x00000000"
        ],
        [
          "0x00000000",
          "0x00000000",
          "0x00000000",
          "0x00000000",
          "0x00000000",
          "0x00000000"
        ],
        [
          "0x00000000",
          "0x00000000",
          "0x00000000",
          "0x00000000",
          "0x00000000",
          "0x00000000"
        ],
        [
          "0x00000000",
          "0x00000000",
          "0x00000000",
          "0x00000000",
          "0x00000000",
          "0x00000000"
        ],
        [
          "0x00000000",
          "0x00000000",
          "0x00000000",
          "0x00000000",
          "0x00000000",
          "0x00000000"
        ],
        [
          "0x00000000",
          "0x00000000",
          "0x00000000",
          "0x00000000",
          "0x00000000",
          "0x00000000"
        ],
        [
          "0x00000000",
          "0x00000000",
          "0x00000000",
          "0x00000000",
          "0x00000000",
          "0x00000000"
        ],
        [
          "0x00000000",
          "0x00000000",
          "0x00000000",
          "0x00000000",
          "0x00000000",
          "0x00000000"
        ],
        [
          "0x00000000",
          "0x00000000",
          "0x00000000",
          "0x00000000",
          "0x00000000",
          "0x00000000"
        ],
        [
          "0x00000000",
          "0x00000000",
          "0x00000000",
          "0x00000000",
          "0x00000000",
          "0x00000000"
        ],
        [
          "0x00000000",
          "0x00000000",
          "0x00000000",
          "0x00000000",
          "0x00000000",
          "0x00000000"
        ],
        [
          "0x00000000",
          "0x00000000",
          "0x00000000",
          "0x00000000",
          "0x00000000",
          "0x00000000"
        ],
        [
          "0x00000000",
          "0x00000000",
          "0x00000000",
          "0x00000000",
          "0x00000000",
          "0x00000000"
        ],
        [
          "0x00000000",
          "0x00000000",
          "0x00000000",
          "0x00000000",
          "0x00000000",
          "0x00000000"
        ],
        [
          "0x00000000",
          "0x00000000",
          "0x00000000",
          "0x00000000",
          "0x00000000",
          "0x00000000"
        ],
        [
          "0x00000000",
          "0x00000000",
          "0x00000000",
          "0x00000000",
          "0x00000000",
          "0x00000000"
        ],
        [
          "0x00000000",
          "0x00000000",
          "0x00000000",
          "0x00000000",
          "0x00000000",
          "0x00000000"
        ],
        [
          "0x00000000",
          "0x00000000",
          "0x00000000",
          "0x00000000",
          "0x00000000",
          "0x00000000"
        ],
        [
          "0x00000000",
          "0x00000000",
          "0x00000000",
          "0x00000000",
          "0x00000000",
          "0x00000000"
        ],
        [
          "0x00000000",
          "0x00000000",
          "0x00000000",
          "0x00000000",
          "0x00000000",
          "0x00000000"
        ],
        [
          "0x00000000",
          "0x00000000",
          "0x00000000",
          "0x00000000",
          "0x00000000",
          "0x00000000"
        ],
        [
          "0x00000000",
          "0x00000000",
          "0x00000000",
          "0x00000000",
          "0x00000000",
          "0x00000000"
        ],
        [
          "0x00000000",
          "0x00000000",
          "0x00000000",
          "0x00000000",
          "0x00000000",
          "0x00000000"
        ],
        [
          "0x00000000",
          "0x00000000",
          "0x00000000",
          "0x00000000",
          "0x00000000",
          "0x00000000"
        ],
        [
          "0x00000000",
          "0x00000000",
          "0x00000000",
          "0x00000000",
          "0x00000000",
          "0x00000000"
        ],
        [
          "0x00000000",
          "0x00000000",
          "0x00000000",
          "0x00000000",
          "0x00000000",
          "0x00000000"
        ],
        [
          "0x00000000",
          "0x00000000",
          "0x00000000",
          "0x00000000",
          "0x00000000",
          "0x00000000"
        ],
        [
          "0x00000000",
          "0x00000000",
          "0x00000000",
          "0x00000000",
          "0x00000000",
          "0x00000000"
        ],
        [
          "0x00000000",
          "0x00000000",
          "0x00000000",
          "0x00000000",
          "0x00000000",
          "0x00000000"
        ],
        [
          "0x00000000",
          "0x00000000",
          "0x00000000",
          "0x00000000",
          "0x00000000",
          "0x00000000"
        ],
        [
          "0x00000000",
          "0x00000000",
          "0x00000000",
          "0x00000000",
          "0x00000000",
          "0x00000000"
        ],
        [
          "0x00000000",
          "0x00000000",
          "0x00000000",
          "0x00000000",
          "0x00000000",
          "0x00000000"
        ],
        [
          "0x00000000",
          "0x00000000",
          "0x00000000",
          "0x00000000",
          "0x00000000",
          "0x00000000"
        ],
        [
          "0x00000000",
          "0x00000000",
          "0x00000000",
          "0x00000000",
          "0x00000000",
          "0x00000000"
        ],
        [
          "0x00000000",
          "0x00000000",
          "0x00000000",
          "0x00000000",
          "0x00000000",
          "0x00000000"
        ],
        [
          "0x00000000",
          "0x00000000",
          "0x00000000",
          "0x00000000",
          "0x00000000",
          "0x00000000"
        ],
        [
          "0x00000000",
          "0x00000000",
          "0x00000000",
          "0x00000000",
          "0x00000000",
          "0x00000000"
        ],
        [
          "0x00000000",
          "0x00000000",
          "0x00000000",
          "0x00000000",
          "0x00000000",
          "0x00000000"
        ],
        [
          "0x00000000",
          "0x00000000",
          "0x00000000",
          "0x00000000",
          "0x00000000",
          "0x00000000"
        ],
        [
          "0x00000000",
          "0x00000000",
          "0x00000000",
          "0x00000000",
          "0x00000000",
          "0x00000000"
        ],
        [
          "0x00000000",
          "0x00000000",
          "0x00000000",
          "0x00000000",
          "0x00000000",
          "0x00000000"
        ],
        [
          "0x00000000",
          "0x00000000",
          "0x00000000",
          "0x00000000",
          "0x00000000",
          "0x00000000"
        ],
        [
          "0x00000000",
          "0x00000000",
          "0x00000000",
          "0x00000000",
          "0x00000000",
          "0x00000000"
        ],
        [
          "0x00000000",
          "0x00000000",
          "0x00000000",
          "0x00000000",
          "0x00000000",
          "0x00000000"
        ],
        [
          "0x00000000",
          "0x00000000",
          "0x00000000",
          "0x00000000",
          "0x00000000",
          "0x00000000"
        ],
        [
          "0x00000000",
          "0x00000000",
          "0x00000000",
          "0x00000000",
          "0x00000000",
          "0x00000000"
        ],
        [
          "0x00000000",
          "0x00000000",
          "0x00000000",
          "0x00000000",
          "0x00000000",
          "0x00000000"
        ],
        [
          "0x00000000",
          "0x00000000",
          "0x00000000",
          "0x00000000",
          "0x00000000",
          "0x00000000"
        ],
        [
          "0x00000000",
          "0x00000000",
          "0x00000000",
          "0x00000000",
          "0x00000000",
          "0x00000000"
        ],
        [
          "0x00000000",
          "0x00000000",
          "0x00000000",
          "0x00000000",
          "0x00000000",
          "0x00000000"
        ]
      ],
      "first_index": 116,
      "last_index": 258,
      "next_transaction_serial": 275,
      "overflow": false,
      "records": [
        {
          "autoinit_phase": "PH_INIT",
          "autoinit_phase_code": 1,
          "bank_update_reason": "NO_CHANGE",
          "bank_update_reason_code": 0,
          "bank_verify_expected": null,
          "bank_verify_observed": null,
          "bank_verify_result": "NOT_APPLICABLE",
          "bank_verify_result_code": 0,
          "entry": 0,
          "fsm_context": 88,
          "fsm_state": 30,
          "legacy_operation_index_8": 89,
          "legacy_operation_index_authoritative": false,
          "nack_count_within_transaction": 2,
          "phase_nack_bitmap": 6,
          "phase_opportunity_bitmap": 7,
          "physical_bank_after": 2,
          "physical_bank_before": 2,
          "raw_words": [
            "0x00580074",
            "0x32676159",
            "0x1B000C2A",
            "0x00000202",
            "0x1E010200",
            "0x00000058"
          ],
          "read_data": null,
          "record_valid": true,
          "register_address": 42,
          "requested_bank": 2,
          "selector_value_sent": null,
          "table_slot_index_16": 88,
          "terminal_error_code": 0,
          "timeout": false,
          "transaction_completed": true,
          "transaction_index_16": 116,
          "transaction_kind": "INIT_TARGET_WRITE",
          "transaction_kind_code": 6,
          "valid_bits": {
            "physical_bank_after": true,
            "physical_bank_before": true,
            "read_data": false,
            "register_address": true,
            "requested_bank": true,
            "selector_value": false,
            "verify_expected": false,
            "verify_observed": false,
            "write_data": true
          },
          "write_data": 12
        },
        {
          "autoinit_phase": "PH_INIT",
          "autoinit_phase_code": 1,
          "bank_update_reason": "NO_CHANGE",
          "bank_update_reason_code": 0,
          "bank_verify_expected": null,
          "bank_verify_observed": null,
          "bank_verify_result": "NOT_APPLICABLE",
          "bank_verify_result_code": 0,
          "entry": 1,
          "fsm_context": 166,
          "fsm_state": 30,
          "legacy_operation_index_8": 167,
          "legacy_operation_index_authoritative": false,
          "nack_count_within_transaction": 2,
          "phase_nack_bitmap": 6,
          "phase_opportunity_bitmap": 7,
          "physical_bank_after": 0,
          "physical_bank_before": 0,
          "raw_words": [
            "0x00A600BA",
            "0x326761A7",
            "0x1B000088",
            "0x00000000",
            "0x1E010000",
            "0x000000A6"
          ],
          "read_data": null,
          "record_valid": true,
          "register_address": 136,
          "requested_bank": 0,
          "selector_value_sent": null,
          "table_slot_index_16": 166,
          "terminal_error_code": 0,
          "timeout": false,
          "transaction_completed": true,
          "transaction_index_16": 186,
          "transaction_kind": "INIT_TARGET_WRITE",
          "transaction_kind_code": 6,
          "valid_bits": {
            "physical_bank_after": true,
            "physical_bank_before": true,
            "read_data": false,
            "register_address": true,
            "requested_bank": true,
            "selector_value": false,
            "verify_expected": false,
            "verify_observed": false,
            "write_data": true
          },
          "write_data": 0
        },
        {
          "autoinit_phase": "PH_WIN_READ",
          "autoinit_phase_code": 3,
          "bank_update_reason": "NO_CHANGE",
          "bank_update_reason_code": 0,
          "bank_verify_expected": null,
          "bank_verify_observed": null,
          "bank_verify_result": "NOT_APPLICABLE",
          "bank_verify_result_code": 0,
          "entry": 2,
          "fsm_context": 9,
          "fsm_state": 30,
          "legacy_operation_index_8": 225,
          "legacy_operation_index_authoritative": false,
          "nack_count_within_transaction": 2,
          "phase_nack_bitmap": 3,
          "phase_opportunity_bitmap": 11,
          "physical_bank_after": 0,
          "physical_bank_before": 0,
          "raw_words": [
            "0xFFFF00FA",
            "0x323B83E1",
            "0x190000E0",
            "0x00000000",
            "0x1E010000",
            "0x00000009"
          ],
          "read_data": null,
          "record_valid": true,
          "register_address": 224,
          "requested_bank": 0,
          "selector_value_sent": null,
          "table_slot_index_16": 65535,
          "terminal_error_code": 0,
          "timeout": false,
          "transaction_completed": true,
          "transaction_index_16": 250,
          "transaction_kind": "WINDOW_REGISTER_READ",
          "transaction_kind_code": 8,
          "valid_bits": {
            "physical_bank_after": true,
            "physical_bank_before": true,
            "read_data": false,
            "register_address": true,
            "requested_bank": true,
            "selector_value": false,
            "verify_expected": false,
            "verify_observed": false,
            "write_data": false
          },
          "write_data": null
        },
        {
          "autoinit_phase": "PH_WIN_READ",
          "autoinit_phase_code": 3,
          "bank_update_reason": "NO_CHANGE",
          "bank_update_reason_code": 0,
          "bank_verify_expected": null,
          "bank_verify_observed": null,
          "bank_verify_result": "NOT_APPLICABLE",
          "bank_verify_result_code": 0,
          "entry": 3,
          "fsm_context": 12,
          "fsm_state": 30,
          "legacy_operation_index_8": 228,
          "legacy_operation_index_authoritative": false,
          "nack_count_within_transaction": 1,
          "phase_nack_bitmap": 8,
          "phase_opportunity_bitmap": 11,
          "physical_bank_after": 0,
          "physical_bank_before": 0,
          "raw_words": [
            "0xFFFF00FD",
            "0x318B83E4",
            "0x190000EA",
            "0x00000000",
            "0x1E010000",
            "0x0000000C"
          ],
          "read_data": null,
          "record_valid": true,
          "register_address": 234,
          "requested_bank": 0,
          "selector_value_sent": null,
          "table_slot_index_16": 65535,
          "terminal_error_code": 0,
          "timeout": false,
          "transaction_completed": true,
          "transaction_index_16": 253,
          "transaction_kind": "WINDOW_REGISTER_READ",
          "transaction_kind_code": 8,
          "valid_bits": {
            "physical_bank_after": true,
            "physical_bank_before": true,
            "read_data": false,
            "register_address": true,
            "requested_bank": true,
            "selector_value": false,
            "verify_expected": false,
            "verify_observed": false,
            "write_data": false
          },
          "write_data": null
        },
        {
          "autoinit_phase": "PH_OUT_READ",
          "autoinit_phase_code": 5,
          "bank_update_reason": "NO_CHANGE",
          "bank_update_reason_code": 0,
          "bank_verify_expected": null,
          "bank_verify_observed": null,
          "bank_verify_result": "NOT_APPLICABLE",
          "bank_verify_result_code": 0,
          "entry": 4,
          "fsm_context": 0,
          "fsm_state": 30,
          "legacy_operation_index_8": 233,
          "legacy_operation_index_authoritative": false,
          "nack_count_within_transaction": 1,
          "phase_nack_bitmap": 2,
          "phase_opportunity_bitmap": 11,
          "physical_bank_after": 1,
          "physical_bank_before": 1,
          "raw_words": [
            "0xFFFF0102",
            "0x312BA5E9",
            "0x190000C2",
            "0x00000101",
            "0x1E010100",
            "0x00000000"
          ],
          "read_data": null,
          "record_valid": true,
          "register_address": 194,
          "requested_bank": 1,
          "selector_value_sent": null,
          "table_slot_index_16": 65535,
          "terminal_error_code": 0,
          "timeout": false,
          "transaction_completed": true,
          "transaction_index_16": 258,
          "transaction_kind": "OUTPUT_REGISTER_READ",
          "transaction_kind_code": 10,
          "valid_bits": {
            "physical_bank_after": true,
            "physical_bank_before": true,
            "read_data": false,
            "register_address": true,
            "requested_bank": true,
            "selector_value": false,
            "verify_expected": false,
            "verify_observed": false,
            "write_data": false
          },
          "write_data": null
        }
      ],
      "stored": 5,
      "structural_consistency": "PASS",
      "total": 5
    },
    "header": {
      "autoinit_i2c_hz": 25000,
      "blocks_per_phase": 10,
      "capabilities": "0x000007FF",
      "index_capacity_per_phase": 512,
      "log_capacity": 64,
      "magic": "0x31463152",
      "max_attempts_per_phase": 12000,
      "opportunities_per_block": 1000,
      "probe_i2c_hz": 25000,
      "probe_phase_mask": "0x00000007",
      "record_version": 1,
      "record_width_bits": 192,
      "record_words": 6,
      "safe_target": {
        "bank": 0,
        "data": 0,
        "proven": true,
        "register": 133
      },
      "target_opportunities_per_phase": 10000,
      "version": 1
    },
    "image": "r1f",
    "legacy_17_words": [
      "0x08000028",
      "0x0C2A0259",
      "0x00030202",
      "0x0C2A0359",
      "0x00030202",
      "0x008802A7",
      "0x00030000",
      "0x008803A7",
      "0x00030000",
      "0x00E001E1",
      "0x00030000",
      "0x00E002E1",
      "0x00030000",
      "0x00EA04E4",
      "0x00030000",
      "0x00C202E9",
      "0x00030101"
    ],
    "legacy_ordered_nack": {
      "control_flow_replay_scope": "COMPLETE_LOG_AVAILABLE",
      "current_metadata_bank": 0,
      "current_physical_bank": 0,
      "first_error_code": 2,
      "first_error_data": 12,
      "first_error_metadata_bank": 2,
      "first_error_physical_bank": 2,
      "first_error_register": 42,
      "first_error_step": 89,
      "first_error_valid": 1,
      "header_consistency": "PASS",
      "i2c_state": 0,
      "log_capacity": 8,
      "log_count": 8,
      "log_overflow": 0,
      "nack_count": 8,
      "operation_index": 249,
      "original_ff": 0,
      "phase": 8,
      "physical_bank_valid": 1,
      "records": [
        {
          "data": 12,
          "index": 0,
          "metadata_bank": 2,
          "operation_index": 89,
          "phase_code": 2,
          "phase_name": "REGISTER_ADDRESS_ACK",
          "physical_bank": 2,
          "physical_bank_valid": 1,
          "raw": "0x000302020C2A0259",
          "register": 42,
          "reserved": 0,
          "valid": 1
        },
        {
          "data": 12,
          "index": 1,
          "metadata_bank": 2,
          "operation_index": 89,
          "phase_code": 3,
          "phase_name": "DATA_ACK",
          "physical_bank": 2,
          "physical_bank_valid": 1,
          "raw": "0x000302020C2A0359",
          "register": 42,
          "reserved": 0,
          "valid": 1
        },
        {
          "data": 0,
          "index": 2,
          "metadata_bank": 0,
          "operation_index": 167,
          "phase_code": 2,
          "phase_name": "REGISTER_ADDRESS_ACK",
          "physical_bank": 0,
          "physical_bank_valid": 1,
          "raw": "0x00030000008802A7",
          "register": 136,
          "reserved": 0,
          "valid": 1
        },
        {
          "data": 0,
          "index": 3,
          "metadata_bank": 0,
          "operation_index": 167,
          "phase_code": 3,
          "phase_name": "DATA_ACK",
          "physical_bank": 0,
          "physical_bank_valid": 1,
          "raw": "0x00030000008803A7",
          "register": 136,
          "reserved": 0,
          "valid": 1
        },
        {
          "data": 0,
          "index": 4,
          "metadata_bank": 0,
          "operation_index": 225,
          "phase_code": 1,
          "phase_name": "WRITE_ADDRESS_ACK",
          "physical_bank": 0,
          "physical_bank_valid": 1,
          "raw": "0x0003000000E001E1",
          "register": 224,
          "reserved": 0,
          "valid": 1
        },
        {
          "data": 0,
          "index": 5,
          "metadata_bank": 0,
          "operation_index": 225,
          "phase_code": 2,
          "phase_name": "REGISTER_ADDRESS_ACK",
          "physical_bank": 0,
          "physical_bank_valid": 1,
          "raw": "0x0003000000E002E1",
          "register": 224,
          "reserved": 0,
          "valid": 1
        },
        {
          "data": 0,
          "index": 6,
          "metadata_bank": 0,
          "operation_index": 228,
          "phase_code": 4,
          "phase_name": "READ_ADDRESS_ACK",
          "physical_bank": 0,
          "physical_bank_valid": 1,
          "raw": "0x0003000000EA04E4",
          "register": 234,
          "reserved": 0,
          "valid": 1
        },
        {
          "data": 0,
          "index": 7,
          "metadata_bank": 1,
          "operation_index": 233,
          "phase_code": 2,
          "phase_name": "REGISTER_ADDRESS_ACK",
          "physical_bank": 1,
          "physical_bank_valid": 1,
          "raw": "0x0003010100C202E9",
          "register": 194,
          "reserved": 0,
          "valid": 1
        }
      ],
      "restored_ff": 0,
      "table_length": 214,
      "timeout_count": 0
    },
    "legacy_reconciliation": {
      "compared_prefix_count": 8,
      "comparisons": [
        {
          "checks": {
            "legacy_operation": true,
            "phase": true,
            "physical_bank_before": true,
            "register": true,
            "requested_bank": true,
            "write_data": true
          },
          "event": 0,
          "transaction_index_16": 116
        },
        {
          "checks": {
            "legacy_operation": true,
            "phase": true,
            "physical_bank_before": true,
            "register": true,
            "requested_bank": true,
            "write_data": true
          },
          "event": 1,
          "transaction_index_16": 116
        },
        {
          "checks": {
            "legacy_operation": true,
            "phase": true,
            "physical_bank_before": true,
            "register": true,
            "requested_bank": true,
            "write_data": true
          },
          "event": 2,
          "transaction_index_16": 186
        },
        {
          "checks": {
            "legacy_operation": true,
            "phase": true,
            "physical_bank_before": true,
            "register": true,
            "requested_bank": true,
            "write_data": true
          },
          "event": 3,
          "transaction_index_16": 186
        },
        {
          "checks": {
            "legacy_operation": true,
            "phase": true,
            "physical_bank_before": true,
            "register": true,
            "requested_bank": true
          },
          "event": 4,
          "transaction_index_16": 250
        },
        {
          "checks": {
            "legacy_operation": true,
            "phase": true,
            "physical_bank_before": true,
            "register": true,
            "requested_bank": true
          },
          "event": 5,
          "transaction_index_16": 250
        },
        {
          "checks": {
            "legacy_operation": true,
            "phase": true,
            "physical_bank_before": true,
            "register": true,
            "requested_bank": true
          },
          "event": 6,
          "transaction_index_16": 253
        },
        {
          "checks": {
            "legacy_operation": true,
            "phase": true,
            "physical_bank_before": true,
            "register": true,
            "requested_bank": true
          },
          "event": 7,
          "transaction_index_16": 258
        }
      ],
      "expanded_event_count": 8,
      "result": "PASS",
      "scope": "COMPLETE_FAILED_TRANSACTION_LOG"
    },
    "lifecycle": {
      "actual": 132584735,
      "expected": 132584734,
      "extension_cycles": 1,
      "shortening_cycles": 0,
      "shortening_residual_cycles": 0,
      "shortening_ticks_exact": 0.0,
      "shortening_ticks_nearest": 0,
      "signed_error_cycles": 1
    },
    "phase_counters": {
      "DATA": {
        "acks": 218,
        "nacks": 2,
        "opportunities": 220,
        "rate": 0.00909090909090909
      },
      "RADDR": {
        "acks": 54,
        "nacks": 1,
        "opportunities": 55,
        "rate": 0.01818181818181818
      },
      "REGADDR": {
        "acks": 271,
        "nacks": 4,
        "opportunities": 275,
        "rate": 0.014545454545454545
      },
      "WADDR": {
        "acks": 274,
        "nacks": 1,
        "opportunities": 275,
        "rate": 0.0036363636363636364
      },
      "legacy_aggregate_nacks": 8,
      "phase_nack_sum": 8,
      "status": "PASS_FINAL_NO_SATURATION_COHERENT",
      "transactions": {
        "completions": 275,
        "failed": 5,
        "starts": 275,
        "timeouts": 0
      }
    },
    "probe": {
      "class": "ACTIVE_POST_AUTOINIT_DIAGNOSTIC",
      "done_freerun": 1714251107,
      "original_bank": 0,
      "phases": {
        "DATA": {
          "adjacent_nack_pairs": 0,
          "attempts": 10000,
          "binary_run_count": 1,
          "block_nacks": [
            0,
            0,
            0,
            0,
            0,
            0,
            0,
            0,
            0,
            0
          ],
          "first_nack_index_raw": null,
          "index_overflow": false,
          "index_stored": 0,
          "last_nack_index_raw": null,
          "max_consecutive_nacks": 0,
          "nack_indices_analysis_one_based": [],
          "nack_indices_raw_zero_based": [],
          "phase": "DATA",
          "prerequisite_regaddr": {
            "acks": 10000,
            "nacks": 0,
            "opportunities": 10000
          },
          "prerequisite_waddr": {
            "acks": 10000,
            "nacks": 0,
            "opportunities": 10000
          },
          "sequence_metrics_reconciled": true,
          "status": "0x00000007",
          "target_acks": 10000,
          "target_nacks": 0,
          "target_opportunities": 10000,
          "timeouts": 0
        },
        "REGADDR": {
          "adjacent_nack_pairs": 0,
          "attempts": 10000,
          "binary_run_count": 1,
          "block_nacks": [
            0,
            0,
            0,
            0,
            0,
            0,
            0,
            0,
            0,
            0
          ],
          "first_nack_index_raw": null,
          "index_overflow": false,
          "index_stored": 0,
          "last_nack_index_raw": null,
          "max_consecutive_nacks": 0,
          "nack_indices_analysis_one_based": [],
          "nack_indices_raw_zero_based": [],
          "phase": "REGADDR",
          "prerequisite_regaddr": {
            "acks": 0,
            "nacks": 0,
            "opportunities": 0
          },
          "prerequisite_waddr": {
            "acks": 10000,
            "nacks": 0,
            "opportunities": 10000
          },
          "sequence_metrics_reconciled": true,
          "status": "0x00000007",
          "target_acks": 10000,
          "target_nacks": 0,
          "target_opportunities": 10000,
          "timeouts": 0
        },
        "WADDR": {
          "adjacent_nack_pairs": 0,
          "attempts": 10000,
          "binary_run_count": 1,
          "block_nacks": [
            0,
            0,
            0,
            0,
            0,
            0,
            0,
            0,
            0,
            0
          ],
          "first_nack_index_raw": null,
          "index_overflow": false,
          "index_stored": 0,
          "last_nack_index_raw": null,
          "max_consecutive_nacks": 0,
          "nack_indices_analysis_one_based": [],
          "nack_indices_raw_zero_based": [],
          "phase": "WADDR",
          "prerequisite_regaddr": {
            "acks": 0,
            "nacks": 0,
            "opportunities": 0
          },
          "prerequisite_waddr": {
            "acks": 0,
            "nacks": 0,
            "opportunities": 0
          },
          "sequence_metrics_reconciled": true,
          "status": "0x00000007",
          "target_acks": 10000,
          "target_nacks": 0,
          "target_opportunities": 10000,
          "timeouts": 0
        }
      },
      "restored_bank": 0,
      "safe_target_post": 0,
      "safe_target_pre": 0,
      "scheduler_rounds": 10000,
      "setup_restore_status": "0x000007FF",
      "start_freerun": 132647234,
      "status": "PASS_COMPLETE_NO_ABORT_RESTORED",
      "total_attempts": 30000
    },
    "raw_local_telemetry": {
      "0x00000": 2752121863,
      "0x00004": 16395,
      "0x00008": 200706,
      "0x0000C": 65536,
      "0x00010": 3304374223,
      "0x00014": 1467781827,
      "0x00018": 35463144,
      "0x0001C": 1006995341,
      "0x00020": 3509452828,
      "0x00024": 132710402,
      "0x00028": 6299465,
      "0x0002C": 2,
      "0x00030": 1480871233,
      "0x00034": 0,
      "0x00038": 0,
      "0x0003C": 0,
      "0x00040": 0,
      "0x00044": 0,
      "0x00048": 0,
      "0x0004C": 0,
      "0x00050": 0,
      "0x00054": 0,
      "0x00058": 0,
      "0x0005C": 0,
      "0x00060": 0,
      "0x00064": 0,
      "0x00068": 0,
      "0x0006C": 0,
      "0x00070": 0,
      "0x00074": 0,
      "0x00078": 0,
      "0x0007C": 0,
      "0x00080": 998548666,
      "0x00084": 0,
      "0x00088": 0,
      "0x0008C": 251,
      "0x00090": 8,
      "0x00094": 0,
      "0x00098": 14027001,
      "0x0009C": 2147637504,
      "0x000A0": 14088456,
      "0x000A4": 4278190586,
      "0x000A8": 33619968,
      "0x000AC": 204079705,
      "0x000B0": 8,
      "0x000B4": 33554432,
      "0x000B8": 0,
      "0x000BC": 0,
      "0x000C0": 0,
      "0x000C4": 0,
      "0x000C8": 0,
      "0x000CC": 0,
      "0x000D0": 0,
      "0x000D4": 0,
      "0x000D8": 0,
      "0x000DC": 0,
      "0x000E0": 0
    },
    "raw_r1e_page": {
      "0x02000": 827018307,
      "0x02004": 1,
      "0x02008": 15,
      "0x0200C": 3180781054,
      "0x02010": 4,
      "0x02014": 132584735,
      "0x02018": 0,
      "0x0201C": 975679,
      "0x02020": 0,
      "0x02024": 975537,
      "0x02028": 0,
      "0x0202C": 2402057932,
      "0x02030": 3,
      "0x02034": 3,
      "0x02038": 3,
      "0x0203C": 15,
      "0x02040": 826618194,
      "0x02044": 1,
      "0x02048": 31,
      "0x0204C": 25000,
      "0x02050": 1251,
      "0x02054": 132584734,
      "0x02058": 0,
      "0x0205C": 113182679,
      "0x02060": 0,
      "0x02064": 10000,
      "0x02068": 10000,
      "0x0206C": 10000,
      "0x02070": 0,
      "0x02074": 0,
      "0x02078": 825,
      "0x0207C": 4294967295,
      "0x02080": 4294967295,
      "0x02084": 0,
      "0x02088": 132647234,
      "0x0208C": 0,
      "0x02090": 1714251107,
      "0x02094": 0,
      "0x02098": 0,
      "0x0209C": 0
    }
  },
  "T1": {
    "bank_invariants": {
      "check_count": 3300,
      "coherence": "PASS_ZERO_INVARIANT_ERRORS",
      "error_count": 0,
      "final_physical_bank": 0,
      "first_error": null
    },
    "failed_transaction_log": {
      "all_64_entries_raw_words": [
        [
          "0x00580074",
          "0x32676159",
          "0x1B000C2A",
          "0x00000202",
          "0x1E010200",
          "0x00000058"
        ],
        [
          "0x00A600BA",
          "0x326761A7",
          "0x1B000088",
          "0x00000000",
          "0x1E010000",
          "0x000000A6"
        ],
        [
          "0xFFFF00FA",
          "0x323B83E1",
          "0x190000E0",
          "0x00000000",
          "0x1E010000",
          "0x00000009"
        ],
        [
          "0xFFFF00FD",
          "0x318B83E4",
          "0x190000EA",
          "0x00000000",
          "0x1E010000",
          "0x0000000C"
        ],
        [
          "0xFFFF0102",
          "0x312BA5E9",
          "0x190000C2",
          "0x00000101",
          "0x1E010100",
          "0x00000000"
        ],
        [
          "0x00000000",
          "0x00000000",
          "0x00000000",
          "0x00000000",
          "0x00000000",
          "0x00000000"
        ],
        [
          "0x00000000",
          "0x00000000",
          "0x00000000",
          "0x00000000",
          "0x00000000",
          "0x00000000"
        ],
        [
          "0x00000000",
          "0x00000000",
          "0x00000000",
          "0x00000000",
          "0x00000000",
          "0x00000000"
        ],
        [
          "0x00000000",
          "0x00000000",
          "0x00000000",
          "0x00000000",
          "0x00000000",
          "0x00000000"
        ],
        [
          "0x00000000",
          "0x00000000",
          "0x00000000",
          "0x00000000",
          "0x00000000",
          "0x00000000"
        ],
        [
          "0x00000000",
          "0x00000000",
          "0x00000000",
          "0x00000000",
          "0x00000000",
          "0x00000000"
        ],
        [
          "0x00000000",
          "0x00000000",
          "0x00000000",
          "0x00000000",
          "0x00000000",
          "0x00000000"
        ],
        [
          "0x00000000",
          "0x00000000",
          "0x00000000",
          "0x00000000",
          "0x00000000",
          "0x00000000"
        ],
        [
          "0x00000000",
          "0x00000000",
          "0x00000000",
          "0x00000000",
          "0x00000000",
          "0x00000000"
        ],
        [
          "0x00000000",
          "0x00000000",
          "0x00000000",
          "0x00000000",
          "0x00000000",
          "0x00000000"
        ],
        [
          "0x00000000",
          "0x00000000",
          "0x00000000",
          "0x00000000",
          "0x00000000",
          "0x00000000"
        ],
        [
          "0x00000000",
          "0x00000000",
          "0x00000000",
          "0x00000000",
          "0x00000000",
          "0x00000000"
        ],
        [
          "0x00000000",
          "0x00000000",
          "0x00000000",
          "0x00000000",
          "0x00000000",
          "0x00000000"
        ],
        [
          "0x00000000",
          "0x00000000",
          "0x00000000",
          "0x00000000",
          "0x00000000",
          "0x00000000"
        ],
        [
          "0x00000000",
          "0x00000000",
          "0x00000000",
          "0x00000000",
          "0x00000000",
          "0x00000000"
        ],
        [
          "0x00000000",
          "0x00000000",
          "0x00000000",
          "0x00000000",
          "0x00000000",
          "0x00000000"
        ],
        [
          "0x00000000",
          "0x00000000",
          "0x00000000",
          "0x00000000",
          "0x00000000",
          "0x00000000"
        ],
        [
          "0x00000000",
          "0x00000000",
          "0x00000000",
          "0x00000000",
          "0x00000000",
          "0x00000000"
        ],
        [
          "0x00000000",
          "0x00000000",
          "0x00000000",
          "0x00000000",
          "0x00000000",
          "0x00000000"
        ],
        [
          "0x00000000",
          "0x00000000",
          "0x00000000",
          "0x00000000",
          "0x00000000",
          "0x00000000"
        ],
        [
          "0x00000000",
          "0x00000000",
          "0x00000000",
          "0x00000000",
          "0x00000000",
          "0x00000000"
        ],
        [
          "0x00000000",
          "0x00000000",
          "0x00000000",
          "0x00000000",
          "0x00000000",
          "0x00000000"
        ],
        [
          "0x00000000",
          "0x00000000",
          "0x00000000",
          "0x00000000",
          "0x00000000",
          "0x00000000"
        ],
        [
          "0x00000000",
          "0x00000000",
          "0x00000000",
          "0x00000000",
          "0x00000000",
          "0x00000000"
        ],
        [
          "0x00000000",
          "0x00000000",
          "0x00000000",
          "0x00000000",
          "0x00000000",
          "0x00000000"
        ],
        [
          "0x00000000",
          "0x00000000",
          "0x00000000",
          "0x00000000",
          "0x00000000",
          "0x00000000"
        ],
        [
          "0x00000000",
          "0x00000000",
          "0x00000000",
          "0x00000000",
          "0x00000000",
          "0x00000000"
        ],
        [
          "0x00000000",
          "0x00000000",
          "0x00000000",
          "0x00000000",
          "0x00000000",
          "0x00000000"
        ],
        [
          "0x00000000",
          "0x00000000",
          "0x00000000",
          "0x00000000",
          "0x00000000",
          "0x00000000"
        ],
        [
          "0x00000000",
          "0x00000000",
          "0x00000000",
          "0x00000000",
          "0x00000000",
          "0x00000000"
        ],
        [
          "0x00000000",
          "0x00000000",
          "0x00000000",
          "0x00000000",
          "0x00000000",
          "0x00000000"
        ],
        [
          "0x00000000",
          "0x00000000",
          "0x00000000",
          "0x00000000",
          "0x00000000",
          "0x00000000"
        ],
        [
          "0x00000000",
          "0x00000000",
          "0x00000000",
          "0x00000000",
          "0x00000000",
          "0x00000000"
        ],
        [
          "0x00000000",
          "0x00000000",
          "0x00000000",
          "0x00000000",
          "0x00000000",
          "0x00000000"
        ],
        [
          "0x00000000",
          "0x00000000",
          "0x00000000",
          "0x00000000",
          "0x00000000",
          "0x00000000"
        ],
        [
          "0x00000000",
          "0x00000000",
          "0x00000000",
          "0x00000000",
          "0x00000000",
          "0x00000000"
        ],
        [
          "0x00000000",
          "0x00000000",
          "0x00000000",
          "0x00000000",
          "0x00000000",
          "0x00000000"
        ],
        [
          "0x00000000",
          "0x00000000",
          "0x00000000",
          "0x00000000",
          "0x00000000",
          "0x00000000"
        ],
        [
          "0x00000000",
          "0x00000000",
          "0x00000000",
          "0x00000000",
          "0x00000000",
          "0x00000000"
        ],
        [
          "0x00000000",
          "0x00000000",
          "0x00000000",
          "0x00000000",
          "0x00000000",
          "0x00000000"
        ],
        [
          "0x00000000",
          "0x00000000",
          "0x00000000",
          "0x00000000",
          "0x00000000",
          "0x00000000"
        ],
        [
          "0x00000000",
          "0x00000000",
          "0x00000000",
          "0x00000000",
          "0x00000000",
          "0x00000000"
        ],
        [
          "0x00000000",
          "0x00000000",
          "0x00000000",
          "0x00000000",
          "0x00000000",
          "0x00000000"
        ],
        [
          "0x00000000",
          "0x00000000",
          "0x00000000",
          "0x00000000",
          "0x00000000",
          "0x00000000"
        ],
        [
          "0x00000000",
          "0x00000000",
          "0x00000000",
          "0x00000000",
          "0x00000000",
          "0x00000000"
        ],
        [
          "0x00000000",
          "0x00000000",
          "0x00000000",
          "0x00000000",
          "0x00000000",
          "0x00000000"
        ],
        [
          "0x00000000",
          "0x00000000",
          "0x00000000",
          "0x00000000",
          "0x00000000",
          "0x00000000"
        ],
        [
          "0x00000000",
          "0x00000000",
          "0x00000000",
          "0x00000000",
          "0x00000000",
          "0x00000000"
        ],
        [
          "0x00000000",
          "0x00000000",
          "0x00000000",
          "0x00000000",
          "0x00000000",
          "0x00000000"
        ],
        [
          "0x00000000",
          "0x00000000",
          "0x00000000",
          "0x00000000",
          "0x00000000",
          "0x00000000"
        ],
        [
          "0x00000000",
          "0x00000000",
          "0x00000000",
          "0x00000000",
          "0x00000000",
          "0x00000000"
        ],
        [
          "0x00000000",
          "0x00000000",
          "0x00000000",
          "0x00000000",
          "0x00000000",
          "0x00000000"
        ],
        [
          "0x00000000",
          "0x00000000",
          "0x00000000",
          "0x00000000",
          "0x00000000",
          "0x00000000"
        ],
        [
          "0x00000000",
          "0x00000000",
          "0x00000000",
          "0x00000000",
          "0x00000000",
          "0x00000000"
        ],
        [
          "0x00000000",
          "0x00000000",
          "0x00000000",
          "0x00000000",
          "0x00000000",
          "0x00000000"
        ],
        [
          "0x00000000",
          "0x00000000",
          "0x00000000",
          "0x00000000",
          "0x00000000",
          "0x00000000"
        ],
        [
          "0x00000000",
          "0x00000000",
          "0x00000000",
          "0x00000000",
          "0x00000000",
          "0x00000000"
        ],
        [
          "0x00000000",
          "0x00000000",
          "0x00000000",
          "0x00000000",
          "0x00000000",
          "0x00000000"
        ],
        [
          "0x00000000",
          "0x00000000",
          "0x00000000",
          "0x00000000",
          "0x00000000",
          "0x00000000"
        ]
      ],
      "first_index": 116,
      "last_index": 258,
      "next_transaction_serial": 275,
      "overflow": false,
      "records": [
        {
          "autoinit_phase": "PH_INIT",
          "autoinit_phase_code": 1,
          "bank_update_reason": "NO_CHANGE",
          "bank_update_reason_code": 0,
          "bank_verify_expected": null,
          "bank_verify_observed": null,
          "bank_verify_result": "NOT_APPLICABLE",
          "bank_verify_result_code": 0,
          "entry": 0,
          "fsm_context": 88,
          "fsm_state": 30,
          "legacy_operation_index_8": 89,
          "legacy_operation_index_authoritative": false,
          "nack_count_within_transaction": 2,
          "phase_nack_bitmap": 6,
          "phase_opportunity_bitmap": 7,
          "physical_bank_after": 2,
          "physical_bank_before": 2,
          "raw_words": [
            "0x00580074",
            "0x32676159",
            "0x1B000C2A",
            "0x00000202",
            "0x1E010200",
            "0x00000058"
          ],
          "read_data": null,
          "record_valid": true,
          "register_address": 42,
          "requested_bank": 2,
          "selector_value_sent": null,
          "table_slot_index_16": 88,
          "terminal_error_code": 0,
          "timeout": false,
          "transaction_completed": true,
          "transaction_index_16": 116,
          "transaction_kind": "INIT_TARGET_WRITE",
          "transaction_kind_code": 6,
          "valid_bits": {
            "physical_bank_after": true,
            "physical_bank_before": true,
            "read_data": false,
            "register_address": true,
            "requested_bank": true,
            "selector_value": false,
            "verify_expected": false,
            "verify_observed": false,
            "write_data": true
          },
          "write_data": 12
        },
        {
          "autoinit_phase": "PH_INIT",
          "autoinit_phase_code": 1,
          "bank_update_reason": "NO_CHANGE",
          "bank_update_reason_code": 0,
          "bank_verify_expected": null,
          "bank_verify_observed": null,
          "bank_verify_result": "NOT_APPLICABLE",
          "bank_verify_result_code": 0,
          "entry": 1,
          "fsm_context": 166,
          "fsm_state": 30,
          "legacy_operation_index_8": 167,
          "legacy_operation_index_authoritative": false,
          "nack_count_within_transaction": 2,
          "phase_nack_bitmap": 6,
          "phase_opportunity_bitmap": 7,
          "physical_bank_after": 0,
          "physical_bank_before": 0,
          "raw_words": [
            "0x00A600BA",
            "0x326761A7",
            "0x1B000088",
            "0x00000000",
            "0x1E010000",
            "0x000000A6"
          ],
          "read_data": null,
          "record_valid": true,
          "register_address": 136,
          "requested_bank": 0,
          "selector_value_sent": null,
          "table_slot_index_16": 166,
          "terminal_error_code": 0,
          "timeout": false,
          "transaction_completed": true,
          "transaction_index_16": 186,
          "transaction_kind": "INIT_TARGET_WRITE",
          "transaction_kind_code": 6,
          "valid_bits": {
            "physical_bank_after": true,
            "physical_bank_before": true,
            "read_data": false,
            "register_address": true,
            "requested_bank": true,
            "selector_value": false,
            "verify_expected": false,
            "verify_observed": false,
            "write_data": true
          },
          "write_data": 0
        },
        {
          "autoinit_phase": "PH_WIN_READ",
          "autoinit_phase_code": 3,
          "bank_update_reason": "NO_CHANGE",
          "bank_update_reason_code": 0,
          "bank_verify_expected": null,
          "bank_verify_observed": null,
          "bank_verify_result": "NOT_APPLICABLE",
          "bank_verify_result_code": 0,
          "entry": 2,
          "fsm_context": 9,
          "fsm_state": 30,
          "legacy_operation_index_8": 225,
          "legacy_operation_index_authoritative": false,
          "nack_count_within_transaction": 2,
          "phase_nack_bitmap": 3,
          "phase_opportunity_bitmap": 11,
          "physical_bank_after": 0,
          "physical_bank_before": 0,
          "raw_words": [
            "0xFFFF00FA",
            "0x323B83E1",
            "0x190000E0",
            "0x00000000",
            "0x1E010000",
            "0x00000009"
          ],
          "read_data": null,
          "record_valid": true,
          "register_address": 224,
          "requested_bank": 0,
          "selector_value_sent": null,
          "table_slot_index_16": 65535,
          "terminal_error_code": 0,
          "timeout": false,
          "transaction_completed": true,
          "transaction_index_16": 250,
          "transaction_kind": "WINDOW_REGISTER_READ",
          "transaction_kind_code": 8,
          "valid_bits": {
            "physical_bank_after": true,
            "physical_bank_before": true,
            "read_data": false,
            "register_address": true,
            "requested_bank": true,
            "selector_value": false,
            "verify_expected": false,
            "verify_observed": false,
            "write_data": false
          },
          "write_data": null
        },
        {
          "autoinit_phase": "PH_WIN_READ",
          "autoinit_phase_code": 3,
          "bank_update_reason": "NO_CHANGE",
          "bank_update_reason_code": 0,
          "bank_verify_expected": null,
          "bank_verify_observed": null,
          "bank_verify_result": "NOT_APPLICABLE",
          "bank_verify_result_code": 0,
          "entry": 3,
          "fsm_context": 12,
          "fsm_state": 30,
          "legacy_operation_index_8": 228,
          "legacy_operation_index_authoritative": false,
          "nack_count_within_transaction": 1,
          "phase_nack_bitmap": 8,
          "phase_opportunity_bitmap": 11,
          "physical_bank_after": 0,
          "physical_bank_before": 0,
          "raw_words": [
            "0xFFFF00FD",
            "0x318B83E4",
            "0x190000EA",
            "0x00000000",
            "0x1E010000",
            "0x0000000C"
          ],
          "read_data": null,
          "record_valid": true,
          "register_address": 234,
          "requested_bank": 0,
          "selector_value_sent": null,
          "table_slot_index_16": 65535,
          "terminal_error_code": 0,
          "timeout": false,
          "transaction_completed": true,
          "transaction_index_16": 253,
          "transaction_kind": "WINDOW_REGISTER_READ",
          "transaction_kind_code": 8,
          "valid_bits": {
            "physical_bank_after": true,
            "physical_bank_before": true,
            "read_data": false,
            "register_address": true,
            "requested_bank": true,
            "selector_value": false,
            "verify_expected": false,
            "verify_observed": false,
            "write_data": false
          },
          "write_data": null
        },
        {
          "autoinit_phase": "PH_OUT_READ",
          "autoinit_phase_code": 5,
          "bank_update_reason": "NO_CHANGE",
          "bank_update_reason_code": 0,
          "bank_verify_expected": null,
          "bank_verify_observed": null,
          "bank_verify_result": "NOT_APPLICABLE",
          "bank_verify_result_code": 0,
          "entry": 4,
          "fsm_context": 0,
          "fsm_state": 30,
          "legacy_operation_index_8": 233,
          "legacy_operation_index_authoritative": false,
          "nack_count_within_transaction": 1,
          "phase_nack_bitmap": 2,
          "phase_opportunity_bitmap": 11,
          "physical_bank_after": 1,
          "physical_bank_before": 1,
          "raw_words": [
            "0xFFFF0102",
            "0x312BA5E9",
            "0x190000C2",
            "0x00000101",
            "0x1E010100",
            "0x00000000"
          ],
          "read_data": null,
          "record_valid": true,
          "register_address": 194,
          "requested_bank": 1,
          "selector_value_sent": null,
          "table_slot_index_16": 65535,
          "terminal_error_code": 0,
          "timeout": false,
          "transaction_completed": true,
          "transaction_index_16": 258,
          "transaction_kind": "OUTPUT_REGISTER_READ",
          "transaction_kind_code": 10,
          "valid_bits": {
            "physical_bank_after": true,
            "physical_bank_before": true,
            "read_data": false,
            "register_address": true,
            "requested_bank": true,
            "selector_value": false,
            "verify_expected": false,
            "verify_observed": false,
            "write_data": false
          },
          "write_data": null
        }
      ],
      "stored": 5,
      "structural_consistency": "PASS",
      "total": 5
    },
    "header": {
      "autoinit_i2c_hz": 25000,
      "blocks_per_phase": 10,
      "capabilities": "0x000007FF",
      "index_capacity_per_phase": 512,
      "log_capacity": 64,
      "magic": "0x31463152",
      "max_attempts_per_phase": 12000,
      "opportunities_per_block": 1000,
      "probe_i2c_hz": 25000,
      "probe_phase_mask": "0x00000007",
      "record_version": 1,
      "record_width_bits": 192,
      "record_words": 6,
      "safe_target": {
        "bank": 0,
        "data": 0,
        "proven": true,
        "register": 133
      },
      "target_opportunities_per_phase": 10000,
      "version": 1
    },
    "image": "r1f",
    "legacy_17_words": [
      "0x08000028",
      "0x0C2A0259",
      "0x00030202",
      "0x0C2A0359",
      "0x00030202",
      "0x008802A7",
      "0x00030000",
      "0x008803A7",
      "0x00030000",
      "0x00E001E1",
      "0x00030000",
      "0x00E002E1",
      "0x00030000",
      "0x00EA04E4",
      "0x00030000",
      "0x00C202E9",
      "0x00030101"
    ],
    "legacy_ordered_nack": {
      "control_flow_replay_scope": "COMPLETE_LOG_AVAILABLE",
      "current_metadata_bank": 0,
      "current_physical_bank": 0,
      "first_error_code": 2,
      "first_error_data": 12,
      "first_error_metadata_bank": 2,
      "first_error_physical_bank": 2,
      "first_error_register": 42,
      "first_error_step": 89,
      "first_error_valid": 1,
      "header_consistency": "PASS",
      "i2c_state": 0,
      "log_capacity": 8,
      "log_count": 8,
      "log_overflow": 0,
      "nack_count": 8,
      "operation_index": 249,
      "original_ff": 0,
      "phase": 8,
      "physical_bank_valid": 1,
      "records": [
        {
          "data": 12,
          "index": 0,
          "metadata_bank": 2,
          "operation_index": 89,
          "phase_code": 2,
          "phase_name": "REGISTER_ADDRESS_ACK",
          "physical_bank": 2,
          "physical_bank_valid": 1,
          "raw": "0x000302020C2A0259",
          "register": 42,
          "reserved": 0,
          "valid": 1
        },
        {
          "data": 12,
          "index": 1,
          "metadata_bank": 2,
          "operation_index": 89,
          "phase_code": 3,
          "phase_name": "DATA_ACK",
          "physical_bank": 2,
          "physical_bank_valid": 1,
          "raw": "0x000302020C2A0359",
          "register": 42,
          "reserved": 0,
          "valid": 1
        },
        {
          "data": 0,
          "index": 2,
          "metadata_bank": 0,
          "operation_index": 167,
          "phase_code": 2,
          "phase_name": "REGISTER_ADDRESS_ACK",
          "physical_bank": 0,
          "physical_bank_valid": 1,
          "raw": "0x00030000008802A7",
          "register": 136,
          "reserved": 0,
          "valid": 1
        },
        {
          "data": 0,
          "index": 3,
          "metadata_bank": 0,
          "operation_index": 167,
          "phase_code": 3,
          "phase_name": "DATA_ACK",
          "physical_bank": 0,
          "physical_bank_valid": 1,
          "raw": "0x00030000008803A7",
          "register": 136,
          "reserved": 0,
          "valid": 1
        },
        {
          "data": 0,
          "index": 4,
          "metadata_bank": 0,
          "operation_index": 225,
          "phase_code": 1,
          "phase_name": "WRITE_ADDRESS_ACK",
          "physical_bank": 0,
          "physical_bank_valid": 1,
          "raw": "0x0003000000E001E1",
          "register": 224,
          "reserved": 0,
          "valid": 1
        },
        {
          "data": 0,
          "index": 5,
          "metadata_bank": 0,
          "operation_index": 225,
          "phase_code": 2,
          "phase_name": "REGISTER_ADDRESS_ACK",
          "physical_bank": 0,
          "physical_bank_valid": 1,
          "raw": "0x0003000000E002E1",
          "register": 224,
          "reserved": 0,
          "valid": 1
        },
        {
          "data": 0,
          "index": 6,
          "metadata_bank": 0,
          "operation_index": 228,
          "phase_code": 4,
          "phase_name": "READ_ADDRESS_ACK",
          "physical_bank": 0,
          "physical_bank_valid": 1,
          "raw": "0x0003000000EA04E4",
          "register": 234,
          "reserved": 0,
          "valid": 1
        },
        {
          "data": 0,
          "index": 7,
          "metadata_bank": 1,
          "operation_index": 233,
          "phase_code": 2,
          "phase_name": "REGISTER_ADDRESS_ACK",
          "physical_bank": 1,
          "physical_bank_valid": 1,
          "raw": "0x0003010100C202E9",
          "register": 194,
          "reserved": 0,
          "valid": 1
        }
      ],
      "restored_ff": 0,
      "table_length": 214,
      "timeout_count": 0
    },
    "legacy_reconciliation": {
      "compared_prefix_count": 8,
      "comparisons": [
        {
          "checks": {
            "legacy_operation": true,
            "phase": true,
            "physical_bank_before": true,
            "register": true,
            "requested_bank": true,
            "write_data": true
          },
          "event": 0,
          "transaction_index_16": 116
        },
        {
          "checks": {
            "legacy_operation": true,
            "phase": true,
            "physical_bank_before": true,
            "register": true,
            "requested_bank": true,
            "write_data": true
          },
          "event": 1,
          "transaction_index_16": 116
        },
        {
          "checks": {
            "legacy_operation": true,
            "phase": true,
            "physical_bank_before": true,
            "register": true,
            "requested_bank": true,
            "write_data": true
          },
          "event": 2,
          "transaction_index_16": 186
        },
        {
          "checks": {
            "legacy_operation": true,
            "phase": true,
            "physical_bank_before": true,
            "register": true,
            "requested_bank": true,
            "write_data": true
          },
          "event": 3,
          "transaction_index_16": 186
        },
        {
          "checks": {
            "legacy_operation": true,
            "phase": true,
            "physical_bank_before": true,
            "register": true,
            "requested_bank": true
          },
          "event": 4,
          "transaction_index_16": 250
        },
        {
          "checks": {
            "legacy_operation": true,
            "phase": true,
            "physical_bank_before": true,
            "register": true,
            "requested_bank": true
          },
          "event": 5,
          "transaction_index_16": 250
        },
        {
          "checks": {
            "legacy_operation": true,
            "phase": true,
            "physical_bank_before": true,
            "register": true,
            "requested_bank": true
          },
          "event": 6,
          "transaction_index_16": 253
        },
        {
          "checks": {
            "legacy_operation": true,
            "phase": true,
            "physical_bank_before": true,
            "register": true,
            "requested_bank": true
          },
          "event": 7,
          "transaction_index_16": 258
        }
      ],
      "expanded_event_count": 8,
      "result": "PASS",
      "scope": "COMPLETE_FAILED_TRANSACTION_LOG"
    },
    "lifecycle": {
      "actual": 132584735,
      "expected": 132584734,
      "extension_cycles": 1,
      "shortening_cycles": 0,
      "shortening_residual_cycles": 0,
      "shortening_ticks_exact": 0.0,
      "shortening_ticks_nearest": 0,
      "signed_error_cycles": 1
    },
    "phase_counters": {
      "DATA": {
        "acks": 218,
        "nacks": 2,
        "opportunities": 220,
        "rate": 0.00909090909090909
      },
      "RADDR": {
        "acks": 54,
        "nacks": 1,
        "opportunities": 55,
        "rate": 0.01818181818181818
      },
      "REGADDR": {
        "acks": 271,
        "nacks": 4,
        "opportunities": 275,
        "rate": 0.014545454545454545
      },
      "WADDR": {
        "acks": 274,
        "nacks": 1,
        "opportunities": 275,
        "rate": 0.0036363636363636364
      },
      "legacy_aggregate_nacks": 8,
      "phase_nack_sum": 8,
      "status": "PASS_FINAL_NO_SATURATION_COHERENT",
      "transactions": {
        "completions": 275,
        "failed": 5,
        "starts": 275,
        "timeouts": 0
      }
    },
    "probe": {
      "class": "ACTIVE_POST_AUTOINIT_DIAGNOSTIC",
      "done_freerun": 1714251107,
      "original_bank": 0,
      "phases": {
        "DATA": {
          "adjacent_nack_pairs": 0,
          "attempts": 10000,
          "binary_run_count": 1,
          "block_nacks": [
            0,
            0,
            0,
            0,
            0,
            0,
            0,
            0,
            0,
            0
          ],
          "first_nack_index_raw": null,
          "index_overflow": false,
          "index_stored": 0,
          "last_nack_index_raw": null,
          "max_consecutive_nacks": 0,
          "nack_indices_analysis_one_based": [],
          "nack_indices_raw_zero_based": [],
          "phase": "DATA",
          "prerequisite_regaddr": {
            "acks": 10000,
            "nacks": 0,
            "opportunities": 10000
          },
          "prerequisite_waddr": {
            "acks": 10000,
            "nacks": 0,
            "opportunities": 10000
          },
          "sequence_metrics_reconciled": true,
          "status": "0x00000007",
          "target_acks": 10000,
          "target_nacks": 0,
          "target_opportunities": 10000,
          "timeouts": 0
        },
        "REGADDR": {
          "adjacent_nack_pairs": 0,
          "attempts": 10000,
          "binary_run_count": 1,
          "block_nacks": [
            0,
            0,
            0,
            0,
            0,
            0,
            0,
            0,
            0,
            0
          ],
          "first_nack_index_raw": null,
          "index_overflow": false,
          "index_stored": 0,
          "last_nack_index_raw": null,
          "max_consecutive_nacks": 0,
          "nack_indices_analysis_one_based": [],
          "nack_indices_raw_zero_based": [],
          "phase": "REGADDR",
          "prerequisite_regaddr": {
            "acks": 0,
            "nacks": 0,
            "opportunities": 0
          },
          "prerequisite_waddr": {
            "acks": 10000,
            "nacks": 0,
            "opportunities": 10000
          },
          "sequence_metrics_reconciled": true,
          "status": "0x00000007",
          "target_acks": 10000,
          "target_nacks": 0,
          "target_opportunities": 10000,
          "timeouts": 0
        },
        "WADDR": {
          "adjacent_nack_pairs": 0,
          "attempts": 10000,
          "binary_run_count": 1,
          "block_nacks": [
            0,
            0,
            0,
            0,
            0,
            0,
            0,
            0,
            0,
            0
          ],
          "first_nack_index_raw": null,
          "index_overflow": false,
          "index_stored": 0,
          "last_nack_index_raw": null,
          "max_consecutive_nacks": 0,
          "nack_indices_analysis_one_based": [],
          "nack_indices_raw_zero_based": [],
          "phase": "WADDR",
          "prerequisite_regaddr": {
            "acks": 0,
            "nacks": 0,
            "opportunities": 0
          },
          "prerequisite_waddr": {
            "acks": 0,
            "nacks": 0,
            "opportunities": 0
          },
          "sequence_metrics_reconciled": true,
          "status": "0x00000007",
          "target_acks": 10000,
          "target_nacks": 0,
          "target_opportunities": 10000,
          "timeouts": 0
        }
      },
      "restored_bank": 0,
      "safe_target_post": 0,
      "safe_target_pre": 0,
      "scheduler_rounds": 10000,
      "setup_restore_status": "0x000007FF",
      "start_freerun": 132647234,
      "status": "PASS_COMPLETE_NO_ABORT_RESTORED",
      "total_attempts": 30000
    },
    "raw_local_telemetry": {
      "0x00000": 2752121863,
      "0x00004": 16395,
      "0x00008": 200706,
      "0x0000C": 65536,
      "0x00010": 3304374223,
      "0x00014": 1467781827,
      "0x00018": 35463144,
      "0x0001C": 1006995341,
      "0x00020": 3509452828,
      "0x00024": 132710402,
      "0x00028": 6299465,
      "0x0002C": 2,
      "0x00030": 1480871233,
      "0x00034": 0,
      "0x00038": 0,
      "0x0003C": 0,
      "0x00040": 0,
      "0x00044": 0,
      "0x00048": 0,
      "0x0004C": 0,
      "0x00050": 0,
      "0x00054": 0,
      "0x00058": 0,
      "0x0005C": 0,
      "0x00060": 0,
      "0x00064": 0,
      "0x00068": 0,
      "0x0006C": 0,
      "0x00070": 0,
      "0x00074": 0,
      "0x00078": 0,
      "0x0007C": 0,
      "0x00080": 1147901514,
      "0x00084": 0,
      "0x00088": 0,
      "0x0008C": 251,
      "0x00090": 8,
      "0x00094": 0,
      "0x00098": 14027001,
      "0x0009C": 2147637504,
      "0x000A0": 14088456,
      "0x000A4": 4278190586,
      "0x000A8": 33619968,
      "0x000AC": 204079705,
      "0x000B0": 8,
      "0x000B4": 33554432,
      "0x000B8": 0,
      "0x000BC": 0,
      "0x000C0": 0,
      "0x000C4": 0,
      "0x000C8": 0,
      "0x000CC": 0,
      "0x000D0": 0,
      "0x000D4": 0,
      "0x000D8": 0,
      "0x000DC": 0,
      "0x000E0": 0
    },
    "raw_r1e_page": {
      "0x02000": 827018307,
      "0x02004": 1,
      "0x02008": 15,
      "0x0200C": 3243544410,
      "0x02010": 4,
      "0x02014": 132584735,
      "0x02018": 0,
      "0x0201C": 975679,
      "0x02020": 0,
      "0x02024": 975537,
      "0x02028": 0,
      "0x0202C": 2402057932,
      "0x02030": 3,
      "0x02034": 3,
      "0x02038": 3,
      "0x0203C": 15,
      "0x02040": 826618194,
      "0x02044": 1,
      "0x02048": 31,
      "0x0204C": 25000,
      "0x02050": 1251,
      "0x02054": 132584734,
      "0x02058": 0,
      "0x0205C": 113182679,
      "0x02060": 0,
      "0x02064": 10000,
      "0x02068": 10000,
      "0x0206C": 10000,
      "0x02070": 0,
      "0x02074": 0,
      "0x02078": 825,
      "0x0207C": 4294967295,
      "0x02080": 4294967295,
      "0x02084": 0,
      "0x02088": 132647234,
      "0x0208C": 0,
      "0x02090": 1714251107,
      "0x02094": 0,
      "0x02098": 0,
      "0x0209C": 0
    }
  }
}
READ_ONLY=YES
STATIC_SNAPSHOTS_MATCH=YES
STDOUT_END
STDERR_BEGIN

STDERR_END
