
****** xsim v2025.2 (64-bit)
  **** SW Build 6299465 on Fri Nov 14 19:35:11 GMT 2025
  **** IP Build 6300035 on Fri Nov 14 10:48:45 MST 2025
  **** SharedData Build 6298862 on Thu Nov 13 04:50:51 MST 2025
  **** Start of session at: Thu Aug 20 18:23:33 2026
    ** Copyright 1986-2022 Xilinx, Inc. All Rights Reserved.
    ** Copyright 2022-2025 Advanced Micro Devices, Inc. All Rights Reserved.

source xsim.dir/t4_baseline/xsim_script.tcl
# xsim {t4_baseline} -autoloadwcfg -runall
Time resolution is 1 ps
run -all
Note: PASS all transactions ACK
Time: 341486500 ns  Iteration: 0  Process: /tb_g0p8c5d_autoinit/stimulus  File: C:/FPGA/T4_RCA_V41_RESET_CLOCK_AUDIT_20260820/01_SOURCE_EXPORTS/RCA_SOURCE/tests/nvp/tb_nvp_autoinit.vhd
Note: PASS NACK at first operation
Time: 682332500 ns  Iteration: 0  Process: /tb_g0p8c5d_autoinit/stimulus  File: C:/FPGA/T4_RCA_V41_RESET_CLOCK_AUDIT_20260820/01_SOURCE_EXPORTS/RCA_SOURCE/tests/nvp/tb_nvp_autoinit.vhd
Note: PASS NACK at middle table step and frozen metadata
Time: 1023827500 ns  Iteration: 0  Process: /tb_g0p8c5d_autoinit/stimulus  File: C:/FPGA/T4_RCA_V41_RESET_CLOCK_AUDIT_20260820/01_SOURCE_EXPORTS/RCA_SOURCE/tests/nvp/tb_nvp_autoinit.vhd
Note: PASS NACK at final operation
Time: 1365322500 ns  Iteration: 0  Process: /tb_g0p8c5d_autoinit/stimulus  File: C:/FPGA/T4_RCA_V41_RESET_CLOCK_AUDIT_20260820/01_SOURCE_EXPORTS/RCA_SOURCE/tests/nvp/tb_nvp_autoinit.vhd
Note: PASS SDA stuck low
Time: 1795169500 ns  Iteration: 0  Process: /tb_g0p8c5d_autoinit/stimulus  File: C:/FPGA/T4_RCA_V41_RESET_CLOCK_AUDIT_20260820/01_SOURCE_EXPORTS/RCA_SOURCE/tests/nvp/tb_nvp_autoinit.vhd
Note: SCL timeout observed code=7 count=36 error='1'
Time: 1958420500 ns  Iteration: 0  Process: /tb_g0p8c5d_autoinit/stimulus  File: C:/FPGA/T4_RCA_V41_RESET_CLOCK_AUDIT_20260820/01_SOURCE_EXPORTS/RCA_SOURCE/tests/nvp/tb_nvp_autoinit.vhd
Note: PASS SCL stuck low and bounded controller timeout
Time: 1958420500 ns  Iteration: 0  Process: /tb_g0p8c5d_autoinit/stimulus  File: C:/FPGA/T4_RCA_V41_RESET_CLOCK_AUDIT_20260820/01_SOURCE_EXPORTS/RCA_SOURCE/tests/nvp/tb_nvp_autoinit.vhd
Note: PASS bank-select write failure blocks wrong-bank target
Time: 2260315500 ns  Iteration: 0  Process: /tb_g0p8c5d_autoinit/stimulus  File: C:/FPGA/T4_RCA_V41_RESET_CLOCK_AUDIT_20260820/01_SOURCE_EXPORTS/RCA_SOURCE/tests/nvp/tb_nvp_autoinit.vhd
Note: PASS bank-select readback mismatch blocks wrong-bank target
Time: 2732028500 ns  Iteration: 0  Process: /tb_g0p8c5d_autoinit/stimulus  File: C:/FPGA/T4_RCA_V41_RESET_CLOCK_AUDIT_20260820/01_SOURCE_EXPORTS/RCA_SOURCE/tests/nvp/tb_nvp_autoinit.vhd
Note: PASS two-cycle raw SDA glitch rejected by Z9 filter
Time: 3073523500 ns  Iteration: 0  Process: /tb_g0p8c5d_autoinit/stimulus  File: C:/FPGA/T4_RCA_V41_RESET_CLOCK_AUDIT_20260820/01_SOURCE_EXPORTS/RCA_SOURCE/tests/nvp/tb_nvp_autoinit.vhd
Note: PASS reset during init, table boundary, and done/error latch
Time: 3417042500 ns  Iteration: 0  Process: /tb_g0p8c5d_autoinit/stimulus  File: C:/FPGA/T4_RCA_V41_RESET_CLOCK_AUDIT_20260820/01_SOURCE_EXPORTS/RCA_SOURCE/tests/nvp/tb_nvp_autoinit.vhd
Note: PASS_STAGE6_G0P8C5D_AUTOINIT_SIMULATION
Time: 3417042500 ns  Iteration: 0  Process: /tb_g0p8c5d_autoinit/stimulus  File: C:/FPGA/T4_RCA_V41_RESET_CLOCK_AUDIT_20260820/01_SOURCE_EXPORTS/RCA_SOURCE/tests/nvp/tb_nvp_autoinit.vhd
$stop called at time : 3417042500 ns
run: Time (s): cpu = 00:00:02 ; elapsed = 00:00:06 . Memory (MB): peak = 197.965 ; gain = 0.039
exit
INFO: [Common 17-206] Exiting xsim at Thu Aug 20 18:23:43 2026...
