Copyright 1986-2022 Xilinx, Inc. All Rights Reserved. Copyright 2022-2025 Advanced Micro Devices, Inc. All Rights Reserved.
--------------------------------------------------------------------------------------------------------------------------------------------------------------------------------------------------------------------------------------------------------------------------------------------------------------------------------------------------------------------------------------------------------------------------------------------------------------------------------------------------------------------------------------------------------------------------------------------------------------------------------------------------------------------------------------------------------------------------------------------------------------------------------------------------------------------------------------------------------------------------------------------------------------------------------------------------------------------------------------------------------------------------------------------------------------------------------------------------------------------------------------------------------------------------------------------------------------------------------------
| Tool Version : Vivado v.2025.2 (win64) Build 6299465 Fri Nov 14 19:35:11 GMT 2025
| Date         : Fri Aug 21 16:19:57 2026
| Host         : NBLSUDUL running 64-bit major release  (build 9200)
| Command      : report_timing -from [all_fanin -flat -startpoints_only -to [get_pins -quiet -of_objects [get_cells -quiet -of_objects [get_pins -quiet -leaf -of_objects [get_nets -quiet -segments -of_objects [get_pins -quiet -of_objects [get_cells -quiet -of_objects [get_pins -quiet -leaf -of_objects [get_nets -quiet -segments -of_objects [get_ports -quiet nvp_scl]] -filter {REF_NAME == OBUFT && REF_PIN_NAME == O}]] -filter {REF_PIN_NAME == T}]] -filter {DIRECTION == OUT}]] -filter {REF_PIN_NAME == D}]] -to [get_pins -quiet -of_objects [get_cells -quiet -of_objects [get_pins -quiet -leaf -of_objects [get_nets -quiet -segments -of_objects [get_pins -quiet -of_objects [get_cells -quiet -of_objects [get_pins -quiet -leaf -of_objects [get_nets -quiet -segments -of_objects [get_ports -quiet nvp_scl]] -filter {REF_NAME == OBUFT && REF_PIN_NAME == O}]] -filter {REF_PIN_NAME == T}]] -filter {DIRECTION == OUT}]] -filter {REF_PIN_NAME == D}] -delay_type max -max_paths 20 -nworst 1 -unique_pins -routable_nets -sort_by slack -path_type full_clock_expanded -input_pins -file C:/FPGA/V41_NVP_ROUTED_DCP_POWER_TIMING_AUDIT_R1/05_R1_SCL_SDA_TIMING/R1_SCL_CONTROL_TO_OEN_REGISTER_D_MAX.rpt
| Design       : ahd_capture_top_xdma
| Device       : 7a35t-csg325
| Speed File   : -2  PRODUCTION 1.23 2018-06-13
| Design State : Routed
--------------------------------------------------------------------------------------------------------------------------------------------------------------------------------------------------------------------------------------------------------------------------------------------------------------------------------------------------------------------------------------------------------------------------------------------------------------------------------------------------------------------------------------------------------------------------------------------------------------------------------------------------------------------------------------------------------------------------------------------------------------------------------------------------------------------------------------------------------------------------------------------------------------------------------------------------------------------------------------------------------------------------------------------------------------------------------------------------------------------------------------------------------------------------------------------------------------------------------------

Timing Report

Slack (MET) :             9.769ns  (required time - arrival time)
  Source:                 NVP_AUTOINIT/u_sequence/FSM_onehot_state_reg[11]/C
                            (rising edge-triggered cell FDRE clocked by userclk1  {rise@0.000ns fall@8.000ns period=16.000ns})
  Destination:            NVP_AUTOINIT/u_sequence/scl_oen_r_reg/D
                            (rising edge-triggered cell FDSE clocked by userclk1  {rise@0.000ns fall@8.000ns period=16.000ns})
  Path Group:             userclk1
  Path Type:              Setup (Max at Slow Process Corner)
  Requirement:            16.000ns  (userclk1 rise@16.000ns - userclk1 rise@0.000ns)
  Data Path Delay:        6.077ns  (logic 0.875ns (14.399%)  route 5.202ns (85.601%))
  Logic Levels:           3  (LUT2=1 LUT6=2)
  Clock Path Skew:        -0.105ns (DCD - SCD + CPR)
    Destination Clock Delay (DCD):    5.275ns = ( 21.275 - 16.000 ) 
    Source Clock Delay      (SCD):    5.689ns
    Clock Pessimism Removal (CPR):    0.309ns
  Clock Uncertainty:      0.079ns  ((TSJ^2 + DJ^2)^1/2) / 2 + PE
    Total System Jitter     (TSJ):    0.071ns
    Discrete Jitter          (DJ):    0.141ns
    Phase Error              (PE):    0.000ns

    Location             Delay type                Incr(ns)  Path(ns)    Netlist Resource(s)
  -------------------------------------------------------------------    -------------------
                         (clock userclk1 rise edge)
                                                      0.000     0.000 r  
    GTPE2_CHANNEL_X0Y3   GTPE2_CHANNEL                0.000     0.000 r  XDMA/inst/xdma_v41_m1_pcie2_to_pcie3_wrapper_i/pcie2_ip_i/inst/inst/gt_top_i/pipe_wrapper_i/pipe_lane[0].gt_wrapper_i/gtp_channel.gtpe2_channel_i/TXOUTCLK
                         net (fo=1, routed)           1.209     1.209    XDMA/inst/xdma_v41_m1_pcie2_to_pcie3_wrapper_i/pcie2_ip_i/inst/inst/gt_top_i/pipe_wrapper_i/pipe_clock_int.pipe_clock_i/txoutclk_i.txoutclk_i_0
    BUFGCTRL_X0Y20                                                    r  XDMA/inst/xdma_v41_m1_pcie2_to_pcie3_wrapper_i/pcie2_ip_i/inst/inst/gt_top_i/pipe_wrapper_i/pipe_clock_int.pipe_clock_i/txoutclk_i.txoutclk_i/I
    BUFGCTRL_X0Y20       BUFG (Prop_bufg_I_O)         0.081     1.290 r  XDMA/inst/xdma_v41_m1_pcie2_to_pcie3_wrapper_i/pcie2_ip_i/inst/inst/gt_top_i/pipe_wrapper_i/pipe_clock_int.pipe_clock_i/txoutclk_i.txoutclk_i/O
                         net (fo=1, routed)           1.391     2.681    XDMA/inst/xdma_v41_m1_pcie2_to_pcie3_wrapper_i/pcie2_ip_i/inst/inst/gt_top_i/pipe_wrapper_i/pipe_clock_int.pipe_clock_i/refclk
    MMCME2_ADV_X0Y0                                                   r  XDMA/inst/xdma_v41_m1_pcie2_to_pcie3_wrapper_i/pcie2_ip_i/inst/inst/gt_top_i/pipe_wrapper_i/pipe_clock_int.pipe_clock_i/mmcm_i/CLKIN1
    MMCME2_ADV_X0Y0      MMCME2_ADV (Prop_mmcme2_adv_CLKIN1_CLKOUT2)
                                                      0.077     2.757 r  XDMA/inst/xdma_v41_m1_pcie2_to_pcie3_wrapper_i/pcie2_ip_i/inst/inst/gt_top_i/pipe_wrapper_i/pipe_clock_int.pipe_clock_i/mmcm_i/CLKOUT2
                         net (fo=1, routed)           1.425     4.182    XDMA/inst/xdma_v41_m1_pcie2_to_pcie3_wrapper_i/pcie2_ip_i/inst/inst/gt_top_i/pipe_wrapper_i/pipe_clock_int.pipe_clock_i/userclk1
    BUFGCTRL_X0Y0                                                     r  XDMA/inst/xdma_v41_m1_pcie2_to_pcie3_wrapper_i/pcie2_ip_i/inst/inst/gt_top_i/pipe_wrapper_i/pipe_clock_int.pipe_clock_i/userclk1_i1.usrclk1_i1/I
    BUFGCTRL_X0Y0        BUFG (Prop_bufg_I_O)         0.081     4.263 r  XDMA/inst/xdma_v41_m1_pcie2_to_pcie3_wrapper_i/pcie2_ip_i/inst/inst/gt_top_i/pipe_wrapper_i/pipe_clock_int.pipe_clock_i/userclk1_i1.usrclk1_i1/O
                         net (fo=15451, routed)       1.426     5.689    NVP_AUTOINIT/u_sequence/axi_aclk
    SLICE_X7Y29          FDRE                                         r  NVP_AUTOINIT/u_sequence/FSM_onehot_state_reg[11]/C
  -------------------------------------------------------------------    -------------------
    SLICE_X7Y29          FDRE (Prop_fdre_C_Q)         0.379     6.068 r  NVP_AUTOINIT/u_sequence/FSM_onehot_state_reg[11]/Q
                         net (fo=88, routed)          2.591     8.659    NVP_AUTOINIT/u_sequence/FSM_onehot_state_reg_n_0_[11]
    SLICE_X44Y35                                                      r  NVP_AUTOINIT/u_sequence/nack_log_r[0][9]_i_1/I0
    SLICE_X44Y35         LUT2 (Prop_lut2_I0_O)        0.124     8.783 r  NVP_AUTOINIT/u_sequence/nack_log_r[0][9]_i_1/O
                         net (fo=9, routed)           2.242    11.025    NVP_AUTOINIT/u_sequence/nack_log_r[0]_0[9]
    SLICE_X9Y32                                                       r  NVP_AUTOINIT/u_sequence/scl_oen_r_i_5/I5
    SLICE_X9Y32          LUT6 (Prop_lut6_I5_O)        0.267    11.292 r  NVP_AUTOINIT/u_sequence/scl_oen_r_i_5/O
                         net (fo=1, routed)           0.368    11.661    NVP_AUTOINIT/u_sequence_n_562
    SLICE_X9Y32                                                       r  NVP_AUTOINIT/scl_oen_r_i_1/I3
    SLICE_X9Y32          LUT6 (Prop_lut6_I3_O)        0.105    11.766 r  NVP_AUTOINIT/scl_oen_r_i_1/O
                         net (fo=1, routed)           0.000    11.766    NVP_AUTOINIT/u_sequence/scl_oen_r_reg_1
    SLICE_X9Y32          FDSE                                         r  NVP_AUTOINIT/u_sequence/scl_oen_r_reg/D
  -------------------------------------------------------------------    -------------------

                         (clock userclk1 rise edge)
                                                     16.000    16.000 r  
    GTPE2_CHANNEL_X0Y3   GTPE2_CHANNEL                0.000    16.000 r  XDMA/inst/xdma_v41_m1_pcie2_to_pcie3_wrapper_i/pcie2_ip_i/inst/inst/gt_top_i/pipe_wrapper_i/pipe_lane[0].gt_wrapper_i/gtp_channel.gtpe2_channel_i/TXOUTCLK
                         net (fo=1, routed)           1.150    17.150    XDMA/inst/xdma_v41_m1_pcie2_to_pcie3_wrapper_i/pcie2_ip_i/inst/inst/gt_top_i/pipe_wrapper_i/pipe_clock_int.pipe_clock_i/txoutclk_i.txoutclk_i_0
    BUFGCTRL_X0Y20                                                    r  XDMA/inst/xdma_v41_m1_pcie2_to_pcie3_wrapper_i/pcie2_ip_i/inst/inst/gt_top_i/pipe_wrapper_i/pipe_clock_int.pipe_clock_i/txoutclk_i.txoutclk_i/I
    BUFGCTRL_X0Y20       BUFG (Prop_bufg_I_O)         0.077    17.227 r  XDMA/inst/xdma_v41_m1_pcie2_to_pcie3_wrapper_i/pcie2_ip_i/inst/inst/gt_top_i/pipe_wrapper_i/pipe_clock_int.pipe_clock_i/txoutclk_i.txoutclk_i/O
                         net (fo=1, routed)           1.286    18.513    XDMA/inst/xdma_v41_m1_pcie2_to_pcie3_wrapper_i/pcie2_ip_i/inst/inst/gt_top_i/pipe_wrapper_i/pipe_clock_int.pipe_clock_i/refclk
    MMCME2_ADV_X0Y0                                                   r  XDMA/inst/xdma_v41_m1_pcie2_to_pcie3_wrapper_i/pcie2_ip_i/inst/inst/gt_top_i/pipe_wrapper_i/pipe_clock_int.pipe_clock_i/mmcm_i/CLKIN1
    MMCME2_ADV_X0Y0      MMCME2_ADV (Prop_mmcme2_adv_CLKIN1_CLKOUT2)
                                                      0.073    18.586 r  XDMA/inst/xdma_v41_m1_pcie2_to_pcie3_wrapper_i/pcie2_ip_i/inst/inst/gt_top_i/pipe_wrapper_i/pipe_clock_int.pipe_clock_i/mmcm_i/CLKOUT2
                         net (fo=1, routed)           1.357    19.944    XDMA/inst/xdma_v41_m1_pcie2_to_pcie3_wrapper_i/pcie2_ip_i/inst/inst/gt_top_i/pipe_wrapper_i/pipe_clock_int.pipe_clock_i/userclk1
    BUFGCTRL_X0Y0                                                     r  XDMA/inst/xdma_v41_m1_pcie2_to_pcie3_wrapper_i/pcie2_ip_i/inst/inst/gt_top_i/pipe_wrapper_i/pipe_clock_int.pipe_clock_i/userclk1_i1.usrclk1_i1/I
    BUFGCTRL_X0Y0        BUFG (Prop_bufg_I_O)         0.077    20.021 r  XDMA/inst/xdma_v41_m1_pcie2_to_pcie3_wrapper_i/pcie2_ip_i/inst/inst/gt_top_i/pipe_wrapper_i/pipe_clock_int.pipe_clock_i/userclk1_i1.usrclk1_i1/O
                         net (fo=15451, routed)       1.255    21.275    NVP_AUTOINIT/u_sequence/axi_aclk
    SLICE_X9Y32          FDSE                                         r  NVP_AUTOINIT/u_sequence/scl_oen_r_reg/C
                         clock pessimism              0.309    21.584    
                         clock uncertainty           -0.079    21.505    
    SLICE_X9Y32          FDSE (Setup_fdse_C_D)        0.030    21.535    NVP_AUTOINIT/u_sequence/scl_oen_r_reg
  -------------------------------------------------------------------
                         required time                         21.535    
                         arrival time                         -11.766    
  -------------------------------------------------------------------
                         slack                                  9.769    




