Copyright 1986-2022 Xilinx, Inc. All Rights Reserved. Copyright 2022-2025 Advanced Micro Devices, Inc. All Rights Reserved.
--------------------------------------------------------------------------------------------------------------------------------------------------------------------------------------------------------------------------------------------------------------------------------------------------------------------------------------------------------------------------------------------------------------------------------------------------------------------------------------------------------------------------------------------------------------------------------------------------------------------------------------------------------------------------------------------------------------------------------------------------------------------------------------------------------------------------------------------------------------------------------------------------------------------------------------------------------------------------------------------------------------------------------------------------------------------------------------------------------------------------------------------------------------------------------------------------------------------------------------
| Tool Version : Vivado v.2025.2 (win64) Build 6299465 Fri Nov 14 19:35:11 GMT 2025
| Date         : Fri Aug 21 16:21:34 2026
| Host         : NBLSUDUL running 64-bit major release  (build 9200)
| Command      : report_timing -from [all_fanin -flat -startpoints_only -to [get_pins -quiet -of_objects [get_cells -quiet -of_objects [get_pins -quiet -leaf -of_objects [get_nets -quiet -segments -of_objects [get_pins -quiet -of_objects [get_cells -quiet -of_objects [get_pins -quiet -leaf -of_objects [get_nets -quiet -segments -of_objects [get_ports -quiet nvp_sda]] -filter {REF_NAME == OBUFT && REF_PIN_NAME == O}]] -filter {REF_PIN_NAME == T}]] -filter {DIRECTION == OUT}]] -filter {REF_PIN_NAME == D}]] -to [get_pins -quiet -of_objects [get_cells -quiet -of_objects [get_pins -quiet -leaf -of_objects [get_nets -quiet -segments -of_objects [get_pins -quiet -of_objects [get_cells -quiet -of_objects [get_pins -quiet -leaf -of_objects [get_nets -quiet -segments -of_objects [get_ports -quiet nvp_sda]] -filter {REF_NAME == OBUFT && REF_PIN_NAME == O}]] -filter {REF_PIN_NAME == T}]] -filter {DIRECTION == OUT}]] -filter {REF_PIN_NAME == D}] -delay_type max -max_paths 20 -nworst 1 -unique_pins -routable_nets -sort_by slack -path_type full_clock_expanded -input_pins -file C:/FPGA/V41_NVP_ROUTED_DCP_POWER_TIMING_AUDIT_R1/05_R1_SCL_SDA_TIMING/R1_SDA_CONTROL_TO_OEN_REGISTER_D_MAX.rpt
| Design       : ahd_capture_top_xdma
| Device       : 7a35t-csg325
| Speed File   : -2  PRODUCTION 1.23 2018-06-13
| Design State : Routed
--------------------------------------------------------------------------------------------------------------------------------------------------------------------------------------------------------------------------------------------------------------------------------------------------------------------------------------------------------------------------------------------------------------------------------------------------------------------------------------------------------------------------------------------------------------------------------------------------------------------------------------------------------------------------------------------------------------------------------------------------------------------------------------------------------------------------------------------------------------------------------------------------------------------------------------------------------------------------------------------------------------------------------------------------------------------------------------------------------------------------------------------------------------------------------------------------------------------------------------

Timing Report

Slack (MET) :             11.658ns  (required time - arrival time)
  Source:                 NVP_AUTOINIT/u_sequence/FSM_onehot_state_reg[18]/C
                            (rising edge-triggered cell FDRE clocked by userclk1  {rise@0.000ns fall@8.000ns period=16.000ns})
  Destination:            NVP_AUTOINIT/u_sequence/sda_oen_r_reg/D
                            (rising edge-triggered cell FDSE clocked by userclk1  {rise@0.000ns fall@8.000ns period=16.000ns})
  Path Group:             userclk1
  Path Type:              Setup (Max at Slow Process Corner)
  Requirement:            16.000ns  (userclk1 rise@16.000ns - userclk1 rise@0.000ns)
  Data Path Delay:        4.315ns  (logic 1.096ns (25.401%)  route 3.219ns (74.599%))
  Logic Levels:           4  (LUT4=1 LUT5=1 LUT6=2)
  Clock Path Skew:        -0.024ns (DCD - SCD + CPR)
    Destination Clock Delay (DCD):    5.342ns = ( 21.342 - 16.000 ) 
    Source Clock Delay      (SCD):    5.691ns
    Clock Pessimism Removal (CPR):    0.325ns
  Clock Uncertainty:      0.079ns  ((TSJ^2 + DJ^2)^1/2) / 2 + PE
    Total System Jitter     (TSJ):    0.071ns
    Discrete Jitter          (DJ):    0.141ns
    Phase Error              (PE):    0.000ns

    Location             Delay type                Incr(ns)  Path(ns)    Netlist Resource(s)
  -------------------------------------------------------------------    -------------------
                         (clock userclk1 rise edge)
                                                      0.000     0.000 r  
    GTPE2_CHANNEL_X0Y3   GTPE2_CHANNEL                0.000     0.000 r  XDMA/inst/xdma_v41_m1_pcie2_to_pcie3_wrapper_i/pcie2_ip_i/inst/inst/gt_top_i/pipe_wrapper_i/pipe_lane[0].gt_wrapper_i/gtp_channel.gtpe2_channel_i/TXOUTCLK
                         net (fo=1, routed)           1.209     1.209    XDMA/inst/xdma_v41_m1_pcie2_to_pcie3_wrapper_i/pcie2_ip_i/inst/inst/gt_top_i/pipe_wrapper_i/pipe_clock_int.pipe_clock_i/txoutclk_i.txoutclk_i_0
    BUFGCTRL_X0Y20                                                    r  XDMA/inst/xdma_v41_m1_pcie2_to_pcie3_wrapper_i/pcie2_ip_i/inst/inst/gt_top_i/pipe_wrapper_i/pipe_clock_int.pipe_clock_i/txoutclk_i.txoutclk_i/I
    BUFGCTRL_X0Y20       BUFG (Prop_bufg_I_O)         0.081     1.290 r  XDMA/inst/xdma_v41_m1_pcie2_to_pcie3_wrapper_i/pcie2_ip_i/inst/inst/gt_top_i/pipe_wrapper_i/pipe_clock_int.pipe_clock_i/txoutclk_i.txoutclk_i/O
                         net (fo=1, routed)           1.391     2.681    XDMA/inst/xdma_v41_m1_pcie2_to_pcie3_wrapper_i/pcie2_ip_i/inst/inst/gt_top_i/pipe_wrapper_i/pipe_clock_int.pipe_clock_i/refclk
    MMCME2_ADV_X0Y0                                                   r  XDMA/inst/xdma_v41_m1_pcie2_to_pcie3_wrapper_i/pcie2_ip_i/inst/inst/gt_top_i/pipe_wrapper_i/pipe_clock_int.pipe_clock_i/mmcm_i/CLKIN1
    MMCME2_ADV_X0Y0      MMCME2_ADV (Prop_mmcme2_adv_CLKIN1_CLKOUT2)
                                                      0.077     2.757 r  XDMA/inst/xdma_v41_m1_pcie2_to_pcie3_wrapper_i/pcie2_ip_i/inst/inst/gt_top_i/pipe_wrapper_i/pipe_clock_int.pipe_clock_i/mmcm_i/CLKOUT2
                         net (fo=1, routed)           1.425     4.182    XDMA/inst/xdma_v41_m1_pcie2_to_pcie3_wrapper_i/pcie2_ip_i/inst/inst/gt_top_i/pipe_wrapper_i/pipe_clock_int.pipe_clock_i/userclk1
    BUFGCTRL_X0Y0                                                     r  XDMA/inst/xdma_v41_m1_pcie2_to_pcie3_wrapper_i/pcie2_ip_i/inst/inst/gt_top_i/pipe_wrapper_i/pipe_clock_int.pipe_clock_i/userclk1_i1.usrclk1_i1/I
    BUFGCTRL_X0Y0        BUFG (Prop_bufg_I_O)         0.081     4.263 r  XDMA/inst/xdma_v41_m1_pcie2_to_pcie3_wrapper_i/pcie2_ip_i/inst/inst/gt_top_i/pipe_wrapper_i/pipe_clock_int.pipe_clock_i/userclk1_i1.usrclk1_i1/O
                         net (fo=15451, routed)       1.428     5.691    NVP_AUTOINIT/u_sequence/axi_aclk
    SLICE_X7Y31          FDRE                                         r  NVP_AUTOINIT/u_sequence/FSM_onehot_state_reg[18]/C
  -------------------------------------------------------------------    -------------------
    SLICE_X7Y31          FDRE (Prop_fdre_C_Q)         0.348     6.039 r  NVP_AUTOINIT/u_sequence/FSM_onehot_state_reg[18]/Q
                         net (fo=7, routed)           1.218     7.257    NVP_AUTOINIT/u_sequence/FSM_onehot_state_reg_n_0_[18]
    SLICE_X6Y29                                                       r  NVP_AUTOINIT/u_sequence/FSM_onehot_state[32]_i_8/I0
    SLICE_X6Y29          LUT4 (Prop_lut4_I0_O)        0.255     7.512 r  NVP_AUTOINIT/u_sequence/FSM_onehot_state[32]_i_8/O
                         net (fo=2, routed)           0.888     8.400    NVP_AUTOINIT/u_sequence/FSM_onehot_state[32]_i_8_n_0
    SLICE_X7Y32                                                       r  NVP_AUTOINIT/u_sequence/sda_oen_r_i_7/I5
    SLICE_X7Y32          LUT6 (Prop_lut6_I5_O)        0.283     8.683 r  NVP_AUTOINIT/u_sequence/sda_oen_r_i_7/O
                         net (fo=1, routed)           0.553     9.236    NVP_AUTOINIT/u_sequence/sda_oen_r_i_7_n_0
    SLICE_X6Y32                                                       r  NVP_AUTOINIT/u_sequence/sda_oen_r_i_5/I4
    SLICE_X6Y32          LUT5 (Prop_lut5_I4_O)        0.105     9.341 f  NVP_AUTOINIT/u_sequence/sda_oen_r_i_5/O
                         net (fo=2, routed)           0.560     9.901    NVP_AUTOINIT/u_sequence/sda_oen_r_i_5_n_0
    SLICE_X6Y32                                                       f  NVP_AUTOINIT/u_sequence/sda_oen_r_i_2/I5
    SLICE_X6Y32          LUT6 (Prop_lut6_I5_O)        0.105    10.006 r  NVP_AUTOINIT/u_sequence/sda_oen_r_i_2/O
                         net (fo=1, routed)           0.000    10.006    NVP_AUTOINIT/u_sequence/sda_oen_r
    SLICE_X6Y32          FDSE                                         r  NVP_AUTOINIT/u_sequence/sda_oen_r_reg/D
  -------------------------------------------------------------------    -------------------

                         (clock userclk1 rise edge)
                                                     16.000    16.000 r  
    GTPE2_CHANNEL_X0Y3   GTPE2_CHANNEL                0.000    16.000 r  XDMA/inst/xdma_v41_m1_pcie2_to_pcie3_wrapper_i/pcie2_ip_i/inst/inst/gt_top_i/pipe_wrapper_i/pipe_lane[0].gt_wrapper_i/gtp_channel.gtpe2_channel_i/TXOUTCLK
                         net (fo=1, routed)           1.150    17.150    XDMA/inst/xdma_v41_m1_pcie2_to_pcie3_wrapper_i/pcie2_ip_i/inst/inst/gt_top_i/pipe_wrapper_i/pipe_clock_int.pipe_clock_i/txoutclk_i.txoutclk_i_0
    BUFGCTRL_X0Y20                                                    r  XDMA/inst/xdma_v41_m1_pcie2_to_pcie3_wrapper_i/pcie2_ip_i/inst/inst/gt_top_i/pipe_wrapper_i/pipe_clock_int.pipe_clock_i/txoutclk_i.txoutclk_i/I
    BUFGCTRL_X0Y20       BUFG (Prop_bufg_I_O)         0.077    17.227 r  XDMA/inst/xdma_v41_m1_pcie2_to_pcie3_wrapper_i/pcie2_ip_i/inst/inst/gt_top_i/pipe_wrapper_i/pipe_clock_int.pipe_clock_i/txoutclk_i.txoutclk_i/O
                         net (fo=1, routed)           1.286    18.513    XDMA/inst/xdma_v41_m1_pcie2_to_pcie3_wrapper_i/pcie2_ip_i/inst/inst/gt_top_i/pipe_wrapper_i/pipe_clock_int.pipe_clock_i/refclk
    MMCME2_ADV_X0Y0                                                   r  XDMA/inst/xdma_v41_m1_pcie2_to_pcie3_wrapper_i/pcie2_ip_i/inst/inst/gt_top_i/pipe_wrapper_i/pipe_clock_int.pipe_clock_i/mmcm_i/CLKIN1
    MMCME2_ADV_X0Y0      MMCME2_ADV (Prop_mmcme2_adv_CLKIN1_CLKOUT2)
                                                      0.073    18.586 r  XDMA/inst/xdma_v41_m1_pcie2_to_pcie3_wrapper_i/pcie2_ip_i/inst/inst/gt_top_i/pipe_wrapper_i/pipe_clock_int.pipe_clock_i/mmcm_i/CLKOUT2
                         net (fo=1, routed)           1.357    19.944    XDMA/inst/xdma_v41_m1_pcie2_to_pcie3_wrapper_i/pcie2_ip_i/inst/inst/gt_top_i/pipe_wrapper_i/pipe_clock_int.pipe_clock_i/userclk1
    BUFGCTRL_X0Y0                                                     r  XDMA/inst/xdma_v41_m1_pcie2_to_pcie3_wrapper_i/pcie2_ip_i/inst/inst/gt_top_i/pipe_wrapper_i/pipe_clock_int.pipe_clock_i/userclk1_i1.usrclk1_i1/I
    BUFGCTRL_X0Y0        BUFG (Prop_bufg_I_O)         0.077    20.021 r  XDMA/inst/xdma_v41_m1_pcie2_to_pcie3_wrapper_i/pcie2_ip_i/inst/inst/gt_top_i/pipe_wrapper_i/pipe_clock_int.pipe_clock_i/userclk1_i1.usrclk1_i1/O
                         net (fo=15451, routed)       1.322    21.342    NVP_AUTOINIT/u_sequence/axi_aclk
    SLICE_X6Y32          FDSE                                         r  NVP_AUTOINIT/u_sequence/sda_oen_r_reg/C
                         clock pessimism              0.325    21.667    
                         clock uncertainty           -0.079    21.588    
    SLICE_X6Y32          FDSE (Setup_fdse_C_D)        0.076    21.664    NVP_AUTOINIT/u_sequence/sda_oen_r_reg
  -------------------------------------------------------------------
                         required time                         21.664    
                         arrival time                         -10.006    
  -------------------------------------------------------------------
                         slack                                 11.658    




