#-----------------------------------------------------------
# xsim v2025.2 (64-bit)
# SW Build 6299465 on Fri Nov 14 19:35:11 GMT 2025
# IP Build 6300035 on Fri Nov 14 10:48:45 MST 2025
# SharedData Build 6298862 on Thu Nov 13 04:50:51 MST 2025
# Start of session at: Mon Aug 24 12:37:16 2026
# Process ID         : 3052
# Current directory  : C:/FPGA/V41_NVP_R1F_PHASE_COMPLETE_OBSERVABILITY/06_SIMULATION/tri_phase_probe_production_timing
# Command line       : xsim.exe -log xsim.log -mode tcl -source {xsim.dir/r1f_probe_production_timing/xsim_script.tcl}
# Log file           : C:/FPGA/V41_NVP_R1F_PHASE_COMPLETE_OBSERVABILITY/06_SIMULATION/tri_phase_probe_production_timing/xsim.log
# Journal file       : C:/FPGA/V41_NVP_R1F_PHASE_COMPLETE_OBSERVABILITY/06_SIMULATION/tri_phase_probe_production_timing\xsim.jou
# Running On         : NBLSUDUL
# Platform           : Windows Server 2016 or Windows 10
# Operating System   : 19045
# Processor Detail   : Intel(R) Core(TM) i7-7500U CPU @ 2.70GHz
# CPU Frequency      : 2904 MHz
# CPU Physical cores : 2
# CPU Logical cores  : 4
# Host memory        : 17028 MB
# Swap memory        : 4338 MB
# Total Virtual      : 21366 MB
# Available Virtual  : 6998 MB
#-----------------------------------------------------------
source xsim.dir/r1f_probe_production_timing/xsim_script.tcl
# xsim {r1f_probe_production_timing} -autoloadwcfg -runall
Time resolution is 1 ps
run -all
Fatal: probe did not reach a terminal state
Time: 20000015500 ns  Iteration: 0  Process: /tb_nvp_i2c_tri_phase_probe_production_timing/model/Initial249_9  Scope: tb_nvp_i2c_tri_phase_probe_production_timing.model.run_test  File: C:/FPGA/WORKTREES/V41_NVP_R1F_PHASE_COMPLETE_OBSERVABILITY/tests/v41/tb_nvp_i2c_tri_phase_probe.sv Line: 271
$finish called at time : 20000015500 ns
run: Time (s): cpu = 00:00:03 ; elapsed = 00:01:01 . Memory (MB): peak = 197.738 ; gain = 0.004
exit
INFO: xsimkernel Simulation Memory Usage: 12244 KB (Peak: 12244 KB), Simulation CPU Usage: 55327 ms
INFO: [Common 17-206] Exiting xsim at Mon Aug 24 12:38:22 2026...
