UTC_START=2026-08-20T19:41:21.7143568Z
UTC_END=2026-08-20T19:41:23.9313014Z
EVIDENCE_KIND=NVP_T0_T1_READ_ONLY
RESULT=PASS
EXIT_CODE=0
ARGUMENT_TOKEN_AUDIT=PASS
PLINK_PW_OPTION_USED=NO
PLINK_PWFILE_OPTION_USED=YES
USERNAME_ROLE_OCCURRENCE=YES_AUTHORIZED
PASSWORD_ROLE_ARGUMENT_OCCURRENCE=NO
REMOTE_COMMAND_SHARED_LITERAL=NO
INHERITED_ENVIRONMENT_AUDIT=PASS
PWFILE_CREATED=YES
PWFILE_DELETED=YES
STDOUT_BEGIN
T0_TIMESTAMP_NS=1787254884026234554
FIELD=T0_FRAME OFFSET=0x60
XDMA_USER_NODE=/dev/xdma0_user
AXI_LITE_OFFSET=0x00000060
AXI_LITE_OBSERVED=0x00000000
AXI_LITE_EXPECTED=0x00000000
AXI_LITE_READ_RESULT=PASS
FIELD=T0_VCLK OFFSET=0x80
XDMA_USER_NODE=/dev/xdma0_user
AXI_LITE_OFFSET=0x00000080
AXI_LITE_OBSERVED=0x2F81B235
AXI_LITE_EXPECTED=0x00000000
AXI_LITE_READ_RESULT=FAIL
FIELD=T0_SAV OFFSET=0x84
XDMA_USER_NODE=/dev/xdma0_user
AXI_LITE_OFFSET=0x00000084
AXI_LITE_OBSERVED=0x00000000
AXI_LITE_EXPECTED=0x00000000
AXI_LITE_READ_RESULT=PASS
FIELD=T0_STATUS OFFSET=0x8C
XDMA_USER_NODE=/dev/xdma0_user
AXI_LITE_OFFSET=0x0000008C
AXI_LITE_OBSERVED=0x000000FB
AXI_LITE_EXPECTED=0x00000000
AXI_LITE_READ_RESULT=FAIL
FIELD=T0_NACK OFFSET=0x90
XDMA_USER_NODE=/dev/xdma0_user
AXI_LITE_OFFSET=0x00000090
AXI_LITE_OBSERVED=0x00000009
AXI_LITE_EXPECTED=0x00000000
AXI_LITE_READ_RESULT=FAIL
FIELD=T0_TIMEOUT OFFSET=0x94
XDMA_USER_NODE=/dev/xdma0_user
AXI_LITE_OFFSET=0x00000094
AXI_LITE_OBSERVED=0x00000000
AXI_LITE_EXPECTED=0x00000000
AXI_LITE_READ_RESULT=PASS
FIELD=T0_SUMMARY OFFSET=0x98
XDMA_USER_NODE=/dev/xdma0_user
AXI_LITE_OFFSET=0x00000098
AXI_LITE_OBSERVED=0x00D608F9
AXI_LITE_EXPECTED=0x00000000
AXI_LITE_READ_RESULT=FAIL
FIELD=T0_FIRST_ERROR OFFSET=0x9C
XDMA_USER_NODE=/dev/xdma0_user
AXI_LITE_OFFSET=0x0000009C
AXI_LITE_OBSERVED=0x80013500
AXI_LITE_EXPECTED=0x00000000
AXI_LITE_READ_RESULT=FAIL
FIELD=T0_DETAIL0 OFFSET=0xA0
XDMA_USER_NODE=/dev/xdma0_user
AXI_LITE_OFFSET=0x000000A0
AXI_LITE_OBSERVED=0x00D6F908
AXI_LITE_EXPECTED=0x00000000
AXI_LITE_READ_RESULT=FAIL
FIELD=T0_DETAIL1 OFFSET=0xA4
XDMA_USER_NODE=/dev/xdma0_user
AXI_LITE_OFFSET=0x000000A4
AXI_LITE_OBSERVED=0xFF0001FA
AXI_LITE_EXPECTED=0x00000000
AXI_LITE_READ_RESULT=FAIL
FIELD=T0_DETAIL2 OFFSET=0xA8
XDMA_USER_NODE=/dev/xdma0_user
AXI_LITE_OFFSET=0x000000A8
AXI_LITE_OBSERVED=0x01010000
AXI_LITE_EXPECTED=0x00000000
AXI_LITE_READ_RESULT=FAIL
FIELD=T0_DETAIL3 OFFSET=0xAC
XDMA_USER_NODE=/dev/xdma0_user
AXI_LITE_OFFSET=0x000000AC
AXI_LITE_OBSERVED=0x01900535
AXI_LITE_EXPECTED=0x00000000
AXI_LITE_READ_RESULT=FAIL
FIELD=T0_DETAIL4 OFFSET=0xB0
XDMA_USER_NODE=/dev/xdma0_user
AXI_LITE_OFFSET=0x000000B0
AXI_LITE_OBSERVED=0x00000009
AXI_LITE_EXPECTED=0x00000000
AXI_LITE_READ_RESULT=FAIL
FIELD=T0_DETAIL5 OFFSET=0xB4
XDMA_USER_NODE=/dev/xdma0_user
AXI_LITE_OFFSET=0x000000B4
AXI_LITE_OBSERVED=0x05000000
AXI_LITE_EXPECTED=0x00000000
AXI_LITE_READ_RESULT=FAIL
T1_TIMESTAMP_NS=1787254885041810947
FIELD=T1_FRAME OFFSET=0x60
XDMA_USER_NODE=/dev/xdma0_user
AXI_LITE_OFFSET=0x00000060
AXI_LITE_OBSERVED=0x00000000
AXI_LITE_EXPECTED=0x00000000
AXI_LITE_READ_RESULT=PASS
FIELD=T1_VCLK OFFSET=0x80
XDMA_USER_NODE=/dev/xdma0_user
AXI_LITE_OFFSET=0x00000080
AXI_LITE_OBSERVED=0x387FF717
AXI_LITE_EXPECTED=0x00000000
AXI_LITE_READ_RESULT=FAIL
FIELD=T1_SAV OFFSET=0x84
XDMA_USER_NODE=/dev/xdma0_user
AXI_LITE_OFFSET=0x00000084
AXI_LITE_OBSERVED=0x00000000
AXI_LITE_EXPECTED=0x00000000
AXI_LITE_READ_RESULT=PASS
FIELD=T1_STATUS OFFSET=0x8C
XDMA_USER_NODE=/dev/xdma0_user
AXI_LITE_OFFSET=0x0000008C
AXI_LITE_OBSERVED=0x000000FB
AXI_LITE_EXPECTED=0x00000000
AXI_LITE_READ_RESULT=FAIL
FIELD=T1_NACK OFFSET=0x90
XDMA_USER_NODE=/dev/xdma0_user
AXI_LITE_OFFSET=0x00000090
AXI_LITE_OBSERVED=0x00000009
AXI_LITE_EXPECTED=0x00000000
AXI_LITE_READ_RESULT=FAIL
FIELD=T1_TIMEOUT OFFSET=0x94
XDMA_USER_NODE=/dev/xdma0_user
AXI_LITE_OFFSET=0x00000094
AXI_LITE_OBSERVED=0x00000000
AXI_LITE_EXPECTED=0x00000000
AXI_LITE_READ_RESULT=PASS
FIELD=T1_SUMMARY OFFSET=0x98
XDMA_USER_NODE=/dev/xdma0_user
AXI_LITE_OFFSET=0x00000098
AXI_LITE_OBSERVED=0x00D608F9
AXI_LITE_EXPECTED=0x00000000
AXI_LITE_READ_RESULT=FAIL
FIELD=T1_FIRST_ERROR OFFSET=0x9C
XDMA_USER_NODE=/dev/xdma0_user
AXI_LITE_OFFSET=0x0000009C
AXI_LITE_OBSERVED=0x80013500
AXI_LITE_EXPECTED=0x00000000
AXI_LITE_READ_RESULT=FAIL
FIELD=T1_DETAIL0 OFFSET=0xA0
XDMA_USER_NODE=/dev/xdma0_user
AXI_LITE_OFFSET=0x000000A0
AXI_LITE_OBSERVED=0x00D6F908
AXI_LITE_EXPECTED=0x00000000
AXI_LITE_READ_RESULT=FAIL
FIELD=T1_DETAIL1 OFFSET=0xA4
XDMA_USER_NODE=/dev/xdma0_user
AXI_LITE_OFFSET=0x000000A4
AXI_LITE_OBSERVED=0xFF0001FA
AXI_LITE_EXPECTED=0x00000000
AXI_LITE_READ_RESULT=FAIL
FIELD=T1_DETAIL2 OFFSET=0xA8
XDMA_USER_NODE=/dev/xdma0_user
AXI_LITE_OFFSET=0x000000A8
AXI_LITE_OBSERVED=0x01010000
AXI_LITE_EXPECTED=0x00000000
AXI_LITE_READ_RESULT=FAIL
FIELD=T1_DETAIL3 OFFSET=0xAC
XDMA_USER_NODE=/dev/xdma0_user
AXI_LITE_OFFSET=0x000000AC
AXI_LITE_OBSERVED=0x01900535
AXI_LITE_EXPECTED=0x00000000
AXI_LITE_READ_RESULT=FAIL
FIELD=T1_DETAIL4 OFFSET=0xB0
XDMA_USER_NODE=/dev/xdma0_user
AXI_LITE_OFFSET=0x000000B0
AXI_LITE_OBSERVED=0x00000009
AXI_LITE_EXPECTED=0x00000000
AXI_LITE_READ_RESULT=FAIL
FIELD=T1_DETAIL5 OFFSET=0xB4
XDMA_USER_NODE=/dev/xdma0_user
AXI_LITE_OFFSET=0x000000B4
AXI_LITE_OBSERVED=0x05000000
AXI_LITE_EXPECTED=0x00000000
AXI_LITE_READ_RESULT=FAIL
FINAL_BOOT_ID=20ce3f85-63d7-4d02-a3ad-9c87de8ad794
STDOUT_END
STDERR_BEGIN

STDERR_END
