UTC_START=2026-08-21T11:13:12.2094289Z
UTC_END=2026-08-21T11:13:13.8081700Z
EVIDENCE_KIND=R1_PREPROGRAM_HOST_GATE
RESULT=PASS
EXIT_CODE=0
ARGUMENT_TOKEN_AUDIT=PASS
PLINK_PW_OPTION_USED=NO
PLINK_PWFILE_OPTION_USED=YES
USERNAME_ROLE_OCCURRENCE=YES_AUTHORIZED
PASSWORD_ROLE_ARGUMENT_OCCURRENCE=NO
REMOTE_COMMAND_SHARED_LITERAL=NO
INHERITED_ENVIRONMENT_AUDIT=PASS
PWFILE_CREATED=YES
PWFILE_DELETED=YES
STDOUT_BEGIN
64427968-3d60-4dfe-acee-451a2ae75c6a
0000:01:00.0 Memory controller [0580]: Xilinx Corporation 7-Series FPGA Hard PCIe block (AXI/debug) [10ee:7011]
STDOUT_END
STDERR_BEGIN

STDERR_END
