UTC_START=2026-08-21T11:19:51.3291123Z
UTC_END=2026-08-21T11:20:02.9216260Z
EVIDENCE_KIND=R1_RUNTIME_PROVENANCE
RESULT=PASS
EXIT_CODE=0
ARGUMENT_TOKEN_AUDIT=PASS
PLINK_PW_OPTION_USED=NO
PLINK_PWFILE_OPTION_USED=YES
USERNAME_ROLE_OCCURRENCE=YES_AUTHORIZED
PASSWORD_ROLE_ARGUMENT_OCCURRENCE=NO
REMOTE_COMMAND_SHARED_LITERAL=NO
INHERITED_ENVIRONMENT_AUDIT=PASS
PWFILE_CREATED=YES
PWFILE_DELETED=YES
STDOUT_BEGIN
XDMA_USER_NODE=/dev/xdma0_user
AXI_LITE_OFFSET=0x00000010
AXI_LITE_OBSERVED=0x0AF44DEE
AXI_LITE_EXPECTED=0x0AF44DEE
AXI_LITE_READ_RESULT=PASS
XDMA_USER_NODE=/dev/xdma0_user
AXI_LITE_OFFSET=0x00000014
AXI_LITE_OBSERVED=0x3BC091EA
AXI_LITE_EXPECTED=0x3BC091EA
AXI_LITE_READ_RESULT=PASS
XDMA_USER_NODE=/dev/xdma0_user
AXI_LITE_OFFSET=0x00000018
AXI_LITE_OBSERVED=0xFF805704
AXI_LITE_EXPECTED=0xFF805704
AXI_LITE_READ_RESULT=PASS
XDMA_USER_NODE=/dev/xdma0_user
AXI_LITE_OFFSET=0x0000001C
AXI_LITE_OBSERVED=0xDD5C687E
AXI_LITE_EXPECTED=0xDD5C687E
AXI_LITE_READ_RESULT=PASS
XDMA_USER_NODE=/dev/xdma0_user
AXI_LITE_OFFSET=0x00000020
AXI_LITE_OBSERVED=0xEAA01BBD
AXI_LITE_EXPECTED=0xEAA01BBD
AXI_LITE_READ_RESULT=PASS
XDMA_USER_NODE=/dev/xdma0_user
AXI_LITE_OFFSET=0x0000002C
AXI_LITE_OBSERVED=0x00000002
AXI_LITE_EXPECTED=0x00000002
AXI_LITE_READ_RESULT=PASS
STDOUT_END
STDERR_BEGIN


sudo: Authentication failed, try again.


sudo: Authentication failed, try again.


sudo: Authentication failed, try again.


sudo: Authentication failed, try again.


sudo: Authentication failed, try again.
STDERR_END
