UTC_START=2026-08-21T11:18:24.6210308Z
UTC_END=2026-08-21T11:18:26.0276016Z
EVIDENCE_KIND=R1_READ_TOOL_DEPLOY
RESULT=FAIL
EXIT_CODE=1
ARGUMENT_TOKEN_AUDIT=PASS
PLINK_PW_OPTION_USED=NO
PLINK_PWFILE_OPTION_USED=YES
USERNAME_ROLE_OCCURRENCE=YES_AUTHORIZED
PASSWORD_ROLE_ARGUMENT_OCCURRENCE=NO
REMOTE_COMMAND_SHARED_LITERAL=NO
INHERITED_ENVIRONMENT_AUDIT=PASS
PWFILE_CREATED=YES
PWFILE_DELETED=YES
STDOUT_BEGIN

STDOUT_END
STDERR_BEGIN
mkdir: Permission denied
bash: line 1: /home/vcdeagent1/FPGA_AHD_HOST/r1_axi_clock_measure/tool/v41_axi_clock_measure_r1_read.c: No such file or directory
cc1: fatal error: /home/vcdeagent1/FPGA_AHD_HOST/r1_axi_clock_measure/tool/v41_axi_clock_measure_r1_read.c: No such file or directory
compilation terminated.
sha256sum: /home/vcdeagent1/FPGA_AHD_HOST/r1_axi_clock_measure/tool/v41_axi_clock_measure_r1_read.c: No such file or directory
sha256sum: /home/vcdeagent1/FPGA_AHD_HOST/r1_axi_clock_measure/tool/v41_axi_clock_measure_r1_read: No such file or directory
STDERR_END
