UTC_START=2026-08-21T11:19:17.2121834Z
UTC_END=2026-08-21T11:19:17.7863938Z
EVIDENCE_KIND=R1_T1_READ_ONLY
RESULT=PASS
EXIT_CODE=0
ARGUMENT_TOKEN_AUDIT=PASS
PLINK_PW_OPTION_USED=NO
PLINK_PWFILE_OPTION_USED=YES
USERNAME_ROLE_OCCURRENCE=YES_AUTHORIZED
PASSWORD_ROLE_ARGUMENT_OCCURRENCE=NO
REMOTE_COMMAND_SHARED_LITERAL=NO
INHERITED_ENVIRONMENT_AUDIT=PASS
PWFILE_CREATED=YES
PWFILE_DELETED=YES
STDOUT_BEGIN
REMOTE_MONOTONIC_NS=148950979498
MEASUREMENT_MAGIC=0x314b4c43
MEASUREMENT_VERSION=1
INSTRUMENT_STATUS=0x00000017
AXI_FREERUN_COUNT=12870152808
CNT_AT_INIT_DONE=113144494
CNT_AT_FIRST_USER_LNK_UP=2326717002
CNT_AT_FIRST_AXI_ARESETN_HIGH=2326716859
CNT_AT_FIRST_AXI_ARESETN_LOW_AFTER_HIGH=0
USER_LNK_UP_TRANSITION_COUNT=1
AXI_ARESETN_TRANSITION_COUNT=1
EVENT_FLAGS=0x00000017
VCLK=352668930
SAV=0
FRAME=0
NVP_STATUS=0x000000fb
NVP_SUMMARY0=0x00000013
NVP_SUMMARY1=0x00000000
FIRST_ERROR=0x00d608f9
FIRST_ERROR_META=0x80020100
STDOUT_END
STDERR_BEGIN

STDERR_END
