UTC_START=2026-08-20T19:37:44.9910316Z
UTC_END=2026-08-20T19:37:46.0790138Z
EVIDENCE_KIND=ACCEPTED_READ_TOOL_DISCOVERY
RESULT=PASS
EXIT_CODE=0
ARGUMENT_TOKEN_AUDIT=PASS
PLINK_PW_OPTION_USED=NO
PLINK_PWFILE_OPTION_USED=YES
USERNAME_ROLE_OCCURRENCE=YES_AUTHORIZED
PASSWORD_ROLE_ARGUMENT_OCCURRENCE=NO
REMOTE_COMMAND_SHARED_LITERAL=NO
INHERITED_ENVIRONMENT_AUDIT=PASS
PWFILE_CREATED=YES
PWFILE_DELETED=YES
STDOUT_BEGIN
/home/vcdeagent1/FPGA_AHD_HOST/phase2_precheck_accepted/analyze_v40_records.py
/home/vcdeagent1/FPGA_AHD_HOST/phase2_precheck_accepted/driver_src/index.html
/home/vcdeagent1/FPGA_AHD_HOST/phase2_precheck_accepted/driver_src/MDB5/RELEASE
/home/vcdeagent1/FPGA_AHD_HOST/phase2_precheck_accepted/driver_src/README.md
/home/vcdeagent1/FPGA_AHD_HOST/phase2_precheck_accepted/evidence/bash_syntax.txt
/home/vcdeagent1/FPGA_AHD_HOST/phase2_precheck_accepted/evidence/driver_archive_identity.txt
/home/vcdeagent1/FPGA_AHD_HOST/phase2_precheck_accepted/evidence/environment.txt
/home/vcdeagent1/FPGA_AHD_HOST/phase2_precheck_accepted/evidence/gate.txt
/home/vcdeagent1/FPGA_AHD_HOST/phase2_precheck_accepted/evidence/host_tool_gate.txt
/home/vcdeagent1/FPGA_AHD_HOST/phase2_precheck_accepted/evidence/precheck_artifact_sha256.txt
/home/vcdeagent1/FPGA_AHD_HOST/phase2_precheck_accepted/evidence/v40_acceptance_build.log
/home/vcdeagent1/FPGA_AHD_HOST/phase2_precheck_accepted/evidence/v40_final_acceptance
/home/vcdeagent1/FPGA_AHD_HOST/phase2_precheck_accepted/evidence/xdma_axil_read
/home/vcdeagent1/FPGA_AHD_HOST/phase2_precheck_accepted/evidence/xdma_axil_read_build.log
/home/vcdeagent1/FPGA_AHD_HOST/phase2_precheck_accepted/evidence/xdma_driver_build.log
/home/vcdeagent1/FPGA_AHD_HOST/phase2_precheck_accepted/evidence/xdma.ko
/home/vcdeagent1/FPGA_AHD_HOST/phase2_precheck_accepted/evidence/xdma_module_modinfo.txt
/home/vcdeagent1/FPGA_AHD_HOST/phase2_precheck_accepted/evidence/xdma_module_sha256.txt
/home/vcdeagent1/FPGA_AHD_HOST/phase2_precheck_accepted/evidence/xdma_module_vermagic.txt
/home/vcdeagent1/FPGA_AHD_HOST/phase2_precheck_accepted/phase2_load_xdma_driver.sh
/home/vcdeagent1/FPGA_AHD_HOST/phase2_precheck_accepted/phase2_remote_precheck.sh
/home/vcdeagent1/FPGA_AHD_HOST/phase2_precheck_accepted/phase2_v40_full_regression.sh
/home/vcdeagent1/FPGA_AHD_HOST/phase2_precheck_accepted/phase2_xdma_driver_8721136.tar
/home/vcdeagent1/FPGA_AHD_HOST/phase2_precheck_accepted/phase2_xdma_validate.sh
/home/vcdeagent1/FPGA_AHD_HOST/phase2_precheck_accepted/__pycache__/analyze_v40_records.cpython-314.pyc
/home/vcdeagent1/FPGA_AHD_HOST/phase2_precheck_accepted/remote_precheck_console.log
/home/vcdeagent1/FPGA_AHD_HOST/phase2_precheck_accepted/v40b_parser.c
/home/vcdeagent1/FPGA_AHD_HOST/phase2_precheck_accepted/v40b_parser.h
/home/vcdeagent1/FPGA_AHD_HOST/phase2_precheck_accepted/v40_final_acceptance
/home/vcdeagent1/FPGA_AHD_HOST/phase2_precheck_accepted/v40_final_acceptance.c
/home/vcdeagent1/FPGA_AHD_HOST/phase2_precheck_accepted/xdma_axil_read
/home/vcdeagent1/FPGA_AHD_HOST/phase2_precheck_accepted/xdma_axil_read.c
TOOLS
/home/vcdeagent1/FPGA_AHD_HOST/new_host_migration/B7_RUN_01/observe.txt
/home/vcdeagent1/FPGA_AHD_HOST/new_host_migration/B7_RUN_02/observe.txt
/home/vcdeagent1/FPGA_AHD_HOST/new_host_migration/B7_RUN_03/observe.txt
/home/vcdeagent1/FPGA_AHD_HOST/phase2_precheck_accepted/evidence/v40_acceptance_build.log
/home/vcdeagent1/FPGA_AHD_HOST/phase2_precheck_accepted/evidence/v40_final_acceptance
/home/vcdeagent1/FPGA_AHD_HOST/phase2_precheck_accepted/v40_final_acceptance
/home/vcdeagent1/FPGA_AHD_HOST/phase2_precheck_accepted/v40_final_acceptance.c
STDOUT_END
STDERR_BEGIN

STDERR_END
