UTC_START=2026-08-20T19:39:58.1199602Z
UTC_END=2026-08-20T19:39:59.2413003Z
EVIDENCE_KIND=FORMAL_IDENTITY_READ_ONLY
RESULT=FAIL
EXIT_CODE=1
ARGUMENT_TOKEN_AUDIT=PASS
PLINK_PW_OPTION_USED=NO
PLINK_PWFILE_OPTION_USED=YES
USERNAME_ROLE_OCCURRENCE=YES_AUTHORIZED
PASSWORD_ROLE_ARGUMENT_OCCURRENCE=NO
REMOTE_COMMAND_SHARED_LITERAL=NO
INHERITED_ENVIRONMENT_AUDIT=PASS
PWFILE_CREATED=YES
PWFILE_DELETED=YES
STDOUT_BEGIN
TOOL=/home/vcdeagent1/FPGA_AHD_HOST/phase2_precheck_accepted/xdma_axil_read
808aa85670ccebd288de6ea7ee05bef303272a6e555273e763d75dc45b68351e  /home/vcdeagent1/FPGA_AHD_HOST/phase2_precheck_accepted/xdma_axil_read
868842808943594c2f41f086d40ef27cf781c7e6dac5504d6d0ebc52dda041d7  /home/vcdeagent1/FPGA_AHD_HOST/phase2_precheck_accepted/xdma_axil_read.c
/sys/bus/pci/drivers/xdma
crw------- 1 root root 511, 1 Aug 20 21:36 /dev/xdma0_control
crw------- 1 root root 511, 0 Aug 20 21:36 /dev/xdma0_user
LOADER_GATE
XDMA_MODULE_SHA256=1aef06244df308fee544a2662b73855c81beb88bc929e7885d8d113e474b320a
XDMA_ENDPOINT_COUNT=1
XDMA_BDF=0000:01:00.0
PREEXISTING_XDMA_MODULE=NO
XDMA_DRIVER_LOAD=PASS
XDMA_USER_NODE=/dev/xdma0_user
KERNEL_HEALTH
IDENTITY_READS
STDOUT_END
STDERR_BEGIN
dmesg: read kernel buffer failed: Operation not permitted
open(/dev/xdma0_user): Permission denied
STDERR_END
