UTC_START=2026-08-20T19:38:41.7187053Z
UTC_END=2026-08-20T19:38:42.8152153Z
EVIDENCE_KIND=FORMAL_REGISTER_MAP_SOURCE
RESULT=PASS
EXIT_CODE=0
ARGUMENT_TOKEN_AUDIT=PASS
PLINK_PW_OPTION_USED=NO
PLINK_PWFILE_OPTION_USED=YES
USERNAME_ROLE_OCCURRENCE=YES_AUTHORIZED
PASSWORD_ROLE_ARGUMENT_OCCURRENCE=NO
REMOTE_COMMAND_SHARED_LITERAL=NO
INHERITED_ENVIRONMENT_AUDIT=PASS
PWFILE_CREATED=YES
PWFILE_DELETED=YES
STDOUT_BEGIN
/home/vcdeagent1/FPGA_AHD/rtl/nvp/nvp6134c_autoinit.vhd
/home/vcdeagent1/FPGA_AHD/rtl/nvp/nvp6134c_i2c_bringup.vhd
/home/vcdeagent1/FPGA_AHD/rtl/pio/pio_bar_target.sv
/home/vcdeagent1/FPGA_AHD/rtl/record/bt656_record_producer.sv
/home/vcdeagent1/FPGA_AHD/rtl/record/capture_mailbox.sv
/home/vcdeagent1/FPGA_AHD/rtl/top/ahd_capture_top_pcie.v
/home/vcdeagent1/FPGA_AHD/rtl/top/ahd_capture_top_xdma.sv
/home/vcdeagent1/FPGA_AHD/rtl/v41/control_status_regs.sv
/home/vcdeagent1/FPGA_AHD/rtl/vendor/pcie_application.v
/home/vcdeagent1/FPGA_AHD/rtl/vendor/pio_endpoint_memory.v
/home/vcdeagent1/FPGA_AHD/rtl/vendor/pio_endpoint.v
/home/vcdeagent1/FPGA_AHD/rtl/video/video_capture.sv
MAP_LINES
STDOUT_END
STDERR_BEGIN

STDERR_END
