#-----------------------------------------------------------
# xsim v2025.2 (64-bit)
# SW Build 6299465 on Fri Nov 14 19:35:11 GMT 2025
# IP Build 6300035 on Fri Nov 14 10:48:45 MST 2025
# SharedData Build 6298862 on Thu Nov 13 04:50:51 MST 2025
# Start of session at: Thu Sep 17 15:08:59 2026
# Process ID         : 24332
# Current directory  : C:/FPGA/CONT1R3R4R4_I2C_OFFLINE_20260917T122048Z/simulation/delay-cancel
# Command line       : xsim.exe -mode tcl -source {xsim.dir/delay_cancel_sim/xsim_script.tcl}
# Log file           : C:/FPGA/CONT1R3R4R4_I2C_OFFLINE_20260917T122048Z/simulation/delay-cancel/xsim.log
# Journal file       : C:/FPGA/CONT1R3R4R4_I2C_OFFLINE_20260917T122048Z/simulation/delay-cancel\xsim.jou
# Running On         : NBLSUDUL
# Platform           : Windows Server 2016 or Windows 10
# Operating System   : 19045
# Processor Detail   : Intel(R) Core(TM) i7-7500U CPU @ 2.70GHz
# CPU Frequency      : 2904 MHz
# CPU Physical cores : 2
# CPU Logical cores  : 4
# Host memory        : 17028 MB
# Swap memory        : 2550 MB
# Total Virtual      : 19578 MB
# Available Virtual  : 7155 MB
#-----------------------------------------------------------
source xsim.dir/delay_cancel_sim/xsim_script.tcl
# xsim {delay_cancel_sim} -autoloadwcfg -runall -onerror quit
Time resolution is 1 ps
run -all
MODEL_DELAY_CANCELLATION_PASS
$finish called at time : 407 ns : File "C:/FPGA/CONT1R3R4R4_I2C_OFFLINE_20260917T122048Z/model/tb_delay_cancel.sv" Line 29
exit
INFO: [Common 17-206] Exiting xsim at Thu Sep 17 15:09:02 2026...
