UTC_START=2026-08-22T07:51:40.2834067Z
UTC_END=2026-08-22T07:51:41.9143271Z
EVIDENCE_KIND=HOST_PRECHECK
RESULT=PASS
EXIT_CODE=0
ARGUMENT_TOKEN_AUDIT=PASS
PLINK_PW_OPTION_USED=NO
PLINK_PWFILE_OPTION_USED=YES
USERNAME_ROLE_OCCURRENCE=YES_AUTHORIZED
PASSWORD_ROLE_ARGUMENT_OCCURRENCE=NO
REMOTE_COMMAND_SHARED_LITERAL=NO
INHERITED_ENVIRONMENT_AUDIT=PASS
PWFILE_CREATED=YES
PWFILE_DELETED=YES
STDOUT_BEGIN
REMOTE_USER=vcdeagent1
REMOTE_EFFECTIVE_USER=root
HOSTNAME=VCDE-DUT-1
CURRENT_BOOT_ID=2051bd6b-28c4-4570-8ed9-f127a7002bae
CURRENT_KERNEL=7.0.0-30-generic
UPTIME_START=2026-08-22 09:51:03
PINNED_XDMA_ARTIFACT_PATH=/home/vcdeagent1/FPGA_AHD_HOST/dma_ip_drivers/XDMA/linux-kernel/xdma/xdma.ko
PINNED_XDMA_ARTIFACT_SHA256=1AEF06244DF308FEE544A2662B73855C81BEB88BC929E7885D8D113E474B320A
ACCEPTED_XDMA_LOADER_PATH=/home/vcdeagent1/FPGA_AHD_HOST/phase2_precheck_accepted/phase2_load_xdma_driver.sh
ACCEPTED_XDMA_LOADER_SHA256=7279E316A2D647826B8D5EC6BEDF78A143B72D100B4008C7AC006C1B6653649F
PINNED_ARTIFACT_GATE=PASS
PINNED_MODULE_VERSION=2025.2.0
PINNED_MODULE_VERMAGIC=7.0.0-29-generic SMP preempt mod_unload modversions 
PINNED_MODULE_SIGNER=
PINNED_MODULE_SRCVERSION=E2C680AF6D8BF5E3A2F6ACB
ENDPOINT_COUNT=1
ENDPOINT_LIST=0000:01:00.0
ENDPOINT_BDF=0000:01:00.0
ENDPOINT_VENDOR_DEVICE=10ee:7011
ENDPOINT_SUBSYSTEM=10ee:0007
ENDPOINT_CLASS=058000
CURRENT_LINK_SPEED_RAW=2.5 GT/s PCIe
CURRENT_LINK_WIDTH_RAW=1
ENDPOINT_LINK=GEN1_X1
BAR0_BYTES=
BAR1_BYTES=
ENDPOINT_BOUND_DRIVER=ABSENT
ENDPOINT_DRIVER_PATH=ABSENT
DRIVER_OVERRIDE_RAW=(null)
XDMA_MODULE_PRESENT=NO
LOADED_XDMA_PROVENANCE=FAIL_MODULE_ABSENT
XDMA_USER_NODE=ABSENT
XDMA_CONTROL_NODE=ABSENT
XDMA_ALL_NODE_COUNT=0
XDMA_ALL_NODE_LIST=NONE
XDMA_EXPECTED_NODE_COUNT=21
XDMA_EXPECTED_NODE_LIST=xdma0_c2h_0,xdma0_control,xdma0_events_0,xdma0_events_1,xdma0_events_10,xdma0_events_11,xdma0_events_12,xdma0_events_13,xdma0_events_14,xdma0_events_15,xdma0_events_2,xdma0_events_3,xdma0_events_4,xdma0_events_5,xdma0_events_6,xdma0_events_7,xdma0_events_8,xdma0_events_9,xdma0_h2c_0,xdma0_user,xdma0_xvc
XDMA_ALL_NODES_CLASSIFICATION=FAIL_UNEXPECTED_OR_MISSING_NODE
WRONG_SAME_NAME_XDMA_LOADED_OR_BOUND=REVIEW_REQUIRED_WITH_CONTINUITY_AND_LOADER_EVIDENCE
XDMA_OPEN_PROCESS_COUNT=0
XDMA_OPEN_PIDS=NONE
XDMA_INTERRUPT_ROWS_BEGIN
XDMA_INTERRUPT_ROWS_END
DMA_NODE_EXISTENCE_IS_ACTIVITY=NO
DMA_ACTIVITY=REVIEW_REQUIRED_REQUIRE_ZERO_OPEN_NODE_OWNERS_AND_ZERO_TASK_DMA_COMMANDS
TARGETED_KERNEL_MATCH_COUNT=0
TARGETED_KERNEL_MATCHES_BEGIN

TARGETED_KERNEL_MATCHES_END
KERNEL_AER_XDMA_HEALTH=REVIEW_REQUIRED
MANUAL_REVIEW_REQUIRED_FIELDS=LOADED_XDMA_PROVENANCE,XDMA_ALL_NODES_CLASSIFICATION,DMA_ACTIVITY,KERNEL_AER_XDMA_HEALTH,WRONG_SAME_NAME_XDMA_LOADED_OR_BOUND
HOST_PRECHECK_READ_ONLY=YES
STDOUT_END
STDERR_BEGIN

/usr/bin/bash: line 30: 16#0x00000000f6e1ffff: value too great for base (error token is "16#0x00000000f6e1ffff")
/usr/bin/bash: line 30: 16#0x00000000f6e2ffff: value too great for base (error token is "16#0x00000000f6e2ffff")
STDERR_END
