REBOOT_SUBMISSION_UTC=2026-08-22T07:50:34.2303378Z
REBOOT_SUBMISSION_TICKS=1178184229425
WARM_REBOOT_INVOCATION_CONSUMED=1
REBOOT_HELPER_EXIT_CODE=0
STOPWATCH_FREQUENCY=10000000
POLL_TICKS=1178195737551 SSH_PORT_22=UP
POLL_TICKS=1178201404858 SSH_PORT_22=UP
POLL_TICKS=1178206518455 SSH_PORT_22=UP
POLL_TICKS=1178211693507 SSH_PORT_22=UP
POLL_TICKS=1178216867401 SSH_PORT_22=UP
POLL_TICKS=1178221994892 SSH_PORT_22=UP
POLL_TICKS=1178227100286 SSH_PORT_22=DOWN
POLL_TICKS=1178239684950 SSH_PORT_22=DOWN
POLL_TICKS=1178252409618 SSH_PORT_22=DOWN
POLL_TICKS=1178265103274 SSH_PORT_22=DOWN
POLL_TICKS=1178277903799 SSH_PORT_22=DOWN
POLL_TICKS=1178290569273 SSH_PORT_22=DOWN
POLL_TICKS=1178303363105 SSH_PORT_22=DOWN
POLL_TICKS=1178316114252 SSH_PORT_22=DOWN
POLL_TICKS=1178328654803 SSH_PORT_22=DOWN
POLL_TICKS=1178341404813 SSH_PORT_22=DOWN
POLL_TICKS=1178354135448 SSH_PORT_22=DOWN
POLL_TICKS=1178366773685 SSH_PORT_22=DOWN
POLL_TICKS=1178379521361 SSH_PORT_22=DOWN
POLL_TICKS=1178392270942 SSH_PORT_22=DOWN
POLL_TICKS=1178404948473 SSH_PORT_22=DOWN
POLL_TICKS=1178417617023 SSH_PORT_22=DOWN
POLL_TICKS=1178430236617 SSH_PORT_22=DOWN
POLL_TICKS=1178442830089 SSH_PORT_22=DOWN
POLL_TICKS=1178455572282 SSH_PORT_22=DOWN
POLL_TICKS=1178468333628 SSH_PORT_22=DOWN
POLL_TICKS=1178481142648 SSH_PORT_22=DOWN
POLL_TICKS=1178493985816 SSH_PORT_22=DOWN
POLL_TICKS=1178506622351 SSH_PORT_22=DOWN
POLL_TICKS=1178519241255 SSH_PORT_22=DOWN
POLL_TICKS=1178531996805 SSH_PORT_22=DOWN
POLL_TICKS=1178544678434 SSH_PORT_22=DOWN
POLL_TICKS=1178557341110 SSH_PORT_22=DOWN
POLL_TICKS=1178569991939 SSH_PORT_22=DOWN
POLL_TICKS=1178582639002 SSH_PORT_22=DOWN
POLL_TICKS=1178595403577 SSH_PORT_22=DOWN
POLL_TICKS=1178608070963 SSH_PORT_22=DOWN
POLL_TICKS=1178620710760 SSH_PORT_22=DOWN
POLL_TICKS=1178633338115 SSH_PORT_22=UP
HOST_DISAPPEARANCE_OBSERVED=YES
HOST_RETURN_AFTER_DISAPPEARANCE=YES
HOST_DISAPPEARANCE_TICKS=1178227100286
HOST_RETURN_TICKS=1178633338115
REBOOT_MONITOR_RESULT=PASS
