UTC_START=2026-08-25T13:46:32.7365268Z
UTC_END=2026-08-25T13:46:35.6181929Z
EVIDENCE_KIND=R1H_R4_MINIMAL_HOST_SAFETY_READ_ONLY
RESULT=PASS
EXIT_CODE=0
ARGUMENT_TOKEN_AUDIT=PASS
PLINK_PW_OPTION_USED=NO
PLINK_PWFILE_OPTION_USED=YES
USERNAME_ROLE_OCCURRENCE=YES_AUTHORIZED
PASSWORD_ROLE_ARGUMENT_OCCURRENCE=NO
REMOTE_COMMAND_SHARED_LITERAL=NO
INHERITED_ENVIRONMENT_AUDIT=PASS
PWFILE_CREATED=YES
PWFILE_DELETED=YES
STDOUT_BEGIN
DISCOVERY_UTC=2026-08-25T13:46:35.426742574Z
REMOTE_EFFECTIVE_USER=root
REMOTE_SUDO_USER=vcdeagent1
CURRENT_KERNEL=7.0.0-29-generic
CURRENT_BOOT_ID=e2a2517a-c275-4ea9-bf11-83c0db94111e
PROC_CMDLINE=BOOT_IMAGE=/boot/vmlinuz-7.0.0-29-generic root=UUID=f7897627-c98a-4bf4-b24a-ae18f881e2da ro quiet splash crashkernel=2G-4G:320M,4G-32G:512M,32G-64G:1024M,64G-128G:2048M,128G-:4096M
PINNED_MODULE_SHA256=1AEF06244DF308FEE544A2662B73855C81BEB88BC929E7885D8D113E474B320A
PINNED_MODULE_VERSION=2025.2.0
PINNED_MODULE_VERMAGIC=7.0.0-29-generic SMP preempt mod_unload modversions 
ACCEPTED_LOADER_SHA256=7279E316A2D647826B8D5EC6BEDF78A143B72D100B4008C7AC006C1B6653649F
ACCEPTED_LOADER_MODE=644
GRUB_DEFAULT_NORMALIZED=gnulinux-advanced-f7897627-c98a-4bf4-b24a-ae18f881e2da>gnulinux-7.0.0-29-generic-advanced-f7897627-c98a-4bf4-b24a-ae18f881e2da
GRUB_SAVED_ENTRY=NONE
GRUB_NEXT_ENTRY=NONE
NEXT_REBOOT_KERNEL_PROVEN=7.0.0-29-generic
XDMA_OPEN_PIDS=NONE
XDMA_NODE_OWNERS=0
TASK_DMA_COMMANDS=0
TARGETED_KERNEL_CRITICAL_MATCH_COUNT=0
TARGETED_KERNEL_CRITICAL_MATCHES_BEGIN

TARGETED_KERNEL_CRITICAL_MATCHES_END
KERNEL_AER_XDMA_HEALTH=PASS
MMIO_READS=0
MMIO_WRITES=0
DMA_TRANSFERS=0
HOST_SAFETY_DISCOVERY_READ_ONLY=YES
R1H_R4_HOST_SAFETY_GATE=PASS
STDOUT_END
STDERR_BEGIN

STDERR_END
