BUS_SKEW_STATE=RUNNING
ROUTED_DCP=C:/FPGA/G2B_NVP_CAMERA_SCAN1_R1_20260911T152909Z/reports/vivado_full/G2B_NVP_CAMERA_SCAN1_R1_ROUTED.dcp
ROUTED_DCP_SHA256=0A0783EBC3005C9DE142832FF794F12196E287785AAA5928F26E29F9AE60E908
FULL_RAW_XDC_SHA256=F9834AE3DD6B30AEE385561AD0CB50178262A6C9DDC67725C9CF12207942DF3C
BASE_RAW_XDC_SHA256=650E45016F505701886D17937D98364F949B6178B57B5139E4761A936BBD3BAE
FULL_RAW_BUS_SKEW_CONSTRAINTS=11
BASE_RAW_BUS_SKEW_CONSTRAINTS=0
PRE_SETUP_WNS=0.094
PRE_HOLD_WHS=0.035
FULL_SEMANTIC_XDC_SHA256=BCB14C3F07F245D2946961BC4CD682628E39C2F103D72946886307A4E619F40A
FULL_SEMANTIC_XDC_CANONICAL_SHA256=DEE6C6F5712DEBAD6211C7764C4F84D6EC9A4D060F228603E207F2DDE0B62F41
FULL_NORMALIZATION_PASSES=3
BASE_SEMANTIC_XDC_SHA256=563BA69704ED5E41F12343FA05EA50D84359E72607BF0336D59F1FBE48F24ED2
BASE_SEMANTIC_XDC_CANONICAL_SHA256=0A957EA1285E4F0231537BF70FA3D908F227DFCC091050A24CAA65D52A17A1D8
BASE_NORMALIZATION_PASSES=2
FULL_BUS_SKEW_CONSTRAINTS=11
BASE_BUS_SKEW_CONSTRAINTS=0
BASE_MAX_DELAY_CONSTRAINTS=26
BASE_FALSE_PATH_CONSTRAINTS=30
BASE_CLOCK_GROUP_CONSTRAINTS=1
GROUP_1_NAME=CFG_PCIE_TO_NVP
GROUP_1_SOURCE_COUNT=74
GROUP_1_DESTINATION_COUNT=74
GROUP_1_OBJECTS_SHA256=A3EFF874297EEE7D505F91F1BA53FC6B7FB797B8E5AEBB6ED5A7AD914C84B9C6
GROUP_1_ISOLATED_XDC_SHA256=693167ED28F6B6A39C9FBC034A81B258B362C932C7CEAAE9478AA36AD12E97AF
GROUP_1_RAW_REPORT_SHA256=F8C1ED1BEABC8B62D00D5A2C1D532F2ADB8BAC6E2B39214FBA4C5AB864E04B1A
GROUP_1_CORNER=Slow
GROUP_1_REQUIREMENT_NS=3.000
GROUP_1_ACTUAL_NS=1.523
GROUP_1_SLACK_NS=1.477
GROUP_1_NEGATIVE_DISPLAY=0
GROUP_1_VIOLATION_MARKER=0
GROUP_1_REPORT_ELAPSED_MS=18353
GROUP_1_RESULT=PASS
GROUP_2_NAME=STATUS_NVP_TO_PCIE
GROUP_2_SOURCE_COUNT=291
GROUP_2_DESTINATION_COUNT=291
GROUP_2_OBJECTS_SHA256=FB5316BF22C23E5C04DFFEF26B4BAC856487C45E407633C30060808EF8CF9F55
GROUP_2_ISOLATED_XDC_SHA256=FC0EF577C983708C65CF87ACFD5E714A30CADCD4F74CE20AF070AAD5A2410457
GROUP_2_RAW_REPORT_SHA256=C7B34E5D6E453D8AE6F2A7B9836C5B207C9E6EA4DB21AD4F205DF8D0FBDF1E41
GROUP_2_CORNER=Slow
GROUP_2_REQUIREMENT_NS=3.000
GROUP_2_ACTUAL_NS=1.800
GROUP_2_SLACK_NS=1.200
GROUP_2_NEGATIVE_DISPLAY=0
GROUP_2_VIOLATION_MARKER=0
GROUP_2_REPORT_ELAPSED_MS=30055
GROUP_2_RESULT=PASS
GROUP_3_NAME=DIAGNOSTIC_GRAY_TO_FIRST_STAGE
GROUP_3_SOURCE_COUNT=96
GROUP_3_DESTINATION_COUNT=96
GROUP_3_OBJECTS_SHA256=58626920E31E015E2EBA449F6CF551E5809E497EBD78C98A64E661BC78F071DF
GROUP_3_ISOLATED_XDC_SHA256=32CA6F52B69CF9B41AEC0F1C3B78095B786C17529B8CE8F47718469E6D8AF0A2
GROUP_3_RAW_REPORT_SHA256=8E8A0E7334C779AAC74646CAE5151BAF14219B8E94BDC3104F24F8C539FB151A
GROUP_3_CORNER=Slow
GROUP_3_REQUIREMENT_NS=3.000
GROUP_3_ACTUAL_NS=1.017
GROUP_3_SLACK_NS=1.983
GROUP_3_NEGATIVE_DISPLAY=0
GROUP_3_VIOLATION_MARKER=0
GROUP_3_REPORT_ELAPSED_MS=22666
GROUP_3_RESULT=PASS
GROUP_4_NAME=SNAPSHOT_GRAY_SOURCE_TO_AXI
GROUP_4_SOURCE_COUNT=128
GROUP_4_DESTINATION_COUNT=128
GROUP_4_OBJECTS_SHA256=CC4FDF8E19078C65548D21FB9EEA8740F50F56E25E8474FECD413A55D8756E45
GROUP_4_ISOLATED_XDC_SHA256=9E6E33698AA97D907B6B1B564D752F0C51F3B614FE2E354A4A46626AA7837D98
GROUP_4_RAW_REPORT_SHA256=14B76CA962A0E318B248C3FE5F8865C19F6C98175B973D1A2D482013AEA2C311
GROUP_4_CORNER=Slow
GROUP_4_REQUIREMENT_NS=3.000
GROUP_4_ACTUAL_NS=1.240
GROUP_4_SLACK_NS=1.760
GROUP_4_NEGATIVE_DISPLAY=0
GROUP_4_VIOLATION_MARKER=0
GROUP_4_REPORT_ELAPSED_MS=28897
GROUP_4_RESULT=PASS
GROUP_5_NAME=SNAPSHOT_EPOCH_SOURCE_TO_AXI
GROUP_5_SOURCE_COUNT=32
GROUP_5_DESTINATION_COUNT=32
GROUP_5_OBJECTS_SHA256=792205FB5EDD7C7B7B13A9B8467330A2A42CAABEC7882E83363CFE156E907856
GROUP_5_ISOLATED_XDC_SHA256=D02BED825B5CE23CF692981E1C143D41E9B665A43AEC776F9C06AE44F50B4754
GROUP_5_RAW_REPORT_SHA256=57B41241802928146D0850E2F159E35B5D51AB304857C2508DBE8914576CCE2A
GROUP_5_CORNER=Slow
GROUP_5_REQUIREMENT_NS=3.000
GROUP_5_ACTUAL_NS=0.967
GROUP_5_SLACK_NS=2.033
GROUP_5_NEGATIVE_DISPLAY=0
GROUP_5_VIOLATION_MARKER=0
GROUP_5_REPORT_ELAPSED_MS=21762
GROUP_5_RESULT=PASS
GROUP_6_NAME=HARD_EVENT_BASELINE_SOURCE_TO_AXI
GROUP_6_SOURCE_COUNT=4
GROUP_6_DESTINATION_COUNT=4
GROUP_6_OBJECTS_SHA256=75C452C3400582EA7DBC20B186D33F3B259AC495418FC9D927C8697035F379D0
GROUP_6_ISOLATED_XDC_SHA256=0D6CBD9E2D544E994F01993993AF415653BDC11BDAA96815B85D15C2EE849B3B
GROUP_6_RAW_REPORT_SHA256=4D74C1F7C1745352F680EF5EADD100ADE0EBCFE2A5923A84D2D18FD90CB2F9E3
GROUP_6_CORNER=Slow
GROUP_6_REQUIREMENT_NS=3.000
GROUP_6_ACTUAL_NS=0.498
GROUP_6_SLACK_NS=2.502
GROUP_6_NEGATIVE_DISPLAY=0
GROUP_6_VIOLATION_MARKER=0
GROUP_6_REPORT_ELAPSED_MS=21084
GROUP_6_RESULT=PASS
GROUP_7_NAME=SNAPSHOT_EPOCH_AXI_TO_SOURCE
GROUP_7_SOURCE_COUNT=32
GROUP_7_DESTINATION_COUNT=32
GROUP_7_OBJECTS_SHA256=22997D2D79DA557F94FAF6F4217FBA771124CC0C7D33735D715E4983543C3D12
GROUP_7_ISOLATED_XDC_SHA256=5E5F673BF1229DDE903F4404C0CA2652DEE141A67A8411E4BF51728371EC9792
GROUP_7_RAW_REPORT_SHA256=C61F9576967598B9A0F73B32ADA9C0F088301419B077D3DAEE4EA24A70CBADCF
GROUP_7_CORNER=Slow
GROUP_7_REQUIREMENT_NS=3.000
GROUP_7_ACTUAL_NS=1.109
GROUP_7_SLACK_NS=1.891
GROUP_7_NEGATIVE_DISPLAY=0
GROUP_7_VIOLATION_MARKER=0
GROUP_7_REPORT_ELAPSED_MS=20742
GROUP_7_RESULT=PASS
GROUP_8_NAME=TRANSPORT_AXI_TO_SOURCE
GROUP_8_SOURCE_COUNT=38
GROUP_8_DESTINATION_COUNT=217
GROUP_8_OBJECTS_SHA256=26C7BF2468B07F616267E43CA0B11B809004C7698CAFC39323AB336D25500654
GROUP_8_ISOLATED_XDC_SHA256=A5B01A731D066F9BE51964B1C23BE7EEAEC9F1299D6A733217501044A5B5A3F0
GROUP_8_RAW_REPORT_SHA256=69B9FCF524CFAB7321109784EB6EDAC18CC5524FA771D43EC22BDB9E579EAB26
GROUP_8_CORNER=Slow
GROUP_8_REQUIREMENT_NS=3.000
GROUP_8_ACTUAL_NS=2.034
GROUP_8_SLACK_NS=0.966
GROUP_8_NEGATIVE_DISPLAY=0
GROUP_8_VIOLATION_MARKER=0
GROUP_8_REPORT_ELAPSED_MS=24401
GROUP_8_RESULT=PASS
GROUP_10_NAME=DESCRIPTOR_ATTEMPT_SOURCE_TO_AXI
GROUP_10_SOURCE_COUNT=44
GROUP_10_DESTINATION_COUNT=32
GROUP_10_OBJECTS_SHA256=76B28C4A6CED7A3379D1B2FDF3879F38A671AB873834C7174FC98089046D8B45
GROUP_10_ISOLATED_XDC_SHA256=8DFB02E6B8C8B8D264255159DF71737CBA1139D7AB453A35E3808EC0C29E430A
GROUP_10_RAW_REPORT_SHA256=739E8FCA6F82B6D837921178E9402D92CA8101A6D20F24E0D78BEC8AB36B11B8
GROUP_10_CORNER=Slow
GROUP_10_REQUIREMENT_NS=3.000
GROUP_10_ACTUAL_NS=1.242
GROUP_10_SLACK_NS=1.758
GROUP_10_NEGATIVE_DISPLAY=0
GROUP_10_VIOLATION_MARKER=0
GROUP_10_REPORT_ELAPSED_MS=20239
GROUP_10_RESULT=PASS
GROUP_11_NAME=DESCRIPTOR_GENERATION_SOURCE_TO_AXI
GROUP_11_SOURCE_COUNT=32
GROUP_11_DESTINATION_COUNT=24
GROUP_11_OBJECTS_SHA256=AE88DF25DE58F35E5FDB6C2F0736EE71C485BCF4AEDDEBF7BC757CDB111E7D89
GROUP_11_ISOLATED_XDC_SHA256=2FF2409962AC12A4BD575CE1749784629BF1A4888EB93D5372A32ED40314D896
GROUP_11_RAW_REPORT_SHA256=1CCFB7FE4B260BE8961C4F42A45402F157D9B87EAFAD28BD18D93DB4B2CF6E6C
GROUP_11_CORNER=Slow
GROUP_11_REQUIREMENT_NS=3.000
GROUP_11_ACTUAL_NS=1.186
GROUP_11_SLACK_NS=1.814
GROUP_11_NEGATIVE_DISPLAY=0
GROUP_11_VIOLATION_MARKER=0
GROUP_11_REPORT_ELAPSED_MS=19836
GROUP_11_RESULT=PASS
GROUP_12_NAME=DESCRIPTOR_EPOCH_SOURCE_TO_AXI
GROUP_12_SOURCE_COUNT=128
GROUP_12_DESTINATION_COUNT=32
GROUP_12_OBJECTS_SHA256=18EBCECDAF3FAF41263B6B13B1F2AAD89836F727C2573828FECB679213F2C95F
GROUP_12_ISOLATED_XDC_SHA256=8E7DDB2C0520C25DD111C2A6DD59A111CB35095917D5F54F9C9AC5B1A7268B16
GROUP_12_RAW_REPORT_SHA256=36C806F6FE642CE22D24FCAE042DD574AA4080CA9F488743EBB04D2EE20FD519
GROUP_12_CORNER=Slow
GROUP_12_REQUIREMENT_NS=3.000
GROUP_12_ACTUAL_NS=1.915
GROUP_12_SLACK_NS=1.085
GROUP_12_NEGATIVE_DISPLAY=0
GROUP_12_VIOLATION_MARKER=0
GROUP_12_REPORT_ELAPSED_MS=21778
GROUP_12_RESULT=PASS
RESTORED_XDC_SHA256=69F1C8BE9144D62E394FB459C3D7BFEF86C4BED72707600F1B3CDFE1CC64ECA6
RESTORED_XDC_CANONICAL_SHA256=DEE6C6F5712DEBAD6211C7764C4F84D6EC9A4D060F228603E207F2DDE0B62F41
RESTORED_BUS_SKEW_CONSTRAINTS=11
POST_SETUP_WNS=0.094
POST_HOLD_WHS=0.035
CLOCK_SIGNATURE_RESTORED=YES
ROUTE_SIGNATURE_UNCHANGED=YES
BUS_SKEW_OPERATION_RESULT=PASS
FULL_TIMING_RESTORATION=PASS
BUS_SKEW_MET_CONSTRAINTS=11
BUS_SKEW_VIOLATIONS=0
BUS_SKEW_GATE=PASS
