Copyright 1986-2022 Xilinx, Inc. All Rights Reserved. Copyright 2022-2025 Advanced Micro Devices, Inc. All Rights Reserved.
---------------------------------------------------------------------------------------------------------------------------------------------
| Tool Version : Vivado v.2025.2 (win64) Build 6299465 Fri Nov 14 19:35:11 GMT 2025
| Date         : Sat Aug 22 21:06:46 2026
| Host         : NBLSUDUL running 64-bit major release  (build 9200)
| Command      : report_bus_skew -file C:/FPGA/V41_NVP_ADDRESS_ACK_PROBE_R1D/05_BUILD/reports/PHASE3_bus_skew.rpt
| Design       : ahd_capture_top_xdma
| Device       : 7a35t-csg325
| Speed File   : -2  PRODUCTION 1.23 2018-06-13
| Design State : Routed
---------------------------------------------------------------------------------------------------------------------------------------------

Bus Skew Report

Table of Contents
-----------------
1. Bus Skew Report Summary
2. Bus Skew Report Per Constraint

1. Bus Skew Report Summary
--------------------------

Id  Position  From                            To                              Corner  Requirement(ns)  Actual(ns)  Slack(ns)
--  --------  ------------------------------  ------------------------------  ------  ---------------  ----------  ---------
1   28        [get_cells -quiet -hier -regexp {.*MAILBOX/cfg_hold_pcie_reg\[[0-9]+\]}]
                                              [get_cells -quiet -hier -regexp {.*MAILBOX/nvp_cfg_(abort|arm|capture_generation|clear_errors|line_count_requested|single_line|target_line|window_16_lines)_reg(\[[0-9]+\])?}]
                                                                              Slow              3.000       1.216      1.784
2   30        [get_cells -quiet -hier -regexp {.*MAILBOX/status_hold_nvp_reg\[[0-9]+\]}]
                                              [get_cells -quiet -hier -regexp {.*MAILBOX/status_bus_pcie_reg\[[0-9]+\]}]
                                                                              Slow              3.000       1.278      1.722
3   33        [get_cells -quiet -hier -regexp {.*(active_sav_gray_nvp_reg|slot_commit_gray_nvp_reg|vclk_edge_gray_nvp_reg)\[[0-9]+\]}]
                                              [get_pins -quiet -of_objects [get_cells -quiet -hier -regexp {.*(active_sav_gray_sync1_pcie_reg|slot_commit_gray_sync1_pcie_reg|vclk_edge_gray_sync1_user_reg)\[[0-9]+\]}] -filter {REF_PIN_NAME == D}]
                                                                              Slow              3.000       1.236      1.764


2. Bus Skew Report Per Constraint
---------------------------------

Id: 1
set_bus_skew -from [get_cells -quiet -hier -regexp {.*MAILBOX/cfg_hold_pcie_reg\[[0-9]+\]}] -to [get_cells -quiet -hier -regexp {.*MAILBOX/nvp_cfg_(abort|arm|capture_generation|clear_errors|line_count_requested|single_line|target_line|window_16_lines)_reg(\[[0-9]+\])?}] 3.000
Requirement: 3.000ns
Endpoints: 74

From Clock            To Clock              Endpoint Pin                    Reference Pin                   Corner  Actual(ns)  Slack(ns)
--------------------  --------------------  ------------------------------  ------------------------------  ------  ----------  ---------
userclk1              nvp_vclk1             CAPTURE_SUBSYSTEM/MAILBOX/nvp_cfg_clear_errors_reg/D
                                                                            CAPTURE_SUBSYSTEM/MAILBOX/nvp_cfg_capture_generation_reg[26]/D
                                                                                                            Slow         1.216      1.784


Slack (MET) :             1.784ns  (requirement - actual skew)
  Endpoint Source:        CAPTURE_SUBSYSTEM/MAILBOX/cfg_hold_pcie_reg[2]/C
                            (rising edge-triggered cell FDRE clocked by userclk1)
  Endpoint Destination:   CAPTURE_SUBSYSTEM/MAILBOX/nvp_cfg_clear_errors_reg/D
                            (rising edge-triggered cell FDRE clocked by nvp_vclk1)
  Reference Source:       CAPTURE_SUBSYSTEM/MAILBOX/cfg_hold_pcie_reg[68]/C
                            (rising edge-triggered cell FDRE clocked by userclk1)
  Reference Destination:  CAPTURE_SUBSYSTEM/MAILBOX/nvp_cfg_capture_generation_reg[26]/D
                            (rising edge-triggered cell FDRE clocked by nvp_vclk1)
  Path Type:              Bus Skew (Max at Slow Process Corner)
  Requirement:            3.000ns
  Endpoint Relative Delay:    2.697ns
  Reference Relative Delay:   1.007ns
  Relative CRPR:              0.474ns
  Actual Bus Skew:            1.216ns  (Endpoint Relative Delay - Reference Relative Delay - Relative CRPR)

Endpoint path:
    Location             Delay type                Incr(ns)  Path(ns)    Netlist Resource(s)
  -------------------------------------------------------------------    -------------------
                         (clock userclk1 rise edge)
                                                      0.000     0.000 r  
    GTPE2_CHANNEL_X0Y3   GTPE2_CHANNEL                0.000     0.000 r  XDMA/inst/xdma_v41_m1_pcie2_to_pcie3_wrapper_i/pcie2_ip_i/inst/inst/gt_top_i/pipe_wrapper_i/pipe_lane[0].gt_wrapper_i/gtp_channel.gtpe2_channel_i/TXOUTCLK
                         net (fo=1, routed)           1.209     1.209    XDMA/inst/xdma_v41_m1_pcie2_to_pcie3_wrapper_i/pcie2_ip_i/inst/inst/gt_top_i/pipe_wrapper_i/pipe_clock_int.pipe_clock_i/txoutclk_i.txoutclk_i_0
    BUFGCTRL_X0Y20       BUFG (Prop_bufg_I_O)         0.081     1.290 r  XDMA/inst/xdma_v41_m1_pcie2_to_pcie3_wrapper_i/pcie2_ip_i/inst/inst/gt_top_i/pipe_wrapper_i/pipe_clock_int.pipe_clock_i/txoutclk_i.txoutclk_i/O
                         net (fo=1, routed)           1.391     2.681    XDMA/inst/xdma_v41_m1_pcie2_to_pcie3_wrapper_i/pcie2_ip_i/inst/inst/gt_top_i/pipe_wrapper_i/pipe_clock_int.pipe_clock_i/refclk
    MMCME2_ADV_X0Y0      MMCME2_ADV (Prop_mmcme2_adv_CLKIN1_CLKOUT2)
                                                      0.077     2.757 r  XDMA/inst/xdma_v41_m1_pcie2_to_pcie3_wrapper_i/pcie2_ip_i/inst/inst/gt_top_i/pipe_wrapper_i/pipe_clock_int.pipe_clock_i/mmcm_i/CLKOUT2
                         net (fo=1, routed)           1.425     4.182    XDMA/inst/xdma_v41_m1_pcie2_to_pcie3_wrapper_i/pcie2_ip_i/inst/inst/gt_top_i/pipe_wrapper_i/pipe_clock_int.pipe_clock_i/userclk1
    BUFGCTRL_X0Y0        BUFG (Prop_bufg_I_O)         0.081     4.263 r  XDMA/inst/xdma_v41_m1_pcie2_to_pcie3_wrapper_i/pcie2_ip_i/inst/inst/gt_top_i/pipe_wrapper_i/pipe_clock_int.pipe_clock_i/userclk1_i1.usrclk1_i1/O
                         net (fo=15472, routed)       1.352     5.615    CAPTURE_SUBSYSTEM/MAILBOX/CLK
    SLICE_X38Y59         FDRE                                         r  CAPTURE_SUBSYSTEM/MAILBOX/cfg_hold_pcie_reg[2]/C
  -------------------------------------------------------------------    -------------------
    SLICE_X38Y59         FDRE (Prop_fdre_C_Q)         0.398     6.013 r  CAPTURE_SUBSYSTEM/MAILBOX/cfg_hold_pcie_reg[2]/Q
                         net (fo=1, routed)           0.841     6.854    CAPTURE_SUBSYSTEM/MAILBOX/cfg_hold_pcie_reg_n_0_[2]
    SLICE_X34Y74         FDRE                                         r  CAPTURE_SUBSYSTEM/MAILBOX/nvp_cfg_clear_errors_reg/D
  -------------------------------------------------------------------    -------------------

                         (clock nvp_vclk1 rise edge)
                                                      0.000     0.000 r  
    E13                                               0.000     0.000 r  vclk1 (IN)
                         net (fo=0)                   0.000     0.000    NVP_PHYSICAL_FRONTEND/vclk1
    E13                  IBUF (Prop_ibuf_I_O)         1.394     1.394 r  NVP_PHYSICAL_FRONTEND/u_vclk1_ibuf/O
                         net (fo=3, routed)           1.604     2.998    NVP_PHYSICAL_FRONTEND/vclk1_ibuf
    BUFGCTRL_X0Y17       BUFG (Prop_bufg_I_O)         0.077     3.075 r  NVP_PHYSICAL_FRONTEND/u_vclk1_bufg/O
                         net (fo=1729, routed)        1.224     4.300    CAPTURE_SUBSYSTEM/MAILBOX/nvp_clk
    SLICE_X34Y74         FDRE                                         r  CAPTURE_SUBSYSTEM/MAILBOX/nvp_cfg_clear_errors_reg/C
                         clock pessimism              0.000     4.300    
    SLICE_X34Y74         FDRE (Setup_fdre_C_D)       -0.142     4.158    CAPTURE_SUBSYSTEM/MAILBOX/nvp_cfg_clear_errors_reg
  -------------------------------------------------------------------
                         data arrival                           6.854    
                         clock arrival                          4.158    
  -------------------------------------------------------------------
                         relative delay                         2.697    

Reference path:
    Location             Delay type                Incr(ns)  Path(ns)    Netlist Resource(s)
  -------------------------------------------------------------------    -------------------
                         (clock userclk1 rise edge)
                                                      0.000     0.000 r  
    GTPE2_CHANNEL_X0Y3   GTPE2_CHANNEL                0.000     0.000 r  XDMA/inst/xdma_v41_m1_pcie2_to_pcie3_wrapper_i/pcie2_ip_i/inst/inst/gt_top_i/pipe_wrapper_i/pipe_lane[0].gt_wrapper_i/gtp_channel.gtpe2_channel_i/TXOUTCLK
                         net (fo=1, routed)           1.150     1.150    XDMA/inst/xdma_v41_m1_pcie2_to_pcie3_wrapper_i/pcie2_ip_i/inst/inst/gt_top_i/pipe_wrapper_i/pipe_clock_int.pipe_clock_i/txoutclk_i.txoutclk_i_0
    BUFGCTRL_X0Y20       BUFG (Prop_bufg_I_O)         0.077     1.227 r  XDMA/inst/xdma_v41_m1_pcie2_to_pcie3_wrapper_i/pcie2_ip_i/inst/inst/gt_top_i/pipe_wrapper_i/pipe_clock_int.pipe_clock_i/txoutclk_i.txoutclk_i/O
                         net (fo=1, routed)           1.286     2.513    XDMA/inst/xdma_v41_m1_pcie2_to_pcie3_wrapper_i/pcie2_ip_i/inst/inst/gt_top_i/pipe_wrapper_i/pipe_clock_int.pipe_clock_i/refclk
    MMCME2_ADV_X0Y0      MMCME2_ADV (Prop_mmcme2_adv_CLKIN1_CLKOUT2)
                                                      0.073     2.586 r  XDMA/inst/xdma_v41_m1_pcie2_to_pcie3_wrapper_i/pcie2_ip_i/inst/inst/gt_top_i/pipe_wrapper_i/pipe_clock_int.pipe_clock_i/mmcm_i/CLKOUT2
                         net (fo=1, routed)           1.357     3.944    XDMA/inst/xdma_v41_m1_pcie2_to_pcie3_wrapper_i/pcie2_ip_i/inst/inst/gt_top_i/pipe_wrapper_i/pipe_clock_int.pipe_clock_i/userclk1
    BUFGCTRL_X0Y0        BUFG (Prop_bufg_I_O)         0.077     4.021 r  XDMA/inst/xdma_v41_m1_pcie2_to_pcie3_wrapper_i/pcie2_ip_i/inst/inst/gt_top_i/pipe_wrapper_i/pipe_clock_int.pipe_clock_i/userclk1_i1.usrclk1_i1/O
                         net (fo=15472, routed)       1.243     5.264    CAPTURE_SUBSYSTEM/MAILBOX/CLK
    SLICE_X45Y61         FDRE                                         r  CAPTURE_SUBSYSTEM/MAILBOX/cfg_hold_pcie_reg[68]/C
  -------------------------------------------------------------------    -------------------
    SLICE_X45Y61         FDRE (Prop_fdre_C_Q)         0.304     5.568 r  CAPTURE_SUBSYSTEM/MAILBOX/cfg_hold_pcie_reg[68]/Q
                         net (fo=1, routed)           0.214     5.782    CAPTURE_SUBSYSTEM/MAILBOX/cfg_hold_pcie_reg_n_0_[68]
    SLICE_X46Y61         FDRE                                         r  CAPTURE_SUBSYSTEM/MAILBOX/nvp_cfg_capture_generation_reg[26]/D
  -------------------------------------------------------------------    -------------------

                         (clock nvp_vclk1 rise edge)
                                                      0.000     0.000 r  
    E13                                               0.000     0.000 r  vclk1 (IN)
                         net (fo=0)                   0.000     0.000    NVP_PHYSICAL_FRONTEND/vclk1
    E13                  IBUF (Prop_ibuf_I_O)         1.461     1.461 r  NVP_PHYSICAL_FRONTEND/u_vclk1_ibuf/O
                         net (fo=3, routed)           1.693     3.154    NVP_PHYSICAL_FRONTEND/vclk1_ibuf
    BUFGCTRL_X0Y17       BUFG (Prop_bufg_I_O)         0.081     3.235 r  NVP_PHYSICAL_FRONTEND/u_vclk1_bufg/O
                         net (fo=1729, routed)        1.349     4.584    CAPTURE_SUBSYSTEM/MAILBOX/nvp_clk
    SLICE_X46Y61         FDRE                                         r  CAPTURE_SUBSYSTEM/MAILBOX/nvp_cfg_capture_generation_reg[26]/C
                         clock pessimism              0.000     4.584    
    SLICE_X46Y61         FDRE (Hold_fdre_C_D)         0.191     4.775    CAPTURE_SUBSYSTEM/MAILBOX/nvp_cfg_capture_generation_reg[26]
  -------------------------------------------------------------------
                         data arrival                           5.782    
                         clock arrival                          4.775    
  -------------------------------------------------------------------
                         relative delay                         1.007    



Id: 2
set_bus_skew -from [get_cells -quiet -hier -regexp {.*MAILBOX/status_hold_nvp_reg\[[0-9]+\]}] -to [get_cells -quiet -hier -regexp {.*MAILBOX/status_bus_pcie_reg\[[0-9]+\]}] 3.000
Requirement: 3.000ns
Endpoints: 291

From Clock            To Clock              Endpoint Pin                    Reference Pin                   Corner  Actual(ns)  Slack(ns)
--------------------  --------------------  ------------------------------  ------------------------------  ------  ----------  ---------
nvp_vclk1             userclk1              CAPTURE_SUBSYSTEM/MAILBOX/status_bus_pcie_reg[82]/D
                                                                            CAPTURE_SUBSYSTEM/MAILBOX/status_bus_pcie_reg[254]/D
                                                                                                            Slow         1.278      1.722


Slack (MET) :             1.722ns  (requirement - actual skew)
  Endpoint Source:        CAPTURE_SUBSYSTEM/MAILBOX/status_hold_nvp_reg[82]/C
                            (rising edge-triggered cell FDRE clocked by nvp_vclk1)
  Endpoint Destination:   CAPTURE_SUBSYSTEM/MAILBOX/status_bus_pcie_reg[82]/D
                            (rising edge-triggered cell FDRE clocked by userclk1)
  Reference Source:       CAPTURE_SUBSYSTEM/MAILBOX/status_hold_nvp_reg[254]/C
                            (rising edge-triggered cell FDRE clocked by nvp_vclk1)
  Reference Destination:  CAPTURE_SUBSYSTEM/MAILBOX/status_bus_pcie_reg[254]/D
                            (rising edge-triggered cell FDRE clocked by userclk1)
  Path Type:              Bus Skew (Max at Slow Process Corner)
  Requirement:            3.000ns
  Endpoint Relative Delay:    0.726ns
  Reference Relative Delay:  -0.967ns
  Relative CRPR:              0.415ns
  Actual Bus Skew:            1.278ns  (Endpoint Relative Delay - Reference Relative Delay - Relative CRPR)

Endpoint path:
    Location             Delay type                Incr(ns)  Path(ns)    Netlist Resource(s)
  -------------------------------------------------------------------    -------------------
                         (clock nvp_vclk1 rise edge)
                                                      0.000     0.000 r  
    E13                                               0.000     0.000 r  vclk1 (IN)
                         net (fo=0)                   0.000     0.000    NVP_PHYSICAL_FRONTEND/vclk1
    E13                  IBUF (Prop_ibuf_I_O)         1.461     1.461 r  NVP_PHYSICAL_FRONTEND/u_vclk1_ibuf/O
                         net (fo=3, routed)           1.693     3.154    NVP_PHYSICAL_FRONTEND/vclk1_ibuf
    BUFGCTRL_X0Y17       BUFG (Prop_bufg_I_O)         0.081     3.235 r  NVP_PHYSICAL_FRONTEND/u_vclk1_bufg/O
                         net (fo=1729, routed)        1.345     4.580    CAPTURE_SUBSYSTEM/MAILBOX/nvp_clk
    SLICE_X44Y65         FDRE                                         r  CAPTURE_SUBSYSTEM/MAILBOX/status_hold_nvp_reg[82]/C
  -------------------------------------------------------------------    -------------------
    SLICE_X44Y65         FDRE (Prop_fdre_C_Q)         0.348     4.928 r  CAPTURE_SUBSYSTEM/MAILBOX/status_hold_nvp_reg[82]/Q
                         net (fo=2, routed)           0.851     5.779    CAPTURE_SUBSYSTEM/MAILBOX/Q[79]
    SLICE_X41Y60         FDRE                                         r  CAPTURE_SUBSYSTEM/MAILBOX/status_bus_pcie_reg[82]/D
  -------------------------------------------------------------------    -------------------

                         (clock userclk1 rise edge)
                                                      0.000     0.000 r  
    GTPE2_CHANNEL_X0Y3   GTPE2_CHANNEL                0.000     0.000 r  XDMA/inst/xdma_v41_m1_pcie2_to_pcie3_wrapper_i/pcie2_ip_i/inst/inst/gt_top_i/pipe_wrapper_i/pipe_lane[0].gt_wrapper_i/gtp_channel.gtpe2_channel_i/TXOUTCLK
                         net (fo=1, routed)           1.150     1.150    XDMA/inst/xdma_v41_m1_pcie2_to_pcie3_wrapper_i/pcie2_ip_i/inst/inst/gt_top_i/pipe_wrapper_i/pipe_clock_int.pipe_clock_i/txoutclk_i.txoutclk_i_0
    BUFGCTRL_X0Y20       BUFG (Prop_bufg_I_O)         0.077     1.227 r  XDMA/inst/xdma_v41_m1_pcie2_to_pcie3_wrapper_i/pcie2_ip_i/inst/inst/gt_top_i/pipe_wrapper_i/pipe_clock_int.pipe_clock_i/txoutclk_i.txoutclk_i/O
                         net (fo=1, routed)           1.286     2.513    XDMA/inst/xdma_v41_m1_pcie2_to_pcie3_wrapper_i/pcie2_ip_i/inst/inst/gt_top_i/pipe_wrapper_i/pipe_clock_int.pipe_clock_i/refclk
    MMCME2_ADV_X0Y0      MMCME2_ADV (Prop_mmcme2_adv_CLKIN1_CLKOUT2)
                                                      0.073     2.586 r  XDMA/inst/xdma_v41_m1_pcie2_to_pcie3_wrapper_i/pcie2_ip_i/inst/inst/gt_top_i/pipe_wrapper_i/pipe_clock_int.pipe_clock_i/mmcm_i/CLKOUT2
                         net (fo=1, routed)           1.357     3.944    XDMA/inst/xdma_v41_m1_pcie2_to_pcie3_wrapper_i/pcie2_ip_i/inst/inst/gt_top_i/pipe_wrapper_i/pipe_clock_int.pipe_clock_i/userclk1
    BUFGCTRL_X0Y0        BUFG (Prop_bufg_I_O)         0.077     4.021 r  XDMA/inst/xdma_v41_m1_pcie2_to_pcie3_wrapper_i/pcie2_ip_i/inst/inst/gt_top_i/pipe_wrapper_i/pipe_clock_int.pipe_clock_i/userclk1_i1.usrclk1_i1/O
                         net (fo=15472, routed)       1.243     5.264    CAPTURE_SUBSYSTEM/MAILBOX/CLK
    SLICE_X41Y60         FDRE                                         r  CAPTURE_SUBSYSTEM/MAILBOX/status_bus_pcie_reg[82]/C
                         clock pessimism              0.000     5.264    
    SLICE_X41Y60         FDRE (Setup_fdre_C_D)       -0.211     5.053    CAPTURE_SUBSYSTEM/MAILBOX/status_bus_pcie_reg[82]
  -------------------------------------------------------------------
                         data arrival                           5.779    
                         clock arrival                          5.053    
  -------------------------------------------------------------------
                         relative delay                         0.726    

Reference path:
    Location             Delay type                Incr(ns)  Path(ns)    Netlist Resource(s)
  -------------------------------------------------------------------    -------------------
                         (clock nvp_vclk1 rise edge)
                                                      0.000     0.000 r  
    E13                                               0.000     0.000 r  vclk1 (IN)
                         net (fo=0)                   0.000     0.000    NVP_PHYSICAL_FRONTEND/vclk1
    E13                  IBUF (Prop_ibuf_I_O)         1.394     1.394 r  NVP_PHYSICAL_FRONTEND/u_vclk1_ibuf/O
                         net (fo=3, routed)           1.604     2.998    NVP_PHYSICAL_FRONTEND/vclk1_ibuf
    BUFGCTRL_X0Y17       BUFG (Prop_bufg_I_O)         0.077     3.075 r  NVP_PHYSICAL_FRONTEND/u_vclk1_bufg/O
                         net (fo=1729, routed)        1.228     4.304    CAPTURE_SUBSYSTEM/MAILBOX/nvp_clk
    SLICE_X33Y73         FDRE                                         r  CAPTURE_SUBSYSTEM/MAILBOX/status_hold_nvp_reg[254]/C
  -------------------------------------------------------------------    -------------------
    SLICE_X33Y73         FDRE (Prop_fdre_C_Q)         0.304     4.608 r  CAPTURE_SUBSYSTEM/MAILBOX/status_hold_nvp_reg[254]/Q
                         net (fo=2, routed)           0.226     4.834    CAPTURE_SUBSYSTEM/MAILBOX/Q[210]
    SLICE_X30Y73         FDRE                                         r  CAPTURE_SUBSYSTEM/MAILBOX/status_bus_pcie_reg[254]/D
  -------------------------------------------------------------------    -------------------

                         (clock userclk1 rise edge)
                                                      0.000     0.000 r  
    GTPE2_CHANNEL_X0Y3   GTPE2_CHANNEL                0.000     0.000 r  XDMA/inst/xdma_v41_m1_pcie2_to_pcie3_wrapper_i/pcie2_ip_i/inst/inst/gt_top_i/pipe_wrapper_i/pipe_lane[0].gt_wrapper_i/gtp_channel.gtpe2_channel_i/TXOUTCLK
                         net (fo=1, routed)           1.209     1.209    XDMA/inst/xdma_v41_m1_pcie2_to_pcie3_wrapper_i/pcie2_ip_i/inst/inst/gt_top_i/pipe_wrapper_i/pipe_clock_int.pipe_clock_i/txoutclk_i.txoutclk_i_0
    BUFGCTRL_X0Y20       BUFG (Prop_bufg_I_O)         0.081     1.290 r  XDMA/inst/xdma_v41_m1_pcie2_to_pcie3_wrapper_i/pcie2_ip_i/inst/inst/gt_top_i/pipe_wrapper_i/pipe_clock_int.pipe_clock_i/txoutclk_i.txoutclk_i/O
                         net (fo=1, routed)           1.391     2.681    XDMA/inst/xdma_v41_m1_pcie2_to_pcie3_wrapper_i/pcie2_ip_i/inst/inst/gt_top_i/pipe_wrapper_i/pipe_clock_int.pipe_clock_i/refclk
    MMCME2_ADV_X0Y0      MMCME2_ADV (Prop_mmcme2_adv_CLKIN1_CLKOUT2)
                                                      0.077     2.757 r  XDMA/inst/xdma_v41_m1_pcie2_to_pcie3_wrapper_i/pcie2_ip_i/inst/inst/gt_top_i/pipe_wrapper_i/pipe_clock_int.pipe_clock_i/mmcm_i/CLKOUT2
                         net (fo=1, routed)           1.425     4.182    XDMA/inst/xdma_v41_m1_pcie2_to_pcie3_wrapper_i/pcie2_ip_i/inst/inst/gt_top_i/pipe_wrapper_i/pipe_clock_int.pipe_clock_i/userclk1
    BUFGCTRL_X0Y0        BUFG (Prop_bufg_I_O)         0.081     4.263 r  XDMA/inst/xdma_v41_m1_pcie2_to_pcie3_wrapper_i/pcie2_ip_i/inst/inst/gt_top_i/pipe_wrapper_i/pipe_clock_int.pipe_clock_i/userclk1_i1.usrclk1_i1/O
                         net (fo=15472, routed)       1.336     5.599    CAPTURE_SUBSYSTEM/MAILBOX/CLK
    SLICE_X30Y73         FDRE                                         r  CAPTURE_SUBSYSTEM/MAILBOX/status_bus_pcie_reg[254]/C
                         clock pessimism              0.000     5.599    
    SLICE_X30Y73         FDRE (Hold_fdre_C_D)         0.201     5.800    CAPTURE_SUBSYSTEM/MAILBOX/status_bus_pcie_reg[254]
  -------------------------------------------------------------------
                         data arrival                           4.834    
                         clock arrival                          5.800    
  -------------------------------------------------------------------
                         relative delay                        -0.967    



Id: 3
set_bus_skew -from [get_cells -quiet -hier -regexp {.*(active_sav_gray_nvp_reg|slot_commit_gray_nvp_reg|vclk_edge_gray_nvp_reg)\[[0-9]+\]}] -to [get_pins -quiet -of_objects [get_cells -quiet -hier -regexp {.*(active_sav_gray_sync1_pcie_reg|slot_commit_gray_sync1_pcie_reg|vclk_edge_gray_sync1_user_reg)\[[0-9]+\]}] -filter {REF_PIN_NAME == D}] 3.000
Requirement: 3.000ns
Endpoints: 96

From Clock            To Clock              Endpoint Pin                    Reference Pin                   Corner  Actual(ns)  Slack(ns)
--------------------  --------------------  ------------------------------  ------------------------------  ------  ----------  ---------
nvp_vclk1             userclk1              CAPTURE_SUBSYSTEM/slot_commit_gray_sync1_pcie_reg[9]/D
                                                                            vclk_edge_gray_sync1_user_reg[2]/D
                                                                                                            Slow         1.236      1.764


Slack (MET) :             1.764ns  (requirement - actual skew)
  Endpoint Source:        CAPTURE_SUBSYSTEM/slot_commit_gray_nvp_reg[9]/C
                            (rising edge-triggered cell FDRE clocked by nvp_vclk1)
  Endpoint Destination:   CAPTURE_SUBSYSTEM/slot_commit_gray_sync1_pcie_reg[9]/D
                            (rising edge-triggered cell FDRE clocked by userclk1)
  Reference Source:       vclk_edge_gray_nvp_reg[2]/C
                            (rising edge-triggered cell FDRE clocked by nvp_vclk1)
  Reference Destination:  vclk_edge_gray_sync1_user_reg[2]/D
                            (rising edge-triggered cell FDRE clocked by userclk1)
  Path Type:              Bus Skew (Max at Slow Process Corner)
  Requirement:            3.000ns
  Endpoint Relative Delay:    0.810ns
  Reference Relative Delay:  -0.959ns
  Relative CRPR:              0.533ns
  Actual Bus Skew:            1.236ns  (Endpoint Relative Delay - Reference Relative Delay - Relative CRPR)

Endpoint path:
    Location             Delay type                Incr(ns)  Path(ns)    Netlist Resource(s)
  -------------------------------------------------------------------    -------------------
                         (clock nvp_vclk1 rise edge)
                                                      0.000     0.000 r  
    E13                                               0.000     0.000 r  vclk1 (IN)
                         net (fo=0)                   0.000     0.000    NVP_PHYSICAL_FRONTEND/vclk1
    E13                  IBUF (Prop_ibuf_I_O)         1.461     1.461 r  NVP_PHYSICAL_FRONTEND/u_vclk1_ibuf/O
                         net (fo=3, routed)           1.693     3.154    NVP_PHYSICAL_FRONTEND/vclk1_ibuf
    BUFGCTRL_X0Y17       BUFG (Prop_bufg_I_O)         0.081     3.235 r  NVP_PHYSICAL_FRONTEND/u_vclk1_bufg/O
                         net (fo=1729, routed)        1.420     4.655    CAPTURE_SUBSYSTEM/nvp_clk
    SLICE_X5Y59          FDRE                                         r  CAPTURE_SUBSYSTEM/slot_commit_gray_nvp_reg[9]/C
  -------------------------------------------------------------------    -------------------
    SLICE_X5Y59          FDRE (Prop_fdre_C_Q)         0.348     5.003 r  CAPTURE_SUBSYSTEM/slot_commit_gray_nvp_reg[9]/Q
                         net (fo=1, routed)           0.929     5.932    CAPTURE_SUBSYSTEM/slot_commit_gray_nvp[9]
    SLICE_X4Y56          FDRE                                         r  CAPTURE_SUBSYSTEM/slot_commit_gray_sync1_pcie_reg[9]/D
  -------------------------------------------------------------------    -------------------

                         (clock userclk1 rise edge)
                                                      0.000     0.000 r  
    GTPE2_CHANNEL_X0Y3   GTPE2_CHANNEL                0.000     0.000 r  XDMA/inst/xdma_v41_m1_pcie2_to_pcie3_wrapper_i/pcie2_ip_i/inst/inst/gt_top_i/pipe_wrapper_i/pipe_lane[0].gt_wrapper_i/gtp_channel.gtpe2_channel_i/TXOUTCLK
                         net (fo=1, routed)           1.150     1.150    XDMA/inst/xdma_v41_m1_pcie2_to_pcie3_wrapper_i/pcie2_ip_i/inst/inst/gt_top_i/pipe_wrapper_i/pipe_clock_int.pipe_clock_i/txoutclk_i.txoutclk_i_0
    BUFGCTRL_X0Y20       BUFG (Prop_bufg_I_O)         0.077     1.227 r  XDMA/inst/xdma_v41_m1_pcie2_to_pcie3_wrapper_i/pcie2_ip_i/inst/inst/gt_top_i/pipe_wrapper_i/pipe_clock_int.pipe_clock_i/txoutclk_i.txoutclk_i/O
                         net (fo=1, routed)           1.286     2.513    XDMA/inst/xdma_v41_m1_pcie2_to_pcie3_wrapper_i/pcie2_ip_i/inst/inst/gt_top_i/pipe_wrapper_i/pipe_clock_int.pipe_clock_i/refclk
    MMCME2_ADV_X0Y0      MMCME2_ADV (Prop_mmcme2_adv_CLKIN1_CLKOUT2)
                                                      0.073     2.586 r  XDMA/inst/xdma_v41_m1_pcie2_to_pcie3_wrapper_i/pcie2_ip_i/inst/inst/gt_top_i/pipe_wrapper_i/pipe_clock_int.pipe_clock_i/mmcm_i/CLKOUT2
                         net (fo=1, routed)           1.357     3.944    XDMA/inst/xdma_v41_m1_pcie2_to_pcie3_wrapper_i/pcie2_ip_i/inst/inst/gt_top_i/pipe_wrapper_i/pipe_clock_int.pipe_clock_i/userclk1
    BUFGCTRL_X0Y0        BUFG (Prop_bufg_I_O)         0.077     4.021 r  XDMA/inst/xdma_v41_m1_pcie2_to_pcie3_wrapper_i/pcie2_ip_i/inst/inst/gt_top_i/pipe_wrapper_i/pipe_clock_int.pipe_clock_i/userclk1_i1.usrclk1_i1/O
                         net (fo=15472, routed)       1.315     5.336    CAPTURE_SUBSYSTEM/CLK
    SLICE_X4Y56          FDRE                                         r  CAPTURE_SUBSYSTEM/slot_commit_gray_sync1_pcie_reg[9]/C
                         clock pessimism              0.000     5.336    
    SLICE_X4Y56          FDRE (Setup_fdre_C_D)       -0.213     5.123    CAPTURE_SUBSYSTEM/slot_commit_gray_sync1_pcie_reg[9]
  -------------------------------------------------------------------
                         data arrival                           5.932    
                         clock arrival                          5.123    
  -------------------------------------------------------------------
                         relative delay                         0.810    

Reference path:
    Location             Delay type                Incr(ns)  Path(ns)    Netlist Resource(s)
  -------------------------------------------------------------------    -------------------
                         (clock nvp_vclk1 rise edge)
                                                      0.000     0.000 r  
    E13                                               0.000     0.000 r  vclk1 (IN)
                         net (fo=0)                   0.000     0.000    NVP_PHYSICAL_FRONTEND/vclk1
    E13                  IBUF (Prop_ibuf_I_O)         1.394     1.394 r  NVP_PHYSICAL_FRONTEND/u_vclk1_ibuf/O
                         net (fo=3, routed)           1.604     2.998    NVP_PHYSICAL_FRONTEND/vclk1_ibuf
    BUFGCTRL_X0Y17       BUFG (Prop_bufg_I_O)         0.077     3.075 r  NVP_PHYSICAL_FRONTEND/u_vclk1_bufg/O
                         net (fo=1729, routed)        1.246     4.322    nvp_clk
    SLICE_X9Y55          FDRE                                         r  vclk_edge_gray_nvp_reg[2]/C
  -------------------------------------------------------------------    -------------------
    SLICE_X9Y55          FDRE (Prop_fdre_C_Q)         0.304     4.626 r  vclk_edge_gray_nvp_reg[2]/Q
                         net (fo=1, routed)           0.239     4.865    vclk_edge_gray_nvp[2]
    SLICE_X8Y55          FDRE                                         r  vclk_edge_gray_sync1_user_reg[2]/D
  -------------------------------------------------------------------    -------------------

                         (clock userclk1 rise edge)
                                                      0.000     0.000 r  
    GTPE2_CHANNEL_X0Y3   GTPE2_CHANNEL                0.000     0.000 r  XDMA/inst/xdma_v41_m1_pcie2_to_pcie3_wrapper_i/pcie2_ip_i/inst/inst/gt_top_i/pipe_wrapper_i/pipe_lane[0].gt_wrapper_i/gtp_channel.gtpe2_channel_i/TXOUTCLK
                         net (fo=1, routed)           1.209     1.209    XDMA/inst/xdma_v41_m1_pcie2_to_pcie3_wrapper_i/pcie2_ip_i/inst/inst/gt_top_i/pipe_wrapper_i/pipe_clock_int.pipe_clock_i/txoutclk_i.txoutclk_i_0
    BUFGCTRL_X0Y20       BUFG (Prop_bufg_I_O)         0.081     1.290 r  XDMA/inst/xdma_v41_m1_pcie2_to_pcie3_wrapper_i/pcie2_ip_i/inst/inst/gt_top_i/pipe_wrapper_i/pipe_clock_int.pipe_clock_i/txoutclk_i.txoutclk_i/O
                         net (fo=1, routed)           1.391     2.681    XDMA/inst/xdma_v41_m1_pcie2_to_pcie3_wrapper_i/pcie2_ip_i/inst/inst/gt_top_i/pipe_wrapper_i/pipe_clock_int.pipe_clock_i/refclk
    MMCME2_ADV_X0Y0      MMCME2_ADV (Prop_mmcme2_adv_CLKIN1_CLKOUT2)
                                                      0.077     2.757 r  XDMA/inst/xdma_v41_m1_pcie2_to_pcie3_wrapper_i/pcie2_ip_i/inst/inst/gt_top_i/pipe_wrapper_i/pipe_clock_int.pipe_clock_i/mmcm_i/CLKOUT2
                         net (fo=1, routed)           1.425     4.182    XDMA/inst/xdma_v41_m1_pcie2_to_pcie3_wrapper_i/pcie2_ip_i/inst/inst/gt_top_i/pipe_wrapper_i/pipe_clock_int.pipe_clock_i/userclk1
    BUFGCTRL_X0Y0        BUFG (Prop_bufg_I_O)         0.081     4.263 r  XDMA/inst/xdma_v41_m1_pcie2_to_pcie3_wrapper_i/pcie2_ip_i/inst/inst/gt_top_i/pipe_wrapper_i/pipe_clock_int.pipe_clock_i/userclk1_i1.usrclk1_i1/O
                         net (fo=15472, routed)       1.359     5.622    autonomous_clk
    SLICE_X8Y55          FDRE                                         r  vclk_edge_gray_sync1_user_reg[2]/C
                         clock pessimism              0.000     5.622    
    SLICE_X8Y55          FDRE (Hold_fdre_C_D)         0.201     5.824    vclk_edge_gray_sync1_user_reg[2]
  -------------------------------------------------------------------
                         data arrival                           4.865    
                         clock arrival                          5.823    
  -------------------------------------------------------------------
                         relative delay                        -0.959    



