#-----------------------------------------------------------
# Vivado v2025.2 (64-bit)
# SW Build 6299465 on Fri Nov 14 19:35:11 GMT 2025
# IP Build 6300035 on Fri Nov 14 10:48:45 MST 2025
# SharedData Build 6298862 on Thu Nov 13 04:50:51 MST 2025
# Start of session at: Sun Aug 23 13:49:28 2026
# Process ID         : 24812
# Current directory  : C:/FPGA/V41_NVP_R1E_SEMANTIC_DRC_CONTINUATION_R3
# Command line       : vivado.exe -mode batch -notrace -journal C:\FPGA\V41_NVP_R1E_SEMANTIC_DRC_CONTINUATION_R3\02_SEMANTIC_DRC_PARSER\vivado_help.jou -log C:\FPGA\V41_NVP_R1E_SEMANTIC_DRC_CONTINUATION_R3\02_SEMANTIC_DRC_PARSER\vivado_help.log -source C:\FPGA\V41_NVP_R1E_SEMANTIC_DRC_CONTINUATION_R3\scripts\capture_vivado_drc_help_r3.tcl
# Log file           : C:/FPGA/V41_NVP_R1E_SEMANTIC_DRC_CONTINUATION_R3/02_SEMANTIC_DRC_PARSER/vivado_help.log
# Journal file       : C:\FPGA\V41_NVP_R1E_SEMANTIC_DRC_CONTINUATION_R3\02_SEMANTIC_DRC_PARSER\vivado_help.jou
# Running On         : NBLSUDUL
# Platform           : Windows Server 2016 or Windows 10
# Operating System   : 19045
# Processor Detail   : Intel(R) Core(TM) i7-7500U CPU @ 2.70GHz
# CPU Frequency      : 2904 MHz
# CPU Physical cores : 2
# CPU Logical cores  : 4
# Host memory        : 17028 MB
# Swap memory        : 4338 MB
# Total Virtual      : 21367 MB
# Available Virtual  : 6589 MB
#-----------------------------------------------------------
WARNING: [Runs 36-547] User Strategy 'Vivado Implementation Defaults' from file 'C:\Users\£ukasz Sudu³\AppData\Roaming/Xilinx/Vivado/2025.2/strategies/Vivado Implementation Defaults.Vivado Implementation 2025.psg' discarded because strategy with same name already parsed from 'C:/AMDDesignTools/2025.2/Vivado/strategies/VDI2025.psg'
source {C:\FPGA\V41_NVP_R1E_SEMANTIC_DRC_CONTINUATION_R3\scripts\capture_vivado_drc_help_r3.tcl} -notrace
VIVADO_VERSION=2025.2
===== HELP_BEGIN get_drc_checks =====
===== HELP_END get_drc_checks =====
===== HELP_BEGIN get_drc_violations =====
===== HELP_END get_drc_violations =====
===== HELP_BEGIN report_drc =====
===== HELP_END report_drc =====
===== HELP_BEGIN report_property =====
===== HELP_END report_property =====
===== HELP_BEGIN list_property =====
===== HELP_END list_property =====
INFO: [Common 17-206] Exiting Vivado at Sun Aug 23 13:49:53 2026...
