Copyright 1986-2022 Xilinx, Inc. All Rights Reserved. Copyright 2022-2025 Advanced Micro Devices, Inc. All Rights Reserved.
--------------------------------------------------------------------------------------------------------------------------------------------------------------------------------------------------------------------------------------------------------------------------------------------------------------------------------------------------------------------------------------------------------------------------------------------------------------------------------------------------------------------------------------------------------------------------------------------------------------------------------------------------------------------------------------------------------------------------------------------------------------------------------------------------------------------------------------------------------------------------------------------------------------------------------------------------------------------------------------------------------------------------------------------------------------------------------------------------------------------------------------------------------------------------------------------------------------------------------------------------------------------------------------------------------------------------------------------------------------------------------------------------------------------------------------------------------------------------------------------------------------------------------------------------------------------------------------------------------------------------------------------------------------------------------------------------------------------------------------------------------------------------------------------------------------------------------------------------------------------------------------------------------------------------------------------------------------------------------------------------------------------------------------------------------------------------------------------------------------------------------------------------------------------------------------------------------------------------------------------------------------------------------------------------------------------------------------------------------------------------------------------------------------------------------------------------------------------------------------------------------------------------------------------------------------------------------------------------------------------------------------------------------------------------------------------------------------------------------------------------------------------------------------------------------------------------------------------------------------------------------------------------------------------------------------------------------------------------------------------------------------------------------------------------------------------------------------------------------------------------------------------------------------------------------------------------------------------------------------------------------------------------------------------------------------------------------------------------------------------------------------------------------------------------------------------------------------------------------------------------------------------------------------------------------------------------------------------
| Tool Version : Vivado v.2025.2 (win64) Build 6299465 Fri Nov 14 19:35:11 GMT 2025
| Date         : Tue Sep  1 23:21:19 2026
| Host         : NBLSUDUL running 64-bit major release  (build 9200)
| Command      : report_timing -delay_type max -max_paths 1 -nworst 1 -from [list [get_cells -quiet {G2B_ONECH_C2H/axis_epoch_reg[0]}] [get_cells -quiet {G2B_ONECH_C2H/axis_epoch_reg[1]}] [get_cells -quiet {G2B_ONECH_C2H/axis_epoch_reg[2]}] [get_cells -quiet {G2B_ONECH_C2H/axis_epoch_reg[3]}] [get_cells -quiet {G2B_ONECH_C2H/axis_epoch_reg[4]}] [get_cells -quiet {G2B_ONECH_C2H/axis_epoch_reg[5]}] [get_cells -quiet {G2B_ONECH_C2H/axis_epoch_reg[6]}] [get_cells -quiet {G2B_ONECH_C2H/axis_epoch_reg[7]}] [get_cells -quiet {G2B_ONECH_C2H/axis_epoch_reg[8]}] [get_cells -quiet {G2B_ONECH_C2H/axis_epoch_reg[9]}] [get_cells -quiet {G2B_ONECH_C2H/axis_epoch_reg[10]}] [get_cells -quiet {G2B_ONECH_C2H/axis_epoch_reg[11]}] [get_cells -quiet {G2B_ONECH_C2H/axis_epoch_reg[12]}] [get_cells -quiet {G2B_ONECH_C2H/axis_epoch_reg[13]}] [get_cells -quiet {G2B_ONECH_C2H/axis_epoch_reg[14]}] [get_cells -quiet {G2B_ONECH_C2H/axis_epoch_reg[15]}] [get_cells -quiet {G2B_ONECH_C2H/axis_epoch_reg[16]}] [get_cells -quiet {G2B_ONECH_C2H/axis_epoch_reg[17]}] [get_cells -quiet {G2B_ONECH_C2H/axis_epoch_reg[18]}] [get_cells -quiet {G2B_ONECH_C2H/axis_epoch_reg[19]}] [get_cells -quiet {G2B_ONECH_C2H/axis_epoch_reg[20]}] [get_cells -quiet {G2B_ONECH_C2H/axis_epoch_reg[21]}] [get_cells -quiet {G2B_ONECH_C2H/axis_epoch_reg[22]}] [get_cells -quiet {G2B_ONECH_C2H/axis_epoch_reg[23]}] [get_cells -quiet {G2B_ONECH_C2H/axis_epoch_reg[24]}] [get_cells -quiet {G2B_ONECH_C2H/axis_epoch_reg[25]}] [get_cells -quiet {G2B_ONECH_C2H/axis_epoch_reg[26]}] [get_cells -quiet {G2B_ONECH_C2H/axis_epoch_reg[27]}] [get_cells -quiet {G2B_ONECH_C2H/axis_epoch_reg[28]}] [get_cells -quiet {G2B_ONECH_C2H/axis_epoch_reg[29]}] [get_cells -quiet {G2B_ONECH_C2H/axis_epoch_reg[30]}] [get_cells -quiet {G2B_ONECH_C2H/axis_epoch_reg[31]}] [get_cells -quiet {G2B_ONECH_C2H/axis_generation_reg[0]}] [get_cells -quiet {G2B_ONECH_C2H/axis_generation_reg[1]}] [get_cells -quiet {G2B_ONECH_C2H/axis_generation_reg[2]}] [get_cells -quiet {G2B_ONECH_C2H/axis_generation_reg[3]}] [get_cells -quiet {G2B_ONECH_C2H/axis_generation_reg[4]}] [get_cells -quiet {G2B_ONECH_C2H/axis_generation_reg[5]}] [get_cells -quiet {G2B_ONECH_C2H/axis_generation_reg[6]}] [get_cells -quiet {G2B_ONECH_C2H/axis_generation_reg[7]}] [get_cells -quiet {G2B_ONECH_C2H/axis_generation_reg[8]}] [get_cells -quiet {G2B_ONECH_C2H/axis_generation_reg[9]}] [get_cells -quiet {G2B_ONECH_C2H/axis_generation_reg[10]}] [get_cells -quiet {G2B_ONECH_C2H/axis_generation_reg[11]}] [get_cells -quiet {G2B_ONECH_C2H/axis_generation_reg[12]}] [get_cells -quiet {G2B_ONECH_C2H/axis_generation_reg[13]}] [get_cells -quiet {G2B_ONECH_C2H/axis_generation_reg[14]}] [get_cells -quiet {G2B_ONECH_C2H/axis_generation_reg[15]}] [get_cells -quiet {G2B_ONECH_C2H/axis_generation_reg[16]}] [get_cells -quiet {G2B_ONECH_C2H/axis_generation_reg[17]}] [get_cells -quiet {G2B_ONECH_C2H/axis_generation_reg[18]}] [get_cells -quiet {G2B_ONECH_C2H/axis_generation_reg[19]}] [get_cells -quiet {G2B_ONECH_C2H/axis_generation_reg[20]}] [get_cells -quiet {G2B_ONECH_C2H/axis_generation_reg[21]}] [get_cells -quiet {G2B_ONECH_C2H/axis_generation_reg[22]}] [get_cells -quiet {G2B_ONECH_C2H/axis_generation_reg[23]}] [get_cells -quiet {G2B_ONECH_C2H/axis_slot_reg[0]}] [get_cells -quiet {G2B_ONECH_C2H/axis_slot_reg[1]}]] -to [get_cells -quiet G2B_ONECH_C2H/own_ok_hold_source_reg] -file C:/FPGA/G2B_BS2_ALT_TIMING_20260901T205518Z/G2B_BS2_EXACT_SCOPE_TIMING.rpt
| Design       : ahd_capture_top_xdma
| Device       : 7a35t-csg325
| Speed File   : -2  PRODUCTION 1.23 2018-06-13
| Design State : Routed
--------------------------------------------------------------------------------------------------------------------------------------------------------------------------------------------------------------------------------------------------------------------------------------------------------------------------------------------------------------------------------------------------------------------------------------------------------------------------------------------------------------------------------------------------------------------------------------------------------------------------------------------------------------------------------------------------------------------------------------------------------------------------------------------------------------------------------------------------------------------------------------------------------------------------------------------------------------------------------------------------------------------------------------------------------------------------------------------------------------------------------------------------------------------------------------------------------------------------------------------------------------------------------------------------------------------------------------------------------------------------------------------------------------------------------------------------------------------------------------------------------------------------------------------------------------------------------------------------------------------------------------------------------------------------------------------------------------------------------------------------------------------------------------------------------------------------------------------------------------------------------------------------------------------------------------------------------------------------------------------------------------------------------------------------------------------------------------------------------------------------------------------------------------------------------------------------------------------------------------------------------------------------------------------------------------------------------------------------------------------------------------------------------------------------------------------------------------------------------------------------------------------------------------------------------------------------------------------------------------------------------------------------------------------------------------------------------------------------------------------------------------------------------------------------------------------------------------------------------------------------------------------------------------------------------------------------------------------------------------------------------------------------------------------------------------------------------------------------------------------------------------------------------------------------------------------------------------------------------------------------------------------------------------------------------------------------------------------------------------------------------------------------------------------------------------------------------------------------------------------------------------------------------------------------------------------------------------------

Timing Report

Slack (MET) :             1.162ns  (required time - arrival time)
  Source:                 G2B_ONECH_C2H/axis_slot_reg[1]/C
                            (rising edge-triggered cell FDRE clocked by userclk1  {rise@0.000ns fall@8.000ns period=16.000ns})
  Destination:            G2B_ONECH_C2H/own_ok_hold_source_reg/D
                            (rising edge-triggered cell FDRE clocked by nvp_vclk1  {rise@0.000ns fall@3.367ns period=6.734ns})
  Path Group:             nvp_vclk1
  Path Type:              Setup (Max at Slow Process Corner)
  Requirement:            6.000ns  (MaxDelay Path 6.000ns)
  Data Path Delay:        4.868ns  (logic 1.602ns (32.912%)  route 3.266ns (67.088%))
  Logic Levels:           6  (CARRY4=2 LUT5=1 LUT6=3)
  Timing Exception:       MaxDelay Path 6.000ns -datapath_only

    Location             Delay type                Incr(ns)  Path(ns)    Netlist Resource(s)
  -------------------------------------------------------------------    -------------------
    SLICE_X58Y68                                      0.000     0.000 r  G2B_ONECH_C2H/axis_slot_reg[1]/C
    SLICE_X58Y68         FDRE (Prop_fdre_C_Q)         0.379     0.379 r  G2B_ONECH_C2H/axis_slot_reg[1]/Q
                         net (fo=142, routed)         0.968     1.347    G2B_ONECH_C2H/own_slot_hold_axi[1]
    SLICE_X56Y69         LUT6 (Prop_lut6_I3_O)        0.105     1.452 r  G2B_ONECH_C2H/own_ok_hold_source_i_66/O
                         net (fo=1, routed)           0.642     2.093    G2B_ONECH_C2H/own_ok_hold_source_i_66_n_0
    SLICE_X59Y72         LUT6 (Prop_lut6_I3_O)        0.105     2.198 r  G2B_ONECH_C2H/own_ok_hold_source_i_24/O
                         net (fo=1, routed)           0.000     2.198    G2B_ONECH_C2H/own_ok_hold_source_i_24_n_0
    SLICE_X59Y72         CARRY4 (Prop_carry4_S[1]_CO[3])
                                                      0.457     2.655 r  G2B_ONECH_C2H/own_ok_hold_source_reg_i_8/CO[3]
                         net (fo=1, routed)           0.000     2.655    G2B_ONECH_C2H/own_ok_hold_source_reg_i_8_n_0
    SLICE_X59Y73         CARRY4 (Prop_carry4_CI_CO[2])
                                                      0.190     2.845 r  G2B_ONECH_C2H/own_ok_hold_source_reg_i_5/CO[2]
                         net (fo=1, routed)           0.710     3.556    G2B_ONECH_C2H/source_ownership_fatal37_out
    SLICE_X57Y66         LUT5 (Prop_lut5_I2_O)        0.261     3.817 r  G2B_ONECH_C2H/own_ok_hold_source_i_2/O
                         net (fo=3, routed)           0.946     4.763    G2B_ONECH_C2H/source_ownership_fatal1305_out
    SLICE_X37Y57         LUT6 (Prop_lut6_I0_O)        0.105     4.868 r  G2B_ONECH_C2H/own_ok_hold_source_i_1/O
                         net (fo=1, routed)           0.000     4.868    G2B_ONECH_C2H/own_ok_hold_source_i_1_n_0
    SLICE_X37Y57         FDRE                                         r  G2B_ONECH_C2H/own_ok_hold_source_reg/D
  -------------------------------------------------------------------    -------------------

                         max delay                    6.000     6.000    
    SLICE_X37Y57         FDRE (Setup_fdre_C_D)        0.030     6.030    G2B_ONECH_C2H/own_ok_hold_source_reg
  -------------------------------------------------------------------
                         required time                          6.030    
                         arrival time                          -4.868    
  -------------------------------------------------------------------
                         slack                                  1.162    




