UTC_START=2026-09-05T21:55:18.7561293Z
UTC_END=2026-09-05T21:55:20.1870232Z
EVIDENCE_KIND=G2B_HW0_PRODUCT_R1_DUT_IDENTITY_READONLY
RESULT=PASS
EXIT_CODE=0
ARGUMENT_TOKEN_AUDIT=PASS
PLINK_PW_OPTION_USED=NO
PLINK_PWFILE_OPTION_USED=YES
USERNAME_ROLE_OCCURRENCE=YES_AUTHORIZED
PASSWORD_ROLE_ARGUMENT_OCCURRENCE=NO
REMOTE_COMMAND_SHARED_LITERAL=NO
INHERITED_ENVIRONMENT_AUDIT=PASS
PWFILE_CREATED=YES
PWFILE_DELETED=YES
STDOUT_BEGIN
VCDE-DUT-1
vcdeagent1
7.0.0-29-generic
37131b8d-0e38-4b4e-b77a-b3bda55b4e97
2026-09-05T21:55:19.489265381Z
STDOUT_END
STDERR_BEGIN

STDERR_END
