TASK_ID=G2B-HW0-PRODUCT-R1
MODE=READ_ONLY_HISTORICAL_BINDING_VERIFICATION
UTC=2026-09-05T22:26:29.0384637Z
MIGRATION_RUN3_PATH=C:\FPGA\FPGA_AHD_NEW_HOST_MIGRATION_2026\V41_NEW_HOST_MIGRATION_FINAL_PACKAGE\08_B7_RUN_03\REBOOT_AND_PCIE_JTAG.md
MIGRATION_RUN3_BYTES=871
MIGRATION_RUN3_SHA256=C17596AD18B06CFAE059B25EA6F0E02AF3C5E6F8299DD74BB3BB3752D5ECBF7F
R7_FINAL_REPORT_PATH=C:\FPGA\V41_NVP_R1E_MODE_AWARE_DONE0_PAIRED_AB_R7\11_FINAL\V41_NVP_R1E_EXTENDED_OBSERVABILITY_FINAL_REPORT.md
R7_FINAL_REPORT_BYTES=19804
R7_FINAL_REPORT_SHA256=D28C782BBCE84A9EB5658052FEB70E112DBF43F6DD993284822A078708E1E1D2
R7_INDEPENDENT_AUDIT_PATH=C:\FPGA\V41_NVP_R1E_MODE_AWARE_DONE0_PAIRED_AB_R7\11_FINAL\R7_INDEPENDENT_LIVE_EVIDENCE_AND_ACCOUNTING_AUDIT.md
R7_INDEPENDENT_AUDIT_BYTES=9760
R7_INDEPENDENT_AUDIT_SHA256=71C7DC9ABC0ACDFB112D9C0730FD7C8CF80B2A49A3ED83160AF2440250FB47C7
R7_ARM_B_PRELOADER_PATH=C:\FPGA\V41_NVP_R1E_MODE_AWARE_DONE0_PAIRED_AB_R7\09_ARM_B_FORMAL\PRELOADER_EVIDENCE.log
R7_ARM_B_PRELOADER_BYTES=3105
R7_ARM_B_PRELOADER_SHA256=1E1C02358552EF1607E05D3216DECD9850BE93646705593CFA39148D3B83BE0A
R1H_R4_BINDING_PATH=C:\FPGA\V41_NVP_R1H_R4_SUPER_FAST\hardware\R1H_R4_HARDWARE_BINDING.json
R1H_R4_BINDING_BYTES=2766
R1H_R4_BINDING_SHA256=6B1D02E29D964250DA169957FB4FC9AC2384220C2B89649BDD20C5C077F8D4AB
ACCEPTED_SELECTOR_PATH=C:\FPGA\AHD_G1_EVIDENCE\_agent_evidence_20260827_164925\v41-nvp-r1e-extended-observability-r1\r6\scripts\select_r6_jtag_target.tcl
ACCEPTED_SELECTOR_BYTES=5676
ACCEPTED_SELECTOR_SHA256=3F315C44C17AF1E5293A314CAA3B0DA63BFAEC687D58E7DADE37BAAE394CD1DE
ACCEPTED_STABILITY_SESSION_PATH=C:\FPGA\AHD_G1_EVIDENCE\_agent_evidence_20260827_164925\v41-nvp-r1e-extended-observability-r1\r6\scripts\r6_jtag_stability_session.tcl
ACCEPTED_STABILITY_SESSION_BYTES=7238
ACCEPTED_STABILITY_SESSION_SHA256=7CDA6928B3480802E8C47C156641B4BA3C5488D32702ED95A2EDAF281383D62E
HISTORICAL_SELECTED_JTAG_CANONICAL_ID=Xilinx/80802026a98b01
HISTORICAL_SELECTED_FULL_JTAG_TARGET_PATH=localhost:3121/xilinx_tcf/Xilinx/80802026a98b01
HISTORICAL_FPGA_PART=xc7a35t
HISTORICAL_FPGA_IDCODE=0362D093
HISTORICAL_DUT_IP=10.132.1.111
HISTORICAL_DUT_KERNEL=7.0.0-29-generic
HISTORICAL_AHD_ENDPOINT_BDF=0000:01:00.0
HISTORICAL_AHD_PARENT_BDF=0000:00:01.1
HISTORICAL_AHD_VID_DID=10ee:7011
HISTORICAL_AHD_SUBSYSTEM=10ee:0007
HISTORICAL_AHD_CLASS=058000
HISTORICAL_AHD_BAR0_BYTES=131072
HISTORICAL_R7_RECOVERY_MODE=WARM_REBOOT
HISTORICAL_R7_PCI_REMOVE_RESCAN_RESETS=0
CURRENT_TASK_REBOOT_AUTHORIZED=NO
CURRENT_TASK_BROAD_RESCAN_AUTHORIZED=NO
HISTORICAL_BINDING_VERIFICATION=PASS
