#-----------------------------------------------------------
# Vivado v2025.2 (64-bit)
# SW Build 6299465 on Fri Nov 14 19:35:11 GMT 2025
# IP Build 6300035 on Fri Nov 14 10:48:45 MST 2025
# SharedData Build 6298862 on Thu Nov 13 04:50:51 MST 2025
# Start of session at: Sun Sep  6 00:13:54 2026
# Process ID         : 5880
# Current directory  : C:/FPGA/G2B_HW0_PRODUCT_R1_20260905/raw
# Command line       : vivado.exe -mode batch -notrace -nojournal -log C:\FPGA\G2B_HW0_PRODUCT_R1_20260905\raw\JTAG_FINAL_STATE_VIVADO.log -source C:\FPGA\AHD_G1_EVIDENCE\_agent_evidence_20260827_164925\v41-nvp-r1e-extended-observability-r1\r6\scripts\r6_jtag_stability_session.tcl -tclargs 2 C:\FPGA\G2B_HW0_PRODUCT_R1_20260905\raw\JTAG_SESSION_2_FINAL.csv C:\FPGA\G2B_HW0_PRODUCT_R1_20260905\raw\JTAG_FINAL_TARGET_PROPERTIES.tsv C:\FPGA\G2B_HW0_PRODUCT_R1_20260905\raw\JTAG_FINAL_DEVICE_PROPERTIES.tsv
# Log file           : C:/FPGA/G2B_HW0_PRODUCT_R1_20260905/raw/JTAG_FINAL_STATE_VIVADO.log
# Journal file       : 
# Running On         : NBLSUDUL
# Platform           : Windows Server 2016 or Windows 10
# Operating System   : 19045
# Processor Detail   : Intel(R) Core(TM) i7-7500U CPU @ 2.70GHz
# CPU Frequency      : 2904 MHz
# CPU Physical cores : 2
# CPU Logical cores  : 4
# Host memory        : 17028 MB
# Swap memory        : 6174 MB
# Total Virtual      : 23202 MB
# Available Virtual  : 12264 MB
#-----------------------------------------------------------
WARNING: [Runs 36-547] User Strategy 'Vivado Implementation Defaults' from file 'C:\Users\£ukasz Sudu³\AppData\Roaming/Xilinx/Vivado/2025.2/strategies/Vivado Implementation Defaults.Vivado Implementation 2025.psg' discarded because strategy with same name already parsed from 'C:/AMDDesignTools/2025.2/Vivado/strategies/VDI2025.psg'
source {C:\FPGA\AHD_G1_EVIDENCE\_agent_evidence_20260827_164925\v41-nvp-r1e-extended-observability-r1\r6\scripts\r6_jtag_stability_session.tcl} -notrace
R6_JTAG_SESSION_START_UTC=2026-09-05T22:14:02Z
R6_JTAG_SESSION_INDEX=2
EXPECTED_SAMPLE_COUNT=5
INTER_SAMPLE_DELAY_MS=500
R6_LEGACY_HS2_REQUIRED=NO
R6_JTAG_FREQUENCY_CHANGED=NO
open_hw_manager: Time (s): cpu = 00:00:16 ; elapsed = 00:00:15 . Memory (MB): peak = 538.453 ; gain = 223.746
INFO: [Labtools 27-2285] Connecting to hw_server url TCP:localhost:3121
INFO: [Labtools 27-2222] Launching hw_server...
INFO: [Labtools 27-2221] Launch Output:

****** Xilinx hw_server v2025.2
  **** Build date : Oct 28 2025 at 10:03:13
    ** Copyright 1986-2022 Xilinx, Inc. All Rights Reserved.


INFO: [Labtools 27-3415] Connecting to cs_server url TCP:localhost:0
INFO: [Labtools 27-3417] Launching cs_server...
INFO: [Labtools 27-2221] Launch Output:


******** Xilinx cs_server v2025.2.0
  ****** Build date   : Nov 14 2025-00:16:52
    **** Build number : 2025.2.1763075812
      ** Copyright 2017-2022 Xilinx, Inc. All Rights Reserved.
      ** Copyright 2022-2026 Advanced Micro Devices, Inc. All Rights Reserved.



connect_hw_server: Time (s): cpu = 00:00:00 ; elapsed = 00:00:09 . Memory (MB): peak = 542.418 ; gain = 3.965
R6_ENUMERATED_TARGET_0_PATH=localhost:3121/xilinx_tcf/Xilinx/80802026a98b01
R6_ENUMERATED_TARGET_0_PROPERTY_COUNT=13
R6_ENUMERATED_TARGET_0_PROPERTY_0_NAME=CLASS
R6_ENUMERATED_TARGET_0_PROPERTY_0_VALUE=hw_target
R6_ENUMERATED_TARGET_0_PROPERTY_1_NAME=DEVICE_COUNT
R6_ENUMERATED_TARGET_0_PROPERTY_1_VALUE=0
R6_ENUMERATED_TARGET_0_PROPERTY_2_NAME=HW_JTAG
R6_ENUMERATED_TARGET_0_PROPERTY_2_VALUE=
R6_ENUMERATED_TARGET_0_PROPERTY_3_NAME=IS_OPENED
R6_ENUMERATED_TARGET_0_PROPERTY_3_VALUE=0
R6_ENUMERATED_TARGET_0_PROPERTY_4_NAME=IS_STAPL
R6_ENUMERATED_TARGET_0_PROPERTY_4_VALUE=0
R6_ENUMERATED_TARGET_0_PROPERTY_5_NAME=IS_SVF
R6_ENUMERATED_TARGET_0_PROPERTY_5_VALUE=0
R6_ENUMERATED_TARGET_0_PROPERTY_6_NAME=MAX_DEVICE_COUNT
R6_ENUMERATED_TARGET_0_PROPERTY_6_VALUE=32
R6_ENUMERATED_TARGET_0_PROPERTY_7_NAME=NAME
R6_ENUMERATED_TARGET_0_PROPERTY_7_VALUE=localhost:3121/xilinx_tcf/Xilinx/80802026a98b01
R6_ENUMERATED_TARGET_0_PROPERTY_8_NAME=PARAM.DEVICE
R6_ENUMERATED_TARGET_0_PROPERTY_8_VALUE=jsn-DLC10-80802026a98b01
R6_ENUMERATED_TARGET_0_PROPERTY_9_NAME=PARAM.FREQUENCY
R6_ENUMERATED_TARGET_0_PROPERTY_9_VALUE=6000000
R6_ENUMERATED_TARGET_0_PROPERTY_10_NAME=PARAM.TYPE
R6_ENUMERATED_TARGET_0_PROPERTY_10_VALUE=xilinx_tcf
R6_ENUMERATED_TARGET_0_PROPERTY_11_NAME=TID
R6_ENUMERATED_TARGET_0_PROPERTY_11_VALUE=jsn-DLC10-80802026a98b01
R6_ENUMERATED_TARGET_0_PROPERTY_12_NAME=UID
R6_ENUMERATED_TARGET_0_PROPERTY_12_VALUE=Xilinx/80802026a98b01
R6_TOTAL_TARGET_COUNT=1
R6_EXACT_CANONICAL_MATCH_COUNT=1
R6_TARGET_SELECTOR_STATUS=PASS
R6_SELECTED_JTAG_CANONICAL_ID=Xilinx/80802026a98b01
R6_FULL_JTAG_TARGET_PATH=localhost:3121/xilinx_tcf/Xilinx/80802026a98b01
R6_TARGET_MATCH_MODE=EXACT_CANONICAL_ID_OR_EXACT_PATH_SUFFIX
R6_FALLBACK_TO_FIRST_TARGET=NO
R6_LEGACY_HS2_REQUIRED=NO
R6_JTAG_SERVER_ENDPOINT=localhost:3121
R6_JTAG_TRANSPORT_CLASS=xilinx_tcf
INFO: [Labtoolstcl 44-466] Opening hw_target localhost:3121/xilinx_tcf/Xilinx/80802026a98b01
INITIAL_DEVICE_COUNT=1
INFO: [Labtools 27-1434] Device xc7a35t (JTAG device index = 0) is programmed with a design that has no supported soft debug core(s) in it.
SAMPLE_1_MONOTONIC_MS=1788646468294
SAMPLE_1_TARGET_COUNT=1
SAMPLE_1_DEVICE_COUNT=1
SAMPLE_1_TARGET_PATH=localhost:3121/xilinx_tcf/Xilinx/80802026a98b01
SAMPLE_1_CANONICAL_ID=Xilinx/80802026a98b01
SAMPLE_1_PART=xc7a35t
SAMPLE_1_IDCODE=0362D093
SAMPLE_1_DONE=1
SAMPLE_1_REFRESH_RESULT=PASS
INFO: [Labtools 27-1434] Device xc7a35t (JTAG device index = 0) is programmed with a design that has no supported soft debug core(s) in it.
SAMPLE_2_MONOTONIC_MS=1788646469112
SAMPLE_2_TARGET_COUNT=1
SAMPLE_2_DEVICE_COUNT=1
SAMPLE_2_TARGET_PATH=localhost:3121/xilinx_tcf/Xilinx/80802026a98b01
SAMPLE_2_CANONICAL_ID=Xilinx/80802026a98b01
SAMPLE_2_PART=xc7a35t
SAMPLE_2_IDCODE=0362D093
SAMPLE_2_DONE=1
SAMPLE_2_REFRESH_RESULT=PASS
INFO: [Labtools 27-1434] Device xc7a35t (JTAG device index = 0) is programmed with a design that has no supported soft debug core(s) in it.
SAMPLE_3_MONOTONIC_MS=1788646469932
SAMPLE_3_TARGET_COUNT=1
SAMPLE_3_DEVICE_COUNT=1
SAMPLE_3_TARGET_PATH=localhost:3121/xilinx_tcf/Xilinx/80802026a98b01
SAMPLE_3_CANONICAL_ID=Xilinx/80802026a98b01
SAMPLE_3_PART=xc7a35t
SAMPLE_3_IDCODE=0362D093
SAMPLE_3_DONE=1
SAMPLE_3_REFRESH_RESULT=PASS
INFO: [Labtools 27-1434] Device xc7a35t (JTAG device index = 0) is programmed with a design that has no supported soft debug core(s) in it.
SAMPLE_4_MONOTONIC_MS=1788646470763
SAMPLE_4_TARGET_COUNT=1
SAMPLE_4_DEVICE_COUNT=1
SAMPLE_4_TARGET_PATH=localhost:3121/xilinx_tcf/Xilinx/80802026a98b01
SAMPLE_4_CANONICAL_ID=Xilinx/80802026a98b01
SAMPLE_4_PART=xc7a35t
SAMPLE_4_IDCODE=0362D093
SAMPLE_4_DONE=1
SAMPLE_4_REFRESH_RESULT=PASS
INFO: [Labtools 27-1434] Device xc7a35t (JTAG device index = 0) is programmed with a design that has no supported soft debug core(s) in it.
SAMPLE_5_MONOTONIC_MS=1788646471590
SAMPLE_5_TARGET_COUNT=1
SAMPLE_5_DEVICE_COUNT=1
SAMPLE_5_TARGET_PATH=localhost:3121/xilinx_tcf/Xilinx/80802026a98b01
SAMPLE_5_CANONICAL_ID=Xilinx/80802026a98b01
SAMPLE_5_PART=xc7a35t
SAMPLE_5_IDCODE=0362D093
SAMPLE_5_DONE=1
SAMPLE_5_REFRESH_RESULT=PASS
SESSION_SAMPLE_COUNT=5
SESSION_GATE=PASS
R6_JTAG_SESSION_END_UTC=2026-09-05T22:14:31Z
INFO: [Labtoolstcl 44-464] Closing hw_target localhost:3121/xilinx_tcf/Xilinx/80802026a98b01
FPGA_PROGRAM_OPERATIONS_THIS_SESSION=0
INFO: [Common 17-206] Exiting Vivado at Sun Sep  6 00:14:31 2026...
