#-----------------------------------------------------------
# Vivado v2025.2 (64-bit)
# SW Build 6299465 on Fri Nov 14 19:35:11 GMT 2025
# IP Build 6300035 on Fri Nov 14 10:48:45 MST 2025
# SharedData Build 6298862 on Thu Nov 13 04:50:51 MST 2025
# Start of session at: Sat Sep  5 23:58:34 2026
# Process ID         : 12020
# Current directory  : C:/FPGA/G2B_HW0_PRODUCT_R1_20260905/raw
# Command line       : vivado.exe -mode batch -notrace -nojournal -log C:\FPGA\G2B_HW0_PRODUCT_R1_20260905\raw\JTAG_INVENTORY_VIVADO.log -source C:\FPGA\G2B_HW0_PRODUCT_R1_20260905\tools\jtag_inventory_readonly.tcl
# Log file           : C:/FPGA/G2B_HW0_PRODUCT_R1_20260905/raw/JTAG_INVENTORY_VIVADO.log
# Journal file       : 
# Running On         : NBLSUDUL
# Platform           : Windows Server 2016 or Windows 10
# Operating System   : 19045
# Processor Detail   : Intel(R) Core(TM) i7-7500U CPU @ 2.70GHz
# CPU Frequency      : 2904 MHz
# CPU Physical cores : 2
# CPU Logical cores  : 4
# Host memory        : 17028 MB
# Swap memory        : 6174 MB
# Total Virtual      : 23202 MB
# Available Virtual  : 12341 MB
#-----------------------------------------------------------
WARNING: [Runs 36-547] User Strategy 'Vivado Implementation Defaults' from file 'C:\Users\£ukasz Sudu³\AppData\Roaming/Xilinx/Vivado/2025.2/strategies/Vivado Implementation Defaults.Vivado Implementation 2025.psg' discarded because strategy with same name already parsed from 'C:/AMDDesignTools/2025.2/Vivado/strategies/VDI2025.psg'
source {C:\FPGA\G2B_HW0_PRODUCT_R1_20260905\tools\jtag_inventory_readonly.tcl} -notrace
TASK_ID=G2B-HW0-PRODUCT-R1
PHASE=READ_ONLY_JTAG_INVENTORY
UTC=2026-09-05T21:59:03Z
EXPECTED_TARGET=localhost:3121/xilinx_tcf/Digilent/210241768436
EXPECTED_PART=xc7a35t
EXPECTED_IDCODE=0362D093
PROGRAM_FILE_ASSIGNMENTS=0
FPGA_SRAM_PROGRAMS_THIS_SCRIPT=0
FLASH_OPERATIONS_THIS_SCRIPT=0
CFGMEM_OPERATIONS_THIS_SCRIPT=0
PROGRAM_B_OPERATIONS_THIS_SCRIPT=0
open_hw_manager: Time (s): cpu = 00:00:34 ; elapsed = 00:00:28 . Memory (MB): peak = 540.285 ; gain = 226.125
INFO: [Labtools 27-2285] Connecting to hw_server url TCP:localhost:3121
INFO: [Labtools 27-2222] Launching hw_server...
INFO: [Labtools 27-2221] Launch Output:

****** Xilinx hw_server v2025.2
  **** Build date : Oct 28 2025 at 10:03:13
    ** Copyright 1986-2022 Xilinx, Inc. All Rights Reserved.


INFO: [Labtools 27-3415] Connecting to cs_server url TCP:localhost:0
INFO: [Labtools 27-3417] Launching cs_server...
INFO: [Labtools 27-2221] Launch Output:


******** Xilinx cs_server v2025.2.0
  ****** Build date   : Nov 14 2025-00:16:52
    **** Build number : 2025.2.1763075812
      ** Copyright 2017-2022 Xilinx, Inc. All Rights Reserved.
      ** Copyright 2022-2026 Advanced Micro Devices, Inc. All Rights Reserved.



connect_hw_server: Time (s): cpu = 00:00:02 ; elapsed = 00:00:22 . Memory (MB): peak = 545.258 ; gain = 4.973
JTAG_TARGET_COUNT=1
DISCOVERED_JTAG_TARGET=localhost:3121/xilinx_tcf/Xilinx/80802026a98b01
INTENDED_TARGET_MATCH_COUNT=0
ERROR=expected one exact HS2 target; found 0
ERROR_OPTIONS=-code 1 -level 0 -errorstack {INNER {returnImm {expected one exact HS2 target; found 0} {}}} -errorcode NONE -errorinfo {expected one exact HS2 target; found 0
    while executing
"error "expected one exact HS2 target; found [llength $matches]""} -errorline 10
READ_ONLY_JTAG_INVENTORY=FAIL
INFO: [Labtoolstcl 44-464] Closing hw_target localhost:3121/xilinx_tcf/Xilinx/80802026a98b01
INFO: [Labtoolstcl 44-468] Target hw_target localhost:3121/xilinx_tcf/Xilinx/80802026a98b01 is already closed
INFO: [Common 17-206] Exiting Vivado at Sat Sep  5 23:59:55 2026...
