UTC_START=2026-09-05T21:57:30.5815489Z
UTC_END=2026-09-05T21:57:31.7077766Z
EVIDENCE_KIND=G2B_HW0_PRODUCT_R1_LINUX_LOCK_ACQUIRE
RESULT=PASS
EXIT_CODE=0
ARGUMENT_TOKEN_AUDIT=PASS
PLINK_PW_OPTION_USED=NO
PLINK_PWFILE_OPTION_USED=YES
USERNAME_ROLE_OCCURRENCE=YES_AUTHORIZED
PASSWORD_ROLE_ARGUMENT_OCCURRENCE=NO
REMOTE_COMMAND_SHARED_LITERAL=NO
INHERITED_ENVIRONMENT_AUDIT=PASS
PWFILE_CREATED=YES
PWFILE_DELETED=YES
STDOUT_BEGIN
LINUX_LOCK=HELD
LINUX_LOCK_PATH=/tmp/ahd-g2b-hw0-product-r1.lock
STDOUT_END
STDERR_BEGIN

STDERR_END
