UTC_START=2026-09-05T22:03:03.3723257Z
UTC_END=2026-09-05T22:03:04.2114748Z
EVIDENCE_KIND=G2B_HW0_PRODUCT_R1_LINUX_LOCK_PREPROGRAM_VERIFY
RESULT=PASS
EXIT_CODE=0
ARGUMENT_TOKEN_AUDIT=PASS
PLINK_PW_OPTION_USED=NO
PLINK_PWFILE_OPTION_USED=YES
USERNAME_ROLE_OCCURRENCE=YES_AUTHORIZED
PASSWORD_ROLE_ARGUMENT_OCCURRENCE=NO
REMOTE_COMMAND_SHARED_LITERAL=NO
INHERITED_ENVIRONMENT_AUDIT=PASS
PWFILE_CREATED=YES
PWFILE_DELETED=YES
STDOUT_BEGIN
LINUX_LOCK=HELD
12f12a19d6e6320e9507acc18a4e1af54142778d7ae934fb69896f9a5d0d7520  /tmp/ahd-g2b-hw0-product-r1.lock/receipt.json
STDOUT_END
STDERR_BEGIN

STDERR_END
