TASK_ID=G2B-HW0-PRODUCT-R1
MODE=LOCAL_AUTHORITY_AND_CANDIDATE_READ_ONLY_VERIFICATION
UTC=2026-09-05T22:21:45.6450615Z
EVIDENCE_HEAD=be8e5c6a875d5f4c21717d1fa8b5ae6419d3f8c2
EVIDENCE_TREE=3d1aa7f96d682706d858e796a6c63e3f198edc28
EVIDENCE_BRANCH=main
EVIDENCE_REMOTE_MAIN=be8e5c6a875d5f4c21717d1fa8b5ae6419d3f8c2
EVIDENCE_TRACKED_STATUS=CLEAN
EVIDENCE_PREEXISTING_UNTRACKED_ROOTS=.diag0-work/;.meta8a-work/
SOURCE_HEAD=92e9b3d914134c044371779def1ee18eaaeda98a
SOURCE_TREE=cf6bf82249c90782eab1978c68541ed9c0e6430b
SOURCE_BRANCH=integration/v41-g2b-onech-c2h
SOURCE_REMOTE_BRANCH=92e9b3d914134c044371779def1ee18eaaeda98a
SOURCE_TRACKED_STATUS=CLEAN
PROJECT_STATE_REVISION=8
SSOT_MANIFEST_ENTRIES=18
SSOT_MANIFEST_MISMATCHES=0
SSOT_MANIFEST_EXPECTED_COUNT=18
SSOT_MANIFEST_RESULT=PASS
META8A_MANIFEST_ENTRIES=32
META8A_MANIFEST_MISMATCHES=0
META8A_MANIFEST_EXPECTED_COUNT=32
META8A_MANIFEST_RESULT=PASS
RECOVERY4_MANIFEST_ENTRIES=181
RECOVERY4_MANIFEST_MISMATCHES=0
RECOVERY4_MANIFEST_EXPECTED_COUNT=181
RECOVERY4_MANIFEST_RESULT=PASS
PREVIOUS_HW0_MANIFEST_ENTRIES=11
PREVIOUS_HW0_MANIFEST_MISMATCHES=0
PREVIOUS_HW0_MANIFEST_EXPECTED_COUNT=11
PREVIOUS_HW0_MANIFEST_RESULT=PASS
BITSTREAM_PATH=C:\FPGA\G2B_LUT1_SIGNOFF_RECOVERY4_20260905_112316\G2B_PRODUCT_RECOVERY4.bit
BITSTREAM_BYTES=2192144
BITSTREAM_SHA256=AF10C6108B5D99AD239E0F0008ACF7C790333CA1FDD69FD775394091CDEEF4B7
BITSTREAM_RESULT=PASS
DCP_PATH=C:\FPGA\G2B_LUT1_SIGNOFF_RECOVERY4_20260905_112316\G2B_PRODUCT_SIGNED_OFF.dcp
DCP_BYTES=15726324
DCP_SHA256=95587CCEE934942C4745EC10EB6367D7C212DDB116B94A32C2B6D973AA29A175
DCP_RESULT=PASS
PROJECT_STATE_MODIFIED=NO
SOURCE_TRACKED_FILES_MODIFIED=NO
ACTIVE_XDC_MODIFIED=NO
LOCAL_AUTHORITY_VERIFICATION=PASS
