#-----------------------------------------------------------
# Vivado v2025.2 (64-bit)
# SW Build 6299465 on Fri Nov 14 19:35:11 GMT 2025
# IP Build 6300035 on Fri Nov 14 10:48:45 MST 2025
# SharedData Build 6298862 on Thu Nov 13 04:50:51 MST 2025
# Start of session at: Sun Sep  6 00:03:25 2026
# Process ID         : 1464
# Current directory  : C:/FPGA/G2B_HW0_PRODUCT_R1_20260905/raw
# Command line       : vivado.exe -mode batch -notrace -nojournal -log C:\FPGA\G2B_HW0_PRODUCT_R1_20260905\raw\PROGRAM_G2B_PRODUCT_R1_ONCE_VIVADO.log -source C:\FPGA\G2B_HW0_PRODUCT_R1_20260905\tools\program_g2b_product_r1_once.tcl -tclargs C:\FPGA\G2B_LUT1_SIGNOFF_RECOVERY4_20260905_112316\G2B_PRODUCT_RECOVERY4.bit G2B_PRODUCT_RECOVERY4.bit 2192144 AF10C6108B5D99AD239E0F0008ACF7C790333CA1FDD69FD775394091CDEEF4B7
# Log file           : C:/FPGA/G2B_HW0_PRODUCT_R1_20260905/raw/PROGRAM_G2B_PRODUCT_R1_ONCE_VIVADO.log
# Journal file       : 
# Running On         : NBLSUDUL
# Platform           : Windows Server 2016 or Windows 10
# Operating System   : 19045
# Processor Detail   : Intel(R) Core(TM) i7-7500U CPU @ 2.70GHz
# CPU Frequency      : 2904 MHz
# CPU Physical cores : 2
# CPU Logical cores  : 4
# Host memory        : 17028 MB
# Swap memory        : 6174 MB
# Total Virtual      : 23202 MB
# Available Virtual  : 12302 MB
#-----------------------------------------------------------
WARNING: [Runs 36-547] User Strategy 'Vivado Implementation Defaults' from file 'C:\Users\£ukasz Sudu³\AppData\Roaming/Xilinx/Vivado/2025.2/strategies/Vivado Implementation Defaults.Vivado Implementation 2025.psg' discarded because strategy with same name already parsed from 'C:/AMDDesignTools/2025.2/Vivado/strategies/VDI2025.psg'
source {C:\FPGA\G2B_HW0_PRODUCT_R1_20260905\tools\program_g2b_product_r1_once.tcl} -notrace
TASK_ID=G2B-HW0-PRODUCT-R1
PROGRAM_ROLE=G2B_PRODUCT_R1_EXACT_CANDIDATE
PROGRAMMED_STORAGE=FPGA_SRAM_VOLATILE_ONLY
FLASH_OPERATIONS_THIS_SCRIPT=0
CFGMEM_OPERATIONS_THIS_SCRIPT=0
PROGRAM_B_OPERATIONS_THIS_SCRIPT=0
AUTOMATIC_RETRY_ALLOWED=NO
BIT_PATH=C:/FPGA/G2B_LUT1_SIGNOFF_RECOVERY4_20260905_112316/G2B_PRODUCT_RECOVERY4.bit
BIT_FILENAME=G2B_PRODUCT_RECOVERY4.bit
BIT_SIZE=2192144
BIT_SHA256_EXPECTED=AF10C6108B5D99AD239E0F0008ACF7C790333CA1FDD69FD775394091CDEEF4B7
BIT_SHA256_VERIFICATION=WINDOWS_SUPERVISOR_PASS_REQUIRED
PREPROGRAM_SAMPLE_COUNT_EXPECTED=5
open_hw_manager: Time (s): cpu = 00:00:15 ; elapsed = 00:00:13 . Memory (MB): peak = 536.680 ; gain = 223.375
INFO: [Labtools 27-2285] Connecting to hw_server url TCP:localhost:3121
INFO: [Labtools 27-2222] Launching hw_server...
INFO: [Labtools 27-2221] Launch Output:

****** Xilinx hw_server v2025.2
  **** Build date : Oct 28 2025 at 10:03:13
    ** Copyright 1986-2022 Xilinx, Inc. All Rights Reserved.


INFO: [Labtools 27-3415] Connecting to cs_server url TCP:localhost:0
INFO: [Labtools 27-3417] Launching cs_server...
INFO: [Labtools 27-2221] Launch Output:


******** Xilinx cs_server v2025.2.0
  ****** Build date   : Nov 14 2025-00:16:52
    **** Build number : 2025.2.1763075812
      ** Copyright 2017-2022 Xilinx, Inc. All Rights Reserved.
      ** Copyright 2022-2026 Advanced Micro Devices, Inc. All Rights Reserved.



connect_hw_server: Time (s): cpu = 00:00:00 ; elapsed = 00:00:10 . Memory (MB): peak = 541.613 ; gain = 4.934
R6_ENUMERATED_TARGET_0_PATH=localhost:3121/xilinx_tcf/Xilinx/80802026a98b01
R6_ENUMERATED_TARGET_0_PROPERTY_COUNT=13
R6_ENUMERATED_TARGET_0_PROPERTY_0_NAME=CLASS
R6_ENUMERATED_TARGET_0_PROPERTY_0_VALUE=hw_target
R6_ENUMERATED_TARGET_0_PROPERTY_1_NAME=DEVICE_COUNT
R6_ENUMERATED_TARGET_0_PROPERTY_1_VALUE=0
R6_ENUMERATED_TARGET_0_PROPERTY_2_NAME=HW_JTAG
R6_ENUMERATED_TARGET_0_PROPERTY_2_VALUE=
R6_ENUMERATED_TARGET_0_PROPERTY_3_NAME=IS_OPENED
R6_ENUMERATED_TARGET_0_PROPERTY_3_VALUE=0
R6_ENUMERATED_TARGET_0_PROPERTY_4_NAME=IS_STAPL
R6_ENUMERATED_TARGET_0_PROPERTY_4_VALUE=0
R6_ENUMERATED_TARGET_0_PROPERTY_5_NAME=IS_SVF
R6_ENUMERATED_TARGET_0_PROPERTY_5_VALUE=0
R6_ENUMERATED_TARGET_0_PROPERTY_6_NAME=MAX_DEVICE_COUNT
R6_ENUMERATED_TARGET_0_PROPERTY_6_VALUE=32
R6_ENUMERATED_TARGET_0_PROPERTY_7_NAME=NAME
R6_ENUMERATED_TARGET_0_PROPERTY_7_VALUE=localhost:3121/xilinx_tcf/Xilinx/80802026a98b01
R6_ENUMERATED_TARGET_0_PROPERTY_8_NAME=PARAM.DEVICE
R6_ENUMERATED_TARGET_0_PROPERTY_8_VALUE=jsn-DLC10-80802026a98b01
R6_ENUMERATED_TARGET_0_PROPERTY_9_NAME=PARAM.FREQUENCY
R6_ENUMERATED_TARGET_0_PROPERTY_9_VALUE=6000000
R6_ENUMERATED_TARGET_0_PROPERTY_10_NAME=PARAM.TYPE
R6_ENUMERATED_TARGET_0_PROPERTY_10_VALUE=xilinx_tcf
R6_ENUMERATED_TARGET_0_PROPERTY_11_NAME=TID
R6_ENUMERATED_TARGET_0_PROPERTY_11_VALUE=jsn-DLC10-80802026a98b01
R6_ENUMERATED_TARGET_0_PROPERTY_12_NAME=UID
R6_ENUMERATED_TARGET_0_PROPERTY_12_VALUE=Xilinx/80802026a98b01
R6_TOTAL_TARGET_COUNT=1
R6_EXACT_CANONICAL_MATCH_COUNT=1
R6_TARGET_SELECTOR_STATUS=PASS
R6_SELECTED_JTAG_CANONICAL_ID=Xilinx/80802026a98b01
R6_FULL_JTAG_TARGET_PATH=localhost:3121/xilinx_tcf/Xilinx/80802026a98b01
R6_TARGET_MATCH_MODE=EXACT_CANONICAL_ID_OR_EXACT_PATH_SUFFIX
R6_FALLBACK_TO_FIRST_TARGET=NO
R6_LEGACY_HS2_REQUIRED=NO
FULL_JTAG_TARGET_PATH=localhost:3121/xilinx_tcf/Xilinx/80802026a98b01
INFO: [Labtoolstcl 44-466] Opening hw_target localhost:3121/xilinx_tcf/Xilinx/80802026a98b01
JTAG_DEVICE_COUNT=1
INFO: [Labtools 27-1435] Device xc7a35t (JTAG device index = 0) is not programmed (DONE status = 0).
PREPROGRAM_SAMPLE_1_PART=xc7a35t
PREPROGRAM_SAMPLE_1_IDCODE=0362D093
PREPROGRAM_DONE_SAMPLE_1=0
INFO: [Labtools 27-1435] Device xc7a35t (JTAG device index = 0) is not programmed (DONE status = 0).
PREPROGRAM_SAMPLE_2_PART=xc7a35t
PREPROGRAM_SAMPLE_2_IDCODE=0362D093
PREPROGRAM_DONE_SAMPLE_2=0
INFO: [Labtools 27-1435] Device xc7a35t (JTAG device index = 0) is not programmed (DONE status = 0).
PREPROGRAM_SAMPLE_3_PART=xc7a35t
PREPROGRAM_SAMPLE_3_IDCODE=0362D093
PREPROGRAM_DONE_SAMPLE_3=0
INFO: [Labtools 27-1435] Device xc7a35t (JTAG device index = 0) is not programmed (DONE status = 0).
PREPROGRAM_SAMPLE_4_PART=xc7a35t
PREPROGRAM_SAMPLE_4_IDCODE=0362D093
PREPROGRAM_DONE_SAMPLE_4=0
INFO: [Labtools 27-1435] Device xc7a35t (JTAG device index = 0) is not programmed (DONE status = 0).
PREPROGRAM_SAMPLE_5_PART=xc7a35t
PREPROGRAM_SAMPLE_5_IDCODE=0362D093
PREPROGRAM_DONE_SAMPLE_5=0
PREPROGRAM_DONE_SAMPLES=0,0,0,0,0
PROGRAM_PRECONDITION=PASS_EXACT_TARGET_DEVICE_STABLE_DONE
PROGRAM_START_UTC=2026-09-05T22:03:58Z
PROGRAM_INVOCATION_CONSUMED=1
INFO: [Labtools 27-3164] End of startup status: HIGH
program_hw_devices: Time (s): cpu = 00:00:06 ; elapsed = 00:00:06 . Memory (MB): peak = 602.723 ; gain = 0.504
PROGRAM_COMMAND_RETURNED_UTC=2026-09-05T22:04:05Z
INFO: [Labtools 27-1434] Device xc7a35t (JTAG device index = 0) is programmed with a design that has no supported soft debug core(s) in it.
POSTPROGRAM_FPGA_PART=xc7a35t
POSTPROGRAM_FPGA_IDCODE=0362D093
POSTPROGRAM_FPGA_DONE=1
PROGRAM_END_UTC=2026-09-05T22:04:05Z
PROGRAM_INVOCATIONS=1
PROGRAM_TCL_RESULT=PASS_DONE_1
INFO: [Labtoolstcl 44-464] Closing hw_target localhost:3121/xilinx_tcf/Xilinx/80802026a98b01
INFO: [Common 17-206] Exiting Vivado at Sun Sep  6 00:04:05 2026...
