Vivado Simulator v2025.2
Copyright 1986-2022 Xilinx, Inc. All Rights Reserved.
Copyright 2022-2025 Advanced Micro Devices, Inc. All Rights Reserved.
Running: C:/AMDDesignTools/2025.2/Vivado/bin/unwrapped/win64.o/xelab.exe ahd_capture_top_xdma glbl -L unisims_ver -L xpm -debug typical -s r1h_top_integration_snapshot --log xelab.log 
Multi-threading is on. Using 2 slave threads.
Starting static elaboration
Pass Through NonSizing Optimizer
WARNING: [VRFC 10-8759] array bounds of function return type do not match array bounds of function return value [C:/FPGA/WORKTREES/V41_NVP_R1H_BRAM_BACKED_LARGE_SAMPLE/rtl/nvp/nvp6134c_diagnostics_pkg.vhd:479]
WARNING: [VRFC 10-8759] array bounds of function return type do not match array bounds of function return value [C:/FPGA/WORKTREES/V41_NVP_R1H_BRAM_BACKED_LARGE_SAMPLE/rtl/nvp/nvp6134c_diagnostics_pkg.vhd:480]
WARNING: [VRFC 10-8759] array bounds of function return type do not match array bounds of function return value [C:/FPGA/WORKTREES/V41_NVP_R1H_BRAM_BACKED_LARGE_SAMPLE/rtl/nvp/nvp6134c_diagnostics_pkg.vhd:481]
WARNING: [VRFC 10-8759] array bounds of function return type do not match array bounds of function return value [C:/FPGA/WORKTREES/V41_NVP_R1H_BRAM_BACKED_LARGE_SAMPLE/rtl/nvp/nvp6134c_diagnostics_pkg.vhd:482]
WARNING: [VRFC 10-8759] array bounds of function return type do not match array bounds of function return value [C:/FPGA/WORKTREES/V41_NVP_R1H_BRAM_BACKED_LARGE_SAMPLE/rtl/nvp/nvp6134c_diagnostics_pkg.vhd:484]
WARNING: [VRFC 10-8759] array bounds of function return type do not match array bounds of function return value [C:/FPGA/WORKTREES/V41_NVP_R1H_BRAM_BACKED_LARGE_SAMPLE/rtl/nvp/nvp6134c_diagnostics_pkg.vhd:485]
WARNING: [VRFC 10-8759] array bounds of function return type do not match array bounds of function return value [C:/FPGA/WORKTREES/V41_NVP_R1H_BRAM_BACKED_LARGE_SAMPLE/rtl/nvp/nvp6134c_diagnostics_pkg.vhd:400]
WARNING: [VRFC 10-8759] array bounds of function return type do not match array bounds of function return value [C:/FPGA/WORKTREES/V41_NVP_R1H_BRAM_BACKED_LARGE_SAMPLE/rtl/nvp/nvp6134c_diagnostics_pkg.vhd:401]
WARNING: [VRFC 10-8759] array bounds of function return type do not match array bounds of function return value [C:/FPGA/WORKTREES/V41_NVP_R1H_BRAM_BACKED_LARGE_SAMPLE/rtl/nvp/nvp6134c_diagnostics_pkg.vhd:402]
WARNING: [VRFC 10-8759] array bounds of function return type do not match array bounds of function return value [C:/FPGA/WORKTREES/V41_NVP_R1H_BRAM_BACKED_LARGE_SAMPLE/rtl/nvp/nvp6134c_diagnostics_pkg.vhd:403]
WARNING: [VRFC 10-8759] array bounds of function return type do not match array bounds of function return value [C:/FPGA/WORKTREES/V41_NVP_R1H_BRAM_BACKED_LARGE_SAMPLE/rtl/nvp/nvp6134c_diagnostics_pkg.vhd:404]
WARNING: [VRFC 10-8759] array bounds of function return type do not match array bounds of function return value [C:/FPGA/WORKTREES/V41_NVP_R1H_BRAM_BACKED_LARGE_SAMPLE/rtl/nvp/nvp6134c_diagnostics_pkg.vhd:405]
WARNING: [VRFC 10-8759] array bounds of function return type do not match array bounds of function return value [C:/FPGA/WORKTREES/V41_NVP_R1H_BRAM_BACKED_LARGE_SAMPLE/rtl/nvp/nvp6134c_diagnostics_pkg.vhd:406]
WARNING: [VRFC 10-8759] array bounds of function return type do not match array bounds of function return value [C:/FPGA/WORKTREES/V41_NVP_R1H_BRAM_BACKED_LARGE_SAMPLE/rtl/nvp/nvp6134c_diagnostics_pkg.vhd:407]
WARNING: [VRFC 10-8759] array bounds of function return type do not match array bounds of function return value [C:/FPGA/WORKTREES/V41_NVP_R1H_BRAM_BACKED_LARGE_SAMPLE/rtl/nvp/nvp6134c_diagnostics_pkg.vhd:419]
WARNING: [VRFC 10-8759] array bounds of function return type do not match array bounds of function return value [C:/FPGA/WORKTREES/V41_NVP_R1H_BRAM_BACKED_LARGE_SAMPLE/rtl/nvp/nvp6134c_diagnostics_pkg.vhd:420]
WARNING: [VRFC 10-8759] array bounds of function return type do not match array bounds of function return value [C:/FPGA/WORKTREES/V41_NVP_R1H_BRAM_BACKED_LARGE_SAMPLE/rtl/nvp/nvp6134c_diagnostics_pkg.vhd:421]
WARNING: [VRFC 10-8759] array bounds of function return type do not match array bounds of function return value [C:/FPGA/WORKTREES/V41_NVP_R1H_BRAM_BACKED_LARGE_SAMPLE/rtl/nvp/nvp6134c_diagnostics_pkg.vhd:422]
WARNING: [VRFC 10-8759] array bounds of function return type do not match array bounds of function return value [C:/FPGA/WORKTREES/V41_NVP_R1H_BRAM_BACKED_LARGE_SAMPLE/rtl/nvp/nvp6134c_diagnostics_pkg.vhd:187]
WARNING: [VRFC 10-8759] array bounds of function return type do not match array bounds of function return value [C:/FPGA/WORKTREES/V41_NVP_R1H_BRAM_BACKED_LARGE_SAMPLE/rtl/nvp/nvp6134c_diagnostics_pkg.vhd:423]
WARNING: [VRFC 10-8759] array bounds of function return type do not match array bounds of function return value [C:/FPGA/WORKTREES/V41_NVP_R1H_BRAM_BACKED_LARGE_SAMPLE/rtl/nvp/nvp6134c_diagnostics_pkg.vhd:424]
WARNING: [VRFC 10-8759] array bounds of function return type do not match array bounds of function return value [C:/FPGA/WORKTREES/V41_NVP_R1H_BRAM_BACKED_LARGE_SAMPLE/rtl/nvp/nvp6134c_diagnostics_pkg.vhd:425]
WARNING: [VRFC 10-8759] array bounds of function return type do not match array bounds of function return value [C:/FPGA/WORKTREES/V41_NVP_R1H_BRAM_BACKED_LARGE_SAMPLE/rtl/nvp/nvp6134c_diagnostics_pkg.vhd:426]
WARNING: [VRFC 10-8759] array bounds of function return type do not match array bounds of function return value [C:/FPGA/WORKTREES/V41_NVP_R1H_BRAM_BACKED_LARGE_SAMPLE/rtl/nvp/nvp6134c_diagnostics_pkg.vhd:429]
WARNING: [VRFC 10-8759] array bounds of function return type do not match array bounds of function return value [C:/FPGA/WORKTREES/V41_NVP_R1H_BRAM_BACKED_LARGE_SAMPLE/rtl/nvp/nvp6134c_diagnostics_pkg.vhd:430]
WARNING: [VRFC 10-8759] array bounds of function return type do not match array bounds of function return value [C:/FPGA/WORKTREES/V41_NVP_R1H_BRAM_BACKED_LARGE_SAMPLE/rtl/nvp/nvp6134c_diagnostics_pkg.vhd:431]
WARNING: [VRFC 10-8759] array bounds of function return type do not match array bounds of function return value [C:/FPGA/WORKTREES/V41_NVP_R1H_BRAM_BACKED_LARGE_SAMPLE/rtl/nvp/nvp6134c_diagnostics_pkg.vhd:432]
WARNING: [VRFC 10-8759] array bounds of function return type do not match array bounds of function return value [C:/FPGA/WORKTREES/V41_NVP_R1H_BRAM_BACKED_LARGE_SAMPLE/rtl/nvp/nvp6134c_diagnostics_pkg.vhd:433]
WARNING: [VRFC 10-8759] array bounds of function return type do not match array bounds of function return value [C:/FPGA/WORKTREES/V41_NVP_R1H_BRAM_BACKED_LARGE_SAMPLE/rtl/nvp/nvp6134c_diagnostics_pkg.vhd:434]
WARNING: [VRFC 10-8759] array bounds of function return type do not match array bounds of function return value [C:/FPGA/WORKTREES/V41_NVP_R1H_BRAM_BACKED_LARGE_SAMPLE/rtl/nvp/nvp6134c_diagnostics_pkg.vhd:435]
WARNING: [VRFC 10-8759] array bounds of function return type do not match array bounds of function return value [C:/FPGA/WORKTREES/V41_NVP_R1H_BRAM_BACKED_LARGE_SAMPLE/rtl/nvp/nvp6134c_diagnostics_pkg.vhd:437]
WARNING: [VRFC 10-8759] array bounds of function return type do not match array bounds of function return value [C:/FPGA/WORKTREES/V41_NVP_R1H_BRAM_BACKED_LARGE_SAMPLE/rtl/nvp/nvp6134c_diagnostics_pkg.vhd:444]
WARNING: [VRFC 10-8759] array bounds of function return type do not match array bounds of function return value [C:/FPGA/WORKTREES/V41_NVP_R1H_BRAM_BACKED_LARGE_SAMPLE/rtl/nvp/nvp6134c_diagnostics_pkg.vhd:445]
WARNING: [VRFC 10-8759] array bounds of function return type do not match array bounds of function return value [C:/FPGA/WORKTREES/V41_NVP_R1H_BRAM_BACKED_LARGE_SAMPLE/rtl/nvp/nvp6134c_diagnostics_pkg.vhd:446]
WARNING: [VRFC 10-8759] array bounds of function return type do not match array bounds of function return value [C:/FPGA/WORKTREES/V41_NVP_R1H_BRAM_BACKED_LARGE_SAMPLE/rtl/nvp/nvp6134c_diagnostics_pkg.vhd:447]
WARNING: [VRFC 10-8759] array bounds of function return type do not match array bounds of function return value [C:/FPGA/WORKTREES/V41_NVP_R1H_BRAM_BACKED_LARGE_SAMPLE/rtl/nvp/nvp6134c_diagnostics_pkg.vhd:448]
WARNING: [VRFC 10-8759] array bounds of function return type do not match array bounds of function return value [C:/FPGA/WORKTREES/V41_NVP_R1H_BRAM_BACKED_LARGE_SAMPLE/rtl/nvp/nvp6134c_diagnostics_pkg.vhd:449]
WARNING: [VRFC 10-8759] array bounds of function return type do not match array bounds of function return value [C:/FPGA/WORKTREES/V41_NVP_R1H_BRAM_BACKED_LARGE_SAMPLE/rtl/nvp/nvp6134c_diagnostics_pkg.vhd:450]
WARNING: [VRFC 10-8759] array bounds of function return type do not match array bounds of function return value [C:/FPGA/WORKTREES/V41_NVP_R1H_BRAM_BACKED_LARGE_SAMPLE/rtl/nvp/nvp6134c_diagnostics_pkg.vhd:451]
WARNING: [VRFC 10-8759] array bounds of function return type do not match array bounds of function return value [C:/FPGA/WORKTREES/V41_NVP_R1H_BRAM_BACKED_LARGE_SAMPLE/rtl/nvp/nvp6134c_diagnostics_pkg.vhd:452]
WARNING: [VRFC 10-8759] array bounds of function return type do not match array bounds of function return value [C:/FPGA/WORKTREES/V41_NVP_R1H_BRAM_BACKED_LARGE_SAMPLE/rtl/nvp/nvp6134c_diagnostics_pkg.vhd:453]
WARNING: [VRFC 10-8759] array bounds of function return type do not match array bounds of function return value [C:/FPGA/WORKTREES/V41_NVP_R1H_BRAM_BACKED_LARGE_SAMPLE/rtl/nvp/nvp6134c_diagnostics_pkg.vhd:454]
WARNING: [VRFC 10-8759] array bounds of function return type do not match array bounds of function return value [C:/FPGA/WORKTREES/V41_NVP_R1H_BRAM_BACKED_LARGE_SAMPLE/rtl/nvp/nvp6134c_diagnostics_pkg.vhd:455]
WARNING: [VRFC 10-8759] array bounds of function return type do not match array bounds of function return value [C:/FPGA/WORKTREES/V41_NVP_R1H_BRAM_BACKED_LARGE_SAMPLE/rtl/nvp/nvp6134c_diagnostics_pkg.vhd:456]
WARNING: [VRFC 10-8759] array bounds of function return type do not match array bounds of function return value [C:/FPGA/WORKTREES/V41_NVP_R1H_BRAM_BACKED_LARGE_SAMPLE/rtl/nvp/nvp6134c_diagnostics_pkg.vhd:457]
WARNING: [VRFC 10-8759] array bounds of function return type do not match array bounds of function return value [C:/FPGA/WORKTREES/V41_NVP_R1H_BRAM_BACKED_LARGE_SAMPLE/rtl/nvp/nvp6134c_diagnostics_pkg.vhd:458]
WARNING: [VRFC 10-8759] array bounds of function return type do not match array bounds of function return value [C:/FPGA/WORKTREES/V41_NVP_R1H_BRAM_BACKED_LARGE_SAMPLE/rtl/nvp/nvp6134c_diagnostics_pkg.vhd:459]
ERROR: [VRFC 10-3823] variable 'r1f_record_read_index' might have multiple concurrent drivers [C:/FPGA/WORKTREES/V41_NVP_R1H_BRAM_BACKED_LARGE_SAMPLE/rtl/top/ahd_capture_top_xdma.sv:866]
ERROR: [VRFC 10-3823] variable 'r1f_record_read_word' might have multiple concurrent drivers [C:/FPGA/WORKTREES/V41_NVP_R1H_BRAM_BACKED_LARGE_SAMPLE/rtl/top/ahd_capture_top_xdma.sv:867]
ERROR: [XSIM 43-3322] Static elaboration of top level Verilog design unit(s) in library work failed.
