Vivado Simulator v2025.2
Copyright 1986-2022 Xilinx, Inc. All Rights Reserved.
Copyright 2022-2025 Advanced Micro Devices, Inc. All Rights Reserved.
Running: C:/AMDDesignTools/2025.2/Vivado/bin/unwrapped/win64.o/xelab.exe ahd_capture_top_xdma glbl -L unisims_ver -L xpm -debug typical -s r1h_top_integration_snapshot_v2 --log xelab_v2.log 
Multi-threading is on. Using 2 slave threads.
Starting static elaboration
Pass Through NonSizing Optimizer
WARNING: [VRFC 10-8759] array bounds of function return type do not match array bounds of function return value [C:/FPGA/WORKTREES/V41_NVP_R1H_BRAM_BACKED_LARGE_SAMPLE/rtl/nvp/nvp6134c_diagnostics_pkg.vhd:479]
WARNING: [VRFC 10-8759] array bounds of function return type do not match array bounds of function return value [C:/FPGA/WORKTREES/V41_NVP_R1H_BRAM_BACKED_LARGE_SAMPLE/rtl/nvp/nvp6134c_diagnostics_pkg.vhd:480]
WARNING: [VRFC 10-8759] array bounds of function return type do not match array bounds of function return value [C:/FPGA/WORKTREES/V41_NVP_R1H_BRAM_BACKED_LARGE_SAMPLE/rtl/nvp/nvp6134c_diagnostics_pkg.vhd:481]
WARNING: [VRFC 10-8759] array bounds of function return type do not match array bounds of function return value [C:/FPGA/WORKTREES/V41_NVP_R1H_BRAM_BACKED_LARGE_SAMPLE/rtl/nvp/nvp6134c_diagnostics_pkg.vhd:482]
WARNING: [VRFC 10-8759] array bounds of function return type do not match array bounds of function return value [C:/FPGA/WORKTREES/V41_NVP_R1H_BRAM_BACKED_LARGE_SAMPLE/rtl/nvp/nvp6134c_diagnostics_pkg.vhd:484]
WARNING: [VRFC 10-8759] array bounds of function return type do not match array bounds of function return value [C:/FPGA/WORKTREES/V41_NVP_R1H_BRAM_BACKED_LARGE_SAMPLE/rtl/nvp/nvp6134c_diagnostics_pkg.vhd:485]
WARNING: [VRFC 10-8759] array bounds of function return type do not match array bounds of function return value [C:/FPGA/WORKTREES/V41_NVP_R1H_BRAM_BACKED_LARGE_SAMPLE/rtl/nvp/nvp6134c_diagnostics_pkg.vhd:400]
WARNING: [VRFC 10-8759] array bounds of function return type do not match array bounds of function return value [C:/FPGA/WORKTREES/V41_NVP_R1H_BRAM_BACKED_LARGE_SAMPLE/rtl/nvp/nvp6134c_diagnostics_pkg.vhd:401]
WARNING: [VRFC 10-8759] array bounds of function return type do not match array bounds of function return value [C:/FPGA/WORKTREES/V41_NVP_R1H_BRAM_BACKED_LARGE_SAMPLE/rtl/nvp/nvp6134c_diagnostics_pkg.vhd:402]
WARNING: [VRFC 10-8759] array bounds of function return type do not match array bounds of function return value [C:/FPGA/WORKTREES/V41_NVP_R1H_BRAM_BACKED_LARGE_SAMPLE/rtl/nvp/nvp6134c_diagnostics_pkg.vhd:403]
WARNING: [VRFC 10-8759] array bounds of function return type do not match array bounds of function return value [C:/FPGA/WORKTREES/V41_NVP_R1H_BRAM_BACKED_LARGE_SAMPLE/rtl/nvp/nvp6134c_diagnostics_pkg.vhd:404]
WARNING: [VRFC 10-8759] array bounds of function return type do not match array bounds of function return value [C:/FPGA/WORKTREES/V41_NVP_R1H_BRAM_BACKED_LARGE_SAMPLE/rtl/nvp/nvp6134c_diagnostics_pkg.vhd:405]
WARNING: [VRFC 10-8759] array bounds of function return type do not match array bounds of function return value [C:/FPGA/WORKTREES/V41_NVP_R1H_BRAM_BACKED_LARGE_SAMPLE/rtl/nvp/nvp6134c_diagnostics_pkg.vhd:406]
WARNING: [VRFC 10-8759] array bounds of function return type do not match array bounds of function return value [C:/FPGA/WORKTREES/V41_NVP_R1H_BRAM_BACKED_LARGE_SAMPLE/rtl/nvp/nvp6134c_diagnostics_pkg.vhd:407]
WARNING: [VRFC 10-8759] array bounds of function return type do not match array bounds of function return value [C:/FPGA/WORKTREES/V41_NVP_R1H_BRAM_BACKED_LARGE_SAMPLE/rtl/nvp/nvp6134c_diagnostics_pkg.vhd:419]
WARNING: [VRFC 10-8759] array bounds of function return type do not match array bounds of function return value [C:/FPGA/WORKTREES/V41_NVP_R1H_BRAM_BACKED_LARGE_SAMPLE/rtl/nvp/nvp6134c_diagnostics_pkg.vhd:420]
WARNING: [VRFC 10-8759] array bounds of function return type do not match array bounds of function return value [C:/FPGA/WORKTREES/V41_NVP_R1H_BRAM_BACKED_LARGE_SAMPLE/rtl/nvp/nvp6134c_diagnostics_pkg.vhd:421]
WARNING: [VRFC 10-8759] array bounds of function return type do not match array bounds of function return value [C:/FPGA/WORKTREES/V41_NVP_R1H_BRAM_BACKED_LARGE_SAMPLE/rtl/nvp/nvp6134c_diagnostics_pkg.vhd:422]
WARNING: [VRFC 10-8759] array bounds of function return type do not match array bounds of function return value [C:/FPGA/WORKTREES/V41_NVP_R1H_BRAM_BACKED_LARGE_SAMPLE/rtl/nvp/nvp6134c_diagnostics_pkg.vhd:187]
WARNING: [VRFC 10-8759] array bounds of function return type do not match array bounds of function return value [C:/FPGA/WORKTREES/V41_NVP_R1H_BRAM_BACKED_LARGE_SAMPLE/rtl/nvp/nvp6134c_diagnostics_pkg.vhd:423]
WARNING: [VRFC 10-8759] array bounds of function return type do not match array bounds of function return value [C:/FPGA/WORKTREES/V41_NVP_R1H_BRAM_BACKED_LARGE_SAMPLE/rtl/nvp/nvp6134c_diagnostics_pkg.vhd:424]
WARNING: [VRFC 10-8759] array bounds of function return type do not match array bounds of function return value [C:/FPGA/WORKTREES/V41_NVP_R1H_BRAM_BACKED_LARGE_SAMPLE/rtl/nvp/nvp6134c_diagnostics_pkg.vhd:425]
WARNING: [VRFC 10-8759] array bounds of function return type do not match array bounds of function return value [C:/FPGA/WORKTREES/V41_NVP_R1H_BRAM_BACKED_LARGE_SAMPLE/rtl/nvp/nvp6134c_diagnostics_pkg.vhd:426]
WARNING: [VRFC 10-8759] array bounds of function return type do not match array bounds of function return value [C:/FPGA/WORKTREES/V41_NVP_R1H_BRAM_BACKED_LARGE_SAMPLE/rtl/nvp/nvp6134c_diagnostics_pkg.vhd:429]
WARNING: [VRFC 10-8759] array bounds of function return type do not match array bounds of function return value [C:/FPGA/WORKTREES/V41_NVP_R1H_BRAM_BACKED_LARGE_SAMPLE/rtl/nvp/nvp6134c_diagnostics_pkg.vhd:430]
WARNING: [VRFC 10-8759] array bounds of function return type do not match array bounds of function return value [C:/FPGA/WORKTREES/V41_NVP_R1H_BRAM_BACKED_LARGE_SAMPLE/rtl/nvp/nvp6134c_diagnostics_pkg.vhd:431]
WARNING: [VRFC 10-8759] array bounds of function return type do not match array bounds of function return value [C:/FPGA/WORKTREES/V41_NVP_R1H_BRAM_BACKED_LARGE_SAMPLE/rtl/nvp/nvp6134c_diagnostics_pkg.vhd:432]
WARNING: [VRFC 10-8759] array bounds of function return type do not match array bounds of function return value [C:/FPGA/WORKTREES/V41_NVP_R1H_BRAM_BACKED_LARGE_SAMPLE/rtl/nvp/nvp6134c_diagnostics_pkg.vhd:433]
WARNING: [VRFC 10-8759] array bounds of function return type do not match array bounds of function return value [C:/FPGA/WORKTREES/V41_NVP_R1H_BRAM_BACKED_LARGE_SAMPLE/rtl/nvp/nvp6134c_diagnostics_pkg.vhd:434]
WARNING: [VRFC 10-8759] array bounds of function return type do not match array bounds of function return value [C:/FPGA/WORKTREES/V41_NVP_R1H_BRAM_BACKED_LARGE_SAMPLE/rtl/nvp/nvp6134c_diagnostics_pkg.vhd:435]
WARNING: [VRFC 10-8759] array bounds of function return type do not match array bounds of function return value [C:/FPGA/WORKTREES/V41_NVP_R1H_BRAM_BACKED_LARGE_SAMPLE/rtl/nvp/nvp6134c_diagnostics_pkg.vhd:437]
WARNING: [VRFC 10-8759] array bounds of function return type do not match array bounds of function return value [C:/FPGA/WORKTREES/V41_NVP_R1H_BRAM_BACKED_LARGE_SAMPLE/rtl/nvp/nvp6134c_diagnostics_pkg.vhd:444]
WARNING: [VRFC 10-8759] array bounds of function return type do not match array bounds of function return value [C:/FPGA/WORKTREES/V41_NVP_R1H_BRAM_BACKED_LARGE_SAMPLE/rtl/nvp/nvp6134c_diagnostics_pkg.vhd:445]
WARNING: [VRFC 10-8759] array bounds of function return type do not match array bounds of function return value [C:/FPGA/WORKTREES/V41_NVP_R1H_BRAM_BACKED_LARGE_SAMPLE/rtl/nvp/nvp6134c_diagnostics_pkg.vhd:446]
WARNING: [VRFC 10-8759] array bounds of function return type do not match array bounds of function return value [C:/FPGA/WORKTREES/V41_NVP_R1H_BRAM_BACKED_LARGE_SAMPLE/rtl/nvp/nvp6134c_diagnostics_pkg.vhd:447]
WARNING: [VRFC 10-8759] array bounds of function return type do not match array bounds of function return value [C:/FPGA/WORKTREES/V41_NVP_R1H_BRAM_BACKED_LARGE_SAMPLE/rtl/nvp/nvp6134c_diagnostics_pkg.vhd:448]
WARNING: [VRFC 10-8759] array bounds of function return type do not match array bounds of function return value [C:/FPGA/WORKTREES/V41_NVP_R1H_BRAM_BACKED_LARGE_SAMPLE/rtl/nvp/nvp6134c_diagnostics_pkg.vhd:449]
WARNING: [VRFC 10-8759] array bounds of function return type do not match array bounds of function return value [C:/FPGA/WORKTREES/V41_NVP_R1H_BRAM_BACKED_LARGE_SAMPLE/rtl/nvp/nvp6134c_diagnostics_pkg.vhd:450]
WARNING: [VRFC 10-8759] array bounds of function return type do not match array bounds of function return value [C:/FPGA/WORKTREES/V41_NVP_R1H_BRAM_BACKED_LARGE_SAMPLE/rtl/nvp/nvp6134c_diagnostics_pkg.vhd:451]
WARNING: [VRFC 10-8759] array bounds of function return type do not match array bounds of function return value [C:/FPGA/WORKTREES/V41_NVP_R1H_BRAM_BACKED_LARGE_SAMPLE/rtl/nvp/nvp6134c_diagnostics_pkg.vhd:452]
WARNING: [VRFC 10-8759] array bounds of function return type do not match array bounds of function return value [C:/FPGA/WORKTREES/V41_NVP_R1H_BRAM_BACKED_LARGE_SAMPLE/rtl/nvp/nvp6134c_diagnostics_pkg.vhd:453]
WARNING: [VRFC 10-8759] array bounds of function return type do not match array bounds of function return value [C:/FPGA/WORKTREES/V41_NVP_R1H_BRAM_BACKED_LARGE_SAMPLE/rtl/nvp/nvp6134c_diagnostics_pkg.vhd:454]
WARNING: [VRFC 10-8759] array bounds of function return type do not match array bounds of function return value [C:/FPGA/WORKTREES/V41_NVP_R1H_BRAM_BACKED_LARGE_SAMPLE/rtl/nvp/nvp6134c_diagnostics_pkg.vhd:455]
WARNING: [VRFC 10-8759] array bounds of function return type do not match array bounds of function return value [C:/FPGA/WORKTREES/V41_NVP_R1H_BRAM_BACKED_LARGE_SAMPLE/rtl/nvp/nvp6134c_diagnostics_pkg.vhd:456]
WARNING: [VRFC 10-8759] array bounds of function return type do not match array bounds of function return value [C:/FPGA/WORKTREES/V41_NVP_R1H_BRAM_BACKED_LARGE_SAMPLE/rtl/nvp/nvp6134c_diagnostics_pkg.vhd:457]
WARNING: [VRFC 10-8759] array bounds of function return type do not match array bounds of function return value [C:/FPGA/WORKTREES/V41_NVP_R1H_BRAM_BACKED_LARGE_SAMPLE/rtl/nvp/nvp6134c_diagnostics_pkg.vhd:458]
WARNING: [VRFC 10-8759] array bounds of function return type do not match array bounds of function return value [C:/FPGA/WORKTREES/V41_NVP_R1H_BRAM_BACKED_LARGE_SAMPLE/rtl/nvp/nvp6134c_diagnostics_pkg.vhd:459]
Completed static elaboration
Starting simulation data flow analysis
Completed simulation data flow analysis
Time Resolution for simulation is 1ps
Compiling package std.standard
Compiling package std.textio
Compiling package ieee.std_logic_1164
Compiling package ieee.numeric_std
Compiling package work.nvp6134c_diag_pkg_v38ek
Compiling module unisims_ver.IBUF
Compiling module unisims_ver.IBUFDS_GTE2
Compiling module unisims_ver.IOBUF
Compiling architecture rtl of entity work.r1f_transaction_serial_counter [r1f_transaction_serial_counter_d...]
Compiling architecture rtl of entity work.nvp_i2c_bringup_seq_v38ek [\nvp_i2c_bringup_seq_v38ek(i2c_h...]
Compiling architecture rtl of entity work.v40a_nvp_autoinit [\v40a_nvp_autoinit(clk_hz=625000...]
Compiling module work.v41_axi_clock_lifecycle_monitor
Compiling module xpm.xpm_memory_base(MEMORY_TYPE=1,ME...
Compiling module xpm.xpm_memory_sdpram(MEMORY_SIZE=81...
Compiling module work.r1h_probe_index_bram_store_defau...
Compiling module work.nvp_i2c_tri_phase_probe_default
Compiling module xpm.xpm_memory_base(MEMORY_TYPE=1,ME...
Compiling module xpm.xpm_memory_sdpram(MEMORY_PRIMITI...
Compiling module work.v41_r1f_failed_txn_logger_defaul...
Compiling module unisims_ver.IBUF(IBUF_LOW_PWR="FALSE")
Compiling module unisims_ver.BUFIO
Compiling module unisims_ver.BUFG
Compiling module unisims_ver.MMCME2_ADV(CLKFBOUT_MULT_F=8.0,C...
Compiling module unisims_ver.MMCME2_BASE(CLKFBOUT_MULT_F=8.0,...
Compiling module unisims_ver.IDELAYCTRL_default
Compiling module unisims_ver.IDELAYE2(HIGH_PERFORMANCE_MODE="...
Compiling module unisims_ver.IDDR(DDR_CLK_EDGE="SAME_EDGE_PIP...
Compiling module work.g0p8c3r1_physical_frontend_defau...
Compiling module work.v41_r1f_measurement_regs(SAFE_PR...
Compiling module work.v41_r1h_mmio_read_service
Compiling module work.v41_axi_clock_measurement_regs
Compiling module work.v41_r1e_measurement_regs
Compiling module work.v41_axi_lite_host_bridge
Compiling module work.v41_control_status_regs
Compiling module xpm.xpm_cdc_async_rst(INIT_SYNC_FF=1...
Compiling module work.g0p8c2_capture_mailbox
Compiling module work.g0p8c2_bt656_slot_producer(BLOCK...
Compiling module work.g0p8c5a_pio_slot_adapter
Compiling module xpm.xpm_memory_base(MEMORY_TYPE=1,ME...
Compiling module xpm.xpm_memory_sdpram(MEMORY_SIZE=32...
Compiling module work.g0p8c2_bar_target(SLOT_COUNT=2,B...
Compiling module work.g0p8c2_capture_subsystem(SLOT_CO...
Compiling module work.xdma_v41_m1
Compiling module work.ahd_capture_top_xdma
Compiling module work.glbl
Built simulation snapshot r1h_top_integration_snapshot_v2
