Vivado Simulator v2025.2
Copyright 1986-2022 Xilinx, Inc. All Rights Reserved.
Copyright 2022-2025 Advanced Micro Devices, Inc. All Rights Reserved.
Running: C:/AMDDesignTools/2025.2/Vivado/bin/unwrapped/win64.o/xelab.exe tb_g0p8c5d_autoinit -s r1f_scoreboard_debug_patterns --log C:\FPGA\V41_NVP_R1F_PHASE_COMPLETE_OBSERVABILITY\06_SIMULATION\r1f_autoinit_observability_scoreboard\debug_patterns\xelab.log 
Multi-threading is on. Using 2 slave threads.
Starting static elaboration
Completed static elaboration
Starting simulation data flow analysis
Completed simulation data flow analysis
Time Resolution for simulation is 1ps
Compiling package std.standard
Compiling package std.textio
Compiling package ieee.std_logic_1164
Compiling package ieee.numeric_std
Compiling package std.env
Compiling package work.nvp6134c_diag_pkg_v38ek
Compiling architecture rtl of entity work.r1f_transaction_serial_counter [r1f_transaction_serial_counter_d...]
Compiling architecture rtl of entity work.nvp_i2c_bringup_seq_v38ek [\nvp_i2c_bringup_seq_v38ek(clk_h...]
Compiling architecture sim of entity work.tb_g0p8c5d_autoinit
Built simulation snapshot r1f_scoreboard_debug_patterns
