UTC_START=2026-08-25T15:34:22.4323229Z
UTC_END=2026-08-25T15:34:24.8902086Z
EVIDENCE_KIND=R1H_PRELOADER_B3_arm_b_formal
RESULT=PASS
EXIT_CODE=0
ARGUMENT_TOKEN_AUDIT=PASS
PLINK_PW_OPTION_USED=NO
PLINK_PWFILE_OPTION_USED=YES
USERNAME_ROLE_OCCURRENCE=YES_AUTHORIZED
PASSWORD_ROLE_ARGUMENT_OCCURRENCE=NO
REMOTE_COMMAND_SHARED_LITERAL=NO
INHERITED_ENVIRONMENT_AUDIT=PASS
PWFILE_CREATED=YES
PWFILE_DELETED=YES
STDOUT_BEGIN
PRELOADER_ROLE=arm_b_formal
PRELOADER_UTC=2026-08-25T15:34:24.711955870Z
REMOTE_EFFECTIVE_USER=root
REMOTE_SUDO_USER=vcdeagent1
PREVIOUS_BOOT_ID=bd02a516-d90c-44f1-8097-8f313e439e81
CURRENT_BOOT_ID=3173fe9a-ac63-4a5b-ad3a-b781e83e73f5
BOOT_ID_CHANGED=YES
CURRENT_KERNEL=7.0.0-29-generic
PROC_CMDLINE=BOOT_IMAGE=/boot/vmlinuz-7.0.0-29-generic root=UUID=f7897627-c98a-4bf4-b24a-ae18f881e2da ro quiet splash crashkernel=2G-4G:320M,4G-32G:512M,32G-64G:1024M,64G-128G:2048M,128G-:4096M
PINNED_MODULE_SHA256=1AEF06244DF308FEE544A2662B73855C81BEB88BC929E7885D8D113E474B320A
PINNED_MODULE_VERSION=2025.2.0
PINNED_MODULE_VERMAGIC=7.0.0-29-generic SMP preempt mod_unload modversions 
ACCEPTED_LOADER_SHA256=7279E316A2D647826B8D5EC6BEDF78A143B72D100B4008C7AC006C1B6653649F
ACCEPTED_LOADER_MODE=644
DRIVER_EVIDENCE_DIRECTORY=/home/vcdeagent1/FPGA_AHD_HOST/v41_nvp_r1h_r4_61ec5f55/b3_driver
DRIVER_EVIDENCE_DIRECTORY_STATE=ABSENT_FRESH
ENDPOINT_COUNT=1
ENDPOINT_LIST=0000:01:00.0
ENDPOINT_BDF=0000:01:00.0
ENDPOINT_VENDOR_DEVICE=10ee:7011
ENDPOINT_SUBSYSTEM=10ee:0007
ENDPOINT_CLASS=058000
CURRENT_LINK_SPEED_RAW=2.5 GT/s PCIe
CURRENT_LINK_WIDTH_RAW=1
ENDPOINT_LINK=GEN1_X1
PCI_RESOURCE_RAW_BEGIN
0x00000000f6e00000 0x00000000f6e1ffff 0x0000000000040200
0x00000000f6e20000 0x00000000f6e2ffff 0x0000000000040200
0x0000000000000000 0x0000000000000000 0x0000000000000000
0x0000000000000000 0x0000000000000000 0x0000000000000000
0x0000000000000000 0x0000000000000000 0x0000000000000000
0x0000000000000000 0x0000000000000000 0x0000000000000000
0x0000000000000000 0x0000000000000000 0x0000000000000000
0x0000000000000000 0x0000000000000000 0x0000000000000000
0x0000000000000000 0x0000000000000000 0x0000000000000000
0x0000000000000000 0x0000000000000000 0x0000000000000000
0x0000000000000000 0x0000000000000000 0x0000000000000000
0x0000000000000000 0x0000000000000000 0x0000000000000000
0x0000000000000000 0x0000000000000000 0x0000000000000000
PCI_RESOURCE_RAW_END
BAR_PARSER_SHA256=5F7A6BDBF498720E1B40C54AB71A7E86BBD43AF1758AB207CF7EEBA65B15A922
BAR_PARSER_OUTPUT_BEGIN
BAR0_START=0x00000000f6e00000
BAR0_END=0x00000000f6e1ffff
BAR0_FLAGS=0x0000000000040200
BAR0_BYTES=131072
BAR1_START=0x00000000f6e20000
BAR1_END=0x00000000f6e2ffff
BAR1_FLAGS=0x0000000000040200
BAR1_BYTES=65536
BAR_PARSER_OUTPUT_END
BAR0_BYTES=131072
BAR1_BYTES=65536
ENDPOINT_BOUND_DRIVER=ABSENT
XDMA_LOADED_MODULE_ROWS=0
XDMA_NODE_COUNT=0
XDMA_NODE_LIST=NONE
XDMA_OPEN_PIDS=NONE
TASK_DMA_COMMANDS=0
TARGETED_KERNEL_CRITICAL_MATCH_COUNT=0
TARGETED_KERNEL_CRITICAL_MATCHES_BEGIN

TARGETED_KERNEL_CRITICAL_MATCHES_END
KERNEL_AER_XDMA_HEALTH=PASS
PRELOADER_READ_ONLY=YES
PRELOADER_GATE=PASS
STDOUT_END
STDERR_BEGIN

STDERR_END
