#-----------------------------------------------------------
# Vivado v2025.2 (64-bit)
# SW Build 6299465 on Fri Nov 14 19:35:11 GMT 2025
# IP Build 6300035 on Fri Nov 14 10:48:45 MST 2025
# SharedData Build 6298862 on Thu Nov 13 04:50:51 MST 2025
# Start of session at: Tue Aug 25 17:27:50 2026
# Process ID         : 20628
# Current directory  : C:/FPGA/V41_NVP_R1H_R4_SUPER_FAST/hardware/07_B3
# Command line       : vivado.exe -mode batch -notrace -log C:\FPGA\V41_NVP_R1H_R4_SUPER_FAST\hardware\07_B3\PROGRAM_VIVADO.log -journal C:\FPGA\V41_NVP_R1H_R4_SUPER_FAST\hardware\07_B3\PROGRAM_VIVADO.jou -source C:\FPGA\V41_NVP_R1E_MODE_AWARE_DONE0_PAIRED_AB_R7\scripts\program_once_mode_aware.tcl -tclargs ARM_B_FORMAL TRANSITION_FROM_PROVEN_CONFIGURED_IMAGE VALID_ARM_A_RECEIPT localhost:3121/xilinx_tcf/Xilinx/80802026a98b01 C:\FPGA\V41_NVP_R1E_MODE_AWARE_DONE0_PAIRED_AB_R7\01_ARTIFACT_IDENTITY\artifacts\ahd_capture_v41_phase2_p1.bit ahd_capture_v41_phase2_p1.bit 2192144 7E4E909D78C2BE5C1E0ECA56229F2B88ECC2DBF5974B32BDF07EF1AFCD9449A2
# Log file           : C:/FPGA/V41_NVP_R1H_R4_SUPER_FAST/hardware/07_B3/PROGRAM_VIVADO.log
# Journal file       : C:\FPGA\V41_NVP_R1H_R4_SUPER_FAST\hardware\07_B3\PROGRAM_VIVADO.jou
# Running On         : NBLSUDUL
# Platform           : Windows Server 2016 or Windows 10
# Operating System   : 19045
# Processor Detail   : Intel(R) Core(TM) i7-7500U CPU @ 2.70GHz
# CPU Frequency      : 2904 MHz
# CPU Physical cores : 2
# CPU Logical cores  : 4
# Host memory        : 17028 MB
# Swap memory        : 4497 MB
# Total Virtual      : 21526 MB
# Available Virtual  : 5815 MB
#-----------------------------------------------------------
source {C:\FPGA\V41_NVP_R1E_MODE_AWARE_DONE0_PAIRED_AB_R7\scripts\program_once_mode_aware.tcl} -notrace
