GATE=ACCEPTED_R7_R6_LEAF_HASHES RESULT=PASS DETAIL=all inherited leaf paths, byte counts and SHA-256 values exact
GATE=POWERSHELL_PARSE_INITIALIZE-R1HCAMPAIGNEVIDENCEDIRECTORIES.PS1 RESULT=PASS DETAIL=
GATE=POWERSHELL_PARSE_INVOKE-R1HHOSTSTEP.PS1 RESULT=PASS DETAIL=
GATE=POWERSHELL_PARSE_INVOKE-R1HINDEPENDENTDONEREADONLY.PS1 RESULT=PASS DETAIL=
GATE=POWERSHELL_PARSE_INVOKE-R1HPROGRAMONCE.PS1 RESULT=PASS DETAIL=
GATE=POWERSHELL_PARSE_INVOKE-R1HTELEMETRYREADONLY.PS1 RESULT=PASS DETAIL=
GATE=POWERSHELL_PARSE_NEW-R1HCONFIGUREDIMAGERECEIPT.PS1 RESULT=PASS DETAIL=
GATE=POWERSHELL_PARSE_R1HCAMPAIGNCOMMON.PS1 RESULT=PASS DETAIL=
GATE=POWERSHELL_PARSE_WAIT-R1HPROGRAMMINIMUM.PS1 RESULT=PASS DETAIL=
GATE=POWERSHELL_PARSE_FINALIZE-R1HFRESHFORMALSTARTGATE.PS1 RESULT=PASS DETAIL=
GATE=POWERSHELL_PARSE_INVOKE-R1HEXISTINGFORMALTELEMETRYREADONLY.PS1 RESULT=PASS DETAIL=
GATE=POWERSHELL_PARSE_INVOKE-R1HHOSTBASELINEREADONLY.PS1 RESULT=PASS DETAIL=
GATE=POWERSHELL_PARSE_INVOKE-R1HPRECHECKJTAGDONEREADONLY.PS1 RESULT=PASS DETAIL=
GATE=POWERSHELL_PARSE_INVOKE-R1HSTARTSAFETYREADONLY.PS1 RESULT=PASS DETAIL=
GATE=POWERSHELL_PARSE_NEW-R1HEXISTINGFORMALSTARTRECEIPT.PS1 RESULT=PASS DETAIL=
GATE=POWERSHELL_PARSE_NEW-R1HCAMPAIGNTOOLINGOFFLINE.PS1 RESULT=PASS DETAIL=
GATE=POWERSHELL_PARSE_TEST-R1HCAMPAIGNTOOLINGOFFLINE.PS1 RESULT=PASS DETAIL=
GATE=FROZEN_READ_NVP_R1F_PY RESULT=PASS DETAIL=5BDE0B94E8817DA9EC92FBE8BF7149E93C631E348FCD0B395D4EA539EC2A734C
GATE=FROZEN_R1F_STATISTICS_PY RESULT=PASS DETAIL=C0188FF2AB7AC03034DAA7F412F447E3DBC21C15FB5458B126C0A96FEB771CCD
GATE=FROZEN_TEST_NVP_R1F_TOOLS_PY RESULT=PASS DETAIL=7AD2E8FA36D685CFC916B007A65BE9B807398A71CB6730E067C31CD9673C52B1
GATE=FROZEN_FIXTURES_R1F_VALID_SCENARIO_JSON RESULT=PASS DETAIL=8D6C63878488F79B1299F1AD2576EF830C52741F2938A9715EC597FBF4FAB1A8
GATE=FROZEN_READ_NVP_R1E_PY RESULT=PASS DETAIL=0BE8AD0ECEF0FC333FEDFFAC9C7D94D2851E7FC319EEB88579D7EA3B2AEA7037
GATE=R1H_READER_BYTE_IDENTICAL_TO_R1F_R1G RESULT=PASS DETAIL=SHA256=5BDE0B94...; source binding remains pending commit/build
GATE=VARIABLE_LATENCY_BLOCKING_PREAD_READER RESULT=FAIL DETAIL=one blocking 4-byte pread per address; no zero-cycle assumption, mmap, nonblocking mode, MMIO write, or DMA API
GATE=FORMAL_COMPLETE_R1H_RANGE_ZERO_READER RESULT=PASS DETAIL=all aligned words 0x20A0..0x35FC
GATE=PROGRAM_HW_DEVICES_EXACTLY_ONE RESULT=PASS DETAIL=exact R7 mode-aware Tcl leaf
GATE=VENDOR_STARTUP_HIGH_GATE RESULT=PASS DETAIL=exact accepted observer parser
GATE=SAME_SESSION_DONE_BIT5_GATE RESULT=PASS DETAIL=REGISTER.IR.BIT5_DONE
GATE=BIT4_EOS_NOT_QUERIED RESULT=PASS DETAIL=BIT4 not used
GATE=JTAG_FREQUENCY_UNCHANGED RESULT=PASS DETAIL=no frequency-changing set_property
GATE=START_JTAG_READ_ONLY RESULT=PASS DETAIL=fresh start JTAG leaf cannot program or set properties
GATE=START_JTAG_FIVE_STABLE_SAMPLES RESULT=PASS DETAIL=five read-only samples
GATE=WRAPPER_DIRECT_PROGRAM_ABSENT RESULT=PASS DETAIL=only accepted Tcl leaf programs
GATE=PROGRAM_RESERVATION_BEFORE_LAUNCH RESULT=PASS DETAIL=immutable reservation and no retry
GATE=ONE_PROGRAM_PROCESS_START RESULT=PASS DETAIL=one supervisor start, no restart loop
GATE=CONDITIONAL_BOOTSTRAP_MAX_ONE RESULT=PASS DETAIL=bootstrap mutually exclusive with existing-formal receipt
GATE=FROZEN_SEQUENCE RESULT=PASS DETAIL=A1 -> B1 -> A2 -> B2 -> A3 -> B3
GATE=ARM_A_WAIT_EXACT RESULT=PASS DETAIL=A1/A2/A3=33.536673744
GATE=FORMAL_WAIT_FLOOR RESULT=PASS DETAIL=B1/B2/B3=5.0
GATE=UNIQUE_EVIDENCE_LEAVES RESULT=PASS DETAIL=C:\FPGA\V41_NVP_R1H_BRAM_BACKED_LARGE_SAMPLE\11_BOOTSTRAP\FORMAL_BOOTSTRAP; C:\FPGA\V41_NVP_R1H_BRAM_BACKED_LARGE_SAMPLE\12_PAIR_1\A1_R1H; C:\FPGA\V41_NVP_R1H_BRAM_BACKED_LARGE_SAMPLE\12_PAIR_1\B1_FORMAL; C:\FPGA\V41_NVP_R1H_BRAM_BACKED_LARGE_SAMPLE\13_PAIR_2\A2_R1H; C:\FPGA\V41_NVP_R1H_BRAM_BACKED_LARGE_SAMPLE\13_PAIR_2\B2_FORMAL; C:\FPGA\V41_NVP_R1H_BRAM_BACKED_LARGE_SAMPLE\14_PAIR_3\A3_R1H; C:\FPGA\V41_NVP_R1H_BRAM_BACKED_LARGE_SAMPLE\14_PAIR_3\B3_FORMAL
GATE=UNIQUE_REMOTE_DRIVER_LEAVES RESULT=PASS DETAIL=/home/vcdeagent1/FPGA_AHD_HOST/v41_nvp_r1h/bootstrap_driver; /home/vcdeagent1/FPGA_AHD_HOST/v41_nvp_r1h/a1_driver; /home/vcdeagent1/FPGA_AHD_HOST/v41_nvp_r1h/b1_driver; /home/vcdeagent1/FPGA_AHD_HOST/v41_nvp_r1h/a2_driver; /home/vcdeagent1/FPGA_AHD_HOST/v41_nvp_r1h/b2_driver; /home/vcdeagent1/FPGA_AHD_HOST/v41_nvp_r1h/a3_driver; /home/vcdeagent1/FPGA_AHD_HOST/v41_nvp_r1h/b3_driver
GATE=MAXIMA_SEVEN RESULT=PASS DETAIL=optional bootstrap plus six arms
GATE=SEQUENCE_CSV_EXACT RESULT=PASS DETAIL=Bootstrap -> A1 -> B1 -> A2 -> B2 -> A3 -> B3
GATE=ZERO_RETRY_ALL_PHASES RESULT=PASS DETAIL=retry_max=0 for bootstrap and all six arms
GATE=ONE_ACTION_PER_PHASE RESULT=PASS DETAIL=per-phase maxima all one
GATE=EXACT_JTAG_BINDING RESULT=PASS DETAIL=canonical target/part/IDCODE
GATE=EXACT_FORMAL_BINDING RESULT=PASS DETAIL=formal bit/commit/tree exact
GATE=EXACT_HOST_DRIVER_BINDING RESULT=PASS DETAIL=host/kernel/module/loader exact
GATE=RECEIPT_CHAIN_FROZEN RESULT=PASS DETAIL=formal -> A1 -> B1 -> A2 -> B2 -> A3 -> B3
GATE=BUILD_RELEASE_FAIL_CLOSED RESULT=PASS DETAIL=active binding requires exact hashed full-build release receipt
GATE=MODELED_WAIT_FAIL_CLOSED RESULT=PASS DETAIL=model+2 must fit exact frozen wait
GATE=TWO_COHERENT_SNAPSHOTS RESULT=PASS DETAIL=T0/T1 complete reader snapshots
GATE=INHERITED_R1F_READER_ABI RESULT=PASS DETAIL=R1h data/map remains exact R1f ABI
GATE=RUNTIME_SOURCE_COMMIT_GATE RESULT=PASS DETAIL=runtime Git SHA and BUILD_FLAGS before full telemetry
GATE=RUNTIME_LEAF_READ_ONLY RESULT=PASS DETAIL=O_RDONLY/pread only
GATE=RUNTIME_BUILD_FLAGS_AND_FORMAL_ZERO RESULT=PASS DETAIL=R1h BUILD_FLAGS=2; formal complete range zero
GATE=DIRECTORY_ADAPTER_MATRIX RESULT=PASS DETAIL=one start block plus seven phase-specific directory-only adapters
GATE=DIRECTORY_ADAPTER_HASHES_BOUND RESULT=PASS DETAIL=every adapted payload SHA embedded in wrapper
GATE=TEMPLATE_FAILS_CLOSED RESULT=PASS DETAIL=source/tree/bit/build-release/full-target unresolved; wait frozen
GATE=ACTIVE_BINDING_ABSENT RESULT=PASS DETAIL=active binding forbidden before one R1h commit and one clean build PASS
STATIC_AUDIT_GATE=FAIL
HARDWARE_BINDING_STATUS=PENDING_R1H_BUILD
LIVE_PRECHECK_EXECUTED=NO
LIVE_SSH_JTAG_VIVADO_MMIO_PROGRAM_REBOOT_DRIVER_ACTIONS=0
FPGA_PROGRAMS=0
HOST_REBOOTS=0
DRIVER_LOADS=0
MMIO_READS=0
MMIO_WRITES=0
DMA_TRANSFERS=0
