Copyright 1986-2022 Xilinx, Inc. All Rights Reserved. Copyright 2022-2025 Advanced Micro Devices, Inc. All Rights Reserved.
------------------------------------------------------------------------------------------------------------------------------------------------------------------------------------------------------------------------------------------------------------------------------
| Tool Version : Vivado v.2025.2 (win64) Build 6299465 Fri Nov 14 19:35:11 GMT 2025
| Date         : Wed Sep  2 17:00:07 2026
| Host         : NBLSUDUL running 64-bit major release  (build 9200)
| Command      : report_bus_skew -no_detailed_paths -max_paths 1 -nworst 1 -warn_on_violation -file C:/FPGA/V41_G2B_EVIDENCE/v41-development-g2b-lut1-signoff-recovery/raw/groups10_17/group_12_DESCRIPTOR_EPOCH_SOURCE_TO_AXI/12_DESCRIPTOR_EPOCH_SOURCE_TO_AXI_BUS_SKEW.rpt
| Design       : ahd_capture_top_xdma
| Device       : 7a35t-csg325
| Speed File   : -2  PRODUCTION 1.23 2018-06-13
| Design State : Routed
------------------------------------------------------------------------------------------------------------------------------------------------------------------------------------------------------------------------------------------------------------------------------

Bus Skew Report

Table of Contents
-----------------
1. Bus Skew Report Summary

1. Bus Skew Report Summary
--------------------------

Id  Position  From                            To                              Corner  Requirement(ns)  Actual(ns)  Slack(ns)
--  --------  ------------------------------  ------------------------------  ------  ---------------  ----------  ---------
1   53        [filter [get_cells -quiet -hier -regexp .*G2B_ONECH_C2H/desc_epoch_source_reg.*] {IS_SEQUENTIAL == 1}]
                                              [filter [get_cells -quiet -hier -regexp .*G2B_ONECH_C2H/(axis_epoch|own_epoch_hold_axi)_reg.*] {IS_SEQUENTIAL == 1}]
                                                                              Slow              3.000       1.664      1.336
