Vivado Simulator v2025.2
Copyright 1986-2022 Xilinx, Inc. All Rights Reserved.
Copyright 2022-2025 Advanced Micro Devices, Inc. All Rights Reserved.
Running: C:/AMDDesignTools/2025.2/Vivado/bin/unwrapped/win64.o/xelab.exe tb_g0p8c5d_power_timing -debug typical -s candidate_power_snapshot 
Multi-threading is on. Using 2 slave threads.
Starting static elaboration
WARNING: [VRFC 10-8759] array bounds of function return type do not match array bounds of function return value [C:/FPGA/WORKTREES/V41_NVP_R1H_BRAM_BACKED_LARGE_SAMPLE/rtl/nvp/nvp6134c_diagnostics_pkg.vhd:479]
WARNING: [VRFC 10-8759] array bounds of function return type do not match array bounds of function return value [C:/FPGA/WORKTREES/V41_NVP_R1H_BRAM_BACKED_LARGE_SAMPLE/rtl/nvp/nvp6134c_diagnostics_pkg.vhd:480]
WARNING: [VRFC 10-8759] array bounds of function return type do not match array bounds of function return value [C:/FPGA/WORKTREES/V41_NVP_R1H_BRAM_BACKED_LARGE_SAMPLE/rtl/nvp/nvp6134c_diagnostics_pkg.vhd:481]
WARNING: [VRFC 10-8759] array bounds of function return type do not match array bounds of function return value [C:/FPGA/WORKTREES/V41_NVP_R1H_BRAM_BACKED_LARGE_SAMPLE/rtl/nvp/nvp6134c_diagnostics_pkg.vhd:482]
WARNING: [VRFC 10-8759] array bounds of function return type do not match array bounds of function return value [C:/FPGA/WORKTREES/V41_NVP_R1H_BRAM_BACKED_LARGE_SAMPLE/rtl/nvp/nvp6134c_diagnostics_pkg.vhd:484]
WARNING: [VRFC 10-8759] array bounds of function return type do not match array bounds of function return value [C:/FPGA/WORKTREES/V41_NVP_R1H_BRAM_BACKED_LARGE_SAMPLE/rtl/nvp/nvp6134c_diagnostics_pkg.vhd:485]
WARNING: [VRFC 10-8759] array bounds of function return type do not match array bounds of function return value [C:/FPGA/WORKTREES/V41_NVP_R1H_BRAM_BACKED_LARGE_SAMPLE/rtl/nvp/nvp6134c_diagnostics_pkg.vhd:400]
WARNING: [VRFC 10-8759] array bounds of function return type do not match array bounds of function return value [C:/FPGA/WORKTREES/V41_NVP_R1H_BRAM_BACKED_LARGE_SAMPLE/rtl/nvp/nvp6134c_diagnostics_pkg.vhd:401]
WARNING: [VRFC 10-8759] array bounds of function return type do not match array bounds of function return value [C:/FPGA/WORKTREES/V41_NVP_R1H_BRAM_BACKED_LARGE_SAMPLE/rtl/nvp/nvp6134c_diagnostics_pkg.vhd:402]
WARNING: [VRFC 10-8759] array bounds of function return type do not match array bounds of function return value [C:/FPGA/WORKTREES/V41_NVP_R1H_BRAM_BACKED_LARGE_SAMPLE/rtl/nvp/nvp6134c_diagnostics_pkg.vhd:403]
WARNING: [VRFC 10-8759] array bounds of function return type do not match array bounds of function return value [C:/FPGA/WORKTREES/V41_NVP_R1H_BRAM_BACKED_LARGE_SAMPLE/rtl/nvp/nvp6134c_diagnostics_pkg.vhd:404]
WARNING: [VRFC 10-8759] array bounds of function return type do not match array bounds of function return value [C:/FPGA/WORKTREES/V41_NVP_R1H_BRAM_BACKED_LARGE_SAMPLE/rtl/nvp/nvp6134c_diagnostics_pkg.vhd:405]
WARNING: [VRFC 10-8759] array bounds of function return type do not match array bounds of function return value [C:/FPGA/WORKTREES/V41_NVP_R1H_BRAM_BACKED_LARGE_SAMPLE/rtl/nvp/nvp6134c_diagnostics_pkg.vhd:406]
WARNING: [VRFC 10-8759] array bounds of function return type do not match array bounds of function return value [C:/FPGA/WORKTREES/V41_NVP_R1H_BRAM_BACKED_LARGE_SAMPLE/rtl/nvp/nvp6134c_diagnostics_pkg.vhd:407]
WARNING: [VRFC 10-8759] array bounds of function return type do not match array bounds of function return value [C:/FPGA/WORKTREES/V41_NVP_R1H_BRAM_BACKED_LARGE_SAMPLE/rtl/nvp/nvp6134c_diagnostics_pkg.vhd:419]
WARNING: [VRFC 10-8759] array bounds of function return type do not match array bounds of function return value [C:/FPGA/WORKTREES/V41_NVP_R1H_BRAM_BACKED_LARGE_SAMPLE/rtl/nvp/nvp6134c_diagnostics_pkg.vhd:420]
WARNING: [VRFC 10-8759] array bounds of function return type do not match array bounds of function return value [C:/FPGA/WORKTREES/V41_NVP_R1H_BRAM_BACKED_LARGE_SAMPLE/rtl/nvp/nvp6134c_diagnostics_pkg.vhd:421]
WARNING: [VRFC 10-8759] array bounds of function return type do not match array bounds of function return value [C:/FPGA/WORKTREES/V41_NVP_R1H_BRAM_BACKED_LARGE_SAMPLE/rtl/nvp/nvp6134c_diagnostics_pkg.vhd:422]
WARNING: [VRFC 10-8759] array bounds of function return type do not match array bounds of function return value [C:/FPGA/WORKTREES/V41_NVP_R1H_BRAM_BACKED_LARGE_SAMPLE/rtl/nvp/nvp6134c_diagnostics_pkg.vhd:187]
WARNING: [VRFC 10-8759] array bounds of function return type do not match array bounds of function return value [C:/FPGA/WORKTREES/V41_NVP_R1H_BRAM_BACKED_LARGE_SAMPLE/rtl/nvp/nvp6134c_diagnostics_pkg.vhd:423]
WARNING: [VRFC 10-8759] array bounds of function return type do not match array bounds of function return value [C:/FPGA/WORKTREES/V41_NVP_R1H_BRAM_BACKED_LARGE_SAMPLE/rtl/nvp/nvp6134c_diagnostics_pkg.vhd:424]
WARNING: [VRFC 10-8759] array bounds of function return type do not match array bounds of function return value [C:/FPGA/WORKTREES/V41_NVP_R1H_BRAM_BACKED_LARGE_SAMPLE/rtl/nvp/nvp6134c_diagnostics_pkg.vhd:425]
WARNING: [VRFC 10-8759] array bounds of function return type do not match array bounds of function return value [C:/FPGA/WORKTREES/V41_NVP_R1H_BRAM_BACKED_LARGE_SAMPLE/rtl/nvp/nvp6134c_diagnostics_pkg.vhd:426]
WARNING: [VRFC 10-8759] array bounds of function return type do not match array bounds of function return value [C:/FPGA/WORKTREES/V41_NVP_R1H_BRAM_BACKED_LARGE_SAMPLE/rtl/nvp/nvp6134c_diagnostics_pkg.vhd:429]
WARNING: [VRFC 10-8759] array bounds of function return type do not match array bounds of function return value [C:/FPGA/WORKTREES/V41_NVP_R1H_BRAM_BACKED_LARGE_SAMPLE/rtl/nvp/nvp6134c_diagnostics_pkg.vhd:430]
WARNING: [VRFC 10-8759] array bounds of function return type do not match array bounds of function return value [C:/FPGA/WORKTREES/V41_NVP_R1H_BRAM_BACKED_LARGE_SAMPLE/rtl/nvp/nvp6134c_diagnostics_pkg.vhd:431]
WARNING: [VRFC 10-8759] array bounds of function return type do not match array bounds of function return value [C:/FPGA/WORKTREES/V41_NVP_R1H_BRAM_BACKED_LARGE_SAMPLE/rtl/nvp/nvp6134c_diagnostics_pkg.vhd:432]
WARNING: [VRFC 10-8759] array bounds of function return type do not match array bounds of function return value [C:/FPGA/WORKTREES/V41_NVP_R1H_BRAM_BACKED_LARGE_SAMPLE/rtl/nvp/nvp6134c_diagnostics_pkg.vhd:433]
WARNING: [VRFC 10-8759] array bounds of function return type do not match array bounds of function return value [C:/FPGA/WORKTREES/V41_NVP_R1H_BRAM_BACKED_LARGE_SAMPLE/rtl/nvp/nvp6134c_diagnostics_pkg.vhd:434]
WARNING: [VRFC 10-8759] array bounds of function return type do not match array bounds of function return value [C:/FPGA/WORKTREES/V41_NVP_R1H_BRAM_BACKED_LARGE_SAMPLE/rtl/nvp/nvp6134c_diagnostics_pkg.vhd:435]
WARNING: [VRFC 10-8759] array bounds of function return type do not match array bounds of function return value [C:/FPGA/WORKTREES/V41_NVP_R1H_BRAM_BACKED_LARGE_SAMPLE/rtl/nvp/nvp6134c_diagnostics_pkg.vhd:437]
WARNING: [VRFC 10-8759] array bounds of function return type do not match array bounds of function return value [C:/FPGA/WORKTREES/V41_NVP_R1H_BRAM_BACKED_LARGE_SAMPLE/rtl/nvp/nvp6134c_diagnostics_pkg.vhd:444]
WARNING: [VRFC 10-8759] array bounds of function return type do not match array bounds of function return value [C:/FPGA/WORKTREES/V41_NVP_R1H_BRAM_BACKED_LARGE_SAMPLE/rtl/nvp/nvp6134c_diagnostics_pkg.vhd:445]
WARNING: [VRFC 10-8759] array bounds of function return type do not match array bounds of function return value [C:/FPGA/WORKTREES/V41_NVP_R1H_BRAM_BACKED_LARGE_SAMPLE/rtl/nvp/nvp6134c_diagnostics_pkg.vhd:446]
WARNING: [VRFC 10-8759] array bounds of function return type do not match array bounds of function return value [C:/FPGA/WORKTREES/V41_NVP_R1H_BRAM_BACKED_LARGE_SAMPLE/rtl/nvp/nvp6134c_diagnostics_pkg.vhd:447]
WARNING: [VRFC 10-8759] array bounds of function return type do not match array bounds of function return value [C:/FPGA/WORKTREES/V41_NVP_R1H_BRAM_BACKED_LARGE_SAMPLE/rtl/nvp/nvp6134c_diagnostics_pkg.vhd:448]
WARNING: [VRFC 10-8759] array bounds of function return type do not match array bounds of function return value [C:/FPGA/WORKTREES/V41_NVP_R1H_BRAM_BACKED_LARGE_SAMPLE/rtl/nvp/nvp6134c_diagnostics_pkg.vhd:449]
WARNING: [VRFC 10-8759] array bounds of function return type do not match array bounds of function return value [C:/FPGA/WORKTREES/V41_NVP_R1H_BRAM_BACKED_LARGE_SAMPLE/rtl/nvp/nvp6134c_diagnostics_pkg.vhd:450]
WARNING: [VRFC 10-8759] array bounds of function return type do not match array bounds of function return value [C:/FPGA/WORKTREES/V41_NVP_R1H_BRAM_BACKED_LARGE_SAMPLE/rtl/nvp/nvp6134c_diagnostics_pkg.vhd:451]
WARNING: [VRFC 10-8759] array bounds of function return type do not match array bounds of function return value [C:/FPGA/WORKTREES/V41_NVP_R1H_BRAM_BACKED_LARGE_SAMPLE/rtl/nvp/nvp6134c_diagnostics_pkg.vhd:452]
WARNING: [VRFC 10-8759] array bounds of function return type do not match array bounds of function return value [C:/FPGA/WORKTREES/V41_NVP_R1H_BRAM_BACKED_LARGE_SAMPLE/rtl/nvp/nvp6134c_diagnostics_pkg.vhd:453]
WARNING: [VRFC 10-8759] array bounds of function return type do not match array bounds of function return value [C:/FPGA/WORKTREES/V41_NVP_R1H_BRAM_BACKED_LARGE_SAMPLE/rtl/nvp/nvp6134c_diagnostics_pkg.vhd:454]
WARNING: [VRFC 10-8759] array bounds of function return type do not match array bounds of function return value [C:/FPGA/WORKTREES/V41_NVP_R1H_BRAM_BACKED_LARGE_SAMPLE/rtl/nvp/nvp6134c_diagnostics_pkg.vhd:455]
WARNING: [VRFC 10-8759] array bounds of function return type do not match array bounds of function return value [C:/FPGA/WORKTREES/V41_NVP_R1H_BRAM_BACKED_LARGE_SAMPLE/rtl/nvp/nvp6134c_diagnostics_pkg.vhd:456]
WARNING: [VRFC 10-8759] array bounds of function return type do not match array bounds of function return value [C:/FPGA/WORKTREES/V41_NVP_R1H_BRAM_BACKED_LARGE_SAMPLE/rtl/nvp/nvp6134c_diagnostics_pkg.vhd:457]
WARNING: [VRFC 10-8759] array bounds of function return type do not match array bounds of function return value [C:/FPGA/WORKTREES/V41_NVP_R1H_BRAM_BACKED_LARGE_SAMPLE/rtl/nvp/nvp6134c_diagnostics_pkg.vhd:458]
WARNING: [VRFC 10-8759] array bounds of function return type do not match array bounds of function return value [C:/FPGA/WORKTREES/V41_NVP_R1H_BRAM_BACKED_LARGE_SAMPLE/rtl/nvp/nvp6134c_diagnostics_pkg.vhd:459]
Completed static elaboration
Starting simulation data flow analysis
Completed simulation data flow analysis
Time Resolution for simulation is 1ps
Compiling package std.standard
Compiling package std.textio
Compiling package ieee.std_logic_1164
Compiling package ieee.numeric_std
Compiling package std.env
Compiling package work.nvp6134c_diag_pkg_v38ek
Compiling architecture rtl of entity work.r1f_transaction_serial_counter [r1f_transaction_serial_counter_d...]
Compiling architecture rtl of entity work.nvp_i2c_bringup_seq_v38ek [\nvp_i2c_bringup_seq_v38ek(clk_h...]
Compiling architecture rtl of entity work.v40a_nvp_autoinit [\v40a_nvp_autoinit(clk_hz=100,i2...]
Compiling architecture sim of entity work.tb_g0p8c5d_power_timing
Built simulation snapshot candidate_power_snapshot
