#-----------------------------------------------------------
# Vivado v2025.2 (64-bit)
# SW Build 6299465 on Fri Nov 14 19:35:11 GMT 2025
# IP Build 6300035 on Fri Nov 14 10:48:45 MST 2025
# SharedData Build 6298862 on Thu Nov 13 04:50:51 MST 2025
# Start of session at: Mon Aug 31 14:05:06 2026
# Process ID         : 14496
# Current directory  : C:/FPGA/PCB_PIN0_VIVADO_SANDBOX_20260831/placement
# Command line       : vivado.exe -mode batch -notrace -source .\run_d13_variant.tcl -log .\D13_SANDBOX_VIVADO.log -journal .\D13_SANDBOX_VIVADO.jou
# Log file           : C:/FPGA/PCB_PIN0_VIVADO_SANDBOX_20260831/placement/./D13_SANDBOX_VIVADO.log
# Journal file       : C:/FPGA/PCB_PIN0_VIVADO_SANDBOX_20260831/placement\.\D13_SANDBOX_VIVADO.jou
# Running On         : NBLSUDUL
# Platform           : Windows Server 2016 or Windows 10
# Operating System   : 19045
# Processor Detail   : Intel(R) Core(TM) i7-7500U CPU @ 2.70GHz
# CPU Frequency      : 2904 MHz
# CPU Physical cores : 2
# CPU Logical cores  : 4
# Host memory        : 17028 MB
# Swap memory        : 6979 MB
# Total Virtual      : 24007 MB
# Available Virtual  : 9383 MB
#-----------------------------------------------------------
WARNING: [Runs 36-547] User Strategy 'Vivado Implementation Defaults' from file 'C:\Users\£ukasz Sudu³\AppData\Roaming/Xilinx/Vivado/2025.2/strategies/Vivado Implementation Defaults.Vivado Implementation 2025.psg' discarded because strategy with same name already parsed from 'C:/AMDDesignTools/2025.2/Vivado/strategies/VDI2025.psg'
source {.\run_d13_variant.tcl} -notrace
Command: open_checkpoint C:/FPGA/PCB_PIN0_VIVADO_SANDBOX_20260831/placement/POST_SYNTH.dcp

Starting open_checkpoint Task

Time (s): cpu = 00:00:00 ; elapsed = 00:00:00.845 . Memory (MB): peak = 331.723 ; gain = 5.633
INFO: [Device 21-403] Loading part xc7a35tcsg325-2
Netlist sorting complete. Time (s): cpu = 00:00:00 ; elapsed = 00:00:00.005 . Memory (MB): peak = 746.738 ; gain = 0.000
INFO: [Netlist 29-17] Analyzing 20 Unisim elements for replacement
INFO: [Netlist 29-28] Unisim Transformation completed in 0 CPU seconds
INFO: [Project 1-479] Netlist was created with Vivado 2025.2
INFO: [Project 1-570] Preparing netlist for logic optimization
Read ShapeDB Complete: Time (s): cpu = 00:00:00 ; elapsed = 00:00:00.077 . Memory (MB): peak = 838.250 ; gain = 0.141
INFO: [Timing 38-478] Restoring timing data from binary archive.
INFO: [Timing 38-479] Binary timing data restore complete.
INFO: [Project 1-856] Restoring constraints from binary archive.
INFO: [Project 1-853] Binary constraint restore complete.
INFO: [Designutils 20-5722] Start Reading Physical Databases.
Reading placement.
Read Netlist Cache: Time (s): cpu = 00:00:00 ; elapsed = 00:00:00.001 . Memory (MB): peak = 1424.379 ; gain = 0.000
Reading placer database...
Read Device Cache: Time (s): cpu = 00:00:00 ; elapsed = 00:00:00.081 . Memory (MB): peak = 1424.379 ; gain = 0.000
Read PlaceDB: Time (s): cpu = 00:00:00 ; elapsed = 00:00:00 . Memory (MB): peak = 1424.379 ; gain = 0.000
Read placeStorage: Time (s): cpu = 00:00:00 ; elapsed = 00:00:00.009 . Memory (MB): peak = 1424.379 ; gain = 0.000
Read PulsedLatchDB: Time (s): cpu = 00:00:00 ; elapsed = 00:00:00 . Memory (MB): peak = 1424.379 ; gain = 0.000
Reading routing.
Read RouteStorage: Time (s): cpu = 00:00:01 ; elapsed = 00:00:00.059 . Memory (MB): peak = 1424.379 ; gain = 0.000
Read Physdb Files: Time (s): cpu = 00:00:01 ; elapsed = 00:00:00.825 . Memory (MB): peak = 1424.379 ; gain = 0.000
Restored from archive | CPU: 1.000000 secs | Memory: 0.000000 MB |
Finished XDEF File Restore: Time (s): cpu = 00:00:01 ; elapsed = 00:00:02 . Memory (MB): peak = 1424.379 ; gain = 7.539
Netlist sorting complete. Time (s): cpu = 00:00:00 ; elapsed = 00:00:00.001 . Memory (MB): peak = 1424.379 ; gain = 0.000
INFO: [Project 1-111] Unisim Transformation Summary:
  A total of 2 instances were transformed.
  IOBUF => IOBUF (IBUF, OBUFT): 2 instances

INFO: [Project 1-604] Checkpoint was created with Vivado v2025.2 (64-bit) build 6299465
open_checkpoint: Time (s): cpu = 00:02:08 ; elapsed = 00:13:09 . Memory (MB): peak = 1424.379 ; gain = 1108.348
Command: opt_design
Attempting to get a license for feature 'Implementation' and/or device 'xc7a35t'
INFO: [Common 17-349] Got license for feature 'Implementation' and/or device 'xc7a35t'
Running DRC as a precondition to command opt_design

Starting DRC Task
INFO: [DRC 23-27] Running DRC with 2 threads
INFO: [Project 1-461] DRC finished with 0 Errors
INFO: [Project 1-462] Please refer to the DRC report (report_drc) for more information.

Time (s): cpu = 00:00:03 ; elapsed = 00:00:15 . Memory (MB): peak = 1439.336 ; gain = 14.957

Starting Cache Timing Information Task
Ending Cache Timing Information Task | Checksum: 20f16da83

Time (s): cpu = 00:00:00 ; elapsed = 00:00:00.034 . Memory (MB): peak = 1439.336 ; gain = 0.000

Starting Logic Optimization Task

Phase 1 Initialization

Phase 1.1 Core Generation And Design Setup
Phase 1.1 Core Generation And Design Setup | Checksum: 20f16da83

Time (s): cpu = 00:00:00 ; elapsed = 00:00:00.010 . Memory (MB): peak = 1897.297 ; gain = 0.000

Phase 1.2 Setup Constraints And Sort Netlist
Phase 1.2 Setup Constraints And Sort Netlist | Checksum: 20f16da83

Time (s): cpu = 00:00:00 ; elapsed = 00:00:00.018 . Memory (MB): peak = 1897.297 ; gain = 0.000
Phase 1 Initialization | Checksum: 20f16da83

Time (s): cpu = 00:00:00 ; elapsed = 00:00:00.047 . Memory (MB): peak = 1897.297 ; gain = 0.000

Phase 2 Timer Update And Timing Data Collection

Phase 2.1 Detect if minReqCache needed
Phase 2.1 Detect if minReqCache needed | Checksum: 20f16da83

Time (s): cpu = 00:00:00 ; elapsed = 00:00:00.407 . Memory (MB): peak = 1897.309 ; gain = 0.012

Phase 2.2 Timer Update
Phase 2.2 Timer Update | Checksum: 20f16da83

Time (s): cpu = 00:00:00 ; elapsed = 00:00:00.474 . Memory (MB): peak = 1897.309 ; gain = 0.012

Phase 2.3 Timing Data Collection
Phase 2.3 Timing Data Collection | Checksum: 20f16da83

Time (s): cpu = 00:00:00 ; elapsed = 00:00:00.479 . Memory (MB): peak = 1897.309 ; gain = 0.012
Phase 2 Timer Update And Timing Data Collection | Checksum: 20f16da83

Time (s): cpu = 00:00:00 ; elapsed = 00:00:00.481 . Memory (MB): peak = 1897.309 ; gain = 0.012

Phase 3 Retarget
INFO: [Opt 31-1851] Number of loadless carry chains removed were: 0
INFO: [Opt 31-1834] Total Chains To Be Transformed Were: 0 AND Number of Transformed insts Created are: 0
INFO: [Opt 31-138] Pushed 0 inverter(s) to 0 load pin(s).
INFO: [Opt 31-49] Retargeted 0 cell(s).
Phase 3 Retarget | Checksum: 20f16da83

Time (s): cpu = 00:00:00 ; elapsed = 00:00:01 . Memory (MB): peak = 1897.309 ; gain = 0.012
Retarget | Checksum: 20f16da83
INFO: [Opt 31-389] Phase Retarget created 0 cells and removed 0 cells
INFO: [Opt 31-1021] In phase Retarget, 21 netlist objects are constrained preventing optimization. Please run opt_design with -debug_log to get more detail. 

Phase 4 Constant propagation
INFO: [Opt 31-138] Pushed 0 inverter(s) to 0 load pin(s).
Phase 4 Constant propagation | Checksum: 20f16da83

Time (s): cpu = 00:00:00 ; elapsed = 00:00:01 . Memory (MB): peak = 1897.309 ; gain = 0.012
Constant propagation | Checksum: 20f16da83
INFO: [Opt 31-389] Phase Constant propagation created 0 cells and removed 0 cells
INFO: [Opt 31-1021] In phase Constant propagation, 2 netlist objects are constrained preventing optimization. Please run opt_design with -debug_log to get more detail. 

Phase 5 Sweep
INFO: [Constraints 18-11670] Building netlist checker database with flags, 0x8
Done building netlist checker database: Time (s): cpu = 00:00:00 ; elapsed = 00:00:00.003 . Memory (MB): peak = 1897.309 ; gain = 0.000
Phase 5 Sweep | Checksum: 20f16da83

Time (s): cpu = 00:00:00 ; elapsed = 00:00:01 . Memory (MB): peak = 1897.309 ; gain = 0.012
Sweep | Checksum: 20f16da83
INFO: [Opt 31-389] Phase Sweep created 0 cells and removed 0 cells
INFO: [Opt 31-1021] In phase Sweep, 42 netlist objects are constrained preventing optimization. Please run opt_design with -debug_log to get more detail. 

Phase 6 BUFG optimization
Phase 6 BUFG optimization | Checksum: 20f16da83

Time (s): cpu = 00:00:00 ; elapsed = 00:00:02 . Memory (MB): peak = 1897.309 ; gain = 0.012
BUFG optimization | Checksum: 20f16da83
INFO: [Opt 31-662] Phase BUFG optimization created 0 cells of which 0 are BUFGs and removed 0 cells.

Phase 7 Shift Register Optimization
INFO: [Opt 31-1064] SRL Remap converted 0 SRLs to 0 registers and converted 0 registers of register chains to 0 SRLs
Phase 7 Shift Register Optimization | Checksum: 20f16da83

Time (s): cpu = 00:00:00 ; elapsed = 00:00:02 . Memory (MB): peak = 1897.309 ; gain = 0.012
Shift Register Optimization | Checksum: 20f16da83
INFO: [Opt 31-389] Phase Shift Register Optimization created 0 cells and removed 0 cells

Phase 8 Post Processing Netlist
Phase 8 Post Processing Netlist | Checksum: 20f16da83

Time (s): cpu = 00:00:00 ; elapsed = 00:00:02 . Memory (MB): peak = 1897.309 ; gain = 0.012
Post Processing Netlist | Checksum: 20f16da83
INFO: [Opt 31-389] Phase Post Processing Netlist created 0 cells and removed 0 cells
INFO: [Opt 31-1021] In phase Post Processing Netlist, 2 netlist objects are constrained preventing optimization. Please run opt_design with -debug_log to get more detail. 

Phase 9 Finalization

Phase 9.1 Finalizing Design Cores and Updating Shapes
Phase 9.1 Finalizing Design Cores and Updating Shapes | Checksum: 20f16da83

Time (s): cpu = 00:00:00 ; elapsed = 00:00:02 . Memory (MB): peak = 1897.309 ; gain = 0.012

Phase 9.2 Verifying Netlist Connectivity

Starting Connectivity Check Task

Time (s): cpu = 00:00:00 ; elapsed = 00:00:00.971 . Memory (MB): peak = 1897.309 ; gain = 0.000
Phase 9.2 Verifying Netlist Connectivity | Checksum: 20f16da83

Time (s): cpu = 00:00:00 ; elapsed = 00:00:03 . Memory (MB): peak = 1897.309 ; gain = 0.012
Phase 9 Finalization | Checksum: 20f16da83

Time (s): cpu = 00:00:00 ; elapsed = 00:00:03 . Memory (MB): peak = 1897.309 ; gain = 0.012
Opt_design Change Summary
=========================


-------------------------------------------------------------------------------------------------------------------------
|  Phase                        |  #Cells created  |  #Cells Removed  |  #Constrained objects preventing optimizations  |
-------------------------------------------------------------------------------------------------------------------------
|  Retarget                     |               0  |               0  |                                             21  |
|  Constant propagation         |               0  |               0  |                                              2  |
|  Sweep                        |               0  |               0  |                                             42  |
|  BUFG optimization            |               0  |               0  |                                              0  |
|  Shift Register Optimization  |               0  |               0  |                                              0  |
|  Post Processing Netlist      |               0  |               0  |                                              2  |
-------------------------------------------------------------------------------------------------------------------------


Ending Logic Optimization Task | Checksum: 20f16da83

Time (s): cpu = 00:00:00 ; elapsed = 00:00:03 . Memory (MB): peak = 1897.309 ; gain = 0.012

Starting Power Optimization Task
INFO: [Pwropt 34-132] Skipping clock gating for clocks with a period < 2.00 ns.
Ending Power Optimization Task | Checksum: 20f16da83

Time (s): cpu = 00:00:00 ; elapsed = 00:00:00.322 . Memory (MB): peak = 1897.309 ; gain = 0.000

Starting Final Cleanup Task
Ending Final Cleanup Task | Checksum: 20f16da83

Time (s): cpu = 00:00:00 ; elapsed = 00:00:00.003 . Memory (MB): peak = 1897.309 ; gain = 0.000
Netlist sorting complete. Time (s): cpu = 00:00:00 ; elapsed = 00:00:00 . Memory (MB): peak = 1897.309 ; gain = 0.000
INFO: [Common 17-83] Releasing license: Implementation
35 Infos, 0 Warnings, 0 Critical Warnings and 0 Errors encountered.
opt_design completed successfully
opt_design: Time (s): cpu = 00:00:28 ; elapsed = 00:01:05 . Memory (MB): peak = 1897.309 ; gain = 472.930
Command: place_design
Attempting to get a license for feature 'Implementation' and/or device 'xc7a35t'
INFO: [Common 17-349] Got license for feature 'Implementation' and/or device 'xc7a35t'
INFO: [Common 17-83] Releasing license: Implementation
INFO: [DRC 23-27] Running DRC with 2 threads
INFO: [Vivado_Tcl 4-198] DRC finished with 0 Errors
INFO: [Vivado_Tcl 4-199] Please refer to the DRC report (report_drc) for more information.
INFO: [Timing 38-35] Done setting XDC timing constraints.
Running DRC as a precondition to command place_design
INFO: [DRC 23-27] Running DRC with 2 threads
INFO: [Vivado_Tcl 4-198] DRC finished with 0 Errors
INFO: [Vivado_Tcl 4-199] Please refer to the DRC report (report_drc) for more information.
INFO: [Place 30-611] Multithreading enabled for place_design using a maximum of 2 CPUs

Starting Placer Task

Phase 1 Placer Initialization

Phase 1.1 Placer Initialization Netlist Sorting
Netlist sorting complete. Time (s): cpu = 00:00:00 ; elapsed = 00:00:00.001 . Memory (MB): peak = 1897.309 ; gain = 0.000
Phase 1.1 Placer Initialization Netlist Sorting | Checksum: 1167ea019

Time (s): cpu = 00:00:00 ; elapsed = 00:00:00.018 . Memory (MB): peak = 1897.309 ; gain = 0.000
Netlist sorting complete. Time (s): cpu = 00:00:00 ; elapsed = 00:00:00.001 . Memory (MB): peak = 1897.309 ; gain = 0.000

Phase 1.2 IO Placement/ Clock Placement/ Build Placer Device
Phase 1.2 IO Placement/ Clock Placement/ Build Placer Device | Checksum: 254fc9934

Time (s): cpu = 00:00:03 ; elapsed = 00:00:05 . Memory (MB): peak = 1897.309 ; gain = 0.000

Phase 1.3 Build Placer Netlist Model
Phase 1.3 Build Placer Netlist Model | Checksum: 31eb7af60

Time (s): cpu = 00:00:03 ; elapsed = 00:00:06 . Memory (MB): peak = 1897.309 ; gain = 0.000

Phase 1.4 Constrain Clocks/Macros
Phase 1.4 Constrain Clocks/Macros | Checksum: 31eb7af60

Time (s): cpu = 00:00:03 ; elapsed = 00:00:06 . Memory (MB): peak = 1897.309 ; gain = 0.000
Phase 1 Placer Initialization | Checksum: 31eb7af60

Time (s): cpu = 00:00:03 ; elapsed = 00:00:06 . Memory (MB): peak = 1897.309 ; gain = 0.000

Phase 2 Global Placement

Phase 2.1 Floorplanning
Phase 2.1 Floorplanning | Checksum: 258ff79d4

Time (s): cpu = 00:00:03 ; elapsed = 00:00:07 . Memory (MB): peak = 1897.309 ; gain = 0.000

Phase 2.2 Update Timing before SLR Path Opt
Phase 2.2 Update Timing before SLR Path Opt | Checksum: 284ba6f1e

Time (s): cpu = 00:00:03 ; elapsed = 00:00:07 . Memory (MB): peak = 1897.309 ; gain = 0.000

Phase 2.3 Post-Processing in Floorplanning
Phase 2.3 Post-Processing in Floorplanning | Checksum: 284ba6f1e

Time (s): cpu = 00:00:03 ; elapsed = 00:00:07 . Memory (MB): peak = 1897.309 ; gain = 0.000

Phase 2.4 Global Place Phase1
Phase 2.4 Global Place Phase1 | Checksum: 337acadfe

Time (s): cpu = 00:00:04 ; elapsed = 00:00:15 . Memory (MB): peak = 1897.309 ; gain = 0.000

Phase 2.5 Global Place Phase2

Phase 2.5.1 UpdateTiming Before Physical Synthesis
Phase 2.5.1 UpdateTiming Before Physical Synthesis | Checksum: 337acadfe

Time (s): cpu = 00:00:04 ; elapsed = 00:00:15 . Memory (MB): peak = 1897.309 ; gain = 0.000

Phase 2.5.2 Physical Synthesis In Placer
INFO: [Physopt 32-1044] Break lutnm for timing: one critical 0, two critical 0, total 0, new lutff created 0
INFO: [Physopt 32-1138] End 1 Pass. Optimized 0 net or LUT. Breaked 0 LUT, combined 0 existing LUT and moved 0 existing LUT
INFO: [Physopt 32-65] No nets found for high-fanout optimization.
INFO: [Physopt 32-232] Optimized 0 net. Created 0 new instance.
INFO: [Physopt 32-775] End 1 Pass. Optimized 0 net or cell. Created 0 new cell, deleted 0 existing cell and moved 0 existing cell
INFO: [Physopt 32-670] No setup violation found.  DSP Register Optimization was not performed.
INFO: [Physopt 32-670] No setup violation found.  Shift Register to Pipeline Optimization was not performed.
INFO: [Physopt 32-670] No setup violation found.  Shift Register Optimization was not performed.
INFO: [Physopt 32-670] No setup violation found.  BRAM Register Optimization was not performed.
INFO: [Physopt 32-670] No setup violation found.  URAM Register Optimization was not performed.
INFO: [Physopt 32-949] No candidate nets found for dynamic/static region interface net replication
INFO: [Physopt 32-775] End 1 Pass. Optimized 0 net or cell. Created 0 new cell, deleted 0 existing cell and moved 0 existing cell
Netlist sorting complete. Time (s): cpu = 00:00:00 ; elapsed = 00:00:00.001 . Memory (MB): peak = 1897.309 ; gain = 0.000

Summary of Physical Synthesis Optimizations
============================================


-----------------------------------------------------------------------------------------------------------------------------------------------------------
|  Optimization                                     |  Added Cells  |  Removed Cells  |  Optimized Cells/Nets  |  Dont Touch  |  Iterations  |  Elapsed   |
-----------------------------------------------------------------------------------------------------------------------------------------------------------
|  LUT Combining                                    |            0  |              0  |                     0  |           0  |           1  |  00:00:01  |
|  Retime                                           |            0  |              0  |                     0  |           0  |           1  |  00:00:00  |
|  Very High Fanout                                 |            0  |              0  |                     0  |           0  |           1  |  00:00:00  |
|  DSP Register                                     |            0  |              0  |                     0  |           0  |           0  |  00:00:00  |
|  Shift Register to Pipeline                       |            0  |              0  |                     0  |           0  |           0  |  00:00:00  |
|  Shift Register                                   |            0  |              0  |                     0  |           0  |           0  |  00:00:00  |
|  BRAM Register                                    |            0  |              0  |                     0  |           0  |           0  |  00:00:00  |
|  URAM Register                                    |            0  |              0  |                     0  |           0  |           0  |  00:00:00  |
|  Dynamic/Static Region Interface Net Replication  |            0  |              0  |                     0  |           0  |           1  |  00:00:00  |
|  Total                                            |            0  |              0  |                     0  |           0  |           4  |  00:00:01  |
-----------------------------------------------------------------------------------------------------------------------------------------------------------


Phase 2.5.2 Physical Synthesis In Placer | Checksum: 337acadfe

Time (s): cpu = 00:00:04 ; elapsed = 00:00:16 . Memory (MB): peak = 1897.309 ; gain = 0.000
Phase 2.5 Global Place Phase2 | Checksum: 2b9b432fa

Time (s): cpu = 00:00:04 ; elapsed = 00:00:19 . Memory (MB): peak = 1897.309 ; gain = 0.000
Phase 2 Global Placement | Checksum: 2b9b432fa

Time (s): cpu = 00:00:04 ; elapsed = 00:00:19 . Memory (MB): peak = 1897.309 ; gain = 0.000

Phase 3 Detail Placement

Phase 3.1 Commit Multi Column Macros
Phase 3.1 Commit Multi Column Macros | Checksum: 3038dde99

Time (s): cpu = 00:00:04 ; elapsed = 00:00:19 . Memory (MB): peak = 1897.309 ; gain = 0.000

Phase 3.2 Commit Most Macros & LUTRAMs
Phase 3.2 Commit Most Macros & LUTRAMs | Checksum: 28d7e0935

Time (s): cpu = 00:00:04 ; elapsed = 00:00:20 . Memory (MB): peak = 1897.309 ; gain = 0.000

Phase 3.3 Area Swap Optimization
Phase 3.3 Area Swap Optimization | Checksum: 2c23a3c94

Time (s): cpu = 00:00:04 ; elapsed = 00:00:20 . Memory (MB): peak = 1897.309 ; gain = 0.000

Phase 3.4 Pipeline Register Optimization
Phase 3.4 Pipeline Register Optimization | Checksum: 2c23a3c94

Time (s): cpu = 00:00:04 ; elapsed = 00:00:20 . Memory (MB): peak = 1897.309 ; gain = 0.000

Phase 3.5 Small Shape Detail Placement
Phase 3.5 Small Shape Detail Placement | Checksum: 2dd0b5eab

Time (s): cpu = 00:00:06 ; elapsed = 00:00:23 . Memory (MB): peak = 1897.309 ; gain = 0.000

Phase 3.6 Re-assign LUT pins
Phase 3.6 Re-assign LUT pins | Checksum: 223d952d2

Time (s): cpu = 00:00:06 ; elapsed = 00:00:23 . Memory (MB): peak = 1897.309 ; gain = 0.000

Phase 3.7 Pipeline Register Optimization
Phase 3.7 Pipeline Register Optimization | Checksum: 223d952d2

Time (s): cpu = 00:00:06 ; elapsed = 00:00:23 . Memory (MB): peak = 1897.309 ; gain = 0.000
Phase 3 Detail Placement | Checksum: 223d952d2

Time (s): cpu = 00:00:06 ; elapsed = 00:00:23 . Memory (MB): peak = 1897.309 ; gain = 0.000

Phase 4 Post Placement Optimization and Clean-Up

Phase 4.1 Post Commit Optimization
INFO: [Timing 38-35] Done setting XDC timing constraints.

Phase 4.1.1 Post Placement Optimization
Post Placement Optimization Initialization | Checksum: 25df29f31

Phase 4.1.1.1 BUFG Insertion

Starting Physical Synthesis Task

Phase 1 Physical Synthesis Initialization
INFO: [Physopt 32-721] Multithreading enabled for phys_opt_design using a maximum of 2 CPUs
INFO: [Physopt 32-619] Estimated Timing Summary | WNS=5.827 | TNS=0.000 |
Phase 1 Physical Synthesis Initialization | Checksum: 285caa796

Time (s): cpu = 00:00:00 ; elapsed = 00:00:00.053 . Memory (MB): peak = 1897.309 ; gain = 0.000
INFO: [Place 46-56] BUFG insertion identified 0 candidate nets. Inserted BUFG: 0, Replicated BUFG Driver: 0, Skipped due to Placement/Routing Conflicts: 0, Skipped due to Timing Degradation: 0, Skipped due to netlist editing failed: 0.
Ending Physical Synthesis Task | Checksum: 2a29aa4ce

Time (s): cpu = 00:00:00 ; elapsed = 00:00:00.081 . Memory (MB): peak = 1897.309 ; gain = 0.000
Phase 4.1.1.1 BUFG Insertion | Checksum: 25df29f31

Time (s): cpu = 00:00:06 ; elapsed = 00:00:24 . Memory (MB): peak = 1897.309 ; gain = 0.000

Phase 4.1.1.2 Post Placement Timing Optimization
INFO: [Place 30-746] Post Placement Timing Summary WNS=5.827. For the most accurate timing information please run report_timing.
Phase 4.1.1.2 Post Placement Timing Optimization | Checksum: 1ada7b030

Time (s): cpu = 00:00:06 ; elapsed = 00:00:24 . Memory (MB): peak = 1897.309 ; gain = 0.000

Time (s): cpu = 00:00:06 ; elapsed = 00:00:24 . Memory (MB): peak = 1897.309 ; gain = 0.000
Phase 4.1 Post Commit Optimization | Checksum: 1ada7b030

Time (s): cpu = 00:00:06 ; elapsed = 00:00:24 . Memory (MB): peak = 1897.309 ; gain = 0.000

Phase 4.2 Post Placement Cleanup
Phase 4.2 Post Placement Cleanup | Checksum: 1ada7b030

Time (s): cpu = 00:00:06 ; elapsed = 00:00:24 . Memory (MB): peak = 1897.309 ; gain = 0.000

Phase 4.3 Placer Reporting

Phase 4.3.1 Print Estimated Congestion
INFO: [Place 30-612] Post-Placement Estimated Congestion 
 ____________________________________________________
|           | Global Congestion | Short Congestion  |
| Direction | Region Size       | Region Size       |
|___________|___________________|___________________|
|      North|                1x1|                1x1|
|___________|___________________|___________________|
|      South|                1x1|                1x1|
|___________|___________________|___________________|
|       East|                1x1|                1x1|
|___________|___________________|___________________|
|       West|                1x1|                1x1|
|___________|___________________|___________________|

Phase 4.3.1 Print Estimated Congestion | Checksum: 1ada7b030

Time (s): cpu = 00:00:06 ; elapsed = 00:00:24 . Memory (MB): peak = 1897.309 ; gain = 0.000
Phase 4.3 Placer Reporting | Checksum: 1ada7b030

Time (s): cpu = 00:00:06 ; elapsed = 00:00:24 . Memory (MB): peak = 1897.309 ; gain = 0.000

Phase 4.4 Final Placement Cleanup
Netlist sorting complete. Time (s): cpu = 00:00:00 ; elapsed = 00:00:00.001 . Memory (MB): peak = 1897.309 ; gain = 0.000

Time (s): cpu = 00:00:06 ; elapsed = 00:00:24 . Memory (MB): peak = 1897.309 ; gain = 0.000
Phase 4 Post Placement Optimization and Clean-Up | Checksum: 1adf26399

Time (s): cpu = 00:00:06 ; elapsed = 00:00:24 . Memory (MB): peak = 1897.309 ; gain = 0.000
Ending Placer Task | Checksum: 1aa4d1dcd

Time (s): cpu = 00:00:06 ; elapsed = 00:00:24 . Memory (MB): peak = 1897.309 ; gain = 0.000
63 Infos, 0 Warnings, 0 Critical Warnings and 0 Errors encountered.
place_design completed successfully
place_design: Time (s): cpu = 00:00:13 ; elapsed = 00:00:50 . Memory (MB): peak = 1897.309 ; gain = 0.000
report_io: Time (s): cpu = 00:00:01 ; elapsed = 00:00:01 . Memory (MB): peak = 1897.309 ; gain = 0.000
Command: report_drc -file C:/FPGA/PCB_PIN0_VIVADO_SANDBOX_20260831/placement/D13_POST_PLACE_DRC.rpt
INFO: [IP_Flow 19-234] Refreshing IP repositories
INFO: [IP_Flow 19-1704] No user IP repositories specified
INFO: [IP_Flow 19-2313] Loaded Vivado IP repository 'C:/AMDDesignTools/2025.2/Vivado/data/ip'.
INFO: [DRC 23-27] Running DRC with 2 threads
INFO: [Vivado_Tcl 2-168] The results of DRC are in file C:/FPGA/PCB_PIN0_VIVADO_SANDBOX_20260831/placement/D13_POST_PLACE_DRC.rpt.
report_drc completed successfully
report_drc: Time (s): cpu = 00:00:15 ; elapsed = 00:00:33 . Memory (MB): peak = 1897.309 ; gain = 0.000
Command: route_design -directive Quick
Attempting to get a license for feature 'Implementation' and/or device 'xc7a35t'
INFO: [Common 17-349] Got license for feature 'Implementation' and/or device 'xc7a35t'


Starting Routing Task
INFO: [Route 35-270] Using Router directive 'Quick'.
INFO: [Route 35-254] Multithreading enabled for route_design using a maximum of 2 CPUs

Phase 1 Build RT Design
Checksum: PlaceDB: 303ed5ae ConstDB: 0 ShapeSum: d98cebc8 RouteDB: a0815c57
Post Restoration Checksum: NetGraph: 932cad9b | NumContArr: 2f104bae | Constraints: c2a8fa9d | Timing: c2a8fa9d
Phase 1 Build RT Design | Checksum: 2478eee83

Time (s): cpu = 00:00:38 ; elapsed = 00:01:09 . Memory (MB): peak = 1897.309 ; gain = 0.000

Phase 2 Router Initialization

Phase 2.1 Fix Topology Constraints
Phase 2.1 Fix Topology Constraints | Checksum: 2478eee83

Time (s): cpu = 00:00:38 ; elapsed = 00:01:09 . Memory (MB): peak = 1897.309 ; gain = 0.000

Phase 2.2 Pre Route Cleanup
Phase 2.2 Pre Route Cleanup | Checksum: 2478eee83

Time (s): cpu = 00:00:38 ; elapsed = 00:01:09 . Memory (MB): peak = 1897.309 ; gain = 0.000
 Number of Nodes with overlaps = 0

Router Utilization Summary
  Global Vertical Routing Utilization    = 0 %
  Global Horizontal Routing Utilization  = 0 %
  Routable Net Status*
  *Does not include unroutable nets such as driverless and loadless.
  Run report_route_status for detailed report.
  Number of Failed Nets               = 63
    (Failed Nets is the sum of unrouted and partially routed nets)
  Number of Unrouted Nets             = 63
  Number of Partially Routed Nets     = 0
  Number of Node Overlaps             = 0

Phase 2 Router Initialization | Checksum: 2d5b3a019

Time (s): cpu = 00:00:40 ; elapsed = 00:01:11 . Memory (MB): peak = 1897.309 ; gain = 0.000

Phase 3 Global Routing
Phase 3 Global Routing | Checksum: 2d5b3a019

Time (s): cpu = 00:00:40 ; elapsed = 00:01:11 . Memory (MB): peak = 1897.309 ; gain = 0.000

Phase 4 Initial Routing

Phase 4.1 Initial Net Routing Pass
Phase 4.1 Initial Net Routing Pass | Checksum: 2eb97cd0e

Time (s): cpu = 00:00:41 ; elapsed = 00:01:12 . Memory (MB): peak = 1897.309 ; gain = 0.000
Phase 4 Initial Routing | Checksum: 2eb97cd0e

Time (s): cpu = 00:00:41 ; elapsed = 00:01:12 . Memory (MB): peak = 1897.309 ; gain = 0.000

Phase 5 Rip-up And Reroute

Phase 5.1 Global Iteration 0
 Number of Nodes with overlaps = 1
 Number of Nodes with overlaps = 0
Phase 5.1 Global Iteration 0 | Checksum: 1f487a993

Time (s): cpu = 00:00:41 ; elapsed = 00:01:13 . Memory (MB): peak = 1897.309 ; gain = 0.000
Phase 5 Rip-up And Reroute | Checksum: 1f487a993

Time (s): cpu = 00:00:41 ; elapsed = 00:01:13 . Memory (MB): peak = 1897.309 ; gain = 0.000

Phase 6 Delay and Skew Optimization
Phase 6 Delay and Skew Optimization | Checksum: 1f487a993

Time (s): cpu = 00:00:41 ; elapsed = 00:01:13 . Memory (MB): peak = 1897.309 ; gain = 0.000

Phase 7 Post Hold Fix

Phase 7.1 Hold Fix Iter
Phase 7.1 Hold Fix Iter | Checksum: 1f487a993

Time (s): cpu = 00:00:41 ; elapsed = 00:01:13 . Memory (MB): peak = 1897.309 ; gain = 0.000
Phase 7 Post Hold Fix | Checksum: 1f487a993

Time (s): cpu = 00:00:41 ; elapsed = 00:01:13 . Memory (MB): peak = 1897.309 ; gain = 0.000

Phase 8 Route finalize

Router Utilization Summary
  Global Vertical Routing Utilization    = 0.0388264 %
  Global Horizontal Routing Utilization  = 0.0104112 %
  Routable Net Status*
  *Does not include unroutable nets such as driverless and loadless.
  Run report_route_status for detailed report.
  Number of Failed Nets               = 0
    (Failed Nets is the sum of unrouted and partially routed nets)
  Number of Unrouted Nets             = 0
  Number of Partially Routed Nets     = 0
  Number of Node Overlaps             = 0


--GLOBAL Congestion:
Utilization threshold used for congestion level computation: 0.85
Congestion Report
North Dir 1x1 Area, Max Cong = 21.6216%, No Congested Regions.
South Dir 1x1 Area, Max Cong = 21.6216%, No Congested Regions.
East Dir 1x1 Area, Max Cong = 5.88235%, No Congested Regions.
West Dir 1x1 Area, Max Cong = 5.88235%, No Congested Regions.

------------------------------
Reporting congestion hotspots
------------------------------
Direction: North
----------------
Congested clusters found at Level 0
Effective congestion level: 0 Aspect Ratio: 1 Sparse Ratio: 0
Direction: South
----------------
Congested clusters found at Level 0
Effective congestion level: 0 Aspect Ratio: 1 Sparse Ratio: 0
Direction: East
----------------
Congested clusters found at Level 0
Effective congestion level: 0 Aspect Ratio: 1 Sparse Ratio: 0
Direction: West
----------------
Congested clusters found at Level 0
Effective congestion level: 0 Aspect Ratio: 1 Sparse Ratio: 0

Phase 8 Route finalize | Checksum: 1f487a993

Time (s): cpu = 00:00:42 ; elapsed = 00:01:13 . Memory (MB): peak = 1897.309 ; gain = 0.000

Phase 9 Verifying routed nets

 Verification completed successfully
Phase 9 Verifying routed nets | Checksum: 1f487a993

Time (s): cpu = 00:00:42 ; elapsed = 00:01:13 . Memory (MB): peak = 1897.309 ; gain = 0.000

Phase 10 Depositing Routes
Phase 10 Depositing Routes | Checksum: 2164d9da3

Time (s): cpu = 00:00:42 ; elapsed = 00:01:13 . Memory (MB): peak = 1897.309 ; gain = 0.000

Phase 11 Post Process Routing
Phase 11 Post Process Routing | Checksum: 2164d9da3

Time (s): cpu = 00:00:42 ; elapsed = 00:01:13 . Memory (MB): peak = 1897.309 ; gain = 0.000
Total Elapsed time in route_design: 72.705 secs

Phase 12 Post-Route Event Processing
Phase 12 Post-Route Event Processing | Checksum: 14da457e9

Time (s): cpu = 00:00:42 ; elapsed = 00:01:13 . Memory (MB): peak = 1897.309 ; gain = 0.000
INFO: [Route 35-16] Router Completed Successfully
Ending Routing Task | Checksum: 14da457e9

Time (s): cpu = 00:00:42 ; elapsed = 00:01:13 . Memory (MB): peak = 1897.309 ; gain = 0.000

Routing Is Done.
INFO: [Common 17-83] Releasing license: Implementation
10 Infos, 0 Warnings, 0 Critical Warnings and 0 Errors encountered.
route_design completed successfully
route_design: Time (s): cpu = 00:00:42 ; elapsed = 00:01:14 . Memory (MB): peak = 1897.309 ; gain = 0.000
Command: report_drc -file C:/FPGA/PCB_PIN0_VIVADO_SANDBOX_20260831/placement/D13_POST_ROUTE_DRC.rpt
INFO: [IP_Flow 19-1839] IP Catalog is up to date.
INFO: [DRC 23-27] Running DRC with 2 threads
INFO: [Vivado_Tcl 2-168] The results of DRC are in file C:/FPGA/PCB_PIN0_VIVADO_SANDBOX_20260831/placement/D13_POST_ROUTE_DRC.rpt.
report_drc completed successfully
report_drc: Time (s): cpu = 00:00:12 ; elapsed = 00:00:24 . Memory (MB): peak = 1897.309 ; gain = 0.000
INFO: [Timing 38-91] UpdateTimingParams: Speed grade: -2, Delay Type: min_max.
INFO: [Timing 38-191] Multithreading enabled for timing update using a maximum of 2 CPUs
Write ShapeDB Complete: Time (s): cpu = 00:00:00 ; elapsed = 00:00:00.008 . Memory (MB): peak = 1897.309 ; gain = 0.000
INFO: [Timing 38-480] Writing timing data to binary archive.
Wrote PlaceDB: Time (s): cpu = 00:00:00 ; elapsed = 00:00:00.002 . Memory (MB): peak = 1897.309 ; gain = 0.000
Wrote PulsedLatchDB: Time (s): cpu = 00:00:00 ; elapsed = 00:00:00 . Memory (MB): peak = 1897.309 ; gain = 0.000
Writing XDEF routing.
Writing XDEF routing logical nets.
Writing XDEF routing special nets.
Wrote RouteStorage: Time (s): cpu = 00:00:00 ; elapsed = 00:00:00.339 . Memory (MB): peak = 1897.309 ; gain = 0.000
Wrote PlaceStorage: Time (s): cpu = 00:00:00 ; elapsed = 00:00:00.023 . Memory (MB): peak = 1897.309 ; gain = 0.000
Wrote Netlist Cache: Time (s): cpu = 00:00:00 ; elapsed = 00:00:00.001 . Memory (MB): peak = 1897.309 ; gain = 0.000
Wrote Device Cache: Time (s): cpu = 00:00:00 ; elapsed = 00:00:00.080 . Memory (MB): peak = 1897.309 ; gain = 0.000
Write Physdb Complete: Time (s): cpu = 00:00:01 ; elapsed = 00:00:02 . Memory (MB): peak = 1897.309 ; gain = 0.000
INFO: [Common 17-1381] The checkpoint 'C:/FPGA/PCB_PIN0_VIVADO_SANDBOX_20260831/placement/D13_POST_ROUTE.dcp' has been generated.
write_checkpoint: Time (s): cpu = 00:00:01 ; elapsed = 00:00:13 . Memory (MB): peak = 1897.309 ; gain = 0.000
close_design: Time (s): cpu = 00:00:03 ; elapsed = 00:00:10 . Memory (MB): peak = 1897.309 ; gain = 0.000
INFO: [Common 17-206] Exiting Vivado at Mon Aug 31 14:29:46 2026...
