#-----------------------------------------------------------
# Vivado v2025.2 (64-bit)
# SW Build 6299465 on Fri Nov 14 19:35:11 GMT 2025
# IP Build 6300035 on Fri Nov 14 10:48:45 MST 2025
# SharedData Build 6298862 on Thu Nov 13 04:50:51 MST 2025
# Start of session at: Sat Aug 22 00:46:20 2026
# Process ID         : 13704
# Current directory  : C:/FPGA/V41_NVP_I2C_25KHZ_PAIRED_AB_R1/06_ARM_A_25KHZ/POST_PROGRAM_DONE_READONLY
# Command line       : vivado.exe -mode batch -notrace -log C:\FPGA\V41_NVP_I2C_25KHZ_PAIRED_AB_R1\06_ARM_A_25KHZ\POST_PROGRAM_DONE_READONLY\READ_ONLY_DONE.log -journal C:\FPGA\V41_NVP_I2C_25KHZ_PAIRED_AB_R1\06_ARM_A_25KHZ\POST_PROGRAM_DONE_READONLY\READ_ONLY_DONE.jou -source C:\FPGA\V41_NVP_I2C_25KHZ_PAIRED_AB_R1\scripts\hardware\read_jtag_identity_done_strong.tcl
# Log file           : C:/FPGA/V41_NVP_I2C_25KHZ_PAIRED_AB_R1/06_ARM_A_25KHZ/POST_PROGRAM_DONE_READONLY/READ_ONLY_DONE.log
# Journal file       : C:\FPGA\V41_NVP_I2C_25KHZ_PAIRED_AB_R1\06_ARM_A_25KHZ\POST_PROGRAM_DONE_READONLY\READ_ONLY_DONE.jou
# Running On         : NBLSUDUL
# Platform           : Windows Server 2016 or Windows 10
# Operating System   : 19045
# Processor Detail   : Intel(R) Core(TM) i7-7500U CPU @ 2.70GHz
# CPU Frequency      : 2904 MHz
# CPU Physical cores : 2
# CPU Logical cores  : 4
# Host memory        : 17028 MB
# Swap memory        : 4160 MB
# Total Virtual      : 21189 MB
# Available Virtual  : 7800 MB
#-----------------------------------------------------------
WARNING: [Runs 36-547] User Strategy 'Vivado Implementation Defaults' from file 'C:\Users\£ukasz Sudu³\AppData\Roaming/Xilinx/Vivado/2025.2/strategies/Vivado Implementation Defaults.Vivado Implementation 2025.psg' discarded because strategy with same name already parsed from 'C:/AMDDesignTools/2025.2/Vivado/strategies/VDI2025.psg'
source {C:\FPGA\V41_NVP_I2C_25KHZ_PAIRED_AB_R1\scripts\hardware\read_jtag_identity_done_strong.tcl} -notrace
READ_ONLY_JTAG_START_UTC=2026-08-21T22:46:41Z
open_hw_manager: Time (s): cpu = 00:00:25 ; elapsed = 00:00:30 . Memory (MB): peak = 541.777 ; gain = 224.246
INFO: [Labtools 27-2285] Connecting to hw_server url TCP:localhost:3121
INFO: [Labtools 27-2222] Launching hw_server...
INFO: [Labtools 27-2221] Launch Output:

****** Xilinx hw_server v2025.2
  **** Build date : Oct 28 2025 at 10:03:13
    ** Copyright 1986-2022 Xilinx, Inc. All Rights Reserved.


INFO: [Labtools 27-3415] Connecting to cs_server url TCP:localhost:0
INFO: [Labtools 27-3417] Launching cs_server...
INFO: [Labtools 27-2221] Launch Output:


******** Xilinx cs_server v2025.2.0
  ****** Build date   : Nov 14 2025-00:16:52
    **** Build number : 2025.2.1763075812
      ** Copyright 2017-2022 Xilinx, Inc. All Rights Reserved.
      ** Copyright 2022-2026 Advanced Micro Devices, Inc. All Rights Reserved.



connect_hw_server: Time (s): cpu = 00:00:00 ; elapsed = 00:00:29 . Memory (MB): peak = 546.723 ; gain = 4.945
GLOBAL_HW_TARGET_COUNT=1
GLOBAL_HW_TARGET_0=localhost:3121/xilinx_tcf/Digilent/210241768436
JTAG_HS2_SERIAL=210241768436
JTAG_TARGET=localhost:3121/xilinx_tcf/Digilent/210241768436
JTAG_TARGET_MATCH_COUNT=1
INFO: [Labtoolstcl 44-466] Opening hw_target localhost:3121/xilinx_tcf/Digilent/210241768436
JTAG_DEVICE_COUNT=1
FPGA_PART=xc7a35t
FPGA_IDCODE=0362D093
INFO: [Labtools 27-1434] Device xc7a35t (JTAG device index = 0) is programmed with a design that has no supported soft debug core(s) in it.
FPGA_DONE=1
READ_ONLY_JTAG_GATE=PASS
FPGA_SRAM_PROGRAMS_THIS_SCRIPT=0
READ_ONLY_JTAG_END_UTC=2026-08-21T22:47:45Z
INFO: [Labtoolstcl 44-464] Closing hw_target localhost:3121/xilinx_tcf/Digilent/210241768436
INFO: [Common 17-206] Exiting Vivado at Sat Aug 22 00:47:46 2026...
