UTC_START=2026-08-21T11:08:07.7853683Z
UTC_END=2026-08-21T11:08:09.2158287Z
EVIDENCE_KIND=BOOTSTRAP_PINNED_DRIVER_LOAD
RESULT=PASS
EXIT_CODE=0
ARGUMENT_TOKEN_AUDIT=PASS
PLINK_PW_OPTION_USED=NO
PLINK_PWFILE_OPTION_USED=YES
USERNAME_ROLE_OCCURRENCE=YES_AUTHORIZED
PASSWORD_ROLE_ARGUMENT_OCCURRENCE=NO
REMOTE_COMMAND_SHARED_LITERAL=NO
INHERITED_ENVIRONMENT_AUDIT=PASS
PWFILE_CREATED=YES
PWFILE_DELETED=YES
STDOUT_BEGIN
xdma                  114688  0
filename:       /home/vcdeagent1/FPGA_AHD_HOST/dma_ip_drivers/XDMA/linux-kernel/xdma/xdma.ko
license:        Dual BSD/GPL
version:        2025.2.0
description:    Xilinx XDMA Reference Driver
author:         Xilinx, Inc.
srcversion:     E2C680AF6D8BF5E3A2F6ACB
alias:          pci:v00001D0Fd0000F001sv*sd*bc*sc*i*
alias:          pci:v00001D0Fd0000F000sv*sd*bc*sc*i*
alias:          pci:v000010EEd00002808sv*sd*bc*sc*i*
alias:          pci:v000010EEd00004B28sv*sd*bc*sc*i*
alias:          pci:v000010EEd00004A28sv*sd*bc*sc*i*
alias:          pci:v000010EEd00004908sv*sd*bc*sc*i*
alias:          pci:v000010EEd00004828sv*sd*bc*sc*i*
alias:          pci:v000010EEd00004808sv*sd*bc*sc*i*
alias:          pci:v000010EEd00006D30sv*sd*bc*sc*i*
alias:          pci:v000010EEd00006A30sv*sd*bc*sc*i*
alias:          pci:v000010EEd00006A28sv*sd*bc*sc*i*
alias:          pci:v000010EEd00006930sv*sd*bc*sc*i*
alias:          pci:v000010EEd00006928sv*sd*bc*sc*i*
alias:          pci:v000010EEd00006830sv*sd*bc*sc*i*
alias:          pci:v000010EEd00006828sv*sd*bc*sc*i*
alias:          pci:v000010EEd00007038sv*sd*bc*sc*i*
alias:          pci:v000010EEd00007034sv*sd*bc*sc*i*
alias:          pci:v000010EEd00007032sv*sd*bc*sc*i*
alias:          pci:v000010EEd00007031sv*sd*bc*sc*i*
alias:          pci:v000010EEd00007028sv*sd*bc*sc*i*
alias:          pci:v000010EEd00007024sv*sd*bc*sc*i*
alias:          pci:v000010EEd00007022sv*sd*bc*sc*i*
alias:          pci:v000010EEd00007021sv*sd*bc*sc*i*
alias:          pci:v000010EEd00007018sv*sd*bc*sc*i*
alias:          pci:v000010EEd00007014sv*sd*bc*sc*i*
alias:          pci:v000010EEd00007012sv*sd*bc*sc*i*
alias:          pci:v000010EEd00007011sv*sd*bc*sc*i*
alias:          pci:v000010EEd00008038sv*sd*bc*sc*i*
alias:          pci:v000010EEd00008034sv*sd*bc*sc*i*
alias:          pci:v000010EEd00008032sv*sd*bc*sc*i*
alias:          pci:v000010EEd00008031sv*sd*bc*sc*i*
alias:          pci:v000010EEd00008028sv*sd*bc*sc*i*
alias:          pci:v000010EEd00008024sv*sd*bc*sc*i*
alias:          pci:v000010EEd00008022sv*sd*bc*sc*i*
alias:          pci:v000010EEd00008021sv*sd*bc*sc*i*
alias:          pci:v000010EEd00008018sv*sd*bc*sc*i*
alias:          pci:v000010EEd00008014sv*sd*bc*sc*i*
alias:          pci:v000010EEd00008012sv*sd*bc*sc*i*
alias:          pci:v000010EEd00008011sv*sd*bc*sc*i*
alias:          pci:v000010EEd00009011sv*sd*bc*sc*i*
alias:          pci:v000010EEd00009021sv*sd*bc*sc*i*
alias:          pci:v000010EEd00009031sv*sd*bc*sc*i*
alias:          pci:v000010EEd00009012sv*sd*bc*sc*i*
alias:          pci:v000010EEd00009022sv*sd*bc*sc*i*
alias:          pci:v000010EEd00009032sv*sd*bc*sc*i*
alias:          pci:v000010EEd00009014sv*sd*bc*sc*i*
alias:          pci:v000010EEd00009024sv*sd*bc*sc*i*
alias:          pci:v000010EEd00009034sv*sd*bc*sc*i*
alias:          pci:v000010EEd00009018sv*sd*bc*sc*i*
alias:          pci:v000010EEd00009028sv*sd*bc*sc*i*
alias:          pci:v000010EEd00009038sv*sd*bc*sc*i*
alias:          pci:v000010EEd0000903Fsv*sd*bc*sc*i*
alias:          pci:v000010EEd00009041sv*sd*bc*sc*i*
alias:          pci:v000010EEd00009042sv*sd*bc*sc*i*
alias:          pci:v000010EEd00009044sv*sd*bc*sc*i*
alias:          pci:v000010EEd00009048sv*sd*bc*sc*i*
depends:        
name:           xdma
retpoline:      Y
vermagic:       7.0.0-29-generic SMP preempt mod_unload modversions 
parm:           h2c_timeout:H2C sgdma timeout in seconds, default is 10 sec. (uint)
parm:           c2h_timeout:C2H sgdma timeout in seconds, default is 10 sec. (uint)
parm:           poll_mode:Set 1 for hw polling, default is 0 (interrupts) (uint)
parm:           interrupt_mode:0 - Auto , 1 - MSI, 2 - Legacy, 3 - MSI-x (uint)
parm:           enable_st_c2h_credit:Set 1 to enable ST C2H engine credit feature, default is 0 ( credit control disabled) (uint)
parm:           desc_blen_max:per descriptor max. buffer length, default is (1 << 28) - 1 (uint)
xdma0_c2h_0
xdma0_control
xdma0_events_0
xdma0_events_1
xdma0_events_10
xdma0_events_11
xdma0_events_12
xdma0_events_13
xdma0_events_14
xdma0_events_15
xdma0_events_2
xdma0_events_3
xdma0_events_4
xdma0_events_5
xdma0_events_6
xdma0_events_7
xdma0_events_8
xdma0_events_9
xdma0_h2c_0
xdma0_user
xdma0_xvc
[  121.493968] xdma: loading out-of-tree module taints kernel.
[  121.493982] xdma: module verification failed: signature and/or required key missing - tainting kernel
[  121.495244] xdma:xdma_mod_init: Xilinx XDMA Reference Driver xdma v2025.2.0
[  121.495247] xdma:xdma_mod_init: desc_blen_max: 0xfffffff/268435455, timeout: h2c 10 c2h 10 sec.
[  121.495311] xdma:xdma_device_open: xdma device 0000:01:00.0, 0x0000000011804f58.
[  121.495334] xdma 0000:01:00.0: enabling device (0000 -> 0002)
[  121.495489] xdma:map_single_bar: BAR0 at 0xf6e00000 mapped at 0x00000000d75cedc0, length=131072(/131072)
[  121.495500] xdma:map_single_bar: BAR1 at 0xf6e20000 mapped at 0x0000000081c5a95e, length=65536(/65536)
[  121.495507] xdma:map_bars: config bar 1, pos 1.
[  121.495509] xdma:identify_bars: 2 BARs: config 1, user 0, bypass -1.
[  121.495681] xdma:pci_keep_intx_enabled: 0000:01:00.0: clear INTX_DISABLE, 0x406 -> 0x6.
[  121.495712] xdma:probe_one: 0000:01:00.0 xdma0, pdev 0x0000000011804f58, xdev 0x00000000c5f160cc, 0x00000000dc8da792, usr 16, ch 1,1.
[  121.496446] xdma:cdev_xvc_init: xcdev 0x000000005f39bc3b, bar 0, offset 0x40000.
XDMA_MODULE_SHA256=1aef06244df308fee544a2662b73855c81beb88bc929e7885d8d113e474b320a
XDMA_ENDPOINT_COUNT=1
XDMA_BDF=0000:01:00.0
PREEXISTING_XDMA_MODULE=NO
XDMA_DRIVER_LOAD=PASS
XDMA_USER_NODE=/dev/xdma0_user
STDOUT_END
STDERR_BEGIN

STDERR_END
