UTC_START=2026-08-21T11:07:26.9916817Z
UTC_END=2026-08-21T11:07:29.5493088Z
EVIDENCE_KIND=BOOTSTRAP_PINNED_DRIVER_LOAD
RESULT=FAIL
EXIT_CODE=2
ARGUMENT_TOKEN_AUDIT=PASS
PLINK_PW_OPTION_USED=NO
PLINK_PWFILE_OPTION_USED=YES
USERNAME_ROLE_OCCURRENCE=YES_AUTHORIZED
PASSWORD_ROLE_ARGUMENT_OCCURRENCE=NO
REMOTE_COMMAND_SHARED_LITERAL=NO
INHERITED_ENVIRONMENT_AUDIT=PASS
PWFILE_CREATED=YES
PWFILE_DELETED=YES
STDOUT_BEGIN

STDOUT_END
STDERR_BEGIN
bash: -c: line 1: syntax error near unexpected token `('
bash: -c: line 1: `test \$(sha256sum \$HOME/FPGA_AHD_HOST/phase2_precheck_accepted/phase2_load_xdma_driver.sh | cut -d' ' -f1) = 7279e316a2d647826b8d5ec6bedf78a143b72d100b4008c7ac006c1b6653649f; test \$(sha256sum \$HOME/FPGA_AHD_HOST/dma_ip_drivers/XDMA/linux-kernel/xdma/xdma.ko | cut -d' ' -f1) = 1aef06244df308fee544a2662b73855c81beb88bc929e7885d8d113e474b320a; test ! -e \$HOME/FPGA_AHD_HOST/r1_axi_clock_measure/bootstrap_driver_load; sudo -S -k -p '' /usr/bin/bash \$HOME/FPGA_AHD_HOST/phase2_precheck_accepted/phase2_load_xdma_driver.sh \$HOME/FPGA_AHD_HOST/dma_ip_drivers/XDMA/linux-kernel/xdma/xdma.ko 1AEF06244DF308FEE544A2662B73855C81BEB88BC929E7885D8D113E474B320A \$HOME/FPGA_AHD_HOST/r1_axi_clock_measure/bootstrap_driver_load'
STDERR_END
