UTC_START=2026-08-21T11:10:14.9562848Z
UTC_END=2026-08-21T11:10:23.6305991Z
EVIDENCE_KIND=BOOTSTRAP_FORMAL_REGISTERS
RESULT=PASS
EXIT_CODE=0
ARGUMENT_TOKEN_AUDIT=PASS
PLINK_PW_OPTION_USED=NO
PLINK_PWFILE_OPTION_USED=YES
USERNAME_ROLE_OCCURRENCE=YES_AUTHORIZED
PASSWORD_ROLE_ARGUMENT_OCCURRENCE=NO
REMOTE_COMMAND_SHARED_LITERAL=NO
INHERITED_ENVIRONMENT_AUDIT=PASS
PWFILE_CREATED=YES
PWFILE_DELETED=YES
STDOUT_BEGIN
XDMA_USER_NODE=/dev/xdma0_user
AXI_LITE_OFFSET=0x00000000
AXI_LITE_OBSERVED=0xA40A0C07
AXI_LITE_EXPECTED=0xA40A0C07
AXI_LITE_READ_RESULT=PASS
XDMA_USER_NODE=/dev/xdma0_user
AXI_LITE_OFFSET=0x00000004
AXI_LITE_OBSERVED=0x0000400B
AXI_LITE_EXPECTED=0x0000400B
AXI_LITE_READ_RESULT=PASS
XDMA_USER_NODE=/dev/xdma0_user
AXI_LITE_OFFSET=0x00000008
AXI_LITE_OBSERVED=0x00031002
AXI_LITE_EXPECTED=0x00031002
AXI_LITE_READ_RESULT=PASS
XDMA_USER_NODE=/dev/xdma0_user
AXI_LITE_OFFSET=0x00002000
AXI_LITE_OBSERVED=0x00000000
AXI_LITE_EXPECTED=0x00000000
AXI_LITE_READ_RESULT=PASS
STDOUT_END
STDERR_BEGIN


sudo: Authentication failed, try again.


sudo: Authentication failed, try again.


sudo: Authentication failed, try again.
STDERR_END
