UTC_START=2026-08-21T10:58:27.3185092Z
UTC_END=2026-08-21T10:58:29.6328036Z
EVIDENCE_KIND=R1_HOST_DISCOVERY
RESULT=PASS
EXIT_CODE=0
ARGUMENT_TOKEN_AUDIT=PASS
PLINK_PW_OPTION_USED=NO
PLINK_PWFILE_OPTION_USED=YES
USERNAME_ROLE_OCCURRENCE=YES_AUTHORIZED
PASSWORD_ROLE_ARGUMENT_OCCURRENCE=NO
REMOTE_COMMAND_SHARED_LITERAL=NO
INHERITED_ENVIRONMENT_AUDIT=PASS
PWFILE_CREATED=YES
PWFILE_DELETED=YES
STDOUT_BEGIN
vcdeagent1
VCDE-DUT-1
39b94b36-cd8b-43f0-b843-76991f23ebd5
7.0.0-29-generic
2026-08-21 01:07:38
0000:00:00.0 Host bridge [0600]: Advanced Micro Devices, Inc. [AMD] Phoenix Root Complex [1022:14e8]
0000:00:00.2 IOMMU [0806]: Advanced Micro Devices, Inc. [AMD] Phoenix IOMMU [1022:14e9]
0000:00:01.0 Host bridge [0600]: Advanced Micro Devices, Inc. [AMD] Phoenix Dummy Host Bridge [1022:14ea]
0000:00:02.0 Host bridge [0600]: Advanced Micro Devices, Inc. [AMD] Phoenix Dummy Host Bridge [1022:14ea]
0000:00:02.1 PCI bridge [0604]: Advanced Micro Devices, Inc. [AMD] Phoenix GPP Bridge [1022:14ee]
0000:00:02.2 PCI bridge [0604]: Advanced Micro Devices, Inc. [AMD] Phoenix GPP Bridge [1022:14ee]
0000:00:03.0 Host bridge [0600]: Advanced Micro Devices, Inc. [AMD] Phoenix Dummy Host Bridge [1022:14ea]
0000:00:04.0 Host bridge [0600]: Advanced Micro Devices, Inc. [AMD] Phoenix Dummy Host Bridge [1022:14ea]
0000:00:08.0 Host bridge [0600]: Advanced Micro Devices, Inc. [AMD] Phoenix Dummy Host Bridge [1022:14ea]
0000:00:08.1 PCI bridge [0604]: Advanced Micro Devices, Inc. [AMD] Phoenix Internal GPP Bridge to Bus [C:A] [1022:14eb]
0000:00:08.2 PCI bridge [0604]: Advanced Micro Devices, Inc. [AMD] Phoenix Internal GPP Bridge to Bus [C:A] [1022:14eb]
0000:00:08.3 PCI bridge [0604]: Advanced Micro Devices, Inc. [AMD] Phoenix Internal GPP Bridge to Bus [C:A] [1022:14eb]
0000:00:14.0 SMBus [0c05]: Advanced Micro Devices, Inc. [AMD] FCH SMBus Controller [1022:790b] (rev 71)
0000:00:14.3 ISA bridge [0601]: Advanced Micro Devices, Inc. [AMD] FCH LPC Bridge [1022:790e] (rev 51)
0000:00:18.0 Host bridge [0600]: Advanced Micro Devices, Inc. [AMD] Phoenix Data Fabric; Function 0 [1022:14f0]
0000:00:18.1 Host bridge [0600]: Advanced Micro Devices, Inc. [AMD] Phoenix Data Fabric; Function 1 [1022:14f1]
0000:00:18.2 Host bridge [0600]: Advanced Micro Devices, Inc. [AMD] Phoenix Data Fabric; Function 2 [1022:14f2]
0000:00:18.3 Host bridge [0600]: Advanced Micro Devices, Inc. [AMD] Phoenix Data Fabric; Function 3 [1022:14f3]
0000:00:18.4 Host bridge [0600]: Advanced Micro Devices, Inc. [AMD] Phoenix Data Fabric; Function 4 [1022:14f4]
0000:00:18.5 Host bridge [0600]: Advanced Micro Devices, Inc. [AMD] Phoenix Data Fabric; Function 5 [1022:14f5]
0000:00:18.6 Host bridge [0600]: Advanced Micro Devices, Inc. [AMD] Phoenix Data Fabric; Function 6 [1022:14f6]
0000:00:18.7 Host bridge [0600]: Advanced Micro Devices, Inc. [AMD] Phoenix Data Fabric; Function 7 [1022:14f7]
0000:01:00.0 PCI bridge [0604]: Advanced Micro Devices, Inc. [AMD] 600 Series Chipset PCIe Switch Upstream Port [1022:43f4] (rev 01)
0000:02:00.0 PCI bridge [0604]: Advanced Micro Devices, Inc. [AMD] 600 Series Chipset PCIe Switch Downstream Port [1022:43f5] (rev 01)
0000:02:08.0 PCI bridge [0604]: Advanced Micro Devices, Inc. [AMD] 600 Series Chipset PCIe Switch Downstream Port [1022:43f5] (rev 01)
0000:02:09.0 PCI bridge [0604]: Advanced Micro Devices, Inc. [AMD] 600 Series Chipset PCIe Switch Downstream Port [1022:43f5] (rev 01)
0000:02:0a.0 PCI bridge [0604]: Advanced Micro Devices, Inc. [AMD] 600 Series Chipset PCIe Switch Downstream Port [1022:43f5] (rev 01)
0000:02:0b.0 PCI bridge [0604]: Advanced Micro Devices, Inc. [AMD] 600 Series Chipset PCIe Switch Downstream Port [1022:43f5] (rev 01)
0000:02:0c.0 PCI bridge [0604]: Advanced Micro Devices, Inc. [AMD] 600 Series Chipset PCIe Switch Downstream Port [1022:43f5] (rev 01)
0000:02:0d.0 PCI bridge [0604]: Advanced Micro Devices, Inc. [AMD] 600 Series Chipset PCIe Switch Downstream Port [1022:43f5] (rev 01)
0000:06:00.0 Ethernet controller [0200]: Realtek Semiconductor Co., Ltd. RTL8111/8168/8211/8411 PCI Express Gigabit Ethernet Controller [10ec:8168] (rev 15)
0000:08:00.0 USB controller [0c03]: Advanced Micro Devices, Inc. [AMD] 600 Series Chipset USB 3.2 Controller [1022:43f7] (rev 01)
0000:09:00.0 SATA controller [0106]: Advanced Micro Devices, Inc. [AMD] 600 Series Chipset SATA Controller [1022:43f6] (rev 01)
0000:0a:00.0 Multimedia controller [0480]: YUAN High-Tech Development Co., Ltd. Device [12ab:0710]
0000:0b:00.0 VGA compatible controller [0300]: Advanced Micro Devices, Inc. [AMD/ATI] Phoenix1 [1002:15bf] (rev 05)
0000:0b:00.1 Audio device [0403]: Advanced Micro Devices, Inc. [AMD/ATI] Radeon High Definition Audio Controller [1002:1640]
0000:0b:00.2 Encryption controller [1080]: Advanced Micro Devices, Inc. [AMD] Phoenix CCP/PSP 3.0 Device [1022:15c7]
0000:0b:00.3 USB controller [0c03]: Advanced Micro Devices, Inc. [AMD] Device [1022:15b9]
0000:0b:00.4 USB controller [0c03]: Advanced Micro Devices, Inc. [AMD] Device [1022:15ba]
0000:0b:00.6 Audio device [0403]: Advanced Micro Devices, Inc. [AMD] Ryzen HD Audio Controller [1022:15e3]
0000:0c:00.0 Non-Essential Instrumentation [1300]: Advanced Micro Devices, Inc. [AMD] Phoenix Dummy Function [1022:14ec]
0000:0c:00.1 Signal processing controller [1180]: Advanced Micro Devices, Inc. [AMD] AMD IPU Device [1022:1502]
0000:0d:00.0 Non-Essential Instrumentation [1300]: Advanced Micro Devices, Inc. [AMD] Phoenix Dummy Function [1022:14ec]
0000:0d:00.3 USB controller [0c03]: Advanced Micro Devices, Inc. [AMD] Device [1022:15c0]
0000:0d:00.4 USB controller [0c03]: Advanced Micro Devices, Inc. [AMD] Device [1022:15c1]
0000:00:00.0 Host bridge [0600]: Advanced Micro Devices, Inc. [AMD] Phoenix Root Complex [1022:14e8]
	Subsystem: ASUSTeK Computer Inc. Device [1043:8877]
0000:00:00.2 IOMMU [0806]: Advanced Micro Devices, Inc. [AMD] Phoenix IOMMU [1022:14e9]
	Subsystem: ASUSTeK Computer Inc. Device [1043:8877]
0000:00:01.0 Host bridge [0600]: Advanced Micro Devices, Inc. [AMD] Phoenix Dummy Host Bridge [1022:14ea]
0000:00:02.0 Host bridge [0600]: Advanced Micro Devices, Inc. [AMD] Phoenix Dummy Host Bridge [1022:14ea]
0000:00:02.1 PCI bridge [0604]: Advanced Micro Devices, Inc. [AMD] Phoenix GPP Bridge [1022:14ee]
	Subsystem: ASUSTeK Computer Inc. Device [1043:8877]
	Kernel driver in use: pcieport
	Kernel modules: shpchp
0000:00:02.2 PCI bridge [0604]: Advanced Micro Devices, Inc. [AMD] Phoenix GPP Bridge [1022:14ee]
	Subsystem: ASUSTeK Computer Inc. Device [1043:8877]
	Kernel driver in use: pcieport
	Kernel modules: shpchp
0000:00:03.0 Host bridge [0600]: Advanced Micro Devices, Inc. [AMD] Phoenix Dummy Host Bridge [1022:14ea]
0000:00:04.0 Host bridge [0600]: Advanced Micro Devices, Inc. [AMD] Phoenix Dummy Host Bridge [1022:14ea]
0000:00:08.0 Host bridge [0600]: Advanced Micro Devices, Inc. [AMD] Phoenix Dummy Host Bridge [1022:14ea]
0000:00:08.1 PCI bridge [0604]: Advanced Micro Devices, Inc. [AMD] Phoenix Internal GPP Bridge to Bus [C:A] [1022:14eb]
	Subsystem: ASUSTeK Computer Inc. Device [1043:8877]
	Kernel driver in use: pcieport
	Kernel modules: shpchp
0000:00:08.2 PCI bridge [0604]: Advanced Micro Devices, Inc. [AMD] Phoenix Internal GPP Bridge to Bus [C:A] [1022:14eb]
	Subsystem: ASUSTeK Computer Inc. Device [1043:8877]
	Kernel driver in use: pcieport
	Kernel modules: shpchp
0000:00:08.3 PCI bridge [0604]: Advanced Micro Devices, Inc. [AMD] Phoenix Internal GPP Bridge to Bus [C:A] [1022:14eb]
	Subsystem: ASUSTeK Computer Inc. Device [1043:8877]
	Kernel driver in use: pcieport
	Kernel modules: shpchp
0000:00:14.0 SMBus [0c05]: Advanced Micro Devices, Inc. [AMD] FCH SMBus Controller [1022:790b] (rev 71)
	Subsystem: ASUSTeK Computer Inc. Device [1043:8877]
	Kernel driver in use: piix4_smbus
	Kernel modules: i2c_piix4, sp5100_tco
0000:00:14.3 ISA bridge [0601]: Advanced Micro Devices, Inc. [AMD] FCH LPC Bridge [1022:790e] (rev 51)
	Subsystem: ASUSTeK Computer Inc. Device [1043:8877]
0000:00:18.0 Host bridge [0600]: Advanced Micro Devices, Inc. [AMD] Phoenix Data Fabric; Function 0 [1022:14f0]
0000:00:18.1 Host bridge [0600]: Advanced Micro Devices, Inc. [AMD] Phoenix Data Fabric; Function 1 [1022:14f1]
0000:00:18.2 Host bridge [0600]: Advanced Micro Devices, Inc. [AMD] Phoenix Data Fabric; Function 2 [1022:14f2]
0000:00:18.3 Host bridge [0600]: Advanced Micro Devices, Inc. [AMD] Phoenix Data Fabric; Function 3 [1022:14f3]
	Kernel driver in use: k10temp
	Kernel modules: k10temp
0000:00:18.4 Host bridge [0600]: Advanced Micro Devices, Inc. [AMD] Phoenix Data Fabric; Function 4 [1022:14f4]
0000:00:18.5 Host bridge [0600]: Advanced Micro Devices, Inc. [AMD] Phoenix Data Fabric; Function 5 [1022:14f5]
0000:00:18.6 Host bridge [0600]: Advanced Micro Devices, Inc. [AMD] Phoenix Data Fabric; Function 6 [1022:14f6]
0000:00:18.7 Host bridge [0600]: Advanced Micro Devices, Inc. [AMD] Phoenix Data Fabric; Function 7 [1022:14f7]
0000:01:00.0 PCI bridge [0604]: Advanced Micro Devices, Inc. [AMD] 600 Series Chipset PCIe Switch Upstream Port [1022:43f4] (rev 01)
	Subsystem: ASMedia Technology Inc. Device [1b21:3328]
	Kernel driver in use: pcieport
	Kernel modules: shpchp
0000:02:00.0 PCI bridge [0604]: Advanced Micro Devices, Inc. [AMD] 600 Series Chipset PCIe Switch Downstream Port [1022:43f5] (rev 01)
	Subsystem: ASMedia Technology Inc. Device [1b21:3328]
	Kernel driver in use: pcieport
	Kernel modules: shpchp
0000:02:08.0 PCI bridge [0604]: Advanced Micro Devices, Inc. [AMD] 600 Series Chipset PCIe Switch Downstream Port [1022:43f5] (rev 01)
	Subsystem: ASMedia Technology Inc. Device [1b21:3328]
	Kernel driver in use: pcieport
	Kernel modules: shpchp
0000:02:09.0 PCI bridge [0604]: Advanced Micro Devices, Inc. [AMD] 600 Series Chipset PCIe Switch Downstream Port [1022:43f5] (rev 01)
	Subsystem: ASMedia Technology Inc. Device [1b21:3328]
	Kernel driver in use: pcieport
	Kernel modules: shpchp
0000:02:0a.0 PCI bridge [0604]: Advanced Micro Devices, Inc. [AMD] 600 Series Chipset PCIe Switch Downstream Port [1022:43f5] (rev 01)
	Subsystem: ASMedia Technology Inc. Device [1b21:3328]
	Kernel driver in use: pcieport
	Kernel modules: shpchp
0000:02:0b.0 PCI bridge [0604]: Advanced Micro Devices, Inc. [AMD] 600 Series Chipset PCIe Switch Downstream Port [1022:43f5] (rev 01)
	Subsystem: ASMedia Technology Inc. Device [1b21:3328]
	Kernel driver in use: pcieport
	Kernel modules: shpchp
0000:02:0c.0 PCI bridge [0604]: Advanced Micro Devices, Inc. [AMD] 600 Series Chipset PCIe Switch Downstream Port [1022:43f5] (rev 01)
	Subsystem: ASMedia Technology Inc. Device [1b21:3328]
	Kernel driver in use: pcieport
	Kernel modules: shpchp
0000:02:0d.0 PCI bridge [0604]: Advanced Micro Devices, Inc. [AMD] 600 Series Chipset PCIe Switch Downstream Port [1022:43f5] (rev 01)
	Subsystem: ASMedia Technology Inc. Device [1b21:3328]
	Kernel driver in use: pcieport
	Kernel modules: shpchp
0000:06:00.0 Ethernet controller [0200]: Realtek Semiconductor Co., Ltd. RTL8111/8168/8211/8411 PCI Express Gigabit Ethernet Controller [10ec:8168] (rev 15)
	DeviceName: Realtek RTL8111H (1G LAN)
	Subsystem: ASUSTeK Computer Inc. Onboard RTL8111H Ethernet [1043:8677]
	Kernel driver in use: r8169
	Kernel modules: r8169
0000:08:00.0 USB controller [0c03]: Advanced Micro Devices, Inc. [AMD] 600 Series Chipset USB 3.2 Controller [1022:43f7] (rev 01)
	Subsystem: ASMedia Technology Inc. Device [1b21:1142]
	Kernel driver in use: xhci_hcd
	Kernel modules: xhci_pci
0000:09:00.0 SATA controller [0106]: Advanced Micro Devices, Inc. [AMD] 600 Series Chipset SATA Controller [1022:43f6] (rev 01)
	Subsystem: ASMedia Technology Inc. Device [1b21:1062]
	Kernel driver in use: ahci
	Kernel modules: ahci
0000:0a:00.0 Multimedia controller [0480]: YUAN High-Tech Development Co., Ltd. Device [12ab:0710]
	Subsystem: Device [f71d:0a04]
0000:0b:00.0 VGA compatible controller [0300]: Advanced Micro Devices, Inc. [AMD/ATI] Phoenix1 [1002:15bf] (rev 05)
	Subsystem: ASUSTeK Computer Inc. Device [1043:8877]
	Kernel driver in use: amdgpu
	Kernel modules: amdgpu
0000:0b:00.1 Audio device [0403]: Advanced Micro Devices, Inc. [AMD/ATI] Radeon High Definition Audio Controller [1002:1640]
	Subsystem: ASUSTeK Computer Inc. Device [1043:8877]
	Kernel driver in use: snd_hda_intel
	Kernel modules: snd_hda_intel
0000:0b:00.2 Encryption controller [1080]: Advanced Micro Devices, Inc. [AMD] Phoenix CCP/PSP 3.0 Device [1022:15c7]
	Subsystem: ASUSTeK Computer Inc. Device [1043:8877]
	Kernel driver in use: ccp
	Kernel modules: ccp
0000:0b:00.3 USB controller [0c03]: Advanced Micro Devices, Inc. [AMD] Device [1022:15b9]
	Subsystem: ASUSTeK Computer Inc. Device [1043:8877]
	Kernel driver in use: xhci_hcd
	Kernel modules: xhci_pci
0000:0b:00.4 USB controller [0c03]: Advanced Micro Devices, Inc. [AMD] Device [1022:15ba]
	Subsystem: ASUSTeK Computer Inc. Device [1043:8877]
	Kernel driver in use: xhci_hcd
	Kernel modules: xhci_pci
0000:0b:00.6 Audio device [0403]: Advanced Micro Devices, Inc. [AMD] Ryzen HD Audio Controller [1022:15e3]
	DeviceName: Realtek ALC897 Audio
	Subsystem: ASUSTeK Computer Inc. Device [1043:8803]
	Kernel driver in use: snd_hda_intel
	Kernel modules: snd_hda_intel
0000:0c:00.0 Non-Essential Instrumentation [1300]: Advanced Micro Devices, Inc. [AMD] Phoenix Dummy Function [1022:14ec]
	Subsystem: Advanced Micro Devices, Inc. [AMD] Phoenix Dummy Function [1022:14ec]
0000:0c:00.1 Signal processing controller [1180]: Advanced Micro Devices, Inc. [AMD] AMD IPU Device [1022:1502]
	Subsystem: Advanced Micro Devices, Inc. [AMD] AMD IPU Device [1022:1502]
	Kernel driver in use: amdxdna
	Kernel modules: amdxdna
0000:0d:00.0 Non-Essential Instrumentation [1300]: Advanced Micro Devices, Inc. [AMD] Phoenix Dummy Function [1022:14ec]
	Subsystem: Advanced Micro Devices, Inc. [AMD] Phoenix Dummy Function [1022:14ec]
0000:0d:00.3 USB controller [0c03]: Advanced Micro Devices, Inc. [AMD] Device [1022:15c0]
	Subsystem: Advanced Micro Devices, Inc. [AMD] Device [1022:15c0]
	Kernel driver in use: xhci_hcd
	Kernel modules: xhci_pci
0000:0d:00.4 USB controller [0c03]: Advanced Micro Devices, Inc. [AMD] Device [1022:15c1]
	Subsystem: Advanced Micro Devices, Inc. [AMD] Device [1022:15c1]
	Kernel driver in use: xhci_hcd
	Kernel modules: xhci_pci
Module                  Size  Used by
snd_seq_dummy          12288  0
snd_hrtimer            12288  1
qrtr                   53248  2
binfmt_misc            24576  1
amd_atl                77824  1
intel_rapl_msr         20480  0
intel_rapl_common      57344  1 intel_rapl_msr
edac_mce_amd           28672  0
r8169                 151552  0
nls_iso8859_1          12288  1
spd5118                16384  0
realtek                57344  1
kvm_amd               262144  0
snd_hda_codec_alc662    20480  1
kvm                  1527808  1 kvm_amd
snd_hda_codec_realtek_lib    65536  1 snd_hda_codec_alc662
amdgpu              21569536  2
snd_hda_codec_generic   126976  2 snd_hda_codec_alc662,snd_hda_codec_realtek_lib
irqbypass              16384  1 kvm
rapl                   20480  0
eeepc_wmi              12288  0
mfd_aaeon              12288  0
asus_wmi              106496  2 eeepc_wmi,mfd_aaeon
sparse_keymap          12288  1 asus_wmi
wmi_bmof               12288  0
amdxdna               172032  0
amd_pmf               131072  1 amdxdna
amdtee                 32768  0
amd_sfh                73728  1 amd_pmf
tee                    61440  2 amd_pmf,amdtee
snd_hda_codec_atihdmi    24576  1
hid                   282624  1 amd_sfh
snd_hda_codec_hdmi     65536  1 snd_hda_codec_atihdmi
platform_profile       20480  2 amd_pmf,asus_wmi
amdxcp                 12288  1 amdgpu
drm_panel_backlight_quirks    12288  1 amdgpu
gpu_sched              69632  2 amdxdna,amdgpu
drm_buddy              28672  1 amdgpu
parport_pc             53248  1
drm_ttm_helper         20480  1 amdgpu
ttm                   135168  2 amdgpu,drm_ttm_helper
drm_exec               12288  1 amdgpu
snd_hda_intel          65536  2
drm_suballoc_helper    24576  1 amdgpu
snd_hda_codec         212992  6 snd_hda_codec_generic,snd_hda_codec_hdmi,snd_hda_intel,snd_hda_codec_alc662,snd_hda_codec_realtek_lib,snd_hda_codec_atihdmi
drm_display_helper    303104  1 amdgpu
cec                   106496  2 drm_display_helper,amdgpu
gpio_amdpt             16384  0
i2c_piix4              36864  0
snd_hda_core          151552  7 snd_hda_codec_generic,snd_hda_codec_hdmi,snd_hda_intel,snd_hda_codec_alc662,snd_hda_codec,snd_hda_codec_realtek_lib,snd_hda_codec_atihdmi
i2c_smbus              20480  1 i2c_piix4
rc_core                81920  1 cec
snd_intel_dspcfg       45056  1 snd_hda_intel
i2c_algo_bit           16384  1 amdgpu
k10temp                16384  0
snd_intel_sdw_acpi     16384  1 snd_intel_dspcfg
mac_hid                12288  0
snd_usb_audio         622592  7
snd_usbmidi_lib        57344  1 snd_usb_audio
snd_hwdep              24576  2 snd_usb_audio,snd_hda_codec
snd_ump                49152  1 snd_usb_audio
snd_pcm               208896  5 snd_hda_codec_hdmi,snd_hda_intel,snd_usb_audio,snd_hda_codec,snd_hda_core
snd_seq_midi           24576  0
snd_seq_midi_event     16384  1 snd_seq_midi
snd_rawmidi            57344  3 snd_seq_midi,snd_usbmidi_lib,snd_ump
snd_seq               126976  9 snd_seq_midi,snd_seq_midi_event,snd_seq_dummy
snd_seq_device         16384  4 snd_seq,snd_seq_midi,snd_ump,snd_rawmidi
snd_timer              53248  3 snd_seq,snd_hrtimer,snd_pcm
snd                   147456  34 snd_hda_codec_generic,snd_seq,snd_seq_device,snd_hda_codec_hdmi,snd_hwdep,snd_hda_intel,snd_usb_audio,snd_usbmidi_lib,snd_hda_codec,snd_timer,snd_hda_codec_realtek_lib,snd_ump,snd_pcm,snd_rawmidi
soundcore              16384  1 snd
mc                     90112  1 snd_usb_audio
sch_fq_codel           28672  2
efi_pstore             12288  0
ghash_clmulni_intel    12288  0
ahci                   53248  2
libahci                57344  1 ahci
ccp                   192512  2 kvm_amd,amdtee
video                  77824  2 asus_wmi,amdgpu
wmi                    36864  4 video,asus_wmi,wmi_bmof,mfd_aaeon
lp                     32768  0
ppdev                  24576  0
parport                81920  3 parport_pc,lp,ppdev
msr                    12288  0
dmi_sysfs              28672  0
autofs4                61440  2
aesni_intel            98304  0
STDOUT_END
STDERR_BEGIN

STDERR_END
