#-----------------------------------------------------------
# Vivado v2025.2 (64-bit)
# SW Build 6299465 on Fri Nov 14 19:35:11 GMT 2025
# IP Build 6300035 on Fri Nov 14 10:48:45 MST 2025
# SharedData Build 6298862 on Thu Nov 13 04:50:51 MST 2025
# Start of session at: Fri Aug 21 16:25:35 2026
# Process ID         : 12448
# Current directory  : C:/FPGA/V41_NVP_ROUTED_DCP_POWER_TIMING_AUDIT_R1
# Command line       : vivado.exe -mode batch -nojournal -log C:\FPGA\V41_NVP_ROUTED_DCP_POWER_TIMING_AUDIT_R1\raw\R1_DIRECT_NET_DELAY_PROBE_VIVADO.log -source C:\FPGA\V41_NVP_ROUTED_DCP_POWER_TIMING_AUDIT_R1\scripts\probe_direct_net_delays.tcl -tclargs C:\FPGA\V41_NVP_ROUTED_DCP_POWER_TIMING_AUDIT_R1\01_INPUT_IDENTITY\R1_PACKAGE_EXTRACTED\PHASE3_routed.dcp C:\FPGA\V41_NVP_ROUTED_DCP_POWER_TIMING_AUDIT_R1\05_R1_SCL_SDA_TIMING\R1_DIRECT_NET_DELAY_PROBE.txt R1
# Log file           : C:/FPGA/V41_NVP_ROUTED_DCP_POWER_TIMING_AUDIT_R1/raw/R1_DIRECT_NET_DELAY_PROBE_VIVADO.log
# Journal file       : 
# Running On         : NBLSUDUL
# Platform           : Windows Server 2016 or Windows 10
# Operating System   : 19045
# Processor Detail   : Intel(R) Core(TM) i7-7500U CPU @ 2.70GHz
# CPU Frequency      : 2904 MHz
# CPU Physical cores : 2
# CPU Logical cores  : 4
# Host memory        : 17028 MB
# Swap memory        : 4160 MB
# Total Virtual      : 21189 MB
# Available Virtual  : 8809 MB
#-----------------------------------------------------------
WARNING: [Runs 36-547] User Strategy 'Vivado Implementation Defaults' from file 'C:\Users\£ukasz Sudu³\AppData\Roaming/Xilinx/Vivado/2025.2/strategies/Vivado Implementation Defaults.Vivado Implementation 2025.psg' discarded because strategy with same name already parsed from 'C:/AMDDesignTools/2025.2/Vivado/strategies/VDI2025.psg'
source {C:\FPGA\V41_NVP_ROUTED_DCP_POWER_TIMING_AUDIT_R1\scripts\probe_direct_net_delays.tcl}
# if {$argc != 3} {
#     error "USAGE: probe_direct_net_delays.tcl <dcp_path> <output_file> <role>"
# }
# set dcp_path [lindex $argv 0]
# set out_path [lindex $argv 1]
# set role [lindex $argv 2]
# proc prop_or_na {obj prop} {
#     if {[catch {set value [get_property $prop $obj]}]} { return "NOT_AVAILABLE" }
#     return $value
# }
# proc pin_by_ref {cell refpin} {
#     return [get_pins -quiet -of_objects $cell -filter "REF_PIN_NAME == $refpin"]
# }
# proc dump_delays {fh role line semantic mode net_obj target_pin} {
#     if {$mode eq "INTERCONNECT_ONLY"} {
#         set delays [get_net_delays -quiet -interconnect_only -of_objects $net_obj]
#         set target_delays [get_net_delays -quiet -interconnect_only -of_objects $net_obj -to $target_pin]
#     } else {
#         set delays [get_net_delays -quiet -of_objects $net_obj]
#         set target_delays [get_net_delays -quiet -of_objects $net_obj -to $target_pin]
#     }
#     puts $fh "ROLE=$role LINE=$line SEMANTIC=$semantic MODE=$mode NET=$net_obj TARGET=$target_pin ALL_DELAY_COUNT=[llength $delays] TARGET_DELAY_COUNT=[llength $target_delays]"
#     set index 0
#     foreach delay $delays {
#         puts $fh "DELAY_${index}=NAME=$delay NET=[prop_or_na $delay NET] TO_PIN=[prop_or_na $delay TO_PIN] FAST_MAX_PS=[prop_or_na $delay FAST_MAX] FAST_MIN_PS=[prop_or_na $delay FAST_MIN] SLOW_MAX_PS=[prop_or_na $delay SLOW_MAX] SLOW_MIN_PS=[prop_or_na $delay SLOW_MIN] ROUTED=[prop_or_na $delay ROUTED]"
#         incr index
#     }
#     puts $fh "TARGET_DELAYS_BEGIN"
#     foreach delay $target_delays {
#         puts $fh "TARGET_DELAY=NAME=$delay NET=[prop_or_na $delay NET] TO_PIN=[prop_or_na $delay TO_PIN] FAST_MAX_PS=[prop_or_na $delay FAST_MAX] FAST_MIN_PS=[prop_or_na $delay FAST_MIN] SLOW_MAX_PS=[prop_or_na $delay SLOW_MAX] SLOW_MIN_PS=[prop_or_na $delay SLOW_MIN] ROUTED=[prop_or_na $delay ROUTED]"
#     }
#     puts $fh "TARGET_DELAYS_END"
# }
# open_checkpoint $dcp_path
Command: open_checkpoint {C:\FPGA\V41_NVP_ROUTED_DCP_POWER_TIMING_AUDIT_R1\01_INPUT_IDENTITY\R1_PACKAGE_EXTRACTED\PHASE3_routed.dcp}

Starting open_checkpoint Task

Time (s): cpu = 00:00:01 ; elapsed = 00:00:00.215 . Memory (MB): peak = 330.508 ; gain = 4.516
INFO: [Device 21-403] Loading part xc7a35tcsg325-2
Netlist sorting complete. Time (s): cpu = 00:00:03 ; elapsed = 00:00:03 . Memory (MB): peak = 790.980 ; gain = 0.000
INFO: [Netlist 29-17] Analyzing 1449 Unisim elements for replacement
INFO: [Netlist 29-28] Unisim Transformation completed in 2 CPU seconds
INFO: [Project 1-479] Netlist was created with Vivado 2025.2
INFO: [Project 1-570] Preparing netlist for logic optimization
Read ShapeDB Complete: Time (s): cpu = 00:00:01 ; elapsed = 00:00:00.328 . Memory (MB): peak = 928.012 ; gain = 8.582
INFO: [Timing 38-478] Restoring timing data from binary archive.
INFO: [Timing 38-479] Binary timing data restore complete.
INFO: [Project 1-856] Restoring constraints from binary archive.
INFO: [Project 1-853] Binary constraint restore complete.
INFO: [Designutils 20-5722] Start Reading Physical Databases.
Reading placement.
Read Netlist Cache: Time (s): cpu = 00:00:00 ; elapsed = 00:00:00.149 . Memory (MB): peak = 1548.793 ; gain = 0.000
Reading placer database...
Read Device Cache: Time (s): cpu = 00:00:00 ; elapsed = 00:00:00.026 . Memory (MB): peak = 1548.793 ; gain = 0.000
Read PlaceDB: Time (s): cpu = 00:00:00 ; elapsed = 00:00:00 . Memory (MB): peak = 1548.793 ; gain = 0.000
Read placeStorage: Time (s): cpu = 00:00:02 ; elapsed = 00:00:02 . Memory (MB): peak = 1549.754 ; gain = 0.961
Read PulsedLatchDB: Time (s): cpu = 00:00:00 ; elapsed = 00:00:00 . Memory (MB): peak = 1549.754 ; gain = 0.000
Reading routing.
Read RouteStorage: Time (s): cpu = 00:00:01 ; elapsed = 00:00:00.633 . Memory (MB): peak = 1565.488 ; gain = 15.734
Read Physdb Files: Time (s): cpu = 00:00:03 ; elapsed = 00:00:03 . Memory (MB): peak = 1565.488 ; gain = 16.695
Restored from archive | CPU: 3.000000 secs | Memory: 0.000000 MB |
Finished XDEF File Restore: Time (s): cpu = 00:00:03 ; elapsed = 00:00:03 . Memory (MB): peak = 1565.488 ; gain = 16.695
Netlist sorting complete. Time (s): cpu = 00:00:00 ; elapsed = 00:00:00.041 . Memory (MB): peak = 1588.598 ; gain = 0.000
INFO: [Project 1-111] Unisim Transformation Summary:
  A total of 288 instances were transformed.
  IOBUF => IOBUF (IBUF, OBUFT): 2 instances
  RAM16X1D => RAM32X1D (RAMD32(x2)): 10 instances
  RAM32M => RAM32M (RAMD32(x6), RAMS32(x2)): 250 instances
  RAM32X1D => RAM32X1D (RAMD32(x2)): 18 instances
  RAM64X1S => RAM64X1S (RAMS64E): 8 instances

INFO: [Project 1-604] Checkpoint was created with Vivado v2025.2 (64-bit) build 6299465
open_checkpoint: Time (s): cpu = 00:01:15 ; elapsed = 00:01:45 . Memory (MB): peak = 1594.266 ; gain = 1279.523
# set fh [open $out_path w]
# puts $fh "ROLE=$role"
# puts $fh "DCP=$dcp_path"
# puts $fh "CURRENT_DESIGN=[current_design]"
# puts $fh "TOP=[prop_or_na [current_design] TOP]"
# puts $fh "PART=[prop_or_na [current_design] PART]"
# foreach {line port_name} {SCL nvp_scl SDA nvp_sda} {
#     set lc [string tolower $line]
#     set port [get_ports -quiet $port_name]
#     set port_nets [get_nets -quiet -segments -of_objects $port]
#     set ibuf_port_pin [get_pins -quiet -leaf -of_objects $port_nets -filter {REF_NAME == IBUF && REF_PIN_NAME == I}]
#     set obuft_port_pin [get_pins -quiet -leaf -of_objects $port_nets -filter {REF_NAME == OBUFT && REF_PIN_NAME == O}]
#     set ibuf_cell [get_cells -quiet -of_objects $ibuf_port_pin]
#     set obuft_cell [get_cells -quiet -of_objects $obuft_port_pin]
#     set t_pin [pin_by_ref $obuft_cell T]
#     set o_pin [pin_by_ref $ibuf_cell O]
# 
#     set t_segments [get_nets -quiet -segments -of_objects $t_pin]
#     set raw_segments [get_nets -quiet -segments -of_objects $o_pin]
#     set sync0_regex [format {^NVP_AUTOINIT/u_sequence/%s_sync_r_reg\[0\]$} $lc]
#     set sync0_cell [get_cells -quiet -hierarchical -regexp $sync0_regex]
#     set sync0_d [pin_by_ref $sync0_cell D]
# 
#     puts $fh "${line}_T_SEGMENT_COUNT=[llength $t_segments]"
#     foreach net_name $t_segments {
#         set net_obj [get_nets -quiet $net_name]
#         dump_delays $fh $role $line OEN_Q_TO_IOBUF_T FULL $net_obj $t_pin
#         dump_delays $fh $role $line OEN_Q_TO_IOBUF_T INTERCONNECT_ONLY $net_obj $t_pin
#     }
#     puts $fh "${line}_RAW_SEGMENT_COUNT=[llength $raw_segments]"
#     foreach net_name $raw_segments {
#         set net_obj [get_nets -quiet $net_name]
#         dump_delays $fh $role $line IBUF_O_TO_SYNC0 FULL $net_obj $sync0_d
#         dump_delays $fh $role $line IBUF_O_TO_SYNC0 INTERCONNECT_ONLY $net_obj $sync0_d
#     }
# }
# close $fh
# puts "AUDIT_RESULT=DIRECT_NET_DELAY_PROBE_COMPLETE"
AUDIT_RESULT=DIRECT_NET_DELAY_PROBE_COMPLETE
# close_design
# exit 0
INFO: [Common 17-206] Exiting Vivado at Fri Aug 21 16:28:05 2026...
