#-----------------------------------------------------------
# Vivado v2025.2 (64-bit)
# SW Build 6299465 on Fri Nov 14 19:35:11 GMT 2025
# IP Build 6300035 on Fri Nov 14 10:48:45 MST 2025
# SharedData Build 6298862 on Thu Nov 13 04:50:51 MST 2025
# Start of session at: Fri Aug 21 15:55:12 2026
# Process ID         : 3452
# Current directory  : C:/FPGA/V41_NVP_ROUTED_DCP_POWER_TIMING_AUDIT_R1
# Command line       : vivado.exe -mode batch -nojournal -log C:\FPGA\V41_NVP_ROUTED_DCP_POWER_TIMING_AUDIT_R1\raw\R1_OBJECT_PROBE_VIVADO.log -source C:\FPGA\V41_NVP_ROUTED_DCP_POWER_TIMING_AUDIT_R1\scripts\probe_scl_sda_objects.tcl -tclargs C:\FPGA\V41_NVP_ROUTED_DCP_POWER_TIMING_AUDIT_R1\01_INPUT_IDENTITY\R1_PACKAGE_EXTRACTED\PHASE3_routed.dcp C:\FPGA\V41_NVP_ROUTED_DCP_POWER_TIMING_AUDIT_R1\05_R1_SCL_SDA_TIMING R1
# Log file           : C:/FPGA/V41_NVP_ROUTED_DCP_POWER_TIMING_AUDIT_R1/raw/R1_OBJECT_PROBE_VIVADO.log
# Journal file       : 
# Running On         : NBLSUDUL
# Platform           : Windows Server 2016 or Windows 10
# Operating System   : 19045
# Processor Detail   : Intel(R) Core(TM) i7-7500U CPU @ 2.70GHz
# CPU Frequency      : 2904 MHz
# CPU Physical cores : 2
# CPU Logical cores  : 4
# Host memory        : 17028 MB
# Swap memory        : 4160 MB
# Total Virtual      : 21189 MB
# Available Virtual  : 8659 MB
#-----------------------------------------------------------
WARNING: [Runs 36-547] User Strategy 'Vivado Implementation Defaults' from file 'C:\Users\£ukasz Sudu³\AppData\Roaming/Xilinx/Vivado/2025.2/strategies/Vivado Implementation Defaults.Vivado Implementation 2025.psg' discarded because strategy with same name already parsed from 'C:/AMDDesignTools/2025.2/Vivado/strategies/VDI2025.psg'
source {C:\FPGA\V41_NVP_ROUTED_DCP_POWER_TIMING_AUDIT_R1\scripts\probe_scl_sda_objects.tcl}
# if {$argc != 3} {
#     error "USAGE: probe_scl_sda_objects.tcl <dcp_path> <output_dir> <role>"
# }
# set dcp_path [lindex $argv 0]
# set out_dir  [lindex $argv 1]
# set role     [lindex $argv 2]
# file mkdir $out_dir
# proc prop_or_na {obj prop} {
#     if {[catch {set value [get_property $prop $obj]}]} { return "NOT_AVAILABLE" }
#     return $value
# }
# proc obj_line {obj} {
#     set cls [prop_or_na $obj CLASS]
#     set result "OBJECT=$obj CLASS=$cls"
#     foreach prop {NAME REF_NAME ORIG_REF_NAME REF_PIN_NAME DIRECTION IS_SEQUENTIAL ASYNC_REG SHREG_EXTRACT DONT_TOUCH KEEP LOC BEL SITE CLOCK_REGION IOB ROUTE_STATUS TYPE} {
#         append result " $prop=[prop_or_na $obj $prop]"
#     }
#     return $result
# }
# proc dump_collection {fh label collection} {
#     puts $fh "${label}_COUNT=[llength $collection]"
#     set idx 0
#     foreach obj [lsort $collection] {
#         puts $fh "${label}_${idx}=[obj_line $obj]"
#         incr idx
#     }
# }
# open_checkpoint $dcp_path
Command: open_checkpoint {C:\FPGA\V41_NVP_ROUTED_DCP_POWER_TIMING_AUDIT_R1\01_INPUT_IDENTITY\R1_PACKAGE_EXTRACTED\PHASE3_routed.dcp}

Starting open_checkpoint Task

Time (s): cpu = 00:00:00 ; elapsed = 00:00:00.142 . Memory (MB): peak = 331.562 ; gain = 4.555
INFO: [Device 21-403] Loading part xc7a35tcsg325-2
Netlist sorting complete. Time (s): cpu = 00:00:02 ; elapsed = 00:00:02 . Memory (MB): peak = 793.297 ; gain = 0.000
INFO: [Netlist 29-17] Analyzing 1449 Unisim elements for replacement
INFO: [Netlist 29-28] Unisim Transformation completed in 1 CPU seconds
INFO: [Project 1-479] Netlist was created with Vivado 2025.2
INFO: [Project 1-570] Preparing netlist for logic optimization
Read ShapeDB Complete: Time (s): cpu = 00:00:01 ; elapsed = 00:00:00.374 . Memory (MB): peak = 930.188 ; gain = 9.426
INFO: [Timing 38-478] Restoring timing data from binary archive.
INFO: [Timing 38-479] Binary timing data restore complete.
INFO: [Project 1-856] Restoring constraints from binary archive.
INFO: [Project 1-853] Binary constraint restore complete.
INFO: [Designutils 20-5722] Start Reading Physical Databases.
Reading placement.
Read Netlist Cache: Time (s): cpu = 00:00:01 ; elapsed = 00:00:00.085 . Memory (MB): peak = 1549.805 ; gain = 0.000
Reading placer database...
Read Device Cache: Time (s): cpu = 00:00:00 ; elapsed = 00:00:00.023 . Memory (MB): peak = 1549.805 ; gain = 0.000
Read PlaceDB: Time (s): cpu = 00:00:00 ; elapsed = 00:00:00 . Memory (MB): peak = 1549.805 ; gain = 0.000
Read placeStorage: Time (s): cpu = 00:00:01 ; elapsed = 00:00:02 . Memory (MB): peak = 1551.094 ; gain = 1.289
Read PulsedLatchDB: Time (s): cpu = 00:00:00 ; elapsed = 00:00:00 . Memory (MB): peak = 1551.094 ; gain = 0.000
Reading routing.
Read RouteStorage: Time (s): cpu = 00:00:01 ; elapsed = 00:00:00.648 . Memory (MB): peak = 1568.160 ; gain = 17.066
Read Physdb Files: Time (s): cpu = 00:00:03 ; elapsed = 00:00:03 . Memory (MB): peak = 1568.160 ; gain = 18.355
Restored from archive | CPU: 3.000000 secs | Memory: 0.000000 MB |
Finished XDEF File Restore: Time (s): cpu = 00:00:03 ; elapsed = 00:00:03 . Memory (MB): peak = 1568.160 ; gain = 18.355
Netlist sorting complete. Time (s): cpu = 00:00:00 ; elapsed = 00:00:00.027 . Memory (MB): peak = 1590.539 ; gain = 0.000
INFO: [Project 1-111] Unisim Transformation Summary:
  A total of 288 instances were transformed.
  IOBUF => IOBUF (IBUF, OBUFT): 2 instances
  RAM16X1D => RAM32X1D (RAMD32(x2)): 10 instances
  RAM32M => RAM32M (RAMD32(x6), RAMS32(x2)): 250 instances
  RAM32X1D => RAM32X1D (RAMD32(x2)): 18 instances
  RAM64X1S => RAM64X1S (RAMS64E): 8 instances

INFO: [Project 1-604] Checkpoint was created with Vivado v2025.2 (64-bit) build 6299465
open_checkpoint: Time (s): cpu = 00:01:21 ; elapsed = 00:01:51 . Memory (MB): peak = 1596.324 ; gain = 1278.742
# set raw_path [file join $out_dir "${role}_SCL_SDA_RAW_CONNECTIVITY_PROBE.txt"]
# set fh [open $raw_path w]
# puts $fh "ROLE=$role"
# puts $fh "DCP=$dcp_path"
# puts $fh "CURRENT_DESIGN=[current_design]"
# puts $fh "TOP=[prop_or_na [current_design] TOP]"
# puts $fh "PART=[prop_or_na [current_design] PART]"
# set all_cells [get_cells -hierarchical -quiet *]
# foreach {line port_name} {SCL nvp_scl SDA nvp_sda} {
#     puts $fh "BEGIN_LINE=$line"
#     set port [get_ports -quiet $port_name]
#     dump_collection $fh "${line}_PORT" $port
#     set port_nets [get_nets -quiet -segments -of_objects $port]
#     dump_collection $fh "${line}_PORT_NET_SEGMENT" $port_nets
#     set port_net_pins [get_pins -quiet -leaf -of_objects $port_nets]
#     dump_collection $fh "${line}_PORT_NET_PIN" $port_net_pins
# 
#     set io_pins {}
#     foreach pin $port_net_pins {
#         if {[prop_or_na $pin REF_PIN_NAME] eq "IO"} { lappend io_pins $pin }
#     }
#     dump_collection $fh "${line}_IOBUF_IO_PIN" $io_pins
# 
#     set iobufs {}
#     foreach pin $io_pins {
#         foreach cell [get_cells -quiet -of_objects $pin] {
#             if {[prop_or_na $cell REF_NAME] eq "IOBUF"} { lappend iobufs $cell }
#         }
#     }
#     set iobufs [lsort -unique $iobufs]
#     dump_collection $fh "${line}_IOBUF_CELL" $iobufs
# 
#     foreach iobuf $iobufs {
#         foreach refpin {IO I T O} {
#             set pins [get_pins -quiet "$iobuf/$refpin"]
#             dump_collection $fh "${line}_IOBUF_${refpin}_PIN" $pins
#             set nets [get_nets -quiet -segments -of_objects $pins]
#             dump_collection $fh "${line}_IOBUF_${refpin}_NET" $nets
#             set net_pins [get_pins -quiet -leaf -of_objects $nets]
#             dump_collection $fh "${line}_IOBUF_${refpin}_NET_PIN" $net_pins
#             if {$refpin eq "I"} {
#                 set drivers {}
#                 foreach np $net_pins {
#                     if {[prop_or_na $np DIRECTION] eq "OUT"} { lappend drivers $np }
#                 }
#                 dump_collection $fh "${line}_IOBUF_I_DRIVER_PIN" $drivers
#                 set driver_cells {}
#                 foreach dp $drivers { lappend driver_cells {*}[get_cells -quiet -of_objects $dp] }
#                 dump_collection $fh "${line}_IOBUF_I_DRIVER_CELL" [lsort -unique $driver_cells]
#             }
#             if {$refpin eq "T"} {
#                 set drivers {}
#                 foreach np $net_pins {
#                     if {[prop_or_na $np DIRECTION] eq "OUT"} { lappend drivers $np }
#                 }
#                 dump_collection $fh "${line}_IOBUF_T_DIRECT_DRIVER_PIN" $drivers
#                 set driver_cells {}
#                 foreach dp $drivers { lappend driver_cells {*}[get_cells -quiet -of_objects $dp] }
#                 dump_collection $fh "${line}_IOBUF_T_DIRECT_DRIVER_CELL" [lsort -unique $driver_cells]
#                 set starts [all_fanin -flat -startpoints_only -to $pins]
#                 dump_collection $fh "${line}_IOBUF_T_FANIN_STARTPOINT" $starts
#             }
#             if {$refpin eq "O"} {
#                 set loads {}
#                 foreach np $net_pins {
#                     if {[prop_or_na $np DIRECTION] eq "IN"} { lappend loads $np }
#                 }
#                 dump_collection $fh "${line}_IOBUF_O_DIRECT_LOAD_PIN" $loads
#                 set endpoints [all_fanout -flat -endpoints_only -from $pins]
#                 dump_collection $fh "${line}_IOBUF_O_FANOUT_ENDPOINT" $endpoints
#             }
#         }
#     }
# 
#     set line_lc [string tolower $line]
#     set candidate_cells {}
#     foreach cell $all_cells {
#         set name_lc [string tolower $cell]
#         if {[string first "${line_lc}_sync" $name_lc] >= 0 ||
#             [string first "${line_lc}_filter" $name_lc] >= 0 ||
#             [string first "${line_lc}_oen" $name_lc] >= 0 ||
#             [string first "${line_lc}_timeout" $name_lc] >= 0 ||
#             [string first "${line_lc}_low_released" $name_lc] >= 0} {
#             lappend candidate_cells $cell
#         }
#     }
#     dump_collection $fh "${line}_NAME_SUPPORTED_CANDIDATE_CELL" [lsort -unique $candidate_cells]
#     puts $fh "END_LINE=$line"
# }
# set decision_candidates {}
# foreach cell $all_cells {
#     set name_lc [string tolower $cell]
#     foreach token {last_ack cur_error nack_count first_error any_error nack_log data_rx fsm_onehot_state} {
#         if {[string first $token $name_lc] >= 0} {
#             lappend decision_candidates $cell
#             break
#         }
#     }
# }
# dump_collection $fh "DECISION_NAME_SUPPORTED_CANDIDATE_CELL" [lsort -unique $decision_candidates]
# close $fh
# puts "AUDIT_RESULT=SCL_SDA_OBJECT_PROBE_COMPLETE"
AUDIT_RESULT=SCL_SDA_OBJECT_PROBE_COMPLETE
# close_design
# exit 0
INFO: [Common 17-206] Exiting Vivado at Fri Aug 21 15:57:45 2026...
