2026-09-09T13:55:17.806332+02:00 VCDE-DUT-1 kernel: audit: type=1400 audit(1788954917.805:263): apparmor="DENIED" operation="capable" class="cap" profile="fusermount3" pid=3379 comm="fusermount3" capability=1  capname="dac_override"
2026-09-09T13:55:17.806383+02:00 VCDE-DUT-1 kernel: audit: type=1400 audit(1788954917.805:264): apparmor="DENIED" operation="capable" class="cap" profile="fusermount3" pid=3379 comm="fusermount3" capability=7  capname="setuid"
2026-09-09T13:55:17.806405+02:00 VCDE-DUT-1 kernel: audit: type=1400 audit(1788954917.805:265): apparmor="DENIED" operation="capable" class="cap" profile="fusermount3" pid=3381 comm="fusermount3" capability=7  capname="setuid"
2026-09-09T13:55:17.813335+02:00 VCDE-DUT-1 kernel: xdma_ahd_pcie: loading out-of-tree module taints kernel.
2026-09-09T13:55:17.813402+02:00 VCDE-DUT-1 kernel: xdma_ahd_pcie: module verification failed: signature and/or required key missing - tainting kernel
2026-09-09T13:55:17.814318+02:00 VCDE-DUT-1 kernel: xdma_ahd_pcie:xdma_mod_init: Xilinx XDMA Reference Driver (AHD exact PCI match) xdma_ahd_pcie v2025.2.0
2026-09-09T13:55:17.814334+02:00 VCDE-DUT-1 kernel: xdma_ahd_pcie:xdma_mod_init: desc_blen_max: 0xfffffff/268435455, timeout: h2c 10 c2h 10 sec.
2026-09-09T13:55:17.814347+02:00 VCDE-DUT-1 kernel: xdma_ahd_pcie:xdma_device_open: xdma_ahd_pcie device 0000:01:00.0, 0x000000005421f730.
2026-09-09T13:55:17.814362+02:00 VCDE-DUT-1 kernel: xdma_ahd_pcie 0000:01:00.0: enabling device (0000 -> 0002)
2026-09-09T13:55:17.814578+02:00 VCDE-DUT-1 kernel: xdma_ahd_pcie:map_single_bar: BAR0 at 0xf6f00000 mapped at 0x0000000055958753, length=131072(/131072)
2026-09-09T13:55:17.814592+02:00 VCDE-DUT-1 kernel: xdma_ahd_pcie:map_single_bar: BAR1 at 0xf6f20000 mapped at 0x0000000050b117d8, length=65536(/65536)
2026-09-09T13:55:17.814606+02:00 VCDE-DUT-1 kernel: xdma_ahd_pcie:map_bars: config bar 1, pos 1.
2026-09-09T13:55:17.814619+02:00 VCDE-DUT-1 kernel: xdma_ahd_pcie:identify_bars: 2 BARs: config 1, user 0, bypass -1.
2026-09-09T13:55:17.814631+02:00 VCDE-DUT-1 kernel: xdma_ahd_pcie:pci_keep_intx_enabled: 0000:01:00.0: clear INTX_DISABLE, 0x406 -> 0x6.
2026-09-09T13:55:17.814645+02:00 VCDE-DUT-1 kernel: xdma_ahd_pcie:probe_one: 0000:01:00.0 xdma0, pdev 0x000000005421f730, xdev 0x00000000ae65d219, 0x00000000e19e3d71, usr 16, ch 1,1.
2026-09-09T13:55:17.815320+02:00 VCDE-DUT-1 kernel: xdma_ahd_pcie:cdev_xvc_init: xcdev 0x0000000043c94c31, bar 0, offset 0x40000.
2026-09-09T13:55:28.004330+02:00 VCDE-DUT-1 kernel: audit: type=1400 audit(1788954928.002:266): apparmor="DENIED" operation="capable" class="cap" profile="fusermount3" pid=3504 comm="fusermount3" capability=1  capname="dac_override"
2026-09-09T13:55:28.004400+02:00 VCDE-DUT-1 kernel: audit: type=1400 audit(1788954928.002:267): apparmor="DENIED" operation="capable" class="cap" profile="fusermount3" pid=3504 comm="fusermount3" capability=7  capname="setuid"
2026-09-09T13:55:28.004424+02:00 VCDE-DUT-1 kernel: audit: type=1400 audit(1788954928.002:268): apparmor="DENIED" operation="capable" class="cap" profile="fusermount3" pid=3507 comm="fusermount3" capability=7  capname="setuid"
2026-09-09T13:55:28.006324+02:00 VCDE-DUT-1 kernel: audit: type=1400 audit(1788954928.004:269): apparmor="DENIED" operation="mount" class="mount" info="failed mntpnt match" error=-13 profile="fusermount3" name="/" pid=3508 comm="fusermount3" flags="rw, rprivate"
2026-09-09T13:56:27.233325+02:00 VCDE-DUT-1 kernel: audit: type=1400 audit(1788954987.231:270): apparmor="DENIED" operation="capable" class="cap" profile="fusermount3" pid=3691 comm="fusermount3" capability=1  capname="dac_override"
2026-09-09T13:56:27.233367+02:00 VCDE-DUT-1 kernel: audit: type=1400 audit(1788954987.231:271): apparmor="DENIED" operation="capable" class="cap" profile="fusermount3" pid=3691 comm="fusermount3" capability=7  capname="setuid"
2026-09-09T13:56:27.233381+02:00 VCDE-DUT-1 kernel: audit: type=1400 audit(1788954987.231:272): apparmor="DENIED" operation="capable" class="cap" profile="fusermount3" pid=3692 comm="fusermount3" capability=7  capname="setuid"
2026-09-09T13:56:41.006511+02:00 VCDE-DUT-1 kernel: audit: type=1400 audit(1788955001.001:273): apparmor="DENIED" operation="capable" class="cap" profile="fusermount3" pid=3785 comm="fusermount3" capability=1  capname="dac_override"
2026-09-09T13:56:41.006682+02:00 VCDE-DUT-1 kernel: audit: type=1400 audit(1788955001.001:274): apparmor="DENIED" operation="capable" class="cap" profile="fusermount3" pid=3785 comm="fusermount3" capability=7  capname="setuid"
2026-09-09T13:56:41.006755+02:00 VCDE-DUT-1 kernel: audit: type=1400 audit(1788955001.001:275): apparmor="DENIED" operation="capable" class="cap" profile="fusermount3" pid=3789 comm="fusermount3" capability=7  capname="setuid"
2026-09-09T13:56:41.006816+02:00 VCDE-DUT-1 kernel: audit: type=1400 audit(1788955001.004:276): apparmor="DENIED" operation="mount" class="mount" info="failed mntpnt match" error=-13 profile="fusermount3" name="/" pid=3790 comm="fusermount3" flags="rw, rprivate"
2026-09-09T13:56:49.980324+02:00 VCDE-DUT-1 kernel: audit: type=1400 audit(1788955009.978:277): apparmor="DENIED" operation="capable" class="cap" profile="fusermount3" pid=3973 comm="fusermount3" capability=1  capname="dac_override"
2026-09-09T13:56:49.980369+02:00 VCDE-DUT-1 kernel: audit: type=1400 audit(1788955009.978:278): apparmor="DENIED" operation="capable" class="cap" profile="fusermount3" pid=3973 comm="fusermount3" capability=7  capname="setuid"
2026-09-09T13:56:49.980387+02:00 VCDE-DUT-1 kernel: audit: type=1400 audit(1788955009.978:279): apparmor="DENIED" operation="capable" class="cap" profile="fusermount3" pid=3974 comm="fusermount3" capability=7  capname="setuid"
2026-09-09T13:57:00.753327+02:00 VCDE-DUT-1 kernel: audit: type=1400 audit(1788955020.751:280): apparmor="DENIED" operation="capable" class="cap" profile="fusermount3" pid=4067 comm="fusermount3" capability=1  capname="dac_override"
2026-09-09T13:57:00.753381+02:00 VCDE-DUT-1 kernel: audit: type=1400 audit(1788955020.751:281): apparmor="DENIED" operation="capable" class="cap" profile="fusermount3" pid=4067 comm="fusermount3" capability=7  capname="setuid"
2026-09-09T13:57:00.753433+02:00 VCDE-DUT-1 kernel: audit: type=1400 audit(1788955020.751:282): apparmor="DENIED" operation="capable" class="cap" profile="fusermount3" pid=4069 comm="fusermount3" capability=7  capname="setuid"
2026-09-09T13:57:00.756322+02:00 VCDE-DUT-1 kernel: audit: type=1400 audit(1788955020.754:283): apparmor="DENIED" operation="mount" class="mount" info="failed mntpnt match" error=-13 profile="fusermount3" name="/" pid=4071 comm="fusermount3" flags="rw, rprivate"
2026-09-09T13:57:19.753333+02:00 VCDE-DUT-1 kernel: audit: type=1400 audit(1788955039.752:284): apparmor="DENIED" operation="capable" class="cap" profile="fusermount3" pid=4256 comm="fusermount3" capability=1  capname="dac_override"
2026-09-09T13:57:19.753389+02:00 VCDE-DUT-1 kernel: audit: type=1400 audit(1788955039.752:285): apparmor="DENIED" operation="capable" class="cap" profile="fusermount3" pid=4256 comm="fusermount3" capability=7  capname="setuid"
2026-09-09T13:57:19.753419+02:00 VCDE-DUT-1 kernel: audit: type=1400 audit(1788955039.752:286): apparmor="DENIED" operation="capable" class="cap" profile="fusermount3" pid=4257 comm="fusermount3" capability=7  capname="setuid"
2026-09-09T13:57:30.003188+02:00 VCDE-DUT-1 kernel: audit: type=1400 audit(1788955050.001:287): apparmor="DENIED" operation="capable" class="cap" profile="fusermount3" pid=4347 comm="fusermount3" capability=1  capname="dac_override"
2026-09-09T13:57:30.003240+02:00 VCDE-DUT-1 kernel: audit: type=1400 audit(1788955050.001:288): apparmor="DENIED" operation="capable" class="cap" profile="fusermount3" pid=4347 comm="fusermount3" capability=7  capname="setuid"
2026-09-09T13:57:30.003263+02:00 VCDE-DUT-1 kernel: audit: type=1400 audit(1788955050.001:289): apparmor="DENIED" operation="capable" class="cap" profile="fusermount3" pid=4349 comm="fusermount3" capability=7  capname="setuid"
2026-09-09T13:57:30.006320+02:00 VCDE-DUT-1 kernel: audit: type=1400 audit(1788955050.004:290): apparmor="DENIED" operation="mount" class="mount" info="failed mntpnt match" error=-13 profile="fusermount3" name="/" pid=4351 comm="fusermount3" flags="rw, rprivate"
2026-09-09T13:58:02.386324+02:00 VCDE-DUT-1 kernel: audit: type=1400 audit(1788955082.385:291): apparmor="DENIED" operation="capable" class="cap" profile="fusermount3" pid=4539 comm="fusermount3" capability=1  capname="dac_override"
2026-09-09T13:58:02.386372+02:00 VCDE-DUT-1 kernel: audit: type=1400 audit(1788955082.385:292): apparmor="DENIED" operation="capable" class="cap" profile="fusermount3" pid=4539 comm="fusermount3" capability=7  capname="setuid"
2026-09-09T13:58:02.387331+02:00 VCDE-DUT-1 kernel: audit: type=1400 audit(1788955082.386:293): apparmor="DENIED" operation="capable" class="cap" profile="fusermount3" pid=4540 comm="fusermount3" capability=7  capname="setuid"
2026-09-09T13:58:11.055343+02:00 VCDE-DUT-1 kernel: audit: type=1400 audit(1788955091.054:294): apparmor="AUDIT" operation="userns_create" class="namespace" info="Userns create - transitioning profile" profile="unconfined" pid=4650 comm="(ubuntu-insigh)" requested="userns_create" target="unprivileged_userns" execpath="/usr/lib/systemd/systemd-executor"
2026-09-09T13:58:11.055418+02:00 VCDE-DUT-1 kernel: audit: type=1400 audit(1788955091.054:295): apparmor="DENIED" operation="capable" class="cap" profile="unprivileged_userns" pid=4650 comm="(ubuntu-insigh)" capability=21  capname="sys_admin"
2026-09-09T13:58:11.099350+02:00 VCDE-DUT-1 kernel: audit: type=1400 audit(1788955091.098:296): apparmor="DENIED" operation="getattr" class="file" info="Failed name lookup - disconnected path" error=-13 profile="unprivileged_userns" name="" pid=4667 comm="systemd-detect-" requested_mask="r" denied_mask="r" fsuid=60578 ouid=0
2026-09-09T13:58:12.507740+02:00 VCDE-DUT-1 kernel: audit: type=1400 audit(1788955092.502:297): apparmor="DENIED" operation="capable" class="cap" profile="fusermount3" pid=4696 comm="fusermount3" capability=1  capname="dac_override"
2026-09-09T13:58:12.507882+02:00 VCDE-DUT-1 kernel: audit: type=1400 audit(1788955092.502:298): apparmor="DENIED" operation="capable" class="cap" profile="fusermount3" pid=4696 comm="fusermount3" capability=7  capname="setuid"
2026-09-09T13:58:12.507965+02:00 VCDE-DUT-1 kernel: audit: type=1400 audit(1788955092.502:299): apparmor="DENIED" operation="capable" class="cap" profile="fusermount3" pid=4699 comm="fusermount3" capability=7  capname="setuid"
2026-09-09T13:58:12.508045+02:00 VCDE-DUT-1 kernel: audit: type=1400 audit(1788955092.505:300): apparmor="DENIED" operation="mount" class="mount" info="failed mntpnt match" error=-13 profile="fusermount3" name="/" pid=4700 comm="fusermount3" flags="rw, rprivate"
2026-09-09T13:58:28.831324+02:00 VCDE-DUT-1 kernel: audit: type=1400 audit(1788955108.829:301): apparmor="AUDIT" operation="userns_create" class="namespace" info="Userns create - transitioning profile" profile="unconfined" pid=4760 comm="(ubuntu-insigh)" requested="userns_create" target="unprivileged_userns" execpath="/usr/lib/systemd/systemd-executor"
2026-09-09T13:58:28.831368+02:00 VCDE-DUT-1 kernel: audit: type=1400 audit(1788955108.829:302): apparmor="DENIED" operation="capable" class="cap" profile="unprivileged_userns" pid=4760 comm="(ubuntu-insigh)" capability=21  capname="sys_admin"
2026-09-09T13:58:28.841331+02:00 VCDE-DUT-1 kernel: audit: type=1400 audit(1788955108.839:303): apparmor="DENIED" operation="getattr" class="file" info="Failed name lookup - disconnected path" error=-13 profile="unprivileged_userns" name="" pid=4797 comm="systemd-detect-" requested_mask="r" denied_mask="r" fsuid=1000 ouid=0
2026-09-09T13:58:28.889333+02:00 VCDE-DUT-1 kernel: xdma_ahd_pcie:remove_one: pdev 0x000000005421f730, xdev 0x00000000ae65d219, 0x00000000e19e3d71.
2026-09-09T13:58:28.889379+02:00 VCDE-DUT-1 kernel: xdma_ahd_pcie:xpdev_free: xpdev 0x00000000ae65d219, destroy_interfaces, xdev 0x00000000e19e3d71.
2026-09-09T13:58:28.890320+02:00 VCDE-DUT-1 kernel: xdma_ahd_pcie:xpdev_free: xpdev 0x00000000ae65d219, xdev 0x00000000e19e3d71 xdma_device_close.
2026-09-09T13:58:28.917337+02:00 VCDE-DUT-1 kernel: audit: type=1400 audit(1788955108.915:304): apparmor="DENIED" operation="capable" class="cap" profile="fusermount3" pid=4920 comm="fusermount3" capability=1  capname="dac_override"
2026-09-09T13:58:28.917399+02:00 VCDE-DUT-1 kernel: audit: type=1400 audit(1788955108.915:305): apparmor="DENIED" operation="capable" class="cap" profile="fusermount3" pid=4920 comm="fusermount3" capability=7  capname="setuid"
2026-09-09T13:58:28.917433+02:00 VCDE-DUT-1 kernel: audit: type=1400 audit(1788955108.915:306): apparmor="DENIED" operation="capable" class="cap" profile="fusermount3" pid=4921 comm="fusermount3" capability=7  capname="setuid"
2026-09-09T13:58:39.006336+02:00 VCDE-DUT-1 kernel: audit: type=1400 audit(1788955119.000:307): apparmor="DENIED" operation="capable" class="cap" profile="fusermount3" pid=5040 comm="fusermount3" capability=1  capname="dac_override"
2026-09-09T13:58:39.006451+02:00 VCDE-DUT-1 kernel: audit: type=1400 audit(1788955119.000:308): apparmor="DENIED" operation="capable" class="cap" profile="fusermount3" pid=5040 comm="fusermount3" capability=7  capname="setuid"
2026-09-09T13:58:39.006499+02:00 VCDE-DUT-1 kernel: audit: type=1400 audit(1788955119.001:309): apparmor="DENIED" operation="capable" class="cap" profile="fusermount3" pid=5043 comm="fusermount3" capability=7  capname="setuid"
2026-09-09T13:58:39.006590+02:00 VCDE-DUT-1 kernel: audit: type=1400 audit(1788955119.003:310): apparmor="DENIED" operation="mount" class="mount" info="failed mntpnt match" error=-13 profile="fusermount3" name="/" pid=5044 comm="fusermount3" flags="rw, rprivate"
2026-09-09T13:59:27.380330+02:00 VCDE-DUT-1 kernel: audit: type=1400 audit(1788955167.379:311): apparmor="AUDIT" operation="userns_create" class="namespace" info="Userns create - transitioning profile" profile="unconfined" pid=5111 comm="(ubuntu-insigh)" requested="userns_create" target="unprivileged_userns" execpath="/usr/lib/systemd/systemd-executor"
2026-09-09T13:59:27.380392+02:00 VCDE-DUT-1 kernel: audit: type=1400 audit(1788955167.379:312): apparmor="DENIED" operation="capable" class="cap" profile="unprivileged_userns" pid=5111 comm="(ubuntu-insigh)" capability=21  capname="sys_admin"
2026-09-09T13:59:27.390328+02:00 VCDE-DUT-1 kernel: audit: type=1400 audit(1788955167.389:313): apparmor="DENIED" operation="getattr" class="file" info="Failed name lookup - disconnected path" error=-13 profile="unprivileged_userns" name="" pid=5148 comm="systemd-detect-" requested_mask="r" denied_mask="r" fsuid=1000 ouid=0
