#-----------------------------------------------------------
# Vivado v2025.2 (64-bit)
# SW Build 6299465 on Fri Nov 14 19:35:11 GMT 2025
# IP Build 6300035 on Fri Nov 14 10:48:45 MST 2025
# SharedData Build 6298862 on Thu Nov 13 04:50:51 MST 2025
# Start of session at: Wed Sep  9 13:50:16 2026
# Process ID         : 19340
# Current directory  : C:/FPGA/G2B_BT656_FIX1_R1_20260909T090813Z
# Command line       : vivado.exe -mode batch -journal C:\FPGA\G2B_BT656_FIX1_R1_20260909T090813Z\logs\vivado-program.jou -log C:\FPGA\G2B_BT656_FIX1_R1_20260909T090813Z\logs\vivado-program.log -source C:\FPGA\G2B_BT656_FIX1_R1_20260909T090813Z\scripts\program-fix1-r1-once.tcl
# Log file           : C:/FPGA/G2B_BT656_FIX1_R1_20260909T090813Z/logs/vivado-program.log
# Journal file       : C:\FPGA\G2B_BT656_FIX1_R1_20260909T090813Z\logs\vivado-program.jou
# Running On         : NBLSUDUL
# Platform           : Windows Server 2016 or Windows 10
# Operating System   : 19045
# Processor Detail   : Intel(R) Core(TM) i7-7500U CPU @ 2.70GHz
# CPU Frequency      : 2904 MHz
# CPU Physical cores : 2
# CPU Logical cores  : 4
# Host memory        : 17028 MB
# Swap memory        : 4294 MB
# Total Virtual      : 21323 MB
# Available Virtual  : 12264 MB
#-----------------------------------------------------------
WARNING: [Runs 36-547] User Strategy 'Vivado Implementation Defaults' from file 'C:\Users\£ukasz Sudu³\AppData\Roaming/Xilinx/Vivado/2025.2/strategies/Vivado Implementation Defaults.Vivado Implementation 2025.psg' discarded because strategy with same name already parsed from 'C:/AMDDesignTools/2025.2/Vivado/strategies/VDI2025.psg'
source {C:\FPGA\G2B_BT656_FIX1_R1_20260909T090813Z\scripts\program-fix1-r1-once.tcl}
# if {$argc != 0} {
#   puts stderr {usage: program-fix1-r1-once.tcl}
#   exit 2
# }
# set bitfile {C:/FPGA/G2B_BT656_FIX1_R1_20260909T090813Z/artifacts/offline-candidate/G2B_BT656_FIX1_R1_PRODUCT.bit}
# set expected_filename {G2B_BT656_FIX1_R1_PRODUCT.bit}
# set expected_size 2192144
# set expected_sha256 {8180372428577769878C80CBC46E944C050801C9F80781711D39338EE88B68DA}
# set expected_target {localhost:3121/xilinx_tcf/Xilinx/80802026a98b01}
# set expected_part {xc7a35t}
# set expected_idcode {0362D093}
# set done_property {REGISTER.IR.BIT5_DONE}
# proc emit {key value} { puts "$key=$value"; flush stdout }
# proc utc {} { return [clock format [clock seconds] -format {%Y-%m-%dT%H:%M:%SZ} -gmt 1] }
# proc normalized_idcode {dev} {
#   if {[lsearch -exact [list_property $dev] IDCODE_HEX] >= 0} {
#     return [string toupper [string map {0X {}} [get_property IDCODE_HEX $dev]]]
#   }
#   set raw [get_property IDCODE $dev]
#   if {[string match -nocase {0x*} $raw]} { set raw [string range $raw 2 end] }
#   if {[string is integer -strict $raw]} { return [format %08X $raw] }
#   return [string toupper $raw]
# }
# proc cleanup_hw {} {
#   catch {close_hw_target}
#   catch {disconnect_hw_server}
#   catch {close_hw_manager}
# }
# set invoked 0
# set rc 0
# emit TASK_ID G2B-BT656-FIX1-R1
TASK_ID=G2B-BT656-FIX1-R1
# emit CANDIDATE_CLASS BT656_FIX1_R1_OFFLINE_QUALIFIED_PRODUCT_CANDIDATE
CANDIDATE_CLASS=BT656_FIX1_R1_OFFLINE_QUALIFIED_PRODUCT_CANDIDATE
# emit PROGRAMMED_STORAGE FPGA_SRAM_VOLATILE_ONLY
PROGRAMMED_STORAGE=FPGA_SRAM_VOLATILE_ONLY
# emit AUTOMATIC_RETRY_ALLOWED NO
AUTOMATIC_RETRY_ALLOWED=NO
# emit FLASH_OPERATIONS_THIS_SCRIPT 0
FLASH_OPERATIONS_THIS_SCRIPT=0
# emit CFGMEM_OPERATIONS_THIS_SCRIPT 0
CFGMEM_OPERATIONS_THIS_SCRIPT=0
# if {[catch {
#   set bitfile [file normalize $bitfile]
#   if {![file isfile $bitfile]} { error "bitstream missing: $bitfile" }
#   if {[file tail $bitfile] ne $expected_filename} { error "bitstream filename mismatch" }
#   if {[file size $bitfile] != $expected_size} { error "bitstream size mismatch" }
#   emit BIT_PATH $bitfile
#   emit BIT_SIZE [file size $bitfile]
#   emit BIT_SHA256_EXPECTED $expected_sha256
#   emit BIT_SHA256_VERIFICATION WINDOWS_SUPERVISOR_PASS
# 
#   open_hw_manager
#   connect_hw_server -url localhost:3121
#   set targets [get_hw_targets -quiet]
#   emit JTAG_TARGET_COUNT [llength $targets]
#   foreach target $targets { emit DISCOVERED_JTAG_TARGET $target }
#   if {[llength $targets] != 1 || [lindex $targets 0] ne $expected_target} {
#     error "exact target mismatch: $targets"
#   }
#   set target [lindex $targets 0]
#   current_hw_target $target
#   open_hw_target
#   set devices [get_hw_devices -quiet]
#   emit JTAG_DEVICE_COUNT [llength $devices]
#   if {[llength $devices] != 1} { error "device count [llength $devices]" }
#   set dev [lindex $devices 0]
#   current_hw_device $dev
#   refresh_hw_device $dev
#   set part [get_property PART $dev]
#   set idcode [normalized_idcode $dev]
#   set done_before [string trim [get_property $done_property $dev]]
#   emit SELECTED_TARGET $target
#   emit SELECTED_DEVICE $dev
#   emit PREPROGRAM_FPGA_PART $part
#   emit PREPROGRAM_FPGA_IDCODE $idcode
#   emit PREPROGRAM_FPGA_DONE $done_before
#   if {$part ne $expected_part || $idcode ne $expected_idcode || $done_before ni {0 1}} {
#     error "preprogram identity mismatch: $part $idcode $done_before"
#   }
#   if {[lsearch -exact [list_property $dev] PROBES.FILE] >= 0 &&
#       [string trim [get_property PROBES.FILE $dev]] ne {}} {
#     error "PROBES.FILE is not unset"
#   }
# 
#   set_property PROGRAM.FILE $bitfile $dev
#   emit PROGRAM_START_UTC [utc]
#   set invoked 1
#   emit PROGRAM_INVOCATION_CONSUMED 1
#   program_hw_devices $dev
#   emit PROGRAM_COMMAND_RETURNED_UTC [utc]
# 
#   refresh_hw_device $dev
#   set post_part [get_property PART $dev]
#   set post_idcode [normalized_idcode $dev]
#   set post_done [string trim [get_property $done_property $dev]]
#   emit POSTPROGRAM_FPGA_PART $post_part
#   emit POSTPROGRAM_FPGA_IDCODE $post_idcode
#   emit POSTPROGRAM_FPGA_DONE $post_done
#   if {$post_part ne $expected_part || $post_idcode ne $expected_idcode || $post_done ne {1}} {
#     error "postprogram identity/DONE mismatch: $post_part $post_idcode $post_done"
#   }
#   emit PROGRAM_INVOCATIONS 1
#   emit PROGRAM_TCL_RESULT PASS_DONE_1
# } err opts]} {
#   emit PROGRAM_INVOCATIONS $invoked
#   emit PROGRAM_ERROR $err
#   emit PROGRAM_ERROR_OPTIONS $opts
#   emit PROGRAM_TCL_RESULT FAIL_NO_RETRY
#   set rc 1
# }
BIT_PATH=C:/FPGA/G2B_BT656_FIX1_R1_20260909T090813Z/artifacts/offline-candidate/G2B_BT656_FIX1_R1_PRODUCT.bit
BIT_SIZE=2192144
BIT_SHA256_EXPECTED=8180372428577769878C80CBC46E944C050801C9F80781711D39338EE88B68DA
BIT_SHA256_VERIFICATION=WINDOWS_SUPERVISOR_PASS
open_hw_manager: Time (s): cpu = 00:00:19 ; elapsed = 00:00:12 . Memory (MB): peak = 537.609 ; gain = 222.688
INFO: [Labtools 27-2285] Connecting to hw_server url TCP:localhost:3121
INFO: [Labtools 27-2222] Launching hw_server...
INFO: [Labtools 27-2221] Launch Output:

****** Xilinx hw_server v2025.2
  **** Build date : Oct 28 2025 at 10:03:13
    ** Copyright 1986-2022 Xilinx, Inc. All Rights Reserved.


INFO: [Labtools 27-3415] Connecting to cs_server url TCP:localhost:0
INFO: [Labtools 27-3417] Launching cs_server...
INFO: [Labtools 27-2221] Launch Output:


******** Xilinx cs_server v2025.2.0
  ****** Build date   : Nov 14 2025-00:16:52
    **** Build number : 2025.2.1763075812
      ** Copyright 2017-2022 Xilinx, Inc. All Rights Reserved.
      ** Copyright 2022-2026 Advanced Micro Devices, Inc. All Rights Reserved.



connect_hw_server: Time (s): cpu = 00:00:01 ; elapsed = 00:00:19 . Memory (MB): peak = 542.562 ; gain = 4.953
JTAG_TARGET_COUNT=1
DISCOVERED_JTAG_TARGET=localhost:3121/xilinx_tcf/Xilinx/80802026a98b01
INFO: [Labtoolstcl 44-466] Opening hw_target localhost:3121/xilinx_tcf/Xilinx/80802026a98b01
JTAG_DEVICE_COUNT=1
INFO: [Labtools 27-1434] Device xc7a35t (JTAG device index = 0) is programmed with a design that has no supported soft debug core(s) in it.
SELECTED_TARGET=localhost:3121/xilinx_tcf/Xilinx/80802026a98b01
SELECTED_DEVICE=xc7a35t_0
PREPROGRAM_FPGA_PART=xc7a35t
PREPROGRAM_FPGA_IDCODE=0362D093
PREPROGRAM_FPGA_DONE=1
PROGRAM_START_UTC=2026-09-09T11:50:55Z
PROGRAM_INVOCATION_CONSUMED=1
INFO: [Labtools 27-3164] End of startup status: HIGH
program_hw_devices: Time (s): cpu = 00:00:06 ; elapsed = 00:00:06 . Memory (MB): peak = 601.797 ; gain = 0.504
PROGRAM_COMMAND_RETURNED_UTC=2026-09-09T11:51:02Z
INFO: [Labtools 27-1434] Device xc7a35t (JTAG device index = 0) is programmed with a design that has no supported soft debug core(s) in it.
POSTPROGRAM_FPGA_PART=xc7a35t
POSTPROGRAM_FPGA_IDCODE=0362D093
POSTPROGRAM_FPGA_DONE=1
PROGRAM_INVOCATIONS=1
PROGRAM_TCL_RESULT=PASS_DONE_1
# cleanup_hw
INFO: [Labtoolstcl 44-464] Closing hw_target localhost:3121/xilinx_tcf/Xilinx/80802026a98b01
# exit $rc
INFO: [Common 17-206] Exiting Vivado at Wed Sep  9 13:51:02 2026...
