
****** xsim v2025.2 (64-bit)
  **** SW Build 6299465 on Fri Nov 14 19:35:11 GMT 2025
  **** IP Build 6300035 on Fri Nov 14 10:48:45 MST 2025
  **** SharedData Build 6298862 on Thu Nov 13 04:50:51 MST 2025
  **** Start of session at: Fri Aug 21 22:23:45 2026
    ** Copyright 1986-2022 Xilinx, Inc. All Rights Reserved.
    ** Copyright 2022-2025 Advanced Micro Devices, Inc. All Rights Reserved.

source xsim.dir/i25_op_dump/xsim_script.tcl
# xsim {i25_op_dump} -autoloadwcfg -runall
Time resolution is 1 ps
run -all
Note: I25_OP,0,00800F
Time: 0 ps  Iteration: 0  Process: /tb_i25_dump_effective_ops/line__11  File: C:/FPGA/V41_NVP_I2C_25KHZ_PAIRED_AB_R1/scripts/tb_dump_effective_ops.vhd
Note: I25_OP,1,01CA66
Time: 0 ps  Iteration: 0  Process: /tb_i25_dump_effective_ops/line__11  File: C:/FPGA/V41_NVP_I2C_25KHZ_PAIRED_AB_R1/scripts/tb_dump_effective_ops.vhd
Note: I25_OP,2,036B00
Time: 0 ps  Iteration: 0  Process: /tb_i25_dump_effective_ops/line__11  File: C:/FPGA/V41_NVP_I2C_25KHZ_PAIRED_AB_R1/scripts/tb_dump_effective_ops.vhd
Note: I25_OP,3,033A01
Time: 0 ps  Iteration: 0  Process: /tb_i25_dump_effective_ops/line__11  File: C:/FPGA/V41_NVP_I2C_25KHZ_PAIRED_AB_R1/scripts/tb_dump_effective_ops.vhd
Note: I25_OP,4,FE03E8
Time: 0 ps  Iteration: 0  Process: /tb_i25_dump_effective_ops/line__11  File: C:/FPGA/V41_NVP_I2C_25KHZ_PAIRED_AB_R1/scripts/tb_dump_effective_ops.vhd
Note: I25_OP,5,033A00
Time: 0 ps  Iteration: 0  Process: /tb_i25_dump_effective_ops/line__11  File: C:/FPGA/V41_NVP_I2C_25KHZ_PAIRED_AB_R1/scripts/tb_dump_effective_ops.vhd
Note: I25_OP,6,000010
Time: 0 ps  Iteration: 0  Process: /tb_i25_dump_effective_ops/line__11  File: C:/FPGA/V41_NVP_I2C_25KHZ_PAIRED_AB_R1/scripts/tb_dump_effective_ops.vhd
Note: I25_OP,7,002343
Time: 0 ps  Iteration: 0  Process: /tb_i25_dump_effective_ops/line__11  File: C:/FPGA/V41_NVP_I2C_25KHZ_PAIRED_AB_R1/scripts/tb_dump_effective_ops.vhd
Note: I25_OP,8,003010
Time: 0 ps  Iteration: 0  Process: /tb_i25_dump_effective_ops/line__11  File: C:/FPGA/V41_NVP_I2C_25KHZ_PAIRED_AB_R1/scripts/tb_dump_effective_ops.vhd
Note: I25_OP,9,003402
Time: 0 ps  Iteration: 0  Process: /tb_i25_dump_effective_ops/line__11  File: C:/FPGA/V41_NVP_I2C_25KHZ_PAIRED_AB_R1/scripts/tb_dump_effective_ops.vhd
Note: I25_OP,10,009300
Time: 0 ps  Iteration: 0  Process: /tb_i25_dump_effective_ops/line__11  File: C:/FPGA/V41_NVP_I2C_25KHZ_PAIRED_AB_R1/scripts/tb_dump_effective_ops.vhd
Note: I25_OP,11,0500C0
Time: 0 ps  Iteration: 0  Process: /tb_i25_dump_effective_ops/line__11  File: C:/FPGA/V41_NVP_I2C_25KHZ_PAIRED_AB_R1/scripts/tb_dump_effective_ops.vhd
Note: I25_OP,12,050102
Time: 0 ps  Iteration: 0  Process: /tb_i25_dump_effective_ops/line__11  File: C:/FPGA/V41_NVP_I2C_25KHZ_PAIRED_AB_R1/scripts/tb_dump_effective_ops.vhd
Note: I25_OP,13,050850
Time: 0 ps  Iteration: 0  Process: /tb_i25_dump_effective_ops/line__11  File: C:/FPGA/V41_NVP_I2C_25KHZ_PAIRED_AB_R1/scripts/tb_dump_effective_ops.vhd
Note: I25_OP,14,051106
Time: 0 ps  Iteration: 0  Process: /tb_i25_dump_effective_ops/line__11  File: C:/FPGA/V41_NVP_I2C_25KHZ_PAIRED_AB_R1/scripts/tb_dump_effective_ops.vhd
Note: I25_OP,15,052300
Time: 0 ps  Iteration: 0  Process: /tb_i25_dump_effective_ops/line__11  File: C:/FPGA/V41_NVP_I2C_25KHZ_PAIRED_AB_R1/scripts/tb_dump_effective_ops.vhd
Note: I25_OP,16,052A52
Time: 0 ps  Iteration: 0  Process: /tb_i25_dump_effective_ops/line__11  File: C:/FPGA/V41_NVP_I2C_25KHZ_PAIRED_AB_R1/scripts/tb_dump_effective_ops.vhd
Note: I25_OP,17,055802
Time: 0 ps  Iteration: 0  Process: /tb_i25_dump_effective_ops/line__11  File: C:/FPGA/V41_NVP_I2C_25KHZ_PAIRED_AB_R1/scripts/tb_dump_effective_ops.vhd
Note: I25_OP,18,055911
Time: 0 ps  Iteration: 0  Process: /tb_i25_dump_effective_ops/line__11  File: C:/FPGA/V41_NVP_I2C_25KHZ_PAIRED_AB_R1/scripts/tb_dump_effective_ops.vhd
Note: I25_OP,19,05B8B9
Time: 0 ps  Iteration: 0  Process: /tb_i25_dump_effective_ops/line__11  File: C:/FPGA/V41_NVP_I2C_25KHZ_PAIRED_AB_R1/scripts/tb_dump_effective_ops.vhd
Note: I25_OP,20,05C804
Time: 0 ps  Iteration: 0  Process: /tb_i25_dump_effective_ops/line__11  File: C:/FPGA/V41_NVP_I2C_25KHZ_PAIRED_AB_R1/scripts/tb_dump_effective_ops.vhd
Note: I25_OP,21,0A7402
Time: 0 ps  Iteration: 0  Process: /tb_i25_dump_effective_ops/line__11  File: C:/FPGA/V41_NVP_I2C_25KHZ_PAIRED_AB_R1/scripts/tb_dump_effective_ops.vhd
Note: I25_OP,22,096498
Time: 0 ps  Iteration: 0  Process: /tb_i25_dump_effective_ops/line__11  File: C:/FPGA/V41_NVP_I2C_25KHZ_PAIRED_AB_R1/scripts/tb_dump_effective_ops.vhd
Note: I25_OP,23,096A18
Time: 0 ps  Iteration: 0  Process: /tb_i25_dump_effective_ops/line__11  File: C:/FPGA/V41_NVP_I2C_25KHZ_PAIRED_AB_R1/scripts/tb_dump_effective_ops.vhd
Note: I25_OP,24,096BFF
Time: 0 ps  Iteration: 0  Process: /tb_i25_dump_effective_ops/line__11  File: C:/FPGA/V41_NVP_I2C_25KHZ_PAIRED_AB_R1/scripts/tb_dump_effective_ops.vhd
Note: I25_OP,25,098000
Time: 0 ps  Iteration: 0  Process: /tb_i25_dump_effective_ops/line__11  File: C:/FPGA/V41_NVP_I2C_25KHZ_PAIRED_AB_R1/scripts/tb_dump_effective_ops.vhd
Note: I25_OP,26,098100
Time: 0 ps  Iteration: 0  Process: /tb_i25_dump_effective_ops/line__11  File: C:/FPGA/V41_NVP_I2C_25KHZ_PAIRED_AB_R1/scripts/tb_dump_effective_ops.vhd
Note: I25_OP,27,000000
Time: 0 ps  Iteration: 0  Process: /tb_i25_dump_effective_ops/line__11  File: C:/FPGA/V41_NVP_I2C_25KHZ_PAIRED_AB_R1/scripts/tb_dump_effective_ops.vhd
Note: I25_OP,28,0500C0
Time: 0 ps  Iteration: 0  Process: /tb_i25_dump_effective_ops/line__11  File: C:/FPGA/V41_NVP_I2C_25KHZ_PAIRED_AB_R1/scripts/tb_dump_effective_ops.vhd
Note: I25_OP,29,050100
Time: 0 ps  Iteration: 0  Process: /tb_i25_dump_effective_ops/line__11  File: C:/FPGA/V41_NVP_I2C_25KHZ_PAIRED_AB_R1/scripts/tb_dump_effective_ops.vhd
Note: I25_OP,30,055800
Time: 0 ps  Iteration: 0  Process: /tb_i25_dump_effective_ops/line__11  File: C:/FPGA/V41_NVP_I2C_25KHZ_PAIRED_AB_R1/scripts/tb_dump_effective_ops.vhd
Note: I25_OP,31,055900
Time: 0 ps  Iteration: 0  Process: /tb_i25_dump_effective_ops/line__11  File: C:/FPGA/V41_NVP_I2C_25KHZ_PAIRED_AB_R1/scripts/tb_dump_effective_ops.vhd
Note: I25_OP,32,055B03
Time: 0 ps  Iteration: 0  Process: /tb_i25_dump_effective_ops/line__11  File: C:/FPGA/V41_NVP_I2C_25KHZ_PAIRED_AB_R1/scripts/tb_dump_effective_ops.vhd
Note: I25_OP,33,0008DD
Time: 0 ps  Iteration: 0  Process: /tb_i25_dump_effective_ops/line__11  File: C:/FPGA/V41_NVP_I2C_25KHZ_PAIRED_AB_R1/scripts/tb_dump_effective_ops.vhd
Note: I25_OP,34,000C08
Time: 0 ps  Iteration: 0  Process: /tb_i25_dump_effective_ops/line__11  File: C:/FPGA/V41_NVP_I2C_25KHZ_PAIRED_AB_R1/scripts/tb_dump_effective_ops.vhd
Note: I25_OP,35,001088
Time: 0 ps  Iteration: 0  Process: /tb_i25_dump_effective_ops/line__11  File: C:/FPGA/V41_NVP_I2C_25KHZ_PAIRED_AB_R1/scripts/tb_dump_effective_ops.vhd
Note: I25_OP,36,001490
Time: 0 ps  Iteration: 0  Process: /tb_i25_dump_effective_ops/line__11  File: C:/FPGA/V41_NVP_I2C_25KHZ_PAIRED_AB_R1/scripts/tb_dump_effective_ops.vhd
Note: I25_OP,37,001808
Time: 0 ps  Iteration: 0  Process: /tb_i25_dump_effective_ops/line__11  File: C:/FPGA/V41_NVP_I2C_25KHZ_PAIRED_AB_R1/scripts/tb_dump_effective_ops.vhd
Note: I25_OP,38,002102
Time: 0 ps  Iteration: 0  Process: /tb_i25_dump_effective_ops/line__11  File: C:/FPGA/V41_NVP_I2C_25KHZ_PAIRED_AB_R1/scripts/tb_dump_effective_ops.vhd
Note: I25_OP,39,003C84
Time: 0 ps  Iteration: 0  Process: /tb_i25_dump_effective_ops/line__11  File: C:/FPGA/V41_NVP_I2C_25KHZ_PAIRED_AB_R1/scripts/tb_dump_effective_ops.vhd
Note: I25_OP,40,004400
Time: 0 ps  Iteration: 0  Process: /tb_i25_dump_effective_ops/line__11  File: C:/FPGA/V41_NVP_I2C_25KHZ_PAIRED_AB_R1/scripts/tb_dump_effective_ops.vhd
Note: I25_OP,41,004800
Time: 0 ps  Iteration: 0  Process: /tb_i25_dump_effective_ops/line__11  File: C:/FPGA/V41_NVP_I2C_25KHZ_PAIRED_AB_R1/scripts/tb_dump_effective_ops.vhd
Note: I25_OP,42,004C00
Time: 0 ps  Iteration: 0  Process: /tb_i25_dump_effective_ops/line__11  File: C:/FPGA/V41_NVP_I2C_25KHZ_PAIRED_AB_R1/scripts/tb_dump_effective_ops.vhd
Note: I25_OP,43,005000
Time: 0 ps  Iteration: 0  Process: /tb_i25_dump_effective_ops/line__11  File: C:/FPGA/V41_NVP_I2C_25KHZ_PAIRED_AB_R1/scripts/tb_dump_effective_ops.vhd
Note: I25_OP,44,01ED00
Time: 0 ps  Iteration: 0  Process: /tb_i25_dump_effective_ops/line__11  File: C:/FPGA/V41_NVP_I2C_25KHZ_PAIRED_AB_R1/scripts/tb_dump_effective_ops.vhd
Note: I25_OP,45,056900
Time: 0 ps  Iteration: 0  Process: /tb_i25_dump_effective_ops/line__11  File: C:/FPGA/V41_NVP_I2C_25KHZ_PAIRED_AB_R1/scripts/tb_dump_effective_ops.vhd
Note: I25_OP,46,054704
Time: 0 ps  Iteration: 0  Process: /tb_i25_dump_effective_ops/line__11  File: C:/FPGA/V41_NVP_I2C_25KHZ_PAIRED_AB_R1/scripts/tb_dump_effective_ops.vhd
Note: I25_OP,47,055084
Time: 0 ps  Iteration: 0  Process: /tb_i25_dump_effective_ops/line__11  File: C:/FPGA/V41_NVP_I2C_25KHZ_PAIRED_AB_R1/scripts/tb_dump_effective_ops.vhd
Note: I25_OP,48,058400
Time: 0 ps  Iteration: 0  Process: /tb_i25_dump_effective_ops/line__11  File: C:/FPGA/V41_NVP_I2C_25KHZ_PAIRED_AB_R1/scripts/tb_dump_effective_ops.vhd
Note: I25_OP,49,058600
Time: 0 ps  Iteration: 0  Process: /tb_i25_dump_effective_ops/line__11  File: C:/FPGA/V41_NVP_I2C_25KHZ_PAIRED_AB_R1/scripts/tb_dump_effective_ops.vhd
Note: I25_OP,50,05D110
Time: 0 ps  Iteration: 0  Process: /tb_i25_dump_effective_ops/line__11  File: C:/FPGA/V41_NVP_I2C_25KHZ_PAIRED_AB_R1/scripts/tb_dump_effective_ops.vhd
Note: I25_OP,51,055700
Time: 0 ps  Iteration: 0  Process: /tb_i25_dump_effective_ops/line__11  File: C:/FPGA/V41_NVP_I2C_25KHZ_PAIRED_AB_R1/scripts/tb_dump_effective_ops.vhd
Note: I25_OP,52,059001
Time: 0 ps  Iteration: 0  Process: /tb_i25_dump_effective_ops/line__11  File: C:/FPGA/V41_NVP_I2C_25KHZ_PAIRED_AB_R1/scripts/tb_dump_effective_ops.vhd
Note: I25_OP,53,050870
Time: 0 ps  Iteration: 0  Process: /tb_i25_dump_effective_ops/line__11  File: C:/FPGA/V41_NVP_I2C_25KHZ_PAIRED_AB_R1/scripts/tb_dump_effective_ops.vhd
Note: I25_OP,54,051104
Time: 0 ps  Iteration: 0  Process: /tb_i25_dump_effective_ops/line__11  File: C:/FPGA/V41_NVP_I2C_25KHZ_PAIRED_AB_R1/scripts/tb_dump_effective_ops.vhd
Note: I25_OP,55,051B20
Time: 0 ps  Iteration: 0  Process: /tb_i25_dump_effective_ops/line__11  File: C:/FPGA/V41_NVP_I2C_25KHZ_PAIRED_AB_R1/scripts/tb_dump_effective_ops.vhd
Note: I25_OP,56,052410
Time: 0 ps  Iteration: 0  Process: /tb_i25_dump_effective_ops/line__11  File: C:/FPGA/V41_NVP_I2C_25KHZ_PAIRED_AB_R1/scripts/tb_dump_effective_ops.vhd
Note: I25_OP,57,0525CA
Time: 0 ps  Iteration: 0  Process: /tb_i25_dump_effective_ops/line__11  File: C:/FPGA/V41_NVP_I2C_25KHZ_PAIRED_AB_R1/scripts/tb_dump_effective_ops.vhd
Note: I25_OP,58,052630
Time: 0 ps  Iteration: 0  Process: /tb_i25_dump_effective_ops/line__11  File: C:/FPGA/V41_NVP_I2C_25KHZ_PAIRED_AB_R1/scripts/tb_dump_effective_ops.vhd
Note: I25_OP,59,052930
Time: 0 ps  Iteration: 0  Process: /tb_i25_dump_effective_ops/line__11  File: C:/FPGA/V41_NVP_I2C_25KHZ_PAIRED_AB_R1/scripts/tb_dump_effective_ops.vhd
Note: I25_OP,60,052A30
Time: 0 ps  Iteration: 0  Process: /tb_i25_dump_effective_ops/line__11  File: C:/FPGA/V41_NVP_I2C_25KHZ_PAIRED_AB_R1/scripts/tb_dump_effective_ops.vhd
Note: I25_OP,61,052BA8
Time: 0 ps  Iteration: 0  Process: /tb_i25_dump_effective_ops/line__11  File: C:/FPGA/V41_NVP_I2C_25KHZ_PAIRED_AB_R1/scripts/tb_dump_effective_ops.vhd
Note: I25_OP,62,055F70
Time: 0 ps  Iteration: 0  Process: /tb_i25_dump_effective_ops/line__11  File: C:/FPGA/V41_NVP_I2C_25KHZ_PAIRED_AB_R1/scripts/tb_dump_effective_ops.vhd
Note: I25_OP,63,055600
Time: 0 ps  Iteration: 0  Process: /tb_i25_dump_effective_ops/line__11  File: C:/FPGA/V41_NVP_I2C_25KHZ_PAIRED_AB_R1/scripts/tb_dump_effective_ops.vhd
Note: I25_OP,64,05900D
Time: 0 ps  Iteration: 0  Process: /tb_i25_dump_effective_ops/line__11  File: C:/FPGA/V41_NVP_I2C_25KHZ_PAIRED_AB_R1/scripts/tb_dump_effective_ops.vhd
Note: I25_OP,65,059B80
Time: 0 ps  Iteration: 0  Process: /tb_i25_dump_effective_ops/line__11  File: C:/FPGA/V41_NVP_I2C_25KHZ_PAIRED_AB_R1/scripts/tb_dump_effective_ops.vhd
Note: I25_OP,66,05B500
Time: 0 ps  Iteration: 0  Process: /tb_i25_dump_effective_ops/line__11  File: C:/FPGA/V41_NVP_I2C_25KHZ_PAIRED_AB_R1/scripts/tb_dump_effective_ops.vhd
Note: I25_OP,67,05B7FF
Time: 0 ps  Iteration: 0  Process: /tb_i25_dump_effective_ops/line__11  File: C:/FPGA/V41_NVP_I2C_25KHZ_PAIRED_AB_R1/scripts/tb_dump_effective_ops.vhd
Note: I25_OP,68,05B8B8
Time: 0 ps  Iteration: 0  Process: /tb_i25_dump_effective_ops/line__11  File: C:/FPGA/V41_NVP_I2C_25KHZ_PAIRED_AB_R1/scripts/tb_dump_effective_ops.vhd
Note: I25_OP,69,05BBB8
Time: 0 ps  Iteration: 0  Process: /tb_i25_dump_effective_ops/line__11  File: C:/FPGA/V41_NVP_I2C_25KHZ_PAIRED_AB_R1/scripts/tb_dump_effective_ops.vhd
Note: I25_OP,70,05D120
Time: 0 ps  Iteration: 0  Process: /tb_i25_dump_effective_ops/line__11  File: C:/FPGA/V41_NVP_I2C_25KHZ_PAIRED_AB_R1/scripts/tb_dump_effective_ops.vhd
Note: I25_OP,71,052084
Time: 0 ps  Iteration: 0  Process: /tb_i25_dump_effective_ops/line__11  File: C:/FPGA/V41_NVP_I2C_25KHZ_PAIRED_AB_R1/scripts/tb_dump_effective_ops.vhd
Note: I25_OP,72,052757
Time: 0 ps  Iteration: 0  Process: /tb_i25_dump_effective_ops/line__11  File: C:/FPGA/V41_NVP_I2C_25KHZ_PAIRED_AB_R1/scripts/tb_dump_effective_ops.vhd
Note: I25_OP,73,057601
Time: 0 ps  Iteration: 0  Process: /tb_i25_dump_effective_ops/line__11  File: C:/FPGA/V41_NVP_I2C_25KHZ_PAIRED_AB_R1/scripts/tb_dump_effective_ops.vhd
Note: I25_OP,74,056E00
Time: 0 ps  Iteration: 0  Process: /tb_i25_dump_effective_ops/line__11  File: C:/FPGA/V41_NVP_I2C_25KHZ_PAIRED_AB_R1/scripts/tb_dump_effective_ops.vhd
Note: I25_OP,75,056F00
Time: 0 ps  Iteration: 0  Process: /tb_i25_dump_effective_ops/line__11  File: C:/FPGA/V41_NVP_I2C_25KHZ_PAIRED_AB_R1/scripts/tb_dump_effective_ops.vhd
Note: I25_OP,76,094000
Time: 0 ps  Iteration: 0  Process: /tb_i25_dump_effective_ops/line__11  File: C:/FPGA/V41_NVP_I2C_25KHZ_PAIRED_AB_R1/scripts/tb_dump_effective_ops.vhd
Note: I25_OP,77,094400
Time: 0 ps  Iteration: 0  Process: /tb_i25_dump_effective_ops/line__11  File: C:/FPGA/V41_NVP_I2C_25KHZ_PAIRED_AB_R1/scripts/tb_dump_effective_ops.vhd
Note: I25_OP,78,0950CB
Time: 0 ps  Iteration: 0  Process: /tb_i25_dump_effective_ops/line__11  File: C:/FPGA/V41_NVP_I2C_25KHZ_PAIRED_AB_R1/scripts/tb_dump_effective_ops.vhd
Note: I25_OP,79,09518A
Time: 0 ps  Iteration: 0  Process: /tb_i25_dump_effective_ops/line__11  File: C:/FPGA/V41_NVP_I2C_25KHZ_PAIRED_AB_R1/scripts/tb_dump_effective_ops.vhd
Note: I25_OP,80,095209
Time: 0 ps  Iteration: 0  Process: /tb_i25_dump_effective_ops/line__11  File: C:/FPGA/V41_NVP_I2C_25KHZ_PAIRED_AB_R1/scripts/tb_dump_effective_ops.vhd
Note: I25_OP,81,09532A
Time: 0 ps  Iteration: 0  Process: /tb_i25_dump_effective_ops/line__11  File: C:/FPGA/V41_NVP_I2C_25KHZ_PAIRED_AB_R1/scripts/tb_dump_effective_ops.vhd
Note: I25_OP,82,099700
Time: 0 ps  Iteration: 0  Process: /tb_i25_dump_effective_ops/line__11  File: C:/FPGA/V41_NVP_I2C_25KHZ_PAIRED_AB_R1/scripts/tb_dump_effective_ops.vhd
Note: I25_OP,83,099800
Time: 0 ps  Iteration: 0  Process: /tb_i25_dump_effective_ops/line__11  File: C:/FPGA/V41_NVP_I2C_25KHZ_PAIRED_AB_R1/scripts/tb_dump_effective_ops.vhd
Note: I25_OP,84,099900
Time: 0 ps  Iteration: 0  Process: /tb_i25_dump_effective_ops/line__11  File: C:/FPGA/V41_NVP_I2C_25KHZ_PAIRED_AB_R1/scripts/tb_dump_effective_ops.vhd
Note: I25_OP,85,020203
Time: 0 ps  Iteration: 0  Process: /tb_i25_dump_effective_ops/line__11  File: C:/FPGA/V41_NVP_I2C_25KHZ_PAIRED_AB_R1/scripts/tb_dump_effective_ops.vhd
Note: I25_OP,86,022801
Time: 0 ps  Iteration: 0  Process: /tb_i25_dump_effective_ops/line__11  File: C:/FPGA/V41_NVP_I2C_25KHZ_PAIRED_AB_R1/scripts/tb_dump_effective_ops.vhd
Note: I25_OP,87,02293C
Time: 0 ps  Iteration: 0  Process: /tb_i25_dump_effective_ops/line__11  File: C:/FPGA/V41_NVP_I2C_25KHZ_PAIRED_AB_R1/scripts/tb_dump_effective_ops.vhd
Note: I25_OP,88,022A0C
Time: 0 ps  Iteration: 0  Process: /tb_i25_dump_effective_ops/line__11  File: C:/FPGA/V41_NVP_I2C_25KHZ_PAIRED_AB_R1/scripts/tb_dump_effective_ops.vhd
Note: I25_OP,89,022B06
Time: 0 ps  Iteration: 0  Process: /tb_i25_dump_effective_ops/line__11  File: C:/FPGA/V41_NVP_I2C_25KHZ_PAIRED_AB_R1/scripts/tb_dump_effective_ops.vhd
Note: I25_OP,90,022C36
Time: 0 ps  Iteration: 0  Process: /tb_i25_dump_effective_ops/line__11  File: C:/FPGA/V41_NVP_I2C_25KHZ_PAIRED_AB_R1/scripts/tb_dump_effective_ops.vhd
Note: I25_OP,91,110000
Time: 0 ps  Iteration: 0  Process: /tb_i25_dump_effective_ops/line__11  File: C:/FPGA/V41_NVP_I2C_25KHZ_PAIRED_AB_R1/scripts/tb_dump_effective_ops.vhd
Note: I25_OP,92,018447
Time: 0 ps  Iteration: 0  Process: /tb_i25_dump_effective_ops/line__11  File: C:/FPGA/V41_NVP_I2C_25KHZ_PAIRED_AB_R1/scripts/tb_dump_effective_ops.vhd
Note: I25_OP,93,018CA7
Time: 0 ps  Iteration: 0  Process: /tb_i25_dump_effective_ops/line__11  File: C:/FPGA/V41_NVP_I2C_25KHZ_PAIRED_AB_R1/scripts/tb_dump_effective_ops.vhd
Note: I25_OP,94,004000
Time: 0 ps  Iteration: 0  Process: /tb_i25_dump_effective_ops/line__11  File: C:/FPGA/V41_NVP_I2C_25KHZ_PAIRED_AB_R1/scripts/tb_dump_effective_ops.vhd
Note: I25_OP,95,008170
Time: 0 ps  Iteration: 0  Process: /tb_i25_dump_effective_ops/line__11  File: C:/FPGA/V41_NVP_I2C_25KHZ_PAIRED_AB_R1/scripts/tb_dump_effective_ops.vhd
Note: I25_OP,96,008500
Time: 0 ps  Iteration: 0  Process: /tb_i25_dump_effective_ops/line__11  File: C:/FPGA/V41_NVP_I2C_25KHZ_PAIRED_AB_R1/scripts/tb_dump_effective_ops.vhd
Note: I25_OP,97,001814
Time: 0 ps  Iteration: 0  Process: /tb_i25_dump_effective_ops/line__11  File: C:/FPGA/V41_NVP_I2C_25KHZ_PAIRED_AB_R1/scripts/tb_dump_effective_ops.vhd
Note: I25_OP,98,003010
Time: 0 ps  Iteration: 0  Process: /tb_i25_dump_effective_ops/line__11  File: C:/FPGA/V41_NVP_I2C_25KHZ_PAIRED_AB_R1/scripts/tb_dump_effective_ops.vhd
Note: I25_OP,99,005830
Time: 0 ps  Iteration: 0  Process: /tb_i25_dump_effective_ops/line__11  File: C:/FPGA/V41_NVP_I2C_25KHZ_PAIRED_AB_R1/scripts/tb_dump_effective_ops.vhd
Note: I25_OP,100,005C1E
Time: 0 ps  Iteration: 0  Process: /tb_i25_dump_effective_ops/line__11  File: C:/FPGA/V41_NVP_I2C_25KHZ_PAIRED_AB_R1/scripts/tb_dump_effective_ops.vhd
Note: I25_OP,101,00642D
Time: 0 ps  Iteration: 0  Process: /tb_i25_dump_effective_ops/line__11  File: C:/FPGA/V41_NVP_I2C_25KHZ_PAIRED_AB_R1/scripts/tb_dump_effective_ops.vhd
Note: I25_OP,102,008910
Time: 0 ps  Iteration: 0  Process: /tb_i25_dump_effective_ops/line__11  File: C:/FPGA/V41_NVP_I2C_25KHZ_PAIRED_AB_R1/scripts/tb_dump_effective_ops.vhd
Note: I25_OP,103,008E30
Time: 0 ps  Iteration: 0  Process: /tb_i25_dump_effective_ops/line__11  File: C:/FPGA/V41_NVP_I2C_25KHZ_PAIRED_AB_R1/scripts/tb_dump_effective_ops.vhd
Note: I25_OP,104,00A018
Time: 0 ps  Iteration: 0  Process: /tb_i25_dump_effective_ops/line__11  File: C:/FPGA/V41_NVP_I2C_25KHZ_PAIRED_AB_R1/scripts/tb_dump_effective_ops.vhd
Note: I25_OP,105,00A400
Time: 0 ps  Iteration: 0  Process: /tb_i25_dump_effective_ops/line__11  File: C:/FPGA/V41_NVP_I2C_25KHZ_PAIRED_AB_R1/scripts/tb_dump_effective_ops.vhd
Note: I25_OP,106,056400
Time: 0 ps  Iteration: 0  Process: /tb_i25_dump_effective_ops/line__11  File: C:/FPGA/V41_NVP_I2C_25KHZ_PAIRED_AB_R1/scripts/tb_dump_effective_ops.vhd
Note: I25_OP,107,022800
Time: 0 ps  Iteration: 0  Process: /tb_i25_dump_effective_ops/line__11  File: C:/FPGA/V41_NVP_I2C_25KHZ_PAIRED_AB_R1/scripts/tb_dump_effective_ops.vhd
Note: I25_OP,108,02292D
Time: 0 ps  Iteration: 0  Process: /tb_i25_dump_effective_ops/line__11  File: C:/FPGA/V41_NVP_I2C_25KHZ_PAIRED_AB_R1/scripts/tb_dump_effective_ops.vhd
Note: I25_OP,109,022A0C
Time: 0 ps  Iteration: 0  Process: /tb_i25_dump_effective_ops/line__11  File: C:/FPGA/V41_NVP_I2C_25KHZ_PAIRED_AB_R1/scripts/tb_dump_effective_ops.vhd
Note: I25_OP,110,022C27
Time: 0 ps  Iteration: 0  Process: /tb_i25_dump_effective_ops/line__11  File: C:/FPGA/V41_NVP_I2C_25KHZ_PAIRED_AB_R1/scripts/tb_dump_effective_ops.vhd
Note: I25_OP,111,FD0000
Time: 0 ps  Iteration: 0  Process: /tb_i25_dump_effective_ops/line__11  File: C:/FPGA/V41_NVP_I2C_25KHZ_PAIRED_AB_R1/scripts/tb_dump_effective_ops.vhd
Note: I25_OP,112,FD0000
Time: 0 ps  Iteration: 0  Process: /tb_i25_dump_effective_ops/line__11  File: C:/FPGA/V41_NVP_I2C_25KHZ_PAIRED_AB_R1/scripts/tb_dump_effective_ops.vhd
Note: I25_OP,113,FD0000
Time: 0 ps  Iteration: 0  Process: /tb_i25_dump_effective_ops/line__11  File: C:/FPGA/V41_NVP_I2C_25KHZ_PAIRED_AB_R1/scripts/tb_dump_effective_ops.vhd
Note: I25_OP,114,FD0000
Time: 0 ps  Iteration: 0  Process: /tb_i25_dump_effective_ops/line__11  File: C:/FPGA/V41_NVP_I2C_25KHZ_PAIRED_AB_R1/scripts/tb_dump_effective_ops.vhd
Note: I25_OP,115,FD0000
Time: 0 ps  Iteration: 0  Process: /tb_i25_dump_effective_ops/line__11  File: C:/FPGA/V41_NVP_I2C_25KHZ_PAIRED_AB_R1/scripts/tb_dump_effective_ops.vhd
Note: I25_OP,116,FD0000
Time: 0 ps  Iteration: 0  Process: /tb_i25_dump_effective_ops/line__11  File: C:/FPGA/V41_NVP_I2C_25KHZ_PAIRED_AB_R1/scripts/tb_dump_effective_ops.vhd
Note: I25_OP,117,FD0000
Time: 0 ps  Iteration: 0  Process: /tb_i25_dump_effective_ops/line__11  File: C:/FPGA/V41_NVP_I2C_25KHZ_PAIRED_AB_R1/scripts/tb_dump_effective_ops.vhd
Note: I25_OP,118,FD0000
Time: 0 ps  Iteration: 0  Process: /tb_i25_dump_effective_ops/line__11  File: C:/FPGA/V41_NVP_I2C_25KHZ_PAIRED_AB_R1/scripts/tb_dump_effective_ops.vhd
Note: I25_OP,119,FD0000
Time: 0 ps  Iteration: 0  Process: /tb_i25_dump_effective_ops/line__11  File: C:/FPGA/V41_NVP_I2C_25KHZ_PAIRED_AB_R1/scripts/tb_dump_effective_ops.vhd
Note: I25_OP,120,FD0000
Time: 0 ps  Iteration: 0  Process: /tb_i25_dump_effective_ops/line__11  File: C:/FPGA/V41_NVP_I2C_25KHZ_PAIRED_AB_R1/scripts/tb_dump_effective_ops.vhd
Note: I25_OP,121,FD0000
Time: 0 ps  Iteration: 0  Process: /tb_i25_dump_effective_ops/line__11  File: C:/FPGA/V41_NVP_I2C_25KHZ_PAIRED_AB_R1/scripts/tb_dump_effective_ops.vhd
Note: I25_OP,122,FD0000
Time: 0 ps  Iteration: 0  Process: /tb_i25_dump_effective_ops/line__11  File: C:/FPGA/V41_NVP_I2C_25KHZ_PAIRED_AB_R1/scripts/tb_dump_effective_ops.vhd
Note: I25_OP,123,FD0000
Time: 0 ps  Iteration: 0  Process: /tb_i25_dump_effective_ops/line__11  File: C:/FPGA/V41_NVP_I2C_25KHZ_PAIRED_AB_R1/scripts/tb_dump_effective_ops.vhd
Note: I25_OP,124,FD0000
Time: 0 ps  Iteration: 0  Process: /tb_i25_dump_effective_ops/line__11  File: C:/FPGA/V41_NVP_I2C_25KHZ_PAIRED_AB_R1/scripts/tb_dump_effective_ops.vhd
Note: I25_OP,125,FD0000
Time: 0 ps  Iteration: 0  Process: /tb_i25_dump_effective_ops/line__11  File: C:/FPGA/V41_NVP_I2C_25KHZ_PAIRED_AB_R1/scripts/tb_dump_effective_ops.vhd
Note: I25_OP,126,FD0000
Time: 0 ps  Iteration: 0  Process: /tb_i25_dump_effective_ops/line__11  File: C:/FPGA/V41_NVP_I2C_25KHZ_PAIRED_AB_R1/scripts/tb_dump_effective_ops.vhd
Note: I25_OP,127,FD0000
Time: 0 ps  Iteration: 0  Process: /tb_i25_dump_effective_ops/line__11  File: C:/FPGA/V41_NVP_I2C_25KHZ_PAIRED_AB_R1/scripts/tb_dump_effective_ops.vhd
Note: I25_OP,128,FD0000
Time: 0 ps  Iteration: 0  Process: /tb_i25_dump_effective_ops/line__11  File: C:/FPGA/V41_NVP_I2C_25KHZ_PAIRED_AB_R1/scripts/tb_dump_effective_ops.vhd
Note: I25_OP,129,FD0000
Time: 0 ps  Iteration: 0  Process: /tb_i25_dump_effective_ops/line__11  File: C:/FPGA/V41_NVP_I2C_25KHZ_PAIRED_AB_R1/scripts/tb_dump_effective_ops.vhd
Note: I25_OP,130,FD0000
Time: 0 ps  Iteration: 0  Process: /tb_i25_dump_effective_ops/line__11  File: C:/FPGA/V41_NVP_I2C_25KHZ_PAIRED_AB_R1/scripts/tb_dump_effective_ops.vhd
Note: I25_OP,131,FD0000
Time: 0 ps  Iteration: 0  Process: /tb_i25_dump_effective_ops/line__11  File: C:/FPGA/V41_NVP_I2C_25KHZ_PAIRED_AB_R1/scripts/tb_dump_effective_ops.vhd
Note: I25_OP,132,FD0000
Time: 0 ps  Iteration: 0  Process: /tb_i25_dump_effective_ops/line__11  File: C:/FPGA/V41_NVP_I2C_25KHZ_PAIRED_AB_R1/scripts/tb_dump_effective_ops.vhd
Note: I25_OP,133,FD0000
Time: 0 ps  Iteration: 0  Process: /tb_i25_dump_effective_ops/line__11  File: C:/FPGA/V41_NVP_I2C_25KHZ_PAIRED_AB_R1/scripts/tb_dump_effective_ops.vhd
Note: I25_OP,134,FD0000
Time: 0 ps  Iteration: 0  Process: /tb_i25_dump_effective_ops/line__11  File: C:/FPGA/V41_NVP_I2C_25KHZ_PAIRED_AB_R1/scripts/tb_dump_effective_ops.vhd
Note: I25_OP,135,FD0000
Time: 0 ps  Iteration: 0  Process: /tb_i25_dump_effective_ops/line__11  File: C:/FPGA/V41_NVP_I2C_25KHZ_PAIRED_AB_R1/scripts/tb_dump_effective_ops.vhd
Note: I25_OP,136,FD0000
Time: 0 ps  Iteration: 0  Process: /tb_i25_dump_effective_ops/line__11  File: C:/FPGA/V41_NVP_I2C_25KHZ_PAIRED_AB_R1/scripts/tb_dump_effective_ops.vhd
Note: I25_OP,137,055911
Time: 0 ps  Iteration: 0  Process: /tb_i25_dump_effective_ops/line__11  File: C:/FPGA/V41_NVP_I2C_25KHZ_PAIRED_AB_R1/scripts/tb_dump_effective_ops.vhd
Note: I25_OP,138,050100
Time: 0 ps  Iteration: 0  Process: /tb_i25_dump_effective_ops/line__11  File: C:/FPGA/V41_NVP_I2C_25KHZ_PAIRED_AB_R1/scripts/tb_dump_effective_ops.vhd
Note: I25_OP,139,055800
Time: 0 ps  Iteration: 0  Process: /tb_i25_dump_effective_ops/line__11  File: C:/FPGA/V41_NVP_I2C_25KHZ_PAIRED_AB_R1/scripts/tb_dump_effective_ops.vhd
Note: I25_OP,140,055900
Time: 0 ps  Iteration: 0  Process: /tb_i25_dump_effective_ops/line__11  File: C:/FPGA/V41_NVP_I2C_25KHZ_PAIRED_AB_R1/scripts/tb_dump_effective_ops.vhd
Note: I25_OP,141,000000
Time: 0 ps  Iteration: 0  Process: /tb_i25_dump_effective_ops/line__11  File: C:/FPGA/V41_NVP_I2C_25KHZ_PAIRED_AB_R1/scripts/tb_dump_effective_ops.vhd
Note: I25_OP,142,005610
Time: 0 ps  Iteration: 0  Process: /tb_i25_dump_effective_ops/line__11  File: C:/FPGA/V41_NVP_I2C_25KHZ_PAIRED_AB_R1/scripts/tb_dump_effective_ops.vhd
Note: I25_OP,143,01C200
Time: 0 ps  Iteration: 0  Process: /tb_i25_dump_effective_ops/line__11  File: C:/FPGA/V41_NVP_I2C_25KHZ_PAIRED_AB_R1/scripts/tb_dump_effective_ops.vhd
Note: I25_OP,144,01C300
Time: 0 ps  Iteration: 0  Process: /tb_i25_dump_effective_ops/line__11  File: C:/FPGA/V41_NVP_I2C_25KHZ_PAIRED_AB_R1/scripts/tb_dump_effective_ops.vhd
Note: I25_OP,145,01C800
Time: 0 ps  Iteration: 0  Process: /tb_i25_dump_effective_ops/line__11  File: C:/FPGA/V41_NVP_I2C_25KHZ_PAIRED_AB_R1/scripts/tb_dump_effective_ops.vhd
Note: I25_OP,146,01CD86
Time: 0 ps  Iteration: 0  Process: /tb_i25_dump_effective_ops/line__11  File: C:/FPGA/V41_NVP_I2C_25KHZ_PAIRED_AB_R1/scripts/tb_dump_effective_ops.vhd
Note: I25_OP,147,000000
Time: 0 ps  Iteration: 0  Process: /tb_i25_dump_effective_ops/line__11  File: C:/FPGA/V41_NVP_I2C_25KHZ_PAIRED_AB_R1/scripts/tb_dump_effective_ops.vhd
Note: I25_OP,148,00FF00
Time: 0 ps  Iteration: 0  Process: /tb_i25_dump_effective_ops/line__11  File: C:/FPGA/V41_NVP_I2C_25KHZ_PAIRED_AB_R1/scripts/tb_dump_effective_ops.vhd
Note: I25_OP,149,00800F
Time: 0 ps  Iteration: 0  Process: /tb_i25_dump_effective_ops/line__11  File: C:/FPGA/V41_NVP_I2C_25KHZ_PAIRED_AB_R1/scripts/tb_dump_effective_ops.vhd
Note: I25_OP,150,00B800
Time: 0 ps  Iteration: 0  Process: /tb_i25_dump_effective_ops/line__11  File: C:/FPGA/V41_NVP_I2C_25KHZ_PAIRED_AB_R1/scripts/tb_dump_effective_ops.vhd
Note: I25_OP,151,000000
Time: 0 ps  Iteration: 0  Process: /tb_i25_dump_effective_ops/line__11  File: C:/FPGA/V41_NVP_I2C_25KHZ_PAIRED_AB_R1/scripts/tb_dump_effective_ops.vhd
Note: I25_OP,152,000100
Time: 0 ps  Iteration: 0  Process: /tb_i25_dump_effective_ops/line__11  File: C:/FPGA/V41_NVP_I2C_25KHZ_PAIRED_AB_R1/scripts/tb_dump_effective_ops.vhd
Note: I25_OP,153,000200
Time: 0 ps  Iteration: 0  Process: /tb_i25_dump_effective_ops/line__11  File: C:/FPGA/V41_NVP_I2C_25KHZ_PAIRED_AB_R1/scripts/tb_dump_effective_ops.vhd
Note: I25_OP,154,000300
Time: 0 ps  Iteration: 0  Process: /tb_i25_dump_effective_ops/line__11  File: C:/FPGA/V41_NVP_I2C_25KHZ_PAIRED_AB_R1/scripts/tb_dump_effective_ops.vhd
Note: I25_OP,155,000800
Time: 0 ps  Iteration: 0  Process: /tb_i25_dump_effective_ops/line__11  File: C:/FPGA/V41_NVP_I2C_25KHZ_PAIRED_AB_R1/scripts/tb_dump_effective_ops.vhd
Note: I25_OP,156,000900
Time: 0 ps  Iteration: 0  Process: /tb_i25_dump_effective_ops/line__11  File: C:/FPGA/V41_NVP_I2C_25KHZ_PAIRED_AB_R1/scripts/tb_dump_effective_ops.vhd
Note: I25_OP,157,000A00
Time: 0 ps  Iteration: 0  Process: /tb_i25_dump_effective_ops/line__11  File: C:/FPGA/V41_NVP_I2C_25KHZ_PAIRED_AB_R1/scripts/tb_dump_effective_ops.vhd
Note: I25_OP,158,000B00
Time: 0 ps  Iteration: 0  Process: /tb_i25_dump_effective_ops/line__11  File: C:/FPGA/V41_NVP_I2C_25KHZ_PAIRED_AB_R1/scripts/tb_dump_effective_ops.vhd
Note: I25_OP,159,008103
Time: 0 ps  Iteration: 0  Process: /tb_i25_dump_effective_ops/line__11  File: C:/FPGA/V41_NVP_I2C_25KHZ_PAIRED_AB_R1/scripts/tb_dump_effective_ops.vhd
Note: I25_OP,160,008203
Time: 0 ps  Iteration: 0  Process: /tb_i25_dump_effective_ops/line__11  File: C:/FPGA/V41_NVP_I2C_25KHZ_PAIRED_AB_R1/scripts/tb_dump_effective_ops.vhd
Note: I25_OP,161,008303
Time: 0 ps  Iteration: 0  Process: /tb_i25_dump_effective_ops/line__11  File: C:/FPGA/V41_NVP_I2C_25KHZ_PAIRED_AB_R1/scripts/tb_dump_effective_ops.vhd
Note: I25_OP,162,008403
Time: 0 ps  Iteration: 0  Process: /tb_i25_dump_effective_ops/line__11  File: C:/FPGA/V41_NVP_I2C_25KHZ_PAIRED_AB_R1/scripts/tb_dump_effective_ops.vhd
Note: I25_OP,163,008500
Time: 0 ps  Iteration: 0  Process: /tb_i25_dump_effective_ops/line__11  File: C:/FPGA/V41_NVP_I2C_25KHZ_PAIRED_AB_R1/scripts/tb_dump_effective_ops.vhd
Note: I25_OP,164,008600
Time: 0 ps  Iteration: 0  Process: /tb_i25_dump_effective_ops/line__11  File: C:/FPGA/V41_NVP_I2C_25KHZ_PAIRED_AB_R1/scripts/tb_dump_effective_ops.vhd
Note: I25_OP,165,008700
Time: 0 ps  Iteration: 0  Process: /tb_i25_dump_effective_ops/line__11  File: C:/FPGA/V41_NVP_I2C_25KHZ_PAIRED_AB_R1/scripts/tb_dump_effective_ops.vhd
Note: I25_OP,166,008800
Time: 0 ps  Iteration: 0  Process: /tb_i25_dump_effective_ops/line__11  File: C:/FPGA/V41_NVP_I2C_25KHZ_PAIRED_AB_R1/scripts/tb_dump_effective_ops.vhd
Note: I25_OP,167,007888
Time: 0 ps  Iteration: 0  Process: /tb_i25_dump_effective_ops/line__11  File: C:/FPGA/V41_NVP_I2C_25KHZ_PAIRED_AB_R1/scripts/tb_dump_effective_ops.vhd
Note: I25_OP,168,007988
Time: 0 ps  Iteration: 0  Process: /tb_i25_dump_effective_ops/line__11  File: C:/FPGA/V41_NVP_I2C_25KHZ_PAIRED_AB_R1/scripts/tb_dump_effective_ops.vhd
Note: I25_OP,169,007A11
Time: 0 ps  Iteration: 0  Process: /tb_i25_dump_effective_ops/line__11  File: C:/FPGA/V41_NVP_I2C_25KHZ_PAIRED_AB_R1/scripts/tb_dump_effective_ops.vhd
Note: I25_OP,170,007B11
Time: 0 ps  Iteration: 0  Process: /tb_i25_dump_effective_ops/line__11  File: C:/FPGA/V41_NVP_I2C_25KHZ_PAIRED_AB_R1/scripts/tb_dump_effective_ops.vhd
Note: I25_OP,171,01FF01
Time: 0 ps  Iteration: 0  Process: /tb_i25_dump_effective_ops/line__11  File: C:/FPGA/V41_NVP_I2C_25KHZ_PAIRED_AB_R1/scripts/tb_dump_effective_ops.vhd
Note: I25_OP,172,018400
Time: 0 ps  Iteration: 0  Process: /tb_i25_dump_effective_ops/line__11  File: C:/FPGA/V41_NVP_I2C_25KHZ_PAIRED_AB_R1/scripts/tb_dump_effective_ops.vhd
Note: I25_OP,173,018501
Time: 0 ps  Iteration: 0  Process: /tb_i25_dump_effective_ops/line__11  File: C:/FPGA/V41_NVP_I2C_25KHZ_PAIRED_AB_R1/scripts/tb_dump_effective_ops.vhd
Note: I25_OP,174,018602
Time: 0 ps  Iteration: 0  Process: /tb_i25_dump_effective_ops/line__11  File: C:/FPGA/V41_NVP_I2C_25KHZ_PAIRED_AB_R1/scripts/tb_dump_effective_ops.vhd
Note: I25_OP,175,018703
Time: 0 ps  Iteration: 0  Process: /tb_i25_dump_effective_ops/line__11  File: C:/FPGA/V41_NVP_I2C_25KHZ_PAIRED_AB_R1/scripts/tb_dump_effective_ops.vhd
Note: I25_OP,176,018C40
Time: 0 ps  Iteration: 0  Process: /tb_i25_dump_effective_ops/line__11  File: C:/FPGA/V41_NVP_I2C_25KHZ_PAIRED_AB_R1/scripts/tb_dump_effective_ops.vhd
Note: I25_OP,177,018D41
Time: 0 ps  Iteration: 0  Process: /tb_i25_dump_effective_ops/line__11  File: C:/FPGA/V41_NVP_I2C_25KHZ_PAIRED_AB_R1/scripts/tb_dump_effective_ops.vhd
Note: I25_OP,178,018E42
Time: 0 ps  Iteration: 0  Process: /tb_i25_dump_effective_ops/line__11  File: C:/FPGA/V41_NVP_I2C_25KHZ_PAIRED_AB_R1/scripts/tb_dump_effective_ops.vhd
Note: I25_OP,179,018F43
Time: 0 ps  Iteration: 0  Process: /tb_i25_dump_effective_ops/line__11  File: C:/FPGA/V41_NVP_I2C_25KHZ_PAIRED_AB_R1/scripts/tb_dump_effective_ops.vhd
Note: I25_OP,180,01970F
Time: 0 ps  Iteration: 0  Process: /tb_i25_dump_effective_ops/line__11  File: C:/FPGA/V41_NVP_I2C_25KHZ_PAIRED_AB_R1/scripts/tb_dump_effective_ops.vhd
Note: I25_OP,181,019800
Time: 0 ps  Iteration: 0  Process: /tb_i25_dump_effective_ops/line__11  File: C:/FPGA/V41_NVP_I2C_25KHZ_PAIRED_AB_R1/scripts/tb_dump_effective_ops.vhd
Note: I25_OP,182,01C200
Time: 0 ps  Iteration: 0  Process: /tb_i25_dump_effective_ops/line__11  File: C:/FPGA/V41_NVP_I2C_25KHZ_PAIRED_AB_R1/scripts/tb_dump_effective_ops.vhd
Note: I25_OP,183,01C300
Time: 0 ps  Iteration: 0  Process: /tb_i25_dump_effective_ops/line__11  File: C:/FPGA/V41_NVP_I2C_25KHZ_PAIRED_AB_R1/scripts/tb_dump_effective_ops.vhd
Note: I25_OP,184,01C400
Time: 0 ps  Iteration: 0  Process: /tb_i25_dump_effective_ops/line__11  File: C:/FPGA/V41_NVP_I2C_25KHZ_PAIRED_AB_R1/scripts/tb_dump_effective_ops.vhd
Note: I25_OP,185,01C500
Time: 0 ps  Iteration: 0  Process: /tb_i25_dump_effective_ops/line__11  File: C:/FPGA/V41_NVP_I2C_25KHZ_PAIRED_AB_R1/scripts/tb_dump_effective_ops.vhd
Note: I25_OP,186,01C800
Time: 0 ps  Iteration: 0  Process: /tb_i25_dump_effective_ops/line__11  File: C:/FPGA/V41_NVP_I2C_25KHZ_PAIRED_AB_R1/scripts/tb_dump_effective_ops.vhd
Note: I25_OP,187,01C900
Time: 0 ps  Iteration: 0  Process: /tb_i25_dump_effective_ops/line__11  File: C:/FPGA/V41_NVP_I2C_25KHZ_PAIRED_AB_R1/scripts/tb_dump_effective_ops.vhd
Note: I25_OP,188,01CA22
Time: 0 ps  Iteration: 0  Process: /tb_i25_dump_effective_ops/line__11  File: C:/FPGA/V41_NVP_I2C_25KHZ_PAIRED_AB_R1/scripts/tb_dump_effective_ops.vhd
Note: I25_OP,189,01CB00
Time: 0 ps  Iteration: 0  Process: /tb_i25_dump_effective_ops/line__11  File: C:/FPGA/V41_NVP_I2C_25KHZ_PAIRED_AB_R1/scripts/tb_dump_effective_ops.vhd
Note: I25_OP,190,01CD4A
Time: 0 ps  Iteration: 0  Process: /tb_i25_dump_effective_ops/line__11  File: C:/FPGA/V41_NVP_I2C_25KHZ_PAIRED_AB_R1/scripts/tb_dump_effective_ops.vhd
Note: I25_OP,191,01CE46
Time: 0 ps  Iteration: 0  Process: /tb_i25_dump_effective_ops/line__11  File: C:/FPGA/V41_NVP_I2C_25KHZ_PAIRED_AB_R1/scripts/tb_dump_effective_ops.vhd
Note: I25_OP,192,09FF09
Time: 0 ps  Iteration: 0  Process: /tb_i25_dump_effective_ops/line__11  File: C:/FPGA/V41_NVP_I2C_25KHZ_PAIRED_AB_R1/scripts/tb_dump_effective_ops.vhd
Note: I25_OP,193,094000
Time: 0 ps  Iteration: 0  Process: /tb_i25_dump_effective_ops/line__11  File: C:/FPGA/V41_NVP_I2C_25KHZ_PAIRED_AB_R1/scripts/tb_dump_effective_ops.vhd
Note: I25_OP,194,094400
Time: 0 ps  Iteration: 0  Process: /tb_i25_dump_effective_ops/line__11  File: C:/FPGA/V41_NVP_I2C_25KHZ_PAIRED_AB_R1/scripts/tb_dump_effective_ops.vhd
Note: I25_OP,195,0950AB
Time: 0 ps  Iteration: 0  Process: /tb_i25_dump_effective_ops/line__11  File: C:/FPGA/V41_NVP_I2C_25KHZ_PAIRED_AB_R1/scripts/tb_dump_effective_ops.vhd
Note: I25_OP,196,09517D
Time: 0 ps  Iteration: 0  Process: /tb_i25_dump_effective_ops/line__11  File: C:/FPGA/V41_NVP_I2C_25KHZ_PAIRED_AB_R1/scripts/tb_dump_effective_ops.vhd
Note: I25_OP,197,0952C3
Time: 0 ps  Iteration: 0  Process: /tb_i25_dump_effective_ops/line__11  File: C:/FPGA/V41_NVP_I2C_25KHZ_PAIRED_AB_R1/scripts/tb_dump_effective_ops.vhd
Note: I25_OP,198,095352
Time: 0 ps  Iteration: 0  Process: /tb_i25_dump_effective_ops/line__11  File: C:/FPGA/V41_NVP_I2C_25KHZ_PAIRED_AB_R1/scripts/tb_dump_effective_ops.vhd
Note: I25_OP,199,0954AB
Time: 0 ps  Iteration: 0  Process: /tb_i25_dump_effective_ops/line__11  File: C:/FPGA/V41_NVP_I2C_25KHZ_PAIRED_AB_R1/scripts/tb_dump_effective_ops.vhd
Note: I25_OP,200,09557D
Time: 0 ps  Iteration: 0  Process: /tb_i25_dump_effective_ops/line__11  File: C:/FPGA/V41_NVP_I2C_25KHZ_PAIRED_AB_R1/scripts/tb_dump_effective_ops.vhd
Note: I25_OP,201,0956C3
Time: 0 ps  Iteration: 0  Process: /tb_i25_dump_effective_ops/line__11  File: C:/FPGA/V41_NVP_I2C_25KHZ_PAIRED_AB_R1/scripts/tb_dump_effective_ops.vhd
Note: I25_OP,202,095752
Time: 0 ps  Iteration: 0  Process: /tb_i25_dump_effective_ops/line__11  File: C:/FPGA/V41_NVP_I2C_25KHZ_PAIRED_AB_R1/scripts/tb_dump_effective_ops.vhd
Note: I25_OP,203,0958AB
Time: 0 ps  Iteration: 0  Process: /tb_i25_dump_effective_ops/line__11  File: C:/FPGA/V41_NVP_I2C_25KHZ_PAIRED_AB_R1/scripts/tb_dump_effective_ops.vhd
Note: I25_OP,204,09597D
Time: 0 ps  Iteration: 0  Process: /tb_i25_dump_effective_ops/line__11  File: C:/FPGA/V41_NVP_I2C_25KHZ_PAIRED_AB_R1/scripts/tb_dump_effective_ops.vhd
Note: I25_OP,205,095AC3
Time: 0 ps  Iteration: 0  Process: /tb_i25_dump_effective_ops/line__11  File: C:/FPGA/V41_NVP_I2C_25KHZ_PAIRED_AB_R1/scripts/tb_dump_effective_ops.vhd
Note: I25_OP,206,095B52
Time: 0 ps  Iteration: 0  Process: /tb_i25_dump_effective_ops/line__11  File: C:/FPGA/V41_NVP_I2C_25KHZ_PAIRED_AB_R1/scripts/tb_dump_effective_ops.vhd
Note: I25_OP,207,095CAB
Time: 0 ps  Iteration: 0  Process: /tb_i25_dump_effective_ops/line__11  File: C:/FPGA/V41_NVP_I2C_25KHZ_PAIRED_AB_R1/scripts/tb_dump_effective_ops.vhd
Note: I25_OP,208,095D7D
Time: 0 ps  Iteration: 0  Process: /tb_i25_dump_effective_ops/line__11  File: C:/FPGA/V41_NVP_I2C_25KHZ_PAIRED_AB_R1/scripts/tb_dump_effective_ops.vhd
Note: I25_OP,209,095EC3
Time: 0 ps  Iteration: 0  Process: /tb_i25_dump_effective_ops/line__11  File: C:/FPGA/V41_NVP_I2C_25KHZ_PAIRED_AB_R1/scripts/tb_dump_effective_ops.vhd
Note: I25_OP,210,095F52
Time: 0 ps  Iteration: 0  Process: /tb_i25_dump_effective_ops/line__11  File: C:/FPGA/V41_NVP_I2C_25KHZ_PAIRED_AB_R1/scripts/tb_dump_effective_ops.vhd
Note: I25_OP,211,00FF00
Time: 0 ps  Iteration: 0  Process: /tb_i25_dump_effective_ops/line__11  File: C:/FPGA/V41_NVP_I2C_25KHZ_PAIRED_AB_R1/scripts/tb_dump_effective_ops.vhd
Note: I25_OP,212,00B800
Time: 0 ps  Iteration: 0  Process: /tb_i25_dump_effective_ops/line__11  File: C:/FPGA/V41_NVP_I2C_25KHZ_PAIRED_AB_R1/scripts/tb_dump_effective_ops.vhd
Note: I25_OP,213,00FF00
Time: 0 ps  Iteration: 0  Process: /tb_i25_dump_effective_ops/line__11  File: C:/FPGA/V41_NVP_I2C_25KHZ_PAIRED_AB_R1/scripts/tb_dump_effective_ops.vhd
Note: I25_OP_SUMMARY,187,1,26,25
Time: 0 ps  Iteration: 0  Process: /tb_i25_dump_effective_ops/line__11  File: C:/FPGA/V41_NVP_I2C_25KHZ_PAIRED_AB_R1/scripts/tb_dump_effective_ops.vhd
Note: PASS_I25_EFFECTIVE_OPERATION_DUMP
Time: 0 ps  Iteration: 0  Process: /tb_i25_dump_effective_ops/line__11  File: C:/FPGA/V41_NVP_I2C_25KHZ_PAIRED_AB_R1/scripts/tb_dump_effective_ops.vhd
$stop called at time : 0 fs
exit
INFO: [Common 17-206] Exiting xsim at Fri Aug 21 22:23:49 2026...
