UTC_START=2026-08-25T14:45:30.6024543Z
UTC_END=2026-08-25T14:45:32.4333325Z
EVIDENCE_KIND=R1H_FULL_TELEMETRY_B1_FORMAL
RESULT=PASS
EXIT_CODE=0
ARGUMENT_TOKEN_AUDIT=PASS
PLINK_PW_OPTION_USED=NO
PLINK_PWFILE_OPTION_USED=YES
USERNAME_ROLE_OCCURRENCE=YES_AUTHORIZED
PASSWORD_ROLE_ARGUMENT_OCCURRENCE=NO
REMOTE_COMMAND_SHARED_LITERAL=NO
INHERITED_ENVIRONMENT_AUDIT=PASS
PWFILE_CREATED=YES
PWFILE_DELETED=YES
STDOUT_BEGIN
{
  "T0": {
    "coherent_freerun": 0,
    "legacy_nack_raw_17_words": [
      "0x08000038",
      "0xB9B80214",
      "0x00030505",
      "0xB9B80314",
      "0x00030505",
      "0x84200348",
      "0x00030505",
      "0x8A510250",
      "0x00030909",
      "0x8A510350",
      "0x00030909",
      "0x01280257",
      "0x00030202",
      "0x01280357",
      "0x00030202",
      "0xA78C025E",
      "0x00030101"
    ],
    "lifecycle": null,
    "local": {
      "0x00000": 2752121863,
      "0x00004": 16395,
      "0x00008": 200706,
      "0x0000C": 65536,
      "0x00010": 0,
      "0x00014": 0,
      "0x00018": 0,
      "0x0001C": 0,
      "0x00020": 0,
      "0x00024": 132710402,
      "0x00028": 6299465,
      "0x0002C": 0,
      "0x00030": 1480871233,
      "0x00034": 0,
      "0x00038": 0,
      "0x0003C": 0,
      "0x00040": 0,
      "0x00044": 0,
      "0x00048": 0,
      "0x0004C": 0,
      "0x00050": 0,
      "0x00054": 0,
      "0x00058": 0,
      "0x0005C": 0,
      "0x00060": 0,
      "0x00064": 0,
      "0x00068": 0,
      "0x0006C": 0,
      "0x00070": 0,
      "0x00074": 0,
      "0x00078": 0,
      "0x0007C": 0,
      "0x00080": 1684657378,
      "0x00084": 0,
      "0x00088": 0,
      "0x0008C": 251,
      "0x00090": 12,
      "0x00094": 0,
      "0x00098": 14027001,
      "0x0009C": 2147619840,
      "0x000A0": 14088456,
      "0x000A4": 4278190586,
      "0x000A8": 33619968,
      "0x000AC": 3115844884,
      "0x000B0": 12,
      "0x000B4": 83886080,
      "0x000B8": 0,
      "0x000BC": 0,
      "0x000C0": 0,
      "0x000C4": 0,
      "0x000C8": 0,
      "0x000CC": 0,
      "0x000D0": 0,
      "0x000D4": 0,
      "0x000D8": 0,
      "0x000DC": 0,
      "0x000E0": 0
    },
    "ordered_nack": {
      "control_flow_replay_scope": "PARTIAL_FIRST_8_RECORDS_ONLY",
      "current_metadata_bank": 0,
      "current_physical_bank": 0,
      "first_error_code": 2,
      "first_error_data": 185,
      "first_error_metadata_bank": 5,
      "first_error_physical_bank": 5,
      "first_error_register": 184,
      "first_error_step": 20,
      "first_error_valid": 1,
      "header_consistency": "PASS",
      "i2c_state": 0,
      "log_capacity": 8,
      "log_count": 8,
      "log_overflow": 1,
      "nack_count": 12,
      "operation_index": 249,
      "original_ff": 0,
      "phase": 8,
      "physical_bank_valid": 1,
      "records": [
        {
          "data": 185,
          "index": 0,
          "metadata_bank": 5,
          "operation_index": 20,
          "phase_code": 2,
          "phase_name": "REGISTER_ADDRESS_ACK",
          "physical_bank": 5,
          "physical_bank_valid": 1,
          "raw": "0x00030505B9B80214",
          "register": 184,
          "reserved": 0,
          "valid": 1
        },
        {
          "data": 185,
          "index": 1,
          "metadata_bank": 5,
          "operation_index": 20,
          "phase_code": 3,
          "phase_name": "DATA_ACK",
          "physical_bank": 5,
          "physical_bank_valid": 1,
          "raw": "0x00030505B9B80314",
          "register": 184,
          "reserved": 0,
          "valid": 1
        },
        {
          "data": 132,
          "index": 2,
          "metadata_bank": 5,
          "operation_index": 72,
          "phase_code": 3,
          "phase_name": "DATA_ACK",
          "physical_bank": 5,
          "physical_bank_valid": 1,
          "raw": "0x0003050584200348",
          "register": 32,
          "reserved": 0,
          "valid": 1
        },
        {
          "data": 138,
          "index": 3,
          "metadata_bank": 9,
          "operation_index": 80,
          "phase_code": 2,
          "phase_name": "REGISTER_ADDRESS_ACK",
          "physical_bank": 9,
          "physical_bank_valid": 1,
          "raw": "0x000309098A510250",
          "register": 81,
          "reserved": 0,
          "valid": 1
        },
        {
          "data": 138,
          "index": 4,
          "metadata_bank": 9,
          "operation_index": 80,
          "phase_code": 3,
          "phase_name": "DATA_ACK",
          "physical_bank": 9,
          "physical_bank_valid": 1,
          "raw": "0x000309098A510350",
          "register": 81,
          "reserved": 0,
          "valid": 1
        },
        {
          "data": 1,
          "index": 5,
          "metadata_bank": 2,
          "operation_index": 87,
          "phase_code": 2,
          "phase_name": "REGISTER_ADDRESS_ACK",
          "physical_bank": 2,
          "physical_bank_valid": 1,
          "raw": "0x0003020201280257",
          "register": 40,
          "reserved": 0,
          "valid": 1
        },
        {
          "data": 1,
          "index": 6,
          "metadata_bank": 2,
          "operation_index": 87,
          "phase_code": 3,
          "phase_name": "DATA_ACK",
          "physical_bank": 2,
          "physical_bank_valid": 1,
          "raw": "0x0003020201280357",
          "register": 40,
          "reserved": 0,
          "valid": 1
        },
        {
          "data": 167,
          "index": 7,
          "metadata_bank": 1,
          "operation_index": 94,
          "phase_code": 2,
          "phase_name": "REGISTER_ADDRESS_ACK",
          "physical_bank": 1,
          "physical_bank_valid": 1,
          "raw": "0x00030101A78C025E",
          "register": 140,
          "reserved": 0,
          "valid": 1
        }
      ],
      "restored_ff": 0,
      "table_length": 214,
      "timeout_count": 0
    },
    "probe_statistics": null,
    "r1e_page": {
      "0x02000": 0,
      "0x02004": 0,
      "0x02008": 0,
      "0x0200C": 0,
      "0x02010": 0,
      "0x02014": 0,
      "0x02018": 0,
      "0x0201C": 0,
      "0x02020": 0,
      "0x02024": 0,
      "0x02028": 0,
      "0x0202C": 0,
      "0x02030": 0,
      "0x02034": 0,
      "0x02038": 0,
      "0x0203C": 0,
      "0x02040": 0,
      "0x02044": 0,
      "0x02048": 0,
      "0x0204C": 0,
      "0x02050": 0,
      "0x02054": 0,
      "0x02058": 0,
      "0x0205C": 0,
      "0x02060": 0,
      "0x02064": 0,
      "0x02068": 0,
      "0x0206C": 0,
      "0x02070": 0,
      "0x02074": 0,
      "0x02078": 0,
      "0x0207C": 0,
      "0x02080": 0,
      "0x02084": 0,
      "0x02088": 0,
      "0x0208C": 0,
      "0x02090": 0,
      "0x02094": 0,
      "0x02098": 0,
      "0x0209C": 0,
      "0x020A0": 0,
      "0x020A4": 0,
      "0x020A8": 0,
      "0x020AC": 0,
      "0x020B0": 0,
      "0x020B4": 0,
      "0x020B8": 0,
      "0x020BC": 0,
      "0x020C0": 0,
      "0x020C4": 0,
      "0x020C8": 0,
      "0x020CC": 0,
      "0x020D0": 0,
      "0x020D4": 0,
      "0x020D8": 0,
      "0x020DC": 0,
      "0x020E0": 0,
      "0x020E4": 0,
      "0x020E8": 0,
      "0x020EC": 0,
      "0x020F0": 0,
      "0x020F4": 0,
      "0x020F8": 0,
      "0x020FC": 0
    }
  },
  "T1": {
    "coherent_freerun": 0,
    "legacy_nack_raw_17_words": [
      "0x08000038",
      "0xB9B80214",
      "0x00030505",
      "0xB9B80314",
      "0x00030505",
      "0x84200348",
      "0x00030505",
      "0x8A510250",
      "0x00030909",
      "0x8A510350",
      "0x00030909",
      "0x01280257",
      "0x00030202",
      "0x01280357",
      "0x00030202",
      "0xA78C025E",
      "0x00030101"
    ],
    "lifecycle": null,
    "local": {
      "0x00000": 2752121863,
      "0x00004": 16395,
      "0x00008": 200706,
      "0x0000C": 65536,
      "0x00010": 0,
      "0x00014": 0,
      "0x00018": 0,
      "0x0001C": 0,
      "0x00020": 0,
      "0x00024": 132710402,
      "0x00028": 6299465,
      "0x0002C": 0,
      "0x00030": 1480871233,
      "0x00034": 0,
      "0x00038": 0,
      "0x0003C": 0,
      "0x00040": 0,
      "0x00044": 0,
      "0x00048": 0,
      "0x0004C": 0,
      "0x00050": 0,
      "0x00054": 0,
      "0x00058": 0,
      "0x0005C": 0,
      "0x00060": 0,
      "0x00064": 0,
      "0x00068": 0,
      "0x0006C": 0,
      "0x00070": 0,
      "0x00074": 0,
      "0x00078": 0,
      "0x0007C": 0,
      "0x00080": 1833320199,
      "0x00084": 0,
      "0x00088": 0,
      "0x0008C": 251,
      "0x00090": 12,
      "0x00094": 0,
      "0x00098": 14027001,
      "0x0009C": 2147619840,
      "0x000A0": 14088456,
      "0x000A4": 4278190586,
      "0x000A8": 33619968,
      "0x000AC": 3115844884,
      "0x000B0": 12,
      "0x000B4": 83886080,
      "0x000B8": 0,
      "0x000BC": 0,
      "0x000C0": 0,
      "0x000C4": 0,
      "0x000C8": 0,
      "0x000CC": 0,
      "0x000D0": 0,
      "0x000D4": 0,
      "0x000D8": 0,
      "0x000DC": 0,
      "0x000E0": 0
    },
    "ordered_nack": {
      "control_flow_replay_scope": "PARTIAL_FIRST_8_RECORDS_ONLY",
      "current_metadata_bank": 0,
      "current_physical_bank": 0,
      "first_error_code": 2,
      "first_error_data": 185,
      "first_error_metadata_bank": 5,
      "first_error_physical_bank": 5,
      "first_error_register": 184,
      "first_error_step": 20,
      "first_error_valid": 1,
      "header_consistency": "PASS",
      "i2c_state": 0,
      "log_capacity": 8,
      "log_count": 8,
      "log_overflow": 1,
      "nack_count": 12,
      "operation_index": 249,
      "original_ff": 0,
      "phase": 8,
      "physical_bank_valid": 1,
      "records": [
        {
          "data": 185,
          "index": 0,
          "metadata_bank": 5,
          "operation_index": 20,
          "phase_code": 2,
          "phase_name": "REGISTER_ADDRESS_ACK",
          "physical_bank": 5,
          "physical_bank_valid": 1,
          "raw": "0x00030505B9B80214",
          "register": 184,
          "reserved": 0,
          "valid": 1
        },
        {
          "data": 185,
          "index": 1,
          "metadata_bank": 5,
          "operation_index": 20,
          "phase_code": 3,
          "phase_name": "DATA_ACK",
          "physical_bank": 5,
          "physical_bank_valid": 1,
          "raw": "0x00030505B9B80314",
          "register": 184,
          "reserved": 0,
          "valid": 1
        },
        {
          "data": 132,
          "index": 2,
          "metadata_bank": 5,
          "operation_index": 72,
          "phase_code": 3,
          "phase_name": "DATA_ACK",
          "physical_bank": 5,
          "physical_bank_valid": 1,
          "raw": "0x0003050584200348",
          "register": 32,
          "reserved": 0,
          "valid": 1
        },
        {
          "data": 138,
          "index": 3,
          "metadata_bank": 9,
          "operation_index": 80,
          "phase_code": 2,
          "phase_name": "REGISTER_ADDRESS_ACK",
          "physical_bank": 9,
          "physical_bank_valid": 1,
          "raw": "0x000309098A510250",
          "register": 81,
          "reserved": 0,
          "valid": 1
        },
        {
          "data": 138,
          "index": 4,
          "metadata_bank": 9,
          "operation_index": 80,
          "phase_code": 3,
          "phase_name": "DATA_ACK",
          "physical_bank": 9,
          "physical_bank_valid": 1,
          "raw": "0x000309098A510350",
          "register": 81,
          "reserved": 0,
          "valid": 1
        },
        {
          "data": 1,
          "index": 5,
          "metadata_bank": 2,
          "operation_index": 87,
          "phase_code": 2,
          "phase_name": "REGISTER_ADDRESS_ACK",
          "physical_bank": 2,
          "physical_bank_valid": 1,
          "raw": "0x0003020201280257",
          "register": 40,
          "reserved": 0,
          "valid": 1
        },
        {
          "data": 1,
          "index": 6,
          "metadata_bank": 2,
          "operation_index": 87,
          "phase_code": 3,
          "phase_name": "DATA_ACK",
          "physical_bank": 2,
          "physical_bank_valid": 1,
          "raw": "0x0003020201280357",
          "register": 40,
          "reserved": 0,
          "valid": 1
        },
        {
          "data": 167,
          "index": 7,
          "metadata_bank": 1,
          "operation_index": 94,
          "phase_code": 2,
          "phase_name": "REGISTER_ADDRESS_ACK",
          "physical_bank": 1,
          "physical_bank_valid": 1,
          "raw": "0x00030101A78C025E",
          "register": 140,
          "reserved": 0,
          "valid": 1
        }
      ],
      "restored_ff": 0,
      "table_length": 214,
      "timeout_count": 0
    },
    "probe_statistics": null,
    "r1e_page": {
      "0x02000": 0,
      "0x02004": 0,
      "0x02008": 0,
      "0x0200C": 0,
      "0x02010": 0,
      "0x02014": 0,
      "0x02018": 0,
      "0x0201C": 0,
      "0x02020": 0,
      "0x02024": 0,
      "0x02028": 0,
      "0x0202C": 0,
      "0x02030": 0,
      "0x02034": 0,
      "0x02038": 0,
      "0x0203C": 0,
      "0x02040": 0,
      "0x02044": 0,
      "0x02048": 0,
      "0x0204C": 0,
      "0x02050": 0,
      "0x02054": 0,
      "0x02058": 0,
      "0x0205C": 0,
      "0x02060": 0,
      "0x02064": 0,
      "0x02068": 0,
      "0x0206C": 0,
      "0x02070": 0,
      "0x02074": 0,
      "0x02078": 0,
      "0x0207C": 0,
      "0x02080": 0,
      "0x02084": 0,
      "0x02088": 0,
      "0x0208C": 0,
      "0x02090": 0,
      "0x02094": 0,
      "0x02098": 0,
      "0x0209C": 0,
      "0x020A0": 0,
      "0x020A4": 0,
      "0x020A8": 0,
      "0x020AC": 0,
      "0x020B0": 0,
      "0x020B4": 0,
      "0x020B8": 0,
      "0x020BC": 0,
      "0x020C0": 0,
      "0x020C4": 0,
      "0x020C8": 0,
      "0x020CC": 0,
      "0x020D0": 0,
      "0x020D4": 0,
      "0x020D8": 0,
      "0x020DC": 0,
      "0x020E0": 0,
      "0x020E4": 0,
      "0x020E8": 0,
      "0x020EC": 0,
      "0x020F0": 0,
      "0x020F4": 0,
      "0x020F8": 0,
      "0x020FC": 0
    }
  }
}
READ_ONLY=YES
STATIC_SNAPSHOTS_MATCH=YES
STDOUT_END
STDERR_BEGIN

STDERR_END
