UTC_START=2026-08-23T22:56:12.6078320Z
UTC_END=2026-08-23T22:56:13.7178646Z
EVIDENCE_KIND=R7_HOST_BASELINE_SESSION_1
RESULT=PASS
EXIT_CODE=0
ARGUMENT_TOKEN_AUDIT=PASS
PLINK_PW_OPTION_USED=NO
PLINK_PWFILE_OPTION_USED=YES
USERNAME_ROLE_OCCURRENCE=YES_AUTHORIZED
PASSWORD_ROLE_ARGUMENT_OCCURRENCE=NO
REMOTE_COMMAND_SHARED_LITERAL=NO
INHERITED_ENVIRONMENT_AUDIT=PASS
PWFILE_CREATED=YES
PWFILE_DELETED=YES
STDOUT_BEGIN
HOST_BASELINE_SAMPLE_INDEX=1
HOSTNAME=VCDE-DUT-1
REMOTE_USER=vcdeagent1
REMOTE_EFFECTIVE_USER=root
CURRENT_KERNEL=7.0.0-29-generic
CURRENT_BOOT_ID=dd140158-f8dc-46eb-9a05-27bb532713aa
UPTIME_SECONDS=10902.22
REMOTE_UTC=2026-08-23T22:56:13.997548192Z
PROC_CMDLINE=BOOT_IMAGE=/boot/vmlinuz-7.0.0-29-generic root=UUID=f7897627-c98a-4bf4-b24a-ae18f881e2da ro quiet splash crashkernel=2G-4G:320M,4G-32G:512M,32G-64G:1024M,64G-128G:2048M,128G-:4096M
GRUB_DEFAULT_NORMALIZED=gnulinux-advanced-f7897627-c98a-4bf4-b24a-ae18f881e2da>gnulinux-7.0.0-29-generic-advanced-f7897627-c98a-4bf4-b24a-ae18f881e2da
GRUB_SAVED_ENTRY=NONE
GRUB_NEXT_ENTRY=NONE
NEXT_BOOT_SELECTION_SOURCE=PERSISTENT_EXPLICIT_ENTRY
NEXT_BOOT_SELECTED_ENTRY=gnulinux-advanced-f7897627-c98a-4bf4-b24a-ae18f881e2da>gnulinux-7.0.0-29-generic-advanced-f7897627-c98a-4bf4-b24a-ae18f881e2da
NEXT_REBOOT_KERNEL_PROVEN=7.0.0-29-generic
HOST_BASELINE_SAMPLE_READ_ONLY=YES
HOST_BASELINE_SAMPLE_GATE=PASS
STDOUT_END
STDERR_BEGIN

STDERR_END
