Copyright 1986-2022 Xilinx, Inc. All Rights Reserved. Copyright 2022-2025 Advanced Micro Devices, Inc. All Rights Reserved.
-----------------------------------------------------------------------------------------------------------------------------------------------------------------------------------------------------------------------------------------------------------------------------------------------------------------------------------------------------------------------------------------------------------------------------------------------------------------------------------------------------------------------------------------------------------------------------------------------------------------------------------------------------------------------------------------------------
| Tool Version : Vivado v.2025.2 (win64) Build 6299465 Fri Nov 14 19:35:11 GMT 2025
| Date         : Thu Sep 10 01:13:20 2026
| Host         : NBLSUDUL running 64-bit major release  (build 9200)
| Command      : report_timing -of_objects [get_timing_paths -quiet -delay_type max -sort_by slack -max_paths 1 -nworst 1 -from [filter [get_cells -quiet -hier -regexp .*G2B_ONECH_C2H/(own_epoch_hold_axi|axis_epoch)_reg.*] {IS_SEQUENTIAL == 1}] -to [get_pins -quiet -of_objects [filter [get_cells -quiet -hier -regexp .*G2B_ONECH_C2H/(slot_state_source|source_ownership_fatal|source_ownership_fatal_event|source_ownership_fatal_deferred|enable_applied_source|own_ok_hold_source)_reg.*] {IS_SEQUENTIAL == 1}] -filter {REF_PIN_NAME == D}]] -file C:/FPGA/G2B_NVP_VIDEO_DIAG1_R1_20260909T203832Z/reports/vivado_full/PROMOTED_REPLACEMENTS/03_G09_OWNERSHIP_EPOCH_SETTLING_TIMING.rpt
| Design       : ahd_capture_top_xdma
| Device       : 7a35t-csg325
| Speed File   : -2  PRODUCTION 1.23 2018-06-13
| Design State : Routed
-----------------------------------------------------------------------------------------------------------------------------------------------------------------------------------------------------------------------------------------------------------------------------------------------------------------------------------------------------------------------------------------------------------------------------------------------------------------------------------------------------------------------------------------------------------------------------------------------------------------------------------------------------------------------------------------------------

Timing Report

Slack (MET) :             0.774ns  (required time - arrival time)
  Source:                 G2B_ONECH_C2H/axis_epoch_reg[3]/C
                            (rising edge-triggered cell FDRE clocked by userclk1  {rise@0.000ns fall@8.000ns period=16.000ns})
  Destination:            G2B_ONECH_C2H/source_ownership_fatal_reg/D
                            (rising edge-triggered cell FDRE clocked by nvp_vclk1  {rise@0.000ns fall@3.367ns period=6.734ns})
  Path Group:             nvp_vclk1
  Path Type:              Setup (Max at Slow Process Corner)
  Requirement:            6.000ns  (MaxDelay Path 6.000ns)
  Data Path Delay:        5.259ns  (logic 1.786ns (33.962%)  route 3.473ns (66.038%))
  Logic Levels:           8  (CARRY4=3 LUT4=1 LUT5=1 LUT6=3)
  Timing Exception:       MaxDelay Path 6.000ns -datapath_only

    Location             Delay type                Incr(ns)  Path(ns)    Netlist Resource(s)
  -------------------------------------------------------------------    -------------------
    SLICE_X61Y34                                      0.000     0.000 r  G2B_ONECH_C2H/axis_epoch_reg[3]/C
    SLICE_X61Y34         FDRE (Prop_fdre_C_Q)         0.379     0.379 r  G2B_ONECH_C2H/axis_epoch_reg[3]/Q
                         net (fo=6, routed)           1.262     1.641    G2B_ONECH_C2H/own_epoch_hold_axi[3]
    SLICE_X60Y37                                                      r  G2B_ONECH_C2H/slot_state_source[0][2]_i_68/I0
    SLICE_X60Y37         LUT6 (Prop_lut6_I0_O)        0.105     1.746 r  G2B_ONECH_C2H/slot_state_source[0][2]_i_68/O
                         net (fo=1, routed)           0.000     1.746    G2B_ONECH_C2H/slot_state_source[0][2]_i_68_n_0
    SLICE_X60Y37                                                      r  G2B_ONECH_C2H/slot_state_source_reg[0][2]_i_32/S[1]
    SLICE_X60Y37         CARRY4 (Prop_carry4_S[1]_CO[3])
                                                      0.444     2.190 r  G2B_ONECH_C2H/slot_state_source_reg[0][2]_i_32/CO[3]
                         net (fo=1, routed)           0.000     2.190    G2B_ONECH_C2H/slot_state_source_reg[0][2]_i_32_n_0
    SLICE_X60Y38                                                      r  G2B_ONECH_C2H/slot_state_source_reg[0][2]_i_19/CI
    SLICE_X60Y38         CARRY4 (Prop_carry4_CI_CO[3])
                                                      0.100     2.290 r  G2B_ONECH_C2H/slot_state_source_reg[0][2]_i_19/CO[3]
                         net (fo=1, routed)           0.000     2.290    G2B_ONECH_C2H/slot_state_source_reg[0][2]_i_19_n_0
    SLICE_X60Y39                                                      r  G2B_ONECH_C2H/slot_state_source_reg[0][2]_i_10/CI
    SLICE_X60Y39         CARRY4 (Prop_carry4_CI_CO[2])
                                                      0.191     2.481 f  G2B_ONECH_C2H/slot_state_source_reg[0][2]_i_10/CO[2]
                         net (fo=1, routed)           0.965     3.446    G2B_ONECH_C2H/slot_state_source_reg[0][2]_i_10_n_1
    SLICE_X59Y52                                                      f  G2B_ONECH_C2H/slot_state_source[0][2]_i_4/I2
    SLICE_X59Y52         LUT5 (Prop_lut5_I2_O)        0.252     3.698 f  G2B_ONECH_C2H/slot_state_source[0][2]_i_4/O
                         net (fo=8, routed)           0.515     4.214    G2B_ONECH_C2H/source_ownership_fatal1314_out
    SLICE_X59Y49                                                      f  G2B_ONECH_C2H/source_ownership_fatal_event_i_5/I2
    SLICE_X59Y49         LUT6 (Prop_lut6_I2_O)        0.105     4.319 r  G2B_ONECH_C2H/source_ownership_fatal_event_i_5/O
                         net (fo=2, routed)           0.272     4.591    G2B_ONECH_C2H/source_ownership_fatal_event_i_5_n_0
    SLICE_X58Y49                                                      r  G2B_ONECH_C2H/source_ownership_fatal_event_i_2/I3
    SLICE_X58Y49         LUT4 (Prop_lut4_I3_O)        0.105     4.696 f  G2B_ONECH_C2H/source_ownership_fatal_event_i_2/O
                         net (fo=4, routed)           0.458     5.154    G2B_ONECH_C2H/source_ownership_fatal_event_i_2_n_0
    SLICE_X57Y49                                                      f  G2B_ONECH_C2H/source_ownership_fatal_i_1/I4
    SLICE_X57Y49         LUT6 (Prop_lut6_I4_O)        0.105     5.259 r  G2B_ONECH_C2H/source_ownership_fatal_i_1/O
                         net (fo=1, routed)           0.000     5.259    G2B_ONECH_C2H/source_ownership_fatal_i_1_n_0
    SLICE_X57Y49         FDRE                                         r  G2B_ONECH_C2H/source_ownership_fatal_reg/D
  -------------------------------------------------------------------    -------------------

                         max delay                    6.000     6.000    
    SLICE_X57Y49         FDRE (Setup_fdre_C_D)        0.033     6.033    G2B_ONECH_C2H/source_ownership_fatal_reg
  -------------------------------------------------------------------
                         required time                          6.033    
                         arrival time                          -5.259    
  -------------------------------------------------------------------
                         slack                                  0.774    




