Copyright 1986-2022 Xilinx, Inc. All Rights Reserved. Copyright 2022-2025 Advanced Micro Devices, Inc. All Rights Reserved.
------------------------------------------------------------------------------------------------------------------------------------------------------------------------------------------------------------------------------------------------------------------------------------------------------------------------------------------------------------------------------------------------------------------------------------------------------------------------------------------------------------------------
| Tool Version : Vivado v.2025.2 (win64) Build 6299465 Fri Nov 14 19:35:11 GMT 2025
| Date         : Thu Sep 10 01:13:24 2026
| Host         : NBLSUDUL running 64-bit major release  (build 9200)
| Command      : report_timing -of_objects [get_timing_paths -quiet -delay_type max -sort_by slack -max_paths 1 -nworst 1 -from [filter [get_cells -quiet -hier -regexp .*G2B_ONECH_C2H/reset_abandoned_hold_source_reg.*] {IS_SEQUENTIAL == 1}] -to [filter [get_cells -quiet -hier -regexp .*G2B_ONECH_C2H/records_abandoned_axi_reg.*] {IS_SEQUENTIAL == 1}]] -file C:/FPGA/G2B_NVP_VIDEO_DIAG1_R1_20260909T203832Z/reports/vivado_full/PROMOTED_REPLACEMENTS/04_G13_RESET_ABANDONED_COUNT_STABLE_PAYLOAD_TIMING.rpt
| Design       : ahd_capture_top_xdma
| Device       : 7a35t-csg325
| Speed File   : -2  PRODUCTION 1.23 2018-06-13
| Design State : Routed
------------------------------------------------------------------------------------------------------------------------------------------------------------------------------------------------------------------------------------------------------------------------------------------------------------------------------------------------------------------------------------------------------------------------------------------------------------------------------------------------------------------------

Timing Report

Slack (MET) :             2.883ns  (required time - arrival time)
  Source:                 G2B_ONECH_C2H/reset_abandoned_hold_source_reg[2]/C
                            (rising edge-triggered cell FDRE clocked by nvp_vclk1  {rise@0.000ns fall@3.367ns period=6.734ns})
  Destination:            G2B_ONECH_C2H/records_abandoned_axi_reg[31]/D
                            (rising edge-triggered cell FDRE clocked by userclk1  {rise@0.000ns fall@8.000ns period=16.000ns})
  Path Group:             userclk1
  Path Type:              Setup (Max at Slow Process Corner)
  Requirement:            6.000ns  (MaxDelay Path 6.000ns)
  Data Path Delay:        3.218ns  (logic 1.768ns (54.942%)  route 1.450ns (45.058%))
  Logic Levels:           9  (CARRY4=8 LUT2=1)
  Timing Exception:       MaxDelay Path 6.000ns -datapath_only

    Location             Delay type                Incr(ns)  Path(ns)    Netlist Resource(s)
  -------------------------------------------------------------------    -------------------
    SLICE_X62Y47                                      0.000     0.000 r  G2B_ONECH_C2H/reset_abandoned_hold_source_reg[2]/C
    SLICE_X62Y47         FDRE (Prop_fdre_C_Q)         0.348     0.348 r  G2B_ONECH_C2H/reset_abandoned_hold_source_reg[2]/Q
                         net (fo=2, routed)           1.449     1.797    G2B_ONECH_C2H/reset_abandoned_hold_source[2]
    SLICE_X38Y44                                                      r  G2B_ONECH_C2H/records_abandoned_axi[0]_i_3/I0
    SLICE_X38Y44         LUT2 (Prop_lut2_I0_O)        0.242     2.039 r  G2B_ONECH_C2H/records_abandoned_axi[0]_i_3/O
                         net (fo=1, routed)           0.000     2.039    G2B_ONECH_C2H/records_abandoned_axi[0]_i_3_n_0
    SLICE_X38Y44                                                      r  G2B_ONECH_C2H/records_abandoned_axi_reg[0]_i_2/S[2]
    SLICE_X38Y44         CARRY4 (Prop_carry4_S[2]_CO[3])
                                                      0.316     2.355 r  G2B_ONECH_C2H/records_abandoned_axi_reg[0]_i_2/CO[3]
                         net (fo=1, routed)           0.000     2.355    G2B_ONECH_C2H/records_abandoned_axi_reg[0]_i_2_n_0
    SLICE_X38Y45                                                      r  G2B_ONECH_C2H/records_abandoned_axi_reg[4]_i_1/CI
    SLICE_X38Y45         CARRY4 (Prop_carry4_CI_CO[3])
                                                      0.100     2.455 r  G2B_ONECH_C2H/records_abandoned_axi_reg[4]_i_1/CO[3]
                         net (fo=1, routed)           0.000     2.455    G2B_ONECH_C2H/records_abandoned_axi_reg[4]_i_1_n_0
    SLICE_X38Y46                                                      r  G2B_ONECH_C2H/records_abandoned_axi_reg[8]_i_1/CI
    SLICE_X38Y46         CARRY4 (Prop_carry4_CI_CO[3])
                                                      0.100     2.555 r  G2B_ONECH_C2H/records_abandoned_axi_reg[8]_i_1/CO[3]
                         net (fo=1, routed)           0.000     2.555    G2B_ONECH_C2H/records_abandoned_axi_reg[8]_i_1_n_0
    SLICE_X38Y47                                                      r  G2B_ONECH_C2H/records_abandoned_axi_reg[12]_i_1/CI
    SLICE_X38Y47         CARRY4 (Prop_carry4_CI_CO[3])
                                                      0.100     2.655 r  G2B_ONECH_C2H/records_abandoned_axi_reg[12]_i_1/CO[3]
                         net (fo=1, routed)           0.000     2.655    G2B_ONECH_C2H/records_abandoned_axi_reg[12]_i_1_n_0
    SLICE_X38Y48                                                      r  G2B_ONECH_C2H/records_abandoned_axi_reg[16]_i_1/CI
    SLICE_X38Y48         CARRY4 (Prop_carry4_CI_CO[3])
                                                      0.100     2.755 r  G2B_ONECH_C2H/records_abandoned_axi_reg[16]_i_1/CO[3]
                         net (fo=1, routed)           0.000     2.755    G2B_ONECH_C2H/records_abandoned_axi_reg[16]_i_1_n_0
    SLICE_X38Y49                                                      r  G2B_ONECH_C2H/records_abandoned_axi_reg[20]_i_1/CI
    SLICE_X38Y49         CARRY4 (Prop_carry4_CI_CO[3])
                                                      0.100     2.855 r  G2B_ONECH_C2H/records_abandoned_axi_reg[20]_i_1/CO[3]
                         net (fo=1, routed)           0.001     2.856    G2B_ONECH_C2H/records_abandoned_axi_reg[20]_i_1_n_0
    SLICE_X38Y50                                                      r  G2B_ONECH_C2H/records_abandoned_axi_reg[24]_i_1/CI
    SLICE_X38Y50         CARRY4 (Prop_carry4_CI_CO[3])
                                                      0.100     2.956 r  G2B_ONECH_C2H/records_abandoned_axi_reg[24]_i_1/CO[3]
                         net (fo=1, routed)           0.000     2.956    G2B_ONECH_C2H/records_abandoned_axi_reg[24]_i_1_n_0
    SLICE_X38Y51                                                      r  G2B_ONECH_C2H/records_abandoned_axi_reg[28]_i_1/CI
    SLICE_X38Y51         CARRY4 (Prop_carry4_CI_O[3])
                                                      0.262     3.218 r  G2B_ONECH_C2H/records_abandoned_axi_reg[28]_i_1/O[3]
                         net (fo=1, routed)           0.000     3.218    G2B_ONECH_C2H/records_abandoned_axi_reg[28]_i_1_n_4
    SLICE_X38Y51         FDRE                                         r  G2B_ONECH_C2H/records_abandoned_axi_reg[31]/D
  -------------------------------------------------------------------    -------------------

                         max delay                    6.000     6.000    
    SLICE_X38Y51         FDRE (Setup_fdre_C_D)        0.101     6.101    G2B_ONECH_C2H/records_abandoned_axi_reg[31]
  -------------------------------------------------------------------
                         required time                          6.101    
                         arrival time                          -3.218    
  -------------------------------------------------------------------
                         slack                                  2.883    




