Copyright 1986-2022 Xilinx, Inc. All Rights Reserved. Copyright 2022-2025 Advanced Micro Devices, Inc. All Rights Reserved.
----------------------------------------------------------------------------------------------------------------------------------------------------------------------------------------------------------------------------------------------------------------------------------------------------------------------------------------------------------------------------------------------------------------------------------------------------------------------------------------------------------------------------------------------------------------------------------------------------------------------------------------------------------------------------------------------------------------------------------------------------------------------------------------------------------------------------------------------------------
| Tool Version : Vivado v.2025.2 (win64) Build 6299465 Fri Nov 14 19:35:11 GMT 2025
| Date         : Thu Sep 10 01:13:28 2026
| Host         : NBLSUDUL running 64-bit major release  (build 9200)
| Command      : report_timing -of_objects [get_timing_paths -quiet -delay_type max -sort_by slack -max_paths 1 -nworst 1 -from [filter [get_cells -quiet -hier -regexp .*G2B_ONECH_C2H/reset_commit_phase_hold_source_reg.*] {IS_SEQUENTIAL == 1}] -to [filter [get_cells -quiet -hier -regexp .*G2B_ONECH_C2H/(records_abandoned_axi|commit_seen_axi|stream_reset_busy_axi|stream_reset_is_hard_axi|transport_followup_hard_axi|reset_epoch_axi|global_stream_next_axi|last_global_axi|last_channel_axi|last_global_valid_axi|last_channel_valid_axi|reset_events_axi|axis_state|snapshot_busy_axi|snapshot_valid_axi|fatal_clear_qualified_axi|axi_hard_episode)_reg.*] {IS_SEQUENTIAL == 1}]] -file C:/FPGA/G2B_NVP_VIDEO_DIAG1_R1_20260909T203832Z/reports/vivado_full/PROMOTED_REPLACEMENTS/05_G13_RESET_COMMIT_PHASE_COMPLETION_BARRIER_TIMING.rpt
| Design       : ahd_capture_top_xdma
| Device       : 7a35t-csg325
| Speed File   : -2  PRODUCTION 1.23 2018-06-13
| Design State : Routed
----------------------------------------------------------------------------------------------------------------------------------------------------------------------------------------------------------------------------------------------------------------------------------------------------------------------------------------------------------------------------------------------------------------------------------------------------------------------------------------------------------------------------------------------------------------------------------------------------------------------------------------------------------------------------------------------------------------------------------------------------------------------------------------------------------------------------------------------------------

Timing Report

Slack (MET) :             1.572ns  (required time - arrival time)
  Source:                 G2B_ONECH_C2H/reset_commit_phase_hold_source_reg[0]/C
                            (rising edge-triggered cell FDRE clocked by nvp_vclk1  {rise@0.000ns fall@3.367ns period=6.734ns})
  Destination:            G2B_ONECH_C2H/axis_state_reg[1]/D
                            (rising edge-triggered cell FDRE clocked by userclk1  {rise@0.000ns fall@8.000ns period=16.000ns})
  Path Group:             userclk1
  Path Type:              Setup (Max at Slow Process Corner)
  Requirement:            6.000ns  (MaxDelay Path 6.000ns)
  Data Path Delay:        4.458ns  (logic 1.299ns (29.136%)  route 3.159ns (70.864%))
  Logic Levels:           7  (LUT2=2 LUT4=1 LUT6=4)
  Timing Exception:       MaxDelay Path 6.000ns -datapath_only

    Location             Delay type                Incr(ns)  Path(ns)    Netlist Resource(s)
  -------------------------------------------------------------------    -------------------
    SLICE_X53Y42                                      0.000     0.000 r  G2B_ONECH_C2H/reset_commit_phase_hold_source_reg[0]/C
    SLICE_X53Y42         FDRE (Prop_fdre_C_Q)         0.379     0.379 r  G2B_ONECH_C2H/reset_commit_phase_hold_source_reg[0]/Q
                         net (fo=2, routed)           0.394     0.773    G2B_ONECH_C2H/reset_commit_phase_hold_source[0]
    SLICE_X52Y42                                                      r  G2B_ONECH_C2H/last_channel_axi[31]_i_7/I5
    SLICE_X52Y42         LUT6 (Prop_lut6_I5_O)        0.105     0.878 f  G2B_ONECH_C2H/last_channel_axi[31]_i_7/O
                         net (fo=1, routed)           0.457     1.334    G2B_ONECH_C2H/last_channel_axi[31]_i_7_n_0
    SLICE_X49Y41                                                      f  G2B_ONECH_C2H/last_channel_axi[31]_i_6/I5
    SLICE_X49Y41         LUT6 (Prop_lut6_I5_O)        0.105     1.439 r  G2B_ONECH_C2H/last_channel_axi[31]_i_6/O
                         net (fo=1, routed)           0.204     1.644    G2B_ONECH_C2H/last_channel_axi[31]_i_6_n_0
    SLICE_X49Y41                                                      r  G2B_ONECH_C2H/last_channel_axi[31]_i_5/I3
    SLICE_X49Y41         LUT4 (Prop_lut4_I3_O)        0.105     1.749 f  G2B_ONECH_C2H/last_channel_axi[31]_i_5/O
                         net (fo=67, routed)          0.435     2.183    G2B_ONECH_C2H/last_channel_axi[31]_i_5_n_0
    SLICE_X47Y41                                                      f  G2B_ONECH_C2H/reset_events_axi[31]_i_2/I0
    SLICE_X47Y41         LUT2 (Prop_lut2_I0_O)        0.105     2.288 f  G2B_ONECH_C2H/reset_events_axi[31]_i_2/O
                         net (fo=116, routed)         0.694     2.982    G2B_ONECH_C2H/reset_events_axi[31]_i_2_n_0
    SLICE_X49Y41                                                      f  G2B_ONECH_C2H/stream_reset_is_hard_axi_i_2/I1
    SLICE_X49Y41         LUT2 (Prop_lut2_I1_O)        0.127     3.109 r  G2B_ONECH_C2H/stream_reset_is_hard_axi_i_2/O
                         net (fo=5, routed)           0.463     3.572    G2B_ONECH_C2H/stream_reset_is_hard_axi_i_2_n_0
    SLICE_X47Y40                                                      r  G2B_ONECH_C2H/axis_state[1]_i_3/I5
    SLICE_X47Y40         LUT6 (Prop_lut6_I5_O)        0.268     3.840 f  G2B_ONECH_C2H/axis_state[1]_i_3/O
                         net (fo=1, routed)           0.514     4.353    G2B_ONECH_C2H/axis_state[1]_i_3_n_0
    SLICE_X47Y39                                                      f  G2B_ONECH_C2H/axis_state[1]_i_1/I1
    SLICE_X47Y39         LUT6 (Prop_lut6_I1_O)        0.105     4.458 r  G2B_ONECH_C2H/axis_state[1]_i_1/O
                         net (fo=1, routed)           0.000     4.458    G2B_ONECH_C2H/axis_state[1]_i_1_n_0
    SLICE_X47Y39         FDRE                                         r  G2B_ONECH_C2H/axis_state_reg[1]/D
  -------------------------------------------------------------------    -------------------

                         max delay                    6.000     6.000    
    SLICE_X47Y39         FDRE (Setup_fdre_C_D)        0.030     6.030    G2B_ONECH_C2H/axis_state_reg[1]
  -------------------------------------------------------------------
                         required time                          6.030    
                         arrival time                          -4.458    
  -------------------------------------------------------------------
                         slack                                  1.572    




