Copyright 1986-2022 Xilinx, Inc. All Rights Reserved. Copyright 2022-2025 Advanced Micro Devices, Inc. All Rights Reserved.
--------------------------------------------------------------------------------------------------------------------------------------------------------------------------------------------------------------------------------------------------------------------------------------------------------------------------------------------------------------------------------------------------------------------------------------------------------------------------------------------------------------------------------------------------
| Tool Version : Vivado v.2025.2 (win64) Build 6299465 Fri Nov 14 19:35:11 GMT 2025
| Date         : Thu Sep 10 01:13:32 2026
| Host         : NBLSUDUL running 64-bit major release  (build 9200)
| Command      : report_timing -of_objects [get_timing_paths -quiet -delay_type max -sort_by slack -max_paths 1 -nworst 1 -from [filter [get_cells -quiet -hier -regexp {.*G2B_ONECH_C2H/(release_generation_axi|release_epoch_axi)_reg\[0\].*}] {IS_SEQUENTIAL == 1}] -to [filter [get_cells -quiet -hier -regexp {.*G2B_ONECH_C2H/slot_state_source_reg\[0\].*}] {IS_SEQUENTIAL == 1}]] -file C:/FPGA/G2B_NVP_VIDEO_DIAG1_R1_20260909T203832Z/reports/vivado_full/PROMOTED_REPLACEMENTS/06_G14_RELEASE_SLOT0_NORMAL_STATE_TRANSITION_TIMING.rpt
| Design       : ahd_capture_top_xdma
| Device       : 7a35t-csg325
| Speed File   : -2  PRODUCTION 1.23 2018-06-13
| Design State : Routed
--------------------------------------------------------------------------------------------------------------------------------------------------------------------------------------------------------------------------------------------------------------------------------------------------------------------------------------------------------------------------------------------------------------------------------------------------------------------------------------------------------------------------------------------------

Timing Report

Slack (MET) :             0.706ns  (required time - arrival time)
  Source:                 G2B_ONECH_C2H/release_epoch_axi_reg[0][5]/C
                            (rising edge-triggered cell FDRE clocked by userclk1  {rise@0.000ns fall@8.000ns period=16.000ns})
  Destination:            G2B_ONECH_C2H/slot_state_source_reg[0][0]/D
                            (rising edge-triggered cell FDRE clocked by nvp_vclk1  {rise@0.000ns fall@3.367ns period=6.734ns})
  Path Group:             nvp_vclk1
  Path Type:              Setup (Max at Slow Process Corner)
  Requirement:            6.000ns  (MaxDelay Path 6.000ns)
  Data Path Delay:        5.324ns  (logic 2.197ns (41.264%)  route 3.127ns (58.736%))
  Logic Levels:           9  (CARRY4=3 LUT5=2 LUT6=4)
  Timing Exception:       MaxDelay Path 6.000ns -datapath_only

    Location             Delay type                Incr(ns)  Path(ns)    Netlist Resource(s)
  -------------------------------------------------------------------    -------------------
    SLICE_X65Y35                                      0.000     0.000 r  G2B_ONECH_C2H/release_epoch_axi_reg[0][5]/C
    SLICE_X65Y35         FDRE (Prop_fdre_C_Q)         0.348     0.348 r  G2B_ONECH_C2H/release_epoch_axi_reg[0][5]/Q
                         net (fo=2, routed)           0.797     1.145    G2B_ONECH_C2H/release_epoch_axi_reg[0]_6[5]
    SLICE_X62Y35                                                      r  G2B_ONECH_C2H/reset_abandoned_hold_source[0]_i_40/I1
    SLICE_X62Y35         LUT6 (Prop_lut6_I1_O)        0.239     1.384 r  G2B_ONECH_C2H/reset_abandoned_hold_source[0]_i_40/O
                         net (fo=1, routed)           0.000     1.384    G2B_ONECH_C2H/reset_abandoned_hold_source[0]_i_40_n_0
    SLICE_X62Y35                                                      r  G2B_ONECH_C2H/reset_abandoned_hold_source_reg[0]_i_29/S[1]
    SLICE_X62Y35         CARRY4 (Prop_carry4_S[1]_CO[3])
                                                      0.457     1.841 r  G2B_ONECH_C2H/reset_abandoned_hold_source_reg[0]_i_29/CO[3]
                         net (fo=1, routed)           0.000     1.841    G2B_ONECH_C2H/reset_abandoned_hold_source_reg[0]_i_29_n_0
    SLICE_X62Y36                                                      r  G2B_ONECH_C2H/reset_abandoned_hold_source_reg[0]_i_16/CI
    SLICE_X62Y36         CARRY4 (Prop_carry4_CI_CO[3])
                                                      0.098     1.939 r  G2B_ONECH_C2H/reset_abandoned_hold_source_reg[0]_i_16/CO[3]
                         net (fo=1, routed)           0.000     1.939    G2B_ONECH_C2H/reset_abandoned_hold_source_reg[0]_i_16_n_0
    SLICE_X62Y37                                                      r  G2B_ONECH_C2H/reset_abandoned_hold_source_reg[0]_i_6/CI
    SLICE_X62Y37         CARRY4 (Prop_carry4_CI_CO[2])
                                                      0.190     2.129 f  G2B_ONECH_C2H/reset_abandoned_hold_source_reg[0]_i_6/CO[2]
                         net (fo=2, routed)           0.691     2.820    G2B_ONECH_C2H/source_ownership_fatal45_out
    SLICE_X64Y49                                                      f  G2B_ONECH_C2H/slot_state_source[0][2]_i_7/I0
    SLICE_X64Y49         LUT6 (Prop_lut6_I0_O)        0.261     3.081 f  G2B_ONECH_C2H/slot_state_source[0][2]_i_7/O
                         net (fo=2, routed)           0.341     3.422    G2B_ONECH_C2H/slot_state_source[0][2]_i_7_n_0
    SLICE_X64Y48                                                      f  G2B_ONECH_C2H/slot_state_source[0][2]_i_2/I4
    SLICE_X64Y48         LUT5 (Prop_lut5_I4_O)        0.108     3.530 f  G2B_ONECH_C2H/slot_state_source[0][2]_i_2/O
                         net (fo=2, routed)           0.138     3.668    G2B_ONECH_C2H/slot_state_source[0][2]_i_2_n_0
    SLICE_X64Y48                                                      f  G2B_ONECH_C2H/slot_state_source[0][2]_i_3/I0
    SLICE_X64Y48         LUT6 (Prop_lut6_I0_O)        0.286     3.954 r  G2B_ONECH_C2H/slot_state_source[0][2]_i_3/O
                         net (fo=5, routed)           0.527     4.482    G2B_ONECH_C2H/slot_state_source[0][2]_i_3_n_0
    SLICE_X65Y56                                                      r  G2B_ONECH_C2H/slot_state_source[0][0]_i_2/I4
    SLICE_X65Y56         LUT5 (Prop_lut5_I4_O)        0.105     4.587 r  G2B_ONECH_C2H/slot_state_source[0][0]_i_2/O
                         net (fo=1, routed)           0.633     5.219    G2B_ONECH_C2H/slot_state_source[0][0]_i_2_n_0
    SLICE_X65Y53                                                      r  G2B_ONECH_C2H/slot_state_source[0][0]_i_1/I0
    SLICE_X65Y53         LUT6 (Prop_lut6_I0_O)        0.105     5.324 r  G2B_ONECH_C2H/slot_state_source[0][0]_i_1/O
                         net (fo=1, routed)           0.000     5.324    G2B_ONECH_C2H/slot_state_source[0][0]_i_1_n_0
    SLICE_X65Y53         FDRE                                         r  G2B_ONECH_C2H/slot_state_source_reg[0][0]/D
  -------------------------------------------------------------------    -------------------

                         max delay                    6.000     6.000    
    SLICE_X65Y53         FDRE (Setup_fdre_C_D)        0.030     6.030    G2B_ONECH_C2H/slot_state_source_reg[0][0]
  -------------------------------------------------------------------
                         required time                          6.030    
                         arrival time                          -5.324    
  -------------------------------------------------------------------
                         slack                                  0.706    




