Copyright 1986-2022 Xilinx, Inc. All Rights Reserved. Copyright 2022-2025 Advanced Micro Devices, Inc. All Rights Reserved.
------------------------------------------------------------------------------------------------------------------------------------------------------------------------------------------------------------------------------------------------------------------------------------------------------------------------------------------------------------------------------------------------------------------------------------------------------------------------------------------------------------------------------------------------------
| Tool Version : Vivado v.2025.2 (win64) Build 6299465 Fri Nov 14 19:35:11 GMT 2025
| Date         : Thu Sep 10 01:13:39 2026
| Host         : NBLSUDUL running 64-bit major release  (build 9200)
| Command      : report_timing -of_objects [get_timing_paths -quiet -delay_type max -sort_by slack -max_paths 1 -nworst 1 -from [filter [get_cells -quiet -hier -regexp {.*G2B_ONECH_C2H/(release_generation_axi|release_epoch_axi)_reg\[0\].*}] {IS_SEQUENTIAL == 1}] -to [filter [get_cells -quiet -hier -regexp .*G2B_ONECH_C2H/reset_abandoned_hold_source_reg.*] {IS_SEQUENTIAL == 1}]] -file C:/FPGA/G2B_NVP_VIDEO_DIAG1_R1_20260909T203832Z/reports/vivado_full/PROMOTED_REPLACEMENTS/08_G14_RELEASE_SLOT0_RESET_OVERLAP_ACCOUNTING_TIMING.rpt
| Design       : ahd_capture_top_xdma
| Device       : 7a35t-csg325
| Speed File   : -2  PRODUCTION 1.23 2018-06-13
| Design State : Routed
------------------------------------------------------------------------------------------------------------------------------------------------------------------------------------------------------------------------------------------------------------------------------------------------------------------------------------------------------------------------------------------------------------------------------------------------------------------------------------------------------------------------------------------------------

Timing Report

Slack (MET) :             1.883ns  (required time - arrival time)
  Source:                 G2B_ONECH_C2H/release_epoch_axi_reg[0][5]/C
                            (rising edge-triggered cell FDRE clocked by userclk1  {rise@0.000ns fall@8.000ns period=16.000ns})
  Destination:            G2B_ONECH_C2H/reset_abandoned_hold_source_reg[1]/D
                            (rising edge-triggered cell FDRE clocked by nvp_vclk1  {rise@0.000ns fall@3.367ns period=6.734ns})
  Path Group:             nvp_vclk1
  Path Type:              Setup (Max at Slow Process Corner)
  Requirement:            6.000ns  (MaxDelay Path 6.000ns)
  Data Path Delay:        4.147ns  (logic 1.803ns (43.480%)  route 2.344ns (56.520%))
  Logic Levels:           7  (CARRY4=3 LUT3=1 LUT4=1 LUT6=2)
  Timing Exception:       MaxDelay Path 6.000ns -datapath_only

    Location             Delay type                Incr(ns)  Path(ns)    Netlist Resource(s)
  -------------------------------------------------------------------    -------------------
    SLICE_X65Y35                                      0.000     0.000 r  G2B_ONECH_C2H/release_epoch_axi_reg[0][5]/C
    SLICE_X65Y35         FDRE (Prop_fdre_C_Q)         0.348     0.348 r  G2B_ONECH_C2H/release_epoch_axi_reg[0][5]/Q
                         net (fo=2, routed)           0.797     1.145    G2B_ONECH_C2H/release_epoch_axi_reg[0]_6[5]
    SLICE_X62Y35                                                      r  G2B_ONECH_C2H/reset_abandoned_hold_source[0]_i_40/I1
    SLICE_X62Y35         LUT6 (Prop_lut6_I1_O)        0.239     1.384 r  G2B_ONECH_C2H/reset_abandoned_hold_source[0]_i_40/O
                         net (fo=1, routed)           0.000     1.384    G2B_ONECH_C2H/reset_abandoned_hold_source[0]_i_40_n_0
    SLICE_X62Y35                                                      r  G2B_ONECH_C2H/reset_abandoned_hold_source_reg[0]_i_29/S[1]
    SLICE_X62Y35         CARRY4 (Prop_carry4_S[1]_CO[3])
                                                      0.457     1.841 r  G2B_ONECH_C2H/reset_abandoned_hold_source_reg[0]_i_29/CO[3]
                         net (fo=1, routed)           0.000     1.841    G2B_ONECH_C2H/reset_abandoned_hold_source_reg[0]_i_29_n_0
    SLICE_X62Y36                                                      r  G2B_ONECH_C2H/reset_abandoned_hold_source_reg[0]_i_16/CI
    SLICE_X62Y36         CARRY4 (Prop_carry4_CI_CO[3])
                                                      0.098     1.939 r  G2B_ONECH_C2H/reset_abandoned_hold_source_reg[0]_i_16/CO[3]
                         net (fo=1, routed)           0.000     1.939    G2B_ONECH_C2H/reset_abandoned_hold_source_reg[0]_i_16_n_0
    SLICE_X62Y37                                                      r  G2B_ONECH_C2H/reset_abandoned_hold_source_reg[0]_i_6/CI
    SLICE_X62Y37         CARRY4 (Prop_carry4_CI_CO[2])
                                                      0.190     2.129 f  G2B_ONECH_C2H/reset_abandoned_hold_source_reg[0]_i_6/CO[2]
                         net (fo=2, routed)           0.729     2.859    G2B_ONECH_C2H/source_ownership_fatal45_out
    SLICE_X63Y46                                                      f  G2B_ONECH_C2H/reset_abandoned_hold_source[0]_i_2/I2
    SLICE_X63Y46         LUT3 (Prop_lut3_I2_O)        0.261     3.120 f  G2B_ONECH_C2H/reset_abandoned_hold_source[0]_i_2/O
                         net (fo=2, routed)           0.492     3.612    G2B_ONECH_C2H/reset_abandoned_hold_source[0]_i_2_n_0
    SLICE_X64Y46                                                      f  G2B_ONECH_C2H/reset_abandoned_hold_source[2]_i_5/I0
    SLICE_X64Y46         LUT6 (Prop_lut6_I0_O)        0.105     3.717 r  G2B_ONECH_C2H/reset_abandoned_hold_source[2]_i_5/O
                         net (fo=2, routed)           0.325     4.042    G2B_ONECH_C2H/reset_abandoned_hold_source[2]_i_5_n_0
    SLICE_X62Y47                                                      r  G2B_ONECH_C2H/reset_abandoned_hold_source[1]_i_1/I3
    SLICE_X62Y47         LUT4 (Prop_lut4_I3_O)        0.105     4.147 r  G2B_ONECH_C2H/reset_abandoned_hold_source[1]_i_1/O
                         net (fo=1, routed)           0.000     4.147    G2B_ONECH_C2H/SOURCE_DOMAIN.abandoned_count[1]
    SLICE_X62Y47         FDRE                                         r  G2B_ONECH_C2H/reset_abandoned_hold_source_reg[1]/D
  -------------------------------------------------------------------    -------------------

                         max delay                    6.000     6.000    
    SLICE_X62Y47         FDRE (Setup_fdre_C_D)        0.030     6.030    G2B_ONECH_C2H/reset_abandoned_hold_source_reg[1]
  -------------------------------------------------------------------
                         required time                          6.030    
                         arrival time                          -4.147    
  -------------------------------------------------------------------
                         slack                                  1.883    




