Copyright 1986-2022 Xilinx, Inc. All Rights Reserved. Copyright 2022-2025 Advanced Micro Devices, Inc. All Rights Reserved.
--------------------------------------------------------------------------------------------------------------------------------------------------------------------------------------------------------------------------------------------------------------------------------------------------------------------------------------------------------------------------------------------------------------------------------------------------------------------------------------------------------------------------------------------------
| Tool Version : Vivado v.2025.2 (win64) Build 6299465 Fri Nov 14 19:35:11 GMT 2025
| Date         : Thu Sep 10 01:13:43 2026
| Host         : NBLSUDUL running 64-bit major release  (build 9200)
| Command      : report_timing -of_objects [get_timing_paths -quiet -delay_type max -sort_by slack -max_paths 1 -nworst 1 -from [filter [get_cells -quiet -hier -regexp {.*G2B_ONECH_C2H/(release_generation_axi|release_epoch_axi)_reg\[1\].*}] {IS_SEQUENTIAL == 1}] -to [filter [get_cells -quiet -hier -regexp {.*G2B_ONECH_C2H/slot_state_source_reg\[1\].*}] {IS_SEQUENTIAL == 1}]] -file C:/FPGA/G2B_NVP_VIDEO_DIAG1_R1_20260909T203832Z/reports/vivado_full/PROMOTED_REPLACEMENTS/09_G15_RELEASE_SLOT1_NORMAL_STATE_TRANSITION_TIMING.rpt
| Design       : ahd_capture_top_xdma
| Device       : 7a35t-csg325
| Speed File   : -2  PRODUCTION 1.23 2018-06-13
| Design State : Routed
--------------------------------------------------------------------------------------------------------------------------------------------------------------------------------------------------------------------------------------------------------------------------------------------------------------------------------------------------------------------------------------------------------------------------------------------------------------------------------------------------------------------------------------------------

Timing Report

Slack (MET) :             0.574ns  (required time - arrival time)
  Source:                 G2B_ONECH_C2H/release_epoch_axi_reg[1][5]/C
                            (rising edge-triggered cell FDRE clocked by userclk1  {rise@0.000ns fall@8.000ns period=16.000ns})
  Destination:            G2B_ONECH_C2H/slot_state_source_reg[1][0]/D
                            (rising edge-triggered cell FDRE clocked by nvp_vclk1  {rise@0.000ns fall@3.367ns period=6.734ns})
  Path Group:             nvp_vclk1
  Path Type:              Setup (Max at Slow Process Corner)
  Requirement:            6.000ns  (MaxDelay Path 6.000ns)
  Data Path Delay:        5.458ns  (logic 1.911ns (35.015%)  route 3.547ns (64.985%))
  Logic Levels:           8  (CARRY4=3 LUT5=1 LUT6=4)
  Timing Exception:       MaxDelay Path 6.000ns -datapath_only

    Location             Delay type                Incr(ns)  Path(ns)    Netlist Resource(s)
  -------------------------------------------------------------------    -------------------
    SLICE_X59Y34                                      0.000     0.000 r  G2B_ONECH_C2H/release_epoch_axi_reg[1][5]/C
    SLICE_X59Y34         FDRE (Prop_fdre_C_Q)         0.348     0.348 r  G2B_ONECH_C2H/release_epoch_axi_reg[1][5]/Q
                         net (fo=2, routed)           0.805     1.153    G2B_ONECH_C2H/release_epoch_axi_reg[1]_9[5]
    SLICE_X59Y35                                                      r  G2B_ONECH_C2H/slot_state_source[1][2]_i_52/I0
    SLICE_X59Y35         LUT6 (Prop_lut6_I0_O)        0.242     1.395 r  G2B_ONECH_C2H/slot_state_source[1][2]_i_52/O
                         net (fo=1, routed)           0.000     1.395    G2B_ONECH_C2H/slot_state_source[1][2]_i_52_n_0
    SLICE_X59Y35                                                      r  G2B_ONECH_C2H/slot_state_source_reg[1][2]_i_41/S[1]
    SLICE_X59Y35         CARRY4 (Prop_carry4_S[1]_CO[3])
                                                      0.457     1.852 r  G2B_ONECH_C2H/slot_state_source_reg[1][2]_i_41/CO[3]
                         net (fo=1, routed)           0.000     1.852    G2B_ONECH_C2H/slot_state_source_reg[1][2]_i_41_n_0
    SLICE_X59Y36                                                      r  G2B_ONECH_C2H/slot_state_source_reg[1][2]_i_23/CI
    SLICE_X59Y36         CARRY4 (Prop_carry4_CI_CO[3])
                                                      0.098     1.950 r  G2B_ONECH_C2H/slot_state_source_reg[1][2]_i_23/CO[3]
                         net (fo=1, routed)           0.000     1.950    G2B_ONECH_C2H/slot_state_source_reg[1][2]_i_23_n_0
    SLICE_X59Y37                                                      r  G2B_ONECH_C2H/slot_state_source_reg[1][2]_i_9/CI
    SLICE_X59Y37         CARRY4 (Prop_carry4_CI_CO[2])
                                                      0.190     2.140 f  G2B_ONECH_C2H/slot_state_source_reg[1][2]_i_9/CO[2]
                         net (fo=2, routed)           0.861     3.002    G2B_ONECH_C2H/slot_state_source_reg[1][2]_i_9_n_1
    SLICE_X62Y49                                                      f  G2B_ONECH_C2H/slot_state_source[1][2]_i_2/I2
    SLICE_X62Y49         LUT6 (Prop_lut6_I2_O)        0.261     3.263 f  G2B_ONECH_C2H/slot_state_source[1][2]_i_2/O
                         net (fo=3, routed)           0.527     3.789    G2B_ONECH_C2H/slot_state_source[1][2]_i_2_n_0
    SLICE_X62Y53                                                      f  G2B_ONECH_C2H/slot_state_source[1][1]_i_4/I1
    SLICE_X62Y53         LUT6 (Prop_lut6_I1_O)        0.105     3.894 f  G2B_ONECH_C2H/slot_state_source[1][1]_i_4/O
                         net (fo=4, routed)           0.543     4.437    G2B_ONECH_C2H/slot_state_source[1][1]_i_4_n_0
    SLICE_X62Y58                                                      f  G2B_ONECH_C2H/slot_state_source[1][0]_i_2/I2
    SLICE_X62Y58         LUT5 (Prop_lut5_I2_O)        0.105     4.542 r  G2B_ONECH_C2H/slot_state_source[1][0]_i_2/O
                         net (fo=1, routed)           0.811     5.353    G2B_ONECH_C2H/slot_state_source[1][0]_i_2_n_0
    SLICE_X62Y54                                                      r  G2B_ONECH_C2H/slot_state_source[1][0]_i_1/I0
    SLICE_X62Y54         LUT6 (Prop_lut6_I0_O)        0.105     5.458 r  G2B_ONECH_C2H/slot_state_source[1][0]_i_1/O
                         net (fo=1, routed)           0.000     5.458    G2B_ONECH_C2H/slot_state_source[1][0]_i_1_n_0
    SLICE_X62Y54         FDRE                                         r  G2B_ONECH_C2H/slot_state_source_reg[1][0]/D
  -------------------------------------------------------------------    -------------------

                         max delay                    6.000     6.000    
    SLICE_X62Y54         FDRE (Setup_fdre_C_D)        0.032     6.032    G2B_ONECH_C2H/slot_state_source_reg[1][0]
  -------------------------------------------------------------------
                         required time                          6.032    
                         arrival time                          -5.458    
  -------------------------------------------------------------------
                         slack                                  0.574    




