Copyright 1986-2022 Xilinx, Inc. All Rights Reserved. Copyright 2022-2025 Advanced Micro Devices, Inc. All Rights Reserved.
----------------------------------------------------------------------------------------------------------------------------------------------------------------------------------------------------------------------------------------------------------------------------------------------------------------------------------------------------------------------------------------------------------------------------------------------------------------------------------------------------------------------------------------------------------------------------------------------------------------------------------
| Tool Version : Vivado v.2025.2 (win64) Build 6299465 Fri Nov 14 19:35:11 GMT 2025
| Date         : Thu Sep 10 01:13:46 2026
| Host         : NBLSUDUL running 64-bit major release  (build 9200)
| Command      : report_timing -of_objects [get_timing_paths -quiet -delay_type max -sort_by slack -max_paths 1 -nworst 1 -from [filter [get_cells -quiet -hier -regexp {.*G2B_ONECH_C2H/(release_generation_axi|release_epoch_axi)_reg\[1\].*}] {IS_SEQUENTIAL == 1}] -to [filter [get_cells -quiet -hier -regexp .*G2B_ONECH_C2H/(source_ownership_fatal|source_ownership_fatal_event|source_ownership_fatal_deferred|enable_applied_source)_reg.*] {IS_SEQUENTIAL == 1}]] -file C:/FPGA/G2B_NVP_VIDEO_DIAG1_R1_20260909T203832Z/reports/vivado_full/PROMOTED_REPLACEMENTS/10_G15_RELEASE_SLOT1_MISMATCH_CONTAINMENT_TIMING.rpt
| Design       : ahd_capture_top_xdma
| Device       : 7a35t-csg325
| Speed File   : -2  PRODUCTION 1.23 2018-06-13
| Design State : Routed
----------------------------------------------------------------------------------------------------------------------------------------------------------------------------------------------------------------------------------------------------------------------------------------------------------------------------------------------------------------------------------------------------------------------------------------------------------------------------------------------------------------------------------------------------------------------------------------------------------------------------------

Timing Report

Slack (MET) :             0.580ns  (required time - arrival time)
  Source:                 G2B_ONECH_C2H/release_epoch_axi_reg[1][5]/C
                            (rising edge-triggered cell FDRE clocked by userclk1  {rise@0.000ns fall@8.000ns period=16.000ns})
  Destination:            G2B_ONECH_C2H/source_ownership_fatal_reg/D
                            (rising edge-triggered cell FDRE clocked by nvp_vclk1  {rise@0.000ns fall@3.367ns period=6.734ns})
  Path Group:             nvp_vclk1
  Path Type:              Setup (Max at Slow Process Corner)
  Requirement:            6.000ns  (MaxDelay Path 6.000ns)
  Data Path Delay:        5.453ns  (logic 2.016ns (36.974%)  route 3.437ns (63.026%))
  Logic Levels:           9  (CARRY4=3 LUT4=1 LUT6=5)
  Timing Exception:       MaxDelay Path 6.000ns -datapath_only

    Location             Delay type                Incr(ns)  Path(ns)    Netlist Resource(s)
  -------------------------------------------------------------------    -------------------
    SLICE_X59Y34                                      0.000     0.000 r  G2B_ONECH_C2H/release_epoch_axi_reg[1][5]/C
    SLICE_X59Y34         FDRE (Prop_fdre_C_Q)         0.348     0.348 r  G2B_ONECH_C2H/release_epoch_axi_reg[1][5]/Q
                         net (fo=2, routed)           0.805     1.153    G2B_ONECH_C2H/release_epoch_axi_reg[1]_9[5]
    SLICE_X59Y35                                                      r  G2B_ONECH_C2H/slot_state_source[1][2]_i_52/I0
    SLICE_X59Y35         LUT6 (Prop_lut6_I0_O)        0.242     1.395 r  G2B_ONECH_C2H/slot_state_source[1][2]_i_52/O
                         net (fo=1, routed)           0.000     1.395    G2B_ONECH_C2H/slot_state_source[1][2]_i_52_n_0
    SLICE_X59Y35                                                      r  G2B_ONECH_C2H/slot_state_source_reg[1][2]_i_41/S[1]
    SLICE_X59Y35         CARRY4 (Prop_carry4_S[1]_CO[3])
                                                      0.457     1.852 r  G2B_ONECH_C2H/slot_state_source_reg[1][2]_i_41/CO[3]
                         net (fo=1, routed)           0.000     1.852    G2B_ONECH_C2H/slot_state_source_reg[1][2]_i_41_n_0
    SLICE_X59Y36                                                      r  G2B_ONECH_C2H/slot_state_source_reg[1][2]_i_23/CI
    SLICE_X59Y36         CARRY4 (Prop_carry4_CI_CO[3])
                                                      0.098     1.950 r  G2B_ONECH_C2H/slot_state_source_reg[1][2]_i_23/CO[3]
                         net (fo=1, routed)           0.000     1.950    G2B_ONECH_C2H/slot_state_source_reg[1][2]_i_23_n_0
    SLICE_X59Y37                                                      r  G2B_ONECH_C2H/slot_state_source_reg[1][2]_i_9/CI
    SLICE_X59Y37         CARRY4 (Prop_carry4_CI_CO[2])
                                                      0.190     2.140 f  G2B_ONECH_C2H/slot_state_source_reg[1][2]_i_9/CO[2]
                         net (fo=2, routed)           0.861     3.002    G2B_ONECH_C2H/slot_state_source_reg[1][2]_i_9_n_1
    SLICE_X62Y49                                                      f  G2B_ONECH_C2H/slot_state_source[1][2]_i_2/I2
    SLICE_X62Y49         LUT6 (Prop_lut6_I2_O)        0.261     3.263 f  G2B_ONECH_C2H/slot_state_source[1][2]_i_2/O
                         net (fo=3, routed)           0.518     3.781    G2B_ONECH_C2H/slot_state_source[1][2]_i_2_n_0
    SLICE_X62Y49                                                      f  G2B_ONECH_C2H/source_ownership_fatal_event_i_6/I0
    SLICE_X62Y49         LUT6 (Prop_lut6_I0_O)        0.105     3.886 f  G2B_ONECH_C2H/source_ownership_fatal_event_i_6/O
                         net (fo=1, routed)           0.522     4.407    G2B_ONECH_C2H/source_ownership_fatal_event_i_6_n_0
    SLICE_X59Y49                                                      f  G2B_ONECH_C2H/source_ownership_fatal_event_i_5/I0
    SLICE_X59Y49         LUT6 (Prop_lut6_I0_O)        0.105     4.512 r  G2B_ONECH_C2H/source_ownership_fatal_event_i_5/O
                         net (fo=2, routed)           0.272     4.784    G2B_ONECH_C2H/source_ownership_fatal_event_i_5_n_0
    SLICE_X58Y49                                                      r  G2B_ONECH_C2H/source_ownership_fatal_event_i_2/I3
    SLICE_X58Y49         LUT4 (Prop_lut4_I3_O)        0.105     4.889 f  G2B_ONECH_C2H/source_ownership_fatal_event_i_2/O
                         net (fo=4, routed)           0.458     5.348    G2B_ONECH_C2H/source_ownership_fatal_event_i_2_n_0
    SLICE_X57Y49                                                      f  G2B_ONECH_C2H/source_ownership_fatal_i_1/I4
    SLICE_X57Y49         LUT6 (Prop_lut6_I4_O)        0.105     5.453 r  G2B_ONECH_C2H/source_ownership_fatal_i_1/O
                         net (fo=1, routed)           0.000     5.453    G2B_ONECH_C2H/source_ownership_fatal_i_1_n_0
    SLICE_X57Y49         FDRE                                         r  G2B_ONECH_C2H/source_ownership_fatal_reg/D
  -------------------------------------------------------------------    -------------------

                         max delay                    6.000     6.000    
    SLICE_X57Y49         FDRE (Setup_fdre_C_D)        0.033     6.033    G2B_ONECH_C2H/source_ownership_fatal_reg
  -------------------------------------------------------------------
                         required time                          6.033    
                         arrival time                          -5.453    
  -------------------------------------------------------------------
                         slack                                  0.580    




