Copyright 1986-2022 Xilinx, Inc. All Rights Reserved. Copyright 2022-2025 Advanced Micro Devices, Inc. All Rights Reserved.
--------------------------------------------------------------------------------------------------------------------------------------------------------------------------------------------------------------------------------------------------------------------------------------------------------------------------------------------------------------------------------------------------------------------------------------------------------------------------------------------------------------------------------------------------
| Tool Version : Vivado v.2025.2 (win64) Build 6299465 Fri Nov 14 19:35:11 GMT 2025
| Date         : Thu Sep 10 01:13:53 2026
| Host         : NBLSUDUL running 64-bit major release  (build 9200)
| Command      : report_timing -of_objects [get_timing_paths -quiet -delay_type max -sort_by slack -max_paths 1 -nworst 1 -from [filter [get_cells -quiet -hier -regexp {.*G2B_ONECH_C2H/(release_generation_axi|release_epoch_axi)_reg\[2\].*}] {IS_SEQUENTIAL == 1}] -to [filter [get_cells -quiet -hier -regexp {.*G2B_ONECH_C2H/slot_state_source_reg\[2\].*}] {IS_SEQUENTIAL == 1}]] -file C:/FPGA/G2B_NVP_VIDEO_DIAG1_R1_20260909T203832Z/reports/vivado_full/PROMOTED_REPLACEMENTS/12_G16_RELEASE_SLOT2_NORMAL_STATE_TRANSITION_TIMING.rpt
| Design       : ahd_capture_top_xdma
| Device       : 7a35t-csg325
| Speed File   : -2  PRODUCTION 1.23 2018-06-13
| Design State : Routed
--------------------------------------------------------------------------------------------------------------------------------------------------------------------------------------------------------------------------------------------------------------------------------------------------------------------------------------------------------------------------------------------------------------------------------------------------------------------------------------------------------------------------------------------------

Timing Report

Slack (MET) :             0.495ns  (required time - arrival time)
  Source:                 G2B_ONECH_C2H/release_generation_axi_reg[2][21]/C
                            (rising edge-triggered cell FDRE clocked by userclk1  {rise@0.000ns fall@8.000ns period=16.000ns})
  Destination:            G2B_ONECH_C2H/slot_state_source_reg[2][1]/D
                            (rising edge-triggered cell FDRE clocked by nvp_vclk1  {rise@0.000ns fall@3.367ns period=6.734ns})
  Path Group:             nvp_vclk1
  Path Type:              Setup (Max at Slow Process Corner)
  Requirement:            6.000ns  (MaxDelay Path 6.000ns)
  Data Path Delay:        5.537ns  (logic 1.447ns (26.134%)  route 4.090ns (73.866%))
  Logic Levels:           7  (CARRY4=1 LUT6=6)
  Timing Exception:       MaxDelay Path 6.000ns -datapath_only

    Location             Delay type                Incr(ns)  Path(ns)    Netlist Resource(s)
  -------------------------------------------------------------------    -------------------
    SLICE_X55Y62                                      0.000     0.000 r  G2B_ONECH_C2H/release_generation_axi_reg[2][21]/C
    SLICE_X55Y62         FDRE (Prop_fdre_C_Q)         0.348     0.348 r  G2B_ONECH_C2H/release_generation_axi_reg[2][21]/Q
                         net (fo=1, routed)           1.001     1.349    G2B_ONECH_C2H/release_generation_axi_reg[2]_4[21]
    SLICE_X58Y62                                                      r  G2B_ONECH_C2H/reset_abandoned_hold_source[2]_i_24/I0
    SLICE_X58Y62         LUT6 (Prop_lut6_I0_O)        0.242     1.591 r  G2B_ONECH_C2H/reset_abandoned_hold_source[2]_i_24/O
                         net (fo=1, routed)           0.000     1.591    G2B_ONECH_C2H/reset_abandoned_hold_source[2]_i_24_n_0
    SLICE_X58Y62                                                      r  G2B_ONECH_C2H/reset_abandoned_hold_source_reg[2]_i_10/S[3]
    SLICE_X58Y62         CARRY4 (Prop_carry4_S[3]_CO[3])
                                                      0.332     1.923 f  G2B_ONECH_C2H/reset_abandoned_hold_source_reg[2]_i_10/CO[3]
                         net (fo=2, routed)           1.181     3.104    G2B_ONECH_C2H/source_ownership_fatal40_out
    SLICE_X62Y49                                                      f  G2B_ONECH_C2H/slot_state_source[2][2]_i_11/I0
    SLICE_X62Y49         LUT6 (Prop_lut6_I0_O)        0.105     3.209 f  G2B_ONECH_C2H/slot_state_source[2][2]_i_11/O
                         net (fo=3, routed)           0.394     3.603    G2B_ONECH_C2H/slot_state_source[2][2]_i_11_n_0
    SLICE_X63Y49                                                      f  G2B_ONECH_C2H/slot_state_source[2][1]_i_4/I0
    SLICE_X63Y49         LUT6 (Prop_lut6_I0_O)        0.105     3.708 r  G2B_ONECH_C2H/slot_state_source[2][1]_i_4/O
                         net (fo=6, routed)           0.612     4.319    G2B_ONECH_C2H/slot_state_source[2][1]_i_4_n_0
    SLICE_X62Y57                                                      r  G2B_ONECH_C2H/slot_state_source[2][1]_i_7/I0
    SLICE_X62Y57         LUT6 (Prop_lut6_I0_O)        0.105     4.424 r  G2B_ONECH_C2H/slot_state_source[2][1]_i_7/O
                         net (fo=2, routed)           0.451     4.875    G2B_ONECH_C2H/slot_state_source[2][1]_i_7_n_0
    SLICE_X62Y56                                                      r  G2B_ONECH_C2H/slot_state_source[2][1]_i_2/I4
    SLICE_X62Y56         LUT6 (Prop_lut6_I4_O)        0.105     4.980 r  G2B_ONECH_C2H/slot_state_source[2][1]_i_2/O
                         net (fo=1, routed)           0.452     5.432    G2B_ONECH_C2H/slot_state_source[2][1]_i_2_n_0
    SLICE_X63Y55                                                      r  G2B_ONECH_C2H/slot_state_source[2][1]_i_1/I0
    SLICE_X63Y55         LUT6 (Prop_lut6_I0_O)        0.105     5.537 r  G2B_ONECH_C2H/slot_state_source[2][1]_i_1/O
                         net (fo=1, routed)           0.000     5.537    G2B_ONECH_C2H/slot_state_source[2][1]_i_1_n_0
    SLICE_X63Y55         FDRE                                         r  G2B_ONECH_C2H/slot_state_source_reg[2][1]/D
  -------------------------------------------------------------------    -------------------

                         max delay                    6.000     6.000    
    SLICE_X63Y55         FDRE (Setup_fdre_C_D)        0.032     6.032    G2B_ONECH_C2H/slot_state_source_reg[2][1]
  -------------------------------------------------------------------
                         required time                          6.032    
                         arrival time                          -5.537    
  -------------------------------------------------------------------
                         slack                                  0.495    




