UTC_START=2026-08-23T21:57:30.3889029Z
UTC_END=2026-08-23T21:57:32.0358206Z
EVIDENCE_KIND=R6_PRE_BOOTSTRAP_HOST_SAFETY
RESULT=PASS
EXIT_CODE=0
ARGUMENT_TOKEN_AUDIT=PASS
PLINK_PW_OPTION_USED=NO
PLINK_PWFILE_OPTION_USED=YES
USERNAME_ROLE_OCCURRENCE=YES_AUTHORIZED
PASSWORD_ROLE_ARGUMENT_OCCURRENCE=NO
REMOTE_COMMAND_SHARED_LITERAL=NO
INHERITED_ENVIRONMENT_AUDIT=PASS
PWFILE_CREATED=YES
PWFILE_DELETED=YES
STDOUT_BEGIN
DISCOVERY_UTC=2026-08-23T21:57:31.932083851Z
REMOTE_EFFECTIVE_USER=root
REMOTE_SUDO_USER=vcdeagent1
HOSTNAME=VCDE-DUT-1
CURRENT_KERNEL=7.0.0-29-generic
R6_BOOT_ID_BASELINE=dd140158-f8dc-46eb-9a05-27bb532713aa
CURRENT_BOOT_ID=dd140158-f8dc-46eb-9a05-27bb532713aa
UPTIME_SECONDS=7380.17
UPTIME_START=2026-08-23 21:54:31
PROC_CMDLINE=BOOT_IMAGE=/boot/vmlinuz-7.0.0-29-generic root=UUID=f7897627-c98a-4bf4-b24a-ae18f881e2da ro quiet splash crashkernel=2G-4G:320M,4G-32G:512M,32G-64G:1024M,64G-128G:2048M,128G-:4096M
PINNED_MODULE_SHA256=1AEF06244DF308FEE544A2662B73855C81BEB88BC929E7885D8D113E474B320A
PINNED_MODULE_VERSION=2025.2.0
PINNED_MODULE_VERMAGIC=7.0.0-29-generic SMP preempt mod_unload modversions 
PINNED_MODULE_SRCVERSION=E2C680AF6D8BF5E3A2F6ACB
ACCEPTED_LOADER_SHA256=7279E316A2D647826B8D5EC6BEDF78A143B72D100B4008C7AC006C1B6653649F
ACCEPTED_LOADER_MODE=644
ACCEPTED_READER_SHA256=808AA85670CCEBD288DE6EA7EE05BEF303272A6E555273E763D75DC45B68351E
GRUB_DEFAULT_NORMALIZED=gnulinux-advanced-f7897627-c98a-4bf4-b24a-ae18f881e2da>gnulinux-7.0.0-29-generic-advanced-f7897627-c98a-4bf4-b24a-ae18f881e2da
GRUB_SAVED_ENTRY=NONE
GRUB_NEXT_ENTRY=NONE
NEXT_REBOOT_KERNEL_PROVEN=7.0.0-29-generic
FRESH_DRIVER_EVIDENCE_DIRECTORY=/home/vcdeagent1/FPGA_AHD_HOST/v41_nvp_r1e_r6/bootstrap_driver STATE=ABSENT_FRESH
FRESH_DRIVER_EVIDENCE_DIRECTORY=/home/vcdeagent1/FPGA_AHD_HOST/v41_nvp_r1e_r6/arm_a_driver STATE=ABSENT_FRESH
FRESH_DRIVER_EVIDENCE_DIRECTORY=/home/vcdeagent1/FPGA_AHD_HOST/v41_nvp_r1e_r6/arm_b_driver STATE=ABSENT_FRESH
XILINX_FUNCTION_COUNT=0
XILINX_FUNCTION_LIST=NONE
EXPECTED_ENDPOINT_COUNT=0
EXPECTED_ENDPOINT_LIST=NONE
ENDPOINT_BDF=ABSENT_ACCEPTED_PRE_BOOTSTRAP
ENDPOINT_LINK=NOT_AVAILABLE_ENDPOINT_ABSENT
BAR0_BYTES=NOT_AVAILABLE_ENDPOINT_ABSENT
BAR1_BYTES=NOT_AVAILABLE_ENDPOINT_ABSENT
PRE_BOOTSTRAP_ENDPOINT_STATE=ABSENT_ACCEPTED
ENDPOINT_BOUND_DRIVER=ABSENT
XDMA_MODULE_PRESENT=NO
XDMA_LOADED_MODULE_ROWS=0
XDMA_LOADED_VERSION=ABSENT_ACCEPTED
XDMA_LOADED_SRCVERSION=ABSENT_ACCEPTED
WRONG_SAME_NAME_XDMA_LOADED_OR_BOUND=NO
XDMA_NODE_COUNT=0
XDMA_NODE_LIST=NONE
PRE_BOOTSTRAP_DRIVER_STATE=ABSENT_ACCEPTED
XDMA_OPEN_PIDS=NONE
XDMA_NODE_OWNERS=0
TASK_DMA_COMMANDS=0
TARGETED_KERNEL_CRITICAL_MATCH_COUNT=0
TARGETED_KERNEL_CRITICAL_MATCHES_BEGIN

TARGETED_KERNEL_CRITICAL_MATCHES_END
KERNEL_AER_XDMA_HEALTH=PASS
PRE_BOOTSTRAP_RUNTIME_IDENTITY=NOT_AVAILABLE_ENDPOINT_ABSENT_ACCEPTED
R6_BOOT_ID_CONTINUITY=PASS_BASELINE_UNCHANGED
PRE_BOOTSTRAP_DISCOVERY_READ_ONLY=YES
PRE_BOOTSTRAP_HOST_SAFETY_GATE=PASS
STDOUT_END
STDERR_BEGIN

STDERR_END
