Copyright 1986-2022 Xilinx, Inc. All Rights Reserved. Copyright 2022-2025 Advanced Micro Devices, Inc. All Rights Reserved.
-------------------------------------------------------------------------------------------------------------------------------------------------------------------------------------------------------------------------------------------------------------------------------------------------------------------------------------------------------------------------------------------------------------------------------------------------------------------------------------------------------------------------------------------------------------------------------------------------------------------------------------------------------------------------------------------------------------------------------------------------------------------------------------------------------------------------------------------------------------------------------------------------------------------------------------------------------------------------------------------------------------------------------------------------------------------------------------------------------------------------------------------------------------------------------------------------------------------------------------------------------------------------------------------------------------------------------------------------------------------------------------------------------------------------------------------------------------------------------------------------------------------------------------------------------------------------------------------------------------------------------------------------------------------------------------------------------------------------------------------------------------------------------------------------------------------------------------------------------------------------------------------------------------------------------------------------------------------------------------------------------------------------------------------------------------------------------------------------------------------------------------------------------------------------------------------------------------------------------------------------------------------------------------------------------------------------------------------------------------------------------------------------------------------------------------------------------------------------------------------------------------------------------------------------------------------------------------------------------------------------------------------------------------------------------------------------------------------------------------------------------------------------------------------------------------------------------------------------------------------------------------------------------------------------------------------------------------------------------------------------------------------------------------------------------------------------------------------------------------------------------------------------------
| Tool Version : Vivado v.2025.2 (win64) Build 6299465 Fri Nov 14 19:35:11 GMT 2025
| Date         : Thu Sep  3 08:49:20 2026
| Host         : NBLSUDUL running 64-bit major release  (build 9200)
| Command      : report_timing -delay_type max -sort_by slack -max_paths 1 -nworst 1 -from {{G2B_ONECH_C2H/release_generation_axi_reg[0][0]} {G2B_ONECH_C2H/release_generation_axi_reg[0][10]} {G2B_ONECH_C2H/release_generation_axi_reg[0][11]} {G2B_ONECH_C2H/release_generation_axi_reg[0][12]} {G2B_ONECH_C2H/release_generation_axi_reg[0][13]} {G2B_ONECH_C2H/release_generation_axi_reg[0][14]} {G2B_ONECH_C2H/release_generation_axi_reg[0][15]} {G2B_ONECH_C2H/release_generation_axi_reg[0][16]} {G2B_ONECH_C2H/release_generation_axi_reg[0][17]} {G2B_ONECH_C2H/release_generation_axi_reg[0][18]} {G2B_ONECH_C2H/release_generation_axi_reg[0][19]} {G2B_ONECH_C2H/release_generation_axi_reg[0][1]} {G2B_ONECH_C2H/release_generation_axi_reg[0][20]} {G2B_ONECH_C2H/release_generation_axi_reg[0][21]} {G2B_ONECH_C2H/release_generation_axi_reg[0][22]} {G2B_ONECH_C2H/release_generation_axi_reg[0][23]} {G2B_ONECH_C2H/release_generation_axi_reg[0][2]} {G2B_ONECH_C2H/release_generation_axi_reg[0][3]} {G2B_ONECH_C2H/release_generation_axi_reg[0][4]} {G2B_ONECH_C2H/release_generation_axi_reg[0][5]} {G2B_ONECH_C2H/release_generation_axi_reg[0][6]} {G2B_ONECH_C2H/release_generation_axi_reg[0][7]} {G2B_ONECH_C2H/release_generation_axi_reg[0][8]} {G2B_ONECH_C2H/release_generation_axi_reg[0][9]} {G2B_ONECH_C2H/release_epoch_axi_reg[0][0]} {G2B_ONECH_C2H/release_epoch_axi_reg[0][10]} {G2B_ONECH_C2H/release_epoch_axi_reg[0][11]} {G2B_ONECH_C2H/release_epoch_axi_reg[0][12]} {G2B_ONECH_C2H/release_epoch_axi_reg[0][13]} {G2B_ONECH_C2H/release_epoch_axi_reg[0][14]} {G2B_ONECH_C2H/release_epoch_axi_reg[0][15]} {G2B_ONECH_C2H/release_epoch_axi_reg[0][16]} {G2B_ONECH_C2H/release_epoch_axi_reg[0][17]} {G2B_ONECH_C2H/release_epoch_axi_reg[0][18]} {G2B_ONECH_C2H/release_epoch_axi_reg[0][19]} {G2B_ONECH_C2H/release_epoch_axi_reg[0][1]} {G2B_ONECH_C2H/release_epoch_axi_reg[0][20]} {G2B_ONECH_C2H/release_epoch_axi_reg[0][21]} {G2B_ONECH_C2H/release_epoch_axi_reg[0][22]} {G2B_ONECH_C2H/release_epoch_axi_reg[0][23]} {G2B_ONECH_C2H/release_epoch_axi_reg[0][24]} {G2B_ONECH_C2H/release_epoch_axi_reg[0][25]} {G2B_ONECH_C2H/release_epoch_axi_reg[0][26]} {G2B_ONECH_C2H/release_epoch_axi_reg[0][27]} {G2B_ONECH_C2H/release_epoch_axi_reg[0][28]} {G2B_ONECH_C2H/release_epoch_axi_reg[0][29]} {G2B_ONECH_C2H/release_epoch_axi_reg[0][2]} {G2B_ONECH_C2H/release_epoch_axi_reg[0][30]} {G2B_ONECH_C2H/release_epoch_axi_reg[0][31]} {G2B_ONECH_C2H/release_epoch_axi_reg[0][3]} {G2B_ONECH_C2H/release_epoch_axi_reg[0][4]} {G2B_ONECH_C2H/release_epoch_axi_reg[0][5]} {G2B_ONECH_C2H/release_epoch_axi_reg[0][6]} {G2B_ONECH_C2H/release_epoch_axi_reg[0][7]} {G2B_ONECH_C2H/release_epoch_axi_reg[0][8]} {G2B_ONECH_C2H/release_epoch_axi_reg[0][9]}} -to [filter [get_cells -quiet -hier -regexp .*G2B_ONECH_C2H/(slot_state_source|release_seen_source|source_ownership_fatal|source_ownership_fatal_event|source_ownership_fatal_deferred|enable_applied_source)_reg.*] {IS_SEQUENTIAL == 1}] -file C:/FPGA/G2B_G14A_RUNTIME_20260903/raw/G2B_G14A_EXACT_SCOPE_REPORT_TIMING.rpt
| Design       : ahd_capture_top_xdma
| Device       : 7a35t-csg325
| Speed File   : -2  PRODUCTION 1.23 2018-06-13
| Design State : Routed
-------------------------------------------------------------------------------------------------------------------------------------------------------------------------------------------------------------------------------------------------------------------------------------------------------------------------------------------------------------------------------------------------------------------------------------------------------------------------------------------------------------------------------------------------------------------------------------------------------------------------------------------------------------------------------------------------------------------------------------------------------------------------------------------------------------------------------------------------------------------------------------------------------------------------------------------------------------------------------------------------------------------------------------------------------------------------------------------------------------------------------------------------------------------------------------------------------------------------------------------------------------------------------------------------------------------------------------------------------------------------------------------------------------------------------------------------------------------------------------------------------------------------------------------------------------------------------------------------------------------------------------------------------------------------------------------------------------------------------------------------------------------------------------------------------------------------------------------------------------------------------------------------------------------------------------------------------------------------------------------------------------------------------------------------------------------------------------------------------------------------------------------------------------------------------------------------------------------------------------------------------------------------------------------------------------------------------------------------------------------------------------------------------------------------------------------------------------------------------------------------------------------------------------------------------------------------------------------------------------------------------------------------------------------------------------------------------------------------------------------------------------------------------------------------------------------------------------------------------------------------------------------------------------------------------------------------------------------------------------------------------------------------------------------------------------------------------------------------------------------------------------------------------

Timing Report

Slack (MET) :             0.478ns  (required time - arrival time)
  Source:                 G2B_ONECH_C2H/release_generation_axi_reg[0][3]/C
                            (rising edge-triggered cell FDRE clocked by userclk1  {rise@0.000ns fall@8.000ns period=16.000ns})
  Destination:            G2B_ONECH_C2H/source_ownership_fatal_deferred_reg/D
                            (rising edge-triggered cell FDRE clocked by nvp_vclk1  {rise@0.000ns fall@3.367ns period=6.734ns})
  Path Group:             nvp_vclk1
  Path Type:              Setup (Max at Slow Process Corner)
  Requirement:            6.000ns  (MaxDelay Path 6.000ns)
  Data Path Delay:        5.554ns  (logic 1.667ns (30.016%)  route 3.887ns (69.984%))
  Logic Levels:           8  (CARRY4=2 LUT4=2 LUT6=4)
  Timing Exception:       MaxDelay Path 6.000ns -datapath_only

    Location             Delay type                Incr(ns)  Path(ns)    Netlist Resource(s)
  -------------------------------------------------------------------    -------------------
    SLICE_X63Y64                                      0.000     0.000 r  G2B_ONECH_C2H/release_generation_axi_reg[0][3]/C
    SLICE_X63Y64         FDRE (Prop_fdre_C_Q)         0.348     0.348 r  G2B_ONECH_C2H/release_generation_axi_reg[0][3]/Q
                         net (fo=1, routed)           0.781     1.129    G2B_ONECH_C2H/release_generation_axi_reg[0]_6[3]
    SLICE_X58Y63         LUT6 (Prop_lut6_I0_O)        0.239     1.368 r  G2B_ONECH_C2H/reset_abandoned_hold_source[2]_i_81/O
                         net (fo=1, routed)           0.000     1.368    G2B_ONECH_C2H/reset_abandoned_hold_source[2]_i_81_n_0
    SLICE_X58Y63         CARRY4 (Prop_carry4_S[1]_CO[3])
                                                      0.457     1.825 r  G2B_ONECH_C2H/reset_abandoned_hold_source_reg[2]_i_26/CO[3]
                         net (fo=1, routed)           0.000     1.825    G2B_ONECH_C2H/reset_abandoned_hold_source_reg[2]_i_26_n_0
    SLICE_X58Y64         CARRY4 (Prop_carry4_CI_CO[3])
                                                      0.098     1.923 f  G2B_ONECH_C2H/reset_abandoned_hold_source_reg[2]_i_8/CO[3]
                         net (fo=3, routed)           1.320     3.242    G2B_ONECH_C2H/source_ownership_fatal42_out
    SLICE_X51Y67         LUT6 (Prop_lut6_I4_O)        0.105     3.347 r  G2B_ONECH_C2H/slot_state_source[0][2]_i_5/O
                         net (fo=2, routed)           0.454     3.801    G2B_ONECH_C2H/slot_state_source[0][2]_i_5_n_0
    SLICE_X46Y67         LUT6 (Prop_lut6_I2_O)        0.105     3.906 r  G2B_ONECH_C2H/source_ownership_fatal_event_i_7/O
                         net (fo=1, routed)           0.394     4.300    G2B_ONECH_C2H/source_ownership_fatal_event_i_7_n_0
    SLICE_X45Y61         LUT6 (Prop_lut6_I1_O)        0.105     4.405 r  G2B_ONECH_C2H/source_ownership_fatal_event_i_5/O
                         net (fo=2, routed)           0.457     4.863    G2B_ONECH_C2H/source_ownership_fatal_event_i_5_n_0
    SLICE_X44Y58         LUT4 (Prop_lut4_I3_O)        0.105     4.968 f  G2B_ONECH_C2H/source_ownership_fatal_event_i_2/O
                         net (fo=4, routed)           0.481     5.449    G2B_ONECH_C2H/source_ownership_fatal_event_i_2_n_0
    SLICE_X43Y55         LUT4 (Prop_lut4_I0_O)        0.105     5.554 r  G2B_ONECH_C2H/source_ownership_fatal_deferred_i_1/O
                         net (fo=1, routed)           0.000     5.554    G2B_ONECH_C2H/source_ownership_fatal_deferred_i_1_n_0
    SLICE_X43Y55         FDRE                                         r  G2B_ONECH_C2H/source_ownership_fatal_deferred_reg/D
  -------------------------------------------------------------------    -------------------

                         max delay                    6.000     6.000    
    SLICE_X43Y55         FDRE (Setup_fdre_C_D)        0.032     6.032    G2B_ONECH_C2H/source_ownership_fatal_deferred_reg
  -------------------------------------------------------------------
                         required time                          6.032    
                         arrival time                          -5.554    
  -------------------------------------------------------------------
                         slack                                  0.478    




