UTC_START=2026-09-06T12:42:07.3375770Z
UTC_END=2026-09-06T12:42:09.7964243Z
EVIDENCE_KIND=G2B_HW0_DRV1_SEAL_UPLOAD
RESULT=PASS
EXIT_CODE=0
ARGUMENT_TOKEN_AUDIT=PASS
PLINK_PW_OPTION_USED=NO
PLINK_PWFILE_OPTION_USED=YES
PASSWORD_ROLE_ARGUMENT_OCCURRENCE=NO
INHERITED_ENVIRONMENT_AUDIT=PASS
PWFILE_CREATED=YES
PWFILE_DELETED=YES
INPUT_SHA256=64DFFB58D8B8FC054AE2661093124DD016E4B19045EEE38F081270583B315F8C
INPUT_SIZE=1044860
STDOUT_BEGIN
ARCHIVE_SHA256=64dffb58d8b8fc054ae2661093124dd016e4b19045eee38f081270583b315f8c
0001-ahd-exact-pci-match.patch: OK
build_ahd_xdma.sh: OK
expected_identity.json: OK
G2B_HW0_DRV1_ALIAS_MATRIX.csv: OK
G2B_HW0_DRV1_BUILD_A_MANIFEST.txt: OK
G2B_HW0_DRV1_BUILD_A.log: OK
G2B_HW0_DRV1_BUILD_B_MANIFEST.txt: OK
G2B_HW0_DRV1_BUILD_B.log: OK
G2B_HW0_DRV1_MODINFO.txt: OK
G2B_HW0_DRV1_REPRODUCIBILITY_RECEIPT.txt: OK
G2B_HW0_DRV1_VERIFICATION_RECEIPT.txt: OK
G2B_HW0_R3_DRIVER_LOAD_PLAN.md: OK
nm-defined-global.txt: OK
nm-undefined.txt: OK
readelf-h.txt: OK
readelf-n.txt: OK
readelf-S.txt: OK
README.md: OK
UPSTREAM.lock: OK
verify_ahd_xdma.sh: OK
xdma_ahd_pcie.ko: OK
SEALED_DIRECTORY=/home/vcdeagent1/vcde_artifacts/g2b_hw0_drv1/20260906T121539Z
MODULE_SHA256=e8b48e342c80b019bb4884fd7af16ab1049bc60266101e6e4a8b6514aeeb3d77
MODULE_SIZE=3296104
DIRECTORY_MODE=555
FILE_COUNT=22
WRITABLE_FILE_COUNT=0
STDOUT_END
STDERR_BEGIN

STDERR_END
