READBACK_UTC=2026-09-06T13:05:43.8258398Z
EXPECTED_COMMIT=879d578d8759b6afca8961be4fe55344e02264ca
REMOTE_MAIN_COMMIT=879d578d8759b6afca8961be4fe55344e02264ca
CHECKED_OUT_COMMIT=879d578d8759b6afca8961be4fe55344e02264ca
CHECKED_OUT_TREE=89c5d55eae3fa00de58679a50b9cdcad304c0b5e
EVIDENCE_SUBTREE=5572e3dc9716dc318cf5e8201edda72faf077a2a
PROJECT_STATE_SUBTREE=221992c137052935367dea4a7970d73b4f0b6838
LOCAL_FILE_COUNT=29
REMOTE_FILE_COUNT=29
FILE=0001-ahd-exact-pci-match.patch|SIZE=3568|SHA256=415F0836E56782D0F8667FA4510E63016A065A6F175A25433CD6D2EAA57E6AD7|RESULT=PASS
FILE=build_ahd_xdma.sh|SIZE=11793|SHA256=FC24D04323D0C3C0F05ADD8267FE6857B6C74BB9E58A7A8CF995865B681E68E3|RESULT=PASS
FILE=expected_identity.json|SIZE=1204|SHA256=79CF817BC2923C5E122894547949019DD4448BC6F7DC8B9480F95B28D613C7C5|RESULT=PASS
FILE=G2B_HW0_AHD_XDMA_DRIVER_CANDIDATE_IDENTITY.json|SIZE=12640|SHA256=6E70C56673E7728112FB6C6CF8151F37DA01FB0B2C2C0568642B312729D70C49|RESULT=PASS
FILE=G2B_HW0_DRV1_ALIAS_MATRIX.csv|SIZE=948|SHA256=2D046DEB8EAF3BABA4695A737CDA573D6665D028CAF910852A3440E1946A82AA|RESULT=PASS
FILE=G2B_HW0_DRV1_AUTHORITY_RECEIPT.md|SIZE=6554|SHA256=DB3F30D25ECB75055B64872C0B4DE5B6B337CEA88B8B0DFDB30673F8A50546D9|RESULT=PASS
FILE=G2B_HW0_DRV1_BUILD_A.log|SIZE=48389|SHA256=0AA13DDA630825A31ADF0AC0EADD245FB135616A820631E2FA19A664EFEFADB7|RESULT=PASS
FILE=G2B_HW0_DRV1_BUILD_B.log|SIZE=48389|SHA256=61804E7063E3A23545A9C9C0966E7EBA3D01BAC591D01E83BE04591271F75F41|RESULT=PASS
FILE=G2B_HW0_DRV1_DUT_BUILD_ENVIRONMENT.md|SIZE=6964|SHA256=56FC628FC8038B19EC6561FD4D4D5DFEE705758BFB9C5D5D8D04562840429396|RESULT=PASS
FILE=G2B_HW0_DRV1_ELF_REPORT.md|SIZE=4236|SHA256=6AA3ADD90AB7E39901FD14EE2650851F0BD51CDAE4B1702BD3817CC1E4993101|RESULT=PASS
FILE=G2B_HW0_DRV1_EVIDENCE_INDEX.md|SIZE=7378|SHA256=33413CE7FA80F7D5473E69D6C0EF8BFA6F6FFE39597DB0D574B583517DC28BDF|RESULT=PASS
FILE=G2B_HW0_DRV1_EXPECTED_BIND_MODEL.md|SIZE=4485|SHA256=D5F83581D6DD6B1404A7246A731E55A09CE9A110904291C5FEFA0F30F530D9F6|RESULT=PASS
FILE=G2B_HW0_DRV1_EXPECTED_NODE_MODEL.md|SIZE=4106|SHA256=C87ABE88094DC3682E0EBDC866B51AB30842A9B5DAF7D30C7C166BA1945C5E11|RESULT=PASS
FILE=G2B_HW0_DRV1_FINAL_DUT_STATE.log|SIZE=1464|SHA256=718EB87C43DD042482853317CB66447FC7C0AC4EF958D6B7A6DB5C91B02DC6E0|RESULT=PASS
FILE=G2B_HW0_DRV1_HDMI_PROCESS_REUSE_MATRIX.md|SIZE=8419|SHA256=8E4367D723D3909086BF3B2E4E38B4AE358E3667D4B59CF2CAC5C2A5D04CA73F|RESULT=PASS
FILE=G2B_HW0_DRV1_MODINFO.txt|SIZE=1077|SHA256=1CCA6A3D517883E966549C1DDB381ED5E4D059DF0A0F21878591866FC798E54B|RESULT=PASS
FILE=G2B_HW0_DRV1_PCI_TABLE_PROOF.md|SIZE=4833|SHA256=CC489105489905913D19924E84EC528F26BE7A35CB70B26D4D7E72F547BA6E83|RESULT=PASS
FILE=G2B_HW0_DRV1_PLATFORM_MODULE_COLLISION_AUDIT.md|SIZE=4274|SHA256=F1C5DA53E522112E46A6329F0D4FD936017C496DB639724272511A823393A945|RESULT=PASS
FILE=G2B_HW0_DRV1_R3_LOAD_PLAN.md|SIZE=6548|SHA256=97F43000FA665CE87A855942B83F977A2C942985E85B4E1E5531603E91683092|RESULT=PASS
FILE=G2B_HW0_DRV1_REPRODUCIBILITY_REPORT.md|SIZE=4044|SHA256=90557595D3778F89166507821C85F7BF40EE8191A3E3EA61E3FDBD42B7E86AA8|RESULT=PASS
FILE=G2B_HW0_DRV1_SEALED_ARTIFACT_SHA256_MANIFEST.txt|SIZE=1882|SHA256=A69757C0E165AC182529304FFFA571C4223BEC57DAB99119DE243C8312C423C8|RESULT=PASS
FILE=G2B_HW0_DRV1_SEALING.log|SIZE=1385|SHA256=701C7CA1EC203CC7118444087855E24635939760A65BB5F0529EC51A4D0AE720|RESULT=PASS
FILE=G2B_HW0_DRV1_SHA256_MANIFEST.txt|SIZE=2733|SHA256=5065C774912AF89CA50B2763B61EE9877A9D14BBEE2781A7F5B3A85ECE3A0E40|RESULT=PASS
FILE=G2B_HW0_DRV1_SOURCE_DELTA_AUDIT.md|SIZE=5115|SHA256=CC880C64C3279E30E451727C4AA6EFCCC1346A6B0ECC1ABDD072ED0E86CD174B|RESULT=PASS
FILE=G2B_HW0_DRV1_STATE.json|SIZE=5615|SHA256=902B5238A9F043FF3A626A218F86C3F8452DC8021862B75A8E9F6B3678DCA040|RESULT=PASS
FILE=G2B_HW0_DRV1_VERIFICATION_RECEIPT.md|SIZE=6728|SHA256=919D3465046668906605A48DEA949700227A44681CAEA95F802128A4476E760E|RESULT=PASS
FILE=UPSTREAM.lock|SIZE=1108|SHA256=03BC59BB5D1C26D034C75B9277CF773B8037BFF1461EAA88E08A5164A92AE93F|RESULT=PASS
FILE=V41_G2B_HW0_DRV1_MAIN_REPORT.md|SIZE=12886|SHA256=9C7517DCB127F198B51B8B3EE9A348E8BF15C5D1CF77B419763EA909F53347AF|RESULT=PASS
FILE=verify_ahd_xdma.sh|SIZE=11453|SHA256=17E77B9244642D388D8269AE7BCB91ED84A856A8CD43CF5072CC42EA94500B80|RESULT=PASS
MANIFEST_ENTRIES=28
MANIFEST_RESULT=PASS
DRIVER_BRANCH_REMOTE_COMMIT=0a201aab7adb13be079e784c6ed97dfad2ed7764
DRIVER_BRANCH_REMOTE_RESULT=PASS
REMOTE_READBACK=PASS
