UTC_START=2026-09-06T12:43:27.8297025Z
UTC_END=2026-09-06T12:43:29.8893328Z
EVIDENCE_KIND=G2B_HW0_DRV1_FINAL_DUT_STATE
RESULT=PASS
EXIT_CODE=0
ARGUMENT_TOKEN_AUDIT=PASS
PLINK_PW_OPTION_USED=NO
PLINK_PWFILE_OPTION_USED=YES
USERNAME_ROLE_OCCURRENCE=YES_AUTHORIZED
PASSWORD_ROLE_ARGUMENT_OCCURRENCE=NO
REMOTE_COMMAND_SHARED_LITERAL=NO
INHERITED_ENVIRONMENT_AUDIT=PASS
PWFILE_CREATED=YES
PWFILE_DELETED=YES
STDOUT_BEGIN
FINAL_UTC=2026-09-06T12:43:29Z
HOSTNAME=VCDE-DUT-1
MACHINE_ID=0e90f50d9465492b80258da5658446f8
BOOT_ID=52b0bf13-e9d1-4558-ae13-d08f4ecc8dac
UNAME_R=7.0.0-29-generic
ARCH=x86_64
XDMA_PROC_MODULE_COUNT=0
SYS_MODULE_XDMA=ABSENT
SYS_MODULE_XDMA_AHD_PCIE=ABSENT
PLATFORM_XDMA_SHA256=523ed1f77a4700773ef1df846a54592d7396774826acabbcb222e104cc5a9490
PLATFORM_XDMA_SIZE=13827
CANDIDATE_INSTALLED_COUNT=0
XDMA_NODE_COUNT=0
AHD_ENDPOINT_PRESENT=YES
AHD_VENDOR=0x10ee
AHD_DEVICE=0x7011
AHD_SUBSYSTEM_VENDOR=0x10ee
AHD_SUBSYSTEM_DEVICE=0x0007
AHD_MODALIAS=pci:v000010EEd00007011sv000010EEsd00000007bc05sc80i00
AHD_CURRENT_LINK_SPEED=5.0 GT/s PCIe
AHD_CURRENT_LINK_WIDTH=1
AHD_DRIVER=NONE
AHD_DRIVER_OVERRIDE=NONE
REMOTE_SEALED_HASH_MANIFEST=PASS
REMOTE_SEALED_MODULE_SHA256=e8b48e342c80b019bb4884fd7af16ab1049bc60266101e6e4a8b6514aeeb3d77
REMOTE_SEALED_MODULE_SIZE=3296104
REMOTE_SEALED_DIR_MODE=555
REMOTE_SEALED_WRITABLE_FILE_COUNT=0
APT_LATEST_END_DATE=2026-09-05  06:43:34
FINAL_READ_ONLY_AUDIT=PASS
STDOUT_END
STDERR_BEGIN

STDERR_END
