UTC_START=2026-08-20T13:14:55.5023944Z
UTC_END=2026-08-20T13:14:56.0328742Z
EVIDENCE_KIND=RUN_03_KERNEL_HEALTH
RESULT=PASS
EXIT_CODE=0
ARGUMENT_TOKEN_AUDIT=PASS
PLINK_PW_OPTION_USED=NO
PLINK_PWFILE_OPTION_USED=YES
USERNAME_ROLE_OCCURRENCE=YES_AUTHORIZED
PASSWORD_ROLE_ARGUMENT_OCCURRENCE=NO
REMOTE_COMMAND_SHARED_LITERAL=NO
INHERITED_ENVIRONMENT_AUDIT=PASS
PWFILE_CREATED=YES
PWFILE_DELETED=YES
STDOUT_BEGIN
Aug 20 15:14:08 VCDE-DUT-1 kernel:   zhaoxin   Shanghai  
Aug 20 15:14:08 VCDE-DUT-1 kernel: acpi PNP0A08:00: _OSC: OS now controls [PCIeHotplug SHPCHotplug PME AER PCIeCapability LTR DPC]
Aug 20 15:14:08 VCDE-DUT-1 kernel: pci 0000:00:01.1: [1022:14ed] type 01 class 0x060400 PCIe Root Port
Aug 20 15:14:08 VCDE-DUT-1 kernel: pci 0000:00:02.1: [1022:14ee] type 01 class 0x060400 PCIe Root Port
Aug 20 15:14:08 VCDE-DUT-1 kernel: pci 0000:00:02.2: [1022:14ee] type 01 class 0x060400 PCIe Root Port
Aug 20 15:14:08 VCDE-DUT-1 kernel: pci 0000:00:08.1: [1022:14eb] type 01 class 0x060400 PCIe Root Port
Aug 20 15:14:08 VCDE-DUT-1 kernel: pci 0000:00:08.2: [1022:14eb] type 01 class 0x060400 PCIe Root Port
Aug 20 15:14:08 VCDE-DUT-1 kernel: pci 0000:00:08.3: [1022:14eb] type 01 class 0x060400 PCIe Root Port
Aug 20 15:14:08 VCDE-DUT-1 kernel: pci 0000:01:00.0: [10ee:7011] type 00 class 0x058000 PCIe Endpoint
Aug 20 15:14:08 VCDE-DUT-1 kernel: pci 0000:02:00.0: [1022:43f4] type 01 class 0x060400 PCIe Switch Upstream Port
Aug 20 15:14:08 VCDE-DUT-1 kernel: pci 0000:03:00.0: [1022:43f5] type 01 class 0x060400 PCIe Switch Downstream Port
Aug 20 15:14:08 VCDE-DUT-1 kernel: pci 0000:03:08.0: [1022:43f5] type 01 class 0x060400 PCIe Switch Downstream Port
Aug 20 15:14:08 VCDE-DUT-1 kernel: pci 0000:03:09.0: [1022:43f5] type 01 class 0x060400 PCIe Switch Downstream Port
Aug 20 15:14:08 VCDE-DUT-1 kernel: pci 0000:03:0a.0: [1022:43f5] type 01 class 0x060400 PCIe Switch Downstream Port
Aug 20 15:14:08 VCDE-DUT-1 kernel: pci 0000:03:0b.0: [1022:43f5] type 01 class 0x060400 PCIe Switch Downstream Port
Aug 20 15:14:08 VCDE-DUT-1 kernel: pci 0000:03:0c.0: [1022:43f5] type 01 class 0x060400 PCIe Switch Downstream Port
Aug 20 15:14:08 VCDE-DUT-1 kernel: pci 0000:03:0d.0: [1022:43f5] type 01 class 0x060400 PCIe Switch Downstream Port
Aug 20 15:14:08 VCDE-DUT-1 kernel: pci 0000:07:00.0: [10ec:8168] type 00 class 0x020000 PCIe Endpoint
Aug 20 15:14:08 VCDE-DUT-1 kernel: pci 0000:09:00.0: [1022:43f7] type 00 class 0x0c0330 PCIe Legacy Endpoint
Aug 20 15:14:08 VCDE-DUT-1 kernel: pci 0000:0a:00.0: [1022:43f6] type 00 class 0x010601 PCIe Legacy Endpoint
Aug 20 15:14:08 VCDE-DUT-1 kernel: pci 0000:0b:00.0: [12ab:0710] type 00 class 0x048000 PCIe Endpoint
Aug 20 15:14:08 VCDE-DUT-1 kernel: pci 0000:0c:00.0: [1002:15bf] type 00 class 0x030000 PCIe Legacy Endpoint
Aug 20 15:14:08 VCDE-DUT-1 kernel: pci 0000:0c:00.1: [1002:1640] type 00 class 0x040300 PCIe Legacy Endpoint
Aug 20 15:14:08 VCDE-DUT-1 kernel: pci 0000:0c:00.2: [1022:15c7] type 00 class 0x108000 PCIe Endpoint
Aug 20 15:14:08 VCDE-DUT-1 kernel: pci 0000:0c:00.3: [1022:15b9] type 00 class 0x0c0330 PCIe Endpoint
Aug 20 15:14:08 VCDE-DUT-1 kernel: pci 0000:0c:00.4: [1022:15ba] type 00 class 0x0c0330 PCIe Endpoint
Aug 20 15:14:08 VCDE-DUT-1 kernel: pci 0000:0c:00.6: [1022:15e3] type 00 class 0x040300 PCIe Endpoint
Aug 20 15:14:08 VCDE-DUT-1 kernel: pci 0000:0d:00.0: [1022:14ec] type 00 class 0x130000 PCIe Endpoint
Aug 20 15:14:08 VCDE-DUT-1 kernel: pci 0000:0d:00.1: [1022:1502] type 00 class 0x118000 PCIe Endpoint
Aug 20 15:14:08 VCDE-DUT-1 kernel: pci 0000:0e:00.0: [1022:14ec] type 00 class 0x130000 PCIe Endpoint
Aug 20 15:14:08 VCDE-DUT-1 kernel: pci 0000:0e:00.3: [1022:15c0] type 00 class 0x0c0330 PCIe Endpoint
Aug 20 15:14:08 VCDE-DUT-1 kernel: pci 0000:0e:00.4: [1022:15c1] type 00 class 0x0c0330 PCIe Endpoint
Aug 20 15:14:08 VCDE-DUT-1 kernel: pcieport 0000:00:01.1: PME: Signaling with IRQ 27
Aug 20 15:14:08 VCDE-DUT-1 kernel: pcieport 0000:00:02.1: PME: Signaling with IRQ 28
Aug 20 15:14:08 VCDE-DUT-1 kernel: pcieport 0000:00:02.2: PME: Signaling with IRQ 29
Aug 20 15:14:08 VCDE-DUT-1 kernel: pcieport 0000:00:08.1: PME: Signaling with IRQ 30
Aug 20 15:14:08 VCDE-DUT-1 kernel: pcieport 0000:00:08.2: PME: Signaling with IRQ 31
Aug 20 15:14:08 VCDE-DUT-1 kernel: pcieport 0000:00:08.3: PME: Signaling with IRQ 32
Aug 20 15:14:08 VCDE-DUT-1 kernel: RAS: Correctable Errors collector initialized.
Aug 20 15:14:12 VCDE-DUT-1 kernel: loop0: detected capacity change from 0 to 8
Aug 20 15:14:12 VCDE-DUT-1 kernel: loop1: detected capacity change from 0 to 136816
Aug 20 15:14:12 VCDE-DUT-1 kernel: loop2: detected capacity change from 0 to 40240
Aug 20 15:14:12 VCDE-DUT-1 kernel: loop3: detected capacity change from 0 to 136904
Aug 20 15:14:12 VCDE-DUT-1 kernel: loop4: detected capacity change from 0 to 40880
Aug 20 15:14:12 VCDE-DUT-1 kernel: loop5: detected capacity change from 0 to 560536
Aug 20 15:14:12 VCDE-DUT-1 kernel: loop6: detected capacity change from 0 to 33792
Aug 20 15:14:12 VCDE-DUT-1 kernel: loop7: detected capacity change from 0 to 1241248
Aug 20 15:14:12 VCDE-DUT-1 kernel: loop8: detected capacity change from 0 to 187776
Aug 20 15:14:12 VCDE-DUT-1 kernel: loop9: detected capacity change from 0 to 808920
Aug 20 15:14:13 VCDE-DUT-1 kernel: amdgpu 0000:0c:00.0: [drm] PCIE GART of 512M enabled (table at 0x000000801FD00000).
Aug 20 15:14:14 VCDE-DUT-1 kernel: amdgpu 0000:0c:00.0: [drm] Registered 4 planes with drm panic
Aug 20 15:14:32 VCDE-DUT-1 kernel: audit: type=1400 audit(1787231672.937:255): apparmor="DENIED" operation="mount" class="mount" info="failed mntpnt match" error=-13 profile="fusermount3" name="/" pid=2891 comm="fusermount3" flags="rw, rprivate"
STDOUT_END
STDERR_BEGIN

STDERR_END
