UTC_START=2026-08-20T13:10:24.1942582Z
UTC_END=2026-08-20T13:10:25.7604607Z
EVIDENCE_KIND=RUN_03_PREAUTH
RESULT=PASS
EXIT_CODE=0
ARGUMENT_TOKEN_AUDIT=PASS
PLINK_PW_OPTION_USED=NO
PLINK_PWFILE_OPTION_USED=YES
USERNAME_ROLE_OCCURRENCE=YES_AUTHORIZED
PASSWORD_ROLE_ARGUMENT_OCCURRENCE=NO
REMOTE_COMMAND_SHARED_LITERAL=NO
INHERITED_ENVIRONMENT_AUDIT=PASS
PWFILE_CREATED=YES
PWFILE_DELETED=YES
STDOUT_BEGIN
vcdeagent1
VCDE-DUT-1
8607adb4-05c0-4975-8a73-a6378b90b496
7.0.0-29-generic
2026-08-20 15:05:19
STDOUT_END
STDERR_BEGIN

STDERR_END
