UTC_START=2026-08-20T13:14:20.1121366Z
UTC_END=2026-08-20T13:14:21.4303068Z
EVIDENCE_KIND=RUN_03_BOOT_RETURN
RESULT=PASS
EXIT_CODE=0
ARGUMENT_TOKEN_AUDIT=PASS
PLINK_PW_OPTION_USED=NO
PLINK_PWFILE_OPTION_USED=YES
USERNAME_ROLE_OCCURRENCE=YES_AUTHORIZED
PASSWORD_ROLE_ARGUMENT_OCCURRENCE=NO
REMOTE_COMMAND_SHARED_LITERAL=NO
INHERITED_ENVIRONMENT_AUDIT=PASS
PWFILE_CREATED=YES
PWFILE_DELETED=YES
STDOUT_BEGIN
vcdeagent1
VCDE-DUT-1
1f7bf997-46b6-4b0e-b218-06569fb2f1ea
7.0.0-29-generic
2026-08-20 15:14:07
STDOUT_END
STDERR_BEGIN

STDERR_END
