REBOOT_SUBMISSION_UTC=2026-08-22T11:43:24.4493393Z
REBOOT_SUBMISSION_TICKS=1317886419593
WARM_REBOOT_INVOCATION_CONSUMED=1
REBOOT_HELPER_EXIT_CODE=0
STOPWATCH_FREQUENCY=10000000
POLL_TICKS=1317898154877 SSH_PORT_22=UP
POLL_TICKS=1317903926011 SSH_PORT_22=UP
POLL_TICKS=1317909044011 SSH_PORT_22=UP
POLL_TICKS=1317914230246 SSH_PORT_22=UP
POLL_TICKS=1317919545397 SSH_PORT_22=UP
POLL_TICKS=1317924618724 SSH_PORT_22=UP
POLL_TICKS=1317929664032 SSH_PORT_22=DOWN
POLL_TICKS=1317942190386 SSH_PORT_22=DOWN
POLL_TICKS=1317954878116 SSH_PORT_22=DOWN
POLL_TICKS=1317967503386 SSH_PORT_22=DOWN
POLL_TICKS=1317980145944 SSH_PORT_22=DOWN
POLL_TICKS=1317992871816 SSH_PORT_22=DOWN
POLL_TICKS=1318005459921 SSH_PORT_22=DOWN
POLL_TICKS=1318018099828 SSH_PORT_22=DOWN
POLL_TICKS=1318030771234 SSH_PORT_22=DOWN
POLL_TICKS=1318043453206 SSH_PORT_22=DOWN
POLL_TICKS=1318056181285 SSH_PORT_22=DOWN
POLL_TICKS=1318068918083 SSH_PORT_22=DOWN
POLL_TICKS=1318081587189 SSH_PORT_22=DOWN
POLL_TICKS=1318094371364 SSH_PORT_22=DOWN
POLL_TICKS=1318107024326 SSH_PORT_22=DOWN
POLL_TICKS=1318119579151 SSH_PORT_22=DOWN
POLL_TICKS=1318132324117 SSH_PORT_22=DOWN
POLL_TICKS=1318144987530 SSH_PORT_22=DOWN
POLL_TICKS=1318157610372 SSH_PORT_22=DOWN
POLL_TICKS=1318170256198 SSH_PORT_22=DOWN
POLL_TICKS=1318183022428 SSH_PORT_22=DOWN
POLL_TICKS=1318195642076 SSH_PORT_22=DOWN
POLL_TICKS=1318208332978 SSH_PORT_22=DOWN
POLL_TICKS=1318221005825 SSH_PORT_22=DOWN
POLL_TICKS=1318233573621 SSH_PORT_22=DOWN
POLL_TICKS=1318246261869 SSH_PORT_22=DOWN
POLL_TICKS=1318259053547 SSH_PORT_22=DOWN
POLL_TICKS=1318271696719 SSH_PORT_22=UP
HOST_DISAPPEARANCE_OBSERVED=YES
HOST_RETURN_AFTER_DISAPPEARANCE=YES
HOST_DISAPPEARANCE_TICKS=1317929664032
HOST_RETURN_TICKS=1318271696719
REBOOT_MONITOR_RESULT=PASS
