UTC_START=2026-08-22T11:53:57.0820285Z
UTC_END=2026-08-22T11:53:58.2937112Z
EVIDENCE_KIND=R1C_POST_REBOOT_PRELOADER_READ_ONLY_ARM_A
RESULT=FAIL
EXIT_CODE=78
ARGUMENT_TOKEN_AUDIT=PASS
PLINK_PW_OPTION_USED=NO
PLINK_PWFILE_OPTION_USED=YES
USERNAME_ROLE_OCCURRENCE=YES_AUTHORIZED
PASSWORD_ROLE_ARGUMENT_OCCURRENCE=NO
REMOTE_COMMAND_SHARED_LITERAL=NO
INHERITED_ENVIRONMENT_AUDIT=PASS
PWFILE_CREATED=YES
PWFILE_DELETED=YES
STDOUT_BEGIN
REMOTE_USER=vcdeagent1
REMOTE_EFFECTIVE_USER=root
HOSTNAME=VCDE-DUT-1
POST_REBOOT_ROLE=ARM_A
PRIOR_BOOT_ID=f86e72b5-a516-43da-b320-841b715bb926
CURRENT_BOOT_ID=2350417a-408c-431e-b59d-a952b2c877ee
BOOT_ID_CHANGED=YES
CURRENT_KERNEL=7.0.0-29-generic
UPTIME_START=2026-08-22 13:43:52
PROC_CMDLINE=BOOT_IMAGE=/boot/vmlinuz-7.0.0-29-generic root=UUID=f7897627-c98a-4bf4-b24a-ae18f881e2da ro quiet splash crashkernel=2G-4G:320M,4G-32G:512M,32G-64G:1024M,64G-128G:2048M,128G-:4096M
PROC_CMDLINE_BOOT_IMAGE=/boot/vmlinuz-7.0.0-29-generic
EXPECTED_MODULE_DIRECTORY=/lib/modules/7.0.0-29-generic
EXPECTED_MODULE_DIRECTORY_PRESENT=YES
PINNED_MODULE_PATH=/home/vcdeagent1/FPGA_AHD_HOST/dma_ip_drivers/XDMA/linux-kernel/xdma/xdma.ko
PINNED_MODULE_SHA256=1AEF06244DF308FEE544A2662B73855C81BEB88BC929E7885D8D113E474B320A
PINNED_MODULE_VERSION=2025.2.0
PINNED_MODULE_VERMAGIC=7.0.0-29-generic SMP preempt mod_unload modversions 
PINNED_MODULE_SRCVERSION=E2C680AF6D8BF5E3A2F6ACB
ACCEPTED_LOADER_PATH=/home/vcdeagent1/FPGA_AHD_HOST/phase2_precheck_accepted/phase2_load_xdma_driver.sh
ACCEPTED_LOADER_SHA256=7279E316A2D647826B8D5EC6BEDF78A143B72D100B4008C7AC006C1B6653649F
ACCEPTED_LOADER_MODE=644
HOST_PREFLIGHT_GATE=FAIL_MODULE_VERMAGIC
STDOUT_END
STDERR_BEGIN

STDERR_END
