UTC_START=2026-09-06T06:56:51.4384052Z
UTC_END=2026-09-06T06:56:52.2519112Z
EVIDENCE_KIND=R2_AFTER_LOCAL_REJECTION_NO_REBOOT_VERIFY
RESULT=PASS
EXIT_CODE=0
ARGUMENT_TOKEN_AUDIT=PASS
PLINK_PW_OPTION_USED=NO
PLINK_PWFILE_OPTION_USED=YES
USERNAME_ROLE_OCCURRENCE=YES_AUTHORIZED
PASSWORD_ROLE_ARGUMENT_OCCURRENCE=NO
REMOTE_COMMAND_SHARED_LITERAL=NO
INHERITED_ENVIRONMENT_AUDIT=PASS
PWFILE_CREATED=YES
PWFILE_DELETED=YES
STDOUT_BEGIN
UTC=2026-09-06T06:56:51Z
HOSTNAME=VCDE-DUT-1
USER=vcdeagent1
BOOT_ID=37131b8d-0e38-4b4e-b77a-b3bda55b4e97
UPTIME_SECONDS=40285.04
LINUX_LOCK=HELD
STDOUT_END
STDERR_BEGIN

STDERR_END
