UTC_START=2026-09-06T06:41:32.2975225Z
UTC_END=2026-09-06T06:41:33.2655552Z
EVIDENCE_KIND=R2_DUT_IDENTITY_PRELOCK
RESULT=PASS
EXIT_CODE=0
ARGUMENT_TOKEN_AUDIT=PASS
PLINK_PW_OPTION_USED=NO
PLINK_PWFILE_OPTION_USED=YES
USERNAME_ROLE_OCCURRENCE=YES_AUTHORIZED
PASSWORD_ROLE_ARGUMENT_OCCURRENCE=NO
REMOTE_COMMAND_SHARED_LITERAL=NO
INHERITED_ENVIRONMENT_AUDIT=PASS
PWFILE_CREATED=YES
PWFILE_DELETED=YES
STDOUT_BEGIN
PHASE=R2_DUT_IDENTITY_PRELOCK
UTC=2026-09-06T06:41:32Z
HOSTNAME=VCDE-DUT-1
USER=vcdeagent1
MACHINE_ID=0e90f50d9465492b80258da5658446f8
BOOT_ID=37131b8d-0e38-4b4e-b77a-b3bda55b4e97
KERNEL=7.0.0-29-generic
UPTIME_SECONDS=39366.05
STDOUT_END
STDERR_BEGIN

STDERR_END
