UTC_START=2026-09-06T07:04:49.5907184Z
UTC_END=2026-09-06T07:04:50.2731349Z
EVIDENCE_KIND=R2_IMMEDIATE_PRE_REMOTE_REBOOT_DELIVERY_CHECK
RESULT=PASS
EXIT_CODE=0
ARGUMENT_TOKEN_AUDIT=PASS
PLINK_PW_OPTION_USED=NO
PLINK_PWFILE_OPTION_USED=YES
USERNAME_ROLE_OCCURRENCE=YES_AUTHORIZED
PASSWORD_ROLE_ARGUMENT_OCCURRENCE=NO
REMOTE_COMMAND_SHARED_LITERAL=NO
INHERITED_ENVIRONMENT_AUDIT=PASS
PWFILE_CREATED=YES
PWFILE_DELETED=YES
STDOUT_BEGIN
TASK=G2B-HW0-PRODUCT-R2
PHASE=IMMEDIATE_PRE_REMOTE_REBOOT_DELIVERY_CHECK
UTC=2026-09-06T07:04:49.831898579Z
HOSTNAME=VCDE-DUT-1
REMOTE_USER=vcdeagent1
REMOTE_UID=1000
MACHINE_ID=0e90f50d9465492b80258da5658446f8
BOOT_ID=37131b8d-0e38-4b4e-b77a-b3bda55b4e97
UPTIME_SECONDS=40763.08
LINUX_LOCK=HELD
EXACT_AHD_ENDPOINT_COUNT=0
XDMA_MODULE_COUNT=0
XDMA_DEVICE_NODE_COUNT=0
RESULT=PASS
STDOUT_END
STDERR_BEGIN

STDERR_END
