UTC_START=2026-09-06T07:14:37.0998510Z
UTC_END=2026-09-06T07:14:37.9143583Z
EVIDENCE_KIND=R2_POST_REBOOT_LINUX_LOCK_GUARD_DIAGNOSTIC_READ_ONLY
RESULT=PASS
EXIT_CODE=0
ARGUMENT_TOKEN_AUDIT=PASS
PLINK_PW_OPTION_USED=NO
PLINK_PWFILE_OPTION_USED=YES
USERNAME_ROLE_OCCURRENCE=YES_AUTHORIZED
PASSWORD_ROLE_ARGUMENT_OCCURRENCE=NO
REMOTE_COMMAND_SHARED_LITERAL=NO
INHERITED_ENVIRONMENT_AUDIT=PASS
PWFILE_CREATED=YES
PWFILE_DELETED=YES
STDOUT_BEGIN
TASK=G2B-HW0-PRODUCT-R2
PHASE=POST_REBOOT_LINUX_LOCK_GUARD_DIAGNOSTIC_READ_ONLY
UTC=2026-09-06T07:14:37.470430591Z
SHELL=/bin/bash
HOSTNAME=VCDE-DUT-1
REMOTE_UID=1000
MACHINE_ID=0e90f50d9465492b80258da5658446f8
BOOT_ID=52b0bf13-e9d1-4558-ae13-d08f4ecc8dac
GUARD_HOSTNAME=PASS
GUARD_UID=PASS
GUARD_MACHINE_ID=PASS
GUARD_BOOT_ID=PASS
GUARD_NEW_LOCK_ABSENT=PASS
GUARD_OLD_LOCK_ABSENT=PASS
RELEVANT_PROCESS_COUNT=0
GUARD_RELEVANT_PROCESSES=PASS
XDMA_MODULE_COUNT=0
GUARD_XDMA_MODULE=PASS
XDMA_NODES_BEGIN
XDMA_NODES_END
XDMA_DEVICE_NODE_COUNT=0
GUARD_XDMA_NODES=PASS
TASK_LOCK_FIND_BEGIN
find: ‘/tmp/systemd-private-52b0bf13e9d14558ae13d08f4ecc8dac-ubuntu-insights-collect.service-9hzpeH’: Permission denied
find: ‘/tmp/systemd-private-52b0bf13e9d14558ae13d08f4ecc8dac-power-profiles-daemon.service-UOHZsr’: Permission denied
find: ‘/tmp/systemd-private-52b0bf13e9d14558ae13d08f4ecc8dac-upower.service-wZjYQD’: Permission denied
find: ‘/tmp/systemd-private-52b0bf13e9d14558ae13d08f4ecc8dac-colord.service-jKyEpz’: Permission denied
find: ‘/tmp/systemd-private-52b0bf13e9d14558ae13d08f4ecc8dac-ModemManager.service-tvoF0b’: Permission denied
find: ‘/tmp/systemd-private-52b0bf13e9d14558ae13d08f4ecc8dac-systemd-logind.service-0n5bJv’: Permission denied
find: ‘/tmp/systemd-private-52b0bf13e9d14558ae13d08f4ecc8dac-switcheroo-control.service-ljDheZ’: Permission denied
find: ‘/tmp/systemd-private-52b0bf13e9d14558ae13d08f4ecc8dac-polkit.service-uNvPTd’: Permission denied
find: ‘/tmp/systemd-private-52b0bf13e9d14558ae13d08f4ecc8dac-chrony.service-aOiD51’: Permission denied
find: ‘/tmp/snap-private-tmp’: Permission denied
TASK_LOCK_FIND_EXIT_CODE=1
TASK_LOCK_FIND_END
OTHER_TASK_LOCK_COUNT=0
GUARD_OTHER_TASK_LOCKS=PASS
RESULT=COMPLETE
STDOUT_END
STDERR_BEGIN

STDERR_END
