UTC_START=2026-09-06T07:17:35.4695667Z
UTC_END=2026-09-06T07:17:36.2666763Z
EVIDENCE_KIND=R2_POST_REBOOT_COMBINED_LOCK_VERIFY
RESULT=PASS
EXIT_CODE=0
ARGUMENT_TOKEN_AUDIT=PASS
PLINK_PW_OPTION_USED=NO
PLINK_PWFILE_OPTION_USED=YES
USERNAME_ROLE_OCCURRENCE=YES_AUTHORIZED
PASSWORD_ROLE_ARGUMENT_OCCURRENCE=NO
REMOTE_COMMAND_SHARED_LITERAL=NO
INHERITED_ENVIRONMENT_AUDIT=PASS
PWFILE_CREATED=YES
PWFILE_DELETED=YES
STDOUT_BEGIN
TASK=G2B-HW0-PRODUCT-R2
PHASE=POST_REBOOT_COMBINED_LOCK_VERIFY
UTC=2026-09-06T07:17:35.800142257Z
LINUX_LOCK_RECEIPT_SEMANTICS=PASS
LINUX_LOCK_RECEIPT_SHA256=976b028f38c41b872b24a067418b921226d1d74f94d81058bede3eddd1860609
LINUX_LOCK_DIRECTORY_STAT=700:vcdeagent1:vcdeagent1
LINUX_LOCK_RECEIPT_STAT=600:vcdeagent1:vcdeagent1
RELEVANT_PROCESS_COUNT=0
XDMA_MODULE_COUNT=0
XDMA_DEVICE_NODE_COUNT=0
TASK_LOCK_COUNT=1
EXACT_AHD_ENDPOINT_COUNT=1
LINUX_POST_REBOOT_LOCK=HELD
RESULT=PASS
STDOUT_END
STDERR_BEGIN

STDERR_END
