UTC_START=2026-09-06T06:48:36.5614110Z
UTC_END=2026-09-06T06:48:37.3983579Z
EVIDENCE_KIND=R2_REBOOT_MECHANISM_PREFLIGHT
RESULT=PASS
EXIT_CODE=0
ARGUMENT_TOKEN_AUDIT=PASS
PLINK_PW_OPTION_USED=NO
PLINK_PWFILE_OPTION_USED=YES
USERNAME_ROLE_OCCURRENCE=YES_AUTHORIZED
PASSWORD_ROLE_ARGUMENT_OCCURRENCE=NO
REMOTE_COMMAND_SHARED_LITERAL=NO
INHERITED_ENVIRONMENT_AUDIT=PASS
PWFILE_CREATED=YES
PWFILE_DELETED=YES
STDOUT_BEGIN
UTC=2026-09-06T06:48:36Z
/usr/bin/systemctl
/usr/bin/systemd-run
systemd 259 (259.5-0ubuntu3.4)
+PAM +AUDIT +SELINUX +APPARMOR +IMA +IPE +SMACK +SECCOMP +GCRYPT -GNUTLS +OPENSSL +ACL +BLKID +CURL +ELFUTILS +FIDO2 +IDN2 -IDN +KMOD +LIBCRYPTSETUP +LIBCRYPTSETUP_PLUGINS +LIBFDISK +PCRE2 +PWQUALITY +P11KIT +QRENCODE +TPM2 +BZIP2 +LZ4 +XZ +ZLIB +ZSTD +BPF_FRAMEWORK +BTF -XKBCOMMON -UTMP +SYSVINIT +LIBARCHIVE
  -u --unit=UNIT                  Run under the specified unit name
  -G --collect                    Unload unit after it ran, even when failed
     --on-active=SECONDS          Run after SECONDS delay
UNIT_ALREADY_EXISTS=NO
STDOUT_END
STDERR_BEGIN

STDERR_END
