UTC_START=2026-09-06T07:07:38.8977912Z
UTC_END=2026-09-06T07:07:39.8503218Z
EVIDENCE_KIND=R2_SINGLE_AUTHORIZED_WARM_REBOOT_REMOTE_DELIVERY
RESULT=PASS
EXIT_CODE=0
ARGUMENT_TOKEN_AUDIT=PASS
PLINK_PW_OPTION_USED=NO
PLINK_PWFILE_OPTION_USED=YES
USERNAME_ROLE_OCCURRENCE=YES_AUTHORIZED
PASSWORD_ROLE_ARGUMENT_OCCURRENCE=NO
REMOTE_COMMAND_SHARED_LITERAL=NO
INHERITED_ENVIRONMENT_AUDIT=PASS
PWFILE_CREATED=YES
PWFILE_DELETED=YES
STDOUT_BEGIN
TASK=G2B-HW0-PRODUCT-R2
PHASE=FIRST_AND_ONLY_AUTHORIZED_REMOTE_WARM_REBOOT_DELIVERY
COMMAND_DELIVERY_UTC=2026-09-06T07:07:39.401110377Z
REMOTE_USER=vcdeagent1
PRE_REBOOT_BOOT_ID=37131b8d-0e38-4b4e-b77a-b3bda55b4e97
LINUX_LOCK_PRE_REBOOT=HELD
MAXIMUM_WARM_REBOOTS=1
REMOTE_REBOOT_COMMAND_NUMBER=1
SYSTEMD_RUN_EXIT_CODE=0
REBOOT_SCHEDULE_ACKNOWLEDGED=YES
STDOUT_END
STDERR_BEGIN

Running timer as unit: ahd-g2b-hw0-product-r2-warm-reboot.timer
Will run service as unit: ahd-g2b-hw0-product-r2-warm-reboot.service
STDERR_END
