UTC_START=2026-09-06T07:25:03.8613256Z
UTC_END=2026-09-06T07:25:05.1187410Z
EVIDENCE_KIND=R2_XDMA_BINDING_FEASIBILITY_READ_ONLY
RESULT=PASS
EXIT_CODE=0
ARGUMENT_TOKEN_AUDIT=PASS
PLINK_PW_OPTION_USED=NO
PLINK_PWFILE_OPTION_USED=YES
USERNAME_ROLE_OCCURRENCE=YES_AUTHORIZED
PASSWORD_ROLE_ARGUMENT_OCCURRENCE=NO
REMOTE_COMMAND_SHARED_LITERAL=NO
INHERITED_ENVIRONMENT_AUDIT=PASS
PWFILE_CREATED=YES
PWFILE_DELETED=YES
STDOUT_BEGIN
TASK=G2B-HW0-PRODUCT-R2
PHASE=XDMA_BINDING_FEASIBILITY_READ_ONLY
UTC=2026-09-06T07:25:04.261987783Z
HOSTNAME=VCDE-DUT-1
BOOT_ID=52b0bf13-e9d1-4558-ae13-d08f4ecc8dac
LINUX_POST_REBOOT_LOCK=HELD
ENDPOINT_BDF=0000:01:00.0
ENDPOINT_MODALIAS=pci:v000010EEd00007011sv000010EEsd00000007bc05sc80i00
ENDPOINT_DRIVER=NONE
KERNEL=7.0.0-29-generic
EXACT_MODALIAS_RESOLUTION_BEGIN
modprobe: FATAL: Module pci:v000010EEd00007011sv000010EEsd00000007bc05sc80i00 not found in directory /lib/modules/7.0.0-29-generic
EXACT_MODALIAS_RESOLUTION_EXIT_CODE=1
EXACT_MODALIAS_RESOLUTION_END
XDMA_MODPROBE_DRY_RUN_BEGIN
insmod /lib/modules/7.0.0-29-generic/kernel/drivers/dma/xilinx/xdma.ko.zst 
XDMA_MODPROBE_DRY_RUN_END
XDMA_MODINFO_BEGIN
filename:       /lib/modules/7.0.0-29-generic/kernel/drivers/dma/xilinx/xdma.ko.zst
license:        GPL
author:         XRT Team <runtimeca39d@amd.com>
description:    AMD XDMA driver
srcversion:     8F61105E6B60B5A7A441D9A
alias:          platform:xdma
depends:        
intree:         Y
name:           xdma
retpoline:      Y
vermagic:       7.0.0-29-generic SMP preempt mod_unload modversions 
sig_id:         PKCS#7
signer:         Build time autogenerated kernel key
sig_key:        25:84:45:71:EF:28:15:5F:FB:E8:A3:AE:5F:FD:86:B9:DC:66:18:CD
sig_hashalgo:   sha512
signature:      06:11:86:11:60:07:ED:6D:70:E2:D8:61:56:E1:87:77:5A:09:29:01:
		88:55:DD:C0:46:01:27:36:6A:2A:A2:43:32:52:D2:A5:0D:58:F4:E6:
		DC:1B:EF:B3:A9:40:D1:4B:E4:4F:AB:BD:08:81:41:8A:FF:C6:9F:1D:
		12:8D:49:67:4B:97:2F:54:9D:28:1B:8A:BE:43:10:BE:7E:01:8A:A0:
		5B:F9:46:7A:8A:E2:33:09:2A:F6:30:98:DA:72:A9:73:60:BB:43:74:
		9B:D7:98:A7:72:5D:ED:FE:B2:A2:B8:0B:EE:86:11:BD:41:46:B2:8B:
		11:73:6F:9E:48:18:38:0F:BA:39:CB:2F:B6:ED:D4:44:B4:59:71:72:
		14:EC:E8:A5:0F:65:80:6E:1A:B7:4E:90:21:9F:06:93:36:AF:36:BD:
		D4:E8:B6:B8:C9:00:DA:34:10:7E:F5:5E:97:A0:56:88:1D:7F:4A:46:
		63:06:A2:D3:FF:BE:12:38:45:A5:4D:9D:3C:BB:EB:38:CE:08:98:AC:
		34:5C:AF:92:DF:14:5F:6B:7F:2F:9C:35:D0:21:B2:90:C4:71:DB:DE:
		4A:CB:3F:FC:9D:EB:E0:C0:01:01:7E:1D:9F:D8:AA:61:4D:37:2B:F5:
		46:84:8F:D5:7E:86:92:11:ED:9B:C1:86:7A:85:98:82:E8:4F:FC:CE:
		D3:DC:2B:7D:7A:B0:41:4E:75:E0:BB:FC:0B:AD:0D:CE:C4:2D:42:2F:
		EE:1F:87:55:4B:1C:60:F9:D2:7A:AE:83:E0:31:3D:DD:84:DF:62:EB:
		F5:C6:CE:5C:6A:74:97:28:A5:94:4F:A7:6B:78:7F:02:8A:0C:A4:99:
		1D:D9:5A:D9:51:97:63:8A:79:4D:2A:18:F4:2F:0D:CB:07:E2:4A:D6:
		E6:2A:CE:89:47:97:9D:F9:49:51:64:56:16:B4:5A:E1:0A:69:E6:A7:
		58:6F:D6:FD:DE:A9:71:92:B1:2E:D2:67:C2:CF:97:3B:DB:CE:35:3D:
		32:BC:28:4D:0D:7F:C1:BC:23:E9:6A:36:15:BF:BE:2E:51:9F:35:1A:
		A3:69:8C:E9:CE:37:55:49:EB:CC:11:10:47:46:34:C3:97:2C:AD:01:
		51:73:98:0D:71:3B:0C:DB:5B:73:74:8F:9C:7E:47:53:5E:5C:F3:ED:
		BD:5C:DA:DA:27:9A:AF:B4:71:42:A7:F6:6C:47:27:6F:80:E2:0E:72:
		46:59:46:0E:44:F6:DC:78:ED:90:89:C0:F6:32:7A:44:CC:B1:AC:12:
		DF:FB:2C:A3:99:C5:2A:32:2E:65:69:08:9F:B7:71:48:5B:20:70:C2:
		78:D2:0D:B6:AA:8E:9B:D9:A4:35:D7:8F
XDMA_MODINFO_END
XDMA_MODULE_PATH=/lib/modules/7.0.0-29-generic/kernel/drivers/dma/xilinx/xdma.ko.zst
XDMA_MODULE_SHA256=523ed1f77a4700773ef1df846a54592d7396774826acabbcb222e104cc5a9490
XDMA_MODULE_ALIASES_BEGIN
platform:xdma
XDMA_MODULE_ALIASES_END
EXACT_KERNEL_MODULE_MATCHES_BEGIN
/lib/modules/7.0.0-29-generic/kernel/drivers/dma/xilinx/xdma.ko.zst
EXACT_KERNEL_MODULE_MATCHES_END
XILINX_DMA_NAMED_KERNEL_MODULES_BEGIN
/lib/modules/7.0.0-29-generic/kernel/drivers/dma/xilinx/xilinx_dma.ko.zst
XILINX_DMA_NAMED_KERNEL_MODULES_END
MODULE_ALIAS_DATABASE_EXACT_VENDOR_BEGIN
alias platform:xdma xdma
alias pci:v000010EEd0000EBEBsv*sd*bc*sc*i* xillybus_pcie
alias pci:v000010EEd00001100sv*sd*bc*sc*i* sfc
alias pci:v000010EEd00000100sv*sd*bc*sc*i* sfc
alias usb:v0AF0p7011d*dc*dsc*dp*ic*isc*ip*in* hso
alias usb:v1BC7p7011d*dc*dsc*dp*icFFisc*ip*in* option
alias pci:v000010EEd0000222Asv*sd*bc*sc*i* earth_pt1
alias pci:v000010EEd0000211Asv*sd*bc*sc*i* earth_pt1
alias pci:v000010EEd00009038sv000016AEsd0000C522bc*sc*i* crypto_safexcel
alias pci:v000010EEd00000300sv*sd*bc*sc*i* solos_pci
alias pci:v000010EEd00003FC3sv*sd*bc*sc*i* snd_rme96
alias pci:v000010EEd00003FC2sv*sd*bc*sc*i* snd_rme96
alias pci:v000010EEd00003FC1sv*sd*bc*sc*i* snd_rme96
alias pci:v000010EEd00003FC0sv*sd*bc*sc*i* snd_rme96
alias pci:v000010EEd00003FC4sv*sd*bc*sc*i* snd_rme9652
alias pci:v000010EEd00003FC5sv*sd*bc*sc*i* snd_hdsp
alias pci:v000010EEd00003FC6sv*sd*bc*sc*i* snd_hdspm
MODULE_ALIAS_DATABASE_EXACT_VENDOR_END
MODULE_DEPENDENCY_DATABASE_XDMA_BEGIN
kernel/drivers/dma/xilinx/xdma.ko.zst:
kernel/drivers/media/pci/mgb4/mgb4.ko.zst: kernel/drivers/iio/buffer/industrialio-triggered-buffer.ko.zst kernel/drivers/iio/buffer/kfifo_buf.ko.zst kernel/drivers/dma/xilinx/xdma.ko.zst kernel/drivers/media/v4l2-core/v4l2-dv-timings.ko.zst kernel/drivers/media/common/videobuf2/videobuf2-dma-sg.ko.zst kernel/drivers/media/common/videobuf2/videobuf2-memops.ko.zst kernel/drivers/media/common/videobuf2/videobuf2-v4l2.ko.zst kernel/drivers/media/common/videobuf2/videobuf2-common.ko.zst kernel/drivers/media/v4l2-core/videodev.ko.zst kernel/drivers/media/mc/mc.ko.zst kernel/drivers/iio/industrialio.ko.zst kernel/drivers/mtd/mtd.ko.zst
MODULE_DEPENDENCY_DATABASE_XDMA_END
PLATFORM_XDMA_MATCHING_DEVICES_BEGIN
PLATFORM_XDMA_MATCHING_DEVICE_COUNT=0
PLATFORM_XDMA_MATCHING_DEVICES_END
DKMS_XDMA_BEGIN
DKMS_COMMAND=ABSENT
DKMS_XDMA_END
PCI_DRIVER_INVENTORY_BEGIN
PCI_DRIVER=8250_mid MODULE=8250_mid
PCI_DRIVER=agpgart-intel MODULE=intel_agp
PCI_DRIVER=agpgart-via MODULE=via_agp
PCI_DRIVER=ahci MODULE=ahci
PCI_DRIVER=amdgpu MODULE=amdgpu
PCI_DRIVER=amdxdna MODULE=amdxdna
PCI_DRIVER=asiliantfb MODULE=asiliantfb
PCI_DRIVER=ata_generic MODULE=ata_generic
PCI_DRIVER=ata_piix MODULE=ata_piix
PCI_DRIVER=ccp MODULE=ccp
PCI_DRIVER=ehci-pci MODULE=ehci_pci
PCI_DRIVER=imsttfb MODULE=imsttfb
PCI_DRIVER=intel_scu MODULE=intel_scu_pcidrv
PCI_DRIVER=iosf_mbi_pci MODULE=iosf_mbi
PCI_DRIVER=k10temp MODULE=k10temp
PCI_DRIVER=octep_hp MODULE=octep_hp
PCI_DRIVER=ohci-pci MODULE=ohci_pci
PCI_DRIVER=parport_pc MODULE=parport_pc
PCI_DRIVER=pata_sis MODULE=pata_sis
PCI_DRIVER=pcie_mp2_amd MODULE=amd_sfh
PCI_DRIVER=pcieport MODULE=pcieportdrv
PCI_DRIVER=piix4_smbus MODULE=i2c_piix4
PCI_DRIVER=pwm-lpss MODULE=pwm_lpss_pci
PCI_DRIVER=r8169 MODULE=r8169
PCI_DRIVER=serial MODULE=8250_pci
PCI_DRIVER=shpchp MODULE=shpchp
PCI_DRIVER=snd_hda_intel MODULE=snd_hda_intel
PCI_DRIVER=uhci_hcd MODULE=uhci_hcd
PCI_DRIVER=virtio-pci MODULE=virtio_pci
PCI_DRIVER=xen-platform-pci MODULE=platform_pci
PCI_DRIVER=xhci_hcd MODULE=xhci_pci
PCI_DRIVER_INVENTORY_END
ENDPOINT_KERNEL_BINDING_VIEW_BEGIN
0000:01:00.0 Memory controller [0580]: Xilinx Corporation 7-Series FPGA Hard PCIe block (AXI/debug) [10ee:7011]
	Subsystem: Xilinx Corporation Device [10ee:0007]
DEVPATH=/devices/pci0000:00/0000:00:01.1/0000:01:00.0
PCI_CLASS=58000
PCI_ID=10EE:7011
PCI_SUBSYS_ID=10EE:0007
PCI_SLOT_NAME=0000:01:00.0
MODALIAS=pci:v000010EEd00007011sv000010EEsd00000007bc05sc80i00
SUBSYSTEM=pci
USEC_INITIALIZED=3882954
ID_PCI_CLASS_FROM_DATABASE=Memory controller
ID_PCI_SUBCLASS_FROM_DATABASE=Memory controller
ID_VENDOR_FROM_DATABASE=Xilinx Corporation
ID_MODEL_FROM_DATABASE=7-Series FPGA Hard PCIe block (AXI/debug)
ID_PATH=pci-0000:01:00.0
ID_PATH_TAG=pci-0000_01_00_0
ENDPOINT_KERNEL_BINDING_VIEW_END
XDMA_LOADED_COUNT=0
XDMA_DRIVER_SYSFS_PCI=ABSENT
XDMA_DRIVER_SYSFS_PLATFORM=ABSENT
XDMA_DEVICE_NODE_COUNT=0
MODULE_LOADS=0
DRIVER_BINDS=0
DRIVER_UNBINDS=0
MMIO_READS=0
MMIO_WRITES=0
DMA_OPERATIONS=0
RESULT=PASS
STDOUT_END
STDERR_BEGIN

STDERR_END
