BUS_SKEW_STATE=RUNNING
ROUTED_DCP=C:/FPGA/G2B_NVP_CAMERA_ACQ1_COMPAT0_R2R1_CONT1R3R1_20260916T105442Z/build/CANDIDATE1_ROUTED_UNQUALIFIED.dcp
ROUTED_DCP_SHA256=804CB25D89DF3729A65D2771B892738AC2D580E2921AF48CAE1C5C28D76BC208
FULL_RAW_XDC_SHA256=87839D4C2FFCF367047EDF35D83E402EDD9F3BD4A49E9F85AF7167726AE19AC3
BASE_RAW_XDC_SHA256=15F75CACD59C53AD3D8D38430268052E84ECBA0126765D7725A7669985367E7A
FULL_RAW_BUS_SKEW_CONSTRAINTS=11
BASE_RAW_BUS_SKEW_CONSTRAINTS=0
PRE_SETUP_WNS=0.047
PRE_HOLD_WHS=0.036
FULL_SEMANTIC_XDC_SHA256=E292B76944A5FD7776FD0A4AB040F40B024FF8B1CA09B41AFBCBEDC4F1F8191A
FULL_SEMANTIC_XDC_CANONICAL_SHA256=4EDC4305DFD5B6A0F2EEA9E45CEABDDF4DC74B30A2CD9B394ED22E7500FC1B44
FULL_NORMALIZATION_PASSES=3
BASE_SEMANTIC_XDC_SHA256=0DAC11F84539469FD6CE053EC315E6A5C4ECB582905BB9E7F1A6BC439903FF6F
BASE_SEMANTIC_XDC_CANONICAL_SHA256=71AA6C415CD652DD6B1370BC545686ADB5FDE68D05747E0238F77D85CDF9F5BC
BASE_NORMALIZATION_PASSES=2
FULL_BUS_SKEW_CONSTRAINTS=11
BASE_BUS_SKEW_CONSTRAINTS=0
BASE_MAX_DELAY_CONSTRAINTS=26
BASE_FALSE_PATH_CONSTRAINTS=30
BASE_CLOCK_GROUP_CONSTRAINTS=1
GROUP_1_NAME=CFG_PCIE_TO_NVP
GROUP_1_SOURCE_COUNT=74
GROUP_1_DESTINATION_COUNT=74
GROUP_1_OBJECTS_SHA256=A3EFF874297EEE7D505F91F1BA53FC6B7FB797B8E5AEBB6ED5A7AD914C84B9C6
GROUP_1_ISOLATED_XDC_SHA256=AE86EA4D3A04B2D56CF274E3B2415C06874E1E874CDDCE600962E92ECDDB3336
GROUP_1_RAW_REPORT_SHA256=1339AB2151903FBA6A52081E4A6EBD81074201EC8A47EBA2517F2182E51F18FF
GROUP_1_CORNER=Slow
GROUP_1_REQUIREMENT_NS=3.000
GROUP_1_ACTUAL_NS=1.351
GROUP_1_SLACK_NS=1.649
GROUP_1_NEGATIVE_DISPLAY=0
GROUP_1_VIOLATION_MARKER=0
GROUP_1_REPORT_ELAPSED_MS=35304
GROUP_1_RESULT=PASS
GROUP_2_NAME=STATUS_NVP_TO_PCIE
GROUP_2_SOURCE_COUNT=291
GROUP_2_DESTINATION_COUNT=291
GROUP_2_OBJECTS_SHA256=FB5316BF22C23E5C04DFFEF26B4BAC856487C45E407633C30060808EF8CF9F55
GROUP_2_ISOLATED_XDC_SHA256=78B14E8674DBDB1D2506483EC643D612DAEBF74544E7589D37D72BFC21A752C5
GROUP_2_RAW_REPORT_SHA256=D70213126F8750CA7D630F42BEB7354CDCC31343C661691F44ACC805898A3FA0
GROUP_2_CORNER=Slow
GROUP_2_REQUIREMENT_NS=3.000
GROUP_2_ACTUAL_NS=1.669
GROUP_2_SLACK_NS=1.331
GROUP_2_NEGATIVE_DISPLAY=0
GROUP_2_VIOLATION_MARKER=0
GROUP_2_REPORT_ELAPSED_MS=39474
GROUP_2_RESULT=PASS
GROUP_3_NAME=DIAGNOSTIC_GRAY_TO_FIRST_STAGE
GROUP_3_SOURCE_COUNT=96
GROUP_3_DESTINATION_COUNT=96
GROUP_3_OBJECTS_SHA256=58626920E31E015E2EBA449F6CF551E5809E497EBD78C98A64E661BC78F071DF
GROUP_3_ISOLATED_XDC_SHA256=CBAD9F1617919F805FDADAC0E86C4250A4FD138E56483AD9ECFF3EED686ED63A
GROUP_3_RAW_REPORT_SHA256=4EB4011BAD28E1DD573B8C6963B84D78526E01EEB8CE11A4395E6C912189CFDB
GROUP_3_CORNER=Slow
GROUP_3_REQUIREMENT_NS=3.000
GROUP_3_ACTUAL_NS=1.245
GROUP_3_SLACK_NS=1.755
GROUP_3_NEGATIVE_DISPLAY=0
GROUP_3_VIOLATION_MARKER=0
GROUP_3_REPORT_ELAPSED_MS=36017
GROUP_3_RESULT=PASS
GROUP_4_NAME=SNAPSHOT_GRAY_SOURCE_TO_AXI
GROUP_4_SOURCE_COUNT=128
GROUP_4_DESTINATION_COUNT=128
GROUP_4_OBJECTS_SHA256=CC4FDF8E19078C65548D21FB9EEA8740F50F56E25E8474FECD413A55D8756E45
GROUP_4_ISOLATED_XDC_SHA256=93F650C983E8FE6D6821BA68817A04299642FC4063D150BA7080001F57CE07C0
GROUP_4_RAW_REPORT_SHA256=365AE6CE7BC15B10D03375F25E6BBE9969FB4BD6693F1A059324930A9D569E8B
GROUP_4_CORNER=Slow
GROUP_4_REQUIREMENT_NS=3.000
GROUP_4_ACTUAL_NS=1.156
GROUP_4_SLACK_NS=1.844
GROUP_4_NEGATIVE_DISPLAY=0
GROUP_4_VIOLATION_MARKER=0
GROUP_4_REPORT_ELAPSED_MS=35057
GROUP_4_RESULT=PASS
GROUP_5_NAME=SNAPSHOT_EPOCH_SOURCE_TO_AXI
GROUP_5_SOURCE_COUNT=32
GROUP_5_DESTINATION_COUNT=32
GROUP_5_OBJECTS_SHA256=792205FB5EDD7C7B7B13A9B8467330A2A42CAABEC7882E83363CFE156E907856
GROUP_5_ISOLATED_XDC_SHA256=DDE6C22C8349B1D635CD89040AE0D00152AB3B5316028B579EF4BE4FA83D9F21
GROUP_5_RAW_REPORT_SHA256=35C6E054BA55E21D9F20CE94F9C05CAA0BCE70B6A93E26991A5EF6D9F8BC0E1F
GROUP_5_CORNER=Slow
GROUP_5_REQUIREMENT_NS=3.000
GROUP_5_ACTUAL_NS=0.791
GROUP_5_SLACK_NS=2.209
GROUP_5_NEGATIVE_DISPLAY=0
GROUP_5_VIOLATION_MARKER=0
GROUP_5_REPORT_ELAPSED_MS=35128
GROUP_5_RESULT=PASS
GROUP_6_NAME=HARD_EVENT_BASELINE_SOURCE_TO_AXI
GROUP_6_SOURCE_COUNT=4
GROUP_6_DESTINATION_COUNT=4
GROUP_6_OBJECTS_SHA256=75C452C3400582EA7DBC20B186D33F3B259AC495418FC9D927C8697035F379D0
GROUP_6_ISOLATED_XDC_SHA256=8F874E49A150213AD8D0DC97ABF1C8F91CA79231EBE400B539BC192E161E4987
GROUP_6_RAW_REPORT_SHA256=CD3F11A2F78F2D805F6C5DF2415E02A0A8F3122930253638E42A7FFEB6E3DF6A
GROUP_6_CORNER=Slow
GROUP_6_REQUIREMENT_NS=3.000
GROUP_6_ACTUAL_NS=0.779
GROUP_6_SLACK_NS=2.221
GROUP_6_NEGATIVE_DISPLAY=0
GROUP_6_VIOLATION_MARKER=0
GROUP_6_REPORT_ELAPSED_MS=34538
GROUP_6_RESULT=PASS
GROUP_7_NAME=SNAPSHOT_EPOCH_AXI_TO_SOURCE
GROUP_7_SOURCE_COUNT=32
GROUP_7_DESTINATION_COUNT=32
GROUP_7_OBJECTS_SHA256=22997D2D79DA557F94FAF6F4217FBA771124CC0C7D33735D715E4983543C3D12
GROUP_7_ISOLATED_XDC_SHA256=671CB8FE90AD87D2F89803F0769085FAB3F7AB0B658D65842CD31F2D460A84E1
GROUP_7_RAW_REPORT_SHA256=15D37B4A8D6868E87EC0525B4371E6F7461DA6C028BF9C610B39B52C34341818
GROUP_7_CORNER=Slow
GROUP_7_REQUIREMENT_NS=3.000
GROUP_7_ACTUAL_NS=1.107
GROUP_7_SLACK_NS=1.893
GROUP_7_NEGATIVE_DISPLAY=0
GROUP_7_VIOLATION_MARKER=0
GROUP_7_REPORT_ELAPSED_MS=25601
GROUP_7_RESULT=PASS
GROUP_8_NAME=TRANSPORT_AXI_TO_SOURCE
GROUP_8_SOURCE_COUNT=38
GROUP_8_DESTINATION_COUNT=217
GROUP_8_OBJECTS_SHA256=26C7BF2468B07F616267E43CA0B11B809004C7698CAFC39323AB336D25500654
GROUP_8_ISOLATED_XDC_SHA256=0BDE97B74B6380891C80FD94240EEDBF5E2CF4434FB59F2B127C1BF6E2A9C17C
GROUP_8_RAW_REPORT_SHA256=EC5019DA6456DC97F6C94CA7BD93603CD106514970A40A9F83E6B2645D12A7D7
GROUP_8_CORNER=Slow
GROUP_8_REQUIREMENT_NS=3.000
GROUP_8_ACTUAL_NS=2.026
GROUP_8_SLACK_NS=0.974
GROUP_8_NEGATIVE_DISPLAY=0
GROUP_8_VIOLATION_MARKER=0
GROUP_8_REPORT_ELAPSED_MS=33366
GROUP_8_RESULT=PASS
GROUP_10_NAME=DESCRIPTOR_ATTEMPT_SOURCE_TO_AXI
GROUP_10_SOURCE_COUNT=44
GROUP_10_DESTINATION_COUNT=32
GROUP_10_OBJECTS_SHA256=76B28C4A6CED7A3379D1B2FDF3879F38A671AB873834C7174FC98089046D8B45
GROUP_10_ISOLATED_XDC_SHA256=E8D19FD3B94C7071DA1DB8EE2D20AF49ECE82804D71FE5D43010D166A0D88F63
GROUP_10_RAW_REPORT_SHA256=7444B44D53702B120C255C5A5BF4352C91C6B20DC951840CBEA320C4459641ED
GROUP_10_CORNER=Slow
GROUP_10_REQUIREMENT_NS=3.000
GROUP_10_ACTUAL_NS=1.249
GROUP_10_SLACK_NS=1.751
GROUP_10_NEGATIVE_DISPLAY=0
GROUP_10_VIOLATION_MARKER=0
GROUP_10_REPORT_ELAPSED_MS=24621
GROUP_10_RESULT=PASS
GROUP_11_NAME=DESCRIPTOR_GENERATION_SOURCE_TO_AXI
GROUP_11_SOURCE_COUNT=32
GROUP_11_DESTINATION_COUNT=24
GROUP_11_OBJECTS_SHA256=AE88DF25DE58F35E5FDB6C2F0736EE71C485BCF4AEDDEBF7BC757CDB111E7D89
GROUP_11_ISOLATED_XDC_SHA256=3FDC4ADFAF9D0396C1F92FE77B4302EA6A3A6AC7769D7724B8DC3AD34009EC3E
GROUP_11_RAW_REPORT_SHA256=54D652B376013545E7041E67F8FBDDDBE8F1131C9C77A711381EB1DD84BDAF2A
GROUP_11_CORNER=Slow
GROUP_11_REQUIREMENT_NS=3.000
GROUP_11_ACTUAL_NS=1.301
GROUP_11_SLACK_NS=1.699
GROUP_11_NEGATIVE_DISPLAY=0
GROUP_11_VIOLATION_MARKER=0
GROUP_11_REPORT_ELAPSED_MS=27823
GROUP_11_RESULT=PASS
GROUP_12_NAME=DESCRIPTOR_EPOCH_SOURCE_TO_AXI
GROUP_12_SOURCE_COUNT=128
GROUP_12_DESTINATION_COUNT=32
GROUP_12_OBJECTS_SHA256=18EBCECDAF3FAF41263B6B13B1F2AAD89836F727C2573828FECB679213F2C95F
GROUP_12_ISOLATED_XDC_SHA256=CB4182DCFB184D82E37D4D2D64D8215795F461DF6422EAF58AD8671B87FEE964
GROUP_12_RAW_REPORT_SHA256=FE36AD147F6D98B35AEC1B158CE14E4AB054601A26FC633D73569C5D46033AF2
GROUP_12_CORNER=Slow
GROUP_12_REQUIREMENT_NS=3.000
GROUP_12_ACTUAL_NS=1.953
GROUP_12_SLACK_NS=1.047
GROUP_12_NEGATIVE_DISPLAY=0
GROUP_12_VIOLATION_MARKER=0
GROUP_12_REPORT_ELAPSED_MS=26584
GROUP_12_RESULT=PASS
RESTORED_XDC_SHA256=4542C173DD191B1492753A9C732E56C6CEB98BD2C24FBB5E97D0235567ACAF6B
RESTORED_XDC_CANONICAL_SHA256=4EDC4305DFD5B6A0F2EEA9E45CEABDDF4DC74B30A2CD9B394ED22E7500FC1B44
RESTORED_BUS_SKEW_CONSTRAINTS=11
POST_SETUP_WNS=0.047
POST_HOLD_WHS=0.036
CLOCK_SIGNATURE_RESTORED=YES
ROUTE_SIGNATURE_UNCHANGED=YES
BUS_SKEW_OPERATION_RESULT=PASS
FULL_TIMING_RESTORATION=PASS
BUS_SKEW_MET_CONSTRAINTS=11
BUS_SKEW_VIOLATIONS=0
BUS_SKEW_GATE=PASS
