Copyright 1986-2022 Xilinx, Inc. All Rights Reserved. Copyright 2022-2025 Advanced Micro Devices, Inc. All Rights Reserved.
---------------------------------------------------------------------------------------------------------------------------------------------
| Tool Version : Vivado v.2025.2 (win64) Build 6299465 Fri Nov 14 19:35:11 GMT 2025
| Date         : Sat Sep  5 11:49:23 2026
| Host         : NBLSUDUL running 64-bit major release  (build 9200)
| Command      : report_clock_interaction -file C:/FPGA/G2B_LUT1_SIGNOFF_RECOVERY4_20260905_112316/CLOCK_INTERACTION.rpt
| Design       : ahd_capture_top_xdma
| Device       : 7a35t-csg325
| Speed File   : -2  PRODUCTION 1.23 2018-06-13
| Design State : Routed
---------------------------------------------------------------------------------------------------------------------------------------------

Clock Interaction Report

Clock Interaction Table
-----------------------

                                                        WNS                            TNS Failing  TNS Total    WNS Path         Clock-Pair           Inter-Clock              
From Clock                  To Clock                    Clock Edges  WNS(ns)  TNS(ns)    Endpoints    Endpoints  Requirement(ns)  Classification       Constraints              
--------------------------  --------------------------  -----------  -------  -------  -----------  -----------  ---------------  -------------------  -----------------------  
clk_125mhz_mux_x0y0         clk_125mhz_mux_x0y0         rise - rise     4.70     0.00            0          704             8.00  Clean                Timed                    
clk_125mhz_mux_x0y0         clk_125mhz_x0y0             rise - rise     5.46     0.00            0            5             8.00  Clean                Partial False Path       
clk_125mhz_mux_x0y0         clk_250mhz_mux_x0y0                                                  0          704                   Ignored              Exclusive Groups         
clk_125mhz_mux_x0y0         clk_250mhz_x0y0                                                      0            1                   Ignored              False Path               
clk_125mhz_mux_x0y0         userclk1                                                             0            2                   Ignored              False Path               
clk_125mhz_x0y0             clk_125mhz_mux_x0y0         rise - rise     5.96     0.00            0            3             8.00  Clean                Timed                    
clk_125mhz_x0y0             clk_125mhz_x0y0             rise - rise     4.42     0.00            0          335             8.00  Clean                Timed                    
clk_125mhz_x0y0             clk_250mhz_mux_x0y0         rise - rise     1.84     0.00            0            3             4.00  Clean                Timed                    
clk_250mhz_mux_x0y0         clk_125mhz_mux_x0y0                                                  0          704                   Ignored              Exclusive Groups         
clk_250mhz_mux_x0y0         clk_125mhz_x0y0             rise - rise     1.34     0.00            0            5             4.00  Clean                Partial False Path       
clk_250mhz_mux_x0y0         clk_250mhz_mux_x0y0         rise - rise     0.71     0.00            0          704             4.00  Clean                Timed                    
clk_250mhz_mux_x0y0         clk_250mhz_x0y0                                                      0            1                   Ignored              False Path               
clk_250mhz_mux_x0y0         userclk1                                                             0            2                   Ignored              False Path               
idelay_refclk_unbuf         idelay_refclk_unbuf         rise - rise     3.83     0.00            0           10             5.05  Clean                Timed                    
nvp_vclk1                   nvp_vclk1                   rise - rise     0.02     0.00            0         8309             6.73  Clean                Partial False Path       
nvp_vclk1                   userclk1                    rise - rise     0.90     0.00            0         1288             6.00  Ignored              Max Delay Datapath Only  
pcie_refclk_100             pcie_refclk_100             rise - rise     8.69     0.00            0            7            10.00  Clean                Timed                    
userclk1                    nvp_vclk1                   rise - rise     0.09     0.00            0          374             6.00  Ignored              Max Delay Datapath Only  
userclk1                    userclk1                    rise - rise     4.13     0.00            0        47920            16.00  Clean                Partial False Path       


