
****** Vivado v2025.2 (64-bit)
  **** SW Build 6299465 on Fri Nov 14 19:35:11 GMT 2025
  **** IP Build 6300035 on Fri Nov 14 10:48:45 MST 2025
  **** SharedData Build 6298862 on Thu Nov 13 04:50:51 MST 2025
  **** Start of session at: Sat Sep  5 11:25:39 2026
    ** Copyright 1986-2022 Xilinx, Inc. All Rights Reserved.
    ** Copyright 2022-2025 Advanced Micro Devices, Inc. All Rights Reserved.

WARNING: [Runs 36-547] User Strategy 'Vivado Implementation Defaults' from file 'C:\Users\£ukasz Sudu³\AppData\Roaming/Xilinx/Vivado/2025.2/strategies/Vivado Implementation Defaults.Vivado Implementation 2025.psg' discarded because strategy with same name already parsed from 'C:/AMDDesignTools/2025.2/Vivado/strategies/VDI2025.psg'
INFO: [Common 17-1239] XILINX_LOCAL_USER_DATA is set to 'NO'.
source {C:\FPGA\G2B_LUT1_SIGNOFF_RECOVERY4_20260905_112316\worker.tcl}
# set R {C:/FPGA/G2B_LUT1_SIGNOFF_RECOVERY4_20260905_112316}
# proc save {name value} {set f [open "$::R/$name.tmp" w]; fconfigure $f -translation lf; puts $f $value; close $f; file rename -force "$::R/$name.tmp" "$::R/$name"}
# proc phase {name seconds} {save phase.txt "$name|$seconds|[clock seconds]"; puts "RECOVERY4_PHASE=$name"; flush stdout}
# proc require_count {label objects n} {if {[llength $objects] != $n} {error "$label expected $n actual [llength $objects]"}}
# proc run {} {
#  phase INITIALIZE 900
#  open_checkpoint {C:/FPGA/G2B_LUT1_PRODUCT_PRECOMMIT_RECOVERY_20260831_12R1/sealed_inputs/G2B_ROUTED.dcp}
#  if {[get_property PART [current_design]] ne "xc7a35tcsg325-2"} {error "part mismatch"}
#  save version.txt [version]
#  reset_timing -invalid
#  read_xdc "$::R/non_g2b_context.xdc"
#  read_xdc "$::R/proposed_g2b_cdc.xdc"
#  set rows {Group,Slot,Family,Source_Count,Destination_Count}
#  for {set slot 1} {$slot<=3} {incr slot} {
#   set g [expr {$slot+14}]; set prefix g2b_g${g}eq
#   require_count generation [set ${prefix}_release_generation_src] 24
#   require_count epoch [set ${prefix}_release_epoch_src] 32
#   require_count payload [set ${prefix}_release_payload_src] 56
#   foreach role {state fault reset} n {3 4 3} {
#    require_count $role [set ${prefix}_release_${role}_dst_cells] $n
#    append rows "\n$g,$slot,$role,56,$n"
#   }
#  }
#  write_xdc -exclude_physical -force "$::R/proposed_resolved.xdc"
#  save scope_resolved.csv $rows
#  phase WAIT_SOURCE_COMMIT 900
#  save SCOPE_PASS.marker PASS
#  while {![file exists "$::R/commit_ready.marker"]} {after 1000}
#  read_xdc {C:/FPGA/V41_G2B/xdc/common/g2b_cdc.xdc}
#  save COMMITTED_XDC_APPLIED.marker PASS
#  for {set i 1} {$i<=20} {incr i} {
#   phase WAIT_NEXT_STAGE 900
#   set cmd "$::R/stage${i}.tcl"
#   while {![file exists $cmd]} {after 1000}
#   source $cmd
#   save stage${i}_complete.marker PASS
#   if {[info exists ::finished]} {return}
#  }
# }
# if {[catch {run} msg opts]} {save FAILURE.txt "$msg\n[dict get $opts -errorinfo]"; exit 1}
RECOVERY4_PHASE=INITIALIZE
Command: open_checkpoint C:/FPGA/G2B_LUT1_PRODUCT_PRECOMMIT_RECOVERY_20260831_12R1/sealed_inputs/G2B_ROUTED.dcp

Starting open_checkpoint Task

Time (s): cpu = 00:00:01 ; elapsed = 00:00:00.194 . Memory (MB): peak = 330.473 ; gain = 5.113
INFO: [Device 21-403] Loading part xc7a35tcsg325-2
Netlist sorting complete. Time (s): cpu = 00:00:02 ; elapsed = 00:00:02 . Memory (MB): peak = 803.426 ; gain = 0.000
INFO: [Netlist 29-17] Analyzing 2171 Unisim elements for replacement
INFO: [Netlist 29-28] Unisim Transformation completed in 2 CPU seconds
INFO: [Project 1-479] Netlist was created with Vivado 2025.2
INFO: [Project 1-570] Preparing netlist for logic optimization
Read ShapeDB Complete: Time (s): cpu = 00:00:00 ; elapsed = 00:00:00.420 . Memory (MB): peak = 947.531 ; gain = 11.391
INFO: [Timing 38-478] Restoring timing data from binary archive.
INFO: [Timing 38-479] Binary timing data restore complete.
INFO: [Project 1-856] Restoring constraints from binary archive.
INFO: [Project 1-853] Binary constraint restore complete.
INFO: [Designutils 20-5722] Start Reading Physical Databases.
Reading placement.
Read Netlist Cache: Time (s): cpu = 00:00:00 ; elapsed = 00:00:00.104 . Memory (MB): peak = 1579.391 ; gain = 0.000
Reading placer database...
Read Device Cache: Time (s): cpu = 00:00:00 ; elapsed = 00:00:00.021 . Memory (MB): peak = 1579.391 ; gain = 0.000
Read PlaceDB: Time (s): cpu = 00:00:00 ; elapsed = 00:00:00 . Memory (MB): peak = 1579.391 ; gain = 0.000
Read placeStorage: Time (s): cpu = 00:00:02 ; elapsed = 00:00:02 . Memory (MB): peak = 1587.098 ; gain = 7.707
Read PulsedLatchDB: Time (s): cpu = 00:00:00 ; elapsed = 00:00:00 . Memory (MB): peak = 1587.098 ; gain = 0.000
Reading routing.
Read RouteStorage: Time (s): cpu = 00:00:01 ; elapsed = 00:00:00.770 . Memory (MB): peak = 1609.324 ; gain = 22.227
Read Physdb Files: Time (s): cpu = 00:00:03 ; elapsed = 00:00:03 . Memory (MB): peak = 1609.324 ; gain = 29.934
Restored from archive | CPU: 3.000000 secs | Memory: 0.000000 MB |
Finished XDEF File Restore: Time (s): cpu = 00:00:03 ; elapsed = 00:00:03 . Memory (MB): peak = 1609.324 ; gain = 29.934
Netlist sorting complete. Time (s): cpu = 00:00:00 ; elapsed = 00:00:00.033 . Memory (MB): peak = 1641.848 ; gain = 0.000
INFO: [Project 1-111] Unisim Transformation Summary:
  A total of 333 instances were transformed.
  IOBUF => IOBUF (IBUF, OBUFT): 2 instances
  RAM16X1D => RAM32X1D (RAMD32(x2)): 37 instances
  RAM32M => RAM32M (RAMD32(x6), RAMS32(x2)): 264 instances
  RAM32X1D => RAM32X1D (RAMD32(x2)): 22 instances
  RAM64X1S => RAM64X1S (RAMS64E): 8 instances

INFO: [Project 1-604] Checkpoint was created with Vivado v2025.2 (64-bit) build 6299465
open_checkpoint: Time (s): cpu = 00:01:27 ; elapsed = 00:01:41 . Memory (MB): peak = 1647.473 ; gain = 1331.883
Parsing XDC File [C:/FPGA/G2B_LUT1_SIGNOFF_RECOVERY4_20260905_112316/non_g2b_context.xdc]
INFO: [Timing 38-35] Done setting XDC timing constraints. [C:/FPGA/G2B_LUT1_SIGNOFF_RECOVERY4_20260905_112316/non_g2b_context.xdc:19]
INFO: [Timing 38-2] Deriving generated clocks [C:/FPGA/G2B_LUT1_SIGNOFF_RECOVERY4_20260905_112316/non_g2b_context.xdc:19]
Finished Parsing XDC File [C:/FPGA/G2B_LUT1_SIGNOFF_RECOVERY4_20260905_112316/non_g2b_context.xdc]
read_xdc: Time (s): cpu = 00:00:43 ; elapsed = 00:00:42 . Memory (MB): peak = 1664.535 ; gain = 17.062
Parsing XDC File [C:/FPGA/G2B_LUT1_SIGNOFF_RECOVERY4_20260905_112316/proposed_g2b_cdc.xdc]
INFO: [Timing 38-2] Deriving generated clocks [C:/FPGA/G2B_LUT1_SIGNOFF_RECOVERY4_20260905_112316/proposed_g2b_cdc.xdc:169]
INFO: [Vivado 12-2286] Implicit search of objects for pattern 'G2B_ONECH_C2H/release_generation_axi_reg[0][0]' matched to 'cell' objects. [C:/FPGA/G2B_LUT1_SIGNOFF_RECOVERY4_20260905_112316/proposed_g2b_cdc.xdc:169]
Resolution: To avoid ambiguous patterns, provide proper objects using get commands e.g. [get_nets xyz].
INFO: [Vivado 12-2286] Implicit search of objects for pattern 'G2B_ONECH_C2H/release_generation_axi_reg[0][10]' matched to 'cell' objects. [C:/FPGA/G2B_LUT1_SIGNOFF_RECOVERY4_20260905_112316/proposed_g2b_cdc.xdc:169]
Resolution: To avoid ambiguous patterns, provide proper objects using get commands e.g. [get_nets xyz].
INFO: [Vivado 12-2286] Implicit search of objects for pattern 'G2B_ONECH_C2H/release_generation_axi_reg[0][11]' matched to 'cell' objects. [C:/FPGA/G2B_LUT1_SIGNOFF_RECOVERY4_20260905_112316/proposed_g2b_cdc.xdc:169]
Resolution: To avoid ambiguous patterns, provide proper objects using get commands e.g. [get_nets xyz].
INFO: [Vivado 12-2286] Implicit search of objects for pattern 'G2B_ONECH_C2H/release_generation_axi_reg[0][12]' matched to 'cell' objects. [C:/FPGA/G2B_LUT1_SIGNOFF_RECOVERY4_20260905_112316/proposed_g2b_cdc.xdc:169]
Resolution: To avoid ambiguous patterns, provide proper objects using get commands e.g. [get_nets xyz].
INFO: [Vivado 12-2286] Implicit search of objects for pattern 'G2B_ONECH_C2H/release_generation_axi_reg[0][13]' matched to 'cell' objects. [C:/FPGA/G2B_LUT1_SIGNOFF_RECOVERY4_20260905_112316/proposed_g2b_cdc.xdc:169]
Resolution: To avoid ambiguous patterns, provide proper objects using get commands e.g. [get_nets xyz].
INFO: [Vivado 12-2286] Implicit search of objects for pattern 'G2B_ONECH_C2H/release_generation_axi_reg[0][14]' matched to 'cell' objects. [C:/FPGA/G2B_LUT1_SIGNOFF_RECOVERY4_20260905_112316/proposed_g2b_cdc.xdc:169]
Resolution: To avoid ambiguous patterns, provide proper objects using get commands e.g. [get_nets xyz].
INFO: [Vivado 12-2286] Implicit search of objects for pattern 'G2B_ONECH_C2H/release_generation_axi_reg[0][15]' matched to 'cell' objects. [C:/FPGA/G2B_LUT1_SIGNOFF_RECOVERY4_20260905_112316/proposed_g2b_cdc.xdc:169]
Resolution: To avoid ambiguous patterns, provide proper objects using get commands e.g. [get_nets xyz].
INFO: [Vivado 12-2286] Implicit search of objects for pattern 'G2B_ONECH_C2H/release_generation_axi_reg[0][16]' matched to 'cell' objects. [C:/FPGA/G2B_LUT1_SIGNOFF_RECOVERY4_20260905_112316/proposed_g2b_cdc.xdc:169]
Resolution: To avoid ambiguous patterns, provide proper objects using get commands e.g. [get_nets xyz].
INFO: [Vivado 12-2286] Implicit search of objects for pattern 'G2B_ONECH_C2H/release_generation_axi_reg[0][17]' matched to 'cell' objects. [C:/FPGA/G2B_LUT1_SIGNOFF_RECOVERY4_20260905_112316/proposed_g2b_cdc.xdc:169]
Resolution: To avoid ambiguous patterns, provide proper objects using get commands e.g. [get_nets xyz].
INFO: [Vivado 12-2286] Implicit search of objects for pattern 'G2B_ONECH_C2H/release_generation_axi_reg[0][18]' matched to 'cell' objects. [C:/FPGA/G2B_LUT1_SIGNOFF_RECOVERY4_20260905_112316/proposed_g2b_cdc.xdc:169]
Resolution: To avoid ambiguous patterns, provide proper objects using get commands e.g. [get_nets xyz].
INFO: [Vivado 12-2286] Implicit search of objects for pattern 'G2B_ONECH_C2H/release_generation_axi_reg[0][19]' matched to 'cell' objects. [C:/FPGA/G2B_LUT1_SIGNOFF_RECOVERY4_20260905_112316/proposed_g2b_cdc.xdc:169]
Resolution: To avoid ambiguous patterns, provide proper objects using get commands e.g. [get_nets xyz].
INFO: [Vivado 12-2286] Implicit search of objects for pattern 'G2B_ONECH_C2H/release_generation_axi_reg[0][1]' matched to 'cell' objects. [C:/FPGA/G2B_LUT1_SIGNOFF_RECOVERY4_20260905_112316/proposed_g2b_cdc.xdc:169]
Resolution: To avoid ambiguous patterns, provide proper objects using get commands e.g. [get_nets xyz].
INFO: [Vivado 12-2286] Implicit search of objects for pattern 'G2B_ONECH_C2H/release_generation_axi_reg[0][20]' matched to 'cell' objects. [C:/FPGA/G2B_LUT1_SIGNOFF_RECOVERY4_20260905_112316/proposed_g2b_cdc.xdc:169]
Resolution: To avoid ambiguous patterns, provide proper objects using get commands e.g. [get_nets xyz].
INFO: [Vivado 12-2286] Implicit search of objects for pattern 'G2B_ONECH_C2H/release_generation_axi_reg[0][21]' matched to 'cell' objects. [C:/FPGA/G2B_LUT1_SIGNOFF_RECOVERY4_20260905_112316/proposed_g2b_cdc.xdc:169]
Resolution: To avoid ambiguous patterns, provide proper objects using get commands e.g. [get_nets xyz].
INFO: [Vivado 12-2286] Implicit search of objects for pattern 'G2B_ONECH_C2H/release_generation_axi_reg[0][22]' matched to 'cell' objects. [C:/FPGA/G2B_LUT1_SIGNOFF_RECOVERY4_20260905_112316/proposed_g2b_cdc.xdc:169]
Resolution: To avoid ambiguous patterns, provide proper objects using get commands e.g. [get_nets xyz].
INFO: [Vivado 12-2286] Implicit search of objects for pattern 'G2B_ONECH_C2H/release_generation_axi_reg[0][23]' matched to 'cell' objects. [C:/FPGA/G2B_LUT1_SIGNOFF_RECOVERY4_20260905_112316/proposed_g2b_cdc.xdc:169]
Resolution: To avoid ambiguous patterns, provide proper objects using get commands e.g. [get_nets xyz].
INFO: [Vivado 12-2286] Implicit search of objects for pattern 'G2B_ONECH_C2H/release_generation_axi_reg[0][2]' matched to 'cell' objects. [C:/FPGA/G2B_LUT1_SIGNOFF_RECOVERY4_20260905_112316/proposed_g2b_cdc.xdc:169]
Resolution: To avoid ambiguous patterns, provide proper objects using get commands e.g. [get_nets xyz].
INFO: [Vivado 12-2286] Implicit search of objects for pattern 'G2B_ONECH_C2H/release_generation_axi_reg[0][3]' matched to 'cell' objects. [C:/FPGA/G2B_LUT1_SIGNOFF_RECOVERY4_20260905_112316/proposed_g2b_cdc.xdc:169]
Resolution: To avoid ambiguous patterns, provide proper objects using get commands e.g. [get_nets xyz].
INFO: [Vivado 12-2286] Implicit search of objects for pattern 'G2B_ONECH_C2H/release_generation_axi_reg[0][4]' matched to 'cell' objects. [C:/FPGA/G2B_LUT1_SIGNOFF_RECOVERY4_20260905_112316/proposed_g2b_cdc.xdc:169]
Resolution: To avoid ambiguous patterns, provide proper objects using get commands e.g. [get_nets xyz].
INFO: [Vivado 12-2286] Implicit search of objects for pattern 'G2B_ONECH_C2H/release_generation_axi_reg[0][5]' matched to 'cell' objects. [C:/FPGA/G2B_LUT1_SIGNOFF_RECOVERY4_20260905_112316/proposed_g2b_cdc.xdc:169]
Resolution: To avoid ambiguous patterns, provide proper objects using get commands e.g. [get_nets xyz].
INFO: [Vivado 12-2286] Implicit search of objects for pattern 'G2B_ONECH_C2H/release_generation_axi_reg[0][6]' matched to 'cell' objects. [C:/FPGA/G2B_LUT1_SIGNOFF_RECOVERY4_20260905_112316/proposed_g2b_cdc.xdc:169]
Resolution: To avoid ambiguous patterns, provide proper objects using get commands e.g. [get_nets xyz].
INFO: [Vivado 12-2286] Implicit search of objects for pattern 'G2B_ONECH_C2H/release_generation_axi_reg[0][7]' matched to 'cell' objects. [C:/FPGA/G2B_LUT1_SIGNOFF_RECOVERY4_20260905_112316/proposed_g2b_cdc.xdc:169]
Resolution: To avoid ambiguous patterns, provide proper objects using get commands e.g. [get_nets xyz].
INFO: [Vivado 12-2286] Implicit search of objects for pattern 'G2B_ONECH_C2H/release_generation_axi_reg[0][8]' matched to 'cell' objects. [C:/FPGA/G2B_LUT1_SIGNOFF_RECOVERY4_20260905_112316/proposed_g2b_cdc.xdc:169]
Resolution: To avoid ambiguous patterns, provide proper objects using get commands e.g. [get_nets xyz].
INFO: [Vivado 12-2286] Implicit search of objects for pattern 'G2B_ONECH_C2H/release_generation_axi_reg[0][9]' matched to 'cell' objects. [C:/FPGA/G2B_LUT1_SIGNOFF_RECOVERY4_20260905_112316/proposed_g2b_cdc.xdc:169]
Resolution: To avoid ambiguous patterns, provide proper objects using get commands e.g. [get_nets xyz].
INFO: [Vivado 12-2286] Implicit search of objects for pattern 'G2B_ONECH_C2H/release_epoch_axi_reg[0][0]' matched to 'cell' objects. [C:/FPGA/G2B_LUT1_SIGNOFF_RECOVERY4_20260905_112316/proposed_g2b_cdc.xdc:169]
Resolution: To avoid ambiguous patterns, provide proper objects using get commands e.g. [get_nets xyz].
INFO: [Vivado 12-2286] Implicit search of objects for pattern 'G2B_ONECH_C2H/release_epoch_axi_reg[0][10]' matched to 'cell' objects. [C:/FPGA/G2B_LUT1_SIGNOFF_RECOVERY4_20260905_112316/proposed_g2b_cdc.xdc:169]
Resolution: To avoid ambiguous patterns, provide proper objects using get commands e.g. [get_nets xyz].
INFO: [Vivado 12-2286] Implicit search of objects for pattern 'G2B_ONECH_C2H/release_epoch_axi_reg[0][11]' matched to 'cell' objects. [C:/FPGA/G2B_LUT1_SIGNOFF_RECOVERY4_20260905_112316/proposed_g2b_cdc.xdc:169]
Resolution: To avoid ambiguous patterns, provide proper objects using get commands e.g. [get_nets xyz].
INFO: [Vivado 12-2286] Implicit search of objects for pattern 'G2B_ONECH_C2H/release_epoch_axi_reg[0][12]' matched to 'cell' objects. [C:/FPGA/G2B_LUT1_SIGNOFF_RECOVERY4_20260905_112316/proposed_g2b_cdc.xdc:169]
Resolution: To avoid ambiguous patterns, provide proper objects using get commands e.g. [get_nets xyz].
INFO: [Vivado 12-2286] Implicit search of objects for pattern 'G2B_ONECH_C2H/release_epoch_axi_reg[0][13]' matched to 'cell' objects. [C:/FPGA/G2B_LUT1_SIGNOFF_RECOVERY4_20260905_112316/proposed_g2b_cdc.xdc:169]
Resolution: To avoid ambiguous patterns, provide proper objects using get commands e.g. [get_nets xyz].
INFO: [Vivado 12-2286] Implicit search of objects for pattern 'G2B_ONECH_C2H/release_epoch_axi_reg[0][14]' matched to 'cell' objects. [C:/FPGA/G2B_LUT1_SIGNOFF_RECOVERY4_20260905_112316/proposed_g2b_cdc.xdc:169]
Resolution: To avoid ambiguous patterns, provide proper objects using get commands e.g. [get_nets xyz].
INFO: [Vivado 12-2286] Implicit search of objects for pattern 'G2B_ONECH_C2H/release_epoch_axi_reg[0][15]' matched to 'cell' objects. [C:/FPGA/G2B_LUT1_SIGNOFF_RECOVERY4_20260905_112316/proposed_g2b_cdc.xdc:169]
Resolution: To avoid ambiguous patterns, provide proper objects using get commands e.g. [get_nets xyz].
INFO: [Vivado 12-2286] Implicit search of objects for pattern 'G2B_ONECH_C2H/release_epoch_axi_reg[0][16]' matched to 'cell' objects. [C:/FPGA/G2B_LUT1_SIGNOFF_RECOVERY4_20260905_112316/proposed_g2b_cdc.xdc:169]
Resolution: To avoid ambiguous patterns, provide proper objects using get commands e.g. [get_nets xyz].
INFO: [Vivado 12-2286] Implicit search of objects for pattern 'G2B_ONECH_C2H/release_epoch_axi_reg[0][17]' matched to 'cell' objects. [C:/FPGA/G2B_LUT1_SIGNOFF_RECOVERY4_20260905_112316/proposed_g2b_cdc.xdc:169]
Resolution: To avoid ambiguous patterns, provide proper objects using get commands e.g. [get_nets xyz].
INFO: [Vivado 12-2286] Implicit search of objects for pattern 'G2B_ONECH_C2H/release_epoch_axi_reg[0][18]' matched to 'cell' objects. [C:/FPGA/G2B_LUT1_SIGNOFF_RECOVERY4_20260905_112316/proposed_g2b_cdc.xdc:169]
Resolution: To avoid ambiguous patterns, provide proper objects using get commands e.g. [get_nets xyz].
INFO: [Vivado 12-2286] Implicit search of objects for pattern 'G2B_ONECH_C2H/release_epoch_axi_reg[0][19]' matched to 'cell' objects. [C:/FPGA/G2B_LUT1_SIGNOFF_RECOVERY4_20260905_112316/proposed_g2b_cdc.xdc:169]
Resolution: To avoid ambiguous patterns, provide proper objects using get commands e.g. [get_nets xyz].
INFO: [Vivado 12-2286] Implicit search of objects for pattern 'G2B_ONECH_C2H/release_epoch_axi_reg[0][1]' matched to 'cell' objects. [C:/FPGA/G2B_LUT1_SIGNOFF_RECOVERY4_20260905_112316/proposed_g2b_cdc.xdc:169]
Resolution: To avoid ambiguous patterns, provide proper objects using get commands e.g. [get_nets xyz].
INFO: [Vivado 12-2286] Implicit search of objects for pattern 'G2B_ONECH_C2H/release_epoch_axi_reg[0][20]' matched to 'cell' objects. [C:/FPGA/G2B_LUT1_SIGNOFF_RECOVERY4_20260905_112316/proposed_g2b_cdc.xdc:169]
Resolution: To avoid ambiguous patterns, provide proper objects using get commands e.g. [get_nets xyz].
INFO: [Vivado 12-2286] Implicit search of objects for pattern 'G2B_ONECH_C2H/release_epoch_axi_reg[0][21]' matched to 'cell' objects. [C:/FPGA/G2B_LUT1_SIGNOFF_RECOVERY4_20260905_112316/proposed_g2b_cdc.xdc:169]
Resolution: To avoid ambiguous patterns, provide proper objects using get commands e.g. [get_nets xyz].
INFO: [Vivado 12-2286] Implicit search of objects for pattern 'G2B_ONECH_C2H/release_epoch_axi_reg[0][22]' matched to 'cell' objects. [C:/FPGA/G2B_LUT1_SIGNOFF_RECOVERY4_20260905_112316/proposed_g2b_cdc.xdc:169]
Resolution: To avoid ambiguous patterns, provide proper objects using get commands e.g. [get_nets xyz].
INFO: [Vivado 12-2286] Implicit search of objects for pattern 'G2B_ONECH_C2H/release_epoch_axi_reg[0][23]' matched to 'cell' objects. [C:/FPGA/G2B_LUT1_SIGNOFF_RECOVERY4_20260905_112316/proposed_g2b_cdc.xdc:169]
Resolution: To avoid ambiguous patterns, provide proper objects using get commands e.g. [get_nets xyz].
INFO: [Vivado 12-2286] Implicit search of objects for pattern 'G2B_ONECH_C2H/release_epoch_axi_reg[0][24]' matched to 'cell' objects. [C:/FPGA/G2B_LUT1_SIGNOFF_RECOVERY4_20260905_112316/proposed_g2b_cdc.xdc:169]
Resolution: To avoid ambiguous patterns, provide proper objects using get commands e.g. [get_nets xyz].
INFO: [Vivado 12-2286] Implicit search of objects for pattern 'G2B_ONECH_C2H/release_epoch_axi_reg[0][25]' matched to 'cell' objects. [C:/FPGA/G2B_LUT1_SIGNOFF_RECOVERY4_20260905_112316/proposed_g2b_cdc.xdc:169]
Resolution: To avoid ambiguous patterns, provide proper objects using get commands e.g. [get_nets xyz].
INFO: [Vivado 12-2286] Implicit search of objects for pattern 'G2B_ONECH_C2H/release_epoch_axi_reg[0][26]' matched to 'cell' objects. [C:/FPGA/G2B_LUT1_SIGNOFF_RECOVERY4_20260905_112316/proposed_g2b_cdc.xdc:169]
Resolution: To avoid ambiguous patterns, provide proper objects using get commands e.g. [get_nets xyz].
INFO: [Vivado 12-2286] Implicit search of objects for pattern 'G2B_ONECH_C2H/release_epoch_axi_reg[0][27]' matched to 'cell' objects. [C:/FPGA/G2B_LUT1_SIGNOFF_RECOVERY4_20260905_112316/proposed_g2b_cdc.xdc:169]
Resolution: To avoid ambiguous patterns, provide proper objects using get commands e.g. [get_nets xyz].
INFO: [Vivado 12-2286] Implicit search of objects for pattern 'G2B_ONECH_C2H/release_epoch_axi_reg[0][28]' matched to 'cell' objects. [C:/FPGA/G2B_LUT1_SIGNOFF_RECOVERY4_20260905_112316/proposed_g2b_cdc.xdc:169]
Resolution: To avoid ambiguous patterns, provide proper objects using get commands e.g. [get_nets xyz].
INFO: [Vivado 12-2286] Implicit search of objects for pattern 'G2B_ONECH_C2H/release_epoch_axi_reg[0][29]' matched to 'cell' objects. [C:/FPGA/G2B_LUT1_SIGNOFF_RECOVERY4_20260905_112316/proposed_g2b_cdc.xdc:169]
Resolution: To avoid ambiguous patterns, provide proper objects using get commands e.g. [get_nets xyz].
INFO: [Vivado 12-2286] Implicit search of objects for pattern 'G2B_ONECH_C2H/release_epoch_axi_reg[0][2]' matched to 'cell' objects. [C:/FPGA/G2B_LUT1_SIGNOFF_RECOVERY4_20260905_112316/proposed_g2b_cdc.xdc:169]
Resolution: To avoid ambiguous patterns, provide proper objects using get commands e.g. [get_nets xyz].
INFO: [Vivado 12-2286] Implicit search of objects for pattern 'G2B_ONECH_C2H/release_epoch_axi_reg[0][30]' matched to 'cell' objects. [C:/FPGA/G2B_LUT1_SIGNOFF_RECOVERY4_20260905_112316/proposed_g2b_cdc.xdc:169]
Resolution: To avoid ambiguous patterns, provide proper objects using get commands e.g. [get_nets xyz].
INFO: [Vivado 12-2286] Implicit search of objects for pattern 'G2B_ONECH_C2H/release_epoch_axi_reg[0][31]' matched to 'cell' objects. [C:/FPGA/G2B_LUT1_SIGNOFF_RECOVERY4_20260905_112316/proposed_g2b_cdc.xdc:169]
Resolution: To avoid ambiguous patterns, provide proper objects using get commands e.g. [get_nets xyz].
INFO: [Vivado 12-2286] Implicit search of objects for pattern 'G2B_ONECH_C2H/release_epoch_axi_reg[0][3]' matched to 'cell' objects. [C:/FPGA/G2B_LUT1_SIGNOFF_RECOVERY4_20260905_112316/proposed_g2b_cdc.xdc:169]
Resolution: To avoid ambiguous patterns, provide proper objects using get commands e.g. [get_nets xyz].
INFO: [Vivado 12-2286] Implicit search of objects for pattern 'G2B_ONECH_C2H/release_epoch_axi_reg[0][4]' matched to 'cell' objects. [C:/FPGA/G2B_LUT1_SIGNOFF_RECOVERY4_20260905_112316/proposed_g2b_cdc.xdc:169]
Resolution: To avoid ambiguous patterns, provide proper objects using get commands e.g. [get_nets xyz].
INFO: [Vivado 12-2286] Implicit search of objects for pattern 'G2B_ONECH_C2H/release_epoch_axi_reg[0][5]' matched to 'cell' objects. [C:/FPGA/G2B_LUT1_SIGNOFF_RECOVERY4_20260905_112316/proposed_g2b_cdc.xdc:169]
Resolution: To avoid ambiguous patterns, provide proper objects using get commands e.g. [get_nets xyz].
INFO: [Vivado 12-2286] Implicit search of objects for pattern 'G2B_ONECH_C2H/release_epoch_axi_reg[0][6]' matched to 'cell' objects. [C:/FPGA/G2B_LUT1_SIGNOFF_RECOVERY4_20260905_112316/proposed_g2b_cdc.xdc:169]
Resolution: To avoid ambiguous patterns, provide proper objects using get commands e.g. [get_nets xyz].
INFO: [Vivado 12-2286] Implicit search of objects for pattern 'G2B_ONECH_C2H/release_epoch_axi_reg[0][7]' matched to 'cell' objects. [C:/FPGA/G2B_LUT1_SIGNOFF_RECOVERY4_20260905_112316/proposed_g2b_cdc.xdc:169]
Resolution: To avoid ambiguous patterns, provide proper objects using get commands e.g. [get_nets xyz].
INFO: [Vivado 12-2286] Implicit search of objects for pattern 'G2B_ONECH_C2H/release_epoch_axi_reg[0][8]' matched to 'cell' objects. [C:/FPGA/G2B_LUT1_SIGNOFF_RECOVERY4_20260905_112316/proposed_g2b_cdc.xdc:169]
Resolution: To avoid ambiguous patterns, provide proper objects using get commands e.g. [get_nets xyz].
INFO: [Vivado 12-2286] Implicit search of objects for pattern 'G2B_ONECH_C2H/release_epoch_axi_reg[0][9]' matched to 'cell' objects. [C:/FPGA/G2B_LUT1_SIGNOFF_RECOVERY4_20260905_112316/proposed_g2b_cdc.xdc:169]
Resolution: To avoid ambiguous patterns, provide proper objects using get commands e.g. [get_nets xyz].
INFO: [Vivado 12-2286] Implicit search of objects for pattern 'G2B_ONECH_C2H/release_generation_axi_reg[0][0]' matched to 'cell' objects. [C:/FPGA/G2B_LUT1_SIGNOFF_RECOVERY4_20260905_112316/proposed_g2b_cdc.xdc:173]
Resolution: To avoid ambiguous patterns, provide proper objects using get commands e.g. [get_nets xyz].
INFO: [Vivado 12-2286] Implicit search of objects for pattern 'G2B_ONECH_C2H/release_generation_axi_reg[0][10]' matched to 'cell' objects. [C:/FPGA/G2B_LUT1_SIGNOFF_RECOVERY4_20260905_112316/proposed_g2b_cdc.xdc:173]
Resolution: To avoid ambiguous patterns, provide proper objects using get commands e.g. [get_nets xyz].
INFO: [Vivado 12-2286] Implicit search of objects for pattern 'G2B_ONECH_C2H/release_generation_axi_reg[0][11]' matched to 'cell' objects. [C:/FPGA/G2B_LUT1_SIGNOFF_RECOVERY4_20260905_112316/proposed_g2b_cdc.xdc:173]
Resolution: To avoid ambiguous patterns, provide proper objects using get commands e.g. [get_nets xyz].
INFO: [Vivado 12-2286] Implicit search of objects for pattern 'G2B_ONECH_C2H/release_generation_axi_reg[0][12]' matched to 'cell' objects. [C:/FPGA/G2B_LUT1_SIGNOFF_RECOVERY4_20260905_112316/proposed_g2b_cdc.xdc:173]
Resolution: To avoid ambiguous patterns, provide proper objects using get commands e.g. [get_nets xyz].
INFO: [Vivado 12-2286] Implicit search of objects for pattern 'G2B_ONECH_C2H/release_generation_axi_reg[0][13]' matched to 'cell' objects. [C:/FPGA/G2B_LUT1_SIGNOFF_RECOVERY4_20260905_112316/proposed_g2b_cdc.xdc:173]
Resolution: To avoid ambiguous patterns, provide proper objects using get commands e.g. [get_nets xyz].
INFO: [Vivado 12-2286] Implicit search of objects for pattern 'G2B_ONECH_C2H/release_generation_axi_reg[0][14]' matched to 'cell' objects. [C:/FPGA/G2B_LUT1_SIGNOFF_RECOVERY4_20260905_112316/proposed_g2b_cdc.xdc:173]
Resolution: To avoid ambiguous patterns, provide proper objects using get commands e.g. [get_nets xyz].
INFO: [Vivado 12-2286] Implicit search of objects for pattern 'G2B_ONECH_C2H/release_generation_axi_reg[0][15]' matched to 'cell' objects. [C:/FPGA/G2B_LUT1_SIGNOFF_RECOVERY4_20260905_112316/proposed_g2b_cdc.xdc:173]
Resolution: To avoid ambiguous patterns, provide proper objects using get commands e.g. [get_nets xyz].
INFO: [Vivado 12-2286] Implicit search of objects for pattern 'G2B_ONECH_C2H/release_generation_axi_reg[0][16]' matched to 'cell' objects. [C:/FPGA/G2B_LUT1_SIGNOFF_RECOVERY4_20260905_112316/proposed_g2b_cdc.xdc:173]
Resolution: To avoid ambiguous patterns, provide proper objects using get commands e.g. [get_nets xyz].
INFO: [Vivado 12-2286] Implicit search of objects for pattern 'G2B_ONECH_C2H/release_generation_axi_reg[0][17]' matched to 'cell' objects. [C:/FPGA/G2B_LUT1_SIGNOFF_RECOVERY4_20260905_112316/proposed_g2b_cdc.xdc:173]
Resolution: To avoid ambiguous patterns, provide proper objects using get commands e.g. [get_nets xyz].
INFO: [Vivado 12-2286] Implicit search of objects for pattern 'G2B_ONECH_C2H/release_generation_axi_reg[0][18]' matched to 'cell' objects. [C:/FPGA/G2B_LUT1_SIGNOFF_RECOVERY4_20260905_112316/proposed_g2b_cdc.xdc:173]
Resolution: To avoid ambiguous patterns, provide proper objects using get commands e.g. [get_nets xyz].
INFO: [Vivado 12-2286] Implicit search of objects for pattern 'G2B_ONECH_C2H/release_generation_axi_reg[0][19]' matched to 'cell' objects. [C:/FPGA/G2B_LUT1_SIGNOFF_RECOVERY4_20260905_112316/proposed_g2b_cdc.xdc:173]
Resolution: To avoid ambiguous patterns, provide proper objects using get commands e.g. [get_nets xyz].
INFO: [Vivado 12-2286] Implicit search of objects for pattern 'G2B_ONECH_C2H/release_generation_axi_reg[0][1]' matched to 'cell' objects. [C:/FPGA/G2B_LUT1_SIGNOFF_RECOVERY4_20260905_112316/proposed_g2b_cdc.xdc:173]
Resolution: To avoid ambiguous patterns, provide proper objects using get commands e.g. [get_nets xyz].
INFO: [Vivado 12-2286] Implicit search of objects for pattern 'G2B_ONECH_C2H/release_generation_axi_reg[0][20]' matched to 'cell' objects. [C:/FPGA/G2B_LUT1_SIGNOFF_RECOVERY4_20260905_112316/proposed_g2b_cdc.xdc:173]
Resolution: To avoid ambiguous patterns, provide proper objects using get commands e.g. [get_nets xyz].
INFO: [Vivado 12-2286] Implicit search of objects for pattern 'G2B_ONECH_C2H/release_generation_axi_reg[0][21]' matched to 'cell' objects. [C:/FPGA/G2B_LUT1_SIGNOFF_RECOVERY4_20260905_112316/proposed_g2b_cdc.xdc:173]
Resolution: To avoid ambiguous patterns, provide proper objects using get commands e.g. [get_nets xyz].
INFO: [Vivado 12-2286] Implicit search of objects for pattern 'G2B_ONECH_C2H/release_generation_axi_reg[0][22]' matched to 'cell' objects. [C:/FPGA/G2B_LUT1_SIGNOFF_RECOVERY4_20260905_112316/proposed_g2b_cdc.xdc:173]
Resolution: To avoid ambiguous patterns, provide proper objects using get commands e.g. [get_nets xyz].
INFO: [Vivado 12-2286] Implicit search of objects for pattern 'G2B_ONECH_C2H/release_generation_axi_reg[0][23]' matched to 'cell' objects. [C:/FPGA/G2B_LUT1_SIGNOFF_RECOVERY4_20260905_112316/proposed_g2b_cdc.xdc:173]
Resolution: To avoid ambiguous patterns, provide proper objects using get commands e.g. [get_nets xyz].
INFO: [Vivado 12-2286] Implicit search of objects for pattern 'G2B_ONECH_C2H/release_generation_axi_reg[0][2]' matched to 'cell' objects. [C:/FPGA/G2B_LUT1_SIGNOFF_RECOVERY4_20260905_112316/proposed_g2b_cdc.xdc:173]
Resolution: To avoid ambiguous patterns, provide proper objects using get commands e.g. [get_nets xyz].
INFO: [Vivado 12-2286] Implicit search of objects for pattern 'G2B_ONECH_C2H/release_generation_axi_reg[0][3]' matched to 'cell' objects. [C:/FPGA/G2B_LUT1_SIGNOFF_RECOVERY4_20260905_112316/proposed_g2b_cdc.xdc:173]
Resolution: To avoid ambiguous patterns, provide proper objects using get commands e.g. [get_nets xyz].
INFO: [Vivado 12-2286] Implicit search of objects for pattern 'G2B_ONECH_C2H/release_generation_axi_reg[0][4]' matched to 'cell' objects. [C:/FPGA/G2B_LUT1_SIGNOFF_RECOVERY4_20260905_112316/proposed_g2b_cdc.xdc:173]
Resolution: To avoid ambiguous patterns, provide proper objects using get commands e.g. [get_nets xyz].
INFO: [Vivado 12-2286] Implicit search of objects for pattern 'G2B_ONECH_C2H/release_generation_axi_reg[0][5]' matched to 'cell' objects. [C:/FPGA/G2B_LUT1_SIGNOFF_RECOVERY4_20260905_112316/proposed_g2b_cdc.xdc:173]
Resolution: To avoid ambiguous patterns, provide proper objects using get commands e.g. [get_nets xyz].
INFO: [Vivado 12-2286] Implicit search of objects for pattern 'G2B_ONECH_C2H/release_generation_axi_reg[0][6]' matched to 'cell' objects. [C:/FPGA/G2B_LUT1_SIGNOFF_RECOVERY4_20260905_112316/proposed_g2b_cdc.xdc:173]
Resolution: To avoid ambiguous patterns, provide proper objects using get commands e.g. [get_nets xyz].
INFO: [Vivado 12-2286] Implicit search of objects for pattern 'G2B_ONECH_C2H/release_generation_axi_reg[0][7]' matched to 'cell' objects. [C:/FPGA/G2B_LUT1_SIGNOFF_RECOVERY4_20260905_112316/proposed_g2b_cdc.xdc:173]
Resolution: To avoid ambiguous patterns, provide proper objects using get commands e.g. [get_nets xyz].
INFO: [Vivado 12-2286] Implicit search of objects for pattern 'G2B_ONECH_C2H/release_generation_axi_reg[0][8]' matched to 'cell' objects. [C:/FPGA/G2B_LUT1_SIGNOFF_RECOVERY4_20260905_112316/proposed_g2b_cdc.xdc:173]
Resolution: To avoid ambiguous patterns, provide proper objects using get commands e.g. [get_nets xyz].
INFO: [Vivado 12-2286] Implicit search of objects for pattern 'G2B_ONECH_C2H/release_generation_axi_reg[0][9]' matched to 'cell' objects. [C:/FPGA/G2B_LUT1_SIGNOFF_RECOVERY4_20260905_112316/proposed_g2b_cdc.xdc:173]
Resolution: To avoid ambiguous patterns, provide proper objects using get commands e.g. [get_nets xyz].
INFO: [Vivado 12-2286] Implicit search of objects for pattern 'G2B_ONECH_C2H/release_epoch_axi_reg[0][0]' matched to 'cell' objects. [C:/FPGA/G2B_LUT1_SIGNOFF_RECOVERY4_20260905_112316/proposed_g2b_cdc.xdc:173]
Resolution: To avoid ambiguous patterns, provide proper objects using get commands e.g. [get_nets xyz].
INFO: [Vivado 12-2286] Implicit search of objects for pattern 'G2B_ONECH_C2H/release_epoch_axi_reg[0][10]' matched to 'cell' objects. [C:/FPGA/G2B_LUT1_SIGNOFF_RECOVERY4_20260905_112316/proposed_g2b_cdc.xdc:173]
Resolution: To avoid ambiguous patterns, provide proper objects using get commands e.g. [get_nets xyz].
INFO: [Vivado 12-2286] Implicit search of objects for pattern 'G2B_ONECH_C2H/release_epoch_axi_reg[0][11]' matched to 'cell' objects. [C:/FPGA/G2B_LUT1_SIGNOFF_RECOVERY4_20260905_112316/proposed_g2b_cdc.xdc:173]
Resolution: To avoid ambiguous patterns, provide proper objects using get commands e.g. [get_nets xyz].
INFO: [Vivado 12-2286] Implicit search of objects for pattern 'G2B_ONECH_C2H/release_epoch_axi_reg[0][12]' matched to 'cell' objects. [C:/FPGA/G2B_LUT1_SIGNOFF_RECOVERY4_20260905_112316/proposed_g2b_cdc.xdc:173]
Resolution: To avoid ambiguous patterns, provide proper objects using get commands e.g. [get_nets xyz].
INFO: [Vivado 12-2286] Implicit search of objects for pattern 'G2B_ONECH_C2H/release_epoch_axi_reg[0][13]' matched to 'cell' objects. [C:/FPGA/G2B_LUT1_SIGNOFF_RECOVERY4_20260905_112316/proposed_g2b_cdc.xdc:173]
Resolution: To avoid ambiguous patterns, provide proper objects using get commands e.g. [get_nets xyz].
INFO: [Vivado 12-2286] Implicit search of objects for pattern 'G2B_ONECH_C2H/release_epoch_axi_reg[0][14]' matched to 'cell' objects. [C:/FPGA/G2B_LUT1_SIGNOFF_RECOVERY4_20260905_112316/proposed_g2b_cdc.xdc:173]
Resolution: To avoid ambiguous patterns, provide proper objects using get commands e.g. [get_nets xyz].
INFO: [Vivado 12-2286] Implicit search of objects for pattern 'G2B_ONECH_C2H/release_epoch_axi_reg[0][15]' matched to 'cell' objects. [C:/FPGA/G2B_LUT1_SIGNOFF_RECOVERY4_20260905_112316/proposed_g2b_cdc.xdc:173]
Resolution: To avoid ambiguous patterns, provide proper objects using get commands e.g. [get_nets xyz].
INFO: [Vivado 12-2286] Implicit search of objects for pattern 'G2B_ONECH_C2H/release_epoch_axi_reg[0][16]' matched to 'cell' objects. [C:/FPGA/G2B_LUT1_SIGNOFF_RECOVERY4_20260905_112316/proposed_g2b_cdc.xdc:173]
Resolution: To avoid ambiguous patterns, provide proper objects using get commands e.g. [get_nets xyz].
INFO: [Vivado 12-2286] Implicit search of objects for pattern 'G2B_ONECH_C2H/release_epoch_axi_reg[0][17]' matched to 'cell' objects. [C:/FPGA/G2B_LUT1_SIGNOFF_RECOVERY4_20260905_112316/proposed_g2b_cdc.xdc:173]
Resolution: To avoid ambiguous patterns, provide proper objects using get commands e.g. [get_nets xyz].
INFO: [Vivado 12-2286] Implicit search of objects for pattern 'G2B_ONECH_C2H/release_epoch_axi_reg[0][18]' matched to 'cell' objects. [C:/FPGA/G2B_LUT1_SIGNOFF_RECOVERY4_20260905_112316/proposed_g2b_cdc.xdc:173]
Resolution: To avoid ambiguous patterns, provide proper objects using get commands e.g. [get_nets xyz].
INFO: [Vivado 12-2286] Implicit search of objects for pattern 'G2B_ONECH_C2H/release_epoch_axi_reg[0][19]' matched to 'cell' objects. [C:/FPGA/G2B_LUT1_SIGNOFF_RECOVERY4_20260905_112316/proposed_g2b_cdc.xdc:173]
Resolution: To avoid ambiguous patterns, provide proper objects using get commands e.g. [get_nets xyz].
INFO: [Vivado 12-2286] Implicit search of objects for pattern 'G2B_ONECH_C2H/release_epoch_axi_reg[0][1]' matched to 'cell' objects. [C:/FPGA/G2B_LUT1_SIGNOFF_RECOVERY4_20260905_112316/proposed_g2b_cdc.xdc:173]
Resolution: To avoid ambiguous patterns, provide proper objects using get commands e.g. [get_nets xyz].
INFO: [Vivado 12-2286] Implicit search of objects for pattern 'G2B_ONECH_C2H/release_epoch_axi_reg[0][20]' matched to 'cell' objects. [C:/FPGA/G2B_LUT1_SIGNOFF_RECOVERY4_20260905_112316/proposed_g2b_cdc.xdc:173]
Resolution: To avoid ambiguous patterns, provide proper objects using get commands e.g. [get_nets xyz].
INFO: [Vivado 12-2286] Implicit search of objects for pattern 'G2B_ONECH_C2H/release_epoch_axi_reg[0][21]' matched to 'cell' objects. [C:/FPGA/G2B_LUT1_SIGNOFF_RECOVERY4_20260905_112316/proposed_g2b_cdc.xdc:173]
Resolution: To avoid ambiguous patterns, provide proper objects using get commands e.g. [get_nets xyz].
INFO: [Vivado 12-2286] Implicit search of objects for pattern 'G2B_ONECH_C2H/release_epoch_axi_reg[0][22]' matched to 'cell' objects. [C:/FPGA/G2B_LUT1_SIGNOFF_RECOVERY4_20260905_112316/proposed_g2b_cdc.xdc:173]
Resolution: To avoid ambiguous patterns, provide proper objects using get commands e.g. [get_nets xyz].
INFO: [Vivado 12-2286] Implicit search of objects for pattern 'G2B_ONECH_C2H/release_epoch_axi_reg[0][23]' matched to 'cell' objects. [C:/FPGA/G2B_LUT1_SIGNOFF_RECOVERY4_20260905_112316/proposed_g2b_cdc.xdc:173]
Resolution: To avoid ambiguous patterns, provide proper objects using get commands e.g. [get_nets xyz].
INFO: [Vivado 12-2286] Implicit search of objects for pattern 'G2B_ONECH_C2H/release_epoch_axi_reg[0][24]' matched to 'cell' objects. [C:/FPGA/G2B_LUT1_SIGNOFF_RECOVERY4_20260905_112316/proposed_g2b_cdc.xdc:173]
Resolution: To avoid ambiguous patterns, provide proper objects using get commands e.g. [get_nets xyz].
INFO: [Vivado 12-2286] Implicit search of objects for pattern 'G2B_ONECH_C2H/release_epoch_axi_reg[0][25]' matched to 'cell' objects. [C:/FPGA/G2B_LUT1_SIGNOFF_RECOVERY4_20260905_112316/proposed_g2b_cdc.xdc:173]
Resolution: To avoid ambiguous patterns, provide proper objects using get commands e.g. [get_nets xyz].
INFO: [Vivado 12-2286] Implicit search of objects for pattern 'G2B_ONECH_C2H/release_epoch_axi_reg[0][26]' matched to 'cell' objects. [C:/FPGA/G2B_LUT1_SIGNOFF_RECOVERY4_20260905_112316/proposed_g2b_cdc.xdc:173]
Resolution: To avoid ambiguous patterns, provide proper objects using get commands e.g. [get_nets xyz].
INFO: [Vivado 12-2286] Implicit search of objects for pattern 'G2B_ONECH_C2H/release_epoch_axi_reg[0][27]' matched to 'cell' objects. [C:/FPGA/G2B_LUT1_SIGNOFF_RECOVERY4_20260905_112316/proposed_g2b_cdc.xdc:173]
Resolution: To avoid ambiguous patterns, provide proper objects using get commands e.g. [get_nets xyz].
INFO: [Common 17-14] Message 'Vivado 12-2286' appears 100 times and further instances of the messages will be disabled. Use the Tcl command set_msg_config to change the current settings. [C:/FPGA/G2B_LUT1_SIGNOFF_RECOVERY4_20260905_112316/proposed_g2b_cdc.xdc:173]
Finished Parsing XDC File [C:/FPGA/G2B_LUT1_SIGNOFF_RECOVERY4_20260905_112316/proposed_g2b_cdc.xdc]
read_xdc: Time (s): cpu = 00:01:44 ; elapsed = 00:01:45 . Memory (MB): peak = 1664.535 ; gain = 0.000
RECOVERY4_PHASE=WAIT_SOURCE_COMMIT
Parsing XDC File [C:/FPGA/V41_G2B/xdc/common/g2b_cdc.xdc]
Finished Parsing XDC File [C:/FPGA/V41_G2B/xdc/common/g2b_cdc.xdc]
read_xdc: Time (s): cpu = 00:01:45 ; elapsed = 00:01:47 . Memory (MB): peak = 1664.535 ; gain = 0.000
RECOVERY4_PHASE=WAIT_NEXT_STAGE
## phase COMMITTED_CONTEXT 900
RECOVERY4_PHASE=COMMITTED_CONTEXT
## reset_timing -invalid
## read_xdc "$::R/non_g2b_context.xdc"
WARNING: [filemgmt 56-128] File 'C:/FPGA/G2B_LUT1_SIGNOFF_RECOVERY4_20260905_112316/non_g2b_context.xdc' is already in the project and will not be added again
Parsing XDC File [C:/FPGA/G2B_LUT1_SIGNOFF_RECOVERY4_20260905_112316/non_g2b_context.xdc]
INFO: [Timing 38-35] Done setting XDC timing constraints. [C:/FPGA/G2B_LUT1_SIGNOFF_RECOVERY4_20260905_112316/non_g2b_context.xdc:19]
INFO: [Timing 38-2] Deriving generated clocks [C:/FPGA/G2B_LUT1_SIGNOFF_RECOVERY4_20260905_112316/non_g2b_context.xdc:19]
Finished Parsing XDC File [C:/FPGA/G2B_LUT1_SIGNOFF_RECOVERY4_20260905_112316/non_g2b_context.xdc]
read_xdc: Time (s): cpu = 00:00:40 ; elapsed = 00:00:39 . Memory (MB): peak = 1664.535 ; gain = 0.000
## read_xdc {C:/FPGA/V41_G2B/xdc/common/g2b_cdc.xdc}
WARNING: [filemgmt 56-128] File 'C:/FPGA/V41_G2B/xdc/common/g2b_cdc.xdc' is already in the project and will not be added again
Parsing XDC File [C:/FPGA/V41_G2B/xdc/common/g2b_cdc.xdc]
INFO: [Timing 38-2] Deriving generated clocks [C:/FPGA/V41_G2B/xdc/common/g2b_cdc.xdc:169]
Finished Parsing XDC File [C:/FPGA/V41_G2B/xdc/common/g2b_cdc.xdc]
read_xdc: Time (s): cpu = 00:01:46 ; elapsed = 00:01:46 . Memory (MB): peak = 1664.535 ; gain = 0.000
## write_xdc -exclude_physical -force "$::R/current_resolved.xdc"
## set results {Group,Slot,Family,Constraint_Type,Source_Count,Destination_Count,Required_ns,Actual_Worst_ns,Slack_ns,Runtime_s,Result,Reference_Actual_ns,Difference_ns,Notes}
## set refs {5.548 5.576 4.338 5.473 5.772 4.480 5.515 5.729 4.585}
## set ri 0
## for {set slot 1} {$slot<=3} {incr slot} {
##  set g [expr {$slot+14}]; set prefix g2b_g${g}eq
##  foreach role {state fault reset} semantic {NORMAL_STATE_TRANSITION MISMATCH_CONTAINMENT RESET_OVERLAP_ACCOUNTING} count {3 4 3} {
##   set family RELEASE_SLOT${slot}_${semantic}
##   phase $family 300
##   set start [clock milliseconds]
##   set src [set ${prefix}_release_payload_src]; set dst [set ${prefix}_release_${role}_dst_cells]
##   require_count source $src 56; require_count destination $dst $count
##   set paths [get_timing_paths -delay_type max -sort_by slack -max_paths 1 -nworst 1 -from $src -to $dst]
##   require_count path $paths 1
##   set p [lindex $paths 0]
##   set actual [get_property DATAPATH_DELAY $p]; set slack [get_property SLACK $p]; set required [get_property REQUIREMENT $p]
##   report_timing -of_objects $paths -file "$::R/${family}.rpt"
##   if {$actual>6.0005 || $slack<0 || abs($required-6)>0.0005} {error "$family timing failure actual=$actual slack=$slack required=$required"}
##   if {[get_property STARTPOINT_CLOCK $p] ne "userclk1" || [get_property ENDPOINT_CLOCK $p] ne "nvp_vclk1"} {error "clock domain drift"}
##   set ref [lindex $refs $ri]; incr ri
##   set elapsed [expr {([clock milliseconds]-$start)/1000.0}]
##   append results "\n$g,$slot,$family,MAX_DELAY_DATAPATH_ONLY,56,$count,6.000,$actual,$slack,$elapsed,PASS,$ref,[expr {$actual-$ref}],Fresh committed active XDC"
##   save G2B_LUT1_RECOVERY4_GROUPS15_17_RESULTS.csv $results
##  }
## }
RECOVERY4_PHASE=RELEASE_SLOT1_NORMAL_STATE_TRANSITION
get_timing_paths: Time (s): cpu = 00:00:46 ; elapsed = 00:00:26 . Memory (MB): peak = 1734.344 ; gain = 69.809
RECOVERY4_PHASE=RELEASE_SLOT1_MISMATCH_CONTAINMENT
RECOVERY4_PHASE=RELEASE_SLOT1_RESET_OVERLAP_ACCOUNTING
RECOVERY4_PHASE=RELEASE_SLOT2_NORMAL_STATE_TRANSITION
RECOVERY4_PHASE=RELEASE_SLOT2_MISMATCH_CONTAINMENT
RECOVERY4_PHASE=RELEASE_SLOT2_RESET_OVERLAP_ACCOUNTING
RECOVERY4_PHASE=RELEASE_SLOT3_NORMAL_STATE_TRANSITION
RECOVERY4_PHASE=RELEASE_SLOT3_MISMATCH_CONTAINMENT
RECOVERY4_PHASE=RELEASE_SLOT3_RESET_OVERLAP_ACCOUNTING
## save GROUPS15_17_PASS.marker PASS
RECOVERY4_PHASE=WAIT_NEXT_STAGE
## source "$::R/helpers.tcl"
### proc write_lines_atomic {path lines} {
###   file mkdir [file dirname $path]
###   set temporary "${path}.[pid].tmp"
###   set handle [open $temporary w]
###   fconfigure $handle -encoding utf-8 -translation lf
###   foreach line $lines { puts $handle $line }
###   close $handle
###   file rename -force $temporary $path
### }
### proc write_text_atomic {path value} {
###   file mkdir [file dirname $path]
###   set temporary "${path}.[pid].tmp"
###   set handle [open $temporary w]
###   fconfigure $handle -encoding utf-8 -translation lf
###   puts -nonewline $handle $value
###   close $handle
###   file rename -force $temporary $path
### }
### proc read_text {path} {
###   set handle [open $path r]
###   fconfigure $handle -encoding utf-8 -translation auto
###   set value [read $handle]
###   close $handle
###   return $value
### }
### proc safe_value {value} {
###   return [string map [list "\r" {\r} "\n" {\n} "=" {:}] $value]
### }
### proc csv_value {value} {
###   return "\"[string map [list "\"" "\"\"" "\r" " " "\n" " "] $value]\""
### }
### proc sha256_file {path} {
###   if {![file isfile $path]} { error "file is absent for SHA-256: $path" }
###   set output [exec certutil.exe -hashfile [file nativename $path] SHA256]
###   foreach line [split $output "\n"] {
###     set candidate [string toupper [string map [list " " "" "\t" "" "\r" ""] [string trim $line]]]
###     if {[regexp {^[0-9A-F]{64}$} $candidate]} { return $candidate }
###   }
###   error "SHA-256 unavailable for $path"
### }
### proc property_or_unknown {property object} {
###   if {[catch {get_property $property $object} value] || $value eq ""} { return UNKNOWN }
###   return $value
### }
### proc property_is_true {value} {
###   return [expr {$value eq "1" || [string equal -nocase $value "true"] ||
###                 [string equal -nocase $value "yes"]}]
### }
### proc seconds_since {start_ms} {
###   return [format %.3f [expr {double([clock milliseconds] - $start_ms) / 1000.0}]]
### }
### proc unique_objects_by_name {objects} {
###   set by_name [dict create]
###   foreach object $objects { dict set by_name [get_property NAME $object] $object }
###   set result [list]
###   foreach name [lsort -dictionary [dict keys $by_name]] {
###     lappend result [dict get $by_name $name]
###   }
###   return $result
### }
### proc collection_names {objects} {
###   set result [list]
###   foreach object $objects { lappend result [get_property NAME $object] }
###   return [lsort -dictionary $result]
### }
### proc route_signature {} {
###   return [list \
###     [report_route_status -boolean_check ROUTED_FULLY] \
###     [report_route_status -boolean_check ERRORS_IN_ROUTES] \
###     [llength [report_route_status -return_nets -route_type UNROUTED]] \
###     [llength [report_route_status -return_nets -route_type PARTIAL]]]
### }
### proc routed_worst_slack {delay_type} {
###   set paths [get_timing_paths -quiet -delay_type $delay_type -max_paths 1 -nworst 1]
###   if {[llength $paths] != 1} { error "one routed $delay_type timing path was not available" }
###   set slack [get_property SLACK [lindex $paths 0]]
###   if {![string is double -strict $slack]} { error "routed $delay_type slack is not numeric: $slack" }
###   return $slack
### }
### proc check_timing_table_count {text wanted} {
###   foreach line [split $text "\n"] {
###     if {[regexp [format {checking[ \t]+%s[ \t]*\(([0-9]+)\)} $wanted] $line -> count]} {
###       return $count
###     }
###     set columns [split $line "|"]
###     for {set index 0} {$index + 1 < [llength $columns]} {incr index} {
###       if {[string trim [lindex $columns $index]] ne $wanted} { continue }
###       set count [string trim [lindex $columns [expr {$index + 1}]]]
###       if {[string is integer -strict $count]} { return $count }
###     }
###   }
###   return UNKNOWN
### }
### proc utilization_row {text wanted} {
###   set normalized_wanted [string trimright $wanted "*"]
###   foreach line [split $text "\n"] {
###     set columns [split $line "|"]
###     if {[llength $columns] < 7} { continue }
###     set actual [string trimright [string trim [lindex $columns 1]] "*"]
###     if {$actual ne $normalized_wanted} { continue }
###     set used [string map [list "," "" " " ""] [string trim [lindex $columns 2]]]
###     set available [string map [list "," "" " " ""] [string trim [lindex $columns 5]]]
###     if {![string is double -strict $used] || ![string is double -strict $available] ||
###         $available <= 0.0} {
###       error "non-numeric utilization row '$wanted': used='$used' available='$available'"
###     }
###     return [list $used $available]
###   }
###   error "utilization row '$wanted' not found"
### }
### proc cdc1_family {row} {
###   set matches [list]
###   foreach {family expression} [list \
###       OWNERSHIP_AXI_TO_SOURCE {\|G2B_ONECH_C2H/axis_slot_reg\[1\]/C\|G2B_ONECH_C2H/(own_ok_hold_source|slot_state_source)_reg} \
###       RELEASE_AXI_TO_SOURCE {\|G2B_ONECH_C2H/release_(epoch|generation)_axi_reg} \
###       TRANSPORT_HARD_AXI_TO_SOURCE {\|G2B_ONECH_C2H/transport_hard_hold_axi_reg/C\|} \
###       TRANSPORT_PHASE_AXI_TO_SOURCE {\|G2B_ONECH_C2H/transport_release_phase_hold_axi_reg\[0\]/C\|} \
###       OWNERSHIP_RESULT_SOURCE_TO_AXI {\|G2B_ONECH_C2H/own_ok_hold_source_reg/C\|} \
###       RESET_RESULT_SOURCE_TO_AXI {\|G2B_ONECH_C2H/reset_commit_phase_hold_source_reg\[2\]/C\|}] {
###     if {[regexp -- $expression $row]} { lappend matches $family }
###   }
###   if {[llength $matches] != 1} {
###     error "CDC-1 row did not map to exactly one governed semantic family: $row"
###   }
###   return [lindex $matches 0]
### }
### proc enforce_exact_cdc_disposition {cdc_path cdc_violations} {
###   global raw_root active_xdc build_root expected_active_xdc_sha
### 
###   set expected_counts [dict create CDC-1 423 CDC-10 2 CDC-13 2]
###   set expected_hashes [dict create \
###     CDC-1 F72A1FB2EBDF7317743CDD4F4E337F4C01C269FB88AC646F5DA8846F7EB29AFF \
###     CDC-10 499C4B2893BF73BAA43CC049B232E661397D3BC92EEDA92582940845FCAE475A \
###     CDC-13 CF8C6175F013504F041F12CD9C4F56D549998EEAAA340B4BEBD56D6F005A0B18]
###   set expected_total_hash 5CF02643FB84CD6BCAE407CFAE8786D6BE62275EB14D1D4DD682BAE9DD48F049
###   set object_counts [dict create CDC-1 0 CDC-10 0 CDC-13 0]
###   set object_total 0
###   foreach violation $cdc_violations {
###     set severity [string toupper [property_or_unknown SEVERITY $violation]]
###     if {$severity ne "CRITICAL" && $severity ne "CRITICAL WARNING"} { continue }
###     incr object_total
###     set object_name [get_property NAME $violation]
###     if {![regexp {^(CDC-[0-9]+)#[0-9]+$} $object_name -> object_id] ||
###         ![dict exists $expected_counts $object_id]} {
###       error "unexpected critical CDC violation object: $object_name"
###     }
###     dict incr object_counts $object_id
###   }
### 
###   set source_clock UNKNOWN
###   set destination_clock UNKNOWN
###   set summary_counts [dict create]
###   set rows_by_id [dict create CDC-1 [list] CDC-10 [list] CDC-13 [list]]
###   set parsed_total 0
###   foreach line [split [read_text $cdc_path] "\n"] {
###     if {[regexp {^Source Clock:[ \t]*(.+?)[ \t]*$} $line -> value]} {
###       set source_clock [string trim $value]
###       continue
###     }
###     if {[regexp {^Destination Clock:[ \t]*(.+?)[ \t]*$} $line -> value]} {
###       set destination_clock [string trim $value]
###       continue
###     }
###     if {[regexp {^[ \t]*(CDC-[0-9]+)[ \t]+Critical[ \t]+([0-9]+)[ \t]+} \
###         $line -> summary_id summary_count]} {
###       if {![dict exists $expected_counts $summary_id]} {
###         error "unexpected critical CDC summary: $summary_id count=$summary_count"
###       }
###       dict set summary_counts $summary_id $summary_count
###       continue
###     }
###     set row_id ""
###     set exception ""
###     set source_endpoint ""
###     set destination_endpoint ""
###     if {[regexp {^[ \t]*[0-9]+[ \t]+(CDC-1)[ \t]+Critical[ \t]+1-bit unknown CDC circuitry[ \t]+0[ \t]+(Max Delay Datapath Only)[ \t]+([^ \t]+)[ \t]+([^ \t]+)[ \t]*$} \
###         $line -> row_id exception source_endpoint destination_endpoint]} {
###       # Canonical CDC-1 row.
###     } elseif {[regexp {^[ \t]*[0-9]+[ \t]+(CDC-10)[ \t]+Critical[ \t]+Combinational logic detected before a synchronizer[ \t]+2[ \t]+(False Path)[ \t]+([^ \t]+)[ \t]+([^ \t]+)[ \t]*$} \
###         $line -> row_id exception source_endpoint destination_endpoint]} {
###       # Canonical CDC-10 row.
###     } elseif {[regexp {^[ \t]*[0-9]+[ \t]+(CDC-13)[ \t]+Critical[ \t]+1-bit CDC path on a non-FD primitive[ \t]+0[ \t]+(False Path)[ \t]+([^ \t]+)[ \t]+([^ \t]+)[ \t]*$} \
###         $line -> row_id exception source_endpoint destination_endpoint]} {
###       # Canonical CDC-13 row.
###     } elseif {[regexp {^[ \t]*[0-9]+[ \t]+CDC-[0-9]+[ \t]+Critical[ \t]+} $line]} {
###       error "unexpected detailed critical CDC row: [safe_value $line]"
###     } else {
###       continue
###     }
###     if {$source_clock eq "UNKNOWN" || $destination_clock eq "UNKNOWN"} {
###       error "critical CDC row lacks source/destination clock context"
###     }
###     dict lappend rows_by_id $row_id \
###       "$row_id|$source_clock->$destination_clock|$exception|$source_endpoint|$destination_endpoint"
###     incr parsed_total
###   }
### 
###   set all_rows [list]
###   set hash_receipt [list]
###   foreach id {CDC-1 CDC-10 CDC-13} {
###     if {![dict exists $summary_counts $id]} { error "missing critical CDC summary for $id" }
###     set expected_count [dict get $expected_counts $id]
###     set object_count [dict get $object_counts $id]
###     set summary_count [dict get $summary_counts $id]
###     set rows [lsort -ascii [dict get $rows_by_id $id]]
###     if {$object_count != $expected_count || $summary_count != $expected_count ||
###         [llength $rows] != $expected_count} {
###       error "$id critical CDC count mismatch: expected=$expected_count objects=$object_count summary=$summary_count rows=[llength $rows]"
###     }
###     set id_token [string map {- _} $id]
###     set manifest_path [file join $raw_root "G2B_CDC_CRITICAL_${id_token}_CANONICAL.txt"]
###     write_lines_atomic $manifest_path $rows
###     set actual_hash [sha256_file $manifest_path]
###     if {$actual_hash ne [dict get $expected_hashes $id]} {
###       error "$id critical CDC canonical manifest drift: $actual_hash"
###     }
###     lappend hash_receipt "${id}_COUNT=$expected_count" "${id}_SHA256=$actual_hash"
###     set all_rows [concat $all_rows $rows]
###   }
###   set all_rows [lsort -ascii $all_rows]
###   set total_manifest [file join $raw_root G2B_CDC_CRITICAL_ALL_CANONICAL.txt]
###   write_lines_atomic $total_manifest $all_rows
###   set total_hash [sha256_file $total_manifest]
###   if {$object_total != 427 || $parsed_total != 427 || [llength $all_rows] != 427 ||
###       $total_hash ne $expected_total_hash} {
###     error "critical CDC total manifest mismatch: objects=$object_total parsed=$parsed_total rows=[llength $all_rows] hash=$total_hash"
###   }
### 
###   set cdc1_rows [dict get $rows_by_id CDC-1]
###   set family_counts [dict create]
###   foreach row $cdc1_rows { dict incr family_counts [cdc1_family $row] }
###   set expected_family_counts [dict create \
###     OWNERSHIP_AXI_TO_SOURCE 4 RELEASE_AXI_TO_SOURCE 13 \
###     TRANSPORT_HARD_AXI_TO_SOURCE 43 TRANSPORT_PHASE_AXI_TO_SOURCE 8 \
###     OWNERSHIP_RESULT_SOURCE_TO_AXI 73 RESET_RESULT_SOURCE_TO_AXI 282]
###   foreach family [dict keys $expected_family_counts] {
###     if {![dict exists $family_counts $family] ||
###         [dict get $family_counts $family] != [dict get $expected_family_counts $family]} {
###       error "critical CDC semantic family drift: $family"
###     }
###   }
### 
###   set async_chain_cells [get_cells -quiet -hier [list \
###     G2B_ONECH_C2H/fatal_sync1_source_reg \
###     G2B_ONECH_C2H/fatal_sync2_source_reg \
###     G2B_ONECH_C2H/source_ready_sync1_axi_reg \
###     G2B_ONECH_C2H/source_ready_sync2_axi_reg]]
###   if {[llength $async_chain_cells] != 4} { error "expected four CDC-10 ASYNC_REG chain cells" }
###   foreach cell $async_chain_cells {
###     if {![property_is_true [property_or_unknown ASYNC_REG $cell]]} {
###       error "CDC-10 chain cell lacks ASYNC_REG=TRUE: [get_property NAME $cell]"
###     }
###   }
### 
###   if {[sha256_file $active_xdc] ne $expected_active_xdc_sha} {
###     error "reviewed active G2B CDC XDC drift during CDC disposition"
###   }
###   set generated_pattern [file join $build_root vivado_project *.gen sources_1 ip \
###     xdma_v41_m1 ip_0 source xdma_v41_m1_pcie2_ip-PCIE_X0Y0.xdc]
###   set generated_files [glob -nocomplain -types f -- $generated_pattern]
###   if {[llength $generated_files] != 1} { error "expected one generated XDMA PCIe XDC" }
###   set generated_xdc [lindex $generated_files 0]
###   if {[sha256_file $generated_xdc] ne "DD00E1DA9D2CAA6F27EBA21DB3BB6F73FC16A6F75C18C3394DB93430C815916B"} {
###     error "generated XDMA PCIe XDC drift"
###   }
###   set generated_text [read_text $generated_xdc]
###   foreach clause [list \
###       {set_false_path -to [get_pins {inst/gt_top_i/pipe_wrapper_i/pipe_clock_int.pipe_clock_i/pclk_i1_bufgctrl.pclk_i1/S0}]} \
###       {set_false_path -to [get_pins {inst/gt_top_i/pipe_wrapper_i/pipe_clock_int.pipe_clock_i/pclk_i1_bufgctrl.pclk_i1/S1}]} \
###       {set_clock_groups -name pcieclkmux -physically_exclusive -group clk_125mhz_mux_x0y0 -group clk_250mhz_mux_x0y0}] {
###     if {[string first $clause $generated_text] < 0} {
###       error "required generated-XDC CDC clause missing"
###     }
###   }
### 
###   set disposition_csv [list \
###     {Rule,Clock_Pair,Exception,Source,Destination,Classification,Semantic_Family,Disposition}]
###   foreach row $all_rows {
###     lassign [split $row "|"] id clock_pair exception source_endpoint destination_endpoint
###     if {$id eq "CDC-1"} {
###       set family [cdc1_family $row]
###       set classification HANDSHAKE
###       if {$family eq "OWNERSHIP_AXI_TO_SOURCE"} {
###         set disposition BS3_PER_FAMILY_SETTLING_PLUS_STRUCTURAL_CDC
###       } else {
###         set disposition EXACT_REVIEWED_STABLE_DATA_PROTOCOL
###       }
###     } elseif {$id eq "CDC-10"} {
###       set family EXACT_TWO_STAGE_LEVEL_SYNCHRONIZER
###       set classification INTENTIONAL_SYNCHRONIZER
###       set disposition ASYNC_REG_TWO_STAGE_CHAIN
###     } else {
###       set family XDMA_PIPE_CLOCK_MUX
###       set classification FALSE_POSITIVE
###       set disposition GENERATED_XDMA_FALSE_PATH_AND_PHYSICAL_EXCLUSIVITY
###     }
###     lappend disposition_csv "[csv_value $id],[csv_value $clock_pair],[csv_value $exception],[csv_value $source_endpoint],[csv_value $destination_endpoint],[csv_value $classification],[csv_value $family],[csv_value $disposition]"
###   }
###   write_lines_atomic [file join $raw_root G2B_LUT1_CDC_DISPOSITION.csv] $disposition_csv
### 
###   set disposition_lines [list \
###     {RESULT=PASS} \
###     {DISPOSITION=PASS_EXACT_427_ENTRY_REVIEWED_PROTOCOL_AND_XDMA_MUX_SET} \
###     {CDC_CRITICAL_TOTAL=427} \
###     {CDC_CRITICAL_DISPOSITIONED=427} \
###     {CDC_REQUIRES_RTL_CHANGE=0} \
###     {CDC_UNRESOLVED=0} \
###     {CDC_UNKNOWN=0} \
###     {*}$hash_receipt \
###     "CDC_CRITICAL_TOTAL_SHA256=$total_hash" \
###     "ACTIVE_G2B_CDC_XDC=$active_xdc" \
###     "ACTIVE_G2B_CDC_XDC_SHA256=$expected_active_xdc_sha"]
###   foreach family [lsort [dict keys $expected_family_counts]] {
###     lappend disposition_lines "${family}_COUNT=[dict get $family_counts $family]"
###   }
###   lappend disposition_lines \
###     {OWNERSHIP_GROUP9_METHOD=PER_FAMILY_SETTLING_PLUS_STRUCTURAL_CDC} \
###     {OWNERSHIP_GROUP9_CLASSIFICATION=HANDSHAKE} \
###     {OWNERSHIP_SLOT_MAX_DELAY_NS=6.000} \
###     {OWNERSHIP_GENERATION_MAX_DELAY_NS=6.000} \
###     {OWNERSHIP_EPOCH_MAX_DELAY_NS=6.000} \
###     {OWNERSHIP_GLOBAL_SKEW_REQUIREMENT=RETIRED_BY_META_4R2} \
###     {GLOBAL_GROUP9_REPORT_BUS_SKEW_EXECUTED=NO} \
###     {CDC_1_PROTOCOL=ACKNOWLEDGED_STABLE_DATA_MAILBOX} \
###     {CDC_1_TRANSPORT_MAX_DELAY_DATAPATH_ONLY_NS=2.500} \
###     {CDC_10_PROTOCOL=EXACT_TWO_STAGE_ASYNC_REG_LEVEL_SYNCHRONIZERS} \
###     {CDC_13_PROTOCOL=GENERATED_XDMA_PIPE_CLOCK_MUX} \
###     "GENERATED_XDC=$generated_xdc" \
###     {GENERATED_XDC_S0_FALSE_PATH=PASS} \
###     {GENERATED_XDC_S1_FALSE_PATH=PASS} \
###     {GENERATED_XDC_CLOCKS_PHYSICALLY_EXCLUSIVE=PASS} \
###     {UNEXPECTED_CRITICAL_CDC_ROWS=0} \
###     {BROAD_CDC_WAIVER_APPLIED=NO}
###   write_lines_atomic [file join $raw_root G2B_CDC_EXACT_DISPOSITION.txt] $disposition_lines
###   return 427
### }
### proc run_timing_gate {} {
###   global raw_root
###   begin_phase REPORT_TIMING 900
###   set phase_start [clock milliseconds]
### 
###   set route_path [file join $raw_root ROUTE_STATUS.rpt]
###   set summary_path [file join $raw_root TIMING_SUMMARY.rpt]
###   set setup_path [file join $raw_root ROUTED_SETUP_TIMING.rpt]
###   set hold_path [file join $raw_root ROUTED_HOLD_TIMING.rpt]
###   set recovery_removal_path [file join $raw_root ROUTED_RECOVERY_REMOVAL_TIMING.rpt]
###   set check_path [file join $raw_root CHECK_TIMING.rpt]
###   report_route_status -file $route_path
###   report_timing_summary -delay_type min_max -max_paths 1000 \
###     -report_unconstrained -check_timing_verbose -file $summary_path
###   report_timing -delay_type max -max_paths 1000 -nworst 10 -file $setup_path
###   report_timing -delay_type min -max_paths 1000 -nworst 10 -file $hold_path
###   report_timing -delay_type min_max -max_paths 1000 -nworst 10 \
###     -file $recovery_removal_path
###   check_timing -verbose -file $check_path
### 
###   set route_now [route_signature]
###   if {$route_now ne [list 1 0 0 0]} { error "final route gate failed: $route_now" }
###   set wns [routed_worst_slack max]
###   set whs [routed_worst_slack min]
###   set failing_setup [llength [get_timing_paths -quiet -delay_type max \
###     -slack_lesser_than 0.0 -max_paths 1 -nworst 1]]
###   set failing_hold [llength [get_timing_paths -quiet -delay_type min \
###     -slack_lesser_than 0.0 -max_paths 1 -nworst 1]]
###   if {$wns < 0.0 || $whs < 0.0 || $failing_setup != 0 || $failing_hold != 0} {
###     error "final routed timing gate failed: WNS=$wns WHS=$whs setup_fail=$failing_setup hold_fail=$failing_hold"
###   }
###   set check_text [read_text $check_path]
###   set check_counts [dict create]
###   foreach category {no_clock unconstrained_internal_endpoints loops latch_loops} {
###     set count [check_timing_table_count $check_text $category]
###     if {$count ne "0"} { error "check_timing gate failed for $category: $count" }
###     dict set check_counts $category $count
###   }
###   set summary_text [read_text $summary_path]
###   set recovery_count [regexp -all -nocase {\(recovery check against} $summary_text]
###   set removal_count [regexp -all -nocase {\(removal check against} $summary_text]
###   if {$recovery_count == 0 || $removal_count == 0} {
###     error "recovery/removal paths expected for this routed design were not exposed"
###   }
### 
###   set gate_path [file join $raw_root G2B_LUT1_TIMING_GATE.txt]
###   write_lines_atomic $gate_path [list \
###     {RESULT=PASS} \
###     {ROUTED=PASS} \
###     {FULLY_ROUTED=1} \
###     {ERRORS_IN_ROUTES=0} \
###     {UNROUTED_NETS=0} \
###     {PARTIAL_NETS=0} \
###     {SETUP=PASS} \
###     "WNS=$wns" \
###     {TNS=0.0} \
###     {HOLD=PASS} \
###     "WHS=$whs" \
###     {THS=0.0} \
###     {RECOVERY_REMOVAL=PASS} \
###     "RECOVERY_DETAIL_COUNT=$recovery_count" \
###     "REMOVAL_DETAIL_COUNT=$removal_count" \
###     "NO_CLOCK_COUNT=[dict get $check_counts no_clock]" \
###     "UNCONSTRAINED_INTERNAL_ENDPOINTS=[dict get $check_counts unconstrained_internal_endpoints]" \
###     "TIMING_LOOP_COUNT=[dict get $check_counts loops]" \
###     "LATCH_LOOP_COUNT=[dict get $check_counts latch_loops]" \
###     "RUNTIME_SECONDS=[seconds_since $phase_start]"]
###   return [dict create path $gate_path sha [sha256_file $gate_path] \
###     wns $wns tns 0.0 whs $whs ths 0.0 \
###     no_clock [dict get $check_counts no_clock] \
###     unconstrained [dict get $check_counts unconstrained_internal_endpoints] \
###     loops [dict get $check_counts loops] latch_loops [dict get $check_counts latch_loops]]
### }
### proc begin_phase {name seconds} {phase $name $seconds}
## set ::raw_root $::R
RECOVERY4_PHASE=REPORT_TIMING
WARNING: [Timing 38-436] There are set_bus_skew constraint(s) in this design. Please run report_bus_skew to ensure that bus skew requirements are met.
report_timing_summary: Time (s): cpu = 00:01:33 ; elapsed = 00:01:31 . Memory (MB): peak = 1832.254 ; gain = 37.426
INFO: [Timing 38-78] ReportTimingParams: -max_paths 1000 -nworst 10 -delay_type max -sort_by slack.
report_timing: Time (s): cpu = 00:00:11 ; elapsed = 00:00:09 . Memory (MB): peak = 1832.254 ; gain = 0.000
INFO: [Timing 38-78] ReportTimingParams: -max_paths 1000 -nworst 10 -delay_type min -sort_by slack.
report_timing: Time (s): cpu = 00:00:15 ; elapsed = 00:00:13 . Memory (MB): peak = 1832.254 ; gain = 0.000
INFO: [Timing 38-78] ReportTimingParams: -max_paths 1000 -nworst 10 -delay_type min_max -sort_by slack.
report_timing: Time (s): cpu = 00:00:23 ; elapsed = 00:00:18 . Memory (MB): peak = 1832.254 ; gain = 0.000
## set timing [run_timing_gate]
## save timing_result.txt $timing
RECOVERY4_PHASE=WAIT_NEXT_STAGE
## phase METHODOLOGY 600
RECOVERY4_PHASE=METHODOLOGY
## report_methodology -file "$::R/METHODOLOGY.rpt"
Command: report_methodology -file C:/FPGA/G2B_LUT1_SIGNOFF_RECOVERY4_20260905_112316/METHODOLOGY.rpt
INFO: [Timing 38-35] Done setting XDC timing constraints.
INFO: [DRC 23-133] Running Methodology with 2 threads
INFO: [Vivado_Tcl 2-1520] The results of Report Methodology are in file C:/FPGA/G2B_LUT1_SIGNOFF_RECOVERY4_20260905_112316/METHODOLOGY.rpt.
report_methodology completed successfully
report_methodology: Time (s): cpu = 00:00:48 ; elapsed = 00:00:26 . Memory (MB): peak = 2119.824 ; gain = 0.000
## set rows {Name,Severity,Description}
## foreach v [get_methodology_violations -quiet] {
##  append rows "\n[csv_value [get_property NAME $v]],[csv_value [get_property SEVERITY $v]],[csv_value [get_property DESCRIPTION $v]]"
## }
## save methodology_objects.csv $rows
RECOVERY4_PHASE=WAIT_NEXT_STAGE
## phase DRC 600
RECOVERY4_PHASE=DRC
## report_drc -file "$::R/DRC.rpt"
Command: report_drc -file C:/FPGA/G2B_LUT1_SIGNOFF_RECOVERY4_20260905_112316/DRC.rpt
INFO: [IP_Flow 19-234] Refreshing IP repositories
INFO: [IP_Flow 19-1704] No user IP repositories specified
INFO: [IP_Flow 19-2313] Loaded Vivado IP repository 'C:/AMDDesignTools/2025.2/Vivado/data/ip'.
INFO: [DRC 23-27] Running DRC with 2 threads
INFO: [Vivado_Tcl 2-168] The results of DRC are in file C:/FPGA/G2B_LUT1_SIGNOFF_RECOVERY4_20260905_112316/DRC.rpt.
report_drc completed successfully
report_drc: Time (s): cpu = 00:00:20 ; elapsed = 00:00:14 . Memory (MB): peak = 2119.824 ; gain = 0.000
## set errors 0
## set critical 0
## set rows {Name,Severity,Description}
## foreach v [get_drc_violations -quiet] {
##  set severity [string toupper [get_property SEVERITY $v]]
##  if {$severity eq "ERROR"} {incr errors}
##  if {$severity eq "CRITICAL WARNING"} {incr critical}
##  append rows "\n[csv_value [get_property NAME $v]],[csv_value $severity],[csv_value [get_property DESCRIPTION $v]]"
## }
## save drc_objects.csv $rows
## save drc_result.txt "ERRORS=$errors\nCRITICAL_WARNINGS=$critical"
## if {$errors || $critical} {error "DRC gate failed errors=$errors critical=$critical"}
RECOVERY4_PHASE=WAIT_NEXT_STAGE
## phase CDC 900
RECOVERY4_PHASE=CDC
## report_cdc -details -file "$::R/CDC.rpt"
INFO: [Timing 38-35] Done setting XDC timing constraints.
INFO: [Timing 38-433] Consider using Xilinx recommended XPM_CDC modules to avoid Critical severities
INFO: [Timing 38-314] The report_cdc command only analyzes and reports clock domain crossing paths where clocks have been defined on both source and destination sides. Ports with no input delay constraint are skipped. Please run check_timing to verify there are no missing clock definitions in your design, nor any unconstrained input port.
report_cdc: Time (s): cpu = 00:00:20 ; elapsed = 00:00:12 . Memory (MB): peak = 2119.824 ; gain = 0.000
## set ::active_xdc {C:/FPGA/V41_G2B/xdc/common/g2b_cdc.xdc}
## set ::expected_active_xdc_sha [sha256_file $::active_xdc]
## set ::build_root {C:/FPGA/G2B_LUT1_PRODUCT_PRECOMMIT_BUILD_20260831_12}
INFO: [Common 17-206] Exiting Vivado at Sat Sep  5 11:38:26 2026...
