Copyright 1986-2022 Xilinx, Inc. All Rights Reserved. Copyright 2022-2025 Advanced Micro Devices, Inc. All Rights Reserved.
---------------------------------------------------------------------------------------------------------------------------------------------
| Tool Version : Vivado v.2025.2 (win64) Build 6299465 Fri Nov 14 19:35:11 GMT 2025
| Date         : Sat Sep  5 11:49:24 2026
| Host         : NBLSUDUL running 64-bit major release  (build 9200)
| Command      : report_ram_utilization -file C:/FPGA/G2B_LUT1_SIGNOFF_RECOVERY4_20260905_112316/RAM_UTILIZATION.rpt
| Design       : ahd_capture_top_xdma
| Device       : xc7a35tcsg325-2
| Speed File   : -2
---------------------------------------------------------------------------------------------------------------------------------------------

RAM Usage Information

Table of Contents
-----------------
1. Summary
2. Memory Description
3. Memory Utilization - Inferred
4. Memory Performance - Inferred
5. Block Ram / URAM Memory Power - Inferred
6. Memory Utilization - Instantiated
7. Memory Performance - Instantiated
8. Block Ram / URAM Memory Power - Instantiated

1. Summary
----------

+--------------------------+------------+-----------+-------+-----------+
| Memory Type              | Total Used | Available | Util% | Inferred% |
+--------------------------+------------+-----------+-------+-----------+
| BlockRAM                 |       26.5 |        50 | 53.00 |     64.15 |
|  RAMB36E1                |         25 |           |       |     64.00 |
|  RAMB18E1                |          3 |           |       |     66.67 |
| LUTMs as Distributed RAM |       1130 |      9600 | 11.77 |    100.00 |
|  LUTMs as RAM64X1S       |          8 |           |       |    100.00 |
|  LUTMs as RAM32X1D       |         66 |           |       |    100.00 |
|  LUTMs as RAM32M         |       1056 |           |       |    100.00 |
+--------------------------+------------+-----------+-------+-----------+
*  Each RAMB18 is calculated as 0.5 BlockRAM
**  Tables 2, 3, 4 and 5 cover RAMs inferred by Vivado Synthesis using XPMs or RTL inference
***  XRAMs are not reported for detailed tables


2. Memory Description
---------------------

+---------------------------------------------------------------------------------------------------------------------------------------------------------------------------+------------+-----------+-------------+------------------------+------------------------+
| Memory Name                                                                                                                                                               | Array Size | RAM_STYLE | Memory Type | Port 1 Dimension / Map | Port 2 Dimension / Map |
+---------------------------------------------------------------------------------------------------------------------------------------------------------------------------+------------+-----------+-------------+------------------------+------------------------+
| XDMA/inst/ram_top/C2H_PCIE_DSC_CPLD_RAM/the_bram                                                                                                                          |      65536 |           | RAM_SDP     | 1024x64                | 1024x64                |
|  XDMA/inst/ram_top/C2H_PCIE_DSC_CPLD_RAM/the_bram_reg_0                                                                                                                   |      36864 |     BLOCK |             |  A:A:512x36            |  B:B:512x36            |
|  XDMA/inst/ram_top/C2H_PCIE_DSC_CPLD_RAM/the_bram_reg_1                                                                                                                   |      28672 |     BLOCK |             |  A:A:512x28            |  B:B:512x28            |
| XDMA/inst/ram_top/MASTER_READ_BRAM/xpm_memory_sdpram_inst_loop[0].xpm_memory_sdpram_inst/xpm_memory_base_inst/gen_wr_a.gen_word_narrow.mem                                |      36864 |           | RAM_SDP     | 512x72                 | 512x72                 |
|  XDMA/inst/ram_top/MASTER_READ_BRAM/xpm_memory_sdpram_inst_loop[0].xpm_memory_sdpram_inst/xpm_memory_base_inst/gen_wr_a.gen_word_narrow.mem_reg                           |      36864 |     BLOCK |             |  B:B:512x64            |  A:A:512x64            |
| XDMA/inst/ram_top/mas_bridge_ram_write_512.MASTER_WRITE_FIFO/xpm_memory_sdpram_inst_loop[0].xpm_memory_sdpram_inst/xpm_memory_base_inst/gen_wr_a.gen_word_narrow.mem      |      36864 |           | RAM_SDP     | 512x72                 | 512x72                 |
|  XDMA/inst/ram_top/mas_bridge_ram_write_512.MASTER_WRITE_FIFO/xpm_memory_sdpram_inst_loop[0].xpm_memory_sdpram_inst/xpm_memory_base_inst/gen_wr_a.gen_word_narrow.mem_reg |      36864 |     BLOCK |             |  B:B:512x64            |  A:A:512x64            |
| CAPTURE_SUBSYSTEM/BAR_TARGET/GEN_V40B_SLOT[0].GEN_AVAILABLE.SLOT_RAM/xpm_memory_base_inst/gen_wr_a.gen_word_narrow.mem                                                    |      32768 |           | RAM_SDP     | 512x64                 | 512x64                 |
|  CAPTURE_SUBSYSTEM/BAR_TARGET/GEN_V40B_SLOT[0].GEN_AVAILABLE.SLOT_RAM/xpm_memory_base_inst/gen_wr_a.gen_word_narrow.mem_reg                                               |      32768 |     BLOCK |             |  B:B:512x64            |  A:A:512x64            |
| CAPTURE_SUBSYSTEM/BAR_TARGET/GEN_V40B_SLOT[1].GEN_AVAILABLE.SLOT_RAM/xpm_memory_base_inst/gen_wr_a.gen_word_narrow.mem                                                    |      32768 |           | RAM_SDP     | 512x64                 | 512x64                 |
|  CAPTURE_SUBSYSTEM/BAR_TARGET/GEN_V40B_SLOT[1].GEN_AVAILABLE.SLOT_RAM/xpm_memory_base_inst/gen_wr_a.gen_word_narrow.mem_reg                                               |      32768 |     BLOCK |             |  B:B:512x64            |  A:A:512x64            |
| G2B_ONECH_C2H/GEN_G2B_SLOT[0].SLOT_RAM/xpm_memory_base_inst/gen_wr_a.gen_word_narrow.mem                                                                                  |      32768 |           | RAM_SDP     | 512x64                 | 512x64                 |
|  G2B_ONECH_C2H/GEN_G2B_SLOT[0].SLOT_RAM/xpm_memory_base_inst/gen_wr_a.gen_word_narrow.mem_reg                                                                             |      32768 |     BLOCK |             |  B:B:512x64            |  A:A:512x64            |
| G2B_ONECH_C2H/GEN_G2B_SLOT[1].SLOT_RAM/xpm_memory_base_inst/gen_wr_a.gen_word_narrow.mem                                                                                  |      32768 |           | RAM_SDP     | 512x64                 | 512x64                 |
|  G2B_ONECH_C2H/GEN_G2B_SLOT[1].SLOT_RAM/xpm_memory_base_inst/gen_wr_a.gen_word_narrow.mem_reg                                                                             |      32768 |     BLOCK |             |  B:B:512x64            |  A:A:512x64            |
| G2B_ONECH_C2H/GEN_G2B_SLOT[2].SLOT_RAM/xpm_memory_base_inst/gen_wr_a.gen_word_narrow.mem                                                                                  |      32768 |           | RAM_SDP     | 512x64                 | 512x64                 |
|  G2B_ONECH_C2H/GEN_G2B_SLOT[2].SLOT_RAM/xpm_memory_base_inst/gen_wr_a.gen_word_narrow.mem_reg                                                                             |      32768 |     BLOCK |             |  B:B:512x64            |  A:A:512x64            |
| G2B_ONECH_C2H/GEN_G2B_SLOT[3].SLOT_RAM/xpm_memory_base_inst/gen_wr_a.gen_word_narrow.mem                                                                                  |      32768 |           | RAM_SDP     | 512x64                 | 512x64                 |
|  G2B_ONECH_C2H/GEN_G2B_SLOT[3].SLOT_RAM/xpm_memory_base_inst/gen_wr_a.gen_word_narrow.mem_reg                                                                             |      32768 |     BLOCK |             |  B:B:512x64            |  A:A:512x64            |
| XDMA/inst/ram_top/gen_c2h_bram.C2H_DAT0_FIFO/xpm_memory_sdpram_inst_loop[0].xpm_memory_sdpram_inst/xpm_memory_base_inst/gen_wr_a.gen_word_narrow.mem                      |      18432 |           | RAM_SDP     | 512x36                 | 512x36                 |
|  XDMA/inst/ram_top/gen_c2h_bram.C2H_DAT0_FIFO/xpm_memory_sdpram_inst_loop[0].xpm_memory_sdpram_inst/xpm_memory_base_inst/gen_wr_a.gen_word_narrow.mem_reg                 |      18432 |     BLOCK |             |  B:B:512x32            |  A:A:512x32            |
| XDMA/inst/ram_top/gen_c2h_bram.C2H_DAT0_FIFO/xpm_memory_sdpram_inst_loop[1].xpm_memory_sdpram_inst/xpm_memory_base_inst/gen_wr_a.gen_word_narrow.mem                      |      18432 |           | RAM_SDP     | 512x36                 | 512x36                 |
|  XDMA/inst/ram_top/gen_c2h_bram.C2H_DAT0_FIFO/xpm_memory_sdpram_inst_loop[1].xpm_memory_sdpram_inst/xpm_memory_base_inst/gen_wr_a.gen_word_narrow.mem_reg                 |      18432 |     BLOCK |             |  B:B:512x32            |  A:A:512x32            |
| XDMA/inst/udma_wrapper/dma_top/base/IRQ_INST/msix_internal_xdma.pf0_msix_table/msix_ram_gen[1].msix_ram                                                                   |       4096 |           | RAM_TDP     | 128x32                 |                        |
|  XDMA/inst/udma_wrapper/dma_top/base/IRQ_INST/msix_internal_xdma.pf0_msix_table/msix_ram_gen[1].msix_ram_reg                                                              |       4096 |      AUTO |             |  A:A:128x32            |                        |
| XDMA/inst/udma_wrapper/dma_top/dma_enable.vul_dma/RD/gen_rdwr_loop[0].gen_rdwr_eng.RDWR_INST/rrq_wadr_nn1                                                                 |       2048 |           | RAM_SDP     | 512x64                 | 512x64                 |
|  XDMA/inst/udma_wrapper/dma_top/dma_enable.vul_dma/RD/gen_rdwr_loop[0].gen_rdwr_eng.RDWR_INST/rrq_wadr_nn1_reg                                                            |      32768 |      AUTO |             |  B:B:32x12             |  A:A:32x12             |
| XDMA/inst/udma_wrapper/dma_top/dma_pcie_req/dma_pcie_rc/u_mem_rc/the_bram                                                                                                 |       1136 |           | RAM_SDP     | 512x142                | 512x142                |
|  XDMA/inst/udma_wrapper/dma_top/dma_pcie_req/dma_pcie_rc/u_mem_rc/the_bram_reg_0                                                                                          |      36864 |     BLOCK |             |  B:B:8x68              |  A:A:8x68              |
|  XDMA/inst/udma_wrapper/dma_top/dma_pcie_req/dma_pcie_rc/u_mem_rc/the_bram_reg_1                                                                                          |      35840 |     BLOCK |             |  B:B:8x0               |  A:A:8x0               |
| XDMA/inst/udma_wrapper/dma_top/dma_enable.vul_dma/WR/gen_rdwr_loop[0].gen_rdwr_eng.RDWR_INST/rrq_dadr_nn1                                                                 |       1024 |           | RAM_SDP     | 512x64                 | 512x64                 |
|  XDMA/inst/udma_wrapper/dma_top/dma_enable.vul_dma/WR/gen_rdwr_loop[0].gen_rdwr_eng.RDWR_INST/rrq_dadr_nn1_reg                                                            |      32768 |      AUTO |             |  B:B:16x64             |  A:A:16x64             |
| XDMA/inst/udma_wrapper/dma_top/dma_enable.vul_dma/WR/gen_rdwr_loop[0].gen_rdwr_eng.RDWR_INST/rrq_wadr_nn1                                                                 |       1024 |           | RAM_SDP     | 512x64                 | 512x64                 |
|  XDMA/inst/udma_wrapper/dma_top/dma_enable.vul_dma/WR/gen_rdwr_loop[0].gen_rdwr_eng.RDWR_INST/rrq_wadr_nn1_reg                                                            |      32768 |      AUTO |             |  B:B:16x64             |  A:A:16x64             |
+---------------------------------------------------------------------------------------------------------------------------------------------------------------------------+------------+-----------+-------------+------------------------+------------------------+


3. Memory Utilization - Inferred
--------------------------------

+---------------------------------------------------------------------------------------------------------------------------------------------------------------------------+-----------+-----------+----------------+-----------+-----------+---------+---------------+---------------+---------+---------------+---------------+---------+---------------+---------------+---------+---------------+---------------+
| Memory Name                                                                                                                                                               | Primitive | RAM STYLE | Available Bits | Used Bits | Bit Util% | A Depth | A Depth Avail | A Depth Util% | A Width | A Width Avail | A Width Util% | B Depth | B Depth Avail | B Depth Util% | B Width | B Width Avail | B Width Util% |
+---------------------------------------------------------------------------------------------------------------------------------------------------------------------------+-----------+-----------+----------------+-----------+-----------+---------+---------------+---------------+---------+---------------+---------------+---------+---------------+---------------+---------+---------------+---------------+
| XDMA/inst/ram_top/C2H_PCIE_DSC_CPLD_RAM/the_bram                                                                                                                          |           |           |                |           |           |         |               |               |         |               |               |         |               |               |         |               |               |
|  XDMA/inst/ram_top/C2H_PCIE_DSC_CPLD_RAM/the_bram_reg_0                                                                                                                   | RAMB36E1  |     BLOCK |          36864 |     18432 |     50.00 |     512 |          1024 |         50.00 |      36 |            36 |        100.00 |     512 |          1024 |         50.00 |      36 |            36 |        100.00 |
|  XDMA/inst/ram_top/C2H_PCIE_DSC_CPLD_RAM/the_bram_reg_1                                                                                                                   | RAMB36E1  |     BLOCK |          36864 |     14336 |     38.89 |     512 |          1024 |         50.00 |      28 |            36 |         77.78 |     512 |          1024 |         50.00 |      28 |            36 |         77.78 |
| XDMA/inst/ram_top/MASTER_READ_BRAM/xpm_memory_sdpram_inst_loop[0].xpm_memory_sdpram_inst/xpm_memory_base_inst/gen_wr_a.gen_word_narrow.mem                                |           |           |                |           |           |         |               |               |         |               |               |         |               |               |         |               |               |
|  XDMA/inst/ram_top/MASTER_READ_BRAM/xpm_memory_sdpram_inst_loop[0].xpm_memory_sdpram_inst/xpm_memory_base_inst/gen_wr_a.gen_word_narrow.mem_reg                           | RAMB36E1  |     BLOCK |          36864 |     32768 |     88.89 |     512 |           512 |        100.00 |      64 |            72 |         88.89 |     512 |           512 |        100.00 |      64 |            72 |         88.89 |
| XDMA/inst/ram_top/mas_bridge_ram_write_512.MASTER_WRITE_FIFO/xpm_memory_sdpram_inst_loop[0].xpm_memory_sdpram_inst/xpm_memory_base_inst/gen_wr_a.gen_word_narrow.mem      |           |           |                |           |           |         |               |               |         |               |               |         |               |               |         |               |               |
|  XDMA/inst/ram_top/mas_bridge_ram_write_512.MASTER_WRITE_FIFO/xpm_memory_sdpram_inst_loop[0].xpm_memory_sdpram_inst/xpm_memory_base_inst/gen_wr_a.gen_word_narrow.mem_reg | RAMB36E1  |     BLOCK |          36864 |     32768 |     88.89 |     512 |           512 |        100.00 |      64 |            72 |         88.89 |     512 |           512 |        100.00 |      64 |            72 |         88.89 |
| CAPTURE_SUBSYSTEM/BAR_TARGET/GEN_V40B_SLOT[0].GEN_AVAILABLE.SLOT_RAM/xpm_memory_base_inst/gen_wr_a.gen_word_narrow.mem                                                    |           |           |                |           |           |         |               |               |         |               |               |         |               |               |         |               |               |
|  CAPTURE_SUBSYSTEM/BAR_TARGET/GEN_V40B_SLOT[0].GEN_AVAILABLE.SLOT_RAM/xpm_memory_base_inst/gen_wr_a.gen_word_narrow.mem_reg                                               | RAMB36E1  |     BLOCK |          36864 |     32768 |     88.89 |     512 |           512 |        100.00 |      64 |            72 |         88.89 |     512 |           512 |        100.00 |      64 |            72 |         88.89 |
| CAPTURE_SUBSYSTEM/BAR_TARGET/GEN_V40B_SLOT[1].GEN_AVAILABLE.SLOT_RAM/xpm_memory_base_inst/gen_wr_a.gen_word_narrow.mem                                                    |           |           |                |           |           |         |               |               |         |               |               |         |               |               |         |               |               |
|  CAPTURE_SUBSYSTEM/BAR_TARGET/GEN_V40B_SLOT[1].GEN_AVAILABLE.SLOT_RAM/xpm_memory_base_inst/gen_wr_a.gen_word_narrow.mem_reg                                               | RAMB36E1  |     BLOCK |          36864 |     32768 |     88.89 |     512 |           512 |        100.00 |      64 |            72 |         88.89 |     512 |           512 |        100.00 |      64 |            72 |         88.89 |
| G2B_ONECH_C2H/GEN_G2B_SLOT[0].SLOT_RAM/xpm_memory_base_inst/gen_wr_a.gen_word_narrow.mem                                                                                  |           |           |                |           |           |         |               |               |         |               |               |         |               |               |         |               |               |
|  G2B_ONECH_C2H/GEN_G2B_SLOT[0].SLOT_RAM/xpm_memory_base_inst/gen_wr_a.gen_word_narrow.mem_reg                                                                             | RAMB36E1  |     BLOCK |          36864 |     32768 |     88.89 |     512 |           512 |        100.00 |      64 |            72 |         88.89 |     512 |           512 |        100.00 |      64 |            72 |         88.89 |
| G2B_ONECH_C2H/GEN_G2B_SLOT[1].SLOT_RAM/xpm_memory_base_inst/gen_wr_a.gen_word_narrow.mem                                                                                  |           |           |                |           |           |         |               |               |         |               |               |         |               |               |         |               |               |
|  G2B_ONECH_C2H/GEN_G2B_SLOT[1].SLOT_RAM/xpm_memory_base_inst/gen_wr_a.gen_word_narrow.mem_reg                                                                             | RAMB36E1  |     BLOCK |          36864 |     32768 |     88.89 |     512 |           512 |        100.00 |      64 |            72 |         88.89 |     512 |           512 |        100.00 |      64 |            72 |         88.89 |
| G2B_ONECH_C2H/GEN_G2B_SLOT[2].SLOT_RAM/xpm_memory_base_inst/gen_wr_a.gen_word_narrow.mem                                                                                  |           |           |                |           |           |         |               |               |         |               |               |         |               |               |         |               |               |
|  G2B_ONECH_C2H/GEN_G2B_SLOT[2].SLOT_RAM/xpm_memory_base_inst/gen_wr_a.gen_word_narrow.mem_reg                                                                             | RAMB36E1  |     BLOCK |          36864 |     32768 |     88.89 |     512 |           512 |        100.00 |      64 |            72 |         88.89 |     512 |           512 |        100.00 |      64 |            72 |         88.89 |
| G2B_ONECH_C2H/GEN_G2B_SLOT[3].SLOT_RAM/xpm_memory_base_inst/gen_wr_a.gen_word_narrow.mem                                                                                  |           |           |                |           |           |         |               |               |         |               |               |         |               |               |         |               |               |
|  G2B_ONECH_C2H/GEN_G2B_SLOT[3].SLOT_RAM/xpm_memory_base_inst/gen_wr_a.gen_word_narrow.mem_reg                                                                             | RAMB36E1  |     BLOCK |          36864 |     32768 |     88.89 |     512 |           512 |        100.00 |      64 |            72 |         88.89 |     512 |           512 |        100.00 |      64 |            72 |         88.89 |
| XDMA/inst/ram_top/gen_c2h_bram.C2H_DAT0_FIFO/xpm_memory_sdpram_inst_loop[0].xpm_memory_sdpram_inst/xpm_memory_base_inst/gen_wr_a.gen_word_narrow.mem                      |           |           |                |           |           |         |               |               |         |               |               |         |               |               |         |               |               |
|  XDMA/inst/ram_top/gen_c2h_bram.C2H_DAT0_FIFO/xpm_memory_sdpram_inst_loop[0].xpm_memory_sdpram_inst/xpm_memory_base_inst/gen_wr_a.gen_word_narrow.mem_reg                 | RAMB18E1  |     BLOCK |          18432 |     16384 |     88.89 |     512 |           512 |        100.00 |      32 |            36 |         88.89 |     512 |           512 |        100.00 |      32 |            36 |         88.89 |
| XDMA/inst/ram_top/gen_c2h_bram.C2H_DAT0_FIFO/xpm_memory_sdpram_inst_loop[1].xpm_memory_sdpram_inst/xpm_memory_base_inst/gen_wr_a.gen_word_narrow.mem                      |           |           |                |           |           |         |               |               |         |               |               |         |               |               |         |               |               |
|  XDMA/inst/ram_top/gen_c2h_bram.C2H_DAT0_FIFO/xpm_memory_sdpram_inst_loop[1].xpm_memory_sdpram_inst/xpm_memory_base_inst/gen_wr_a.gen_word_narrow.mem_reg                 | RAMB18E1  |     BLOCK |          18432 |     16384 |     88.89 |     512 |           512 |        100.00 |      32 |            36 |         88.89 |     512 |           512 |        100.00 |      32 |            36 |         88.89 |
| XDMA/inst/udma_wrapper/dma_top/base/IRQ_INST/msix_internal_xdma.pf0_msix_table/msix_ram_gen[1].msix_ram                                                                   |           |           |                |           |           |         |               |               |         |               |               |         |               |               |         |               |               |
|  XDMA/inst/udma_wrapper/dma_top/base/IRQ_INST/msix_internal_xdma.pf0_msix_table/msix_ram_gen[1].msix_ram_reg                                                              | RAMB36E1  |      AUTO |          36864 |      4096 |     11.11 |     128 |          1024 |         12.50 |      32 |            36 |         88.89 |         |               |               |         |               |               |
| XDMA/inst/udma_wrapper/dma_top/dma_enable.vul_dma/RD/gen_rdwr_loop[0].gen_rdwr_eng.RDWR_INST/rrq_wadr_nn1                                                                 |           |           |                |           |           |         |               |               |         |               |               |         |               |               |         |               |               |
|  XDMA/inst/udma_wrapper/dma_top/dma_enable.vul_dma/RD/gen_rdwr_loop[0].gen_rdwr_eng.RDWR_INST/rrq_wadr_nn1_reg                                                            | RAMB36E1  |      AUTO |          36864 |       384 |      1.04 |      32 |           512 |          6.25 |      12 |            72 |         16.67 |      32 |           512 |          6.25 |      12 |            72 |         16.67 |
| XDMA/inst/udma_wrapper/dma_top/dma_pcie_req/dma_pcie_rc/u_mem_rc/the_bram                                                                                                 |           |           |                |           |           |         |               |               |         |               |               |         |               |               |         |               |               |
|  XDMA/inst/udma_wrapper/dma_top/dma_pcie_req/dma_pcie_rc/u_mem_rc/the_bram_reg_0                                                                                          | RAMB36E1  |     BLOCK |          36864 |       544 |      1.48 |       8 |           512 |          1.56 |      68 |            72 |         94.44 |       8 |           512 |          1.56 |      68 |            72 |         94.44 |
|  XDMA/inst/udma_wrapper/dma_top/dma_pcie_req/dma_pcie_rc/u_mem_rc/the_bram_reg_1                                                                                          | RAMB36E1  |     BLOCK |          36864 |         0 |      0.00 |       8 |           512 |          1.56 |       0 |            72 |          0.00 |       8 |           512 |          1.56 |       0 |            72 |          0.00 |
| XDMA/inst/udma_wrapper/dma_top/dma_enable.vul_dma/WR/gen_rdwr_loop[0].gen_rdwr_eng.RDWR_INST/rrq_dadr_nn1                                                                 |           |           |                |           |           |         |               |               |         |               |               |         |               |               |         |               |               |
|  XDMA/inst/udma_wrapper/dma_top/dma_enable.vul_dma/WR/gen_rdwr_loop[0].gen_rdwr_eng.RDWR_INST/rrq_dadr_nn1_reg                                                            | RAMB36E1  |      AUTO |          36864 |      1024 |      2.78 |      16 |           512 |          3.12 |      64 |            72 |         88.89 |      16 |           512 |          3.12 |      64 |            72 |         88.89 |
| XDMA/inst/udma_wrapper/dma_top/dma_enable.vul_dma/WR/gen_rdwr_loop[0].gen_rdwr_eng.RDWR_INST/rrq_wadr_nn1                                                                 |           |           |                |           |           |         |               |               |         |               |               |         |               |               |         |               |               |
|  XDMA/inst/udma_wrapper/dma_top/dma_enable.vul_dma/WR/gen_rdwr_loop[0].gen_rdwr_eng.RDWR_INST/rrq_wadr_nn1_reg                                                            | RAMB36E1  |      AUTO |          36864 |      1024 |      2.78 |      16 |           512 |          3.12 |      64 |            72 |         88.89 |      16 |           512 |          3.12 |      64 |            72 |         88.89 |
+---------------------------------------------------------------------------------------------------------------------------------------------------------------------------+-----------+-----------+----------------+-----------+-----------+---------+---------------+---------------+---------+---------------+---------------+---------+---------------+---------------+---------+---------------+---------------+


4. Memory Performance - Inferred
--------------------------------

+---------------------------------------------------------------------------------------------------------------------------------------------------------------------------+-----------+------------------------+------------------------+--------------+-------------------------+-------------+-------------------------+-----------+--------+--------+---------+-----------+--------+--------+---------+
| Memory Name                                                                                                                                                               | Primitive | Port 1 Dimension / Map | Port 2 Dimension / Map | Port A Type  | Port A Requirement (ns) | Port B Type | Port B Requirement (ns) | A Cascade | IREG_A | OREG_A | DOA_REG | B Cascade | IREG_B | OREG_B | DOB_REG |
+---------------------------------------------------------------------------------------------------------------------------------------------------------------------------+-----------+------------------------+------------------------+--------------+-------------------------+-------------+-------------------------+-----------+--------+--------+---------+-----------+--------+--------+---------+
| XDMA/inst/ram_top/C2H_PCIE_DSC_CPLD_RAM/the_bram                                                                                                                          |           | 1024x64                | 1024x64                |              |                         |             |                         |           |        |        |         |           |        |        |         |
|  XDMA/inst/ram_top/C2H_PCIE_DSC_CPLD_RAM/the_bram_reg_0                                                                                                                   | RAMB36E1  |  A:A:512x36            |  B:B:512x36            |        Write |                    16.0 |        Read |                    16.0 |           |        |        |       0 |           |        |        |       1 |
|  XDMA/inst/ram_top/C2H_PCIE_DSC_CPLD_RAM/the_bram_reg_1                                                                                                                   | RAMB36E1  |  A:A:512x28            |  B:B:512x28            |        Write |                    16.0 |        Read |                    16.0 |           |        |        |       0 |           |        |        |       1 |
| XDMA/inst/ram_top/MASTER_READ_BRAM/xpm_memory_sdpram_inst_loop[0].xpm_memory_sdpram_inst/xpm_memory_base_inst/gen_wr_a.gen_word_narrow.mem                                |           | 512x72                 | 512x72                 |              |                         |             |                         |           |        |        |         |           |        |        |         |
|  XDMA/inst/ram_top/MASTER_READ_BRAM/xpm_memory_sdpram_inst_loop[0].xpm_memory_sdpram_inst/xpm_memory_base_inst/gen_wr_a.gen_word_narrow.mem_reg                           | RAMB36E1  |  B:B:512x64            |  A:A:512x64            |         Read |                    16.0 |       Write |                    16.0 |           |        |        |       0 |           |        |        |       0 |
| XDMA/inst/ram_top/mas_bridge_ram_write_512.MASTER_WRITE_FIFO/xpm_memory_sdpram_inst_loop[0].xpm_memory_sdpram_inst/xpm_memory_base_inst/gen_wr_a.gen_word_narrow.mem      |           | 512x72                 | 512x72                 |              |                         |             |                         |           |        |        |         |           |        |        |         |
|  XDMA/inst/ram_top/mas_bridge_ram_write_512.MASTER_WRITE_FIFO/xpm_memory_sdpram_inst_loop[0].xpm_memory_sdpram_inst/xpm_memory_base_inst/gen_wr_a.gen_word_narrow.mem_reg | RAMB36E1  |  B:B:512x64            |  A:A:512x64            |         Read |                    16.0 |       Write |                    16.0 |           |        |        |       0 |           |        |        |       0 |
| CAPTURE_SUBSYSTEM/BAR_TARGET/GEN_V40B_SLOT[0].GEN_AVAILABLE.SLOT_RAM/xpm_memory_base_inst/gen_wr_a.gen_word_narrow.mem                                                    |           | 512x64                 | 512x64                 |              |                         |             |                         |           |        |        |         |           |        |        |         |
|  CAPTURE_SUBSYSTEM/BAR_TARGET/GEN_V40B_SLOT[0].GEN_AVAILABLE.SLOT_RAM/xpm_memory_base_inst/gen_wr_a.gen_word_narrow.mem_reg                                               | RAMB36E1  |  B:B:512x64            |  A:A:512x64            |         Read |                    16.0 |       Write |                     6.7 |           |        |        |       0 |           |        |        |       0 |
| CAPTURE_SUBSYSTEM/BAR_TARGET/GEN_V40B_SLOT[1].GEN_AVAILABLE.SLOT_RAM/xpm_memory_base_inst/gen_wr_a.gen_word_narrow.mem                                                    |           | 512x64                 | 512x64                 |              |                         |             |                         |           |        |        |         |           |        |        |         |
|  CAPTURE_SUBSYSTEM/BAR_TARGET/GEN_V40B_SLOT[1].GEN_AVAILABLE.SLOT_RAM/xpm_memory_base_inst/gen_wr_a.gen_word_narrow.mem_reg                                               | RAMB36E1  |  B:B:512x64            |  A:A:512x64            |         Read |                    16.0 |       Write |                     6.7 |           |        |        |       0 |           |        |        |       0 |
| G2B_ONECH_C2H/GEN_G2B_SLOT[0].SLOT_RAM/xpm_memory_base_inst/gen_wr_a.gen_word_narrow.mem                                                                                  |           | 512x64                 | 512x64                 |              |                         |             |                         |           |        |        |         |           |        |        |         |
|  G2B_ONECH_C2H/GEN_G2B_SLOT[0].SLOT_RAM/xpm_memory_base_inst/gen_wr_a.gen_word_narrow.mem_reg                                                                             | RAMB36E1  |  B:B:512x64            |  A:A:512x64            |         Read |                    16.0 |       Write |                     6.7 |           |        |        |       0 |           |        |        |       0 |
| G2B_ONECH_C2H/GEN_G2B_SLOT[1].SLOT_RAM/xpm_memory_base_inst/gen_wr_a.gen_word_narrow.mem                                                                                  |           | 512x64                 | 512x64                 |              |                         |             |                         |           |        |        |         |           |        |        |         |
|  G2B_ONECH_C2H/GEN_G2B_SLOT[1].SLOT_RAM/xpm_memory_base_inst/gen_wr_a.gen_word_narrow.mem_reg                                                                             | RAMB36E1  |  B:B:512x64            |  A:A:512x64            |         Read |                    16.0 |       Write |                     6.7 |           |        |        |       0 |           |        |        |       0 |
| G2B_ONECH_C2H/GEN_G2B_SLOT[2].SLOT_RAM/xpm_memory_base_inst/gen_wr_a.gen_word_narrow.mem                                                                                  |           | 512x64                 | 512x64                 |              |                         |             |                         |           |        |        |         |           |        |        |         |
|  G2B_ONECH_C2H/GEN_G2B_SLOT[2].SLOT_RAM/xpm_memory_base_inst/gen_wr_a.gen_word_narrow.mem_reg                                                                             | RAMB36E1  |  B:B:512x64            |  A:A:512x64            |         Read |                    16.0 |       Write |                     6.7 |           |        |        |       0 |           |        |        |       0 |
| G2B_ONECH_C2H/GEN_G2B_SLOT[3].SLOT_RAM/xpm_memory_base_inst/gen_wr_a.gen_word_narrow.mem                                                                                  |           | 512x64                 | 512x64                 |              |                         |             |                         |           |        |        |         |           |        |        |         |
|  G2B_ONECH_C2H/GEN_G2B_SLOT[3].SLOT_RAM/xpm_memory_base_inst/gen_wr_a.gen_word_narrow.mem_reg                                                                             | RAMB36E1  |  B:B:512x64            |  A:A:512x64            |         Read |                    16.0 |       Write |                     6.7 |           |        |        |       0 |           |        |        |       0 |
| XDMA/inst/ram_top/gen_c2h_bram.C2H_DAT0_FIFO/xpm_memory_sdpram_inst_loop[0].xpm_memory_sdpram_inst/xpm_memory_base_inst/gen_wr_a.gen_word_narrow.mem                      |           | 512x36                 | 512x36                 |              |                         |             |                         |           |        |        |         |           |        |        |         |
|  XDMA/inst/ram_top/gen_c2h_bram.C2H_DAT0_FIFO/xpm_memory_sdpram_inst_loop[0].xpm_memory_sdpram_inst/xpm_memory_base_inst/gen_wr_a.gen_word_narrow.mem_reg                 | RAMB18E1  |  B:B:512x32            |  A:A:512x32            |         Read |                    16.0 |       Write |                    16.0 |           |        |        |       1 |           |        |        |       1 |
| XDMA/inst/ram_top/gen_c2h_bram.C2H_DAT0_FIFO/xpm_memory_sdpram_inst_loop[1].xpm_memory_sdpram_inst/xpm_memory_base_inst/gen_wr_a.gen_word_narrow.mem                      |           | 512x36                 | 512x36                 |              |                         |             |                         |           |        |        |         |           |        |        |         |
|  XDMA/inst/ram_top/gen_c2h_bram.C2H_DAT0_FIFO/xpm_memory_sdpram_inst_loop[1].xpm_memory_sdpram_inst/xpm_memory_base_inst/gen_wr_a.gen_word_narrow.mem_reg                 | RAMB18E1  |  B:B:512x32            |  A:A:512x32            |         Read |                    16.0 |       Write |                    16.0 |           |        |        |       1 |           |        |        |       1 |
| XDMA/inst/udma_wrapper/dma_top/base/IRQ_INST/msix_internal_xdma.pf0_msix_table/msix_ram_gen[1].msix_ram                                                                   |           | 128x32                 |                        |              |                         |             |                         |           |        |        |         |           |        |        |         |
|  XDMA/inst/udma_wrapper/dma_top/base/IRQ_INST/msix_internal_xdma.pf0_msix_table/msix_ram_gen[1].msix_ram_reg                                                              | RAMB36E1  |  A:A:128x32            |                        | Read / Write |                    16.0 |             |                         |           |        |        |       0 |           |        |        |         |
| XDMA/inst/udma_wrapper/dma_top/dma_enable.vul_dma/RD/gen_rdwr_loop[0].gen_rdwr_eng.RDWR_INST/rrq_wadr_nn1                                                                 |           | 512x64                 | 512x64                 |              |                         |             |                         |           |        |        |         |           |        |        |         |
|  XDMA/inst/udma_wrapper/dma_top/dma_enable.vul_dma/RD/gen_rdwr_loop[0].gen_rdwr_eng.RDWR_INST/rrq_wadr_nn1_reg                                                            | RAMB36E1  |  B:B:32x12             |  A:A:32x12             |         Read |                    16.0 |       Write |                    16.0 |           |        |        |       0 |           |        |        |       0 |
| XDMA/inst/udma_wrapper/dma_top/dma_pcie_req/dma_pcie_rc/u_mem_rc/the_bram                                                                                                 |           | 512x142                | 512x142                |              |                         |             |                         |           |        |        |         |           |        |        |         |
|  XDMA/inst/udma_wrapper/dma_top/dma_pcie_req/dma_pcie_rc/u_mem_rc/the_bram_reg_0                                                                                          | RAMB36E1  |  B:B:8x68              |  A:A:8x68              |         Read |                    16.0 |       Write |                    16.0 |           |        |        |       1 |           |        |        |       1 |
|  XDMA/inst/udma_wrapper/dma_top/dma_pcie_req/dma_pcie_rc/u_mem_rc/the_bram_reg_1                                                                                          | RAMB36E1  |  B:B:8x0               |  A:A:8x0               |         Read |                    16.0 |       Write |                    16.0 |           |        |        |       1 |           |        |        |       1 |
| XDMA/inst/udma_wrapper/dma_top/dma_enable.vul_dma/WR/gen_rdwr_loop[0].gen_rdwr_eng.RDWR_INST/rrq_dadr_nn1                                                                 |           | 512x64                 | 512x64                 |              |                         |             |                         |           |        |        |         |           |        |        |         |
|  XDMA/inst/udma_wrapper/dma_top/dma_enable.vul_dma/WR/gen_rdwr_loop[0].gen_rdwr_eng.RDWR_INST/rrq_dadr_nn1_reg                                                            | RAMB36E1  |  B:B:16x64             |  A:A:16x64             |         Read |                    16.0 |       Write |                    16.0 |           |        |        |       0 |           |        |        |       0 |
| XDMA/inst/udma_wrapper/dma_top/dma_enable.vul_dma/WR/gen_rdwr_loop[0].gen_rdwr_eng.RDWR_INST/rrq_wadr_nn1                                                                 |           | 512x64                 | 512x64                 |              |                         |             |                         |           |        |        |         |           |        |        |         |
|  XDMA/inst/udma_wrapper/dma_top/dma_enable.vul_dma/WR/gen_rdwr_loop[0].gen_rdwr_eng.RDWR_INST/rrq_wadr_nn1_reg                                                            | RAMB36E1  |  B:B:16x64             |  A:A:16x64             |         Read |                    16.0 |       Write |                    16.0 |           |        |        |       0 |           |        |        |       0 |
+---------------------------------------------------------------------------------------------------------------------------------------------------------------------------+-----------+------------------------+------------------------+--------------+-------------------------+-------------+-------------------------+-----------+--------+--------+---------+-----------+--------+--------+---------+


5. Block Ram / URAM Memory Power - Inferred
-------------------------------------------

+---------------------------------------------------------------------------------------------------------------------------------------------------------------------------+-----------+------------------------+------------------------+----------------------------------------+---------------+-------------------+-----------+----------------------------------------+---------------+-------------------+-----------+
| Memory Name                                                                                                                                                               | Primitive | Port 1 Dimension / Map | Port 2 Dimension / Map | Port A Power Gated                     | Port A Enable | Port A WRITE_MODE | A Cascade | Port B Power Gated                     | Port B Enable | Port B WRITE_MODE | B Cascade |
+---------------------------------------------------------------------------------------------------------------------------------------------------------------------------+-----------+------------------------+------------------------+----------------------------------------+---------------+-------------------+-----------+----------------------------------------+---------------+-------------------+-----------+
| XDMA/inst/ram_top/C2H_PCIE_DSC_CPLD_RAM/the_bram                                                                                                                          |           | 1024x64                | 1024x64                |                                        |               |                   |           |                                        |               |                   |           |
|  XDMA/inst/ram_top/C2H_PCIE_DSC_CPLD_RAM/the_bram_reg_0                                                                                                                   | RAMB36E1  |  A:A:512x36            |  B:B:512x36            |                             REGCEB=NEW |        SIGNAL |        READ_FIRST |           |                             REGCEB=NEW |         POWER |       WRITE_FIRST |           |
|  XDMA/inst/ram_top/C2H_PCIE_DSC_CPLD_RAM/the_bram_reg_1                                                                                                                   | RAMB36E1  |  A:A:512x28            |  B:B:512x28            |                             REGCEB=NEW |        SIGNAL |        READ_FIRST |           |                             REGCEB=NEW |         POWER |       WRITE_FIRST |           |
| XDMA/inst/ram_top/MASTER_READ_BRAM/xpm_memory_sdpram_inst_loop[0].xpm_memory_sdpram_inst/xpm_memory_base_inst/gen_wr_a.gen_word_narrow.mem                                |           | 512x72                 | 512x72                 |                                        |               |                   |           |                                        |               |                   |           |
|  XDMA/inst/ram_top/MASTER_READ_BRAM/xpm_memory_sdpram_inst_loop[0].xpm_memory_sdpram_inst/xpm_memory_base_inst/gen_wr_a.gen_word_narrow.mem_reg                           | RAMB36E1  |  B:B:512x64            |  A:A:512x64            |                            ENBWREN=NEW |         POWER |        READ_FIRST |           |                            ENBWREN=NEW |        SIGNAL |        READ_FIRST |           |
| XDMA/inst/ram_top/mas_bridge_ram_write_512.MASTER_WRITE_FIFO/xpm_memory_sdpram_inst_loop[0].xpm_memory_sdpram_inst/xpm_memory_base_inst/gen_wr_a.gen_word_narrow.mem      |           | 512x72                 | 512x72                 |                                        |               |                   |           |                                        |               |                   |           |
|  XDMA/inst/ram_top/mas_bridge_ram_write_512.MASTER_WRITE_FIFO/xpm_memory_sdpram_inst_loop[0].xpm_memory_sdpram_inst/xpm_memory_base_inst/gen_wr_a.gen_word_narrow.mem_reg | RAMB36E1  |  B:B:512x64            |  A:A:512x64            |                ENBWREN=NEW:ENARDEN=NEW |        SIGNAL |        READ_FIRST |           |                ENBWREN=NEW:ENARDEN=NEW |        SIGNAL |        READ_FIRST |           |
| CAPTURE_SUBSYSTEM/BAR_TARGET/GEN_V40B_SLOT[0].GEN_AVAILABLE.SLOT_RAM/xpm_memory_base_inst/gen_wr_a.gen_word_narrow.mem                                                    |           | 512x64                 | 512x64                 |                                        |               |                   |           |                                        |               |                   |           |
|  CAPTURE_SUBSYSTEM/BAR_TARGET/GEN_V40B_SLOT[0].GEN_AVAILABLE.SLOT_RAM/xpm_memory_base_inst/gen_wr_a.gen_word_narrow.mem_reg                                               | RAMB36E1  |  B:B:512x64            |  A:A:512x64            |                                        |        SIGNAL |       WRITE_FIRST |           |                                        |         POWER |       WRITE_FIRST |           |
| CAPTURE_SUBSYSTEM/BAR_TARGET/GEN_V40B_SLOT[1].GEN_AVAILABLE.SLOT_RAM/xpm_memory_base_inst/gen_wr_a.gen_word_narrow.mem                                                    |           | 512x64                 | 512x64                 |                                        |               |                   |           |                                        |               |                   |           |
|  CAPTURE_SUBSYSTEM/BAR_TARGET/GEN_V40B_SLOT[1].GEN_AVAILABLE.SLOT_RAM/xpm_memory_base_inst/gen_wr_a.gen_word_narrow.mem_reg                                               | RAMB36E1  |  B:B:512x64            |  A:A:512x64            |                                        |        SIGNAL |       WRITE_FIRST |           |                                        |         POWER |       WRITE_FIRST |           |
| G2B_ONECH_C2H/GEN_G2B_SLOT[0].SLOT_RAM/xpm_memory_base_inst/gen_wr_a.gen_word_narrow.mem                                                                                  |           | 512x64                 | 512x64                 |                                        |               |                   |           |                                        |               |                   |           |
|  G2B_ONECH_C2H/GEN_G2B_SLOT[0].SLOT_RAM/xpm_memory_base_inst/gen_wr_a.gen_word_narrow.mem_reg                                                                             | RAMB36E1  |  B:B:512x64            |  A:A:512x64            |                            ENBWREN=NEW |        SIGNAL |       WRITE_FIRST |           |                            ENBWREN=NEW |        SIGNAL |       WRITE_FIRST |           |
| G2B_ONECH_C2H/GEN_G2B_SLOT[1].SLOT_RAM/xpm_memory_base_inst/gen_wr_a.gen_word_narrow.mem                                                                                  |           | 512x64                 | 512x64                 |                                        |               |                   |           |                                        |               |                   |           |
|  G2B_ONECH_C2H/GEN_G2B_SLOT[1].SLOT_RAM/xpm_memory_base_inst/gen_wr_a.gen_word_narrow.mem_reg                                                                             | RAMB36E1  |  B:B:512x64            |  A:A:512x64            |                            ENBWREN=NEW |        SIGNAL |       WRITE_FIRST |           |                            ENBWREN=NEW |        SIGNAL |       WRITE_FIRST |           |
| G2B_ONECH_C2H/GEN_G2B_SLOT[2].SLOT_RAM/xpm_memory_base_inst/gen_wr_a.gen_word_narrow.mem                                                                                  |           | 512x64                 | 512x64                 |                                        |               |                   |           |                                        |               |                   |           |
|  G2B_ONECH_C2H/GEN_G2B_SLOT[2].SLOT_RAM/xpm_memory_base_inst/gen_wr_a.gen_word_narrow.mem_reg                                                                             | RAMB36E1  |  B:B:512x64            |  A:A:512x64            |                            ENBWREN=NEW |        SIGNAL |       WRITE_FIRST |           |                            ENBWREN=NEW |        SIGNAL |       WRITE_FIRST |           |
| G2B_ONECH_C2H/GEN_G2B_SLOT[3].SLOT_RAM/xpm_memory_base_inst/gen_wr_a.gen_word_narrow.mem                                                                                  |           | 512x64                 | 512x64                 |                                        |               |                   |           |                                        |               |                   |           |
|  G2B_ONECH_C2H/GEN_G2B_SLOT[3].SLOT_RAM/xpm_memory_base_inst/gen_wr_a.gen_word_narrow.mem_reg                                                                             | RAMB36E1  |  B:B:512x64            |  A:A:512x64            |                            ENBWREN=NEW |        SIGNAL |       WRITE_FIRST |           |                            ENBWREN=NEW |        SIGNAL |       WRITE_FIRST |           |
| XDMA/inst/ram_top/gen_c2h_bram.C2H_DAT0_FIFO/xpm_memory_sdpram_inst_loop[0].xpm_memory_sdpram_inst/xpm_memory_base_inst/gen_wr_a.gen_word_narrow.mem                      |           | 512x36                 | 512x36                 |                                        |               |                   |           |                                        |               |                   |           |
|  XDMA/inst/ram_top/gen_c2h_bram.C2H_DAT0_FIFO/xpm_memory_sdpram_inst_loop[0].xpm_memory_sdpram_inst/xpm_memory_base_inst/gen_wr_a.gen_word_narrow.mem_reg                 | RAMB18E1  |  B:B:512x32            |  A:A:512x32            |     ENARDEN=NEW:ENBWREN=NEW:REGCEB=AUG |        SIGNAL |        READ_FIRST |           |     ENARDEN=NEW:ENBWREN=NEW:REGCEB=AUG |        SIGNAL |        READ_FIRST |           |
| XDMA/inst/ram_top/gen_c2h_bram.C2H_DAT0_FIFO/xpm_memory_sdpram_inst_loop[1].xpm_memory_sdpram_inst/xpm_memory_base_inst/gen_wr_a.gen_word_narrow.mem                      |           | 512x36                 | 512x36                 |                                        |               |                   |           |                                        |               |                   |           |
|  XDMA/inst/ram_top/gen_c2h_bram.C2H_DAT0_FIFO/xpm_memory_sdpram_inst_loop[1].xpm_memory_sdpram_inst/xpm_memory_base_inst/gen_wr_a.gen_word_narrow.mem_reg                 | RAMB18E1  |  B:B:512x32            |  A:A:512x32            |     ENARDEN=NEW:ENBWREN=NEW:REGCEB=AUG |        SIGNAL |        READ_FIRST |           |     ENARDEN=NEW:ENBWREN=NEW:REGCEB=AUG |        SIGNAL |        READ_FIRST |           |
| XDMA/inst/udma_wrapper/dma_top/base/IRQ_INST/msix_internal_xdma.pf0_msix_table/msix_ram_gen[1].msix_ram                                                                   |           | 128x32                 |                        |                                        |               |                   |           |                                        |               |                   |           |
|  XDMA/inst/udma_wrapper/dma_top/base/IRQ_INST/msix_internal_xdma.pf0_msix_table/msix_ram_gen[1].msix_ram_reg                                                              | RAMB36E1  |  A:A:128x32            |                        |                                        |         POWER |        READ_FIRST |           |                                        |               |                   |           |
| XDMA/inst/udma_wrapper/dma_top/dma_enable.vul_dma/RD/gen_rdwr_loop[0].gen_rdwr_eng.RDWR_INST/rrq_wadr_nn1                                                                 |           | 512x64                 | 512x64                 |                                        |               |                   |           |                                        |               |                   |           |
|  XDMA/inst/udma_wrapper/dma_top/dma_enable.vul_dma/RD/gen_rdwr_loop[0].gen_rdwr_eng.RDWR_INST/rrq_wadr_nn1_reg                                                            | RAMB36E1  |  B:B:32x12             |  A:A:32x12             |                            ENBWREN=NEW |         POWER |        READ_FIRST |           |                            ENBWREN=NEW |        SIGNAL |        READ_FIRST |           |
| XDMA/inst/udma_wrapper/dma_top/dma_pcie_req/dma_pcie_rc/u_mem_rc/the_bram                                                                                                 |           | 512x142                | 512x142                |                                        |               |                   |           |                                        |               |                   |           |
|  XDMA/inst/udma_wrapper/dma_top/dma_pcie_req/dma_pcie_rc/u_mem_rc/the_bram_reg_0                                                                                          | RAMB36E1  |  B:B:8x68              |  A:A:8x68              | REGCEAREGCE=NEW:ENBWREN=NEW:REGCEB=AUG |        SIGNAL |        READ_FIRST |           | REGCEAREGCE=NEW:ENBWREN=NEW:REGCEB=AUG |        SIGNAL |        READ_FIRST |           |
|  XDMA/inst/udma_wrapper/dma_top/dma_pcie_req/dma_pcie_rc/u_mem_rc/the_bram_reg_1                                                                                          | RAMB36E1  |  B:B:8x0               |  A:A:8x0               | REGCEAREGCE=NEW:ENBWREN=NEW:REGCEB=AUG |        SIGNAL |        READ_FIRST |           | REGCEAREGCE=NEW:ENBWREN=NEW:REGCEB=AUG |        SIGNAL |        READ_FIRST |           |
| XDMA/inst/udma_wrapper/dma_top/dma_enable.vul_dma/WR/gen_rdwr_loop[0].gen_rdwr_eng.RDWR_INST/rrq_dadr_nn1                                                                 |           | 512x64                 | 512x64                 |                                        |               |                   |           |                                        |               |                   |           |
|  XDMA/inst/udma_wrapper/dma_top/dma_enable.vul_dma/WR/gen_rdwr_loop[0].gen_rdwr_eng.RDWR_INST/rrq_dadr_nn1_reg                                                            | RAMB36E1  |  B:B:16x64             |  A:A:16x64             |                            ENBWREN=NEW |         POWER |        READ_FIRST |           |                            ENBWREN=NEW |        SIGNAL |        READ_FIRST |           |
| XDMA/inst/udma_wrapper/dma_top/dma_enable.vul_dma/WR/gen_rdwr_loop[0].gen_rdwr_eng.RDWR_INST/rrq_wadr_nn1                                                                 |           | 512x64                 | 512x64                 |                                        |               |                   |           |                                        |               |                   |           |
|  XDMA/inst/udma_wrapper/dma_top/dma_enable.vul_dma/WR/gen_rdwr_loop[0].gen_rdwr_eng.RDWR_INST/rrq_wadr_nn1_reg                                                            | RAMB36E1  |  B:B:16x64             |  A:A:16x64             |                            ENBWREN=NEW |         POWER |        READ_FIRST |           |                            ENBWREN=NEW |        SIGNAL |        READ_FIRST |           |
+---------------------------------------------------------------------------------------------------------------------------------------------------------------------------+-----------+------------------------+------------------------+----------------------------------------+---------------+-------------------+-----------+----------------------------------------+---------------+-------------------+-----------+


6. Memory Utilization - Instantiated
------------------------------------

+------------------------------------------------------------------------------------------------------------------------------------------------------------------------------------------------------------------------------------------------------------------------------------------------------------------------------------------------------------------------------+-----------+-----------+----------------+-----------+-----------+---------+---------------+---------------+---------+---------------+---------------+---------+---------------+---------------+---------+---------------+---------------+
| Memory Name                                                                                                                                                                                                                                                                                                                                                                  | Primitive | RAM STYLE | Available Bits | Used Bits | Bit Util% | A Depth | A Depth Avail | A Depth Util% | A Width | A Width Avail | A Width Util% | B Depth | B Depth Avail | B Depth Util% | B Width | B Width Avail | B Width Util% |
+------------------------------------------------------------------------------------------------------------------------------------------------------------------------------------------------------------------------------------------------------------------------------------------------------------------------------------------------------------------------------+-----------+-----------+----------------+-----------+-----------+---------+---------------+---------------+---------+---------------+---------------+---------+---------------+---------------+---------+---------------+---------------+
| XDMA/inst/xdma_v41_m1_pcie2_to_pcie3_wrapper_i/pcie2_ip_i/inst/inst/pcie_top_i/pcie_7x_i/pcie_bram_top/pcie_brams_rx/brams[0].ram/use_tdp.ramb36/genblk5_0.bram36_tdp_bl.bram36_tdp_bl                                                                                                                                                                                       | RAMB36E1  |           |          36864 |     36864 |    100.00 |    2048 |          2048 |        100.00 |      18 |            18 |        100.00 |    2048 |          2048 |        100.00 |      18 |            18 |        100.00 |
| XDMA/inst/xdma_v41_m1_pcie2_to_pcie3_wrapper_i/pcie2_ip_i/inst/inst/pcie_top_i/pcie_7x_i/pcie_bram_top/pcie_brams_rx/brams[1].ram/use_tdp.ramb36/genblk5_0.bram36_tdp_bl.bram36_tdp_bl                                                                                                                                                                                       | RAMB36E1  |           |          36864 |     36864 |    100.00 |    2048 |          2048 |        100.00 |      18 |            18 |        100.00 |    2048 |          2048 |        100.00 |      18 |            18 |        100.00 |
| XDMA/inst/xdma_v41_m1_pcie2_to_pcie3_wrapper_i/pcie2_ip_i/inst/inst/pcie_top_i/pcie_7x_i/pcie_bram_top/pcie_brams_rx/brams[2].ram/use_tdp.ramb36/genblk5_0.bram36_tdp_bl.bram36_tdp_bl                                                                                                                                                                                       | RAMB36E1  |           |          36864 |     36864 |    100.00 |    2048 |          2048 |        100.00 |      18 |            18 |        100.00 |    2048 |          2048 |        100.00 |      18 |            18 |        100.00 |
| XDMA/inst/xdma_v41_m1_pcie2_to_pcie3_wrapper_i/pcie2_ip_i/inst/inst/pcie_top_i/pcie_7x_i/pcie_bram_top/pcie_brams_rx/brams[3].ram/use_tdp.ramb36/genblk5_0.bram36_tdp_bl.bram36_tdp_bl                                                                                                                                                                                       | RAMB36E1  |           |          36864 |     28672 |     77.78 |    2048 |          2048 |        100.00 |      14 |            18 |         77.78 |    2048 |          2048 |        100.00 |      14 |            18 |         77.78 |
| XDMA/inst/xdma_v41_m1_pcie2_to_pcie3_wrapper_i/pcie2_ip_i/inst/inst/pcie_top_i/pcie_7x_i/pcie_bram_top/pcie_brams_tx/brams[0].ram/use_tdp.ramb36/genblk5_0.bram36_tdp_bl.bram36_tdp_bl                                                                                                                                                                                       | RAMB36E1  |           |          36864 |     36864 |    100.00 |    2048 |          2048 |        100.00 |      18 |            18 |        100.00 |    2048 |          2048 |        100.00 |      18 |            18 |        100.00 |
| XDMA/inst/xdma_v41_m1_pcie2_to_pcie3_wrapper_i/pcie2_ip_i/inst/inst/pcie_top_i/pcie_7x_i/pcie_bram_top/pcie_brams_tx/brams[1].ram/use_tdp.ramb36/genblk5_0.bram36_tdp_bl.bram36_tdp_bl                                                                                                                                                                                       | RAMB36E1  |           |          36864 |     36864 |    100.00 |    2048 |          2048 |        100.00 |      18 |            18 |        100.00 |    2048 |          2048 |        100.00 |      18 |            18 |        100.00 |
| XDMA/inst/xdma_v41_m1_pcie2_to_pcie3_wrapper_i/pcie2_ip_i/inst/inst/pcie_top_i/pcie_7x_i/pcie_bram_top/pcie_brams_tx/brams[2].ram/use_tdp.ramb36/genblk5_0.bram36_tdp_bl.bram36_tdp_bl                                                                                                                                                                                       | RAMB36E1  |           |          36864 |     36864 |    100.00 |    2048 |          2048 |        100.00 |      18 |            18 |        100.00 |    2048 |          2048 |        100.00 |      18 |            18 |        100.00 |
| XDMA/inst/xdma_v41_m1_pcie2_to_pcie3_wrapper_i/pcie2_ip_i/inst/inst/pcie_top_i/pcie_7x_i/pcie_bram_top/pcie_brams_tx/brams[3].ram/use_tdp.ramb36/genblk5_0.bram36_tdp_bl.bram36_tdp_bl                                                                                                                                                                                       | RAMB36E1  |           |          36864 |     30720 |     83.33 |    2048 |          2048 |        100.00 |      15 |            18 |         83.33 |    2048 |          2048 |        100.00 |      15 |            18 |         83.33 |
| XDMA/inst/xdma_v41_m1_pcie2_to_pcie3_wrapper_i/xdma_v41_m1_axi_stream_intf_i/xdma_v41_m1_rx_demux_i/dma_cpl_fifo_inst/U0/inst_fifo_gen/gaxis_fifo.gaxisf.axisf/grf.rf/gntv_or_sync_fifo.mem/gbm.gbmg.gbmga.ngecc.bmg/inst_blk_mem_gen/gnbram.gnativebmg.native_blk_mem_gen/valid.cstr/ramloop[0].ram.r/prim_noinit.ram/DEVICE_7SERIES.NO_BMM_INFO.SDP.WIDE_PRIM18.ram        | RAMB18E1  |           |          18432 |       896 |      4.86 |      64 |           512 |         12.50 |      14 |            36 |         38.89 |      64 |           512 |         12.50 |      14 |            36 |         38.89 |
| XDMA/inst/xdma_v41_m1_pcie2_to_pcie3_wrapper_i/xdma_v41_m1_axi_stream_intf_i/xdma_v41_m1_rx_demux_i/dma_cpl_fifo_inst/U0/inst_fifo_gen/gaxis_fifo.gaxisf.axisf/grf.rf/gntv_or_sync_fifo.mem/gbm.gbmg.gbmga.ngecc.bmg/inst_blk_mem_gen/gnbram.gnativebmg.native_blk_mem_gen/valid.cstr/ramloop[1].ram.r/prim_noinit.ram/DEVICE_7SERIES.NO_BMM_INFO.SDP.WIDE_PRIM36_NO_ECC.ram | RAMB36E1  |           |          36864 |      3776 |     10.24 |      64 |           512 |         12.50 |      59 |            72 |         81.94 |      64 |           512 |         12.50 |      59 |            72 |         81.94 |
+------------------------------------------------------------------------------------------------------------------------------------------------------------------------------------------------------------------------------------------------------------------------------------------------------------------------------------------------------------------------------+-----------+-----------+----------------+-----------+-----------+---------+---------------+---------------+---------+---------------+---------------+---------+---------------+---------------+---------+---------------+---------------+


7. Memory Performance - Instantiated
------------------------------------

+------------------------------------------------------------------------------------------------------------------------------------------------------------------------------------------------------------------------------------------------------------------------------------------------------------------------------------------------------------------------------+-----------+------------------------+------------------------+-------------+-------------------------+-------------+-------------------------+-----------+--------+--------+---------+-----------+--------+--------+---------+
| Memory Name                                                                                                                                                                                                                                                                                                                                                                  | Primitive | Port 1 Dimension / Map | Port 2 Dimension / Map | Port A Type | Port A Requirement (ns) | Port B Type | Port B Requirement (ns) | A Cascade | IREG_A | OREG_A | DOA_REG | B Cascade | IREG_B | OREG_B | DOB_REG |
+------------------------------------------------------------------------------------------------------------------------------------------------------------------------------------------------------------------------------------------------------------------------------------------------------------------------------------------------------------------------------+-----------+------------------------+------------------------+-------------+-------------------------+-------------+-------------------------+-----------+--------+--------+---------+-----------+--------+--------+---------+
| XDMA/inst/xdma_v41_m1_pcie2_to_pcie3_wrapper_i/pcie2_ip_i/inst/inst/pcie_top_i/pcie_7x_i/pcie_bram_top/pcie_brams_rx/brams[0].ram/use_tdp.ramb36/genblk5_0.bram36_tdp_bl.bram36_tdp_bl                                                                                                                                                                                       | RAMB36E1  |  A:A:2048x18           |  B:B:2048x18           |       Write |                    16.0 |        Read |                    16.0 |           |        |        |       0 |           |        |        |       1 |
| XDMA/inst/xdma_v41_m1_pcie2_to_pcie3_wrapper_i/pcie2_ip_i/inst/inst/pcie_top_i/pcie_7x_i/pcie_bram_top/pcie_brams_rx/brams[1].ram/use_tdp.ramb36/genblk5_0.bram36_tdp_bl.bram36_tdp_bl                                                                                                                                                                                       | RAMB36E1  |  A:A:2048x18           |  B:B:2048x18           |       Write |                    16.0 |        Read |                    16.0 |           |        |        |       0 |           |        |        |       1 |
| XDMA/inst/xdma_v41_m1_pcie2_to_pcie3_wrapper_i/pcie2_ip_i/inst/inst/pcie_top_i/pcie_7x_i/pcie_bram_top/pcie_brams_rx/brams[2].ram/use_tdp.ramb36/genblk5_0.bram36_tdp_bl.bram36_tdp_bl                                                                                                                                                                                       | RAMB36E1  |  A:A:2048x18           |  B:B:2048x18           |       Write |                    16.0 |        Read |                    16.0 |           |        |        |       0 |           |        |        |       1 |
| XDMA/inst/xdma_v41_m1_pcie2_to_pcie3_wrapper_i/pcie2_ip_i/inst/inst/pcie_top_i/pcie_7x_i/pcie_bram_top/pcie_brams_rx/brams[3].ram/use_tdp.ramb36/genblk5_0.bram36_tdp_bl.bram36_tdp_bl                                                                                                                                                                                       | RAMB36E1  |  A:A:2048x14           |  B:B:2048x14           |       Write |                    16.0 |        Read |                    16.0 |           |        |        |       0 |           |        |        |       1 |
| XDMA/inst/xdma_v41_m1_pcie2_to_pcie3_wrapper_i/pcie2_ip_i/inst/inst/pcie_top_i/pcie_7x_i/pcie_bram_top/pcie_brams_tx/brams[0].ram/use_tdp.ramb36/genblk5_0.bram36_tdp_bl.bram36_tdp_bl                                                                                                                                                                                       | RAMB36E1  |  A:A:2048x18           |  B:B:2048x18           |       Write |                    16.0 |        Read |                    16.0 |           |        |        |       0 |           |        |        |       1 |
| XDMA/inst/xdma_v41_m1_pcie2_to_pcie3_wrapper_i/pcie2_ip_i/inst/inst/pcie_top_i/pcie_7x_i/pcie_bram_top/pcie_brams_tx/brams[1].ram/use_tdp.ramb36/genblk5_0.bram36_tdp_bl.bram36_tdp_bl                                                                                                                                                                                       | RAMB36E1  |  A:A:2048x18           |  B:B:2048x18           |       Write |                    16.0 |        Read |                    16.0 |           |        |        |       0 |           |        |        |       1 |
| XDMA/inst/xdma_v41_m1_pcie2_to_pcie3_wrapper_i/pcie2_ip_i/inst/inst/pcie_top_i/pcie_7x_i/pcie_bram_top/pcie_brams_tx/brams[2].ram/use_tdp.ramb36/genblk5_0.bram36_tdp_bl.bram36_tdp_bl                                                                                                                                                                                       | RAMB36E1  |  A:A:2048x18           |  B:B:2048x18           |       Write |                    16.0 |        Read |                    16.0 |           |        |        |       0 |           |        |        |       1 |
| XDMA/inst/xdma_v41_m1_pcie2_to_pcie3_wrapper_i/pcie2_ip_i/inst/inst/pcie_top_i/pcie_7x_i/pcie_bram_top/pcie_brams_tx/brams[3].ram/use_tdp.ramb36/genblk5_0.bram36_tdp_bl.bram36_tdp_bl                                                                                                                                                                                       | RAMB36E1  |  A:A:2048x15           |  B:B:2048x15           |       Write |                    16.0 |        Read |                    16.0 |           |        |        |       0 |           |        |        |       1 |
| XDMA/inst/xdma_v41_m1_pcie2_to_pcie3_wrapper_i/xdma_v41_m1_axi_stream_intf_i/xdma_v41_m1_rx_demux_i/dma_cpl_fifo_inst/U0/inst_fifo_gen/gaxis_fifo.gaxisf.axisf/grf.rf/gntv_or_sync_fifo.mem/gbm.gbmg.gbmga.ngecc.bmg/inst_blk_mem_gen/gnbram.gnativebmg.native_blk_mem_gen/valid.cstr/ramloop[0].ram.r/prim_noinit.ram/DEVICE_7SERIES.NO_BMM_INFO.SDP.WIDE_PRIM18.ram        | RAMB18E1  |  B:B:64x14             |  A:A:64x14             |        Read |                    16.0 |       Write |                    16.0 |           |        |        |       0 |           |        |        |       0 |
| XDMA/inst/xdma_v41_m1_pcie2_to_pcie3_wrapper_i/xdma_v41_m1_axi_stream_intf_i/xdma_v41_m1_rx_demux_i/dma_cpl_fifo_inst/U0/inst_fifo_gen/gaxis_fifo.gaxisf.axisf/grf.rf/gntv_or_sync_fifo.mem/gbm.gbmg.gbmga.ngecc.bmg/inst_blk_mem_gen/gnbram.gnativebmg.native_blk_mem_gen/valid.cstr/ramloop[1].ram.r/prim_noinit.ram/DEVICE_7SERIES.NO_BMM_INFO.SDP.WIDE_PRIM36_NO_ECC.ram | RAMB36E1  |  B:B:64x59             |  A:A:64x59             |        Read |                    16.0 |       Write |                    16.0 |           |        |        |       0 |           |        |        |       0 |
+------------------------------------------------------------------------------------------------------------------------------------------------------------------------------------------------------------------------------------------------------------------------------------------------------------------------------------------------------------------------------+-----------+------------------------+------------------------+-------------+-------------------------+-------------+-------------------------+-----------+--------+--------+---------+-----------+--------+--------+---------+


8. Block Ram / URAM Memory Power - Instantiated
-----------------------------------------------

+------------------------------------------------------------------------------------------------------------------------------------------------------------------------------------------------------------------------------------------------------------------------------------------------------------------------------------------------------------------------------+-----------+------------------------+------------------------+--------------------+---------------+-------------------+-----------+--------------------+---------------+-------------------+-----------+
| Memory Name                                                                                                                                                                                                                                                                                                                                                                  | Primitive | Port 1 Dimension / Map | Port 2 Dimension / Map | Port A Power Gated | Port A Enable | Port A WRITE_MODE | A Cascade | Port B Power Gated | Port B Enable | Port B WRITE_MODE | B Cascade |
+------------------------------------------------------------------------------------------------------------------------------------------------------------------------------------------------------------------------------------------------------------------------------------------------------------------------------------------------------------------------------+-----------+------------------------+------------------------+--------------------+---------------+-------------------+-----------+--------------------+---------------+-------------------+-----------+
| XDMA/inst/xdma_v41_m1_pcie2_to_pcie3_wrapper_i/pcie2_ip_i/inst/inst/pcie_top_i/pcie_7x_i/pcie_bram_top/pcie_brams_rx/brams[0].ram/use_tdp.ramb36/genblk5_0.bram36_tdp_bl.bram36_tdp_bl                                                                                                                                                                                       | RAMB36E1  |  A:A:2048x18           |  B:B:2048x18           |                    |        SIGNAL |         NO_CHANGE |           |                    |        SIGNAL |       WRITE_FIRST |           |
| XDMA/inst/xdma_v41_m1_pcie2_to_pcie3_wrapper_i/pcie2_ip_i/inst/inst/pcie_top_i/pcie_7x_i/pcie_bram_top/pcie_brams_rx/brams[1].ram/use_tdp.ramb36/genblk5_0.bram36_tdp_bl.bram36_tdp_bl                                                                                                                                                                                       | RAMB36E1  |  A:A:2048x18           |  B:B:2048x18           |                    |        SIGNAL |         NO_CHANGE |           |                    |        SIGNAL |       WRITE_FIRST |           |
| XDMA/inst/xdma_v41_m1_pcie2_to_pcie3_wrapper_i/pcie2_ip_i/inst/inst/pcie_top_i/pcie_7x_i/pcie_bram_top/pcie_brams_rx/brams[2].ram/use_tdp.ramb36/genblk5_0.bram36_tdp_bl.bram36_tdp_bl                                                                                                                                                                                       | RAMB36E1  |  A:A:2048x18           |  B:B:2048x18           |                    |        SIGNAL |         NO_CHANGE |           |                    |        SIGNAL |       WRITE_FIRST |           |
| XDMA/inst/xdma_v41_m1_pcie2_to_pcie3_wrapper_i/pcie2_ip_i/inst/inst/pcie_top_i/pcie_7x_i/pcie_bram_top/pcie_brams_rx/brams[3].ram/use_tdp.ramb36/genblk5_0.bram36_tdp_bl.bram36_tdp_bl                                                                                                                                                                                       | RAMB36E1  |  A:A:2048x14           |  B:B:2048x14           |                    |        SIGNAL |         NO_CHANGE |           |                    |        SIGNAL |       WRITE_FIRST |           |
| XDMA/inst/xdma_v41_m1_pcie2_to_pcie3_wrapper_i/pcie2_ip_i/inst/inst/pcie_top_i/pcie_7x_i/pcie_bram_top/pcie_brams_tx/brams[0].ram/use_tdp.ramb36/genblk5_0.bram36_tdp_bl.bram36_tdp_bl                                                                                                                                                                                       | RAMB36E1  |  A:A:2048x18           |  B:B:2048x18           |                    |        SIGNAL |         NO_CHANGE |           |                    |        SIGNAL |       WRITE_FIRST |           |
| XDMA/inst/xdma_v41_m1_pcie2_to_pcie3_wrapper_i/pcie2_ip_i/inst/inst/pcie_top_i/pcie_7x_i/pcie_bram_top/pcie_brams_tx/brams[1].ram/use_tdp.ramb36/genblk5_0.bram36_tdp_bl.bram36_tdp_bl                                                                                                                                                                                       | RAMB36E1  |  A:A:2048x18           |  B:B:2048x18           |                    |        SIGNAL |         NO_CHANGE |           |                    |        SIGNAL |       WRITE_FIRST |           |
| XDMA/inst/xdma_v41_m1_pcie2_to_pcie3_wrapper_i/pcie2_ip_i/inst/inst/pcie_top_i/pcie_7x_i/pcie_bram_top/pcie_brams_tx/brams[2].ram/use_tdp.ramb36/genblk5_0.bram36_tdp_bl.bram36_tdp_bl                                                                                                                                                                                       | RAMB36E1  |  A:A:2048x18           |  B:B:2048x18           |                    |        SIGNAL |         NO_CHANGE |           |                    |        SIGNAL |       WRITE_FIRST |           |
| XDMA/inst/xdma_v41_m1_pcie2_to_pcie3_wrapper_i/pcie2_ip_i/inst/inst/pcie_top_i/pcie_7x_i/pcie_bram_top/pcie_brams_tx/brams[3].ram/use_tdp.ramb36/genblk5_0.bram36_tdp_bl.bram36_tdp_bl                                                                                                                                                                                       | RAMB36E1  |  A:A:2048x15           |  B:B:2048x15           |                    |        SIGNAL |         NO_CHANGE |           |                    |        SIGNAL |       WRITE_FIRST |           |
| XDMA/inst/xdma_v41_m1_pcie2_to_pcie3_wrapper_i/xdma_v41_m1_axi_stream_intf_i/xdma_v41_m1_rx_demux_i/dma_cpl_fifo_inst/U0/inst_fifo_gen/gaxis_fifo.gaxisf.axisf/grf.rf/gntv_or_sync_fifo.mem/gbm.gbmg.gbmga.ngecc.bmg/inst_blk_mem_gen/gnbram.gnativebmg.native_blk_mem_gen/valid.cstr/ramloop[0].ram.r/prim_noinit.ram/DEVICE_7SERIES.NO_BMM_INFO.SDP.WIDE_PRIM18.ram        | RAMB18E1  |  B:B:64x14             |  A:A:64x14             |                    |        SIGNAL |        READ_FIRST |           |                    |        SIGNAL |        READ_FIRST |           |
| XDMA/inst/xdma_v41_m1_pcie2_to_pcie3_wrapper_i/xdma_v41_m1_axi_stream_intf_i/xdma_v41_m1_rx_demux_i/dma_cpl_fifo_inst/U0/inst_fifo_gen/gaxis_fifo.gaxisf.axisf/grf.rf/gntv_or_sync_fifo.mem/gbm.gbmg.gbmga.ngecc.bmg/inst_blk_mem_gen/gnbram.gnativebmg.native_blk_mem_gen/valid.cstr/ramloop[1].ram.r/prim_noinit.ram/DEVICE_7SERIES.NO_BMM_INFO.SDP.WIDE_PRIM36_NO_ECC.ram | RAMB36E1  |  B:B:64x59             |  A:A:64x59             |                    |        SIGNAL |        READ_FIRST |           |                    |        SIGNAL |        READ_FIRST |           |
+------------------------------------------------------------------------------------------------------------------------------------------------------------------------------------------------------------------------------------------------------------------------------------------------------------------------------------------------------------------------------+-----------+------------------------+------------------------+--------------------+---------------+-------------------+-----------+--------------------+---------------+-------------------+-----------+


