Copyright 1986-2022 Xilinx, Inc. All Rights Reserved. Copyright 2022-2025 Advanced Micro Devices, Inc. All Rights Reserved.
-------------------------------------------------------------------------------------------------------------------------------------------------------------------------------------------------------------------------------------------------------------------------------------------------------------------------------------------------------------------------------------------------------------------------------------------------------------------------------------------------------------------------------------------------------------------------------------------------------------------------------------------------------------------------------------------------------------------------------------------------------------------------------------------------------------------------------------------------------------------------------------------------------------------------------------------------------------------------------------------------------------------------------------------------------------------------------------------------------------------------------------------------------------------------------------------------------------------------------------------------------------------------------------------------------------------------------------------------------------------------------------------------------------------------------------------------------------------------------------------------------------------------------------------------------------------------------------------------------------------------------------------------------------------------------------------------------------------------------------------------------------------------------------------------------------------------------------------------------------------------------------------------------------------------------------------------------------------------------------------------------------------------------------------------------------------------------------------------------------------------------------------------------------------------------------------------------------------------------------------------------------------------------------------------------------------------------------------------------------------------------------------------------------------------------------------------------------------------------------------------------------------------------------------------------------------------------------------------------------------------------------------------------------------------------------------------------------------------------------------------------------------------------------------------------------------------------------------------------------------------------------------------------------------------------------------------------------
| Tool Version : Vivado v.2025.2 (win64) Build 6299465 Fri Nov 14 19:35:11 GMT 2025
| Date         : Sat Sep  5 11:35:06 2026
| Host         : NBLSUDUL running 64-bit major release  (build 9200)
| Command      : report_timing -of_objects [get_timing_paths -delay_type max -sort_by slack -max_paths 1 -nworst 1 -from {G2B_ONECH_C2H/release_generation_axi_reg[2][0] G2B_ONECH_C2H/release_generation_axi_reg[2][10] G2B_ONECH_C2H/release_generation_axi_reg[2][11] G2B_ONECH_C2H/release_generation_axi_reg[2][12] G2B_ONECH_C2H/release_generation_axi_reg[2][13] G2B_ONECH_C2H/release_generation_axi_reg[2][14] G2B_ONECH_C2H/release_generation_axi_reg[2][15] G2B_ONECH_C2H/release_generation_axi_reg[2][16] G2B_ONECH_C2H/release_generation_axi_reg[2][17] G2B_ONECH_C2H/release_generation_axi_reg[2][18] G2B_ONECH_C2H/release_generation_axi_reg[2][19] G2B_ONECH_C2H/release_generation_axi_reg[2][1] G2B_ONECH_C2H/release_generation_axi_reg[2][20] G2B_ONECH_C2H/release_generation_axi_reg[2][21] G2B_ONECH_C2H/release_generation_axi_reg[2][22] G2B_ONECH_C2H/release_generation_axi_reg[2][23] G2B_ONECH_C2H/release_generation_axi_reg[2][2] G2B_ONECH_C2H/release_generation_axi_reg[2][3] G2B_ONECH_C2H/release_generation_axi_reg[2][4] G2B_ONECH_C2H/release_generation_axi_reg[2][5] G2B_ONECH_C2H/release_generation_axi_reg[2][6] G2B_ONECH_C2H/release_generation_axi_reg[2][7] G2B_ONECH_C2H/release_generation_axi_reg[2][8] G2B_ONECH_C2H/release_generation_axi_reg[2][9] G2B_ONECH_C2H/release_epoch_axi_reg[2][0] G2B_ONECH_C2H/release_epoch_axi_reg[2][10] G2B_ONECH_C2H/release_epoch_axi_reg[2][11] G2B_ONECH_C2H/release_epoch_axi_reg[2][12] G2B_ONECH_C2H/release_epoch_axi_reg[2][13] G2B_ONECH_C2H/release_epoch_axi_reg[2][14] G2B_ONECH_C2H/release_epoch_axi_reg[2][15] G2B_ONECH_C2H/release_epoch_axi_reg[2][16] G2B_ONECH_C2H/release_epoch_axi_reg[2][17] G2B_ONECH_C2H/release_epoch_axi_reg[2][18] G2B_ONECH_C2H/release_epoch_axi_reg[2][19] G2B_ONECH_C2H/release_epoch_axi_reg[2][1] G2B_ONECH_C2H/release_epoch_axi_reg[2][20] G2B_ONECH_C2H/release_epoch_axi_reg[2][21] G2B_ONECH_C2H/release_epoch_axi_reg[2][22] G2B_ONECH_C2H/release_epoch_axi_reg[2][23] G2B_ONECH_C2H/release_epoch_axi_reg[2][24] G2B_ONECH_C2H/release_epoch_axi_reg[2][25] G2B_ONECH_C2H/release_epoch_axi_reg[2][26] G2B_ONECH_C2H/release_epoch_axi_reg[2][27] G2B_ONECH_C2H/release_epoch_axi_reg[2][28] G2B_ONECH_C2H/release_epoch_axi_reg[2][29] G2B_ONECH_C2H/release_epoch_axi_reg[2][2] G2B_ONECH_C2H/release_epoch_axi_reg[2][30] G2B_ONECH_C2H/release_epoch_axi_reg[2][31] G2B_ONECH_C2H/release_epoch_axi_reg[2][3] G2B_ONECH_C2H/release_epoch_axi_reg[2][4] G2B_ONECH_C2H/release_epoch_axi_reg[2][5] G2B_ONECH_C2H/release_epoch_axi_reg[2][6] G2B_ONECH_C2H/release_epoch_axi_reg[2][7] G2B_ONECH_C2H/release_epoch_axi_reg[2][8] G2B_ONECH_C2H/release_epoch_axi_reg[2][9]} -to [filter [get_cells -quiet -hier -regexp {.*G2B_ONECH_C2H/slot_state_source_reg\[2\].*}] {IS_SEQUENTIAL == 1}]] -file C:/FPGA/G2B_LUT1_SIGNOFF_RECOVERY4_20260905_112316/RELEASE_SLOT2_NORMAL_STATE_TRANSITION.rpt
| Design       : ahd_capture_top_xdma
| Device       : 7a35t-csg325
| Speed File   : -2  PRODUCTION 1.23 2018-06-13
| Design State : Routed
-------------------------------------------------------------------------------------------------------------------------------------------------------------------------------------------------------------------------------------------------------------------------------------------------------------------------------------------------------------------------------------------------------------------------------------------------------------------------------------------------------------------------------------------------------------------------------------------------------------------------------------------------------------------------------------------------------------------------------------------------------------------------------------------------------------------------------------------------------------------------------------------------------------------------------------------------------------------------------------------------------------------------------------------------------------------------------------------------------------------------------------------------------------------------------------------------------------------------------------------------------------------------------------------------------------------------------------------------------------------------------------------------------------------------------------------------------------------------------------------------------------------------------------------------------------------------------------------------------------------------------------------------------------------------------------------------------------------------------------------------------------------------------------------------------------------------------------------------------------------------------------------------------------------------------------------------------------------------------------------------------------------------------------------------------------------------------------------------------------------------------------------------------------------------------------------------------------------------------------------------------------------------------------------------------------------------------------------------------------------------------------------------------------------------------------------------------------------------------------------------------------------------------------------------------------------------------------------------------------------------------------------------------------------------------------------------------------------------------------------------------------------------------------------------------------------------------------------------------------------------------------------------------------------------------------------------------------

Timing Report

Slack (MET) :             0.559ns  (required time - arrival time)
  Source:                 G2B_ONECH_C2H/release_epoch_axi_reg[2][2]/C
                            (rising edge-triggered cell FDRE clocked by userclk1  {rise@0.000ns fall@8.000ns period=16.000ns})
  Destination:            G2B_ONECH_C2H/slot_state_source_reg[2][1]/D
                            (rising edge-triggered cell FDRE clocked by nvp_vclk1  {rise@0.000ns fall@3.367ns period=6.734ns})
  Path Group:             nvp_vclk1
  Path Type:              Setup (Max at Slow Process Corner)
  Requirement:            6.000ns  (MaxDelay Path 6.000ns)
  Data Path Delay:        5.473ns  (logic 2.162ns (39.502%)  route 3.311ns (60.498%))
  Logic Levels:           9  (CARRY4=3 LUT2=1 LUT5=1 LUT6=4)
  Timing Exception:       MaxDelay Path 6.000ns -datapath_only

    Location             Delay type                Incr(ns)  Path(ns)    Netlist Resource(s)
  -------------------------------------------------------------------    -------------------
    SLICE_X61Y68                                      0.000     0.000 r  G2B_ONECH_C2H/release_epoch_axi_reg[2][2]/C
    SLICE_X61Y68         FDRE (Prop_fdre_C_Q)         0.348     0.348 r  G2B_ONECH_C2H/release_epoch_axi_reg[2][2]/Q
                         net (fo=2, routed)           0.668     1.016    G2B_ONECH_C2H/release_epoch_axi_reg[2]_4[2]
    SLICE_X59Y68                                                      r  G2B_ONECH_C2H/reset_abandoned_hold_source[2]_i_149/I3
    SLICE_X59Y68         LUT6 (Prop_lut6_I3_O)        0.240     1.256 r  G2B_ONECH_C2H/reset_abandoned_hold_source[2]_i_149/O
                         net (fo=1, routed)           0.000     1.256    G2B_ONECH_C2H/reset_abandoned_hold_source[2]_i_149_n_0
    SLICE_X59Y68                                                      r  G2B_ONECH_C2H/reset_abandoned_hold_source_reg[2]_i_106/S[0]
    SLICE_X59Y68         CARRY4 (Prop_carry4_S[0]_CO[3])
                                                      0.440     1.696 r  G2B_ONECH_C2H/reset_abandoned_hold_source_reg[2]_i_106/CO[3]
                         net (fo=1, routed)           0.000     1.696    G2B_ONECH_C2H/reset_abandoned_hold_source_reg[2]_i_106_n_0
    SLICE_X59Y69                                                      r  G2B_ONECH_C2H/reset_abandoned_hold_source_reg[2]_i_53/CI
    SLICE_X59Y69         CARRY4 (Prop_carry4_CI_CO[3])
                                                      0.098     1.794 r  G2B_ONECH_C2H/reset_abandoned_hold_source_reg[2]_i_53/CO[3]
                         net (fo=1, routed)           0.000     1.794    G2B_ONECH_C2H/reset_abandoned_hold_source_reg[2]_i_53_n_0
    SLICE_X59Y70                                                      r  G2B_ONECH_C2H/reset_abandoned_hold_source_reg[2]_i_16/CI
    SLICE_X59Y70         CARRY4 (Prop_carry4_CI_CO[2])
                                                      0.190     1.984 f  G2B_ONECH_C2H/reset_abandoned_hold_source_reg[2]_i_16/CO[2]
                         net (fo=2, routed)           0.857     2.841    G2B_ONECH_C2H/source_ownership_fatal41_out
    SLICE_X55Y66                                                      f  G2B_ONECH_C2H/slot_state_source[2][2]_i_6/I4
    SLICE_X55Y66         LUT6 (Prop_lut6_I4_O)        0.261     3.102 r  G2B_ONECH_C2H/slot_state_source[2][2]_i_6/O
                         net (fo=2, routed)           0.390     3.492    G2B_ONECH_C2H/slot_state_source[2][2]_i_6_n_0
    SLICE_X55Y68                                                      r  G2B_ONECH_C2H/slot_state_source[2][2]_i_2/I4
    SLICE_X55Y68         LUT5 (Prop_lut5_I4_O)        0.105     3.597 f  G2B_ONECH_C2H/slot_state_source[2][2]_i_2/O
                         net (fo=2, routed)           0.341     3.938    G2B_ONECH_C2H/slot_state_source[2][2]_i_2_n_0
    SLICE_X55Y66                                                      f  G2B_ONECH_C2H/slot_state_source[2][2]_i_10/I0
    SLICE_X55Y66         LUT6 (Prop_lut6_I0_O)        0.105     4.043 r  G2B_ONECH_C2H/slot_state_source[2][2]_i_10/O
                         net (fo=5, routed)           0.590     4.632    G2B_ONECH_C2H/slot_state_source[2][2]_i_10_n_0
    SLICE_X55Y63                                                      r  G2B_ONECH_C2H/slot_state_source[2][1]_i_3/I1
    SLICE_X55Y63         LUT2 (Prop_lut2_I1_O)        0.108     4.740 f  G2B_ONECH_C2H/slot_state_source[2][1]_i_3/O
                         net (fo=1, routed)           0.466     5.206    G2B_ONECH_C2H/slot_state_source[2][1]_i_3_n_0
    SLICE_X55Y65                                                      f  G2B_ONECH_C2H/slot_state_source[2][1]_i_1/I1
    SLICE_X55Y65         LUT6 (Prop_lut6_I1_O)        0.267     5.473 r  G2B_ONECH_C2H/slot_state_source[2][1]_i_1/O
                         net (fo=1, routed)           0.000     5.473    G2B_ONECH_C2H/slot_state_source[2][1]_i_1_n_0
    SLICE_X55Y65         FDRE                                         r  G2B_ONECH_C2H/slot_state_source_reg[2][1]/D
  -------------------------------------------------------------------    -------------------

                         max delay                    6.000     6.000    
    SLICE_X55Y65         FDRE (Setup_fdre_C_D)        0.032     6.032    G2B_ONECH_C2H/slot_state_source_reg[2][1]
  -------------------------------------------------------------------
                         required time                          6.032    
                         arrival time                          -5.473    
  -------------------------------------------------------------------
                         slack                                  0.559    




