Copyright 1986-2022 Xilinx, Inc. All Rights Reserved. Copyright 2022-2025 Advanced Micro Devices, Inc. All Rights Reserved.
-----------------------------------------------------------------------------------------------------------------------------------------------------------------------------------------------------------------------------------------------------------------------------------------------------------------------------------------------------------------------------------------------------------------------------------------------------------------------------------------------------------------------------------------------------------------------------------------------------------------------------------------------------------------------------------------------------------------------------------------------------------------------------------------------------------------------------------------------------------------------------------------------------------------------------------------------------------------------------------------------------------------------------------------------------------------------------------------------------------------------------------------------------------------------------------------------------------------------------------------------------------------------------------------------------------------------------------------------------------------------------------------------------------------------------------------------------------------------------------------------------------------------------------------------------------------------------------------------------------------------------------------------------------------------------------------------------------------------------------------------------------------------------------------------------------------------------------------------------------------------------------------------------------------------------------------------------------------------------------------------------------------------------------------------------------------------------------------------------------------------------------------------------------------------------------------------------------------------------------------------------------------------------------------------------------------------------------------------------------------------------------------------------------------------------------------------------------------------------------------------------------------------------------------------------------------------------------------------------------------------------------------------------------------------------------------------------------------------------------------------------------------------------------------------------------------------------------------------------------------------------------------------------------------------------------------------------------------
| Tool Version : Vivado v.2025.2 (win64) Build 6299465 Fri Nov 14 19:35:11 GMT 2025
| Date         : Sat Sep  5 11:35:06 2026
| Host         : NBLSUDUL running 64-bit major release  (build 9200)
| Command      : report_timing -of_objects [get_timing_paths -delay_type max -sort_by slack -max_paths 1 -nworst 1 -from {G2B_ONECH_C2H/release_generation_axi_reg[2][0] G2B_ONECH_C2H/release_generation_axi_reg[2][10] G2B_ONECH_C2H/release_generation_axi_reg[2][11] G2B_ONECH_C2H/release_generation_axi_reg[2][12] G2B_ONECH_C2H/release_generation_axi_reg[2][13] G2B_ONECH_C2H/release_generation_axi_reg[2][14] G2B_ONECH_C2H/release_generation_axi_reg[2][15] G2B_ONECH_C2H/release_generation_axi_reg[2][16] G2B_ONECH_C2H/release_generation_axi_reg[2][17] G2B_ONECH_C2H/release_generation_axi_reg[2][18] G2B_ONECH_C2H/release_generation_axi_reg[2][19] G2B_ONECH_C2H/release_generation_axi_reg[2][1] G2B_ONECH_C2H/release_generation_axi_reg[2][20] G2B_ONECH_C2H/release_generation_axi_reg[2][21] G2B_ONECH_C2H/release_generation_axi_reg[2][22] G2B_ONECH_C2H/release_generation_axi_reg[2][23] G2B_ONECH_C2H/release_generation_axi_reg[2][2] G2B_ONECH_C2H/release_generation_axi_reg[2][3] G2B_ONECH_C2H/release_generation_axi_reg[2][4] G2B_ONECH_C2H/release_generation_axi_reg[2][5] G2B_ONECH_C2H/release_generation_axi_reg[2][6] G2B_ONECH_C2H/release_generation_axi_reg[2][7] G2B_ONECH_C2H/release_generation_axi_reg[2][8] G2B_ONECH_C2H/release_generation_axi_reg[2][9] G2B_ONECH_C2H/release_epoch_axi_reg[2][0] G2B_ONECH_C2H/release_epoch_axi_reg[2][10] G2B_ONECH_C2H/release_epoch_axi_reg[2][11] G2B_ONECH_C2H/release_epoch_axi_reg[2][12] G2B_ONECH_C2H/release_epoch_axi_reg[2][13] G2B_ONECH_C2H/release_epoch_axi_reg[2][14] G2B_ONECH_C2H/release_epoch_axi_reg[2][15] G2B_ONECH_C2H/release_epoch_axi_reg[2][16] G2B_ONECH_C2H/release_epoch_axi_reg[2][17] G2B_ONECH_C2H/release_epoch_axi_reg[2][18] G2B_ONECH_C2H/release_epoch_axi_reg[2][19] G2B_ONECH_C2H/release_epoch_axi_reg[2][1] G2B_ONECH_C2H/release_epoch_axi_reg[2][20] G2B_ONECH_C2H/release_epoch_axi_reg[2][21] G2B_ONECH_C2H/release_epoch_axi_reg[2][22] G2B_ONECH_C2H/release_epoch_axi_reg[2][23] G2B_ONECH_C2H/release_epoch_axi_reg[2][24] G2B_ONECH_C2H/release_epoch_axi_reg[2][25] G2B_ONECH_C2H/release_epoch_axi_reg[2][26] G2B_ONECH_C2H/release_epoch_axi_reg[2][27] G2B_ONECH_C2H/release_epoch_axi_reg[2][28] G2B_ONECH_C2H/release_epoch_axi_reg[2][29] G2B_ONECH_C2H/release_epoch_axi_reg[2][2] G2B_ONECH_C2H/release_epoch_axi_reg[2][30] G2B_ONECH_C2H/release_epoch_axi_reg[2][31] G2B_ONECH_C2H/release_epoch_axi_reg[2][3] G2B_ONECH_C2H/release_epoch_axi_reg[2][4] G2B_ONECH_C2H/release_epoch_axi_reg[2][5] G2B_ONECH_C2H/release_epoch_axi_reg[2][6] G2B_ONECH_C2H/release_epoch_axi_reg[2][7] G2B_ONECH_C2H/release_epoch_axi_reg[2][8] G2B_ONECH_C2H/release_epoch_axi_reg[2][9]} -to [filter [get_cells -quiet -hier -regexp .*G2B_ONECH_C2H/reset_abandoned_hold_source_reg.*] {IS_SEQUENTIAL == 1}]] -file C:/FPGA/G2B_LUT1_SIGNOFF_RECOVERY4_20260905_112316/RELEASE_SLOT2_RESET_OVERLAP_ACCOUNTING.rpt
| Design       : ahd_capture_top_xdma
| Device       : 7a35t-csg325
| Speed File   : -2  PRODUCTION 1.23 2018-06-13
| Design State : Routed
-----------------------------------------------------------------------------------------------------------------------------------------------------------------------------------------------------------------------------------------------------------------------------------------------------------------------------------------------------------------------------------------------------------------------------------------------------------------------------------------------------------------------------------------------------------------------------------------------------------------------------------------------------------------------------------------------------------------------------------------------------------------------------------------------------------------------------------------------------------------------------------------------------------------------------------------------------------------------------------------------------------------------------------------------------------------------------------------------------------------------------------------------------------------------------------------------------------------------------------------------------------------------------------------------------------------------------------------------------------------------------------------------------------------------------------------------------------------------------------------------------------------------------------------------------------------------------------------------------------------------------------------------------------------------------------------------------------------------------------------------------------------------------------------------------------------------------------------------------------------------------------------------------------------------------------------------------------------------------------------------------------------------------------------------------------------------------------------------------------------------------------------------------------------------------------------------------------------------------------------------------------------------------------------------------------------------------------------------------------------------------------------------------------------------------------------------------------------------------------------------------------------------------------------------------------------------------------------------------------------------------------------------------------------------------------------------------------------------------------------------------------------------------------------------------------------------------------------------------------------------------------------------------------------------------------------------------------------

Timing Report

Slack (MET) :             1.550ns  (required time - arrival time)
  Source:                 G2B_ONECH_C2H/release_generation_axi_reg[2][15]/C
                            (rising edge-triggered cell FDRE clocked by userclk1  {rise@0.000ns fall@8.000ns period=16.000ns})
  Destination:            G2B_ONECH_C2H/reset_abandoned_hold_source_reg[0]/D
                            (rising edge-triggered cell FDRE clocked by nvp_vclk1  {rise@0.000ns fall@3.367ns period=6.734ns})
  Path Group:             nvp_vclk1
  Path Type:              Setup (Max at Slow Process Corner)
  Requirement:            6.000ns  (MaxDelay Path 6.000ns)
  Data Path Delay:        4.480ns  (logic 1.310ns (29.242%)  route 3.170ns (70.758%))
  Logic Levels:           5  (CARRY4=1 LUT3=1 LUT6=3)
  Timing Exception:       MaxDelay Path 6.000ns -datapath_only

    Location             Delay type                Incr(ns)  Path(ns)    Netlist Resource(s)
  -------------------------------------------------------------------    -------------------
    SLICE_X64Y63                                      0.000     0.000 r  G2B_ONECH_C2H/release_generation_axi_reg[2][15]/C
    SLICE_X64Y63         FDRE (Prop_fdre_C_Q)         0.433     0.433 r  G2B_ONECH_C2H/release_generation_axi_reg[2][15]/Q
                         net (fo=1, routed)           0.935     1.368    G2B_ONECH_C2H/release_generation_axi_reg[2]_5[15]
    SLICE_X63Y63                                                      r  G2B_ONECH_C2H/reset_abandoned_hold_source[2]_i_51/I3
    SLICE_X63Y63         LUT6 (Prop_lut6_I3_O)        0.105     1.473 r  G2B_ONECH_C2H/reset_abandoned_hold_source[2]_i_51/O
                         net (fo=1, routed)           0.000     1.473    G2B_ONECH_C2H/reset_abandoned_hold_source[2]_i_51_n_0
    SLICE_X63Y63                                                      r  G2B_ONECH_C2H/reset_abandoned_hold_source_reg[2]_i_15/S[1]
    SLICE_X63Y63         CARRY4 (Prop_carry4_S[1]_CO[3])
                                                      0.457     1.930 f  G2B_ONECH_C2H/reset_abandoned_hold_source_reg[2]_i_15/CO[3]
                         net (fo=2, routed)           1.617     3.547    G2B_ONECH_C2H/source_ownership_fatal40_out
    SLICE_X44Y67                                                      f  G2B_ONECH_C2H/reset_abandoned_hold_source[2]_i_4/I3
    SLICE_X44Y67         LUT6 (Prop_lut6_I3_O)        0.105     3.652 r  G2B_ONECH_C2H/reset_abandoned_hold_source[2]_i_4/O
                         net (fo=3, routed)           0.372     4.024    G2B_ONECH_C2H/reset_abandoned_hold_source[2]_i_4_n_0
    SLICE_X43Y67                                                      r  G2B_ONECH_C2H/reset_abandoned_hold_source[0]_i_3/I2
    SLICE_X43Y67         LUT3 (Prop_lut3_I2_O)        0.105     4.129 r  G2B_ONECH_C2H/reset_abandoned_hold_source[0]_i_3/O
                         net (fo=1, routed)           0.246     4.375    G2B_ONECH_C2H/reset_abandoned_hold_source[0]_i_3_n_0
    SLICE_X44Y67                                                      r  G2B_ONECH_C2H/reset_abandoned_hold_source[0]_i_1/I5
    SLICE_X44Y67         LUT6 (Prop_lut6_I5_O)        0.105     4.480 r  G2B_ONECH_C2H/reset_abandoned_hold_source[0]_i_1/O
                         net (fo=1, routed)           0.000     4.480    G2B_ONECH_C2H/SOURCE_DOMAIN.abandoned_count[0]
    SLICE_X44Y67         FDRE                                         r  G2B_ONECH_C2H/reset_abandoned_hold_source_reg[0]/D
  -------------------------------------------------------------------    -------------------

                         max delay                    6.000     6.000    
    SLICE_X44Y67         FDRE (Setup_fdre_C_D)        0.030     6.030    G2B_ONECH_C2H/reset_abandoned_hold_source_reg[0]
  -------------------------------------------------------------------
                         required time                          6.030    
                         arrival time                          -4.480    
  -------------------------------------------------------------------
                         slack                                  1.550    




