Copyright 1986-2022 Xilinx, Inc. All Rights Reserved. Copyright 2022-2025 Advanced Micro Devices, Inc. All Rights Reserved.
-----------------------------------------------------------------------------------------------------------------------------------------------------------------------------------------------------------------------------------------------------------------------------------------------------------------------------------------------------------------------------------------------------------------------------------------------------------------------------------------------------------------------------------------------------------------------------------------------------------------------------------------------------------------------------------------------------------------------------------------------------------------------------------------------------------------------------------------------------------------------------------------------------------------------------------------------------------------------------------------------------------------------------------------------------------------------------------------------------------------------------------------------------------------------------------------------------------------------------------------------------------------------------------------------------------------------------------------------------------------------------------------------------------------------------------------------------------------------------------------------------------------------------------------------------------------------------------------------------------------------------------------------------------------------------------------------------------------------------------------------------------------------------------------------------------------------------------------------------------------------------------------------------------------------------------------------------------------------------------------------------------------------------------------------------------------------------------------------------------------------------------------------------------------------------------------------------------------------------------------------------------------------------------------------------------------------------------------------------------------------------------------------------------------------------------------------------------------------------------------------------------------------------------------------------------------------------------------------------------------------------------------------------------------------------------------------------------------------------------------------------------------------------------------------------------------------------------------------------------------------------------------------------------------------------------------------------------------
| Tool Version : Vivado v.2025.2 (win64) Build 6299465 Fri Nov 14 19:35:11 GMT 2025
| Date         : Sat Sep  5 11:35:06 2026
| Host         : NBLSUDUL running 64-bit major release  (build 9200)
| Command      : report_timing -of_objects [get_timing_paths -delay_type max -sort_by slack -max_paths 1 -nworst 1 -from {G2B_ONECH_C2H/release_generation_axi_reg[3][0] G2B_ONECH_C2H/release_generation_axi_reg[3][10] G2B_ONECH_C2H/release_generation_axi_reg[3][11] G2B_ONECH_C2H/release_generation_axi_reg[3][12] G2B_ONECH_C2H/release_generation_axi_reg[3][13] G2B_ONECH_C2H/release_generation_axi_reg[3][14] G2B_ONECH_C2H/release_generation_axi_reg[3][15] G2B_ONECH_C2H/release_generation_axi_reg[3][16] G2B_ONECH_C2H/release_generation_axi_reg[3][17] G2B_ONECH_C2H/release_generation_axi_reg[3][18] G2B_ONECH_C2H/release_generation_axi_reg[3][19] G2B_ONECH_C2H/release_generation_axi_reg[3][1] G2B_ONECH_C2H/release_generation_axi_reg[3][20] G2B_ONECH_C2H/release_generation_axi_reg[3][21] G2B_ONECH_C2H/release_generation_axi_reg[3][22] G2B_ONECH_C2H/release_generation_axi_reg[3][23] G2B_ONECH_C2H/release_generation_axi_reg[3][2] G2B_ONECH_C2H/release_generation_axi_reg[3][3] G2B_ONECH_C2H/release_generation_axi_reg[3][4] G2B_ONECH_C2H/release_generation_axi_reg[3][5] G2B_ONECH_C2H/release_generation_axi_reg[3][6] G2B_ONECH_C2H/release_generation_axi_reg[3][7] G2B_ONECH_C2H/release_generation_axi_reg[3][8] G2B_ONECH_C2H/release_generation_axi_reg[3][9] G2B_ONECH_C2H/release_epoch_axi_reg[3][0] G2B_ONECH_C2H/release_epoch_axi_reg[3][10] G2B_ONECH_C2H/release_epoch_axi_reg[3][11] G2B_ONECH_C2H/release_epoch_axi_reg[3][12] G2B_ONECH_C2H/release_epoch_axi_reg[3][13] G2B_ONECH_C2H/release_epoch_axi_reg[3][14] G2B_ONECH_C2H/release_epoch_axi_reg[3][15] G2B_ONECH_C2H/release_epoch_axi_reg[3][16] G2B_ONECH_C2H/release_epoch_axi_reg[3][17] G2B_ONECH_C2H/release_epoch_axi_reg[3][18] G2B_ONECH_C2H/release_epoch_axi_reg[3][19] G2B_ONECH_C2H/release_epoch_axi_reg[3][1] G2B_ONECH_C2H/release_epoch_axi_reg[3][20] G2B_ONECH_C2H/release_epoch_axi_reg[3][21] G2B_ONECH_C2H/release_epoch_axi_reg[3][22] G2B_ONECH_C2H/release_epoch_axi_reg[3][23] G2B_ONECH_C2H/release_epoch_axi_reg[3][24] G2B_ONECH_C2H/release_epoch_axi_reg[3][25] G2B_ONECH_C2H/release_epoch_axi_reg[3][26] G2B_ONECH_C2H/release_epoch_axi_reg[3][27] G2B_ONECH_C2H/release_epoch_axi_reg[3][28] G2B_ONECH_C2H/release_epoch_axi_reg[3][29] G2B_ONECH_C2H/release_epoch_axi_reg[3][2] G2B_ONECH_C2H/release_epoch_axi_reg[3][30] G2B_ONECH_C2H/release_epoch_axi_reg[3][31] G2B_ONECH_C2H/release_epoch_axi_reg[3][3] G2B_ONECH_C2H/release_epoch_axi_reg[3][4] G2B_ONECH_C2H/release_epoch_axi_reg[3][5] G2B_ONECH_C2H/release_epoch_axi_reg[3][6] G2B_ONECH_C2H/release_epoch_axi_reg[3][7] G2B_ONECH_C2H/release_epoch_axi_reg[3][8] G2B_ONECH_C2H/release_epoch_axi_reg[3][9]} -to [filter [get_cells -quiet -hier -regexp .*G2B_ONECH_C2H/reset_abandoned_hold_source_reg.*] {IS_SEQUENTIAL == 1}]] -file C:/FPGA/G2B_LUT1_SIGNOFF_RECOVERY4_20260905_112316/RELEASE_SLOT3_RESET_OVERLAP_ACCOUNTING.rpt
| Design       : ahd_capture_top_xdma
| Device       : 7a35t-csg325
| Speed File   : -2  PRODUCTION 1.23 2018-06-13
| Design State : Routed
-----------------------------------------------------------------------------------------------------------------------------------------------------------------------------------------------------------------------------------------------------------------------------------------------------------------------------------------------------------------------------------------------------------------------------------------------------------------------------------------------------------------------------------------------------------------------------------------------------------------------------------------------------------------------------------------------------------------------------------------------------------------------------------------------------------------------------------------------------------------------------------------------------------------------------------------------------------------------------------------------------------------------------------------------------------------------------------------------------------------------------------------------------------------------------------------------------------------------------------------------------------------------------------------------------------------------------------------------------------------------------------------------------------------------------------------------------------------------------------------------------------------------------------------------------------------------------------------------------------------------------------------------------------------------------------------------------------------------------------------------------------------------------------------------------------------------------------------------------------------------------------------------------------------------------------------------------------------------------------------------------------------------------------------------------------------------------------------------------------------------------------------------------------------------------------------------------------------------------------------------------------------------------------------------------------------------------------------------------------------------------------------------------------------------------------------------------------------------------------------------------------------------------------------------------------------------------------------------------------------------------------------------------------------------------------------------------------------------------------------------------------------------------------------------------------------------------------------------------------------------------------------------------------------------------------------------------------------

Timing Report

Slack (MET) :             1.445ns  (required time - arrival time)
  Source:                 G2B_ONECH_C2H/release_epoch_axi_reg[3][7]/C
                            (rising edge-triggered cell FDRE clocked by userclk1  {rise@0.000ns fall@8.000ns period=16.000ns})
  Destination:            G2B_ONECH_C2H/reset_abandoned_hold_source_reg[0]/D
                            (rising edge-triggered cell FDRE clocked by nvp_vclk1  {rise@0.000ns fall@3.367ns period=6.734ns})
  Path Group:             nvp_vclk1
  Path Type:              Setup (Max at Slow Process Corner)
  Requirement:            6.000ns  (MaxDelay Path 6.000ns)
  Data Path Delay:        4.585ns  (logic 1.657ns (36.139%)  route 2.928ns (63.861%))
  Logic Levels:           7  (CARRY4=3 LUT3=1 LUT6=3)
  Timing Exception:       MaxDelay Path 6.000ns -datapath_only

    Location             Delay type                Incr(ns)  Path(ns)    Netlist Resource(s)
  -------------------------------------------------------------------    -------------------
    SLICE_X63Y73                                      0.000     0.000 r  G2B_ONECH_C2H/release_epoch_axi_reg[3][7]/C
    SLICE_X63Y73         FDRE (Prop_fdre_C_Q)         0.348     0.348 r  G2B_ONECH_C2H/release_epoch_axi_reg[3][7]/Q
                         net (fo=2, routed)           0.807     1.155    G2B_ONECH_C2H/release_epoch_axi_reg[3]_11[7]
    SLICE_X60Y72                                                      r  G2B_ONECH_C2H/reset_abandoned_hold_source[2]_i_155/I2
    SLICE_X60Y72         LUT6 (Prop_lut6_I2_O)        0.240     1.395 r  G2B_ONECH_C2H/reset_abandoned_hold_source[2]_i_155/O
                         net (fo=1, routed)           0.000     1.395    G2B_ONECH_C2H/reset_abandoned_hold_source[2]_i_155_n_0
    SLICE_X60Y72                                                      r  G2B_ONECH_C2H/reset_abandoned_hold_source_reg[2]_i_116/S[2]
    SLICE_X60Y72         CARRY4 (Prop_carry4_S[2]_CO[3])
                                                      0.316     1.711 r  G2B_ONECH_C2H/reset_abandoned_hold_source_reg[2]_i_116/CO[3]
                         net (fo=1, routed)           0.000     1.711    G2B_ONECH_C2H/reset_abandoned_hold_source_reg[2]_i_116_n_0
    SLICE_X60Y73                                                      r  G2B_ONECH_C2H/reset_abandoned_hold_source_reg[2]_i_61/CI
    SLICE_X60Y73         CARRY4 (Prop_carry4_CI_CO[3])
                                                      0.100     1.811 r  G2B_ONECH_C2H/reset_abandoned_hold_source_reg[2]_i_61/CO[3]
                         net (fo=1, routed)           0.000     1.811    G2B_ONECH_C2H/reset_abandoned_hold_source_reg[2]_i_61_n_0
    SLICE_X60Y74                                                      r  G2B_ONECH_C2H/reset_abandoned_hold_source_reg[2]_i_19/CI
    SLICE_X60Y74         CARRY4 (Prop_carry4_CI_CO[2])
                                                      0.191     2.002 f  G2B_ONECH_C2H/reset_abandoned_hold_source_reg[2]_i_19/CO[2]
                         net (fo=2, routed)           1.400     3.402    G2B_ONECH_C2H/source_ownership_fatal40_in
    SLICE_X43Y65                                                      f  G2B_ONECH_C2H/reset_abandoned_hold_source[2]_i_5/I3
    SLICE_X43Y65         LUT6 (Prop_lut6_I3_O)        0.252     3.654 r  G2B_ONECH_C2H/reset_abandoned_hold_source[2]_i_5/O
                         net (fo=3, routed)           0.476     4.129    G2B_ONECH_C2H/reset_abandoned_hold_source[2]_i_5_n_0
    SLICE_X43Y67                                                      r  G2B_ONECH_C2H/reset_abandoned_hold_source[0]_i_3/I0
    SLICE_X43Y67         LUT3 (Prop_lut3_I0_O)        0.105     4.234 r  G2B_ONECH_C2H/reset_abandoned_hold_source[0]_i_3/O
                         net (fo=1, routed)           0.246     4.480    G2B_ONECH_C2H/reset_abandoned_hold_source[0]_i_3_n_0
    SLICE_X44Y67                                                      r  G2B_ONECH_C2H/reset_abandoned_hold_source[0]_i_1/I5
    SLICE_X44Y67         LUT6 (Prop_lut6_I5_O)        0.105     4.585 r  G2B_ONECH_C2H/reset_abandoned_hold_source[0]_i_1/O
                         net (fo=1, routed)           0.000     4.585    G2B_ONECH_C2H/SOURCE_DOMAIN.abandoned_count[0]
    SLICE_X44Y67         FDRE                                         r  G2B_ONECH_C2H/reset_abandoned_hold_source_reg[0]/D
  -------------------------------------------------------------------    -------------------

                         max delay                    6.000     6.000    
    SLICE_X44Y67         FDRE (Setup_fdre_C_D)        0.030     6.030    G2B_ONECH_C2H/reset_abandoned_hold_source_reg[0]
  -------------------------------------------------------------------
                         required time                          6.030    
                         arrival time                          -4.585    
  -------------------------------------------------------------------
                         slack                                  1.445    




