Copyright 1986-2022 Xilinx, Inc. All Rights Reserved. Copyright 2022-2025 Advanced Micro Devices, Inc. All Rights Reserved.
---------------------------------------------------------------------------------------------------------------------------------------------------------------------------------------------------------------------------------------------------------------------------------------------------------------------------------------------------------------------------------------------------------------------------------------------------------------------------------------------------------------------------------------------------------------------------------------------------------------------------------------------------------------------------------------------------------------------------------------------------------------------------------------------------------------------------------------------------------------------------------------------------------------------------------------------------------------------------------------------------------------------------------------------------------------------------------------------------------------------------------------------------------------------------------------------------------------------------------------------------------------------------------------------------------------------------------------------------------------------------------------------------------------------------------------------------------------------------------------------------------------------------------------------------------------------------------------------------------------------------------------------------------------------------------------------------------------------------------------------------------------------------------------------------------------------------------------------------------------------------------------------------------------------------------------------------------------------------------------------------------------------------------------------------------------------------------------------------------------------------------------------------------------------------------------------------------------------------------------------------------------------------------------------------------------------------------------------------------------------------------------------------------------------------------------------------------------------------------------------------------------------------------------------------------------------------------------------------------------------------------------------------------------------------------------------------------------------------------------------------------------------------------------------------------------------------------------------------------------------------------------------------------------------------------------------------------------------------------------------------------------------------------------------
| Tool Version : Vivado v.2025.2 (win64) Build 6299465 Fri Nov 14 19:35:11 GMT 2025
| Date         : Sat Sep  5 11:35:06 2026
| Host         : NBLSUDUL running 64-bit major release  (build 9200)
| Command      : report_timing -of_objects [get_timing_paths -delay_type max -sort_by slack -max_paths 1 -nworst 1 -from {G2B_ONECH_C2H/release_generation_axi_reg[3][0] G2B_ONECH_C2H/release_generation_axi_reg[3][10] G2B_ONECH_C2H/release_generation_axi_reg[3][11] G2B_ONECH_C2H/release_generation_axi_reg[3][12] G2B_ONECH_C2H/release_generation_axi_reg[3][13] G2B_ONECH_C2H/release_generation_axi_reg[3][14] G2B_ONECH_C2H/release_generation_axi_reg[3][15] G2B_ONECH_C2H/release_generation_axi_reg[3][16] G2B_ONECH_C2H/release_generation_axi_reg[3][17] G2B_ONECH_C2H/release_generation_axi_reg[3][18] G2B_ONECH_C2H/release_generation_axi_reg[3][19] G2B_ONECH_C2H/release_generation_axi_reg[3][1] G2B_ONECH_C2H/release_generation_axi_reg[3][20] G2B_ONECH_C2H/release_generation_axi_reg[3][21] G2B_ONECH_C2H/release_generation_axi_reg[3][22] G2B_ONECH_C2H/release_generation_axi_reg[3][23] G2B_ONECH_C2H/release_generation_axi_reg[3][2] G2B_ONECH_C2H/release_generation_axi_reg[3][3] G2B_ONECH_C2H/release_generation_axi_reg[3][4] G2B_ONECH_C2H/release_generation_axi_reg[3][5] G2B_ONECH_C2H/release_generation_axi_reg[3][6] G2B_ONECH_C2H/release_generation_axi_reg[3][7] G2B_ONECH_C2H/release_generation_axi_reg[3][8] G2B_ONECH_C2H/release_generation_axi_reg[3][9] G2B_ONECH_C2H/release_epoch_axi_reg[3][0] G2B_ONECH_C2H/release_epoch_axi_reg[3][10] G2B_ONECH_C2H/release_epoch_axi_reg[3][11] G2B_ONECH_C2H/release_epoch_axi_reg[3][12] G2B_ONECH_C2H/release_epoch_axi_reg[3][13] G2B_ONECH_C2H/release_epoch_axi_reg[3][14] G2B_ONECH_C2H/release_epoch_axi_reg[3][15] G2B_ONECH_C2H/release_epoch_axi_reg[3][16] G2B_ONECH_C2H/release_epoch_axi_reg[3][17] G2B_ONECH_C2H/release_epoch_axi_reg[3][18] G2B_ONECH_C2H/release_epoch_axi_reg[3][19] G2B_ONECH_C2H/release_epoch_axi_reg[3][1] G2B_ONECH_C2H/release_epoch_axi_reg[3][20] G2B_ONECH_C2H/release_epoch_axi_reg[3][21] G2B_ONECH_C2H/release_epoch_axi_reg[3][22] G2B_ONECH_C2H/release_epoch_axi_reg[3][23] G2B_ONECH_C2H/release_epoch_axi_reg[3][24] G2B_ONECH_C2H/release_epoch_axi_reg[3][25] G2B_ONECH_C2H/release_epoch_axi_reg[3][26] G2B_ONECH_C2H/release_epoch_axi_reg[3][27] G2B_ONECH_C2H/release_epoch_axi_reg[3][28] G2B_ONECH_C2H/release_epoch_axi_reg[3][29] G2B_ONECH_C2H/release_epoch_axi_reg[3][2] G2B_ONECH_C2H/release_epoch_axi_reg[3][30] G2B_ONECH_C2H/release_epoch_axi_reg[3][31] G2B_ONECH_C2H/release_epoch_axi_reg[3][3] G2B_ONECH_C2H/release_epoch_axi_reg[3][4] G2B_ONECH_C2H/release_epoch_axi_reg[3][5] G2B_ONECH_C2H/release_epoch_axi_reg[3][6] G2B_ONECH_C2H/release_epoch_axi_reg[3][7] G2B_ONECH_C2H/release_epoch_axi_reg[3][8] G2B_ONECH_C2H/release_epoch_axi_reg[3][9]} -to [filter [get_cells -quiet -hier -regexp .*G2B_ONECH_C2H/(source_ownership_fatal|source_ownership_fatal_event|source_ownership_fatal_deferred|enable_applied_source)_reg.*] {IS_SEQUENTIAL == 1}]] -file C:/FPGA/G2B_LUT1_SIGNOFF_RECOVERY4_20260905_112316/RELEASE_SLOT3_MISMATCH_CONTAINMENT.rpt
| Design       : ahd_capture_top_xdma
| Device       : 7a35t-csg325
| Speed File   : -2  PRODUCTION 1.23 2018-06-13
| Design State : Routed
---------------------------------------------------------------------------------------------------------------------------------------------------------------------------------------------------------------------------------------------------------------------------------------------------------------------------------------------------------------------------------------------------------------------------------------------------------------------------------------------------------------------------------------------------------------------------------------------------------------------------------------------------------------------------------------------------------------------------------------------------------------------------------------------------------------------------------------------------------------------------------------------------------------------------------------------------------------------------------------------------------------------------------------------------------------------------------------------------------------------------------------------------------------------------------------------------------------------------------------------------------------------------------------------------------------------------------------------------------------------------------------------------------------------------------------------------------------------------------------------------------------------------------------------------------------------------------------------------------------------------------------------------------------------------------------------------------------------------------------------------------------------------------------------------------------------------------------------------------------------------------------------------------------------------------------------------------------------------------------------------------------------------------------------------------------------------------------------------------------------------------------------------------------------------------------------------------------------------------------------------------------------------------------------------------------------------------------------------------------------------------------------------------------------------------------------------------------------------------------------------------------------------------------------------------------------------------------------------------------------------------------------------------------------------------------------------------------------------------------------------------------------------------------------------------------------------------------------------------------------------------------------------------------------------------------------------------------------------------------------------------------------------------------------

Timing Report

Slack (MET) :             0.303ns  (required time - arrival time)
  Source:                 G2B_ONECH_C2H/release_epoch_axi_reg[3][5]/C
                            (rising edge-triggered cell FDRE clocked by userclk1  {rise@0.000ns fall@8.000ns period=16.000ns})
  Destination:            G2B_ONECH_C2H/source_ownership_fatal_deferred_reg/D
                            (rising edge-triggered cell FDRE clocked by nvp_vclk1  {rise@0.000ns fall@3.367ns period=6.734ns})
  Path Group:             nvp_vclk1
  Path Type:              Setup (Max at Slow Process Corner)
  Requirement:            6.000ns  (MaxDelay Path 6.000ns)
  Data Path Delay:        5.729ns  (logic 2.013ns (35.138%)  route 3.716ns (64.862%))
  Logic Levels:           9  (CARRY4=3 LUT4=2 LUT6=4)
  Timing Exception:       MaxDelay Path 6.000ns -datapath_only

    Location             Delay type                Incr(ns)  Path(ns)    Netlist Resource(s)
  -------------------------------------------------------------------    -------------------
    SLICE_X63Y72                                      0.000     0.000 r  G2B_ONECH_C2H/release_epoch_axi_reg[3][5]/C
    SLICE_X63Y72         FDRE (Prop_fdre_C_Q)         0.348     0.348 r  G2B_ONECH_C2H/release_epoch_axi_reg[3][5]/Q
                         net (fo=2, routed)           0.685     1.033    G2B_ONECH_C2H/release_epoch_axi_reg[3]_11[5]
    SLICE_X61Y72                                                      r  G2B_ONECH_C2H/reset_abandoned_hold_source[2]_i_160/I0
    SLICE_X61Y72         LUT6 (Prop_lut6_I0_O)        0.239     1.272 r  G2B_ONECH_C2H/reset_abandoned_hold_source[2]_i_160/O
                         net (fo=1, routed)           0.000     1.272    G2B_ONECH_C2H/reset_abandoned_hold_source[2]_i_160_n_0
    SLICE_X61Y72                                                      r  G2B_ONECH_C2H/reset_abandoned_hold_source_reg[2]_i_125/S[1]
    SLICE_X61Y72         CARRY4 (Prop_carry4_S[1]_CO[3])
                                                      0.457     1.729 r  G2B_ONECH_C2H/reset_abandoned_hold_source_reg[2]_i_125/CO[3]
                         net (fo=1, routed)           0.000     1.729    G2B_ONECH_C2H/reset_abandoned_hold_source_reg[2]_i_125_n_0
    SLICE_X61Y73                                                      r  G2B_ONECH_C2H/reset_abandoned_hold_source_reg[2]_i_70/CI
    SLICE_X61Y73         CARRY4 (Prop_carry4_CI_CO[3])
                                                      0.098     1.827 r  G2B_ONECH_C2H/reset_abandoned_hold_source_reg[2]_i_70/CO[3]
                         net (fo=1, routed)           0.000     1.827    G2B_ONECH_C2H/reset_abandoned_hold_source_reg[2]_i_70_n_0
    SLICE_X61Y74                                                      r  G2B_ONECH_C2H/reset_abandoned_hold_source_reg[2]_i_21/CI
    SLICE_X61Y74         CARRY4 (Prop_carry4_CI_CO[2])
                                                      0.190     2.017 f  G2B_ONECH_C2H/reset_abandoned_hold_source_reg[2]_i_21/CO[2]
                         net (fo=2, routed)           1.205     3.223    G2B_ONECH_C2H/source_ownership_fatal3
    SLICE_X47Y67                                                      f  G2B_ONECH_C2H/slot_state_source[3][2]_i_8/I3
    SLICE_X47Y67         LUT6 (Prop_lut6_I3_O)        0.261     3.484 r  G2B_ONECH_C2H/slot_state_source[3][2]_i_8/O
                         net (fo=3, routed)           0.493     3.976    G2B_ONECH_C2H/slot_state_source[3][2]_i_8_n_0
    SLICE_X46Y67                                                      r  G2B_ONECH_C2H/source_ownership_fatal_event_i_7/I5
    SLICE_X46Y67         LUT6 (Prop_lut6_I5_O)        0.105     4.081 r  G2B_ONECH_C2H/source_ownership_fatal_event_i_7/O
                         net (fo=1, routed)           0.394     4.475    G2B_ONECH_C2H/source_ownership_fatal_event_i_7_n_0
    SLICE_X45Y61                                                      r  G2B_ONECH_C2H/source_ownership_fatal_event_i_5/I1
    SLICE_X45Y61         LUT6 (Prop_lut6_I1_O)        0.105     4.580 r  G2B_ONECH_C2H/source_ownership_fatal_event_i_5/O
                         net (fo=2, routed)           0.457     5.038    G2B_ONECH_C2H/source_ownership_fatal_event_i_5_n_0
    SLICE_X44Y58                                                      r  G2B_ONECH_C2H/source_ownership_fatal_event_i_2/I3
    SLICE_X44Y58         LUT4 (Prop_lut4_I3_O)        0.105     5.143 f  G2B_ONECH_C2H/source_ownership_fatal_event_i_2/O
                         net (fo=4, routed)           0.481     5.624    G2B_ONECH_C2H/source_ownership_fatal_event_i_2_n_0
    SLICE_X43Y55                                                      f  G2B_ONECH_C2H/source_ownership_fatal_deferred_i_1/I0
    SLICE_X43Y55         LUT4 (Prop_lut4_I0_O)        0.105     5.729 r  G2B_ONECH_C2H/source_ownership_fatal_deferred_i_1/O
                         net (fo=1, routed)           0.000     5.729    G2B_ONECH_C2H/source_ownership_fatal_deferred_i_1_n_0
    SLICE_X43Y55         FDRE                                         r  G2B_ONECH_C2H/source_ownership_fatal_deferred_reg/D
  -------------------------------------------------------------------    -------------------

                         max delay                    6.000     6.000    
    SLICE_X43Y55         FDRE (Setup_fdre_C_D)        0.032     6.032    G2B_ONECH_C2H/source_ownership_fatal_deferred_reg
  -------------------------------------------------------------------
                         required time                          6.032    
                         arrival time                          -5.729    
  -------------------------------------------------------------------
                         slack                                  0.303    




