Copyright 1986-2022 Xilinx, Inc. All Rights Reserved. Copyright 2022-2025 Advanced Micro Devices, Inc. All Rights Reserved.
-----------------------------------------------------------------------------------------------------------------------------------------------------------------------------------------------------------------------------------------------------------------------------------------------------------------------------------------------------------------------------------------------------------------------------------------------------------------------------------------------------------------------------------------------------------------------------------------------------------------------------------------------------------------------------------------------------------------------------------------------------------------------------------------------------------------------------------------------------------------------------------------------------------------------------------------------------------------------------------------------------------------------------------------------------------------------------------------------------------------------------------------------------------------------------------------------------------------------------------------------------------------------------------------------------------------------------------------------------------------------------------------------------------------------------------------------------------------------------------------------------------------------------------------------------------------------------------------------------------------------------------------------------------------------------------------------------------------------------------------------------------------------------------------------------------------------------------------------------------------------------------------------------------------------------------------------------------------------------------------------------------------------------------------------------------------------------------------------------------------------------------------------------------------------------------------------------------------------------------------------------------------------------------------------------------------------------------------------------------------------------------------------------------------------------------------------------------------------------------------------------------------------------------------------------------------------------------------------------------------------------------------------------------------------------------------------------------------------------------------------------------------------------------------------------------------------------------------------------------------------------------------------------------------------------------------------------------------
| Tool Version : Vivado v.2025.2 (win64) Build 6299465 Fri Nov 14 19:35:11 GMT 2025
| Date         : Sat Sep  5 11:35:06 2026
| Host         : NBLSUDUL running 64-bit major release  (build 9200)
| Command      : report_timing -of_objects [get_timing_paths -delay_type max -sort_by slack -max_paths 1 -nworst 1 -from {G2B_ONECH_C2H/release_generation_axi_reg[1][0] G2B_ONECH_C2H/release_generation_axi_reg[1][10] G2B_ONECH_C2H/release_generation_axi_reg[1][11] G2B_ONECH_C2H/release_generation_axi_reg[1][12] G2B_ONECH_C2H/release_generation_axi_reg[1][13] G2B_ONECH_C2H/release_generation_axi_reg[1][14] G2B_ONECH_C2H/release_generation_axi_reg[1][15] G2B_ONECH_C2H/release_generation_axi_reg[1][16] G2B_ONECH_C2H/release_generation_axi_reg[1][17] G2B_ONECH_C2H/release_generation_axi_reg[1][18] G2B_ONECH_C2H/release_generation_axi_reg[1][19] G2B_ONECH_C2H/release_generation_axi_reg[1][1] G2B_ONECH_C2H/release_generation_axi_reg[1][20] G2B_ONECH_C2H/release_generation_axi_reg[1][21] G2B_ONECH_C2H/release_generation_axi_reg[1][22] G2B_ONECH_C2H/release_generation_axi_reg[1][23] G2B_ONECH_C2H/release_generation_axi_reg[1][2] G2B_ONECH_C2H/release_generation_axi_reg[1][3] G2B_ONECH_C2H/release_generation_axi_reg[1][4] G2B_ONECH_C2H/release_generation_axi_reg[1][5] G2B_ONECH_C2H/release_generation_axi_reg[1][6] G2B_ONECH_C2H/release_generation_axi_reg[1][7] G2B_ONECH_C2H/release_generation_axi_reg[1][8] G2B_ONECH_C2H/release_generation_axi_reg[1][9] G2B_ONECH_C2H/release_epoch_axi_reg[1][0] G2B_ONECH_C2H/release_epoch_axi_reg[1][10] G2B_ONECH_C2H/release_epoch_axi_reg[1][11] G2B_ONECH_C2H/release_epoch_axi_reg[1][12] G2B_ONECH_C2H/release_epoch_axi_reg[1][13] G2B_ONECH_C2H/release_epoch_axi_reg[1][14] G2B_ONECH_C2H/release_epoch_axi_reg[1][15] G2B_ONECH_C2H/release_epoch_axi_reg[1][16] G2B_ONECH_C2H/release_epoch_axi_reg[1][17] G2B_ONECH_C2H/release_epoch_axi_reg[1][18] G2B_ONECH_C2H/release_epoch_axi_reg[1][19] G2B_ONECH_C2H/release_epoch_axi_reg[1][1] G2B_ONECH_C2H/release_epoch_axi_reg[1][20] G2B_ONECH_C2H/release_epoch_axi_reg[1][21] G2B_ONECH_C2H/release_epoch_axi_reg[1][22] G2B_ONECH_C2H/release_epoch_axi_reg[1][23] G2B_ONECH_C2H/release_epoch_axi_reg[1][24] G2B_ONECH_C2H/release_epoch_axi_reg[1][25] G2B_ONECH_C2H/release_epoch_axi_reg[1][26] G2B_ONECH_C2H/release_epoch_axi_reg[1][27] G2B_ONECH_C2H/release_epoch_axi_reg[1][28] G2B_ONECH_C2H/release_epoch_axi_reg[1][29] G2B_ONECH_C2H/release_epoch_axi_reg[1][2] G2B_ONECH_C2H/release_epoch_axi_reg[1][30] G2B_ONECH_C2H/release_epoch_axi_reg[1][31] G2B_ONECH_C2H/release_epoch_axi_reg[1][3] G2B_ONECH_C2H/release_epoch_axi_reg[1][4] G2B_ONECH_C2H/release_epoch_axi_reg[1][5] G2B_ONECH_C2H/release_epoch_axi_reg[1][6] G2B_ONECH_C2H/release_epoch_axi_reg[1][7] G2B_ONECH_C2H/release_epoch_axi_reg[1][8] G2B_ONECH_C2H/release_epoch_axi_reg[1][9]} -to [filter [get_cells -quiet -hier -regexp .*G2B_ONECH_C2H/reset_abandoned_hold_source_reg.*] {IS_SEQUENTIAL == 1}]] -file C:/FPGA/G2B_LUT1_SIGNOFF_RECOVERY4_20260905_112316/RELEASE_SLOT1_RESET_OVERLAP_ACCOUNTING.rpt
| Design       : ahd_capture_top_xdma
| Device       : 7a35t-csg325
| Speed File   : -2  PRODUCTION 1.23 2018-06-13
| Design State : Routed
-----------------------------------------------------------------------------------------------------------------------------------------------------------------------------------------------------------------------------------------------------------------------------------------------------------------------------------------------------------------------------------------------------------------------------------------------------------------------------------------------------------------------------------------------------------------------------------------------------------------------------------------------------------------------------------------------------------------------------------------------------------------------------------------------------------------------------------------------------------------------------------------------------------------------------------------------------------------------------------------------------------------------------------------------------------------------------------------------------------------------------------------------------------------------------------------------------------------------------------------------------------------------------------------------------------------------------------------------------------------------------------------------------------------------------------------------------------------------------------------------------------------------------------------------------------------------------------------------------------------------------------------------------------------------------------------------------------------------------------------------------------------------------------------------------------------------------------------------------------------------------------------------------------------------------------------------------------------------------------------------------------------------------------------------------------------------------------------------------------------------------------------------------------------------------------------------------------------------------------------------------------------------------------------------------------------------------------------------------------------------------------------------------------------------------------------------------------------------------------------------------------------------------------------------------------------------------------------------------------------------------------------------------------------------------------------------------------------------------------------------------------------------------------------------------------------------------------------------------------------------------------------------------------------------------------------------------------------

Timing Report

Slack (MET) :             1.692ns  (required time - arrival time)
  Source:                 G2B_ONECH_C2H/release_generation_axi_reg[1][0]/C
                            (rising edge-triggered cell FDRE clocked by userclk1  {rise@0.000ns fall@8.000ns period=16.000ns})
  Destination:            G2B_ONECH_C2H/reset_abandoned_hold_source_reg[0]/D
                            (rising edge-triggered cell FDRE clocked by nvp_vclk1  {rise@0.000ns fall@3.367ns period=6.734ns})
  Path Group:             nvp_vclk1
  Path Type:              Setup (Max at Slow Process Corner)
  Requirement:            6.000ns  (MaxDelay Path 6.000ns)
  Data Path Delay:        4.338ns  (logic 1.337ns (30.819%)  route 3.001ns (69.181%))
  Logic Levels:           6  (CARRY4=2 LUT3=1 LUT6=3)
  Timing Exception:       MaxDelay Path 6.000ns -datapath_only

    Location             Delay type                Incr(ns)  Path(ns)    Netlist Resource(s)
  -------------------------------------------------------------------    -------------------
    SLICE_X63Y61                                      0.000     0.000 r  G2B_ONECH_C2H/release_generation_axi_reg[1][0]/C
    SLICE_X63Y61         FDRE (Prop_fdre_C_Q)         0.379     0.379 r  G2B_ONECH_C2H/release_generation_axi_reg[1][0]/Q
                         net (fo=1, routed)           0.818     1.197    G2B_ONECH_C2H/release_generation_axi_reg[1]_8[0]
    SLICE_X62Y61                                                      r  G2B_ONECH_C2H/reset_abandoned_hold_source[2]_i_96/I0
    SLICE_X62Y61         LUT6 (Prop_lut6_I0_O)        0.105     1.302 r  G2B_ONECH_C2H/reset_abandoned_hold_source[2]_i_96/O
                         net (fo=1, routed)           0.000     1.302    G2B_ONECH_C2H/reset_abandoned_hold_source[2]_i_96_n_0
    SLICE_X62Y61                                                      r  G2B_ONECH_C2H/reset_abandoned_hold_source_reg[2]_i_39/S[0]
    SLICE_X62Y61         CARRY4 (Prop_carry4_S[0]_CO[3])
                                                      0.440     1.742 r  G2B_ONECH_C2H/reset_abandoned_hold_source_reg[2]_i_39/CO[3]
                         net (fo=1, routed)           0.000     1.742    G2B_ONECH_C2H/reset_abandoned_hold_source_reg[2]_i_39_n_0
    SLICE_X62Y62                                                      r  G2B_ONECH_C2H/reset_abandoned_hold_source_reg[2]_i_12/CI
    SLICE_X62Y62         CARRY4 (Prop_carry4_CI_CO[3])
                                                      0.098     1.840 f  G2B_ONECH_C2H/reset_abandoned_hold_source_reg[2]_i_12/CO[3]
                         net (fo=2, routed)           1.484     3.324    G2B_ONECH_C2H/reset_abandoned_hold_source_reg[2]_i_12_n_0
    SLICE_X44Y66                                                      f  G2B_ONECH_C2H/reset_abandoned_hold_source[2]_i_3/I4
    SLICE_X44Y66         LUT6 (Prop_lut6_I4_O)        0.105     3.429 r  G2B_ONECH_C2H/reset_abandoned_hold_source[2]_i_3/O
                         net (fo=3, routed)           0.454     3.882    G2B_ONECH_C2H/reset_abandoned_hold_source[2]_i_3_n_0
    SLICE_X43Y67                                                      r  G2B_ONECH_C2H/reset_abandoned_hold_source[0]_i_3/I1
    SLICE_X43Y67         LUT3 (Prop_lut3_I1_O)        0.105     3.987 r  G2B_ONECH_C2H/reset_abandoned_hold_source[0]_i_3/O
                         net (fo=1, routed)           0.246     4.233    G2B_ONECH_C2H/reset_abandoned_hold_source[0]_i_3_n_0
    SLICE_X44Y67                                                      r  G2B_ONECH_C2H/reset_abandoned_hold_source[0]_i_1/I5
    SLICE_X44Y67         LUT6 (Prop_lut6_I5_O)        0.105     4.338 r  G2B_ONECH_C2H/reset_abandoned_hold_source[0]_i_1/O
                         net (fo=1, routed)           0.000     4.338    G2B_ONECH_C2H/SOURCE_DOMAIN.abandoned_count[0]
    SLICE_X44Y67         FDRE                                         r  G2B_ONECH_C2H/reset_abandoned_hold_source_reg[0]/D
  -------------------------------------------------------------------    -------------------

                         max delay                    6.000     6.000    
    SLICE_X44Y67         FDRE (Setup_fdre_C_D)        0.030     6.030    G2B_ONECH_C2H/reset_abandoned_hold_source_reg[0]
  -------------------------------------------------------------------
                         required time                          6.030    
                         arrival time                          -4.338    
  -------------------------------------------------------------------
                         slack                                  1.692    




