#-----------------------------------------------------------
# Vivado v2025.2 (64-bit)
# SW Build 6299465 on Fri Nov 14 19:35:11 GMT 2025
# IP Build 6300035 on Fri Nov 14 10:48:45 MST 2025
# SharedData Build 6298862 on Thu Nov 13 04:50:51 MST 2025
# Start of session at: Sat Sep  5 11:25:39 2026
# Process ID         : 11632
# Current directory  : C:/FPGA/G2B_LUT1_SIGNOFF_RECOVERY4_20260905_112316
# Command line       : vivado.exe -mode batch -source C:\FPGA\G2B_LUT1_SIGNOFF_RECOVERY4_20260905_112316\worker.tcl -log C:\FPGA\G2B_LUT1_SIGNOFF_RECOVERY4_20260905_112316\vivado.log -journal C:\FPGA\G2B_LUT1_SIGNOFF_RECOVERY4_20260905_112316\vivado.jou
# Log file           : C:/FPGA/G2B_LUT1_SIGNOFF_RECOVERY4_20260905_112316/vivado.log
# Journal file       : C:\FPGA\G2B_LUT1_SIGNOFF_RECOVERY4_20260905_112316\vivado.jou
# Running On         : NBLSUDUL
# Platform           : Windows Server 2016 or Windows 10
# Operating System   : 19045
# Processor Detail   : Intel(R) Core(TM) i7-7500U CPU @ 2.70GHz
# CPU Frequency      : 2904 MHz
# CPU Physical cores : 2
# CPU Logical cores  : 4
# Host memory        : 17028 MB
# Swap memory        : 6174 MB
# Total Virtual      : 23202 MB
# Available Virtual  : 13727 MB
#-----------------------------------------------------------
source {C:\FPGA\G2B_LUT1_SIGNOFF_RECOVERY4_20260905_112316\worker.tcl}
