UTC_START=2026-08-23T12:09:03.8170656Z
UTC_END=2026-08-23T12:09:06.8078923Z
EVIDENCE_KIND=R1E_HOST_TOOL_FIXTURES_NO_MMIO
RESULT=PASS
EXIT_CODE=0
ARGUMENT_TOKEN_AUDIT=PASS
PLINK_PW_OPTION_USED=NO
PLINK_PWFILE_OPTION_USED=YES
USERNAME_ROLE_OCCURRENCE=YES_AUTHORIZED
PASSWORD_ROLE_ARGUMENT_OCCURRENCE=NO
REMOTE_COMMAND_SHARED_LITERAL=NO
INHERITED_ENVIRONMENT_AUDIT=PASS
PWFILE_CREATED=YES
PWFILE_DELETED=YES
STDOUT_BEGIN
R1E_HOST_DECODE_FIXTURES=PASS
LIFECYCLE_PAGE_FIXTURE=PASS
COHERENT_48BIT_FIXTURE=PASS
EXPECTED_COUNT_FIXTURE=132584734
PROBE_INVARIANT_FIXTURE=PASS
LEGACY_17_WORD_DECODE_FIXTURE=PASS
OVERFLOW_FIXTURE=PASS
WILSON_AND_ZERO_NACK_BOUND_FIXTURE=PASS
STDOUT_END
STDERR_BEGIN

STDERR_END
