===== normal_r1b_like.resource =====
PROCESS_EXIT_CODE=0
--- STDOUT ---
BAR0_START=0x00000000f6e00000
BAR0_END=0x00000000f6e1ffff
BAR0_FLAGS=0x0000000000040200
BAR0_BYTES=131072
BAR1_START=0x00000000f6e20000
BAR1_END=0x00000000f6e2ffff
BAR1_FLAGS=0x0000000000040200
BAR1_BYTES=65536
--- STDERR ---

FIXTURE_RESULT=PASS

===== uppercase_hex.resource =====
PROCESS_EXIT_CODE=0
--- STDOUT ---
BAR0_START=0x00000000f6e00000
BAR0_END=0x00000000f6e1ffff
BAR0_FLAGS=0x0000000000040200
BAR0_BYTES=131072
BAR1_START=0x00000000f6e20000
BAR1_END=0x00000000f6e2ffff
BAR1_FLAGS=0x0000000000040200
BAR1_BYTES=65536
--- STDERR ---

FIXTURE_RESULT=PASS

===== leading_zeros.resource =====
PROCESS_EXIT_CODE=0
--- STDOUT ---
BAR0_START=0x0000000000001000
BAR0_END=0x00000000000010ff
BAR0_FLAGS=0x0000000000000200
BAR0_BYTES=256
BAR1_START=0x0000000000002000
BAR1_END=0x000000000000200f
BAR1_FLAGS=0x0000000000000200
BAR1_BYTES=16
--- STDERR ---

FIXTURE_RESULT=PASS

===== all_zero_unused.resource =====
PROCESS_EXIT_CODE=0
--- STDOUT ---
BAR0_START=0x0000000000000000
BAR0_END=0x0000000000000000
BAR0_FLAGS=0x0000000000000000
BAR0_BYTES=0
BAR1_START=0x0000000000000000
BAR1_END=0x0000000000000000
BAR1_FLAGS=0x0000000000000000
BAR1_BYTES=0
--- STDERR ---

FIXTURE_RESULT=PASS

===== end_before_start.resource =====
PROCESS_EXIT_CODE=2
--- STDOUT ---

--- STDERR ---
BAR_PARSER_ERROR=BAR0: end 0x1fff is smaller than start 0x2000
FIXTURE_RESULT=PASS

===== missing_token.resource =====
PROCESS_EXIT_CODE=2
--- STDOUT ---

--- STDERR ---
BAR_PARSER_ERROR=BAR0: expected exactly 3 tokens (start end flags), got 2
FIXTURE_RESULT=PASS

===== nonhex_token.resource =====
PROCESS_EXIT_CODE=2
--- STDOUT ---

--- STDERR ---
BAR_PARSER_ERROR=BAR0: invalid integer token: invalid literal for int() with base 0: '0x0000000000001GGG'
FIXTURE_RESULT=PASS

===== extra_whitespace.resource =====
PROCESS_EXIT_CODE=0
--- STDOUT ---
BAR0_START=0x00000000f6e00000
BAR0_END=0x00000000f6e1ffff
BAR0_FLAGS=0x0000000000040200
BAR0_BYTES=131072
BAR1_START=0x00000000f6e20000
BAR1_END=0x00000000f6e2ffff
BAR1_FLAGS=0x0000000000040200
BAR1_BYTES=65536
--- STDERR ---

FIXTURE_RESULT=PASS

===== r1b_bad_token_replay.resource =====
PROCESS_EXIT_CODE=0
--- STDOUT ---
BAR0_START=0x00000000f6e00000
BAR0_END=0x00000000f6e1ffff
BAR0_FLAGS=0x0000000000040200
BAR0_BYTES=131072
BAR1_START=0x00000000f6e20000
BAR1_END=0x00000000f6e2ffff
BAR1_FLAGS=0x0000000000040200
BAR1_BYTES=65536
--- STDERR ---

FIXTURE_RESULT=PASS

