UTC_START=2026-08-22T11:38:46.2711692Z
UTC_END=2026-08-22T11:38:47.3911120Z
EVIDENCE_KIND=ZERO_ACTIVITY
RESULT=PASS
EXIT_CODE=0
ARGUMENT_TOKEN_AUDIT=PASS
PLINK_PW_OPTION_USED=NO
PLINK_PWFILE_OPTION_USED=YES
USERNAME_ROLE_OCCURRENCE=YES_AUTHORIZED
PASSWORD_ROLE_ARGUMENT_OCCURRENCE=NO
REMOTE_COMMAND_SHARED_LITERAL=NO
INHERITED_ENVIRONMENT_AUDIT=PASS
PWFILE_CREATED=YES
PWFILE_DELETED=YES
STDOUT_BEGIN
CURRENT_BOOT_ID=f86e72b5-a516-43da-b320-841b715bb926
XDMA_OPEN_PROCESS_COUNT=0
XDMA_OPEN_PIDS=NONE
XDMA_INTERRUPT_TOTAL=0
TASK_C2H_TRANSFERS=0
TASK_H2C_TRANSFERS=0
DMA_ACTIVITY=0
PRE_PROGRAM_ZERO_ACTIVITY_GATE=PASS
STDOUT_END
STDERR_BEGIN

STDERR_END
