#-----------------------------------------------------------
# xsim v2025.2 (64-bit)
# SW Build 6299465 on Fri Nov 14 19:35:11 GMT 2025
# IP Build 6300035 on Fri Nov 14 10:48:45 MST 2025
# SharedData Build 6298862 on Thu Nov 13 04:50:51 MST 2025
# Start of session at: Mon Aug 24 23:20:27 2026
# Process ID         : 3016
# Current directory  : C:/FPGA/V41_NVP_R1H_BRAM_BACKED_LARGE_SAMPLE/05_EQUIVALENCE_AND_SIMULATION/failed_record_bram_component_iteration_02
# Command line       : xsim.exe -mode tcl -source {xsim.dir/r1h_failed_record_bram_snapshot/xsim_script.tcl}
# Log file           : C:/FPGA/V41_NVP_R1H_BRAM_BACKED_LARGE_SAMPLE/05_EQUIVALENCE_AND_SIMULATION/failed_record_bram_component_iteration_02/xsim.log
# Journal file       : C:/FPGA/V41_NVP_R1H_BRAM_BACKED_LARGE_SAMPLE/05_EQUIVALENCE_AND_SIMULATION/failed_record_bram_component_iteration_02\xsim.jou
# Running On         : NBLSUDUL
# Platform           : Windows Server 2016 or Windows 10
# Operating System   : 19045
# Processor Detail   : Intel(R) Core(TM) i7-7500U CPU @ 2.70GHz
# CPU Frequency      : 2904 MHz
# CPU Physical cores : 2
# CPU Logical cores  : 4
# Host memory        : 17028 MB
# Swap memory        : 4338 MB
# Total Virtual      : 21366 MB
# Available Virtual  : 6736 MB
#-----------------------------------------------------------
source xsim.dir/r1h_failed_record_bram_snapshot/xsim_script.tcl
# xsim {r1h_failed_record_bram_snapshot} -autoloadwcfg -tclbatch {C:/FPGA/V41_NVP_R1H_BRAM_BACKED_LARGE_SAMPLE/05_EQUIVALENCE_AND_SIMULATION/failed_record_bram_component_iteration_02/run.tcl}
Time resolution is 1 ps
source C:/FPGA/V41_NVP_R1H_BRAM_BACKED_LARGE_SAMPLE/05_EQUIVALENCE_AND_SIMULATION/failed_record_bram_component_iteration_02/run.tcl
## run all
R1F_FAILED_TRANSACTION_LOG_MATCH_SCOREBOARD=PASS
R1F_LOG_64_EXACT_OVERFLOW_65=PASS
R1F_LOG_UNUSED_ZERO_IMMUTABLE=PASS
R1H_LOG_SYNCHRONOUS_READ_AND_REQUEST_SNAPSHOT=PASS
R1H_LOG_ALL_64_X_6_WORDS_AND_ATOMIC_BANK_WRITE=PASS
$finish called at time : 26660 ns : File "C:/FPGA/WORKTREES/V41_NVP_R1H_BRAM_BACKED_LARGE_SAMPLE/tests/v41/tb_r1f_failed_txn_logger.sv" Line 227
## quit
INFO: [Common 17-206] Exiting xsim at Mon Aug 24 23:20:33 2026...
