UTC_START=2026-08-23T13:06:23.4114107Z
UTC_END=2026-08-23T13:06:25.6150241Z
EVIDENCE_KIND=R4_PURE_PYTHON_OFFLINE_FIXTURES_NO_MMIO
RESULT=PASS
EXIT_CODE=0
ARGUMENT_TOKEN_AUDIT=PASS
PLINK_PW_OPTION_USED=NO
PLINK_PWFILE_OPTION_USED=YES
USERNAME_ROLE_OCCURRENCE=YES_AUTHORIZED
PASSWORD_ROLE_ARGUMENT_OCCURRENCE=NO
REMOTE_COMMAND_SHARED_LITERAL=NO
INHERITED_ENVIRONMENT_AUDIT=PASS
PWFILE_CREATED=YES
PWFILE_DELETED=YES
STDOUT_BEGIN
FIXTURE_1_EXIT=0
STDOUT_BEGIN
R1E_HOST_DECODE_FIXTURES=PASS
STDOUT_END
STDERR_BEGIN

STDERR_END
FIXTURE_2_EXIT=0
STDOUT_BEGIN
FORMAL_IDENTITY_ACCEPTANCE_FIXTURE=PASS
ALL_ONES_IDENTITY_REJECTION_FIXTURE=PASS
LIFECYCLE_COHERENT_READ_FIXTURE=PASS
ORDERED_LOG_FIXTURES=PASS
PROBE_INVARIANT_FIXTURES=PASS
WILSON_FIXTURES=PASS
FORMAL_R1E_PAGE_ZERO_FIXTURE=PASS
STDOUT_END
STDERR_BEGIN

STDERR_END
FIXTURE_3_EXIT=0
STDOUT_BEGIN
# BAR parser offline fixture gate

```text
BAR_PARSER_SHA256=5F7A6BDBF498720E1B40C54AB71A7E86BBD43AF1758AB207CF7EEBA65B15A922
BAR_PARSER_LANGUAGE=PYTHON3
BAR_PARSER_USES_INT_BASE_ZERO=YES
BAR_PARSER_BASH_16_HASH_0X_USED=NO
BAR_PARSER_FIXTURES=PASS_ALL
R1B_BAD_TOKEN_REPLAY=PASS_NO_16_HASH_0X_ERROR
FIXTURE_COUNT=9
NETWORK_ACTIONS=0
VIVADO_ACTIONS=0
HARDWARE_ACTIONS=0
FPGA_SOURCE_CHANGES=0
FULL_BUILDS=0
```
STDOUT_END
STDERR_BEGIN

STDERR_END
STDOUT_END
STDERR_BEGIN

STDERR_END
