#-----------------------------------------------------------
# Vivado v2025.2 (64-bit)
# SW Build 6299465 on Fri Nov 14 19:35:11 GMT 2025
# IP Build 6300035 on Fri Nov 14 10:48:45 MST 2025
# SharedData Build 6298862 on Thu Nov 13 04:50:51 MST 2025
# Start of session at: Mon Aug 31 13:07:21 2026
# Process ID         : 10220
# Current directory  : C:/FPGA/PCB_PIN0_VIVADO_DB_TEMP_20260831
# Command line       : vivado.exe -mode batch -source C:\FPGA\PCB_PIN0_VIVADO_DB_TEMP_20260831\query_pin_database.tcl -log C:\FPGA\PCB_PIN0_VIVADO_DB_TEMP_20260831\query_pin_database.log -journal C:\FPGA\PCB_PIN0_VIVADO_DB_TEMP_20260831\query_pin_database.jou
# Log file           : C:/FPGA/PCB_PIN0_VIVADO_DB_TEMP_20260831/query_pin_database.log
# Journal file       : C:\FPGA\PCB_PIN0_VIVADO_DB_TEMP_20260831\query_pin_database.jou
# Running On         : NBLSUDUL
# Platform           : Windows Server 2016 or Windows 10
# Operating System   : 19045
# Processor Detail   : Intel(R) Core(TM) i7-7500U CPU @ 2.70GHz
# CPU Frequency      : 2904 MHz
# CPU Physical cores : 2
# CPU Logical cores  : 4
# Host memory        : 17028 MB
# Swap memory        : 6979 MB
# Total Virtual      : 24007 MB
# Available Virtual  : 8759 MB
#-----------------------------------------------------------
WARNING: [Runs 36-547] User Strategy 'Vivado Implementation Defaults' from file 'C:\Users\£ukasz Sudu³\AppData\Roaming/Xilinx/Vivado/2025.2/strategies/Vivado Implementation Defaults.Vivado Implementation 2025.psg' discarded because strategy with same name already parsed from 'C:/AMDDesignTools/2025.2/Vivado/strategies/VDI2025.psg'
source {C:\FPGA\PCB_PIN0_VIVADO_DB_TEMP_20260831\query_pin_database.tcl}
# set expected_part "xc7a35tcsg325-2"
# set matches [get_parts -quiet -filter {DEVICE == xc7a35t && PACKAGE == csg325 && SPEED == -2}]
# puts "AUDIT|VIVADO_VERSION|[version -short]"
AUDIT|VIVADO_VERSION|2025.2
# puts "AUDIT|PART_MATCHES|$matches"
AUDIT|PART_MATCHES|xc7a35tcsg325-2
# if {[llength $matches] != 1 || [lindex $matches 0] ne $expected_part} {
#     error "Exact target part mismatch: expected $expected_part, got $matches"
# }
# create_project -in_memory -part $expected_part
create_project: Time (s): cpu = 00:00:47 ; elapsed = 00:01:46 . Memory (MB): peak = 537.652 ; gain = 221.602
# read_verilog [file join [file dirname [info script]] dummy_top.v]
# synth_design -top dummy_top -part $expected_part
Command: synth_design -top dummy_top -part xc7a35tcsg325-2
Starting synth_design
Attempting to get a license for feature 'Synthesis' and/or device 'xc7a35t'
INFO: [Common 17-349] Got license for feature 'Synthesis' and/or device 'xc7a35t'
INFO: [Synth 8-7079] Multithreading enabled for synth_design using a maximum of 2 processes.
INFO: [Synth 8-7078] Launching helper process for spawning children vivado processes
INFO: [Synth 8-7075] Helper process launched with PID 3020
---------------------------------------------------------------------------------
Starting Synthesize : Time (s): cpu = 00:00:35 ; elapsed = 00:00:48 . Memory (MB): peak = 1077.176 ; gain = 534.555
---------------------------------------------------------------------------------
INFO: [Synth 8-6157] synthesizing module 'dummy_top' [C:/FPGA/PCB_PIN0_VIVADO_DB_TEMP_20260831/dummy_top.v:1]
INFO: [Synth 8-6155] done synthesizing module 'dummy_top' (0#1) [C:/FPGA/PCB_PIN0_VIVADO_DB_TEMP_20260831/dummy_top.v:1]
---------------------------------------------------------------------------------
Finished Synthesize : Time (s): cpu = 00:00:49 ; elapsed = 00:01:07 . Memory (MB): peak = 1195.508 ; gain = 652.887
---------------------------------------------------------------------------------
---------------------------------------------------------------------------------
Finished Constraint Validation : Time (s): cpu = 00:00:52 ; elapsed = 00:01:11 . Memory (MB): peak = 1195.508 ; gain = 652.887
---------------------------------------------------------------------------------
---------------------------------------------------------------------------------
Start Loading Part and Timing Information
---------------------------------------------------------------------------------
Loading part: xc7a35tcsg325-2
---------------------------------------------------------------------------------
INFO: [Device 21-403] Loading part xc7a35tcsg325-2
Finished Loading Part and Timing Information : Time (s): cpu = 00:00:52 ; elapsed = 00:01:11 . Memory (MB): peak = 1195.508 ; gain = 652.887
---------------------------------------------------------------------------------
---------------------------------------------------------------------------------
Finished RTL Optimization Phase 2 : Time (s): cpu = 00:00:53 ; elapsed = 00:01:12 . Memory (MB): peak = 1195.508 ; gain = 652.887
---------------------------------------------------------------------------------
No constraint files found.
---------------------------------------------------------------------------------
Start RTL Component Statistics 
---------------------------------------------------------------------------------
Detailed RTL Component Info : 
+---XORs : 
	               24 Bit    Wide XORs := 1     
---------------------------------------------------------------------------------
Finished RTL Component Statistics 
---------------------------------------------------------------------------------
---------------------------------------------------------------------------------
Start Part Resource Summary
---------------------------------------------------------------------------------
Part Resources:
DSPs: 90 (col length:60)
BRAMs: 100 (col length: RAMB18 60 RAMB36 30)
---------------------------------------------------------------------------------
Finished Part Resource Summary
---------------------------------------------------------------------------------
No constraint files found.
---------------------------------------------------------------------------------
Start Cross Boundary and Area Optimization
---------------------------------------------------------------------------------
---------------------------------------------------------------------------------
Finished Cross Boundary and Area Optimization : Time (s): cpu = 00:01:20 ; elapsed = 00:02:16 . Memory (MB): peak = 1373.809 ; gain = 831.188
---------------------------------------------------------------------------------
No constraint files found.
---------------------------------------------------------------------------------
Start Timing Optimization
---------------------------------------------------------------------------------
---------------------------------------------------------------------------------
Finished Timing Optimization : Time (s): cpu = 00:01:20 ; elapsed = 00:02:17 . Memory (MB): peak = 1379.586 ; gain = 836.965
---------------------------------------------------------------------------------
---------------------------------------------------------------------------------
Start Technology Mapping
---------------------------------------------------------------------------------
---------------------------------------------------------------------------------
Finished Technology Mapping : Time (s): cpu = 00:01:21 ; elapsed = 00:02:17 . Memory (MB): peak = 1379.586 ; gain = 836.965
---------------------------------------------------------------------------------
---------------------------------------------------------------------------------
Start IO Insertion
---------------------------------------------------------------------------------
---------------------------------------------------------------------------------
Start Flattening Before IO Insertion
---------------------------------------------------------------------------------
---------------------------------------------------------------------------------
Finished Flattening Before IO Insertion
---------------------------------------------------------------------------------
---------------------------------------------------------------------------------
Start Final Netlist Cleanup
---------------------------------------------------------------------------------
---------------------------------------------------------------------------------
Finished Final Netlist Cleanup
---------------------------------------------------------------------------------
---------------------------------------------------------------------------------
Finished IO Insertion : Time (s): cpu = 00:01:57 ; elapsed = 00:03:07 . Memory (MB): peak = 1614.691 ; gain = 1072.070
---------------------------------------------------------------------------------
---------------------------------------------------------------------------------
Start Renaming Generated Instances
---------------------------------------------------------------------------------
---------------------------------------------------------------------------------
Finished Renaming Generated Instances : Time (s): cpu = 00:01:57 ; elapsed = 00:03:08 . Memory (MB): peak = 1614.691 ; gain = 1072.070
---------------------------------------------------------------------------------
---------------------------------------------------------------------------------
Start Rebuilding User Hierarchy
---------------------------------------------------------------------------------
---------------------------------------------------------------------------------
Finished Rebuilding User Hierarchy : Time (s): cpu = 00:01:57 ; elapsed = 00:03:08 . Memory (MB): peak = 1614.691 ; gain = 1072.070
---------------------------------------------------------------------------------
---------------------------------------------------------------------------------
Start Renaming Generated Ports
---------------------------------------------------------------------------------
---------------------------------------------------------------------------------
Finished Renaming Generated Ports : Time (s): cpu = 00:01:57 ; elapsed = 00:03:08 . Memory (MB): peak = 1614.691 ; gain = 1072.070
---------------------------------------------------------------------------------
---------------------------------------------------------------------------------
Start Handling Custom Attributes
---------------------------------------------------------------------------------
---------------------------------------------------------------------------------
Finished Handling Custom Attributes : Time (s): cpu = 00:01:57 ; elapsed = 00:03:08 . Memory (MB): peak = 1614.691 ; gain = 1072.070
---------------------------------------------------------------------------------
---------------------------------------------------------------------------------
Start Renaming Generated Nets
---------------------------------------------------------------------------------
---------------------------------------------------------------------------------
Finished Renaming Generated Nets : Time (s): cpu = 00:01:57 ; elapsed = 00:03:08 . Memory (MB): peak = 1614.691 ; gain = 1072.070
---------------------------------------------------------------------------------
---------------------------------------------------------------------------------
Start Writing Synthesis Report
---------------------------------------------------------------------------------

Report BlackBoxes: 
+-+--------------+----------+
| |BlackBox name |Instances |
+-+--------------+----------+
+-+--------------+----------+

Report Cell Usage: 
+------+-----+------+
|      |Cell |Count |
+------+-----+------+
|1     |LUT4 |     1|
|2     |LUT6 |     4|
|3     |IBUF |    24|
|4     |OBUF |     1|
+------+-----+------+

Report Instance Areas: 
+------+---------+-------+------+
|      |Instance |Module |Cells |
+------+---------+-------+------+
|1     |top      |       |    30|
+------+---------+-------+------+
---------------------------------------------------------------------------------
Finished Writing Synthesis Report : Time (s): cpu = 00:01:57 ; elapsed = 00:03:08 . Memory (MB): peak = 1614.691 ; gain = 1072.070
---------------------------------------------------------------------------------
Synthesis finished with 0 errors, 0 critical warnings and 0 warnings.
Synthesis Optimization Runtime : Time (s): cpu = 00:01:57 ; elapsed = 00:03:08 . Memory (MB): peak = 1614.691 ; gain = 1072.070
Synthesis Optimization Complete : Time (s): cpu = 00:01:57 ; elapsed = 00:03:08 . Memory (MB): peak = 1614.691 ; gain = 1072.070
INFO: [Project 1-571] Translating synthesized netlist
Netlist sorting complete. Time (s): cpu = 00:00:00 ; elapsed = 00:00:00.004 . Memory (MB): peak = 1629.734 ; gain = 0.000
INFO: [Project 1-570] Preparing netlist for logic optimization
INFO: [Opt 31-138] Pushed 0 inverter(s) to 0 load pin(s).
Netlist sorting complete. Time (s): cpu = 00:00:00 ; elapsed = 00:00:00.004 . Memory (MB): peak = 1740.152 ; gain = 0.000
INFO: [Project 1-111] Unisim Transformation Summary:
No Unisim elements were transformed.

Synth Design complete | Checksum: 7a3ee906
INFO: [Common 17-83] Releasing license: Synthesis
12 Infos, 0 Warnings, 0 Critical Warnings and 0 Errors encountered.
synth_design completed successfully
synth_design: Time (s): cpu = 00:02:12 ; elapsed = 00:03:41 . Memory (MB): peak = 1740.152 ; gain = 1202.500
# puts "AUDIT|CURRENT_PART|[get_property PART [current_project]]"
AUDIT|CURRENT_PART|xc7a35tcsg325-2
# puts "AUDIT|CURRENT_DESIGN|[current_design]"
AUDIT|CURRENT_DESIGN|design_1
# set requested_pins {E16 B16 C16 A17 B17 C17 C18 E17 D18 R16 R18 T15 T18 T17 U17 V17 U16 V16 K17 L18 M17 N17 C13 J18}
# set all_pin_props {NAME CLASS BANK PIN_FUNC SITE IS_BONDED IS_CLK_CAPABLE IS_DUAL IS_GENERAL_PURPOSE IS_GLOBAL_CLK IS_VREF IS_VRN IS_VRP IS_DCI IS_GC IS_MRCC IS_SRCC DIFF_PAIR_PIN DIFF_PAIR_TYPE}
# set site_props {NAME CLASS SITE_TYPE RPM_X RPM_Y X Y CLOCK_REGION}
# foreach pin_name $requested_pins {
#     set pp [get_package_pins -quiet $pin_name]
#     puts "AUDIT|PIN_BEGIN|$pin_name|COUNT=[llength $pp]"
#     if {[llength $pp] != 1} {
#         puts "AUDIT|PIN_MISSING|$pin_name"
#         continue
#     }
#     foreach prop $all_pin_props {
#         if {[lsearch -exact [list_property $pp] $prop] >= 0} {
#             puts "AUDIT|PIN_PROP|$pin_name|$prop|[get_property $prop $pp]"
#         }
#     }
#     set sites [get_sites -quiet -of_objects $pp]
#     puts "AUDIT|PIN_SITES|$pin_name|$sites"
#     foreach site $sites {
#         foreach prop $site_props {
#             if {[lsearch -exact [list_property $site] $prop] >= 0} {
#                 puts "AUDIT|SITE_PROP|$pin_name|$site|$prop|[get_property $prop $site]"
#             }
#         }
#         set cr [get_clock_regions -quiet -of_objects $site]
#         set bank [get_iobanks -quiet -of_objects $site]
#         set bels [get_bels -quiet -of_objects $site]
#         puts "AUDIT|SITE_REL|$pin_name|$site|CLOCK_REGION=$cr|IOBANK=$bank|BELS=$bels"
#     }
#     puts "AUDIT|PIN_END|$pin_name"
# }
AUDIT|PIN_BEGIN|E16|COUNT=1
AUDIT|PIN_PROP|E16|NAME|E16
AUDIT|PIN_PROP|E16|CLASS|package_pin
AUDIT|PIN_PROP|E16|BANK|15
AUDIT|PIN_PROP|E16|PIN_FUNC|IO_L14P_T2_SRCC_15
AUDIT|PIN_PROP|E16|IS_BONDED|1
AUDIT|PIN_PROP|E16|IS_CLK_CAPABLE|1
AUDIT|PIN_PROP|E16|IS_GENERAL_PURPOSE|1
AUDIT|PIN_PROP|E16|IS_GLOBAL_CLK|0
AUDIT|PIN_PROP|E16|IS_VREF|0
AUDIT|PIN_PROP|E16|IS_VRN|0
AUDIT|PIN_PROP|E16|IS_VRP|0
AUDIT|PIN_PROP|E16|DIFF_PAIR_PIN|D16
AUDIT|PIN_SITES|E16|IOB_X0Y72
AUDIT|SITE_PROP|E16|IOB_X0Y72|NAME|IOB_X0Y72
AUDIT|SITE_PROP|E16|IOB_X0Y72|CLASS|site
AUDIT|SITE_PROP|E16|IOB_X0Y72|SITE_TYPE|IOB33M
AUDIT|SITE_PROP|E16|IOB_X0Y72|RPM_X|1
AUDIT|SITE_PROP|E16|IOB_X0Y72|RPM_Y|142
AUDIT|SITE_PROP|E16|IOB_X0Y72|CLOCK_REGION|X0Y1
AUDIT|SITE_REL|E16|IOB_X0Y72|CLOCK_REGION=X0Y1|IOBANK=15|BELS=IOB_X0Y72/INBUF_EN IOB_X0Y72/OUTBUF IOB_X0Y72/TERM_OVERRIDE IOB_X0Y72/PAD IOB_X0Y72/PULL IOB_X0Y72/IBUFDISABLE_GND IOB_X0Y72/INTERMDISABLE_GND
AUDIT|PIN_END|E16
AUDIT|PIN_BEGIN|B16|COUNT=1
AUDIT|PIN_PROP|B16|NAME|B16
AUDIT|PIN_PROP|B16|CLASS|package_pin
AUDIT|PIN_PROP|B16|BANK|15
AUDIT|PIN_PROP|B16|PIN_FUNC|IO_L15P_T2_DQS_15
AUDIT|PIN_PROP|B16|IS_BONDED|1
AUDIT|PIN_PROP|B16|IS_CLK_CAPABLE|0
AUDIT|PIN_PROP|B16|IS_GENERAL_PURPOSE|1
AUDIT|PIN_PROP|B16|IS_GLOBAL_CLK|0
AUDIT|PIN_PROP|B16|IS_VREF|0
AUDIT|PIN_PROP|B16|IS_VRN|0
AUDIT|PIN_PROP|B16|IS_VRP|0
AUDIT|PIN_PROP|B16|DIFF_PAIR_PIN|A17
AUDIT|PIN_SITES|B16|IOB_X0Y70
AUDIT|SITE_PROP|B16|IOB_X0Y70|NAME|IOB_X0Y70
AUDIT|SITE_PROP|B16|IOB_X0Y70|CLASS|site
AUDIT|SITE_PROP|B16|IOB_X0Y70|SITE_TYPE|IOB33M
AUDIT|SITE_PROP|B16|IOB_X0Y70|RPM_X|1
AUDIT|SITE_PROP|B16|IOB_X0Y70|RPM_Y|138
AUDIT|SITE_PROP|B16|IOB_X0Y70|CLOCK_REGION|X0Y1
AUDIT|SITE_REL|B16|IOB_X0Y70|CLOCK_REGION=X0Y1|IOBANK=15|BELS=IOB_X0Y70/INBUF_EN IOB_X0Y70/OUTBUF IOB_X0Y70/TERM_OVERRIDE IOB_X0Y70/PAD IOB_X0Y70/PULL IOB_X0Y70/IBUFDISABLE_GND IOB_X0Y70/INTERMDISABLE_GND
AUDIT|PIN_END|B16
AUDIT|PIN_BEGIN|C16|COUNT=1
AUDIT|PIN_PROP|C16|NAME|C16
AUDIT|PIN_PROP|C16|CLASS|package_pin
AUDIT|PIN_PROP|C16|BANK|15
AUDIT|PIN_PROP|C16|PIN_FUNC|IO_L16P_T2_A28_15
AUDIT|PIN_PROP|C16|IS_BONDED|1
AUDIT|PIN_PROP|C16|IS_CLK_CAPABLE|0
AUDIT|PIN_PROP|C16|IS_GENERAL_PURPOSE|1
AUDIT|PIN_PROP|C16|IS_GLOBAL_CLK|0
AUDIT|PIN_PROP|C16|IS_VREF|0
AUDIT|PIN_PROP|C16|IS_VRN|0
AUDIT|PIN_PROP|C16|IS_VRP|0
AUDIT|PIN_PROP|C16|DIFF_PAIR_PIN|B17
AUDIT|PIN_SITES|C16|IOB_X0Y68
AUDIT|SITE_PROP|C16|IOB_X0Y68|NAME|IOB_X0Y68
AUDIT|SITE_PROP|C16|IOB_X0Y68|CLASS|site
AUDIT|SITE_PROP|C16|IOB_X0Y68|SITE_TYPE|IOB33M
AUDIT|SITE_PROP|C16|IOB_X0Y68|RPM_X|1
AUDIT|SITE_PROP|C16|IOB_X0Y68|RPM_Y|134
AUDIT|SITE_PROP|C16|IOB_X0Y68|CLOCK_REGION|X0Y1
AUDIT|SITE_REL|C16|IOB_X0Y68|CLOCK_REGION=X0Y1|IOBANK=15|BELS=IOB_X0Y68/INBUF_EN IOB_X0Y68/OUTBUF IOB_X0Y68/TERM_OVERRIDE IOB_X0Y68/PAD IOB_X0Y68/PULL IOB_X0Y68/IBUFDISABLE_GND IOB_X0Y68/INTERMDISABLE_GND
AUDIT|PIN_END|C16
AUDIT|PIN_BEGIN|A17|COUNT=1
AUDIT|PIN_PROP|A17|NAME|A17
AUDIT|PIN_PROP|A17|CLASS|package_pin
AUDIT|PIN_PROP|A17|BANK|15
AUDIT|PIN_PROP|A17|PIN_FUNC|IO_L15N_T2_DQS_ADV_B_15
AUDIT|PIN_PROP|A17|IS_BONDED|1
AUDIT|PIN_PROP|A17|IS_CLK_CAPABLE|0
AUDIT|PIN_PROP|A17|IS_GENERAL_PURPOSE|1
AUDIT|PIN_PROP|A17|IS_GLOBAL_CLK|0
AUDIT|PIN_PROP|A17|IS_VREF|0
AUDIT|PIN_PROP|A17|IS_VRN|0
AUDIT|PIN_PROP|A17|IS_VRP|0
AUDIT|PIN_PROP|A17|DIFF_PAIR_PIN|B16
AUDIT|PIN_SITES|A17|IOB_X0Y69
AUDIT|SITE_PROP|A17|IOB_X0Y69|NAME|IOB_X0Y69
AUDIT|SITE_PROP|A17|IOB_X0Y69|CLASS|site
AUDIT|SITE_PROP|A17|IOB_X0Y69|SITE_TYPE|IOB33S
AUDIT|SITE_PROP|A17|IOB_X0Y69|RPM_X|1
AUDIT|SITE_PROP|A17|IOB_X0Y69|RPM_Y|139
AUDIT|SITE_PROP|A17|IOB_X0Y69|CLOCK_REGION|X0Y1
AUDIT|SITE_REL|A17|IOB_X0Y69|CLOCK_REGION=X0Y1|IOBANK=15|BELS=IOB_X0Y69/INBUF_EN IOB_X0Y69/OUTBUF IOB_X0Y69/TERM_OVERRIDE IOB_X0Y69/O_ININV IOB_X0Y69/PAD IOB_X0Y69/PULL IOB_X0Y69/IBUFDISABLE_GND IOB_X0Y69/INTERMDISABLE_GND
AUDIT|PIN_END|A17
AUDIT|PIN_BEGIN|B17|COUNT=1
AUDIT|PIN_PROP|B17|NAME|B17
AUDIT|PIN_PROP|B17|CLASS|package_pin
AUDIT|PIN_PROP|B17|BANK|15
AUDIT|PIN_PROP|B17|PIN_FUNC|IO_L16N_T2_A27_15
AUDIT|PIN_PROP|B17|IS_BONDED|1
AUDIT|PIN_PROP|B17|IS_CLK_CAPABLE|0
AUDIT|PIN_PROP|B17|IS_GENERAL_PURPOSE|1
AUDIT|PIN_PROP|B17|IS_GLOBAL_CLK|0
AUDIT|PIN_PROP|B17|IS_VREF|0
AUDIT|PIN_PROP|B17|IS_VRN|0
AUDIT|PIN_PROP|B17|IS_VRP|0
AUDIT|PIN_PROP|B17|DIFF_PAIR_PIN|C16
AUDIT|PIN_SITES|B17|IOB_X0Y67
AUDIT|SITE_PROP|B17|IOB_X0Y67|NAME|IOB_X0Y67
AUDIT|SITE_PROP|B17|IOB_X0Y67|CLASS|site
AUDIT|SITE_PROP|B17|IOB_X0Y67|SITE_TYPE|IOB33S
AUDIT|SITE_PROP|B17|IOB_X0Y67|RPM_X|1
AUDIT|SITE_PROP|B17|IOB_X0Y67|RPM_Y|135
AUDIT|SITE_PROP|B17|IOB_X0Y67|CLOCK_REGION|X0Y1
AUDIT|SITE_REL|B17|IOB_X0Y67|CLOCK_REGION=X0Y1|IOBANK=15|BELS=IOB_X0Y67/INBUF_EN IOB_X0Y67/OUTBUF IOB_X0Y67/TERM_OVERRIDE IOB_X0Y67/O_ININV IOB_X0Y67/PAD IOB_X0Y67/PULL IOB_X0Y67/IBUFDISABLE_GND IOB_X0Y67/INTERMDISABLE_GND
AUDIT|PIN_END|B17
AUDIT|PIN_BEGIN|C17|COUNT=1
AUDIT|PIN_PROP|C17|NAME|C17
AUDIT|PIN_PROP|C17|CLASS|package_pin
AUDIT|PIN_PROP|C17|BANK|15
AUDIT|PIN_PROP|C17|PIN_FUNC|IO_L18P_T2_A24_15
AUDIT|PIN_PROP|C17|IS_BONDED|1
AUDIT|PIN_PROP|C17|IS_CLK_CAPABLE|0
AUDIT|PIN_PROP|C17|IS_GENERAL_PURPOSE|1
AUDIT|PIN_PROP|C17|IS_GLOBAL_CLK|0
AUDIT|PIN_PROP|C17|IS_VREF|0
AUDIT|PIN_PROP|C17|IS_VRN|0
AUDIT|PIN_PROP|C17|IS_VRP|0
AUDIT|PIN_PROP|C17|DIFF_PAIR_PIN|C18
AUDIT|PIN_SITES|C17|IOB_X0Y64
AUDIT|SITE_PROP|C17|IOB_X0Y64|NAME|IOB_X0Y64
AUDIT|SITE_PROP|C17|IOB_X0Y64|CLASS|site
AUDIT|SITE_PROP|C17|IOB_X0Y64|SITE_TYPE|IOB33M
AUDIT|SITE_PROP|C17|IOB_X0Y64|RPM_X|1
AUDIT|SITE_PROP|C17|IOB_X0Y64|RPM_Y|126
AUDIT|SITE_PROP|C17|IOB_X0Y64|CLOCK_REGION|X0Y1
AUDIT|SITE_REL|C17|IOB_X0Y64|CLOCK_REGION=X0Y1|IOBANK=15|BELS=IOB_X0Y64/INBUF_EN IOB_X0Y64/OUTBUF IOB_X0Y64/TERM_OVERRIDE IOB_X0Y64/PAD IOB_X0Y64/PULL IOB_X0Y64/IBUFDISABLE_GND IOB_X0Y64/INTERMDISABLE_GND
AUDIT|PIN_END|C17
AUDIT|PIN_BEGIN|C18|COUNT=1
AUDIT|PIN_PROP|C18|NAME|C18
AUDIT|PIN_PROP|C18|CLASS|package_pin
AUDIT|PIN_PROP|C18|BANK|15
AUDIT|PIN_PROP|C18|PIN_FUNC|IO_L18N_T2_A23_15
AUDIT|PIN_PROP|C18|IS_BONDED|1
AUDIT|PIN_PROP|C18|IS_CLK_CAPABLE|0
AUDIT|PIN_PROP|C18|IS_GENERAL_PURPOSE|1
AUDIT|PIN_PROP|C18|IS_GLOBAL_CLK|0
AUDIT|PIN_PROP|C18|IS_VREF|0
AUDIT|PIN_PROP|C18|IS_VRN|0
AUDIT|PIN_PROP|C18|IS_VRP|0
AUDIT|PIN_PROP|C18|DIFF_PAIR_PIN|C17
AUDIT|PIN_SITES|C18|IOB_X0Y63
AUDIT|SITE_PROP|C18|IOB_X0Y63|NAME|IOB_X0Y63
AUDIT|SITE_PROP|C18|IOB_X0Y63|CLASS|site
AUDIT|SITE_PROP|C18|IOB_X0Y63|SITE_TYPE|IOB33S
AUDIT|SITE_PROP|C18|IOB_X0Y63|RPM_X|1
AUDIT|SITE_PROP|C18|IOB_X0Y63|RPM_Y|127
AUDIT|SITE_PROP|C18|IOB_X0Y63|CLOCK_REGION|X0Y1
AUDIT|SITE_REL|C18|IOB_X0Y63|CLOCK_REGION=X0Y1|IOBANK=15|BELS=IOB_X0Y63/INBUF_EN IOB_X0Y63/OUTBUF IOB_X0Y63/TERM_OVERRIDE IOB_X0Y63/O_ININV IOB_X0Y63/PAD IOB_X0Y63/PULL IOB_X0Y63/IBUFDISABLE_GND IOB_X0Y63/INTERMDISABLE_GND
AUDIT|PIN_END|C18
AUDIT|PIN_BEGIN|E17|COUNT=1
AUDIT|PIN_PROP|E17|NAME|E17
AUDIT|PIN_PROP|E17|CLASS|package_pin
AUDIT|PIN_PROP|E17|BANK|15
AUDIT|PIN_PROP|E17|PIN_FUNC|IO_L17P_T2_A26_15
AUDIT|PIN_PROP|E17|IS_BONDED|1
AUDIT|PIN_PROP|E17|IS_CLK_CAPABLE|0
AUDIT|PIN_PROP|E17|IS_GENERAL_PURPOSE|1
AUDIT|PIN_PROP|E17|IS_GLOBAL_CLK|0
AUDIT|PIN_PROP|E17|IS_VREF|0
AUDIT|PIN_PROP|E17|IS_VRN|0
AUDIT|PIN_PROP|E17|IS_VRP|0
AUDIT|PIN_PROP|E17|DIFF_PAIR_PIN|D18
AUDIT|PIN_SITES|E17|IOB_X0Y66
AUDIT|SITE_PROP|E17|IOB_X0Y66|NAME|IOB_X0Y66
AUDIT|SITE_PROP|E17|IOB_X0Y66|CLASS|site
AUDIT|SITE_PROP|E17|IOB_X0Y66|SITE_TYPE|IOB33M
AUDIT|SITE_PROP|E17|IOB_X0Y66|RPM_X|1
AUDIT|SITE_PROP|E17|IOB_X0Y66|RPM_Y|130
AUDIT|SITE_PROP|E17|IOB_X0Y66|CLOCK_REGION|X0Y1
AUDIT|SITE_REL|E17|IOB_X0Y66|CLOCK_REGION=X0Y1|IOBANK=15|BELS=IOB_X0Y66/INBUF_EN IOB_X0Y66/OUTBUF IOB_X0Y66/TERM_OVERRIDE IOB_X0Y66/PAD IOB_X0Y66/PULL IOB_X0Y66/IBUFDISABLE_GND IOB_X0Y66/INTERMDISABLE_GND
AUDIT|PIN_END|E17
AUDIT|PIN_BEGIN|D18|COUNT=1
AUDIT|PIN_PROP|D18|NAME|D18
AUDIT|PIN_PROP|D18|CLASS|package_pin
AUDIT|PIN_PROP|D18|BANK|15
AUDIT|PIN_PROP|D18|PIN_FUNC|IO_L17N_T2_A25_15
AUDIT|PIN_PROP|D18|IS_BONDED|1
AUDIT|PIN_PROP|D18|IS_CLK_CAPABLE|0
AUDIT|PIN_PROP|D18|IS_GENERAL_PURPOSE|1
AUDIT|PIN_PROP|D18|IS_GLOBAL_CLK|0
AUDIT|PIN_PROP|D18|IS_VREF|0
AUDIT|PIN_PROP|D18|IS_VRN|0
AUDIT|PIN_PROP|D18|IS_VRP|0
AUDIT|PIN_PROP|D18|DIFF_PAIR_PIN|E17
AUDIT|PIN_SITES|D18|IOB_X0Y65
AUDIT|SITE_PROP|D18|IOB_X0Y65|NAME|IOB_X0Y65
AUDIT|SITE_PROP|D18|IOB_X0Y65|CLASS|site
AUDIT|SITE_PROP|D18|IOB_X0Y65|SITE_TYPE|IOB33S
AUDIT|SITE_PROP|D18|IOB_X0Y65|RPM_X|1
AUDIT|SITE_PROP|D18|IOB_X0Y65|RPM_Y|131
AUDIT|SITE_PROP|D18|IOB_X0Y65|CLOCK_REGION|X0Y1
AUDIT|SITE_REL|D18|IOB_X0Y65|CLOCK_REGION=X0Y1|IOBANK=15|BELS=IOB_X0Y65/INBUF_EN IOB_X0Y65/OUTBUF IOB_X0Y65/TERM_OVERRIDE IOB_X0Y65/O_ININV IOB_X0Y65/PAD IOB_X0Y65/PULL IOB_X0Y65/IBUFDISABLE_GND IOB_X0Y65/INTERMDISABLE_GND
AUDIT|PIN_END|D18
AUDIT|PIN_BEGIN|R16|COUNT=1
AUDIT|PIN_PROP|R16|NAME|R16
AUDIT|PIN_PROP|R16|CLASS|package_pin
AUDIT|PIN_PROP|R16|BANK|14
AUDIT|PIN_PROP|R16|PIN_FUNC|IO_L14P_T2_SRCC_14
AUDIT|PIN_PROP|R16|IS_BONDED|1
AUDIT|PIN_PROP|R16|IS_CLK_CAPABLE|1
AUDIT|PIN_PROP|R16|IS_GENERAL_PURPOSE|1
AUDIT|PIN_PROP|R16|IS_GLOBAL_CLK|0
AUDIT|PIN_PROP|R16|IS_VREF|0
AUDIT|PIN_PROP|R16|IS_VRN|0
AUDIT|PIN_PROP|R16|IS_VRP|0
AUDIT|PIN_PROP|R16|DIFF_PAIR_PIN|R17
AUDIT|PIN_SITES|R16|IOB_X0Y22
AUDIT|SITE_PROP|R16|IOB_X0Y22|NAME|IOB_X0Y22
AUDIT|SITE_PROP|R16|IOB_X0Y22|CLASS|site
AUDIT|SITE_PROP|R16|IOB_X0Y22|SITE_TYPE|IOB33M
AUDIT|SITE_PROP|R16|IOB_X0Y22|RPM_X|1
AUDIT|SITE_PROP|R16|IOB_X0Y22|RPM_Y|42
AUDIT|SITE_PROP|R16|IOB_X0Y22|CLOCK_REGION|X0Y0
AUDIT|SITE_REL|R16|IOB_X0Y22|CLOCK_REGION=X0Y0|IOBANK=14|BELS=IOB_X0Y22/INBUF_EN IOB_X0Y22/OUTBUF IOB_X0Y22/TERM_OVERRIDE IOB_X0Y22/PAD IOB_X0Y22/PULL IOB_X0Y22/IBUFDISABLE_GND IOB_X0Y22/INTERMDISABLE_GND
AUDIT|PIN_END|R16
AUDIT|PIN_BEGIN|R18|COUNT=1
AUDIT|PIN_PROP|R18|NAME|R18
AUDIT|PIN_PROP|R18|CLASS|package_pin
AUDIT|PIN_PROP|R18|BANK|14
AUDIT|PIN_PROP|R18|PIN_FUNC|IO_L15P_T2_DQS_RDWR_B_14
AUDIT|PIN_PROP|R18|IS_BONDED|1
AUDIT|PIN_PROP|R18|IS_CLK_CAPABLE|0
AUDIT|PIN_PROP|R18|IS_GENERAL_PURPOSE|1
AUDIT|PIN_PROP|R18|IS_GLOBAL_CLK|0
AUDIT|PIN_PROP|R18|IS_VREF|0
AUDIT|PIN_PROP|R18|IS_VRN|0
AUDIT|PIN_PROP|R18|IS_VRP|0
AUDIT|PIN_PROP|R18|DIFF_PAIR_PIN|T18
AUDIT|PIN_SITES|R18|IOB_X0Y20
AUDIT|SITE_PROP|R18|IOB_X0Y20|NAME|IOB_X0Y20
AUDIT|SITE_PROP|R18|IOB_X0Y20|CLASS|site
AUDIT|SITE_PROP|R18|IOB_X0Y20|SITE_TYPE|IOB33M
AUDIT|SITE_PROP|R18|IOB_X0Y20|RPM_X|1
AUDIT|SITE_PROP|R18|IOB_X0Y20|RPM_Y|38
AUDIT|SITE_PROP|R18|IOB_X0Y20|CLOCK_REGION|X0Y0
AUDIT|SITE_REL|R18|IOB_X0Y20|CLOCK_REGION=X0Y0|IOBANK=14|BELS=IOB_X0Y20/INBUF_EN IOB_X0Y20/OUTBUF IOB_X0Y20/TERM_OVERRIDE IOB_X0Y20/PAD IOB_X0Y20/PULL IOB_X0Y20/IBUFDISABLE_GND IOB_X0Y20/INTERMDISABLE_GND
AUDIT|PIN_END|R18
AUDIT|PIN_BEGIN|T15|COUNT=1
AUDIT|PIN_PROP|T15|NAME|T15
AUDIT|PIN_PROP|T15|CLASS|package_pin
AUDIT|PIN_PROP|T15|BANK|14
AUDIT|PIN_PROP|T15|PIN_FUNC|IO_L13N_T2_MRCC_14
AUDIT|PIN_PROP|T15|IS_BONDED|1
AUDIT|PIN_PROP|T15|IS_CLK_CAPABLE|1
AUDIT|PIN_PROP|T15|IS_GENERAL_PURPOSE|1
AUDIT|PIN_PROP|T15|IS_GLOBAL_CLK|0
AUDIT|PIN_PROP|T15|IS_VREF|0
AUDIT|PIN_PROP|T15|IS_VRN|0
AUDIT|PIN_PROP|T15|IS_VRP|0
AUDIT|PIN_PROP|T15|DIFF_PAIR_PIN|T14
AUDIT|PIN_SITES|T15|IOB_X0Y23
AUDIT|SITE_PROP|T15|IOB_X0Y23|NAME|IOB_X0Y23
AUDIT|SITE_PROP|T15|IOB_X0Y23|CLASS|site
AUDIT|SITE_PROP|T15|IOB_X0Y23|SITE_TYPE|IOB33S
AUDIT|SITE_PROP|T15|IOB_X0Y23|RPM_X|1
AUDIT|SITE_PROP|T15|IOB_X0Y23|RPM_Y|47
AUDIT|SITE_PROP|T15|IOB_X0Y23|CLOCK_REGION|X0Y0
AUDIT|SITE_REL|T15|IOB_X0Y23|CLOCK_REGION=X0Y0|IOBANK=14|BELS=IOB_X0Y23/INBUF_EN IOB_X0Y23/OUTBUF IOB_X0Y23/TERM_OVERRIDE IOB_X0Y23/O_ININV IOB_X0Y23/PAD IOB_X0Y23/PULL IOB_X0Y23/IBUFDISABLE_GND IOB_X0Y23/INTERMDISABLE_GND
AUDIT|PIN_END|T15
AUDIT|PIN_BEGIN|T18|COUNT=1
AUDIT|PIN_PROP|T18|NAME|T18
AUDIT|PIN_PROP|T18|CLASS|package_pin
AUDIT|PIN_PROP|T18|BANK|14
AUDIT|PIN_PROP|T18|PIN_FUNC|IO_L15N_T2_DQS_DOUT_CSO_B_14
AUDIT|PIN_PROP|T18|IS_BONDED|1
AUDIT|PIN_PROP|T18|IS_CLK_CAPABLE|0
AUDIT|PIN_PROP|T18|IS_GENERAL_PURPOSE|1
AUDIT|PIN_PROP|T18|IS_GLOBAL_CLK|0
AUDIT|PIN_PROP|T18|IS_VREF|0
AUDIT|PIN_PROP|T18|IS_VRN|0
AUDIT|PIN_PROP|T18|IS_VRP|0
AUDIT|PIN_PROP|T18|DIFF_PAIR_PIN|R18
AUDIT|PIN_SITES|T18|IOB_X0Y19
AUDIT|SITE_PROP|T18|IOB_X0Y19|NAME|IOB_X0Y19
AUDIT|SITE_PROP|T18|IOB_X0Y19|CLASS|site
AUDIT|SITE_PROP|T18|IOB_X0Y19|SITE_TYPE|IOB33S
AUDIT|SITE_PROP|T18|IOB_X0Y19|RPM_X|1
AUDIT|SITE_PROP|T18|IOB_X0Y19|RPM_Y|39
AUDIT|SITE_PROP|T18|IOB_X0Y19|CLOCK_REGION|X0Y0
AUDIT|SITE_REL|T18|IOB_X0Y19|CLOCK_REGION=X0Y0|IOBANK=14|BELS=IOB_X0Y19/INBUF_EN IOB_X0Y19/OUTBUF IOB_X0Y19/TERM_OVERRIDE IOB_X0Y19/O_ININV IOB_X0Y19/PAD IOB_X0Y19/PULL IOB_X0Y19/IBUFDISABLE_GND IOB_X0Y19/INTERMDISABLE_GND
AUDIT|PIN_END|T18
AUDIT|PIN_BEGIN|T17|COUNT=1
AUDIT|PIN_PROP|T17|NAME|T17
AUDIT|PIN_PROP|T17|CLASS|package_pin
AUDIT|PIN_PROP|T17|BANK|14
AUDIT|PIN_PROP|T17|PIN_FUNC|IO_L16P_T2_CSI_B_14
AUDIT|PIN_PROP|T17|IS_BONDED|1
AUDIT|PIN_PROP|T17|IS_CLK_CAPABLE|0
AUDIT|PIN_PROP|T17|IS_GENERAL_PURPOSE|1
AUDIT|PIN_PROP|T17|IS_GLOBAL_CLK|0
AUDIT|PIN_PROP|T17|IS_VREF|0
AUDIT|PIN_PROP|T17|IS_VRN|0
AUDIT|PIN_PROP|T17|IS_VRP|0
AUDIT|PIN_PROP|T17|DIFF_PAIR_PIN|U17
AUDIT|PIN_SITES|T17|IOB_X0Y18
AUDIT|SITE_PROP|T17|IOB_X0Y18|NAME|IOB_X0Y18
AUDIT|SITE_PROP|T17|IOB_X0Y18|CLASS|site
AUDIT|SITE_PROP|T17|IOB_X0Y18|SITE_TYPE|IOB33M
AUDIT|SITE_PROP|T17|IOB_X0Y18|RPM_X|1
AUDIT|SITE_PROP|T17|IOB_X0Y18|RPM_Y|34
AUDIT|SITE_PROP|T17|IOB_X0Y18|CLOCK_REGION|X0Y0
AUDIT|SITE_REL|T17|IOB_X0Y18|CLOCK_REGION=X0Y0|IOBANK=14|BELS=IOB_X0Y18/INBUF_EN IOB_X0Y18/OUTBUF IOB_X0Y18/TERM_OVERRIDE IOB_X0Y18/PAD IOB_X0Y18/PULL IOB_X0Y18/IBUFDISABLE_GND IOB_X0Y18/INTERMDISABLE_GND
AUDIT|PIN_END|T17
AUDIT|PIN_BEGIN|U17|COUNT=1
AUDIT|PIN_PROP|U17|NAME|U17
AUDIT|PIN_PROP|U17|CLASS|package_pin
AUDIT|PIN_PROP|U17|BANK|14
AUDIT|PIN_PROP|U17|PIN_FUNC|IO_L16N_T2_A15_D31_14
AUDIT|PIN_PROP|U17|IS_BONDED|1
AUDIT|PIN_PROP|U17|IS_CLK_CAPABLE|0
AUDIT|PIN_PROP|U17|IS_GENERAL_PURPOSE|1
AUDIT|PIN_PROP|U17|IS_GLOBAL_CLK|0
AUDIT|PIN_PROP|U17|IS_VREF|0
AUDIT|PIN_PROP|U17|IS_VRN|0
AUDIT|PIN_PROP|U17|IS_VRP|0
AUDIT|PIN_PROP|U17|DIFF_PAIR_PIN|T17
AUDIT|PIN_SITES|U17|IOB_X0Y17
AUDIT|SITE_PROP|U17|IOB_X0Y17|NAME|IOB_X0Y17
AUDIT|SITE_PROP|U17|IOB_X0Y17|CLASS|site
AUDIT|SITE_PROP|U17|IOB_X0Y17|SITE_TYPE|IOB33S
AUDIT|SITE_PROP|U17|IOB_X0Y17|RPM_X|1
AUDIT|SITE_PROP|U17|IOB_X0Y17|RPM_Y|35
AUDIT|SITE_PROP|U17|IOB_X0Y17|CLOCK_REGION|X0Y0
AUDIT|SITE_REL|U17|IOB_X0Y17|CLOCK_REGION=X0Y0|IOBANK=14|BELS=IOB_X0Y17/INBUF_EN IOB_X0Y17/OUTBUF IOB_X0Y17/TERM_OVERRIDE IOB_X0Y17/O_ININV IOB_X0Y17/PAD IOB_X0Y17/PULL IOB_X0Y17/IBUFDISABLE_GND IOB_X0Y17/INTERMDISABLE_GND
AUDIT|PIN_END|U17
AUDIT|PIN_BEGIN|V17|COUNT=1
AUDIT|PIN_PROP|V17|NAME|V17
AUDIT|PIN_PROP|V17|CLASS|package_pin
AUDIT|PIN_PROP|V17|BANK|14
AUDIT|PIN_PROP|V17|PIN_FUNC|IO_L18N_T2_A11_D27_14
AUDIT|PIN_PROP|V17|IS_BONDED|1
AUDIT|PIN_PROP|V17|IS_CLK_CAPABLE|0
AUDIT|PIN_PROP|V17|IS_GENERAL_PURPOSE|1
AUDIT|PIN_PROP|V17|IS_GLOBAL_CLK|0
AUDIT|PIN_PROP|V17|IS_VREF|0
AUDIT|PIN_PROP|V17|IS_VRN|0
AUDIT|PIN_PROP|V17|IS_VRP|0
AUDIT|PIN_PROP|V17|DIFF_PAIR_PIN|V16
AUDIT|PIN_SITES|V17|IOB_X0Y13
AUDIT|SITE_PROP|V17|IOB_X0Y13|NAME|IOB_X0Y13
AUDIT|SITE_PROP|V17|IOB_X0Y13|CLASS|site
AUDIT|SITE_PROP|V17|IOB_X0Y13|SITE_TYPE|IOB33S
AUDIT|SITE_PROP|V17|IOB_X0Y13|RPM_X|1
AUDIT|SITE_PROP|V17|IOB_X0Y13|RPM_Y|27
AUDIT|SITE_PROP|V17|IOB_X0Y13|CLOCK_REGION|X0Y0
AUDIT|SITE_REL|V17|IOB_X0Y13|CLOCK_REGION=X0Y0|IOBANK=14|BELS=IOB_X0Y13/INBUF_EN IOB_X0Y13/OUTBUF IOB_X0Y13/TERM_OVERRIDE IOB_X0Y13/O_ININV IOB_X0Y13/PAD IOB_X0Y13/PULL IOB_X0Y13/IBUFDISABLE_GND IOB_X0Y13/INTERMDISABLE_GND
AUDIT|PIN_END|V17
AUDIT|PIN_BEGIN|U16|COUNT=1
AUDIT|PIN_PROP|U16|NAME|U16
AUDIT|PIN_PROP|U16|CLASS|package_pin
AUDIT|PIN_PROP|U16|BANK|14
AUDIT|PIN_PROP|U16|PIN_FUNC|IO_L17N_T2_A13_D29_14
AUDIT|PIN_PROP|U16|IS_BONDED|1
AUDIT|PIN_PROP|U16|IS_CLK_CAPABLE|0
AUDIT|PIN_PROP|U16|IS_GENERAL_PURPOSE|1
AUDIT|PIN_PROP|U16|IS_GLOBAL_CLK|0
AUDIT|PIN_PROP|U16|IS_VREF|0
AUDIT|PIN_PROP|U16|IS_VRN|0
AUDIT|PIN_PROP|U16|IS_VRP|0
AUDIT|PIN_PROP|U16|DIFF_PAIR_PIN|U15
AUDIT|PIN_SITES|U16|IOB_X0Y15
AUDIT|SITE_PROP|U16|IOB_X0Y15|NAME|IOB_X0Y15
AUDIT|SITE_PROP|U16|IOB_X0Y15|CLASS|site
AUDIT|SITE_PROP|U16|IOB_X0Y15|SITE_TYPE|IOB33S
AUDIT|SITE_PROP|U16|IOB_X0Y15|RPM_X|1
AUDIT|SITE_PROP|U16|IOB_X0Y15|RPM_Y|31
AUDIT|SITE_PROP|U16|IOB_X0Y15|CLOCK_REGION|X0Y0
AUDIT|SITE_REL|U16|IOB_X0Y15|CLOCK_REGION=X0Y0|IOBANK=14|BELS=IOB_X0Y15/INBUF_EN IOB_X0Y15/OUTBUF IOB_X0Y15/TERM_OVERRIDE IOB_X0Y15/O_ININV IOB_X0Y15/PAD IOB_X0Y15/PULL IOB_X0Y15/IBUFDISABLE_GND IOB_X0Y15/INTERMDISABLE_GND
AUDIT|PIN_END|U16
AUDIT|PIN_BEGIN|V16|COUNT=1
AUDIT|PIN_PROP|V16|NAME|V16
AUDIT|PIN_PROP|V16|CLASS|package_pin
AUDIT|PIN_PROP|V16|BANK|14
AUDIT|PIN_PROP|V16|PIN_FUNC|IO_L18P_T2_A12_D28_14
AUDIT|PIN_PROP|V16|IS_BONDED|1
AUDIT|PIN_PROP|V16|IS_CLK_CAPABLE|0
AUDIT|PIN_PROP|V16|IS_GENERAL_PURPOSE|1
AUDIT|PIN_PROP|V16|IS_GLOBAL_CLK|0
AUDIT|PIN_PROP|V16|IS_VREF|0
AUDIT|PIN_PROP|V16|IS_VRN|0
AUDIT|PIN_PROP|V16|IS_VRP|0
AUDIT|PIN_PROP|V16|DIFF_PAIR_PIN|V17
AUDIT|PIN_SITES|V16|IOB_X0Y14
AUDIT|SITE_PROP|V16|IOB_X0Y14|NAME|IOB_X0Y14
AUDIT|SITE_PROP|V16|IOB_X0Y14|CLASS|site
AUDIT|SITE_PROP|V16|IOB_X0Y14|SITE_TYPE|IOB33M
AUDIT|SITE_PROP|V16|IOB_X0Y14|RPM_X|1
AUDIT|SITE_PROP|V16|IOB_X0Y14|RPM_Y|26
AUDIT|SITE_PROP|V16|IOB_X0Y14|CLOCK_REGION|X0Y0
AUDIT|SITE_REL|V16|IOB_X0Y14|CLOCK_REGION=X0Y0|IOBANK=14|BELS=IOB_X0Y14/INBUF_EN IOB_X0Y14/OUTBUF IOB_X0Y14/TERM_OVERRIDE IOB_X0Y14/PAD IOB_X0Y14/PULL IOB_X0Y14/IBUFDISABLE_GND IOB_X0Y14/INTERMDISABLE_GND
AUDIT|PIN_END|V16
AUDIT|PIN_BEGIN|K17|COUNT=1
AUDIT|PIN_PROP|K17|NAME|K17
AUDIT|PIN_PROP|K17|CLASS|package_pin
AUDIT|PIN_PROP|K17|BANK|14
AUDIT|PIN_PROP|K17|PIN_FUNC|IO_L4P_T0_D04_14
AUDIT|PIN_PROP|K17|IS_BONDED|1
AUDIT|PIN_PROP|K17|IS_CLK_CAPABLE|0
AUDIT|PIN_PROP|K17|IS_GENERAL_PURPOSE|1
AUDIT|PIN_PROP|K17|IS_GLOBAL_CLK|0
AUDIT|PIN_PROP|K17|IS_VREF|0
AUDIT|PIN_PROP|K17|IS_VRN|0
AUDIT|PIN_PROP|K17|IS_VRP|0
AUDIT|PIN_PROP|K17|DIFF_PAIR_PIN|L18
AUDIT|PIN_SITES|K17|IOB_X0Y42
AUDIT|SITE_PROP|K17|IOB_X0Y42|NAME|IOB_X0Y42
AUDIT|SITE_PROP|K17|IOB_X0Y42|CLASS|site
AUDIT|SITE_PROP|K17|IOB_X0Y42|SITE_TYPE|IOB33M
AUDIT|SITE_PROP|K17|IOB_X0Y42|RPM_X|1
AUDIT|SITE_PROP|K17|IOB_X0Y42|RPM_Y|82
AUDIT|SITE_PROP|K17|IOB_X0Y42|CLOCK_REGION|X0Y0
AUDIT|SITE_REL|K17|IOB_X0Y42|CLOCK_REGION=X0Y0|IOBANK=14|BELS=IOB_X0Y42/INBUF_EN IOB_X0Y42/OUTBUF IOB_X0Y42/TERM_OVERRIDE IOB_X0Y42/PAD IOB_X0Y42/PULL IOB_X0Y42/IBUFDISABLE_GND IOB_X0Y42/INTERMDISABLE_GND
AUDIT|PIN_END|K17
AUDIT|PIN_BEGIN|L18|COUNT=1
AUDIT|PIN_PROP|L18|NAME|L18
AUDIT|PIN_PROP|L18|CLASS|package_pin
AUDIT|PIN_PROP|L18|BANK|14
AUDIT|PIN_PROP|L18|PIN_FUNC|IO_L4N_T0_D05_14
AUDIT|PIN_PROP|L18|IS_BONDED|1
AUDIT|PIN_PROP|L18|IS_CLK_CAPABLE|0
AUDIT|PIN_PROP|L18|IS_GENERAL_PURPOSE|1
AUDIT|PIN_PROP|L18|IS_GLOBAL_CLK|0
AUDIT|PIN_PROP|L18|IS_VREF|0
AUDIT|PIN_PROP|L18|IS_VRN|0
AUDIT|PIN_PROP|L18|IS_VRP|0
AUDIT|PIN_PROP|L18|DIFF_PAIR_PIN|K17
AUDIT|PIN_SITES|L18|IOB_X0Y41
AUDIT|SITE_PROP|L18|IOB_X0Y41|NAME|IOB_X0Y41
AUDIT|SITE_PROP|L18|IOB_X0Y41|CLASS|site
AUDIT|SITE_PROP|L18|IOB_X0Y41|SITE_TYPE|IOB33S
AUDIT|SITE_PROP|L18|IOB_X0Y41|RPM_X|1
AUDIT|SITE_PROP|L18|IOB_X0Y41|RPM_Y|83
AUDIT|SITE_PROP|L18|IOB_X0Y41|CLOCK_REGION|X0Y0
AUDIT|SITE_REL|L18|IOB_X0Y41|CLOCK_REGION=X0Y0|IOBANK=14|BELS=IOB_X0Y41/INBUF_EN IOB_X0Y41/OUTBUF IOB_X0Y41/TERM_OVERRIDE IOB_X0Y41/O_ININV IOB_X0Y41/PAD IOB_X0Y41/PULL IOB_X0Y41/IBUFDISABLE_GND IOB_X0Y41/INTERMDISABLE_GND
AUDIT|PIN_END|L18
AUDIT|PIN_BEGIN|M17|COUNT=1
AUDIT|PIN_PROP|M17|NAME|M17
AUDIT|PIN_PROP|M17|CLASS|package_pin
AUDIT|PIN_PROP|M17|BANK|14
AUDIT|PIN_PROP|M17|PIN_FUNC|IO_L7N_T1_D10_14
AUDIT|PIN_PROP|M17|IS_BONDED|1
AUDIT|PIN_PROP|M17|IS_CLK_CAPABLE|0
AUDIT|PIN_PROP|M17|IS_GENERAL_PURPOSE|1
AUDIT|PIN_PROP|M17|IS_GLOBAL_CLK|0
AUDIT|PIN_PROP|M17|IS_VREF|0
AUDIT|PIN_PROP|M17|IS_VRN|0
AUDIT|PIN_PROP|M17|IS_VRP|0
AUDIT|PIN_PROP|M17|DIFF_PAIR_PIN|M16
AUDIT|PIN_SITES|M17|IOB_X0Y35
AUDIT|SITE_PROP|M17|IOB_X0Y35|NAME|IOB_X0Y35
AUDIT|SITE_PROP|M17|IOB_X0Y35|CLASS|site
AUDIT|SITE_PROP|M17|IOB_X0Y35|SITE_TYPE|IOB33S
AUDIT|SITE_PROP|M17|IOB_X0Y35|RPM_X|1
AUDIT|SITE_PROP|M17|IOB_X0Y35|RPM_Y|71
AUDIT|SITE_PROP|M17|IOB_X0Y35|CLOCK_REGION|X0Y0
AUDIT|SITE_REL|M17|IOB_X0Y35|CLOCK_REGION=X0Y0|IOBANK=14|BELS=IOB_X0Y35/INBUF_EN IOB_X0Y35/OUTBUF IOB_X0Y35/TERM_OVERRIDE IOB_X0Y35/O_ININV IOB_X0Y35/PAD IOB_X0Y35/PULL IOB_X0Y35/IBUFDISABLE_GND IOB_X0Y35/INTERMDISABLE_GND
AUDIT|PIN_END|M17
AUDIT|PIN_BEGIN|N17|COUNT=1
AUDIT|PIN_PROP|N17|NAME|N17
AUDIT|PIN_PROP|N17|CLASS|package_pin
AUDIT|PIN_PROP|N17|BANK|14
AUDIT|PIN_PROP|N17|PIN_FUNC|IO_L9N_T1_DQS_D13_14
AUDIT|PIN_PROP|N17|IS_BONDED|1
AUDIT|PIN_PROP|N17|IS_CLK_CAPABLE|0
AUDIT|PIN_PROP|N17|IS_GENERAL_PURPOSE|1
AUDIT|PIN_PROP|N17|IS_GLOBAL_CLK|0
AUDIT|PIN_PROP|N17|IS_VREF|0
AUDIT|PIN_PROP|N17|IS_VRN|0
AUDIT|PIN_PROP|N17|IS_VRP|0
AUDIT|PIN_PROP|N17|DIFF_PAIR_PIN|N16
AUDIT|PIN_SITES|N17|IOB_X0Y31
AUDIT|SITE_PROP|N17|IOB_X0Y31|NAME|IOB_X0Y31
AUDIT|SITE_PROP|N17|IOB_X0Y31|CLASS|site
AUDIT|SITE_PROP|N17|IOB_X0Y31|SITE_TYPE|IOB33S
AUDIT|SITE_PROP|N17|IOB_X0Y31|RPM_X|1
AUDIT|SITE_PROP|N17|IOB_X0Y31|RPM_Y|63
AUDIT|SITE_PROP|N17|IOB_X0Y31|CLOCK_REGION|X0Y0
AUDIT|SITE_REL|N17|IOB_X0Y31|CLOCK_REGION=X0Y0|IOBANK=14|BELS=IOB_X0Y31/INBUF_EN IOB_X0Y31/OUTBUF IOB_X0Y31/TERM_OVERRIDE IOB_X0Y31/O_ININV IOB_X0Y31/PAD IOB_X0Y31/PULL IOB_X0Y31/IBUFDISABLE_GND IOB_X0Y31/INTERMDISABLE_GND
AUDIT|PIN_END|N17
AUDIT|PIN_BEGIN|C13|COUNT=1
AUDIT|PIN_PROP|C13|NAME|C13
AUDIT|PIN_PROP|C13|CLASS|package_pin
AUDIT|PIN_PROP|C13|BANK|15
AUDIT|PIN_PROP|C13|PIN_FUNC|IO_L11N_T1_SRCC_15
AUDIT|PIN_PROP|C13|IS_BONDED|1
AUDIT|PIN_PROP|C13|IS_CLK_CAPABLE|1
AUDIT|PIN_PROP|C13|IS_GENERAL_PURPOSE|1
AUDIT|PIN_PROP|C13|IS_GLOBAL_CLK|0
AUDIT|PIN_PROP|C13|IS_VREF|0
AUDIT|PIN_PROP|C13|IS_VRN|0
AUDIT|PIN_PROP|C13|IS_VRP|0
AUDIT|PIN_PROP|C13|DIFF_PAIR_PIN|D13
AUDIT|PIN_SITES|C13|IOB_X0Y77
AUDIT|SITE_PROP|C13|IOB_X0Y77|NAME|IOB_X0Y77
AUDIT|SITE_PROP|C13|IOB_X0Y77|CLASS|site
AUDIT|SITE_PROP|C13|IOB_X0Y77|SITE_TYPE|IOB33S
AUDIT|SITE_PROP|C13|IOB_X0Y77|RPM_X|1
AUDIT|SITE_PROP|C13|IOB_X0Y77|RPM_Y|155
AUDIT|SITE_PROP|C13|IOB_X0Y77|CLOCK_REGION|X0Y1
AUDIT|SITE_REL|C13|IOB_X0Y77|CLOCK_REGION=X0Y1|IOBANK=15|BELS=IOB_X0Y77/INBUF_EN IOB_X0Y77/OUTBUF IOB_X0Y77/TERM_OVERRIDE IOB_X0Y77/O_ININV IOB_X0Y77/PAD IOB_X0Y77/PULL IOB_X0Y77/IBUFDISABLE_GND IOB_X0Y77/INTERMDISABLE_GND
AUDIT|PIN_END|C13
AUDIT|PIN_BEGIN|J18|COUNT=1
AUDIT|PIN_PROP|J18|NAME|J18
AUDIT|PIN_PROP|J18|CLASS|package_pin
AUDIT|PIN_PROP|J18|BANK|14
AUDIT|PIN_PROP|J18|PIN_FUNC|IO_L3P_T0_DQS_PUDC_B_14
AUDIT|PIN_PROP|J18|IS_BONDED|1
AUDIT|PIN_PROP|J18|IS_CLK_CAPABLE|0
AUDIT|PIN_PROP|J18|IS_GENERAL_PURPOSE|1
AUDIT|PIN_PROP|J18|IS_GLOBAL_CLK|0
AUDIT|PIN_PROP|J18|IS_VREF|0
AUDIT|PIN_PROP|J18|IS_VRN|0
AUDIT|PIN_PROP|J18|IS_VRP|0
AUDIT|PIN_PROP|J18|DIFF_PAIR_PIN|K18
AUDIT|PIN_SITES|J18|IOB_X0Y44
AUDIT|SITE_PROP|J18|IOB_X0Y44|NAME|IOB_X0Y44
AUDIT|SITE_PROP|J18|IOB_X0Y44|CLASS|site
AUDIT|SITE_PROP|J18|IOB_X0Y44|SITE_TYPE|IOB33M
AUDIT|SITE_PROP|J18|IOB_X0Y44|RPM_X|1
AUDIT|SITE_PROP|J18|IOB_X0Y44|RPM_Y|86
AUDIT|SITE_PROP|J18|IOB_X0Y44|CLOCK_REGION|X0Y0
AUDIT|SITE_REL|J18|IOB_X0Y44|CLOCK_REGION=X0Y0|IOBANK=14|BELS=IOB_X0Y44/INBUF_EN IOB_X0Y44/OUTBUF IOB_X0Y44/TERM_OVERRIDE IOB_X0Y44/PAD IOB_X0Y44/PULL IOB_X0Y44/IBUFDISABLE_GND IOB_X0Y44/INTERMDISABLE_GND
AUDIT|PIN_END|J18
# puts "AUDIT|ALL_BANK14_PIN_BEGIN"
AUDIT|ALL_BANK14_PIN_BEGIN
# foreach pp [lsort -dictionary [get_package_pins -quiet -filter {BANK == 14 && IS_BONDED == 1}]] {
#     set pn [get_property NAME $pp]
#     set func [get_property PIN_FUNC $pp]
#     set site [get_property SITE $pp]
#     set cr [get_clock_regions -quiet -of_objects [get_sites -quiet $site]]
#     set cc "ORDINARY"
#     if {[string match *MRCC* $func]} {set cc "MRCC"}
#     if {[string match *SRCC* $func]} {set cc "SRCC"}
#     puts "AUDIT|BANK_PIN|14|$pn|$func|$site|$cr|$cc"
# }
ERROR: [Common 17-54] The object 'package_pin' does not have a property 'SITE'.
INFO: [Common 17-206] Exiting Vivado at Mon Aug 31 13:14:14 2026...
