UTC_START=2026-08-20T12:27:44.8626728Z
UTC_END=2026-08-20T12:27:47.5071956Z
EVIDENCE_KIND=PASSWORD_AUTH_SESSION_3
RESULT=PASS
EXIT_CODE=0
ARGUMENT_TOKEN_AUDIT=PASS
PLINK_PW_OPTION_USED=NO
PLINK_PWFILE_OPTION_USED=YES
USERNAME_ROLE_OCCURRENCE=YES_AUTHORIZED
PASSWORD_ROLE_ARGUMENT_OCCURRENCE=NO
REMOTE_COMMAND_SHARED_LITERAL=NO
INHERITED_ENVIRONMENT_AUDIT=PASS
PWFILE_CREATED=YES
PWFILE_DELETED=YES
STDOUT_BEGIN
vcdeagent1
VCDE-DUT-1
b636cf27-8373-4ca0-8819-ef2b8a722822
7.0.0-29-generic
2026-08-19 20:23:05
STDOUT_END
STDERR_BEGIN

STDERR_END
