UTC_START=2026-08-20T12:28:24.4530593Z
UTC_END=2026-08-20T12:28:26.9814696Z
EVIDENCE_KIND=SUDO_PATH_DISCOVERY
RESULT=PASS
EXIT_CODE=0
ARGUMENT_TOKEN_AUDIT=PASS
PLINK_PW_OPTION_USED=NO
PLINK_PWFILE_OPTION_USED=YES
USERNAME_ROLE_OCCURRENCE=YES_AUTHORIZED
PASSWORD_ROLE_ARGUMENT_OCCURRENCE=NO
REMOTE_COMMAND_SHARED_LITERAL=NO
INHERITED_ENVIRONMENT_AUDIT=PASS
PWFILE_CREATED=YES
PWFILE_DELETED=YES
STDOUT_BEGIN
/usr/bin/sudo
/usr/bin/systemctl
true
STDOUT_END
STDERR_BEGIN

STDERR_END
