#-----------------------------------------------------------
# Vivado v2025.2 (64-bit)
# SW Build 6299465 on Fri Nov 14 19:35:11 GMT 2025
# IP Build 6300035 on Fri Nov 14 10:48:45 MST 2025
# SharedData Build 6298862 on Thu Nov 13 04:50:51 MST 2025
# Start of session at: Mon Aug 24 13:08:43 2026
# Process ID         : 16168
# Current directory  : C:/FPGA/V41_NVP_R1F_PHASE_COMPLETE_OBSERVABILITY/07_BUILD
# Command line       : vivado.exe -mode batch -log C:\FPGA\V41_NVP_R1F_PHASE_COMPLETE_OBSERVABILITY\07_BUILD\VIVADO_2025_2_CLEAN_BUILD\R1F_vivado_build.log -journal C:\FPGA\V41_NVP_R1F_PHASE_COMPLETE_OBSERVABILITY\07_BUILD\VIVADO_2025_2_CLEAN_BUILD\R1F_vivado_build.jou -source C:\FPGA\WORKTREES\V41_NVP_R1F_PHASE_COMPLETE_OBSERVABILITY\scripts\v41\r1f_build.tcl -tclargs C:\FPGA\WORKTREES\V41_NVP_R1F_PHASE_COMPLETE_OBSERVABILITY C:\FPGA\V41_NVP_R1F_PHASE_COMPLETE_OBSERVABILITY_BUILD C:\FPGA\V41_NVP_R1F_PHASE_COMPLETE_OBSERVABILITY\07_BUILD\VIVADO_2025_2_CLEAN_BUILD 225544084dbfcaadb8592fcecc947aa1cec4970e cfde8769af95cf20586391c411fab3ddfa2c87b6 C:\FPGA\V41_NVP_R1F_PHASE_COMPLETE_OBSERVABILITY\07_BUILD\R1F_PREBUILD_MANIFEST.txt 34626CAFDF0D2CD6A4DA87B6D7ED6C7146B4C16E7384BD5AA3927BE440859A04
# Log file           : C:/FPGA/V41_NVP_R1F_PHASE_COMPLETE_OBSERVABILITY/07_BUILD/VIVADO_2025_2_CLEAN_BUILD/R1F_vivado_build.log
# Journal file       : C:\FPGA\V41_NVP_R1F_PHASE_COMPLETE_OBSERVABILITY\07_BUILD\VIVADO_2025_2_CLEAN_BUILD\R1F_vivado_build.jou
# Running On         : NBLSUDUL
# Platform           : Windows Server 2016 or Windows 10
# Operating System   : 19045
# Processor Detail   : Intel(R) Core(TM) i7-7500U CPU @ 2.70GHz
# CPU Frequency      : 2904 MHz
# CPU Physical cores : 2
# CPU Logical cores  : 4
# Host memory        : 17028 MB
# Swap memory        : 4338 MB
# Total Virtual      : 21366 MB
# Available Virtual  : 7230 MB
#-----------------------------------------------------------
WARNING: [Runs 36-547] User Strategy 'Vivado Implementation Defaults' from file 'C:\Users\£ukasz Sudu³\AppData\Roaming/Xilinx/Vivado/2025.2/strategies/Vivado Implementation Defaults.Vivado Implementation 2025.psg' discarded because strategy with same name already parsed from 'C:/AMDDesignTools/2025.2/Vivado/strategies/VDI2025.psg'
source {C:\FPGA\WORKTREES\V41_NVP_R1F_PHASE_COMPLETE_OBSERVABILITY\scripts\v41\r1f_build.tcl}
# if {$argc != 7} {
#   puts stderr "usage: r1f_build.tcl REPOSITORY_ROOT BUILD_ROOT EVIDENCE_ROOT SOURCE_GIT_COMMIT SOURCE_GIT_TREE PREBUILD_MANIFEST PREBUILD_MANIFEST_SHA256"
#   exit 2
# }
# set repo_root [file normalize [lindex $argv 0]]
# set build_root [file normalize [lindex $argv 1]]
# set evidence_root [file normalize [lindex $argv 2]]
# set source_commit [string tolower [lindex $argv 3]]
# set source_tree [string tolower [lindex $argv 4]]
# set prebuild_manifest [file normalize [lindex $argv 5]]
# set expected_prebuild_manifest_sha256 [string toupper [lindex $argv 6]]
# set expected_branch diag/v41-nvp-r1f-phase-complete-observability
# set exact_r1e_base_commit f3d9e5cdcacfb6fdebed5e5fe8b9143ef226aebd
# set expected_vivado_version 2025.2
# set expected_vivado_sw_build 6299465
# set expected_part xc7a35tcsg325-2
# set expected_top ahd_capture_top_xdma
# set bit_filename ahd_capture_v41_i2c_25khz_r1f_phase_complete_observability.bit
# proc write_lines {path lines} {
#   file mkdir [file dirname $path]
#   set fh [open $path w]
#   fconfigure $fh -encoding utf-8 -translation lf
#   foreach line $lines {
#     puts $fh $line
#   }
#   close $fh
# }
# proc read_text {path} {
#   set fh [open $path r]
#   fconfigure $fh -encoding utf-8
#   set text [read $fh]
#   close $fh
#   return $text
# }
# proc require_files {paths} {
#   foreach path $paths {
#     if {![file isfile $path]} {
#       error "required file missing: $path"
#     }
#   }
# }
# proc sha256_file {path} {
#   if {![file isfile $path]} {
#     error "cannot hash missing file: $path"
#   }
#   set output [exec certutil.exe -hashfile [file nativename $path] SHA256]
#   foreach line [split $output "\n"] {
#     set compact [string toupper \
#       [string map [list " " "" "\t" "" "\r" ""] [string trim $line]]]
#     if {[regexp {^[0-9A-F]{64}$} $compact]} {
#       return $compact
#     }
#   }
#   error "certutil did not return a SHA-256 digest for $path"
# }
# proc directory_entries {path} {
#   set result [list]
#   if {![file exists $path]} {
#     return $result
#   }
#   if {![file isdirectory $path]} {
#     error "expected directory, found non-directory: $path"
#   }
#   foreach pattern [list * .*] {
#     foreach item [glob -nocomplain -directory $path $pattern] {
#       set tail [file tail $item]
#       if {$tail ne "." && $tail ne ".."} {
#         lappend result [file normalize $item]
#       }
#     }
#   }
#   return [lsort -unique $result]
# }
# proc path_inside_or_equal {child parent} {
#   set child_native [string tolower [file nativename [file normalize $child]]]
#   set parent_native [string trimright \
#     [string tolower [file nativename [file normalize $parent]]] "\\/"]
#   if {$child_native eq $parent_native} {
#     return 1
#   }
#   return [expr {
#     [string first "$parent_native\\" $child_native] == 0 ||
#     [string first "$parent_native/" $child_native] == 0
#   }]
# }
# proc normalize_repo_relative {repo_root relative_path} {
#   set rel [string map [list "\\" "/"] [string trim $relative_path]]
#   if {$rel eq "" || [file pathtype $rel] ne "relative"} {
#     error "manifest repository path must be nonempty and relative: '$relative_path'"
#   }
#   set resolved [file normalize [file join $repo_root $rel]]
#   if {![path_inside_or_equal $resolved $repo_root] || $resolved eq $repo_root} {
#     error "manifest repository path escapes repository root: '$relative_path'"
#   }
#   return $rel
# }
# proc relative_path_from_repo {repo_root absolute_path} {
#   set root_native [string trimright \
#     [file nativename [file normalize $repo_root]] "\\/"]
#   set path_native [file nativename [file normalize $absolute_path]]
#   set root_lower [string tolower $root_native]
#   set path_lower [string tolower $path_native]
#   set prefix "$root_lower\\"
#   if {[string first $prefix $path_lower] != 0} {
#     error "path is not inside repository: $absolute_path"
#   }
#   set rel_native [string range $path_native \
#     [string length "$root_native\\"] end]
#   return [string map [list "\\" "/"] $rel_native]
# }
# proc require_exact_text {text pattern description} {
#   if {![regexp -- $pattern $text]} {
#     error "frozen source contract not found: $description"
#   }
# }
# proc safe_property {object property} {
#   if {[catch {get_property $property $object} value]} {
#     return NOT_AVAILABLE
#   }
#   if {$value eq ""} {
#     return EMPTY
#   }
#   return $value
# }
# proc utilization_row {text wanted} {
#   set normalized_wanted [string trimright $wanted "*"]
#   foreach line [split $text "\n"] {
#     set columns [split $line "|"]
#     if {[llength $columns] < 7} {
#       continue
#     }
#     set actual [string trimright [string trim [lindex $columns 1]] "*"]
#     if {$actual eq $normalized_wanted} {
#       return [list [string trim [lindex $columns 2]] \
#                    [string trim [lindex $columns 5]]]
#     }
#   }
#   error "utilization row '$wanted' not found"
# }
# proc compile_order_index {compile_names wanted_path} {
#   set wanted [string tolower [file nativename [file normalize $wanted_path]]]
#   for {set index 0} {$index < [llength $compile_names]} {incr index} {
#     set candidate [string tolower \
#       [file nativename [file normalize [lindex $compile_names $index]]]]
#     if {$candidate eq $wanted} {
#       return $index
#     }
#   }
#   return -1
# }
# proc write_region_inventory {evidence_root label pattern} {
#   set cells [get_cells -quiet -hier -regexp $pattern]
#   set nets [get_nets -quiet -hier -regexp $pattern]
#   set lines [list \
#     "LABEL=$label" \
#     "PATTERN=$pattern" \
#     "CELL_COUNT=[llength $cells]" \
#     "NET_COUNT=[llength $nets]"]
#   if {[llength $cells] != 0} {
#     foreach cell [lsort [get_property NAME $cells]] {
#       lappend lines "CELL=$cell"
#     }
#   }
#   if {[llength $nets] != 0} {
#     foreach net [lsort [get_property NAME $nets]] {
#       lappend lines "NET=$net"
#     }
#   }
#   set filename [format "R1F_%s_INVENTORY.txt" $label]
#   write_lines [file join $evidence_root $filename] $lines
#   if {[llength $cells] + [llength $nets] == 0} {
#     error "required routed R1f design region has no cells or nets: $label"
#   }
#   return [expr {[llength $cells] + [llength $nets]}]
# }
# proc verify_prebuild_manifest {
#   manifest_path manifest_sha repo_root source_commit source_tree
#   required_source_paths required_log_labels
# } {
#   if {![regexp {^[0-9A-F]{64}$} $manifest_sha]} {
#     error "PREBUILD_MANIFEST_SHA256 must be exactly 64 uppercase hex digits"
#   }
#   set actual_manifest_sha [sha256_file $manifest_path]
#   if {$actual_manifest_sha ne $manifest_sha} {
#     error "prebuild manifest SHA-256 mismatch: expected $manifest_sha, got $actual_manifest_sha"
#   }
# 
#   array set metadata {}
#   array set source_hash {}
#   array set accepted_log {}
#   set manifest_dir [file dirname $manifest_path]
#   set line_number 0
#   foreach raw_line [split [read_text $manifest_path] "\n"] {
#     incr line_number
#     set line [string trim $raw_line]
#     if {$line eq "" || [string index $line 0] eq "#"} {
#       continue
#     }
#     set fields [split $line "|"]
#     set kind [lindex $fields 0]
#     switch -- $kind {
#       META {
#         if {[llength $fields] != 3} {
#           error "invalid META record at manifest line $line_number"
#         }
#         set key [string trim [lindex $fields 1]]
#         set value [string trim [lindex $fields 2]]
#         if {$key eq "" || [info exists metadata($key)]} {
#           error "empty or duplicate META key '$key' at manifest line $line_number"
#         }
#         set metadata($key) $value
#       }
#       SOURCE_SHA256 {
#         if {[llength $fields] != 3} {
#           error "invalid SOURCE_SHA256 record at manifest line $line_number"
#         }
#         set rel [normalize_repo_relative $repo_root [lindex $fields 1]]
#         set key [string tolower $rel]
#         set digest [string toupper [string trim [lindex $fields 2]]]
#         if {![regexp {^[0-9A-F]{64}$} $digest] ||
#             [info exists source_hash($key)]} {
#           error "invalid or duplicate source digest for '$rel'"
#         }
#         set source_hash($key) $digest
#       }
#       ACCEPTED_LOG_SHA256 {
#         if {[llength $fields] != 4} {
#           error "invalid ACCEPTED_LOG_SHA256 record at manifest line $line_number"
#         }
#         set label [string trim [lindex $fields 1]]
#         set log_path [string trim [lindex $fields 2]]
#         set digest [string toupper [string trim [lindex $fields 3]]]
#         if {$label eq "" || $log_path eq "" ||
#             ![regexp {^[0-9A-F]{64}$} $digest] ||
#             [info exists accepted_log($label)]} {
#           error "invalid or duplicate accepted-log record for '$label'"
#         }
#         if {[file pathtype $log_path] eq "relative"} {
#           set log_path [file normalize [file join $manifest_dir $log_path]]
#         } else {
#           set log_path [file normalize $log_path]
#         }
#         if {![file isfile $log_path]} {
#           error "accepted log missing for $label: $log_path"
#         }
#         set actual [sha256_file $log_path]
#         if {$actual ne $digest} {
#           error "accepted log SHA-256 mismatch for $label: expected $digest, got $actual"
#         }
#         set accepted_log($label) [list $log_path $digest]
#       }
#       default {
#         error "unknown prebuild manifest record '$kind' at line $line_number"
#       }
#     }
#   }
# 
#   array set required_meta [list \
#     SOURCE_GIT_COMMIT $source_commit \
#     SOURCE_GIT_TREE $source_tree \
#     PREBUILD_AUDIT PASS \
#     PRE_INIT_DONE_CYCLE_EQUIVALENCE PASS \
#     AUTOINIT_TRANSACTION_STREAM_BYTE_IDENTICAL YES \
#     AUTOINIT_FUNCTIONAL_STATE_SEQUENCE_IDENTICAL YES \
#     R1F_DIAGNOSTIC_TO_FUNCTIONAL_FANOUT 0 \
#     NVP_TABLE_UNCHANGED YES \
#     FUNCTIONAL_FSM_UNCHANGED YES \
#     POR_START_WATCHDOG_UNCHANGED YES \
#     SDA_SCL_FILTERS_UNCHANGED YES \
#     NVP_XDC_UNCHANGED YES \
#     XDMA_XCI_UNCHANGED YES \
#     SAFE_DATA_PROBE_TARGET PASS \
#     RECORD_MAP_COLLISION NONE_PROVEN \
#     PHASE_OPPORTUNITY_COUNTERS_MATCH_SCOREBOARD PASS \
#     FAILED_TRANSACTION_LOG_MATCH_SCOREBOARD PASS \
#     BANK_BEFORE_AFTER_SEMANTICS PASS \
#     TRANSACTION_INDEX_16_UNIQUE PASS \
#     LEGACY_FIRST8_RECONCILIATION PASS \
#     TRI_PHASE_PROBE_SCOREBOARD PASS \
#     SAFE_TARGET_RESTORATION PASS \
#     EFFECTIVE_PRE_INIT_ARBITRATION PASS \
#     R1F_LOG_64_EXACT_OVERFLOW_65 PASS \
#     INHERITED_POWER_TIMING PASS \
#     INHERITED_D2B_SEQUENCE PASS \
#     R1F_PRODUCTION_TIMING_MODEL PASS \
#     HOST_TOOL_FIXTURES PASS_ALL]
#   foreach key [array names required_meta] {
#     if {![info exists metadata($key)] ||
#         $metadata($key) ne $required_meta($key)} {
#       set actual MISSING
#       if {[info exists metadata($key)]} {
#         set actual $metadata($key)
#       }
#       error "prebuild META gate $key expected '$required_meta($key)', got '$actual'"
#     }
#   }
# 
#   foreach rel [lsort -unique $required_source_paths] {
#     set normalized [normalize_repo_relative $repo_root $rel]
#     set key [string tolower $normalized]
#     if {![info exists source_hash($key)]} {
#       error "prebuild manifest has no SOURCE_SHA256 for required path: $normalized"
#     }
#     set actual [sha256_file [file join $repo_root $normalized]]
#     if {$actual ne $source_hash($key)} {
#       error "committed source SHA-256 mismatch for $normalized: manifest $source_hash($key), actual $actual"
#     }
#   }
# 
#   foreach label $required_log_labels {
#     if {![info exists accepted_log($label)]} {
#       error "prebuild manifest has no accepted log for required label: $label"
#     }
#   }
# 
#   set summary [list \
#     "PREBUILD_MANIFEST=$manifest_path" \
#     "PREBUILD_MANIFEST_SHA256=$actual_manifest_sha" \
#     "SOURCE_RECORDS=[array size source_hash]" \
#     "ACCEPTED_LOG_RECORDS=[array size accepted_log]" \
#     "PREBUILD_MANIFEST_BINDING=PASS"]
#   foreach label [lsort [array names accepted_log]] {
#     lassign $accepted_log($label) log_path digest
#     lappend summary "ACCEPTED_LOG|$label|$log_path|$digest"
#   }
#   return $summary
# }
# if {![regexp {^[0-9a-f]{40}$} $source_commit]} {
#   error "SOURCE_GIT_COMMIT must be exactly 40 lowercase hex digits"
# }
# if {![regexp {^[0-9a-f]{40}$} $source_tree]} {
#   error "SOURCE_GIT_TREE must be exactly 40 lowercase hex digits"
# }
# if {![file isdirectory $repo_root]} {
#   error "repository root is not a directory: $repo_root"
# }
# if {![file isfile $prebuild_manifest]} {
#   error "prebuild manifest is not a file: $prebuild_manifest"
# }
# if {[path_inside_or_equal $build_root $repo_root] ||
#     [path_inside_or_equal $evidence_root $repo_root]} {
#   error "build and evidence roots must be outside the clean source repository"
# }
# if {[path_inside_or_equal $evidence_root $build_root]} {
#   error "evidence root must not be inside the new/empty build root"
# }
# if {[llength [directory_entries $build_root]] != 0} {
#   error "R1f build root must be new or empty: $build_root"
# }
# set common_tcl [file join $repo_root scripts v41 xdma_config_common.tcl]
# if {![file isfile $common_tcl]} {
#   error "shared XDMA configuration helper is missing: $common_tcl"
# }
# set git_top [file normalize [string trim \
#   [exec git -C $repo_root rev-parse --show-toplevel]]]
# if {[string tolower [file nativename $git_top]] ne
#     [string tolower [file nativename $repo_root]]} {
#   error "REPOSITORY_ROOT is not the exact Git top: $git_top"
# }
# set actual_commit [string tolower [string trim \
#   [exec git -C $repo_root rev-parse HEAD]]]
# set actual_tree [string tolower [string trim \
#   [exec git -C $repo_root rev-parse {HEAD^{tree}}]]]
# set actual_branch [string trim \
#   [exec git -C $repo_root symbolic-ref --short HEAD]]
# set source_status [string trim \
#   [exec git -C $repo_root status --porcelain --untracked-files=all]]
# if {$actual_commit ne $source_commit} {
#   error "repository HEAD $actual_commit does not match requested source commit $source_commit"
# }
# if {$actual_tree ne $source_tree} {
#   error "repository tree $actual_tree does not match requested source tree $source_tree"
# }
# if {$actual_branch ne $expected_branch} {
#   error "branch mismatch: expected $expected_branch, got $actual_branch"
# }
# if {$source_status ne ""} {
#   error "one-build flow requires a fully clean source repository: $source_status"
# }
# set merge_base [string tolower [string trim \
#   [exec git -C $repo_root merge-base $exact_r1e_base_commit $source_commit]]]
# if {$merge_base ne $exact_r1e_base_commit} {
#   error "R1f source is not based on exact R1e commit $exact_r1e_base_commit"
# }
# set source_commit_count [string trim [exec git -C $repo_root rev-list --count \
#   [format "%s..%s" $exact_r1e_base_commit $source_commit]]]
# if {$source_commit_count ne "1"} {
#   error "R1f branch must contain exactly one source commit above R1e base; got $source_commit_count"
# }
# set vivado_short [string trim [version -short]]
# set vivado_detail [version]
# if {$vivado_short ne $expected_vivado_version} {
#   error "Vivado version mismatch: expected $expected_vivado_version, got $vivado_short"
# }
# set vivado_sw_build UNKNOWN
# regexp {SW Build[ \t]+([0-9]+)} $vivado_detail -> vivado_sw_build
# if {$vivado_sw_build ne $expected_vivado_sw_build} {
#   error "Vivado SW build mismatch: expected $expected_vivado_sw_build, got $vivado_sw_build"
# }
# set sv_rel_files [list \
#   rtl/v41/axi_lite_host_bridge.sv \
#   rtl/v41/axi_clock_lifecycle_monitor.sv \
#   rtl/v41/axi_clock_measurement_regs.sv \
#   rtl/v41/r1e_measurement_regs.sv \
#   rtl/v41/nvp_i2c_tri_phase_probe.sv \
#   rtl/v41/r1f_failed_txn_logger.sv \
#   rtl/v41/r1f_measurement_regs.sv \
#   rtl/v41/control_status_regs.sv \
#   rtl/pio/pio_slot_adapter.sv \
#   rtl/pio/pio_bar_target.sv \
#   rtl/record/bt656_record_producer.sv \
#   rtl/record/capture_mailbox.sv \
#   rtl/video/video_capture.sv \
#   rtl/video/physical_frontend.sv \
#   rtl/top/ahd_capture_top_xdma.sv]
# set vhdl_rel_files [list \
#   rtl/nvp/nvp6134c_diagnostics_pkg.vhd \
#   rtl/nvp/r1f_transaction_serial_counter.vhd \
#   rtl/nvp/nvp6134c_i2c_bringup.vhd \
#   rtl/nvp/nvp6134c_autoinit.vhd]
# set xdc_rel_files [list \
#   xdc/boards/current/xdma_pcie.xdc \
#   xdc/boards/current/pins.xdc \
#   xdc/boards/current/vdo_input_timing.xdc \
#   xdc/boards/current/pcie_pio.xdc \
#   xdc/boards/current/nvp_control.xdc \
#   xdc/common/cdc.xdc \
#   xdc/common/configuration_bank.xdc]
# set xdma_rel_file ip/v41/xdma_v41_m1.xci
# set sv_files [list]
# foreach rel $sv_rel_files {
#   lappend sv_files [file normalize [file join $repo_root $rel]]
# }
# set vhdl_files [list]
# foreach rel $vhdl_rel_files {
#   lappend vhdl_files [file normalize [file join $repo_root $rel]]
# }
# set xdc_files [list]
# foreach rel $xdc_rel_files {
#   lappend xdc_files [file normalize [file join $repo_root $rel]]
# }
# set xdma_source [file normalize [file join $repo_root $xdma_rel_file]]
# require_files [concat $sv_files $vhdl_files $xdc_files [list $xdma_source]]
# array set frozen_sha256 [list \
#   rtl/v41/r1e_measurement_regs.sv \
#     034F8C63258CA6436817CFFE1605CDF23EF04030047CCE36146E115F3C374939 \
#   rtl/nvp/nvp6134c_diagnostics_pkg.vhd \
#     36BCA98533647E998A281A518935669FB29B48125D48F6D3785EA12CBFF04156 \
#   ip/v41/xdma_v41_m1.xci \
#     EA651CA26A2FE4AA5201A5E88BA41D9BD737A3BF19D58AA89394D1CB8C1B0A7C \
#   xdc/boards/current/xdma_pcie.xdc \
#     65568DD132FE9C65231BCE50CA5F7364702E303659DB36AAAA1057C318282F6A \
#   xdc/boards/current/pins.xdc \
#     A8849CD13E75CAB2F509449617440ABE359BAA2B42ACAAE869BA25B581E6F8B9 \
#   xdc/boards/current/vdo_input_timing.xdc \
#     6B5E11BBB1556449CF00C85986FE77903B7852B495FCC3BE65D553C08E6E2E78 \
#   xdc/boards/current/pcie_pio.xdc \
#     BE7BFB70921AD272661071408C0820B4EC4BB60AB7C1102340011E57D8BE8503 \
#   xdc/boards/current/nvp_control.xdc \
#     B2AE6FA7446A094D68149A8016F89FD4E7F72CA438200772CF0E4B33D7E2F318 \
#   xdc/common/cdc.xdc \
#     E37500150FD91D324AA6488FB36DE6674561BF18DC220E3CD61CC0DA42C48A62 \
#   xdc/common/configuration_bank.xdc \
#     3F94073A8054B28FA4168FC6137430058FAE4EA46B3C5D035AFE637D2A135C68]
# set frozen_input_lines [list]
# foreach rel [lsort [array names frozen_sha256]] {
#   set actual [sha256_file [file join $repo_root $rel]]
#   if {$actual ne $frozen_sha256($rel)} {
#     error "frozen input SHA-256 mismatch for $rel: expected $frozen_sha256($rel), got $actual"
#   }
#   lappend frozen_input_lines "$actual|$rel"
# }
# set top_text [read_text [file join $repo_root rtl top ahd_capture_top_xdma.sv]]
# set r1e_regs_text [read_text [file join $repo_root rtl v41 r1e_measurement_regs.sv]]
# set tri_probe_text [read_text [file join $repo_root rtl v41 nvp_i2c_tri_phase_probe.sv]]
# set logger_text [read_text [file join $repo_root rtl v41 r1f_failed_txn_logger.sv]]
# set r1f_regs_text [read_text [file join $repo_root rtl v41 r1f_measurement_regs.sv]]
# set serial_text [read_text \
#   [file join $repo_root rtl nvp r1f_transaction_serial_counter.vhd]]
# require_exact_text $top_text \
#   {localparam[ \t]+integer[ \t]+NVP_AUTOINIT_CLK_HZ[ \t]*=[ \t]*62500000[ \t]*;} \
#   "AUTOINIT_CLOCK_HZ=62500000"
# require_exact_text $top_text {\.I2C_HZ\(25000\)} \
#   "AUTOINIT_I2C_HZ=25000"
# require_exact_text $top_text \
#   {\.ENABLE_MAREK_INIT_TABLE\(ENABLE_MAREK_INIT_TABLE\)} \
#   "ENABLE_MAREK_INIT_TABLE generic propagation"
# require_exact_text $tri_probe_text \
#   {parameter[ \t]+integer[ \t]+PROBE_I2C_HZ[ \t]*=[ \t]*25000} \
#   "R1f tri-phase PROBE_I2C_HZ=25000"
# require_exact_text $r1e_regs_text {64'd132584734} \
#   "EXPECTED_CNT_AT_INIT_DONE=132584734"
# require_exact_text $logger_text \
#   {input[ \t]+logic[ \t]+\[191:0\][ \t]+r1f_failed_txn_record} \
#   "R1F_FAILED_TXN_RECORD_WIDTH=192"
# require_exact_text $logger_text \
#   {logic[ \t]+\[191:0\][ \t]+record_mem[ \t]*\[0:63\]} \
#   "R1F_FAILED_TXN_LOG_CAPACITY=64"
# require_exact_text $serial_text \
#   {current_index[ \t]*:[ \t]*out[ \t]+std_logic_vector\(15 downto 0\)} \
#   "R1F_TRANSACTION_INDEX_WIDTH=16"
# require_exact_text $r1f_regs_text \
#   {14'h20b0:[ \t]+read_data[ \t]*=[ \t]*32'd192;} \
#   "R1F map record width=192"
# require_exact_text $r1f_regs_text \
#   {14'h20b8:[ \t]+read_data[ \t]*=[ \t]*32'd64;} \
#   "R1F map log capacity=64"
# require_exact_text $r1f_regs_text \
#   {14'h20bc:[ \t]+read_data[ \t]*=[ \t]*32'h00000007;} \
#   "R1F probe phase mask=WADDR_REGADDR_DATA"
# require_exact_text $r1f_regs_text \
#   {14'h20cc:[ \t]+read_data[ \t]*=[ \t]*32'd10000;} \
#   "R1F probe target opportunities per phase=10000"
# require_exact_text $r1f_regs_text \
#   {14'h20d0:[ \t]+read_data[ \t]*=[ \t]*32'd10;} \
#   "R1F probe blocks per phase=10"
# require_exact_text $r1f_regs_text \
#   {14'h20dc:[ \t]+read_data[ \t]*=[ \t]*32'd512;} \
#   "R1F probe NACK index capacity per phase=512"
# require_exact_text $tri_probe_text \
#   {localparam[ \t]+logic[ \t]+\[7:0\][ \t]+SAFE_BANK[ \t]*=[ \t]*8'h00;} \
#   "R1F safe probe bank=0x00"
# require_exact_text $tri_probe_text \
#   {localparam[ \t]+logic[ \t]+\[7:0\][ \t]+SAFE_REG[ \t]*=[ \t]*8'h85;} \
#   "R1F safe probe register=0x85"
# require_exact_text $tri_probe_text \
#   {localparam[ \t]+logic[ \t]+\[7:0\][ \t]+SAFE_DATA[ \t]*=[ \t]*8'h00;} \
#   "R1F safe probe data=0x00"
# require_exact_text $top_text \
#   {\.TARGET_OPPORTUNITIES_PER_PHASE\(10000\)} \
#   "top freezes 10000 target opportunities per probe phase"
# require_exact_text $top_text {\.BLOCK_COUNT_PER_PHASE\(10\)} \
#   "top freezes 10 blocks per probe phase"
# require_exact_text $top_text {\.NACK_INDEX_CAPACITY_PER_PHASE\(512\)} \
#   "top freezes 512 NACK indices per probe phase"
# require_exact_text $top_text \
#   {\.SAFE_PROBE_BANK\(8'h00\),[ \t]*\.SAFE_PROBE_REGISTER\(8'h85\)} \
#   "measurement map safe probe bank/register identity"
# require_exact_text $top_text \
#   {\.SAFE_PROBE_DATA\(8'h00\),[ \t]*\.SAFE_PROBE_TARGET_PROVEN\(1'b1\)} \
#   "measurement map safe probe data/proven target identity"
# set changed_output [exec git -C $repo_root -c core.quotepath=false \
#   diff --name-only $exact_r1e_base_commit $source_commit --]
# set changed_paths [list]
# foreach changed [split $changed_output "\n"] {
#   set changed [string trim $changed]
#   if {$changed ne ""} {
#     lappend changed_paths [string map [list "\\" "/"] $changed]
#   }
# }
# set required_manifest_sources [lsort -unique [concat \
#   $sv_rel_files $vhdl_rel_files $xdc_rel_files [list \
#     $xdma_rel_file \
#     scripts/v41/r1f_build.tcl \
#     scripts/v41/xdma_config_common.tcl] \
#   $changed_paths]]
# set required_log_labels [list \
#   PRE_INIT_EQUIVALENCE \
#   EFFECTIVE_PRE_INIT_ARBITRATION \
#   AUTOINIT_PHASE_AND_FAILED_TXN_SCOREBOARD \
#   LEGACY_FIRST8_RECONCILIATION \
#   TRANSACTION_INDEX_16 \
#   FAILED_TXN_LOGGER_64_65 \
#   TRI_PHASE_PROBE_SUCCESS \
#   TRI_PHASE_PROBE_ABORT_RESTORE \
#   TRI_PHASE_PROBE_SCL_TIMEOUT \
#   TRI_PHASE_PROBE_ATTEMPT_LIMIT \
#   TRI_PHASE_PROBE_SECONDARY_RESTORE_FAILURE \
#   TRI_PHASE_PROBE_INDEX_OVERFLOW \
#   TRI_PHASE_PROBE_IDLE_TIMEOUT \
#   R1F_REGISTER_MAP \
#   TOP_INTEGRATION \
#   INHERITED_POWER_TIMING \
#   INHERITED_D2B_SEQUENCE \
#   R1F_PRODUCTION_TIMING_MODEL \
#   HOST_TOOL_FIXTURES]
# set manifest_summary [verify_prebuild_manifest \
#   $prebuild_manifest $expected_prebuild_manifest_sha256 $repo_root \
#   $source_commit $source_tree $required_manifest_sources $required_log_labels]
# source $common_tcl
## namespace eval v41_xdma {
##   variable part xc7a35tcsg325-2
##   variable ip_vlnv xilinx.com:ip:xdma:4.2
## }
## proc v41_xdma::minimal_c2h_stream_config {} {
##   # XDMA v4.2 on the 7-series PCIe block rejects zero read/H2C channels;
##   # one is the minimum legal value. The application leaves H2C unused.
##   return [dict create \
##     CONFIG.pl_link_cap_max_link_speed {2.5_GT/s} \
##     CONFIG.pl_link_cap_max_link_width {X1} \
##     CONFIG.ref_clk_freq {100_MHz} \
##     CONFIG.sys_reset_polarity {ACTIVE_LOW} \
##     CONFIG.axi_data_width {64_bit} \
##     CONFIG.xdma_axi_intf_mm {AXI_Stream} \
##     CONFIG.xdma_rnum_chnl {1} \
##     CONFIG.xdma_wnum_chnl {1} \
##     CONFIG.xdma_num_usr_irq {1} \
##     CONFIG.axilite_master_en {true} \
##     CONFIG.axilite_master_scale {Kilobytes} \
##     CONFIG.axilite_master_size {128} \
##     CONFIG.pf0_device_id {7011} \
##     CONFIG.pf0_subsystem_vendor_id {10EE} \
##     CONFIG.pf0_subsystem_id {0007} \
##     CONFIG.pf0_class_code {058000} \
##     CONFIG.pf0_base_class_menu {Memory_controller} \
##     CONFIG.pf0_sub_class_interface_menu {Other_memory_controller} \
##     CONFIG.pcie_blk_locn {X0Y0}]
## }
## proc v41_xdma::configure_minimal_c2h_stream {ip} {
##   set config [minimal_c2h_stream_config]
##   set_property -dict $config $ip
##   foreach {property expected} $config {
##     set actual [get_property $property $ip]
##     if {$actual ne $expected} {
##       error "XDMA property mismatch for $property: expected '$expected', got '$actual'"
##     }
##   }
## }
# if {$v41_xdma::part ne $expected_part} {
#   error "shared XDMA part mismatch: expected $expected_part, got $v41_xdma::part"
# }
# set git_words [list]
# for {set word_index 0} {$word_index < 5} {incr word_index} {
#   set first [expr {$word_index * 8}]
#   lappend git_words [string range $source_commit $first [expr {$first + 7}]]
# }
# set reconstructed_commit [join $git_words ""]
# if {$reconstructed_commit ne $source_commit} {
#   error "provenance round trip failed: $reconstructed_commit != $source_commit"
# }
# set build_flags 32'h00000002
# set generics [join [list \
#   "SLOT_COUNT=2" \
#   "GIT_SHA_W0=32'h[lindex $git_words 0]" \
#   "GIT_SHA_W1=32'h[lindex $git_words 1]" \
#   "GIT_SHA_W2=32'h[lindex $git_words 2]" \
#   "GIT_SHA_W3=32'h[lindex $git_words 3]" \
#   "GIT_SHA_W4=32'h[lindex $git_words 4]" \
#   "BUILD_FLAGS=$build_flags" \
#   "ENABLE_MAREK_INIT_TABLE=1"] " "]
# set sentinel [file join $evidence_root R1F_ONE_CLEAN_BUILD_CONSUMED.marker]
# set bit_path [file join $evidence_root artifacts $bit_filename]
# if {[file exists $sentinel]} {
#   error "the sole R1f clean build was already consumed: $sentinel"
# }
# if {[file exists $bit_path]} {
#   error "R1f bit output already exists before the authorized build: $bit_path"
# }
# file mkdir $evidence_root
# write_lines [file join $evidence_root R1F_PRECONSUMPTION_IDENTITY.txt] [list \
#   "SOURCE_GIT_COMMIT=$source_commit" \
#   "SOURCE_GIT_TREE=$source_tree" \
#   "SOURCE_BRANCH=$actual_branch" \
#   "SOURCE_TREE_CLEAN=YES" \
#   "R1E_BASE_COMMIT=$exact_r1e_base_commit" \
#   "R1F_COMMITS_ABOVE_BASE=$source_commit_count" \
#   "VIVADO_VERSION_ACTUAL=$vivado_short" \
#   "VIVADO_SW_BUILD_ACTUAL=$vivado_sw_build" \
#   "PART_EXPECTED=$expected_part" \
#   "TOP_EXPECTED=$expected_top" \
#   "PREBUILD_MANIFEST_SHA256=$expected_prebuild_manifest_sha256" \
#   "PRECONSUMPTION_GATE=PASS"]
# write_lines [file join $evidence_root R1F_PREBUILD_MANIFEST_BINDING.txt] \
#   $manifest_summary
# file copy -force $prebuild_manifest \
#   [file join $evidence_root R1F_BOUND_PREBUILD_MANIFEST.txt]
# write_lines [file join $evidence_root R1F_FROZEN_INPUT_SHA256.txt] \
#   $frozen_input_lines
# set planned_inventory [list]
# set planned_index 0
# foreach rel $vhdl_rel_files {
#   lappend planned_inventory \
#     "[format %03d $planned_index]|VHDL|$rel|[sha256_file [file join $repo_root $rel]]"
#   incr planned_index
# }
# foreach rel $sv_rel_files {
#   lappend planned_inventory \
#     "[format %03d $planned_index]|SYSTEMVERILOG|$rel|[sha256_file [file join $repo_root $rel]]"
#   incr planned_index
# }
# lappend planned_inventory \
#   "[format %03d $planned_index]|XCI|$xdma_rel_file|[sha256_file $xdma_source]"
# incr planned_index
# foreach rel $xdc_rel_files {
#   lappend planned_inventory \
#     "[format %03d $planned_index]|XDC|$rel|[sha256_file [file join $repo_root $rel]]"
#   incr planned_index
# }
# write_lines [file join $evidence_root R1F_PLANNED_SOURCE_AND_CONSTRAINT_ORDER.txt] \
#   $planned_inventory
# write_lines [file join $evidence_root R1F_EXPECTED_RUNTIME_PROVENANCE.txt] [list \
#   "BIT_SOURCE_COMMIT=$source_commit" \
#   "BIT_SOURCE_TREE=$source_tree" \
#   "EXPECTED_GIT_SHA_W0=0x[lindex $git_words 0]" \
#   "EXPECTED_GIT_SHA_W1=0x[lindex $git_words 1]" \
#   "EXPECTED_GIT_SHA_W2=0x[lindex $git_words 2]" \
#   "EXPECTED_GIT_SHA_W3=0x[lindex $git_words 3]" \
#   "EXPECTED_GIT_SHA_W4=0x[lindex $git_words 4]" \
#   "EXPECTED_BUILD_FLAGS=0x00000002" \
#   "SLOT_COUNT=2" \
#   "ENABLE_MAREK_INIT_TABLE=1" \
#   "AUTOINIT_I2C_HZ=25000" \
#   "AUTOINIT_CLOCK_HZ=62500000" \
#   "EXPECTED_CNT_AT_INIT_DONE=132584734" \
#   "R1F_LOG_CAPACITY=64" \
#   "R1F_TRANSACTION_INDEX_WIDTH=16" \
#   "R1F_TABLE_SLOT_INDEX_WIDTH=16" \
#   "R1F_RECORD_WIDTH=192" \
#   "R1F_PROBE_PHASES=3" \
#   "R1F_PROBE_TARGET_OPPORTUNITIES_PER_PHASE=10000" \
#   "R1F_PROBE_BLOCKS_PER_PHASE=10" \
#   "R1F_PROBE_INDEX_LOG_CAPACITY_PER_PHASE=512" \
#   "R1F_PROBE_BANK=0x00" \
#   "R1F_PROBE_REGISTER=0x85" \
#   "R1F_PROBE_DATA=0x00" \
#   "RECONSTRUCTED_GIT_SHA=$reconstructed_commit" \
#   "PROVENANCE_ROUND_TRIP=PASS" \
#   "BUILD_FLAGS_MEANING=DIAGNOSTIC_SOURCE_IDENTITY_NO_PRODUCTION_MEANING" \
#   "VIVADO_GENERIC_STRING=$generics"]
# set sentinel_fh [open $sentinel {WRONLY CREAT EXCL}]
# fconfigure $sentinel_fh -encoding utf-8 -translation lf
# puts $sentinel_fh "R1F_ONE_CLEAN_BUILD_CONSUMED=YES"
# puts $sentinel_fh "SOURCE_GIT_COMMIT=$source_commit"
# puts $sentinel_fh "SOURCE_GIT_TREE=$source_tree"
# puts $sentinel_fh "PREBUILD_MANIFEST_SHA256=$expected_prebuild_manifest_sha256"
# puts $sentinel_fh "VIVADO_VERSION=$vivado_short"
# puts $sentinel_fh "VIVADO_SW_BUILD=$vivado_sw_build"
# puts $sentinel_fh "CONSUMED_BEFORE_CREATE_PROJECT=YES"
# puts $sentinel_fh \
#   "CONSUMED_UTC=[clock format [clock seconds] -gmt true -format {%Y-%m-%dT%H:%M:%SZ}]"
# close $sentinel_fh
create_project: Time (s): cpu = 00:00:32 ; elapsed = 00:00:39 . Memory (MB): peak = 539.781 ; gain = 224.531
INFO: [IP_Flow 19-234] Refreshing IP repositories
INFO: [IP_Flow 19-1704] No user IP repositories specified
INFO: [IP_Flow 19-2313] Loaded Vivado IP repository 'C:/AMDDesignTools/2025.2/Vivado/data/ip'.
import_ip: Time (s): cpu = 00:00:37 ; elapsed = 00:00:49 . Memory (MB): peak = 619.062 ; gain = 79.281
INFO: [IP_Flow 19-1686] Generating 'Instantiation Template' target for IP 'xdma_v41_m1'...
INFO: [IP_Flow 19-1686] Generating 'Synthesis' target for IP 'xdma_v41_m1'...
INFO: [IP_Flow 19-1686] Generating 'Simulation' target for IP 'xdma_v41_m1'...
INFO: [IP_Flow 19-1686] Generating 'Implementation' target for IP 'xdma_v41_m1'...
INFO: [IP_Flow 19-1686] Generating 'Change Log' target for IP 'xdma_v41_m1'...
generate_target: Time (s): cpu = 00:00:08 ; elapsed = 00:00:20 . Memory (MB): peak = 676.664 ; gain = 4.973
Command: synth_design -top ahd_capture_top_xdma -part xc7a35tcsg325-2 -flatten_hierarchy rebuilt
Starting synth_design
Attempting to get a license for feature 'Synthesis' and/or device 'xc7a35t'
INFO: [Common 17-349] Got license for feature 'Synthesis' and/or device 'xc7a35t'
INFO: [Device 21-403] Loading part xc7a35tcsg325-2
INFO: [Synth 8-7079] Multithreading enabled for synth_design using a maximum of 2 processes.
INFO: [Synth 8-7078] Launching helper process for spawning children vivado processes
INFO: [Synth 8-7075] Helper process launched with PID 25916
---------------------------------------------------------------------------------
Starting RTL Elaboration : Time (s): cpu = 00:00:33 ; elapsed = 00:00:42 . Memory (MB): peak = 1405.512 ; gain = 539.273
---------------------------------------------------------------------------------
INFO: [Synth 8-11241] undeclared symbol 'RdDeQ', assumed default net type 'wire' [c:/FPGA/V41_NVP_R1F_PHASE_COMPLETE_OBSERVABILITY_BUILD/vivado_project/v41_r1f_phase_complete_observability.gen/sources_1/ip/xdma_v41_m1/hdl/verilog/axidma_fifo.vh:179]
INFO: [Synth 8-11241] undeclared symbol 'cfg_config_space_enable', assumed default net type 'wire' [c:/FPGA/V41_NVP_R1F_PHASE_COMPLETE_OBSERVABILITY_BUILD/vivado_project/v41_r1f_phase_complete_observability.gen/sources_1/ip/xdma_v41_m1/xdma_v4_2/hdl/verilog/xdma_v41_m1_core_top.sv:4347]
INFO: [Synth 8-11241] undeclared symbol 'cfg_hot_reset_in', assumed default net type 'wire' [c:/FPGA/V41_NVP_R1F_PHASE_COMPLETE_OBSERVABILITY_BUILD/vivado_project/v41_r1f_phase_complete_observability.gen/sources_1/ip/xdma_v41_m1/xdma_v4_2/hdl/verilog/xdma_v41_m1_core_top.sv:4348]
INFO: [Synth 8-11241] undeclared symbol 'usr_irq_fail', assumed default net type 'wire' [c:/FPGA/V41_NVP_R1F_PHASE_COMPLETE_OBSERVABILITY_BUILD/vivado_project/v41_r1f_phase_complete_observability.gen/sources_1/ip/xdma_v41_m1/xdma_v4_2/hdl/verilog/xdma_v41_m1_core_top.sv:4838]
ERROR: [Synth 8-2757] this construct is only supported in VHDL 1076-2008 [C:/FPGA/WORKTREES/V41_NVP_R1F_PHASE_COMPLETE_OBSERVABILITY/rtl/nvp/nvp6134c_i2c_bringup.vhd:994]
INFO: [Synth 8-11252] unit 'rtl' is ignored due to previous errors [C:/FPGA/WORKTREES/V41_NVP_R1F_PHASE_COMPLETE_OBSERVABILITY/rtl/nvp/nvp6134c_i2c_bringup.vhd:1834]
INFO: [Synth 8-10443] VHDL file 'C:/FPGA/WORKTREES/V41_NVP_R1F_PHASE_COMPLETE_OBSERVABILITY/rtl/nvp/nvp6134c_i2c_bringup.vhd' is ignored due to errors
ERROR: [Synth 8-12189] Failed to read vhdl 'C:/FPGA/WORKTREES/V41_NVP_R1F_PHASE_COMPLETE_OBSERVABILITY/rtl/nvp/nvp6134c_i2c_bringup.vhd'
---------------------------------------------------------------------------------
Finished RTL Elaboration : Time (s): cpu = 00:00:53 ; elapsed = 00:01:08 . Memory (MB): peak = 1686.754 ; gain = 820.516
---------------------------------------------------------------------------------
RTL Elaboration failed
INFO: [Common 17-83] Releasing license: Synthesis
20 Infos, 0 Warnings, 0 Critical Warnings and 3 Errors encountered.
synth_design failed
synth_design: Time (s): cpu = 00:01:01 ; elapsed = 00:01:52 . Memory (MB): peak = 1686.754 ; gain = 1010.090
# set flow_rc [catch {
#   file mkdir $build_root
#   cd $build_root
# 
#   set project_name v41_r1f_phase_complete_observability
#   set project_dir [file join $build_root vivado_project]
#   create_project $project_name $project_dir -part $expected_part
#   set_property target_language Verilog [current_project]
#   set_property simulator_language Mixed [current_project]
#   set_property XPM_LIBRARIES {XPM_CDC XPM_MEMORY} [current_project]
#   config_ip_cache -use_cache_location [file join $build_root ip_cache]
# 
#   add_files -norecurse $sv_files
#   set_property FILE_TYPE SystemVerilog [get_files $sv_files]
#   add_files -norecurse $vhdl_files
# 
#   set input_xci_dir [file join $build_root input_xci]
#   file mkdir $input_xci_dir
#   set xdma_copy [file join $input_xci_dir xdma_v41_m1.xci]
#   file copy $xdma_source $xdma_copy
#   set xdma_source_sha [sha256_file $xdma_source]
#   set xdma_copy_preimport_sha [sha256_file $xdma_copy]
#   if {$xdma_source_sha ne $xdma_copy_preimport_sha} {
#     error "import-copy XDMA XCI differs from exact source before import"
#   }
#   import_ip -files $xdma_copy
#   set xdma_ip [get_ips -quiet xdma_v41_m1]
#   if {[llength $xdma_ip] != 1} {
#     error "expected exactly one imported XDMA IP"
#   }
#   v41_xdma::configure_minimal_c2h_stream $xdma_ip
#   set xdma_property_lines [list \
#     "SOURCE_XCI=$xdma_source" \
#     "SOURCE_XCI_SHA256=$xdma_source_sha" \
#     "PREIMPORT_COPY_SHA256=$xdma_copy_preimport_sha"]
#   dict for {property expected} [v41_xdma::minimal_c2h_stream_config] {
#     set actual [get_property $property $xdma_ip]
#     if {$actual ne $expected} {
#       error "queried imported XDMA property mismatch for $property: expected '$expected', got '$actual'"
#     }
#     lappend xdma_property_lines \
#       "$property|EXPECTED=$expected|ACTUAL=$actual|PASS"
#   }
#   set imported_xci [get_property IP_FILE $xdma_ip]
#   set imported_xci_object [get_files -quiet $imported_xci]
#   if {[llength $imported_xci_object] != 1} {
#     error "imported XDMA XCI object not found: $imported_xci"
#   }
#   set_property GENERATE_SYNTH_CHECKPOINT false $imported_xci_object
#   generate_target all $xdma_ip
#   lappend xdma_property_lines \
#     "GENERATE_SYNTH_CHECKPOINT=[get_property GENERATE_SYNTH_CHECKPOINT $imported_xci_object]"
#   write_lines [file join $evidence_root R1F_XDMA_IMPORTED_PROPERTY_AUDIT.txt] \
#     $xdma_property_lines
# 
#   add_files -fileset constrs_1 -norecurse $xdc_files
#   set_property PROCESSING_ORDER EARLY [get_files [lindex $xdc_files 0]]
#   set_property PROCESSING_ORDER LATE [get_files [lrange $xdc_files 1 end]]
# 
#   set top $expected_top
#   set_property top $top [get_filesets sources_1]
#   set_property generic $generics [get_filesets sources_1]
#   update_compile_order -fileset sources_1
# 
#   set queried_part [get_property PART [current_project]]
#   set queried_top [get_property TOP [get_filesets sources_1]]
#   set queried_generics [get_property GENERIC [get_filesets sources_1]]
#   if {$queried_part ne $expected_part || $queried_top ne $expected_top ||
#       $queried_generics ne $generics} {
#     error "queried project part/top/generic contract differs from frozen R1f configuration"
#   }
# 
#   set xdc_order_lines [list]
#   for {set index 0} {$index < [llength $xdc_files]} {incr index} {
#     set xdc_path [lindex $xdc_files $index]
#     set expected_order [expr {$index == 0 ? "EARLY" : "LATE"}]
#     set actual_order [get_property PROCESSING_ORDER [get_files $xdc_path]]
#     if {$actual_order ne $expected_order} {
#       error "XDC processing order mismatch for $xdc_path"
#     }
#     lappend xdc_order_lines \
#       "[format %02d $index]|$expected_order|[relative_path_from_repo $repo_root $xdc_path]|[sha256_file $xdc_path]"
#   }
#   write_lines [file join $evidence_root R1F_XDC_ORDER_AND_SHA256.txt] \
#     $xdc_order_lines
# 
#   set actual_compile_objects \
#     [get_files -compile_order sources -used_in synthesis]
#   set actual_compile_names [list]
#   set actual_compile_lines [list]
#   set compile_index 0
#   foreach object $actual_compile_objects {
#     set name [get_property NAME $object]
#     lappend actual_compile_names $name
#     lappend actual_compile_lines \
#       "[format %03d $compile_index]|[get_property FILE_TYPE $object]|$name"
#     incr compile_index
#   }
#   foreach required [concat $vhdl_files $sv_files] {
#     if {[compile_order_index $actual_compile_names $required] < 0} {
#       error "required synthesis source absent from queried compile order: $required"
#     }
#   }
#   set prior_index -1
#   foreach required $vhdl_files {
#     set this_index [compile_order_index $actual_compile_names $required]
#     if {$this_index <= $prior_index} {
#       error "queried VHDL analysis order violates frozen R1f dependency order"
#     }
#     set prior_index $this_index
#   }
#   set top_compile_index [compile_order_index $actual_compile_names \
#     [file join $repo_root rtl top ahd_capture_top_xdma.sv]]
#   foreach required [list \
#     [file join $repo_root rtl v41 nvp_i2c_tri_phase_probe.sv] \
#     [file join $repo_root rtl v41 r1f_failed_txn_logger.sv] \
#     [file join $repo_root rtl v41 r1f_measurement_regs.sv] \
#     [file join $repo_root rtl v41 control_status_regs.sv]] {
#     if {[compile_order_index $actual_compile_names $required] >=
#         $top_compile_index} {
#       error "R1f SystemVerilog dependency is not before the queried top compile unit: $required"
#     }
#   }
#   write_lines [file join $evidence_root R1F_QUERIED_SYNTHESIS_COMPILE_ORDER.txt] \
#     $actual_compile_lines
# 
#   write_lines [file join $evidence_root R1F_BUILD_PROVENANCE.txt] [list \
#     "SOURCE_GIT_COMMIT=$source_commit" \
#     "SOURCE_GIT_TREE=$source_tree" \
#     "SOURCE_BRANCH=$actual_branch" \
#     "SOURCE_TREE_CLEAN=YES" \
#     "BUILD_FLAGS=0x00000002" \
#     "GIT_SHA_W0=0x[lindex $git_words 0]" \
#     "GIT_SHA_W1=0x[lindex $git_words 1]" \
#     "GIT_SHA_W2=0x[lindex $git_words 2]" \
#     "GIT_SHA_W3=0x[lindex $git_words 3]" \
#     "GIT_SHA_W4=0x[lindex $git_words 4]" \
#     "VIVADO_VERSION_QUERIED=$vivado_short" \
#     "VIVADO_SW_BUILD_QUERIED=$vivado_sw_build" \
#     "PART_QUERIED=$queried_part" \
#     "TOP_QUERIED=$queried_top" \
#     "GENERICS_QUERIED=$queried_generics" \
#     "SLOT_COUNT=2" \
#     "ENABLE_MAREK_INIT_TABLE=1" \
#     "AUTOINIT_I2C_HZ=25000" \
#     "AUTOINIT_CLOCK_HZ=62500000" \
#     "EXPECTED_CNT_AT_INIT_DONE=132584734" \
#     "R1F_LOG_CAPACITY=64" \
#     "R1F_TRANSACTION_INDEX_WIDTH=16" \
#     "R1F_TABLE_SLOT_INDEX_WIDTH=16" \
#     "R1F_RECORD_WIDTH=192" \
#     "R1F_PROBE_PHASES=3" \
#     "R1F_PROBE_TARGET_OPPORTUNITIES_PER_PHASE=10000" \
#     "R1F_PROBE_BLOCKS_PER_PHASE=10" \
#     "R1F_PROBE_INDEX_LOG_CAPACITY_PER_PHASE=512" \
#     "R1F_PROBE_BANK=0x00" \
#     "R1F_PROBE_REGISTER=0x85" \
#     "R1F_PROBE_DATA=0x00" \
#     "XCI_SOURCE=$xdma_source" \
#     "XCI_SOURCE_SHA256=$xdma_source_sha" \
#     "PREBUILD_MANIFEST_SHA256=$expected_prebuild_manifest_sha256" \
#     "NO_INCREMENTAL_CHECKPOINT_INPUT=YES"]
# 
#   synth_design -top $top -part $expected_part -flatten_hierarchy rebuilt
#   set synthesized_cells [get_cells -quiet -hier]
#   set synthesized_nets [get_nets -quiet -hier]
#   set synthesis_status [expr {
#     [llength $synthesized_cells] > 0 && [llength $synthesized_nets] > 0
#       ? "PASS" : "FAIL"
#   }]
#   if {$synthesis_status ne "PASS"} {
#     error "queried post-synthesis netlist is empty"
#   }
#   write_checkpoint -force [file join $evidence_root R1F_synth.dcp]
#   report_utilization \
#     -file [file join $evidence_root R1F_utilization_post_synth.rpt]
#   report_timing_summary -delay_type min_max -max_paths 100 \
#     -file [file join $evidence_root R1F_timing_post_synth.rpt]
# 
#   opt_design -directive Explore
#   place_design -directive Explore
#   set leaf_cells \
#     [get_cells -quiet -hier -filter {PRIMITIVE_LEVEL == LEAF}]
#   set placed_cell_count 0
#   foreach cell $leaf_cells {
#     if {[safe_property $cell LOC] ni [list EMPTY NOT_AVAILABLE]} {
#       incr placed_cell_count
#     }
#   }
#   set place_status [expr {$placed_cell_count > 0 ? "PASS" : "FAIL"}]
#   if {$place_status ne "PASS"} {
#     error "queried placed primitive count is zero"
#   }
#   phys_opt_design -directive Explore
#   route_design -directive Explore
#   write_checkpoint -force [file join $evidence_root R1F_routed.dcp]
# 
#   set route_report [file join $evidence_root R1F_route_status.rpt]
#   set timing_report [file join $evidence_root R1F_timing_summary.rpt]
#   set drc_report [file join $evidence_root R1F_drc.rpt]
#   set bus_skew_report [file join $evidence_root R1F_bus_skew.rpt]
#   set cdc_report [file join $evidence_root R1F_cdc.rpt]
#   set util_report [file join $evidence_root R1F_utilization.rpt]
#   set power_report \
#     [file join $evidence_root R1F_power_aggregate_and_hierarchical.rpt]
# 
#   report_route_status -file $route_report
#   report_timing_summary -delay_type min_max -max_paths 1000 \
#     -file $timing_report
#   report_timing -delay_type max -max_paths 1000 -nworst 20 \
#     -file [file join $evidence_root R1F_timing_complete_setup.rpt]
#   report_timing -delay_type min -max_paths 1000 -nworst 20 \
#     -file [file join $evidence_root R1F_timing_complete_hold.rpt]
#   report_drc -file $drc_report
#   check_timing -verbose \
#     -file [file join $evidence_root R1F_check_timing.rpt]
#   report_exceptions -coverage \
#     -file [file join $evidence_root R1F_exception_coverage.rpt]
#   report_bus_skew -file $bus_skew_report
#   report_clock_interaction \
#     -file [file join $evidence_root R1F_clock_interaction.rpt]
#   report_cdc -details -file $cdc_report
#   report_utilization -file $util_report
#   report_utilization -hierarchical -hierarchical_depth 20 \
#     -file [file join $evidence_root R1F_utilization_hierarchical.rpt]
#   report_clock_utilization \
#     -file [file join $evidence_root R1F_clock_utilization.rpt]
#   report_design_analysis -congestion \
#     -file [file join $evidence_root R1F_congestion.rpt]
#   report_methodology \
#     -file [file join $evidence_root R1F_methodology.rpt]
#   report_power -hierarchical_depth 20 -file $power_report
#   report_io -file [file join $evidence_root R1F_io.rpt]
#   report_clocks -file [file join $evidence_root R1F_clocks.rpt]
#   report_property -file [file join $evidence_root R1F_design_properties.txt] \
#     [current_design]
# 
#   set nvp_io_ports [get_ports -quiet {nvp_scl nvp_sda}]
#   if {[llength $nvp_io_ports] != 2} {
#     error "expected exactly two NVP I2C ports"
#   }
#   set nvp_iobuf_cells [get_cells -quiet -hier -regexp \
#     {.*NVP_(SCL|SDA)_IOBUF.*}]
#   if {[llength $nvp_iobuf_cells] != 2} {
#     error "expected exactly two routed NVP IOBUF cells"
#   }
#   report_property \
#     -file [file join $evidence_root R1F_nvp_iobuf_properties.txt] \
#     $nvp_iobuf_cells
#   set nvp_t_pins [get_pins -quiet -of_objects $nvp_iobuf_cells \
#     -filter {REF_PIN_NAME == T}]
#   set nvp_o_pins [get_pins -quiet -of_objects $nvp_iobuf_cells \
#     -filter {REF_PIN_NAME == O}]
#   if {[llength $nvp_t_pins] != 2 || [llength $nvp_o_pins] != 2} {
#     error "NVP IOBUF T/O pin inventory is incomplete"
#   }
#   set nvp_oen_paths [get_timing_paths -quiet -delay_type max \
#     -to $nvp_t_pins -max_paths 16 -nworst 8]
#   if {[llength $nvp_oen_paths] == 0} {
#     error "OEN-to-NVP-IOBUF timing path class is empty"
#   }
#   report_timing -delay_type max -to $nvp_t_pins -max_paths 32 -nworst 16 \
#     -file [file join $evidence_root R1F_nvp_oen_to_iobuf_paths.rpt]
# 
#   set nvp_sync_cells [get_cells -quiet -hier -regexp \
#     {.*(sda_sync|scl_sync).*}]
#   if {[llength $nvp_sync_cells] < 8} {
#     error "expected at least eight inherited/probe SCL/SDA synchronizer cells"
#   }
#   set sync_placement_lines [list \
#     "SYNCHRONIZER_CELL_COUNT=[llength $nvp_sync_cells]"]
#   foreach cell [lsort -dictionary $nvp_sync_cells] {
#     lappend sync_placement_lines \
#       "CELL=[safe_property $cell NAME]|REF=[safe_property $cell REF_NAME]|LOC=[safe_property $cell LOC]|BEL=[safe_property $cell BEL]|ASYNC_REG=[safe_property $cell ASYNC_REG]|SHREG_EXTRACT=[safe_property $cell SHREG_EXTRACT]"
#   }
#   write_lines [file join $evidence_root R1F_nvp_synchronizer_placement.txt] \
#     $sync_placement_lines
#   set sync_first_cells [get_cells -quiet -hier -regexp \
#     {.*(sda_sync(_r)?|scl_sync(_r)?)_reg\[0\]$}]
#   set sync_first_d [get_pins -quiet -of_objects $sync_first_cells \
#     -filter {REF_PIN_NAME == D}]
#   if {[llength $sync_first_d] < 4} {
#     error "first-stage SCL/SDA synchronizer D-pin inventory is incomplete"
#   }
#   set pad_sync_paths [get_timing_paths -quiet -delay_type max \
#     -from $nvp_o_pins -to $sync_first_d -max_paths 16 -nworst 8]
#   if {[llength $pad_sync_paths] == 0} {
#     error "NVP-pad-to-synchronizer timing path class is empty"
#   }
#   report_timing -delay_type max -from $nvp_o_pins -to $sync_first_d \
#     -max_paths 32 -nworst 16 \
#     -file [file join $evidence_root R1F_nvp_pad_to_synchronizer_paths.rpt]
#   write_lines [file join $evidence_root R1F_nvp_output_fanin.txt] \
#     [lsort [get_property NAME [all_fanin -flat -to $nvp_t_pins]]]
#   write_lines [file join $evidence_root R1F_nvp_input_fanout.txt] \
#     [lsort [get_property NAME [all_fanout -flat -from $nvp_o_pins]]]
# 
#   set tri_probe_inventory [write_region_inventory $evidence_root \
#     POST_INIT_TRI_PHASE_PROBE {.*POST_INIT_TRI_PHASE_PROBE.*}]
#   set failed_logger_inventory [write_region_inventory $evidence_root \
#     R1F_FAILED_TXN_LOGGER {.*R1F_FAILED_TXN_LOGGER.*}]
#   set measurement_regs_inventory [write_region_inventory $evidence_root \
#     R1F_MEASUREMENT_REGS {.*R1F_MEASUREMENT_REGS.*}]
#   set serial_inventory [write_region_inventory $evidence_root \
#     R1F_TRANSACTION_SERIAL \
#     {.*(R1F_TRANSACTION_SERIAL|r1f_transaction_serial).*}]
#   set lifecycle_inventory [write_region_inventory $evidence_root \
#     LIFECYCLE_MONITOR {.*(LIFECYCLE_MONITOR|lifecycle).*}]
#   set autoinit_inventory [write_region_inventory $evidence_root \
#     NVP_AUTOINIT {.*(NVP_AUTOINIT|nvp_autoinit).*}]
# 
#   set vdo_ports [get_ports -quiet {vdo1_data[*]}]
#   if {[llength $vdo_ports] != 8} {
#     error "expected exactly eight VDO input ports"
#   }
#   report_timing -delay_type max -from $vdo_ports -max_paths 32 -nworst 4 \
#     -file [file join $evidence_root R1F_vdo_setup_paths.rpt]
#   report_timing -delay_type min -from $vdo_ports -max_paths 32 -nworst 4 \
#     -file [file join $evidence_root R1F_vdo_hold_paths.rpt]
# 
#   set worst_setup [get_timing_paths -quiet -delay_type max \
#     -max_paths 1 -nworst 1]
#   set worst_hold [get_timing_paths -quiet -delay_type min \
#     -max_paths 1 -nworst 1]
#   set vdo_setup [get_timing_paths -quiet -delay_type max -from $vdo_ports \
#     -max_paths 1 -nworst 1]
#   set vdo_hold [get_timing_paths -quiet -delay_type min -from $vdo_ports \
#     -max_paths 1 -nworst 1]
#   if {[llength $worst_setup] != 1 || [llength $worst_hold] != 1 ||
#       [llength $vdo_setup] != 1 || [llength $vdo_hold] != 1} {
#     error "required global or VDO timing path class is empty"
#   }
#   set wns [get_property SLACK $worst_setup]
#   set whs [get_property SLACK $worst_hold]
#   set vdo_wns [get_property SLACK $vdo_setup]
#   set vdo_whs [get_property SLACK $vdo_hold]
#   foreach value [list $wns $whs $vdo_wns $vdo_whs] {
#     if {![string is double -strict $value]} {
#       error "queried timing slack is not numeric: $value"
#     }
#   }
# 
#   set drc_errors 0
#   set drc_critical_warnings 0
#   set drc_warnings 0
#   set all_drc_violations [get_drc_violations -quiet]
#   foreach violation $all_drc_violations {
#     set severity [string toupper [get_property SEVERITY $violation]]
#     switch -- $severity {
#       ERROR { incr drc_errors }
#       {CRITICAL WARNING} { incr drc_critical_warnings }
#       WARNING { incr drc_warnings }
#     }
#   }
#   set reqp_checks [get_drc_checks -quiet REQP-1839]
#   if {[llength $reqp_checks] != 1} {
#     error "Vivado did not expose exactly one REQP-1839 DRC check object"
#   }
#   set reqp_check [lindex $reqp_checks 0]
#   report_property -all \
#     -file [file join $evidence_root R1F_REQP_1839_CHECK_PROPERTIES.txt] \
#     $reqp_check
#   set reqp_result_name R1F_REQP_1839_SEMANTIC
#   set reqp_semantic_report \
#     [file join $evidence_root R1F_REQP_1839_SEMANTIC.rpt]
#   report_drc -name $reqp_result_name -checks $reqp_check \
#     -file $reqp_semantic_report
#   set reqp_1839_objects [get_drc_violations -quiet \
#     -name $reqp_result_name {REQP-1839*}]
#   set reqp_1839_names [list]
#   if {[llength $reqp_1839_objects] != 0} {
#     set reqp_1839_names \
#       [lsort -dictionary -unique [get_property NAME $reqp_1839_objects]]
#   }
#   set reqp_1839_semantic_count [llength $reqp_1839_names]
#   set reqp_1839_raw_text_count \
#     [regexp -all {REQP-1839} [read_text $reqp_semantic_report]]
#   set reqp_1839_lines [list \
#     "REQP_1839_CHECK_OBJECT_COUNT=[llength $reqp_checks]" \
#     "REQP_1839_CHECK_OBJECT=[get_property NAME $reqp_check]" \
#     "REQP_1839_RESULT_NAME=$reqp_result_name" \
#     "REQP_1839_RETURNED_OBJECT_COUNT=[llength $reqp_1839_objects]" \
#     "REQP_1839_SEMANTIC_COUNT=$reqp_1839_semantic_count" \
#     "REQP_1839_RAW_TEXT_COUNT=$reqp_1839_raw_text_count" \
#     "REQP_1839_RAW_TEXT_COUNT_NOT_USED_AS_GATE=YES"]
#   set reqp_index 0
#   foreach violation_name $reqp_1839_names {
#     if {![string match "REQP-1839#*" $violation_name]} {
#       error "named REQP result exposed a foreign violation object: $violation_name"
#     }
#     set one_violation [get_drc_violations -quiet \
#       -name $reqp_result_name [list $violation_name]]
#     if {[llength $one_violation] != 1} {
#       error "per-violation REQP object cardinality failure: $violation_name"
#     }
#     report_property -all \
#       -file [file join $evidence_root \
#         [format "R1F_REQP_1839_VIOLATION_%02d_PROPERTIES.txt" $reqp_index]] \
#       $one_violation
#     lappend reqp_1839_lines \
#       "VIOLATION_INDEX=$reqp_index|OBJECT=$violation_name"
#     incr reqp_index
#   }
#   write_lines [file join $evidence_root R1F_REQP_1839_VIOLATION_OBJECTS.txt] \
#     $reqp_1839_lines
# 
#   set route_text [read_text $route_report]
#   set route_errors -1
#   if {![regexp -nocase \
#       {# of nets with routing errors[^:]*:[ \t]*([0-9]+)} \
#       $route_text -> route_errors]} {
#     regexp -nocase \
#       {number of nets with routing errors[^:]*:[ \t]*([0-9]+)} \
#       $route_text -> route_errors
#   }
#   set route_status [expr {$route_errors == 0 ? "PASS" : "FAIL"}]
#   set bus_skew_violations \
#     [regexp -all {Slack \(VIOLATED\)} [read_text $bus_skew_report]]
#   set cdc_text [read_text $cdc_report]
#   set cdc_critical [regexp -all -line \
#     {^CDC-[0-9]+[ \t]+Critical[ \t]+} $cdc_text]
#   set cdc_unknown [regexp -all -line \
#     {^CDC-[0-9]+[ \t]+Unknown[ \t]+} $cdc_text]
# 
#   set util_text [report_utilization -return_string]
#   lassign [utilization_row $util_text "Slice LUTs*"] \
#     lut_used lut_available
#   lassign [utilization_row $util_text "Slice Registers"] \
#     ff_used ff_available
#   lassign [utilization_row $util_text "Block RAM Tile"] \
#     bram_used bram_available
#   lassign [utilization_row $util_text "DSPs"] \
#     dsp_used dsp_available
#   set ramb36_used [llength \
#     [get_cells -quiet -hier -filter {REF_NAME == RAMB36E1}]]
#   set ramb18_used [llength \
#     [get_cells -quiet -hier -filter {REF_NAME == RAMB18E1}]]
#   set bufg_used [llength \
#     [get_cells -quiet -hier -filter {REF_NAME =~ BUFG*}]]
#   set mmcm_used [llength \
#     [get_cells -quiet -hier -filter {REF_NAME =~ MMCM*}]]
# 
#   array set ram_type_count {}
#   foreach cell $leaf_cells {
#     set ref_name [safe_property $cell REF_NAME]
#     if {[regexp {^(RAM|RAMB|SRL)} $ref_name]} {
#       if {![info exists ram_type_count($ref_name)]} {
#         set ram_type_count($ref_name) 0
#       }
#       incr ram_type_count($ref_name)
#     }
#   }
#   set ram_lines [list \
#     "RAMB36_USED=$ramb36_used" \
#     "RAMB18_USED=$ramb18_used"]
#   foreach ref_name [lsort [array names ram_type_count]] {
#     lappend ram_lines \
#       "REF_NAME=$ref_name|COUNT=$ram_type_count($ref_name)"
#   }
#   write_lines [file join $evidence_root R1F_ram_bram_distributed_inventory.txt] \
#     $ram_lines
# 
#   set implementation_gate PASS
#   if {$synthesis_status ne "PASS" ||
#       $place_status ne "PASS" ||
#       $route_status ne "PASS" ||
#       $route_errors != 0 ||
#       $wns < 0.0 ||
#       $whs <= 0.0 ||
#       $vdo_wns <= 0.0 ||
#       $vdo_whs <= 0.0 ||
#       $drc_errors != 0 ||
#       $drc_critical_warnings != 0 ||
#       $reqp_1839_semantic_count != 4 ||
#       $cdc_critical != 0 ||
#       $cdc_unknown != 0 ||
#       $bus_skew_violations != 0} {
#     set implementation_gate FAIL
#   }
# 
#   set bit_generated NO
#   set bit_sha256 NOT_GENERATED
#   set source_commit_to_bit_provenance NOT_APPLICABLE_NO_BIT
#   if {$implementation_gate eq "PASS"} {
#     file mkdir [file dirname $bit_path]
#     write_bitstream $bit_path
#     set bit_generated YES
#     set bit_sha256 [sha256_file $bit_path]
#     set source_commit_to_bit_provenance PASS
#   }
# 
#   write_lines [file join $evidence_root R1F_BUILD_RESULT.txt] [list \
#     "TASK=V41_NVP_R1F_PHASE_COMPLETE_OBSERVABILITY" \
#     "FULL_BUILDS=1" \
#     "SOURCE_GIT_COMMIT=$source_commit" \
#     "SOURCE_GIT_TREE=$source_tree" \
#     "SOURCE_BRANCH=$actual_branch" \
#     "VIVADO_VERSION=$vivado_short" \
#     "VIVADO_SW_BUILD=$vivado_sw_build" \
#     "PART=$queried_part" \
#     "TOP=$queried_top" \
#     "PROJECT_CREATION=PASS" \
#     "SYNTHESIS=$synthesis_status" \
#     "SYNTHESIZED_CELL_COUNT=[llength $synthesized_cells]" \
#     "SYNTHESIZED_NET_COUNT=[llength $synthesized_nets]" \
#     "PLACE=$place_status" \
#     "PLACED_PRIMITIVE_COUNT=$placed_cell_count" \
#     "ROUTE=$route_status" \
#     "ROUTE_ERRORS=$route_errors" \
#     "WNS=$wns" \
#     "WHS=$whs" \
#     "VDO_WNS=$vdo_wns" \
#     "VDO_WHS=$vdo_whs" \
#     "DRC_ERRORS=$drc_errors" \
#     "DRC_CRITICAL_WARNINGS=$drc_critical_warnings" \
#     "DRC_WARNINGS=$drc_warnings" \
#     "BUS_SKEW_VIOLATIONS=$bus_skew_violations" \
#     "CDC_CRITICAL=$cdc_critical" \
#     "CDC_UNKNOWN=$cdc_unknown" \
#     "REQP_1839_SEMANTIC_COUNT=$reqp_1839_semantic_count" \
#     "REQP_1839_RAW_TEXT_COUNT=$reqp_1839_raw_text_count" \
#     "REQP_1839_RAW_TEXT_COUNT_NOT_USED_AS_GATE=YES" \
#     "LUT_USED=$lut_used" \
#     "LUT_AVAILABLE=$lut_available" \
#     "FF_USED=$ff_used" \
#     "FF_AVAILABLE=$ff_available" \
#     "BRAM_TILE_USED=$bram_used" \
#     "BRAM_TILE_AVAILABLE=$bram_available" \
#     "RAMB36_USED=$ramb36_used" \
#     "RAMB18_USED=$ramb18_used" \
#     "DSP_USED=$dsp_used" \
#     "DSP_AVAILABLE=$dsp_available" \
#     "BUFG_USED=$bufg_used" \
#     "MMCM_USED=$mmcm_used" \
#     "POST_INIT_TRI_PHASE_PROBE_OBJECTS=$tri_probe_inventory" \
#     "R1F_FAILED_TXN_LOGGER_OBJECTS=$failed_logger_inventory" \
#     "R1F_MEASUREMENT_REGS_OBJECTS=$measurement_regs_inventory" \
#     "R1F_TRANSACTION_SERIAL_OBJECTS=$serial_inventory" \
#     "LIFECYCLE_MONITOR_OBJECTS=$lifecycle_inventory" \
#     "NVP_AUTOINIT_OBJECTS=$autoinit_inventory" \
#     "AUTOINIT_I2C_HZ=25000" \
#     "AUTOINIT_CLOCK_HZ=62500000" \
#     "EXPECTED_CNT_AT_INIT_DONE=132584734" \
#     "R1F_LOG_CAPACITY=64" \
#     "R1F_TRANSACTION_INDEX_WIDTH=16" \
#     "R1F_TABLE_SLOT_INDEX_WIDTH=16" \
#     "R1F_RECORD_WIDTH=192" \
#     "R1F_PROBE_PHASES=3" \
#     "R1F_PROBE_TARGET_OPPORTUNITIES_PER_PHASE=10000" \
#     "R1F_PROBE_BLOCKS_PER_PHASE=10" \
#     "R1F_PROBE_INDEX_LOG_CAPACITY_PER_PHASE=512" \
#     "R1F_PROBE_BANK=0x00" \
#     "R1F_PROBE_REGISTER=0x85" \
#     "R1F_PROBE_DATA=0x00" \
#     "NVP_TABLE_UNCHANGED=YES_HASH_BOUND" \
#     "FUNCTIONAL_FSM_UNCHANGED=YES_PREBUILD_BOUND" \
#     "POR_START_WATCHDOG_UNCHANGED=YES_PREBUILD_BOUND" \
#     "SDA_SCL_FILTERS_UNCHANGED=YES_PREBUILD_BOUND" \
#     "XDMA_XCI_UNCHANGED=YES_HASH_BOUND" \
#     "XDC_SET_UNCHANGED=YES_HASH_BOUND" \
#     "PREBUILD_MANIFEST_BINDING=PASS" \
#     "SOURCE_COMMIT_TO_BIT_PROVENANCE=$source_commit_to_bit_provenance" \
#     "R1F_ROUTED_DCP=[file join $evidence_root R1F_routed.dcp]" \
#     "BITSTREAM=$bit_path" \
#     "BITSTREAM_GENERATED=$bit_generated" \
#     "BITSTREAM_SHA256=$bit_sha256" \
#     "R1F_IMPLEMENTATION_GATE=$implementation_gate"]
# 
#   if {$implementation_gate ne "PASS"} {
#     error "R1f implementation gate failed; the one build is consumed and no bitstream was emitted"
#   }
# 
#   close_project
#   puts "R1F_IMPLEMENTATION_GATE=PASS"
#   puts "R1F_BITSTREAM_SHA256=$bit_sha256"
# } flow_error flow_options]
# if {$flow_rc != 0} {
#   catch {close_project}
#   set error_info UNKNOWN
#   if {[dict exists $flow_options -errorinfo]} {
#     set error_info [dict get $flow_options -errorinfo]
#   }
#   write_lines [file join $evidence_root R1F_BUILD_TERMINAL_FAILURE.txt] [list \
#     "R1F_ONE_CLEAN_BUILD_CONSUMED=YES" \
#     "SOURCE_GIT_COMMIT=$source_commit" \
#     "SOURCE_GIT_TREE=$source_tree" \
#     "PROGRAM_RETRY_AUTHORIZED=NO" \
#     "TERMINAL_ERROR=$flow_error" \
#     "ERROR_INFO_BEGIN" \
#     $error_info \
#     "ERROR_INFO_END"]
#   puts stderr "R1F_ONE_CLEAN_BUILD_CONSUMED=YES"
#   puts stderr "R1F_BUILD_TERMINAL_FAILURE=$flow_error"
#   exit 1
# }
R1F_ONE_CLEAN_BUILD_CONSUMED=YES
R1F_BUILD_TERMINAL_FAILURE=ERROR: [Common 17-69] Command failed: Synthesis failed - please see the console or run log file for details

INFO: [Common 17-206] Exiting Vivado at Mon Aug 24 13:13:51 2026...
