#-----------------------------------------------------------
# xsim v2025.2 (64-bit)
# SW Build 6299465 on Fri Nov 14 19:35:11 GMT 2025
# IP Build 6300035 on Fri Nov 14 10:48:45 MST 2025
# SharedData Build 6298862 on Thu Nov 13 04:50:51 MST 2025
# Start of session at: Sun Aug 23 01:17:00 2026
# Process ID         : 26464
# Current directory  : C:/FPGA/V41_NVP_R1E_EXTENDED_OBSERVABILITY_R1/06_SIMULATION/work
# Command line       : xsim.exe -log C:\FPGA\V41_NVP_R1E_EXTENDED_OBSERVABILITY_R1\06_SIMULATION\probe_10k\simulation.log -mode tcl -source {xsim.dir/r1e_probe_10k_sim/xsim_script.tcl}
# Log file           : C:/FPGA/V41_NVP_R1E_EXTENDED_OBSERVABILITY_R1/06_SIMULATION/probe_10k/simulation.log
# Journal file       : C:/FPGA/V41_NVP_R1E_EXTENDED_OBSERVABILITY_R1/06_SIMULATION/work\xsim.jou
# Running On         : NBLSUDUL
# Platform           : Windows Server 2016 or Windows 10
# Operating System   : 19045
# Processor Detail   : Intel(R) Core(TM) i7-7500U CPU @ 2.70GHz
# CPU Frequency      : 2904 MHz
# CPU Physical cores : 2
# CPU Logical cores  : 4
# Host memory        : 17028 MB
# Swap memory        : 4202 MB
# Total Virtual      : 21230 MB
# Available Virtual  : 6722 MB
#-----------------------------------------------------------
source xsim.dir/r1e_probe_10k_sim/xsim_script.tcl
# xsim {r1e_probe_10k_sim} -autoloadwcfg -runall
Time resolution is 1 ps
run -all
R1E_PROBE_10K_TEST=PASS COUNT=10000 ACK=10000 NACK=0 TIMEOUT=0
TRANSACTIONS=10000 ADDRESS_BYTE=60 REGISTER_BYTES=0 DATA_BYTES=0 READ_ADDRESS_BYTES=0 REPEATED_STARTS=0
$finish called at time : 2760037 ns : File "C:/FPGA/WORKTREES/V41_NVP_R1E_EXTENDED_OBSERVABILITY_R1/tb/v41/tb_r1e_probe_10k.sv" Line 44
exit
INFO: [Common 17-206] Exiting xsim at Sun Aug 23 01:17:07 2026...
