Copyright 1986-2022 Xilinx, Inc. All Rights Reserved. Copyright 2022-2025 Advanced Micro Devices, Inc. All Rights Reserved.
---------------------------------------------------------------------------------------------------------------------------------------------
| Tool Version : Vivado v.2025.2 (win64) Build 6299465 Fri Nov 14 19:35:11 GMT 2025
| Date         : Fri Aug 28 08:15:53 2026
| Host         : <BUILD_HOST> running 64-bit major release  (build 9200)
| Command      : report_bus_skew -warn_on_violation -file <BUILD_EVIDENCE_ROOT>/BUS_SKEW.rpt
| Design       : ahd_capture_top_xdma
| Device       : 7a35t-csg325
| Speed File   : -2  PRODUCTION 1.23 2018-06-13
| Design State : Routed
---------------------------------------------------------------------------------------------------------------------------------------------

Bus Skew Report

Table of Contents
-----------------
1. Bus Skew Report Summary
2. Bus Skew Report Per Constraint

1. Bus Skew Report Summary
--------------------------

Id  Position  From                            To                              Corner  Requirement(ns)  Actual(ns)  Slack(ns)
--  --------  ------------------------------  ------------------------------  ------  ---------------  ----------  ---------
1   31        [get_cells -quiet -hier -regexp {.*MAILBOX/cfg_hold_pcie_reg\[[0-9]+\]}]
                                              [get_cells -quiet -hier -regexp {.*MAILBOX/nvp_cfg_(abort|arm|capture_generation|clear_errors|line_count_requested|single_line|target_line|window_16_lines)_reg(\[[0-9]+\])?}]
                                                                              Slow              3.000       0.961      2.039
2   33        [get_cells -quiet -hier -regexp {.*MAILBOX/status_hold_nvp_reg\[[0-9]+\]}]
                                              [get_cells -quiet -hier -regexp {.*MAILBOX/status_bus_pcie_reg\[[0-9]+\]}]
                                                                              Slow              3.000       1.590      1.410
3   36        [get_cells -quiet -hier -regexp {.*(active_sav_gray_nvp_reg|slot_commit_gray_nvp_reg|vclk_edge_gray_nvp_reg)\[[0-9]+\]}]
                                              [get_pins -quiet -of_objects [get_cells -quiet -hier -regexp {.*(active_sav_gray_sync1_pcie_reg|slot_commit_gray_sync1_pcie_reg|vclk_edge_gray_sync1_user_reg)\[[0-9]+\]}] -filter {REF_PIN_NAME == D}]
                                                                              Slow              3.000       1.015      1.985


2. Bus Skew Report Per Constraint
---------------------------------

Id: 1
set_bus_skew -from [get_cells -quiet -hier -regexp {.*MAILBOX/cfg_hold_pcie_reg\[[0-9]+\]}] -to [get_cells -quiet -hier -regexp {.*MAILBOX/nvp_cfg_(abort|arm|capture_generation|clear_errors|line_count_requested|single_line|target_line|window_16_lines)_reg(\[[0-9]+\])?}] 3.000
Requirement: 3.000ns
Endpoints: 74

From Clock            To Clock              Endpoint Pin                    Reference Pin                   Corner  Actual(ns)  Slack(ns)
--------------------  --------------------  ------------------------------  ------------------------------  ------  ----------  ---------
userclk1              nvp_vclk1             CAPTURE_SUBSYSTEM/MAILBOX/nvp_cfg_line_count_requested_reg[1]/D
                                                                            CAPTURE_SUBSYSTEM/MAILBOX/nvp_cfg_capture_generation_reg[16]/D
                                                                                                            Slow         0.961      2.039


Slack (MET) :             2.039ns  (requirement - actual skew)
  Endpoint Source:        CAPTURE_SUBSYSTEM/MAILBOX/cfg_hold_pcie_reg[6]/C
                            (rising edge-triggered cell FDRE clocked by userclk1)
  Endpoint Destination:   CAPTURE_SUBSYSTEM/MAILBOX/nvp_cfg_line_count_requested_reg[1]/D
                            (rising edge-triggered cell FDRE clocked by nvp_vclk1)
  Reference Source:       CAPTURE_SUBSYSTEM/MAILBOX/cfg_hold_pcie_reg[58]/C
                            (rising edge-triggered cell FDRE clocked by userclk1)
  Reference Destination:  CAPTURE_SUBSYSTEM/MAILBOX/nvp_cfg_capture_generation_reg[16]/D
                            (rising edge-triggered cell FDRE clocked by nvp_vclk1)
  Path Type:              Bus Skew (Max at Slow Process Corner)
  Requirement:            3.000ns
  Endpoint Relative Delay:    2.493ns
  Reference Relative Delay:   0.999ns
  Relative CRPR:              0.533ns
  Actual Bus Skew:            0.961ns  (Endpoint Relative Delay - Reference Relative Delay - Relative CRPR)

Endpoint path:
    Location             Delay type                Incr(ns)  Path(ns)    Netlist Resource(s)
  -------------------------------------------------------------------    -------------------
                         (clock userclk1 rise edge)
                                                      0.000     0.000 r  
    GTPE2_CHANNEL_X0Y3   GTPE2_CHANNEL                0.000     0.000 r  XDMA/inst/xdma_v41_m1_pcie2_to_pcie3_wrapper_i/pcie2_ip_i/inst/inst/gt_top_i/pipe_wrapper_i/pipe_lane[0].gt_wrapper_i/gtp_channel.gtpe2_channel_i/TXOUTCLK
                         net (fo=1, routed)           1.209     1.209    XDMA/inst/xdma_v41_m1_pcie2_to_pcie3_wrapper_i/pcie2_ip_i/inst/inst/gt_top_i/pipe_wrapper_i/pipe_clock_int.pipe_clock_i/txoutclk_i.txoutclk_i_0
    BUFGCTRL_X0Y20       BUFG (Prop_bufg_I_O)         0.081     1.290 r  XDMA/inst/xdma_v41_m1_pcie2_to_pcie3_wrapper_i/pcie2_ip_i/inst/inst/gt_top_i/pipe_wrapper_i/pipe_clock_int.pipe_clock_i/txoutclk_i.txoutclk_i/O
                         net (fo=1, routed)           1.391     2.681    XDMA/inst/xdma_v41_m1_pcie2_to_pcie3_wrapper_i/pcie2_ip_i/inst/inst/gt_top_i/pipe_wrapper_i/pipe_clock_int.pipe_clock_i/refclk
    MMCME2_ADV_X0Y0      MMCME2_ADV (Prop_mmcme2_adv_CLKIN1_CLKOUT2)
                                                      0.077     2.757 r  XDMA/inst/xdma_v41_m1_pcie2_to_pcie3_wrapper_i/pcie2_ip_i/inst/inst/gt_top_i/pipe_wrapper_i/pipe_clock_int.pipe_clock_i/mmcm_i/CLKOUT2
                         net (fo=1, routed)           1.425     4.182    XDMA/inst/xdma_v41_m1_pcie2_to_pcie3_wrapper_i/pcie2_ip_i/inst/inst/gt_top_i/pipe_wrapper_i/pipe_clock_int.pipe_clock_i/userclk1
    BUFGCTRL_X0Y0        BUFG (Prop_bufg_I_O)         0.081     4.263 r  XDMA/inst/xdma_v41_m1_pcie2_to_pcie3_wrapper_i/pcie2_ip_i/inst/inst/gt_top_i/pipe_wrapper_i/pipe_clock_int.pipe_clock_i/userclk1_i1.usrclk1_i1/O
                         net (fo=20054, routed)       1.350     5.613    CAPTURE_SUBSYSTEM/MAILBOX/axi_aclk
    SLICE_X38Y62         FDRE                                         r  CAPTURE_SUBSYSTEM/MAILBOX/cfg_hold_pcie_reg[6]/C
  -------------------------------------------------------------------    -------------------
    SLICE_X38Y62         FDRE (Prop_fdre_C_Q)         0.433     6.046 r  CAPTURE_SUBSYSTEM/MAILBOX/cfg_hold_pcie_reg[6]/Q
                         net (fo=1, routed)           0.714     6.761    CAPTURE_SUBSYSTEM/MAILBOX/cfg_hold_pcie_reg_n_0_[6]
    SLICE_X39Y62         FDRE                                         r  CAPTURE_SUBSYSTEM/MAILBOX/nvp_cfg_line_count_requested_reg[1]/D
  -------------------------------------------------------------------    -------------------

                         (clock nvp_vclk1 rise edge)
                                                      0.000     0.000 r  
    E13                                               0.000     0.000 r  vclk1 (IN)
                         net (fo=0)                   0.000     0.000    NVP_PHYSICAL_FRONTEND/vclk1
    E13                  IBUF (Prop_ibuf_I_O)         1.394     1.394 r  NVP_PHYSICAL_FRONTEND/u_vclk1_ibuf/O
                         net (fo=3, routed)           1.604     2.998    NVP_PHYSICAL_FRONTEND/vclk1_ibuf
    BUFGCTRL_X0Y17       BUFG (Prop_bufg_I_O)         0.077     3.075 r  NVP_PHYSICAL_FRONTEND/u_vclk1_bufg/O
                         net (fo=1729, routed)        1.239     4.315    CAPTURE_SUBSYSTEM/MAILBOX/nvp_clk
    SLICE_X39Y62         FDRE                                         r  CAPTURE_SUBSYSTEM/MAILBOX/nvp_cfg_line_count_requested_reg[1]/C
                         clock pessimism              0.000     4.315    
    SLICE_X39Y62         FDRE (Setup_fdre_C_D)       -0.047     4.268    CAPTURE_SUBSYSTEM/MAILBOX/nvp_cfg_line_count_requested_reg[1]
  -------------------------------------------------------------------
                         data arrival                           6.761    
                         clock arrival                          4.268    
  -------------------------------------------------------------------
                         relative delay                         2.493    

Reference path:
    Location             Delay type                Incr(ns)  Path(ns)    Netlist Resource(s)
  -------------------------------------------------------------------    -------------------
                         (clock userclk1 rise edge)
                                                      0.000     0.000 r  
    GTPE2_CHANNEL_X0Y3   GTPE2_CHANNEL                0.000     0.000 r  XDMA/inst/xdma_v41_m1_pcie2_to_pcie3_wrapper_i/pcie2_ip_i/inst/inst/gt_top_i/pipe_wrapper_i/pipe_lane[0].gt_wrapper_i/gtp_channel.gtpe2_channel_i/TXOUTCLK
                         net (fo=1, routed)           1.150     1.150    XDMA/inst/xdma_v41_m1_pcie2_to_pcie3_wrapper_i/pcie2_ip_i/inst/inst/gt_top_i/pipe_wrapper_i/pipe_clock_int.pipe_clock_i/txoutclk_i.txoutclk_i_0
    BUFGCTRL_X0Y20       BUFG (Prop_bufg_I_O)         0.077     1.227 r  XDMA/inst/xdma_v41_m1_pcie2_to_pcie3_wrapper_i/pcie2_ip_i/inst/inst/gt_top_i/pipe_wrapper_i/pipe_clock_int.pipe_clock_i/txoutclk_i.txoutclk_i/O
                         net (fo=1, routed)           1.286     2.513    XDMA/inst/xdma_v41_m1_pcie2_to_pcie3_wrapper_i/pcie2_ip_i/inst/inst/gt_top_i/pipe_wrapper_i/pipe_clock_int.pipe_clock_i/refclk
    MMCME2_ADV_X0Y0      MMCME2_ADV (Prop_mmcme2_adv_CLKIN1_CLKOUT2)
                                                      0.073     2.586 r  XDMA/inst/xdma_v41_m1_pcie2_to_pcie3_wrapper_i/pcie2_ip_i/inst/inst/gt_top_i/pipe_wrapper_i/pipe_clock_int.pipe_clock_i/mmcm_i/CLKOUT2
                         net (fo=1, routed)           1.357     3.944    XDMA/inst/xdma_v41_m1_pcie2_to_pcie3_wrapper_i/pcie2_ip_i/inst/inst/gt_top_i/pipe_wrapper_i/pipe_clock_int.pipe_clock_i/userclk1
    BUFGCTRL_X0Y0        BUFG (Prop_bufg_I_O)         0.077     4.021 r  XDMA/inst/xdma_v41_m1_pcie2_to_pcie3_wrapper_i/pcie2_ip_i/inst/inst/gt_top_i/pipe_wrapper_i/pipe_clock_int.pipe_clock_i/userclk1_i1.usrclk1_i1/O
                         net (fo=20054, routed)       1.249     5.270    CAPTURE_SUBSYSTEM/MAILBOX/axi_aclk
    SLICE_X53Y57         FDRE                                         r  CAPTURE_SUBSYSTEM/MAILBOX/cfg_hold_pcie_reg[58]/C
  -------------------------------------------------------------------    -------------------
    SLICE_X53Y57         FDRE (Prop_fdre_C_Q)         0.304     5.574 r  CAPTURE_SUBSYSTEM/MAILBOX/cfg_hold_pcie_reg[58]/Q
                         net (fo=1, routed)           0.211     5.785    CAPTURE_SUBSYSTEM/MAILBOX/cfg_hold_pcie_reg_n_0_[58]
    SLICE_X52Y56         FDRE                                         r  CAPTURE_SUBSYSTEM/MAILBOX/nvp_cfg_capture_generation_reg[16]/D
  -------------------------------------------------------------------    -------------------

                         (clock nvp_vclk1 rise edge)
                                                      0.000     0.000 r  
    E13                                               0.000     0.000 r  vclk1 (IN)
                         net (fo=0)                   0.000     0.000    NVP_PHYSICAL_FRONTEND/vclk1
    E13                  IBUF (Prop_ibuf_I_O)         1.461     1.461 r  NVP_PHYSICAL_FRONTEND/u_vclk1_ibuf/O
                         net (fo=3, routed)           1.693     3.154    NVP_PHYSICAL_FRONTEND/vclk1_ibuf
    BUFGCTRL_X0Y17       BUFG (Prop_bufg_I_O)         0.081     3.235 r  NVP_PHYSICAL_FRONTEND/u_vclk1_bufg/O
                         net (fo=1729, routed)        1.356     4.591    CAPTURE_SUBSYSTEM/MAILBOX/nvp_clk
    SLICE_X52Y56         FDRE                                         r  CAPTURE_SUBSYSTEM/MAILBOX/nvp_cfg_capture_generation_reg[16]/C
                         clock pessimism              0.000     4.591    
    SLICE_X52Y56         FDRE (Hold_fdre_C_D)         0.195     4.786    CAPTURE_SUBSYSTEM/MAILBOX/nvp_cfg_capture_generation_reg[16]
  -------------------------------------------------------------------
                         data arrival                           5.785    
                         clock arrival                          4.786    
  -------------------------------------------------------------------
                         relative delay                         0.999    



Id: 2
set_bus_skew -from [get_cells -quiet -hier -regexp {.*MAILBOX/status_hold_nvp_reg\[[0-9]+\]}] -to [get_cells -quiet -hier -regexp {.*MAILBOX/status_bus_pcie_reg\[[0-9]+\]}] 3.000
Requirement: 3.000ns
Endpoints: 291

From Clock            To Clock              Endpoint Pin                    Reference Pin                   Corner  Actual(ns)  Slack(ns)
--------------------  --------------------  ------------------------------  ------------------------------  ------  ----------  ---------
nvp_vclk1             userclk1              CAPTURE_SUBSYSTEM/MAILBOX/status_bus_pcie_reg[112]/D
                                                                            CAPTURE_SUBSYSTEM/MAILBOX/status_bus_pcie_reg[162]/D
                                                                                                            Slow         1.590      1.410


Slack (MET) :             1.410ns  (requirement - actual skew)
  Endpoint Source:        CAPTURE_SUBSYSTEM/MAILBOX/status_hold_nvp_reg[112]/C
                            (rising edge-triggered cell FDRE clocked by nvp_vclk1)
  Endpoint Destination:   CAPTURE_SUBSYSTEM/MAILBOX/status_bus_pcie_reg[112]/D
                            (rising edge-triggered cell FDRE clocked by userclk1)
  Reference Source:       CAPTURE_SUBSYSTEM/MAILBOX/status_hold_nvp_reg[162]/C
                            (rising edge-triggered cell FDRE clocked by nvp_vclk1)
  Reference Destination:  CAPTURE_SUBSYSTEM/MAILBOX/status_bus_pcie_reg[162]/D
                            (rising edge-triggered cell FDRE clocked by userclk1)
  Path Type:              Bus Skew (Max at Slow Process Corner)
  Requirement:            3.000ns
  Endpoint Relative Delay:    1.165ns
  Reference Relative Delay:  -0.959ns
  Relative CRPR:              0.533ns
  Actual Bus Skew:            1.590ns  (Endpoint Relative Delay - Reference Relative Delay - Relative CRPR)

Endpoint path:
    Location             Delay type                Incr(ns)  Path(ns)    Netlist Resource(s)
  -------------------------------------------------------------------    -------------------
                         (clock nvp_vclk1 rise edge)
                                                      0.000     0.000 r  
    E13                                               0.000     0.000 r  vclk1 (IN)
                         net (fo=0)                   0.000     0.000    NVP_PHYSICAL_FRONTEND/vclk1
    E13                  IBUF (Prop_ibuf_I_O)         1.461     1.461 r  NVP_PHYSICAL_FRONTEND/u_vclk1_ibuf/O
                         net (fo=3, routed)           1.693     3.154    NVP_PHYSICAL_FRONTEND/vclk1_ibuf
    BUFGCTRL_X0Y17       BUFG (Prop_bufg_I_O)         0.081     3.235 r  NVP_PHYSICAL_FRONTEND/u_vclk1_bufg/O
                         net (fo=1729, routed)        1.349     4.584    CAPTURE_SUBSYSTEM/MAILBOX/nvp_clk
    SLICE_X56Y67         FDRE                                         r  CAPTURE_SUBSYSTEM/MAILBOX/status_hold_nvp_reg[112]/C
  -------------------------------------------------------------------    -------------------
    SLICE_X56Y67         FDRE (Prop_fdre_C_Q)         0.398     4.982 r  CAPTURE_SUBSYSTEM/MAILBOX/status_hold_nvp_reg[112]/Q
                         net (fo=2, routed)           1.242     6.224    CAPTURE_SUBSYSTEM/MAILBOX/status_hold_nvp_reg[323]_0[109]
    SLICE_X44Y63         FDRE                                         r  CAPTURE_SUBSYSTEM/MAILBOX/status_bus_pcie_reg[112]/D
  -------------------------------------------------------------------    -------------------

                         (clock userclk1 rise edge)
                                                      0.000     0.000 r  
    GTPE2_CHANNEL_X0Y3   GTPE2_CHANNEL                0.000     0.000 r  XDMA/inst/xdma_v41_m1_pcie2_to_pcie3_wrapper_i/pcie2_ip_i/inst/inst/gt_top_i/pipe_wrapper_i/pipe_lane[0].gt_wrapper_i/gtp_channel.gtpe2_channel_i/TXOUTCLK
                         net (fo=1, routed)           1.150     1.150    XDMA/inst/xdma_v41_m1_pcie2_to_pcie3_wrapper_i/pcie2_ip_i/inst/inst/gt_top_i/pipe_wrapper_i/pipe_clock_int.pipe_clock_i/txoutclk_i.txoutclk_i_0
    BUFGCTRL_X0Y20       BUFG (Prop_bufg_I_O)         0.077     1.227 r  XDMA/inst/xdma_v41_m1_pcie2_to_pcie3_wrapper_i/pcie2_ip_i/inst/inst/gt_top_i/pipe_wrapper_i/pipe_clock_int.pipe_clock_i/txoutclk_i.txoutclk_i/O
                         net (fo=1, routed)           1.286     2.513    XDMA/inst/xdma_v41_m1_pcie2_to_pcie3_wrapper_i/pcie2_ip_i/inst/inst/gt_top_i/pipe_wrapper_i/pipe_clock_int.pipe_clock_i/refclk
    MMCME2_ADV_X0Y0      MMCME2_ADV (Prop_mmcme2_adv_CLKIN1_CLKOUT2)
                                                      0.073     2.586 r  XDMA/inst/xdma_v41_m1_pcie2_to_pcie3_wrapper_i/pcie2_ip_i/inst/inst/gt_top_i/pipe_wrapper_i/pipe_clock_int.pipe_clock_i/mmcm_i/CLKOUT2
                         net (fo=1, routed)           1.357     3.944    XDMA/inst/xdma_v41_m1_pcie2_to_pcie3_wrapper_i/pcie2_ip_i/inst/inst/gt_top_i/pipe_wrapper_i/pipe_clock_int.pipe_clock_i/userclk1
    BUFGCTRL_X0Y0        BUFG (Prop_bufg_I_O)         0.077     4.021 r  XDMA/inst/xdma_v41_m1_pcie2_to_pcie3_wrapper_i/pcie2_ip_i/inst/inst/gt_top_i/pipe_wrapper_i/pipe_clock_int.pipe_clock_i/userclk1_i1.usrclk1_i1/O
                         net (fo=20054, routed)       1.242     5.263    CAPTURE_SUBSYSTEM/MAILBOX/axi_aclk
    SLICE_X44Y63         FDRE                                         r  CAPTURE_SUBSYSTEM/MAILBOX/status_bus_pcie_reg[112]/C
                         clock pessimism              0.000     5.263    
    SLICE_X44Y63         FDRE (Setup_fdre_C_D)       -0.203     5.060    CAPTURE_SUBSYSTEM/MAILBOX/status_bus_pcie_reg[112]
  -------------------------------------------------------------------
                         data arrival                           6.224    
                         clock arrival                          5.060    
  -------------------------------------------------------------------
                         relative delay                         1.165    

Reference path:
    Location             Delay type                Incr(ns)  Path(ns)    Netlist Resource(s)
  -------------------------------------------------------------------    -------------------
                         (clock nvp_vclk1 rise edge)
                                                      0.000     0.000 r  
    E13                                               0.000     0.000 r  vclk1 (IN)
                         net (fo=0)                   0.000     0.000    NVP_PHYSICAL_FRONTEND/vclk1
    E13                  IBUF (Prop_ibuf_I_O)         1.394     1.394 r  NVP_PHYSICAL_FRONTEND/u_vclk1_ibuf/O
                         net (fo=3, routed)           1.604     2.998    NVP_PHYSICAL_FRONTEND/vclk1_ibuf
    BUFGCTRL_X0Y17       BUFG (Prop_bufg_I_O)         0.077     3.075 r  NVP_PHYSICAL_FRONTEND/u_vclk1_bufg/O
                         net (fo=1729, routed)        1.238     4.314    CAPTURE_SUBSYSTEM/MAILBOX/nvp_clk
    SLICE_X51Y69         FDRE                                         r  CAPTURE_SUBSYSTEM/MAILBOX/status_hold_nvp_reg[162]/C
  -------------------------------------------------------------------    -------------------
    SLICE_X51Y69         FDRE (Prop_fdre_C_Q)         0.304     4.618 r  CAPTURE_SUBSYSTEM/MAILBOX/status_hold_nvp_reg[162]/Q
                         net (fo=2, routed)           0.226     4.844    CAPTURE_SUBSYSTEM/MAILBOX/status_last_nvp[162]
    SLICE_X52Y69         FDRE                                         r  CAPTURE_SUBSYSTEM/MAILBOX/status_bus_pcie_reg[162]/D
  -------------------------------------------------------------------    -------------------

                         (clock userclk1 rise edge)
                                                      0.000     0.000 r  
    GTPE2_CHANNEL_X0Y3   GTPE2_CHANNEL                0.000     0.000 r  XDMA/inst/xdma_v41_m1_pcie2_to_pcie3_wrapper_i/pcie2_ip_i/inst/inst/gt_top_i/pipe_wrapper_i/pipe_lane[0].gt_wrapper_i/gtp_channel.gtpe2_channel_i/TXOUTCLK
                         net (fo=1, routed)           1.209     1.209    XDMA/inst/xdma_v41_m1_pcie2_to_pcie3_wrapper_i/pcie2_ip_i/inst/inst/gt_top_i/pipe_wrapper_i/pipe_clock_int.pipe_clock_i/txoutclk_i.txoutclk_i_0
    BUFGCTRL_X0Y20       BUFG (Prop_bufg_I_O)         0.081     1.290 r  XDMA/inst/xdma_v41_m1_pcie2_to_pcie3_wrapper_i/pcie2_ip_i/inst/inst/gt_top_i/pipe_wrapper_i/pipe_clock_int.pipe_clock_i/txoutclk_i.txoutclk_i/O
                         net (fo=1, routed)           1.391     2.681    XDMA/inst/xdma_v41_m1_pcie2_to_pcie3_wrapper_i/pcie2_ip_i/inst/inst/gt_top_i/pipe_wrapper_i/pipe_clock_int.pipe_clock_i/refclk
    MMCME2_ADV_X0Y0      MMCME2_ADV (Prop_mmcme2_adv_CLKIN1_CLKOUT2)
                                                      0.077     2.757 r  XDMA/inst/xdma_v41_m1_pcie2_to_pcie3_wrapper_i/pcie2_ip_i/inst/inst/gt_top_i/pipe_wrapper_i/pipe_clock_int.pipe_clock_i/mmcm_i/CLKOUT2
                         net (fo=1, routed)           1.425     4.182    XDMA/inst/xdma_v41_m1_pcie2_to_pcie3_wrapper_i/pcie2_ip_i/inst/inst/gt_top_i/pipe_wrapper_i/pipe_clock_int.pipe_clock_i/userclk1
    BUFGCTRL_X0Y0        BUFG (Prop_bufg_I_O)         0.081     4.263 r  XDMA/inst/xdma_v41_m1_pcie2_to_pcie3_wrapper_i/pcie2_ip_i/inst/inst/gt_top_i/pipe_wrapper_i/pipe_clock_int.pipe_clock_i/userclk1_i1.usrclk1_i1/O
                         net (fo=20054, routed)       1.348     5.611    CAPTURE_SUBSYSTEM/MAILBOX/axi_aclk
    SLICE_X52Y69         FDRE                                         r  CAPTURE_SUBSYSTEM/MAILBOX/status_bus_pcie_reg[162]/C
                         clock pessimism              0.000     5.611    
    SLICE_X52Y69         FDRE (Hold_fdre_C_D)         0.191     5.802    CAPTURE_SUBSYSTEM/MAILBOX/status_bus_pcie_reg[162]
  -------------------------------------------------------------------
                         data arrival                           4.844    
                         clock arrival                          5.802    
  -------------------------------------------------------------------
                         relative delay                        -0.959    



Id: 3
set_bus_skew -from [get_cells -quiet -hier -regexp {.*(active_sav_gray_nvp_reg|slot_commit_gray_nvp_reg|vclk_edge_gray_nvp_reg)\[[0-9]+\]}] -to [get_pins -quiet -of_objects [get_cells -quiet -hier -regexp {.*(active_sav_gray_sync1_pcie_reg|slot_commit_gray_sync1_pcie_reg|vclk_edge_gray_sync1_user_reg)\[[0-9]+\]}] -filter {REF_PIN_NAME == D}] 3.000
Requirement: 3.000ns
Endpoints: 96

From Clock            To Clock              Endpoint Pin                    Reference Pin                   Corner  Actual(ns)  Slack(ns)
--------------------  --------------------  ------------------------------  ------------------------------  ------  ----------  ---------
nvp_vclk1             userclk1              CAPTURE_SUBSYSTEM/active_sav_gray_sync1_pcie_reg[14]/D
                                                                            CAPTURE_SUBSYSTEM/active_sav_gray_sync1_pcie_reg[29]/D
                                                                                                            Slow         1.015      1.985


Slack (MET) :             1.985ns  (requirement - actual skew)
  Endpoint Source:        CAPTURE_SUBSYSTEM/active_sav_gray_nvp_reg[14]/C
                            (rising edge-triggered cell FDRE clocked by nvp_vclk1)
  Endpoint Destination:   CAPTURE_SUBSYSTEM/active_sav_gray_sync1_pcie_reg[14]/D
                            (rising edge-triggered cell FDRE clocked by userclk1)
  Reference Source:       CAPTURE_SUBSYSTEM/active_sav_gray_nvp_reg[29]/C
                            (rising edge-triggered cell FDRE clocked by nvp_vclk1)
  Reference Destination:  CAPTURE_SUBSYSTEM/active_sav_gray_sync1_pcie_reg[29]/D
                            (rising edge-triggered cell FDRE clocked by userclk1)
  Path Type:              Bus Skew (Max at Slow Process Corner)
  Requirement:            3.000ns
  Endpoint Relative Delay:    0.563ns
  Reference Relative Delay:  -0.984ns
  Relative CRPR:              0.533ns
  Actual Bus Skew:            1.015ns  (Endpoint Relative Delay - Reference Relative Delay - Relative CRPR)

Endpoint path:
    Location             Delay type                Incr(ns)  Path(ns)    Netlist Resource(s)
  -------------------------------------------------------------------    -------------------
                         (clock nvp_vclk1 rise edge)
                                                      0.000     0.000 r  
    E13                                               0.000     0.000 r  vclk1 (IN)
                         net (fo=0)                   0.000     0.000    NVP_PHYSICAL_FRONTEND/vclk1
    E13                  IBUF (Prop_ibuf_I_O)         1.461     1.461 r  NVP_PHYSICAL_FRONTEND/u_vclk1_ibuf/O
                         net (fo=3, routed)           1.693     3.154    NVP_PHYSICAL_FRONTEND/vclk1_ibuf
    BUFGCTRL_X0Y17       BUFG (Prop_bufg_I_O)         0.081     3.235 r  NVP_PHYSICAL_FRONTEND/u_vclk1_bufg/O
                         net (fo=1729, routed)        1.422     4.657    CAPTURE_SUBSYSTEM/nvp_clk
    SLICE_X62Y59         FDRE                                         r  CAPTURE_SUBSYSTEM/active_sav_gray_nvp_reg[14]/C
  -------------------------------------------------------------------    -------------------
    SLICE_X62Y59         FDRE (Prop_fdre_C_Q)         0.348     5.005 r  CAPTURE_SUBSYSTEM/active_sav_gray_nvp_reg[14]/Q
                         net (fo=1, routed)           0.617     5.622    CAPTURE_SUBSYSTEM/active_sav_gray_nvp[14]
    SLICE_X57Y57         FDRE                                         r  CAPTURE_SUBSYSTEM/active_sav_gray_sync1_pcie_reg[14]/D
  -------------------------------------------------------------------    -------------------

                         (clock userclk1 rise edge)
                                                      0.000     0.000 r  
    GTPE2_CHANNEL_X0Y3   GTPE2_CHANNEL                0.000     0.000 r  XDMA/inst/xdma_v41_m1_pcie2_to_pcie3_wrapper_i/pcie2_ip_i/inst/inst/gt_top_i/pipe_wrapper_i/pipe_lane[0].gt_wrapper_i/gtp_channel.gtpe2_channel_i/TXOUTCLK
                         net (fo=1, routed)           1.150     1.150    XDMA/inst/xdma_v41_m1_pcie2_to_pcie3_wrapper_i/pcie2_ip_i/inst/inst/gt_top_i/pipe_wrapper_i/pipe_clock_int.pipe_clock_i/txoutclk_i.txoutclk_i_0
    BUFGCTRL_X0Y20       BUFG (Prop_bufg_I_O)         0.077     1.227 r  XDMA/inst/xdma_v41_m1_pcie2_to_pcie3_wrapper_i/pcie2_ip_i/inst/inst/gt_top_i/pipe_wrapper_i/pipe_clock_int.pipe_clock_i/txoutclk_i.txoutclk_i/O
                         net (fo=1, routed)           1.286     2.513    XDMA/inst/xdma_v41_m1_pcie2_to_pcie3_wrapper_i/pcie2_ip_i/inst/inst/gt_top_i/pipe_wrapper_i/pipe_clock_int.pipe_clock_i/refclk
    MMCME2_ADV_X0Y0      MMCME2_ADV (Prop_mmcme2_adv_CLKIN1_CLKOUT2)
                                                      0.073     2.586 r  XDMA/inst/xdma_v41_m1_pcie2_to_pcie3_wrapper_i/pcie2_ip_i/inst/inst/gt_top_i/pipe_wrapper_i/pipe_clock_int.pipe_clock_i/mmcm_i/CLKOUT2
                         net (fo=1, routed)           1.357     3.944    XDMA/inst/xdma_v41_m1_pcie2_to_pcie3_wrapper_i/pcie2_ip_i/inst/inst/gt_top_i/pipe_wrapper_i/pipe_clock_int.pipe_clock_i/userclk1
    BUFGCTRL_X0Y0        BUFG (Prop_bufg_I_O)         0.077     4.021 r  XDMA/inst/xdma_v41_m1_pcie2_to_pcie3_wrapper_i/pcie2_ip_i/inst/inst/gt_top_i/pipe_wrapper_i/pipe_clock_int.pipe_clock_i/userclk1_i1.usrclk1_i1/O
                         net (fo=20054, routed)       1.250     5.271    CAPTURE_SUBSYSTEM/axi_aclk
    SLICE_X57Y57         FDRE                                         r  CAPTURE_SUBSYSTEM/active_sav_gray_sync1_pcie_reg[14]/C
                         clock pessimism              0.000     5.271    
    SLICE_X57Y57         FDRE (Setup_fdre_C_D)       -0.212     5.059    CAPTURE_SUBSYSTEM/active_sav_gray_sync1_pcie_reg[14]
  -------------------------------------------------------------------
                         data arrival                           5.622    
                         clock arrival                          5.059    
  -------------------------------------------------------------------
                         relative delay                         0.563    

Reference path:
    Location             Delay type                Incr(ns)  Path(ns)    Netlist Resource(s)
  -------------------------------------------------------------------    -------------------
                         (clock nvp_vclk1 rise edge)
                                                      0.000     0.000 r  
    E13                                               0.000     0.000 r  vclk1 (IN)
                         net (fo=0)                   0.000     0.000    NVP_PHYSICAL_FRONTEND/vclk1
    E13                  IBUF (Prop_ibuf_I_O)         1.394     1.394 r  NVP_PHYSICAL_FRONTEND/u_vclk1_ibuf/O
                         net (fo=3, routed)           1.604     2.998    NVP_PHYSICAL_FRONTEND/vclk1_ibuf
    BUFGCTRL_X0Y17       BUFG (Prop_bufg_I_O)         0.077     3.075 r  NVP_PHYSICAL_FRONTEND/u_vclk1_bufg/O
                         net (fo=1729, routed)        1.308     4.384    CAPTURE_SUBSYSTEM/nvp_clk
    SLICE_X61Y65         FDRE                                         r  CAPTURE_SUBSYSTEM/active_sav_gray_nvp_reg[29]/C
  -------------------------------------------------------------------    -------------------
    SLICE_X61Y65         FDRE (Prop_fdre_C_Q)         0.304     4.688 r  CAPTURE_SUBSYSTEM/active_sav_gray_nvp_reg[29]/Q
                         net (fo=1, routed)           0.197     4.884    CAPTURE_SUBSYSTEM/active_sav_gray_nvp[29]
    SLICE_X60Y66         FDRE                                         r  CAPTURE_SUBSYSTEM/active_sav_gray_sync1_pcie_reg[29]/D
  -------------------------------------------------------------------    -------------------

                         (clock userclk1 rise edge)
                                                      0.000     0.000 r  
    GTPE2_CHANNEL_X0Y3   GTPE2_CHANNEL                0.000     0.000 r  XDMA/inst/xdma_v41_m1_pcie2_to_pcie3_wrapper_i/pcie2_ip_i/inst/inst/gt_top_i/pipe_wrapper_i/pipe_lane[0].gt_wrapper_i/gtp_channel.gtpe2_channel_i/TXOUTCLK
                         net (fo=1, routed)           1.209     1.209    XDMA/inst/xdma_v41_m1_pcie2_to_pcie3_wrapper_i/pcie2_ip_i/inst/inst/gt_top_i/pipe_wrapper_i/pipe_clock_int.pipe_clock_i/txoutclk_i.txoutclk_i_0
    BUFGCTRL_X0Y20       BUFG (Prop_bufg_I_O)         0.081     1.290 r  XDMA/inst/xdma_v41_m1_pcie2_to_pcie3_wrapper_i/pcie2_ip_i/inst/inst/gt_top_i/pipe_wrapper_i/pipe_clock_int.pipe_clock_i/txoutclk_i.txoutclk_i/O
                         net (fo=1, routed)           1.391     2.681    XDMA/inst/xdma_v41_m1_pcie2_to_pcie3_wrapper_i/pcie2_ip_i/inst/inst/gt_top_i/pipe_wrapper_i/pipe_clock_int.pipe_clock_i/refclk
    MMCME2_ADV_X0Y0      MMCME2_ADV (Prop_mmcme2_adv_CLKIN1_CLKOUT2)
                                                      0.077     2.757 r  XDMA/inst/xdma_v41_m1_pcie2_to_pcie3_wrapper_i/pcie2_ip_i/inst/inst/gt_top_i/pipe_wrapper_i/pipe_clock_int.pipe_clock_i/mmcm_i/CLKOUT2
                         net (fo=1, routed)           1.425     4.182    XDMA/inst/xdma_v41_m1_pcie2_to_pcie3_wrapper_i/pcie2_ip_i/inst/inst/gt_top_i/pipe_wrapper_i/pipe_clock_int.pipe_clock_i/userclk1
    BUFGCTRL_X0Y0        BUFG (Prop_bufg_I_O)         0.081     4.263 r  XDMA/inst/xdma_v41_m1_pcie2_to_pcie3_wrapper_i/pcie2_ip_i/inst/inst/gt_top_i/pipe_wrapper_i/pipe_clock_int.pipe_clock_i/userclk1_i1.usrclk1_i1/O
                         net (fo=20054, routed)       1.416     5.679    CAPTURE_SUBSYSTEM/axi_aclk
    SLICE_X60Y66         FDRE                                         r  CAPTURE_SUBSYSTEM/active_sav_gray_sync1_pcie_reg[29]/C
                         clock pessimism              0.000     5.679    
    SLICE_X60Y66         FDRE (Hold_fdre_C_D)         0.189     5.868    CAPTURE_SUBSYSTEM/active_sav_gray_sync1_pcie_reg[29]
  -------------------------------------------------------------------
                         data arrival                           4.884    
                         clock arrival                          5.868    
  -------------------------------------------------------------------
                         relative delay                        -0.984    



