Copyright 1986-2022 Xilinx, Inc. All Rights Reserved. Copyright 2022-2025 Advanced Micro Devices, Inc. All Rights Reserved.
---------------------------------------------------------------------------------------------------------------------------------------------
| Tool Version : Vivado v.2025.2 (win64) Build 6299465 Fri Nov 14 19:35:11 GMT 2025
| Date         : Fri Aug 28 06:27:18 2026
| Host         : <BUILD_HOST> running 64-bit major release  (build 9200)
| Command      : report_ip_status
---------------------------------------------------------------------------------------------------------------------------------------------

IP Status Summary

1. Project IP Status
--------------------
Your project uses 6 IP. Some of these IP may have undergone changes in this release of the software. Please review the recommended actions.

More information on the Xilinx versioning policy is available at www.xilinx.com.

Project IP Instances
+---------------------------------+------------+---------------------+-----------+--------------------+---------+----------------+------------+----------------------+
| Instance Name                   | Status     | Recommendation      | Change    | IP Name            | IP      | New Version    | New        | Original Part        |
|                                 |            |                     | Log       |                    | Version |                | License    |                      |
+---------------------------------+------------+---------------------+-----------+--------------------+---------+----------------+------------+----------------------+
| xdma_v41_m1                     | Up-to-date | No changes required |  *(1)     | DMA/Bridge         | 4.2     | 4.2 (Rev. 2)   | Included   | xc7a35tcsg325-2      |
|                                 |            |                     |           | Subsystem for PCI  | (Rev.   |                |            |                      |
|                                 |            |                     |           | Express            | 2)      |                |            |                      |
+---------------------------------+------------+---------------------+-----------+--------------------+---------+----------------+------------+----------------------+
| pcie2_fifo_generator_dma_cpl    | Up-to-date | No changes required |  *(2)     | FIFO Generator     | 13.2    | 13.2 (Rev. 14) | Included   | xc7a35tcsg325-2      |
|                                 |            |                     |           |                    | (Rev.   |                |            |                      |
|                                 |            |                     |           |                    | 14)     |                |            |                      |
+---------------------------------+------------+---------------------+-----------+--------------------+---------+----------------+------------+----------------------+
| pcie2_fifo_generator_tgt_brdg   | Up-to-date | No changes required |  *(3)     | FIFO Generator     | 13.2    | 13.2 (Rev. 14) | Included   | xc7a35tcsg325-2      |
|                                 |            |                     |           |                    | (Rev.   |                |            |                      |
|                                 |            |                     |           |                    | 14)     |                |            |                      |
+---------------------------------+------------+---------------------+-----------+--------------------+---------+----------------+------------+----------------------+
| xdma_v41_m1_pcie2_ip            | Up-to-date | No changes required |  *(4)     | 7 Series           | 3.3     | 3.3 (Rev. 25)  | Included   | xc7a35tcsg325-2      |
|                                 |            |                     |           | Integrated Block   | (Rev.   |                |            |                      |
|                                 |            |                     |           | for PCI Express    | 25)     |                |            |                      |
+---------------------------------+------------+---------------------+-----------+--------------------+---------+----------------+------------+----------------------+
| xdma_v4_2_2_blk_mem_64_noreg_be | Up-to-date | No changes required |  *(5)     | Block Memory       | 8.4     | 8.4 (Rev. 12)  | Included   | xc7a35tcsg325-2      |
|                                 |            |                     |           | Generator          | (Rev.   |                |            |                      |
|                                 |            |                     |           |                    | 12)     |                |            |                      |
+---------------------------------+------------+---------------------+-----------+--------------------+---------+----------------+------------+----------------------+
| xdma_v4_2_2_blk_mem_64_reg_be   | Up-to-date | No changes required |  *(6)     | Block Memory       | 8.4     | 8.4 (Rev. 12)  | Included   | xc7a35tcsg325-2      |
|                                 |            |                     |           | Generator          | (Rev.   |                |            |                      |
|                                 |            |                     |           |                    | 12)     |                |            |                      |
+---------------------------------+------------+---------------------+-----------+--------------------+---------+----------------+------------+----------------------+
*(1) c:/AMDDesignTools/2025.2/Vivado/data/ip/xilinx/xdma_v4_2/doc/xdma_v4_2_changelog.txt
*(2) c:/AMDDesignTools/2025.2/Vivado/data/ip/xilinx/fifo_generator_v13_2/doc/fifo_generator_v13_2_changelog.txt
*(3) c:/AMDDesignTools/2025.2/Vivado/data/ip/xilinx/fifo_generator_v13_2/doc/fifo_generator_v13_2_changelog.txt
*(4) c:/AMDDesignTools/2025.2/Vivado/data/ip/xilinx/pcie_7x_v3_3/doc/pcie_7x_v3_3_changelog.txt
*(5) c:/AMDDesignTools/2025.2/Vivado/data/ip/xilinx/blk_mem_gen_v8_4/doc/blk_mem_gen_v8_4_changelog.txt
*(6) c:/AMDDesignTools/2025.2/Vivado/data/ip/xilinx/blk_mem_gen_v8_4/doc/blk_mem_gen_v8_4_changelog.txt


