UTC_START=2026-08-23T20:39:52.4469189Z
UTC_END=2026-08-23T20:39:52.8159074Z
EVIDENCE_KIND=R5_POST_COLD_RESET_HOST_STABILITY_SESSION_3
RESULT=PASS
EXIT_CODE=0
ARGUMENT_TOKEN_AUDIT=PASS
PLINK_PW_OPTION_USED=NO
PLINK_PWFILE_OPTION_USED=YES
USERNAME_ROLE_OCCURRENCE=YES_AUTHORIZED
PASSWORD_ROLE_ARGUMENT_OCCURRENCE=NO
REMOTE_COMMAND_SHARED_LITERAL=NO
INHERITED_ENVIRONMENT_AUDIT=PASS
PWFILE_CREATED=YES
PWFILE_DELETED=YES
STDOUT_BEGIN
HOST_STABILITY_SAMPLE_INDEX=3
HOSTNAME=VCDE-DUT-1
REMOTE_USER=vcdeagent1
CURRENT_KERNEL=7.0.0-29-generic
CURRENT_BOOT_ID=dd140158-f8dc-46eb-9a05-27bb532713aa
UPTIME_SECONDS=2721.31
REMOTE_UTC=2026-08-23T20:39:53.090751199Z
HOST_STABILITY_SAMPLE_READ_ONLY=YES
HOST_STABILITY_SAMPLE_GATE=PASS
STDOUT_END
STDERR_BEGIN

STDERR_END
