UTC_START=2026-08-20T13:22:00.1000613Z
UTC_END=2026-08-20T13:22:01.4448243Z
EVIDENCE_KIND=FORMAL_RESTORE_PREAUTH
RESULT=PASS
EXIT_CODE=0
ARGUMENT_TOKEN_AUDIT=PASS
PLINK_PW_OPTION_USED=NO
PLINK_PWFILE_OPTION_USED=YES
USERNAME_ROLE_OCCURRENCE=YES_AUTHORIZED
PASSWORD_ROLE_ARGUMENT_OCCURRENCE=NO
REMOTE_COMMAND_SHARED_LITERAL=NO
INHERITED_ENVIRONMENT_AUDIT=PASS
PWFILE_CREATED=YES
PWFILE_DELETED=YES
STDOUT_BEGIN
vcdeagent1
VCDE-DUT-1
1f7bf997-46b6-4b0e-b218-06569fb2f1ea
STDOUT_END
STDERR_BEGIN

STDERR_END
