UTC_START=2026-08-20T13:26:37.1873599Z
UTC_END=2026-08-20T13:26:39.4150375Z
EVIDENCE_KIND=FORMAL_RUNTIME_HOST
RESULT=FAIL
EXIT_CODE=1
ARGUMENT_TOKEN_AUDIT=PASS
PLINK_PW_OPTION_USED=NO
PLINK_PWFILE_OPTION_USED=YES
USERNAME_ROLE_OCCURRENCE=YES_AUTHORIZED
PASSWORD_ROLE_ARGUMENT_OCCURRENCE=NO
REMOTE_COMMAND_SHARED_LITERAL=NO
INHERITED_ENVIRONMENT_AUDIT=PASS
PWFILE_CREATED=YES
PWFILE_DELETED=YES
STDOUT_BEGIN
UTC=2026-08-20T13:26:40Z
HOSTNAME=VCDE-DUT-1
BOOT_ID=1e4d2733-a37b-4521-9d70-f9a39aa5e078
ENDPOINT_COUNT=1
0000:01:00.0 Memory controller [0580]: Xilinx Corporation 7-Series FPGA Hard PCIe block (AXI/debug) [10ee:7011]
RESOURCE_BEGIN
0x00000000f6e00000 0x00000000f6e1ffff 0x0000000000040200
0x00000000f6e20000 0x00000000f6e2ffff 0x0000000000040200
0x0000000000000000 0x0000000000000000 0x0000000000000000
0x0000000000000000 0x0000000000000000 0x0000000000000000
0x0000000000000000 0x0000000000000000 0x0000000000000000
0x0000000000000000 0x0000000000000000 0x0000000000000000
0x0000000000000000 0x0000000000000000 0x0000000000000000
0x0000000000000000 0x0000000000000000 0x0000000000000000
0x0000000000000000 0x0000000000000000 0x0000000000000000
0x0000000000000000 0x0000000000000000 0x0000000000000000
0x0000000000000000 0x0000000000000000 0x0000000000000000
0x0000000000000000 0x0000000000000000 0x0000000000000000
0x0000000000000000 0x0000000000000000 0x0000000000000000
RESOURCE_END
DRIVER_LINK=
STDOUT_END
STDERR_BEGIN

STDERR_END
