UTC_START=2026-08-20T13:28:03.2069398Z
UTC_END=2026-08-20T13:28:06.3156987Z
EVIDENCE_KIND=FORMAL_XDMA_PINNED_LOAD
RESULT=FAIL
EXIT_CODE=1
ARGUMENT_TOKEN_AUDIT=PASS
PLINK_PW_OPTION_USED=NO
PLINK_PWFILE_OPTION_USED=YES
USERNAME_ROLE_OCCURRENCE=YES_AUTHORIZED
PASSWORD_ROLE_ARGUMENT_OCCURRENCE=NO
REMOTE_COMMAND_SHARED_LITERAL=NO
INHERITED_ENVIRONMENT_AUDIT=PASS
PWFILE_CREATED=YES
PWFILE_DELETED=YES
STDOUT_BEGIN
MODULE_PATH=/lib/modules/7.0.0-29-generic/kernel/drivers/dma/xilinx/xdma.ko.zst
XDMA_MODULE_SHA256=523ed1f77a4700773ef1df846a54592d7396774826acabbcb222e104cc5a9490
xdma                   24576  0
STDOUT_END
STDERR_BEGIN

STDERR_END
