UTC_START=2026-08-20T13:32:18.5833116Z
UTC_END=2026-08-20T13:32:19.1142417Z
EVIDENCE_KIND=FORMAL_REG_DIAGNOSTIC_MAGIC
RESULT=PASS
EXIT_CODE=0
ARGUMENT_TOKEN_AUDIT=PASS
PLINK_PW_OPTION_USED=NO
PLINK_PWFILE_OPTION_USED=YES
USERNAME_ROLE_OCCURRENCE=YES_AUTHORIZED
PASSWORD_ROLE_ARGUMENT_OCCURRENCE=NO
REMOTE_COMMAND_SHARED_LITERAL=NO
INHERITED_ENVIRONMENT_AUDIT=PASS
PWFILE_CREATED=YES
PWFILE_DELETED=YES
STDOUT_BEGIN
XDMA_USER_NODE=/dev/xdma0_user
AXI_LITE_OFFSET=0x00002000
AXI_LITE_OBSERVED=0x00000000
AXI_LITE_EXPECTED=0x00000000
AXI_LITE_READ_RESULT=PASS
STDOUT_END
STDERR_BEGIN

STDERR_END
