UTC_START=2026-08-20T13:27:24.7394685Z
UTC_END=2026-08-20T13:27:27.0993439Z
EVIDENCE_KIND=FORMAL_XDMA_NATURAL_LOAD_CHECK
RESULT=PASS
EXIT_CODE=0
ARGUMENT_TOKEN_AUDIT=PASS
PLINK_PW_OPTION_USED=NO
PLINK_PWFILE_OPTION_USED=YES
USERNAME_ROLE_OCCURRENCE=YES_AUTHORIZED
PASSWORD_ROLE_ARGUMENT_OCCURRENCE=NO
REMOTE_COMMAND_SHARED_LITERAL=NO
INHERITED_ENVIRONMENT_AUDIT=PASS
PWFILE_CREATED=YES
PWFILE_DELETED=YES
STDOUT_BEGIN
XDMA_LOADED=NO
XDMA_NODES_BEGIN
XDMA_NODES_END
DRIVER_LINK=
STDOUT_END
STDERR_BEGIN

STDERR_END
