UTC_START=2026-08-20T13:28:45.9861507Z
UTC_END=2026-08-20T13:28:48.9552480Z
EVIDENCE_KIND=FORMAL_XDMA_BIND_DIAGNOSTIC
RESULT=PASS
EXIT_CODE=0
ARGUMENT_TOKEN_AUDIT=PASS
PLINK_PW_OPTION_USED=NO
PLINK_PWFILE_OPTION_USED=YES
USERNAME_ROLE_OCCURRENCE=YES_AUTHORIZED
PASSWORD_ROLE_ARGUMENT_OCCURRENCE=NO
REMOTE_COMMAND_SHARED_LITERAL=NO
INHERITED_ENVIRONMENT_AUDIT=PASS
PWFILE_CREATED=YES
PWFILE_DELETED=YES
STDOUT_BEGIN
xdma                   24576  0
DRIVER_LINK=NODES_BEGIN
NODES_END
Aug 20 15:25:01 VCDE-DUT-1 kernel: amdgpu: Topology: Add CPU node
Aug 20 15:25:01 VCDE-DUT-1 kernel: amdgpu 0000:0c:00.0: enabling device (0006 -> 0007)
Aug 20 15:25:01 VCDE-DUT-1 kernel: amdgpu 0000:0c:00.0: initializing kernel modesetting (IP DISCOVERY 0x1002:0x15BF 0x1043:0x8877 0x05).
Aug 20 15:25:01 VCDE-DUT-1 kernel: amdgpu 0000:0c:00.0: register mmio base: 0xF6500000
Aug 20 15:25:01 VCDE-DUT-1 kernel: amdgpu 0000:0c:00.0: register mmio size: 524288
Aug 20 15:25:01 VCDE-DUT-1 kernel: amdgpu 0000:0c:00.0: detected ip block number 0 <common_v1_0_0> (soc21_common)
Aug 20 15:25:01 VCDE-DUT-1 kernel: amdgpu 0000:0c:00.0: detected ip block number 1 <gmc_v11_0_0> (gmc_v11_0)
Aug 20 15:25:01 VCDE-DUT-1 kernel: amdgpu 0000:0c:00.0: detected ip block number 2 <ih_v6_0_0> (ih_v6_0)
Aug 20 15:25:01 VCDE-DUT-1 kernel: amdgpu 0000:0c:00.0: detected ip block number 3 <psp_v13_0_4> (psp)
Aug 20 15:25:01 VCDE-DUT-1 kernel: amdgpu 0000:0c:00.0: detected ip block number 4 <smu_v13_0_0> (smu)
Aug 20 15:25:01 VCDE-DUT-1 kernel: amdgpu 0000:0c:00.0: detected ip block number 5 <dce_v1_0_0> (dm)
Aug 20 15:25:01 VCDE-DUT-1 kernel: amdgpu 0000:0c:00.0: detected ip block number 6 <gfx_v11_0_0> (gfx_v11_0)
Aug 20 15:25:01 VCDE-DUT-1 kernel: amdgpu 0000:0c:00.0: detected ip block number 7 <sdma_v6_0_0> (sdma_v6_0)
Aug 20 15:25:01 VCDE-DUT-1 kernel: amdgpu 0000:0c:00.0: detected ip block number 8 <vcn_v4_0_0> (vcn_v4_0)
Aug 20 15:25:01 VCDE-DUT-1 kernel: amdgpu 0000:0c:00.0: detected ip block number 9 <jpeg_v4_0_0> (jpeg_v4_0)
Aug 20 15:25:01 VCDE-DUT-1 kernel: amdgpu 0000:0c:00.0: detected ip block number 10 <mes_v11_0_0> (mes_v11_0)
Aug 20 15:25:01 VCDE-DUT-1 kernel: amdgpu 0000:0c:00.0: Fetched VBIOS from VFCT
Aug 20 15:25:01 VCDE-DUT-1 kernel: amdgpu 0000:0c:00.0: [drm] ATOM BIOS: 113-PHXGENERIC-001
Aug 20 15:25:01 VCDE-DUT-1 kernel: amdgpu 0000:0c:00.0: vgaarb: deactivate vga console
Aug 20 15:25:01 VCDE-DUT-1 kernel: amdgpu 0000:0c:00.0: Trusted Memory Zone (TMZ) feature enabled
Aug 20 15:25:01 VCDE-DUT-1 kernel: amdgpu 0000:0c:00.0: vm size is 262144 GB, 4 levels, block size is 9-bit, fragment size is 9-bit
Aug 20 15:25:01 VCDE-DUT-1 kernel: amdgpu 0000:0c:00.0: VRAM: 512M 0x0000008000000000 - 0x000000801FFFFFFF (512M used)
Aug 20 15:25:01 VCDE-DUT-1 kernel: amdgpu 0000:0c:00.0: GART: 512M 0x00007FFF00000000 - 0x00007FFF1FFFFFFF
Aug 20 15:25:01 VCDE-DUT-1 kernel: amdgpu 0000:0c:00.0: [drm] Detected VRAM RAM=512M, BAR=512M
Aug 20 15:25:01 VCDE-DUT-1 kernel: amdgpu 0000:0c:00.0: [drm] RAM width 64bits DDR5
Aug 20 15:25:01 VCDE-DUT-1 kernel: amdgpu 0000:0c:00.0:  512M of VRAM memory ready
Aug 20 15:25:01 VCDE-DUT-1 kernel: amdgpu 0000:0c:00.0:  15394M of GTT memory ready.
Aug 20 15:25:01 VCDE-DUT-1 kernel: amdgpu 0000:0c:00.0: [drm] GART: num cpu pages 131072, num gpu pages 131072
Aug 20 15:25:01 VCDE-DUT-1 kernel: amdgpu 0000:0c:00.0: [drm] PCIE GART of 512M enabled (table at 0x000000801FD00000).
Aug 20 15:25:01 VCDE-DUT-1 kernel: amdgpu 0000:0c:00.0: [drm] Loading DMUB firmware via PSP: version=0x08005700
Aug 20 15:25:01 VCDE-DUT-1 kernel: amdgpu 0000:0c:00.0: [VCN instance 0] Found VCN firmware Version ENC: 1.24 DEC: 9 VEP: 0 Revision: 16
Aug 20 15:25:01 VCDE-DUT-1 kernel: amdgpu 0000:0c:00.0: MES: vmid_mask_mmhub 0x0000ff00, vmid_mask_gfxhub 0x0000ff00
Aug 20 15:25:01 VCDE-DUT-1 kernel: amdgpu 0000:0c:00.0: MES: gfx_hqd_mask 0x00000002, compute_hqd_mask 0x0000000c, sdma_hqd_mask 0x000000fc
Aug 20 15:25:01 VCDE-DUT-1 kernel: amd_atl: AMD Address Translation Library initialized
Aug 20 15:25:01 VCDE-DUT-1 kernel: audit: type=1400 audit(1787232301.629:2): apparmor="STATUS" operation="profile_load" profile="unconfined" name="buildah" pid=995 comm="apparmor_parser"
Aug 20 15:25:01 VCDE-DUT-1 kernel: audit: type=1400 audit(1787232301.629:3): apparmor="STATUS" operation="profile_load" profile="unconfined" name="balena-etcher" pid=991 comm="apparmor_parser"
Aug 20 15:25:01 VCDE-DUT-1 kernel: audit: type=1400 audit(1787232301.629:4): apparmor="STATUS" operation="profile_load" profile="unconfined" name="1password" pid=984 comm="apparmor_parser"
Aug 20 15:25:01 VCDE-DUT-1 kernel: audit: type=1400 audit(1787232301.629:5): apparmor="STATUS" operation="profile_load" profile="unconfined" name=4D6F6E676F444220436F6D70617373 pid=986 comm="apparmor_parser"
Aug 20 15:25:01 VCDE-DUT-1 kernel: audit: type=1400 audit(1787232301.629:6): apparmor="STATUS" operation="profile_load" profile="unconfined" name="Discord" pid=985 comm="apparmor_parser"
Aug 20 15:25:01 VCDE-DUT-1 kernel: audit: type=1400 audit(1787232301.629:7): apparmor="STATUS" operation="profile_load" profile="unconfined" name="QtWebEngineProcess" pid=987 comm="apparmor_parser"
Aug 20 15:25:01 VCDE-DUT-1 kernel: audit: type=1400 audit(1787232301.629:8): apparmor="STATUS" operation="profile_load" profile="unconfined" name="brave" pid=994 comm="apparmor_parser"
Aug 20 15:25:01 VCDE-DUT-1 kernel: audit: type=1400 audit(1787232301.630:9): apparmor="STATUS" operation="profile_load" profile="unconfined" name="babeld" pid=990 comm="apparmor_parser"
Aug 20 15:25:01 VCDE-DUT-1 kernel: audit: type=1400 audit(1787232301.630:10): apparmor="STATUS" operation="profile_load" profile="unconfined" name="bfdd" pid=992 comm="apparmor_parser"
Aug 20 15:25:01 VCDE-DUT-1 kernel: audit: type=1400 audit(1787232301.630:11): apparmor="STATUS" operation="profile_load" profile="unconfined" name="alsamixer" pid=989 comm="apparmor_parser"
Aug 20 15:25:01 VCDE-DUT-1 kernel: amdgpu 0000:0c:00.0: reserve 0x4a00000 from 0x8010000000 for PSP TMR
Aug 20 15:25:01 VCDE-DUT-1 kernel: intel_rapl_common: Found RAPL domain package
Aug 20 15:25:01 VCDE-DUT-1 kernel: intel_rapl_common: Found RAPL domain core
Aug 20 15:25:02 VCDE-DUT-1 kernel: amdgpu 0000:0c:00.0: RAS: optional ras ta ucode is not available
Aug 20 15:25:02 VCDE-DUT-1 kernel: amdgpu 0000:0c:00.0: RAP: optional rap ta ucode is not available
Aug 20 15:25:02 VCDE-DUT-1 kernel: amdgpu 0000:0c:00.0: SECUREDISPLAY: optional securedisplay ta ucode is not available
Aug 20 15:25:02 VCDE-DUT-1 kernel: amdgpu 0000:0c:00.0: SMU is initialized successfully!
Aug 20 15:25:02 VCDE-DUT-1 kernel: amdgpu 0000:0c:00.0: [drm] Display Core v3.2.369 initialized on DCN 3.1.4
Aug 20 15:25:02 VCDE-DUT-1 kernel: amdgpu 0000:0c:00.0: [drm] DP-HDMI FRL PCON supported
Aug 20 15:25:02 VCDE-DUT-1 kernel: amdgpu 0000:0c:00.0: [drm] DMUB hardware initialized: version=0x08005700
Aug 20 15:25:02 VCDE-DUT-1 kernel: snd_hda_intel 0000:0c:00.1: bound 0000:0c:00.0 (ops amdgpu_dm_audio_component_bind_ops [amdgpu])
Aug 20 15:25:02 VCDE-DUT-1 kernel: amdgpu 0000:0c:00.0: [drm] HDMI-A-1: PSR support 0, DC PSR ver -1, sink PSR ver 0 DPCD caps 0x0 su_y_granularity 0
Aug 20 15:25:02 VCDE-DUT-1 kernel: amdgpu 0000:0c:00.0: [drm] DP-1: PSR support 0, DC PSR ver -1, sink PSR ver 0 DPCD caps 0x0 su_y_granularity 0
Aug 20 15:25:02 VCDE-DUT-1 kernel: amdgpu 0000:0c:00.0: [drm] DP-2: PSR support 0, DC PSR ver -1, sink PSR ver 0 DPCD caps 0x0 su_y_granularity 0
Aug 20 15:25:02 VCDE-DUT-1 kernel: amdgpu 0000:0c:00.0: [drm] DP-3: PSR support 0, DC PSR ver -1, sink PSR ver 0 DPCD caps 0x0 su_y_granularity 0
Aug 20 15:25:02 VCDE-DUT-1 kernel: amdgpu 0000:0c:00.0: [drm] DP-4: PSR support 0, DC PSR ver -1, sink PSR ver 0 DPCD caps 0x0 su_y_granularity 0
Aug 20 15:25:02 VCDE-DUT-1 kernel: amdgpu 0000:0c:00.0: [drm] DP-5: PSR support 0, DC PSR ver -1, sink PSR ver 0 DPCD caps 0x0 su_y_granularity 0
Aug 20 15:25:02 VCDE-DUT-1 kernel: amdgpu 0000:0c:00.0: [drm] DP-6: PSR support 0, DC PSR ver -1, sink PSR ver 0 DPCD caps 0x0 su_y_granularity 0
Aug 20 15:25:02 VCDE-DUT-1 kernel: kfd kfd: Allocated 3969056 bytes on gart
Aug 20 15:25:02 VCDE-DUT-1 kernel: kfd kfd: Total number of KFD nodes to be created: 1
Aug 20 15:25:02 VCDE-DUT-1 kernel: amdgpu: Virtual CRAT table created for GPU
Aug 20 15:25:02 VCDE-DUT-1 kernel: amdgpu: Topology: Add GPU node [0x1002:0x15bf]
Aug 20 15:25:02 VCDE-DUT-1 kernel: kfd kfd: added device 1002:15bf
Aug 20 15:25:02 VCDE-DUT-1 kernel: amdgpu 0000:0c:00.0: SE 1, SH per SE 2, CU per SH 6, active_cu_number 8
Aug 20 15:25:02 VCDE-DUT-1 kernel: amdgpu 0000:0c:00.0: ring gfx_0.0.0 uses VM inv eng 0 on hub 0
Aug 20 15:25:02 VCDE-DUT-1 kernel: amdgpu 0000:0c:00.0: ring comp_1.0.0 uses VM inv eng 1 on hub 0
Aug 20 15:25:02 VCDE-DUT-1 kernel: amdgpu 0000:0c:00.0: ring comp_1.1.0 uses VM inv eng 4 on hub 0
Aug 20 15:25:02 VCDE-DUT-1 kernel: amdgpu 0000:0c:00.0: ring comp_1.2.0 uses VM inv eng 6 on hub 0
Aug 20 15:25:02 VCDE-DUT-1 kernel: amdgpu 0000:0c:00.0: ring comp_1.3.0 uses VM inv eng 7 on hub 0
Aug 20 15:25:02 VCDE-DUT-1 kernel: amdgpu 0000:0c:00.0: ring comp_1.0.1 uses VM inv eng 8 on hub 0
Aug 20 15:25:02 VCDE-DUT-1 kernel: amdgpu 0000:0c:00.0: ring comp_1.1.1 uses VM inv eng 9 on hub 0
Aug 20 15:25:02 VCDE-DUT-1 kernel: amdgpu 0000:0c:00.0: ring comp_1.2.1 uses VM inv eng 10 on hub 0
Aug 20 15:25:02 VCDE-DUT-1 kernel: amdgpu 0000:0c:00.0: ring comp_1.3.1 uses VM inv eng 11 on hub 0
Aug 20 15:25:02 VCDE-DUT-1 kernel: amdgpu 0000:0c:00.0: ring sdma0 uses VM inv eng 12 on hub 0
Aug 20 15:25:02 VCDE-DUT-1 kernel: amdgpu 0000:0c:00.0: ring vcn_unified_0 uses VM inv eng 0 on hub 8
Aug 20 15:25:02 VCDE-DUT-1 kernel: amdgpu 0000:0c:00.0: ring jpeg_dec uses VM inv eng 1 on hub 8
Aug 20 15:25:02 VCDE-DUT-1 kernel: amdgpu 0000:0c:00.0: ring mes_kiq_3.1.0 uses VM inv eng 13 on hub 0
Aug 20 15:25:02 VCDE-DUT-1 kernel: amdgpu 0000:0c:00.0: Runtime PM not available
Aug 20 15:25:02 VCDE-DUT-1 kernel: amdgpu 0000:0c:00.0: [drm] Registered 4 planes with drm panic
Aug 20 15:25:02 VCDE-DUT-1 kernel: [drm] Initialized amdgpu 3.64.0 for 0000:0c:00.0 on minor 0
Aug 20 15:25:02 VCDE-DUT-1 kernel: amdgpu 0000:0c:00.0: [drm] Cannot find any crtc or sizes
Aug 20 15:25:02 VCDE-DUT-1 kernel: [drm] pre_validate_dsc:1667 MST_DSC dsc precompute is not needed
Aug 20 15:25:02 VCDE-DUT-1 kernel: NET: Registered PF_QIPCRTR protocol family
Aug 20 15:25:02 VCDE-DUT-1 kernel: Generic FE-GE Realtek PHY r8169-0-700:00: attached PHY driver (mii_bus:phy_addr=r8169-0-700:00, irq=MAC)
Aug 20 15:25:02 VCDE-DUT-1 kernel: r8169 0000:07:00.0 eno1: Link is Down
Aug 20 15:25:04 VCDE-DUT-1 kernel: rfkill: input handler disabled
Aug 20 15:25:06 VCDE-DUT-1 kernel: r8169 0000:07:00.0 eno1: Link is Up - 1Gbps/Full - flow control off
Aug 20 15:25:11 VCDE-DUT-1 kernel: kauditd_printk_skb: 237 callbacks suppressed
Aug 20 15:25:11 VCDE-DUT-1 kernel: audit: type=1400 audit(1787232311.435:249): apparmor="DENIED" operation="capable" class="cap" profile="fusermount3" pid=2792 comm="fusermount3" capability=1  capname="dac_override"
Aug 20 15:25:11 VCDE-DUT-1 kernel: audit: type=1400 audit(1787232311.435:250): apparmor="DENIED" operation="capable" class="cap" profile="fusermount3" pid=2792 comm="fusermount3" capability=7  capname="setuid"
Aug 20 15:25:11 VCDE-DUT-1 kernel: audit: type=1400 audit(1787232311.435:251): apparmor="DENIED" operation="capable" class="cap" profile="fusermount3" pid=2793 comm="fusermount3" capability=7  capname="setuid"
Aug 20 15:25:21 VCDE-DUT-1 kernel: audit: type=1400 audit(1787232321.700:252): apparmor="DENIED" operation="capable" class="cap" profile="fusermount3" pid=2912 comm="fusermount3" capability=1  capname="dac_override"
Aug 20 15:25:21 VCDE-DUT-1 kernel: audit: type=1400 audit(1787232321.700:253): apparmor="DENIED" operation="capable" class="cap" profile="fusermount3" pid=2912 comm="fusermount3" capability=7  capname="setuid"
Aug 20 15:25:21 VCDE-DUT-1 kernel: audit: type=1400 audit(1787232321.700:254): apparmor="DENIED" operation="capable" class="cap" profile="fusermount3" pid=2915 comm="fusermount3" capability=7  capname="setuid"
Aug 20 15:25:21 VCDE-DUT-1 kernel: audit: type=1400 audit(1787232321.702:255): apparmor="DENIED" operation="mount" class="mount" info="failed mntpnt match" error=-13 profile="fusermount3" name="/" pid=2916 comm="fusermount3" flags="rw, rprivate"
Aug 20 15:26:40 VCDE-DUT-1 kernel: audit: type=1400 audit(1787232400.256:256): apparmor="DENIED" operation="capable" class="cap" profile="fusermount3" pid=3144 comm="fusermount3" capability=1  capname="dac_override"
Aug 20 15:26:40 VCDE-DUT-1 kernel: audit: type=1400 audit(1787232400.256:257): apparmor="DENIED" operation="capable" class="cap" profile="fusermount3" pid=3144 comm="fusermount3" capability=7  capname="setuid"
Aug 20 15:26:40 VCDE-DUT-1 kernel: audit: type=1400 audit(1787232400.256:258): apparmor="DENIED" operation="capable" class="cap" profile="fusermount3" pid=3145 comm="fusermount3" capability=7  capname="setuid"
Aug 20 15:26:50 VCDE-DUT-1 kernel: audit: type=1400 audit(1787232410.356:259): apparmor="DENIED" operation="capable" class="cap" profile="fusermount3" pid=3241 comm="fusermount3" capability=1  capname="dac_override"
Aug 20 15:26:50 VCDE-DUT-1 kernel: audit: type=1400 audit(1787232410.356:260): apparmor="DENIED" operation="capable" class="cap" profile="fusermount3" pid=3241 comm="fusermount3" capability=7  capname="setuid"
Aug 20 15:26:50 VCDE-DUT-1 kernel: audit: type=1400 audit(1787232410.356:261): apparmor="DENIED" operation="capable" class="cap" profile="fusermount3" pid=3243 comm="fusermount3" capability=7  capname="setuid"
Aug 20 15:26:50 VCDE-DUT-1 kernel: audit: type=1400 audit(1787232410.359:262): apparmor="DENIED" operation="mount" class="mount" info="failed mntpnt match" error=-13 profile="fusermount3" name="/" pid=3244 comm="fusermount3" flags="rw, rprivate"
Aug 20 15:27:27 VCDE-DUT-1 kernel: audit: type=1400 audit(1787232447.982:263): apparmor="DENIED" operation="capable" class="cap" profile="fusermount3" pid=3429 comm="fusermount3" capability=1  capname="dac_override"
Aug 20 15:27:27 VCDE-DUT-1 kernel: audit: type=1400 audit(1787232447.982:264): apparmor="DENIED" operation="capable" class="cap" profile="fusermount3" pid=3429 comm="fusermount3" capability=7  capname="setuid"
Aug 20 15:27:27 VCDE-DUT-1 kernel: audit: type=1400 audit(1787232447.982:265): apparmor="DENIED" operation="capable" class="cap" profile="fusermount3" pid=3430 comm="fusermount3" capability=7  capname="setuid"
Aug 20 15:27:38 VCDE-DUT-1 kernel: audit: type=1400 audit(1787232458.107:266): apparmor="DENIED" operation="capable" class="cap" profile="fusermount3" pid=3524 comm="fusermount3" capability=1  capname="dac_override"
Aug 20 15:27:38 VCDE-DUT-1 kernel: audit: type=1400 audit(1787232458.107:267): apparmor="DENIED" operation="capable" class="cap" profile="fusermount3" pid=3524 comm="fusermount3" capability=7  capname="setuid"
Aug 20 15:27:38 VCDE-DUT-1 kernel: audit: type=1400 audit(1787232458.107:268): apparmor="DENIED" operation="capable" class="cap" profile="fusermount3" pid=3527 comm="fusermount3" capability=7  capname="setuid"
Aug 20 15:27:38 VCDE-DUT-1 kernel: audit: type=1400 audit(1787232458.109:269): apparmor="DENIED" operation="mount" class="mount" info="failed mntpnt match" error=-13 profile="fusermount3" name="/" pid=3528 comm="fusermount3" flags="rw, rprivate"
Aug 20 15:28:07 VCDE-DUT-1 kernel: audit: type=1400 audit(1787232487.171:270): apparmor="DENIED" operation="capable" class="cap" profile="fusermount3" pid=3718 comm="fusermount3" capability=1  capname="dac_override"
Aug 20 15:28:07 VCDE-DUT-1 kernel: audit: type=1400 audit(1787232487.171:271): apparmor="DENIED" operation="capable" class="cap" profile="fusermount3" pid=3718 comm="fusermount3" capability=7  capname="setuid"
Aug 20 15:28:07 VCDE-DUT-1 kernel: audit: type=1400 audit(1787232487.171:272): apparmor="DENIED" operation="capable" class="cap" profile="fusermount3" pid=3719 comm="fusermount3" capability=7  capname="setuid"
Aug 20 15:28:17 VCDE-DUT-1 kernel: audit: type=1400 audit(1787232497.357:273): apparmor="DENIED" operation="capable" class="cap" profile="fusermount3" pid=3814 comm="fusermount3" capability=1  capname="dac_override"
Aug 20 15:28:17 VCDE-DUT-1 kernel: audit: type=1400 audit(1787232497.357:274): apparmor="DENIED" operation="capable" class="cap" profile="fusermount3" pid=3814 comm="fusermount3" capability=7  capname="setuid"
Aug 20 15:28:17 VCDE-DUT-1 kernel: audit: type=1400 audit(1787232497.357:275): apparmor="DENIED" operation="capable" class="cap" profile="fusermount3" pid=3818 comm="fusermount3" capability=7  capname="setuid"
Aug 20 15:28:17 VCDE-DUT-1 kernel: audit: type=1400 audit(1787232497.359:276): apparmor="DENIED" operation="mount" class="mount" info="failed mntpnt match" error=-13 profile="fusermount3" name="/" pid=3819 comm="fusermount3" flags="rw, rprivate"
STDOUT_END
STDERR_BEGIN

STDERR_END
