Copyright 1986-2022 Xilinx, Inc. All Rights Reserved. Copyright 2022-2025 Advanced Micro Devices, Inc. All Rights Reserved.
------------------------------------------------------------------------------------------------------------------------------------------------------------------------------------------------------
| Tool Version : Vivado v.2025.2 (win64) Build 6299465 Fri Nov 14 19:35:11 GMT 2025
| Date         : Wed Sep  2 01:28:45 2026
| Host         : NBLSUDUL running 64-bit major release  (build 9200)
| Command      : report_methodology -checks {TIMING-32 TIMING-34 TIMING-37 TIMING-38 TIMING-39} -file C:/FPGA/G2B_BS3_OWNERSHIP_20260902/run_validate_all_r3/G2B_BS3_CANDIDATE_TIMING_METHODOLOGY.rpt
| Design       : ahd_capture_top_xdma
| Device       : xc7a35tcsg325-2
| Speed File   : -2
| Design State : ignored
------------------------------------------------------------------------------------------------------------------------------------------------------------------------------------------------------

Report Methodology

Table of Contents
-----------------
1. REPORT SUMMARY
2. REPORT DETAILS

1. REPORT SUMMARY
-----------------
            Netlist: netlist
          Floorplan: checkpoint_G2B_ROUTED
      Design limits: <entire design considered>

            Checks: TIMING-32 TIMING-34 TIMING-37 TIMING-38 TIMING-39
             Max checks: <unlimited>
             Checks found: 0
+------+----------+-------------+--------+
| Rule | Severity | Description | Checks |
+------+----------+-------------+--------+
+------+----------+-------------+--------+

2. REPORT DETAILS
-----------------

