UTC_START=2026-08-20T18:33:02.3060360Z
UTC_END=2026-08-20T18:33:03.4913269Z
EVIDENCE_KIND=ACCEPTED_LOADER_SEARCH
RESULT=PASS
EXIT_CODE=0
ARGUMENT_TOKEN_AUDIT=PASS
PLINK_PW_OPTION_USED=NO
PLINK_PWFILE_OPTION_USED=YES
USERNAME_ROLE_OCCURRENCE=YES_AUTHORIZED
PASSWORD_ROLE_ARGUMENT_OCCURRENCE=NO
REMOTE_COMMAND_SHARED_LITERAL=NO
INHERITED_ENVIRONMENT_AUDIT=PASS
PWFILE_CREATED=YES
PWFILE_DELETED=YES
STDOUT_BEGIN
36050f374c077a1bb0aea8095884a011e609ae16084573b874394a8d4aedd811  /home/vcdeagent1/ahd_phase3_nvp_ab_attempt_a_driver/modinfo_loaded_xdma.txt
36050f374c077a1bb0aea8095884a011e609ae16084573b874394a8d4aedd811  /home/vcdeagent1/ahd_phase3_nvp_ab_attempt_b_driver/modinfo_loaded_xdma.txt
36050f374c077a1bb0aea8095884a011e609ae16084573b874394a8d4aedd811  /home/vcdeagent1/formal_restore_r1/driver/modinfo_loaded_xdma.txt
667fd30f526ebfd44d562d69afce583a8abd273344e88d1d258522169688395a  /home/vcdeagent1/FPGA_AHD_HOST/dma_ip_drivers/XDMA/linux-kernel/tests/load_driver.sh
e96650cdbaa08115f03f6b89414c343b721a1615bd6d6c76fffa3248dcd8289e  /home/vcdeagent1/FPGA_AHD_HOST/new_host_migration/PHASE2_REPLAY/driver/modinfo_loaded_xdma.txt
36050f374c077a1bb0aea8095884a011e609ae16084573b874394a8d4aedd811  /home/vcdeagent1/FPGA_AHD_HOST/nvp_ack_phase_r2/driver_load/modinfo_loaded_xdma.txt
4c38731518c1ab7e7bac2d12a1c3d1ad26efdcab6f514f30f53e9f2b3f6ebbe9  /home/vcdeagent1/FPGA_AHD_HOST/phase2_precheck_accepted/driver_src/XDMA/linux-kernel/tests/load_driver.sh
7279e316a2d647826b8d5ec6bedf78a143b72d100b4008c7ac006c1b6653649f  /home/vcdeagent1/FPGA_AHD_HOST/phase2_precheck_accepted/phase2_load_xdma_driver.sh
36050f374c077a1bb0aea8095884a011e609ae16084573b874394a8d4aedd811  /home/vcdeagent1/FPGA_AHD_HOST/phase3_provenance_runtime/driver_load/modinfo_loaded_xdma.txt
36050f374c077a1bb0aea8095884a011e609ae16084573b874394a8d4aedd811  /home/vcdeagent1/FPGA_AHD_HOST/t1_contextual_formal_restore_driver/modinfo_loaded_xdma.txt
36050f374c077a1bb0aea8095884a011e609ae16084573b874394a8d4aedd811  /home/vcdeagent1/FPGA_AHD_HOST/true_cold_phase2_reference/driver/modinfo_loaded_xdma.txt
7279e316a2d647826b8d5ec6bedf78a143b72d100b4008c7ac006c1b6653649f  /home/vcdeagent1/FPGA_AHD/host/v41/phase2_load_xdma_driver.sh
36050f374c077a1bb0aea8095884a011e609ae16084573b874394a8d4aedd811  /home/vcdeagent1/nvp_ack_phase_r2/stage_b_restore_driver/modinfo_loaded_xdma.txt
36050f374c077a1bb0aea8095884a011e609ae16084573b874394a8d4aedd811  /home/vcdeagent1/nvp_ack_phase_z8/stage_c_driver/modinfo_loaded_xdma.txt
36050f374c077a1bb0aea8095884a011e609ae16084573b874394a8d4aedd811  /home/vcdeagent1/nvp_ack_phase_z8/stage_c_restore_driver/modinfo_loaded_xdma.txt
36050f374c077a1bb0aea8095884a011e609ae16084573b874394a8d4aedd811  /home/vcdeagent1/nvp_trace_measurement_r1/driver/modinfo_loaded_xdma.txt
STDOUT_END
STDERR_BEGIN

STDERR_END
