UTC_START=2026-08-20T18:31:32.7450151Z
UTC_END=2026-08-20T18:31:34.0553018Z
EVIDENCE_KIND=PINNED_LOADER_DISCOVERY
RESULT=PASS
EXIT_CODE=0
ARGUMENT_TOKEN_AUDIT=PASS
PLINK_PW_OPTION_USED=NO
PLINK_PWFILE_OPTION_USED=YES
USERNAME_ROLE_OCCURRENCE=YES_AUTHORIZED
PASSWORD_ROLE_ARGUMENT_OCCURRENCE=NO
REMOTE_COMMAND_SHARED_LITERAL=NO
INHERITED_ENVIRONMENT_AUDIT=PASS
PWFILE_CREATED=YES
PWFILE_DELETED=YES
STDOUT_BEGIN
667fd30f526ebfd44d562d69afce583a8abd273344e88d1d258522169688395a  /home/vcdeagent1/FPGA_AHD_HOST/dma_ip_drivers/XDMA/linux-kernel/tests/load_driver.sh
fb46d3c4598e57e8f3582024c68be3edd49bac62d254301dae8f43f932e18754  /home/vcdeagent1/FPGA_AHD_HOST/dma_ip_drivers/XDMA/linux-kernel/tests/scripts_mm/libtest.sh
8f79a0302ffa32d1e87ce61bc90ab016ddd30240353377cbc00d249b7a780b9e  /home/vcdeagent1/FPGA_AHD_HOST/dma_ip_drivers/XDMA/linux-kernel/tests/scripts_mm/io_sweep.sh
63db5875b03996ddaeeb7c6f944d55f895e69017918fe3dbe3f42306c2b53107  /home/vcdeagent1/FPGA_AHD_HOST/dma_ip_drivers/XDMA/linux-kernel/tests/scripts_mm/xdma_mm.sh
e8389da72b4eff8428b9cc9d1f126801e3c9a27a670985f51aaafce9fad57147  /home/vcdeagent1/FPGA_AHD_HOST/dma_ip_drivers/XDMA/linux-kernel/tests/scripts_mm/io.sh
e34a57476004a1eb46af67465e8ae6e50fa7b42e18f6257b071ac4ab5cb2f788  /home/vcdeagent1/FPGA_AHD_HOST/dma_ip_drivers/XDMA/linux-kernel/tests/scripts_mm/fio_test.sh
0f3b4297e93f5025d072d67f8551ee92e2285f4c4023bef04099a1a667f30ddb  /home/vcdeagent1/FPGA_AHD_HOST/dma_ip_drivers/XDMA/linux-kernel/tests/scripts_mm/unaligned.sh
df5080d6c08face05dd32b91776870f2d556a38faff15fe69702f64df7a4da6c  /home/vcdeagent1/FPGA_AHD_HOST/dma_ip_drivers/XDMA/linux-kernel/tests/scripts_mm/fio_parse_result.sh
6294919444701a8bf395c072933d495e907ba4ef34ee53c71a425a1c42cdd61b  /home/vcdeagent1/FPGA_AHD_HOST/dma_ip_drivers/XDMA/linux-kernel/tests/run_test.sh
7690ef2494859f51b7e4093a17e80d9da0ae7d2ff4aa3bd05ff792fd19d2c5c7  /home/vcdeagent1/FPGA_AHD_HOST/dma_ip_drivers/XDMA/linux-kernel/tests/dma_memory_mapped_test.sh
3d365208a7962d6df568541e1d5e11a8163bc2c3012972ffe6bfe0fc905e76b1  /home/vcdeagent1/FPGA_AHD_HOST/dma_ip_drivers/XDMA/linux-kernel/tests/perform_hwcount.sh
a42167e152d1b581a135f49428ea5667c701b5a1c3314eb4a78fa80a6173e2dd  /home/vcdeagent1/FPGA_AHD_HOST/dma_ip_drivers/XDMA/linux-kernel/tests/dma_streaming_test.sh
STDOUT_END
STDERR_BEGIN

STDERR_END
