Copyright 1986-2022 Xilinx, Inc. All Rights Reserved. Copyright 2022-2025 Advanced Micro Devices, Inc. All Rights Reserved.
---------------------------------------------------------------------------------------------------------------------------------------------------------------------------------------------------------------------------------------------------------------------------------------------------------------------------------------------------------------------------------------------------------------------------------------------------------------------------------------------------------------------------------------------------------------------------------------------------------------------------------------------------------------------------------
| Tool Version : Vivado v.2025.2 (win64) Build 6299465 Fri Nov 14 19:35:11 GMT 2025
| Date         : Wed Sep  9 12:52:30 2026
| Host         : NBLSUDUL running 64-bit major release  (build 9200)
| Command      : report_timing -of_objects [get_timing_paths -quiet -delay_type max -sort_by slack -max_paths 1 -nworst 1 -from [filter [get_cells -quiet -hier -regexp .*G2B_ONECH_C2H/(own_slot_hold_axi|axis_slot)_reg.*] {IS_SEQUENTIAL == 1}] -to [get_pins -quiet -of_objects [filter [get_cells -quiet -hier -regexp .*G2B_ONECH_C2H/(slot_state_source|source_ownership_fatal|source_ownership_fatal_event|source_ownership_fatal_deferred|enable_applied_source|own_ok_hold_source)_reg.*] {IS_SEQUENTIAL == 1}] -filter {REF_PIN_NAME == D}]] -file C:/FPGA/G2B_BT656_FIX1_R1_20260909T090813Z/signoff/PROMOTED_REPLACEMENTS/01_G09_OWNERSHIP_SLOT_SETTLING_TIMING.rpt
| Design       : ahd_capture_top_xdma
| Device       : 7a35t-csg325
| Speed File   : -2  PRODUCTION 1.23 2018-06-13
| Design State : Routed
---------------------------------------------------------------------------------------------------------------------------------------------------------------------------------------------------------------------------------------------------------------------------------------------------------------------------------------------------------------------------------------------------------------------------------------------------------------------------------------------------------------------------------------------------------------------------------------------------------------------------------------------------------------------------------

Timing Report

Slack (MET) :             0.333ns  (required time - arrival time)
  Source:                 G2B_ONECH_C2H/axis_slot_reg[0]/C
                            (rising edge-triggered cell FDRE clocked by userclk1  {rise@0.000ns fall@8.000ns period=16.000ns})
  Destination:            G2B_ONECH_C2H/source_ownership_fatal_reg/D
                            (rising edge-triggered cell FDRE clocked by nvp_vclk1  {rise@0.000ns fall@3.367ns period=6.734ns})
  Path Group:             nvp_vclk1
  Path Type:              Setup (Max at Slow Process Corner)
  Requirement:            6.000ns  (MaxDelay Path 6.000ns)
  Data Path Delay:        5.700ns  (logic 1.785ns (31.316%)  route 3.915ns (68.684%))
  Logic Levels:           9  (CARRY4=3 LUT4=1 LUT5=1 LUT6=4)
  Timing Exception:       MaxDelay Path 6.000ns -datapath_only

    Location             Delay type                Incr(ns)  Path(ns)    Netlist Resource(s)
  -------------------------------------------------------------------    -------------------
    SLICE_X58Y56                                      0.000     0.000 r  G2B_ONECH_C2H/axis_slot_reg[0]/C
    SLICE_X58Y56         FDRE (Prop_fdre_C_Q)         0.379     0.379 r  G2B_ONECH_C2H/axis_slot_reg[0]/Q
                         net (fo=146, routed)         0.851     1.230    G2B_ONECH_C2H/own_slot_hold_axi[0]
    SLICE_X60Y56                                                      r  G2B_ONECH_C2H/slot_state_source[2][2]_i_95/I3
    SLICE_X60Y56         LUT6 (Prop_lut6_I3_O)        0.105     1.335 r  G2B_ONECH_C2H/slot_state_source[2][2]_i_95/O
                         net (fo=1, routed)           0.950     2.286    G2B_ONECH_C2H/slot_state_source[2][2]_i_95_n_0
    SLICE_X62Y60                                                      r  G2B_ONECH_C2H/slot_state_source[2][2]_i_67/I0
    SLICE_X62Y60         LUT6 (Prop_lut6_I0_O)        0.105     2.391 r  G2B_ONECH_C2H/slot_state_source[2][2]_i_67/O
                         net (fo=1, routed)           0.000     2.391    G2B_ONECH_C2H/slot_state_source[2][2]_i_67_n_0
    SLICE_X62Y60                                                      r  G2B_ONECH_C2H/slot_state_source_reg[2][2]_i_34/S[3]
    SLICE_X62Y60         CARRY4 (Prop_carry4_S[3]_CO[3])
                                                      0.332     2.723 r  G2B_ONECH_C2H/slot_state_source_reg[2][2]_i_34/CO[3]
                         net (fo=1, routed)           0.000     2.723    G2B_ONECH_C2H/slot_state_source_reg[2][2]_i_34_n_0
    SLICE_X62Y61                                                      r  G2B_ONECH_C2H/slot_state_source_reg[2][2]_i_19/CI
    SLICE_X62Y61         CARRY4 (Prop_carry4_CI_CO[3])
                                                      0.098     2.821 r  G2B_ONECH_C2H/slot_state_source_reg[2][2]_i_19/CO[3]
                         net (fo=1, routed)           0.000     2.821    G2B_ONECH_C2H/slot_state_source_reg[2][2]_i_19_n_0
    SLICE_X62Y62                                                      r  G2B_ONECH_C2H/slot_state_source_reg[2][2]_i_11/CI
    SLICE_X62Y62         CARRY4 (Prop_carry4_CI_CO[2])
                                                      0.190     3.011 f  G2B_ONECH_C2H/slot_state_source_reg[2][2]_i_11/CO[2]
                         net (fo=1, routed)           0.543     3.553    G2B_ONECH_C2H/source_ownership_fatal37_out
    SLICE_X57Y59                                                      f  G2B_ONECH_C2H/slot_state_source[2][2]_i_4/I3
    SLICE_X57Y59         LUT5 (Prop_lut5_I3_O)        0.261     3.814 f  G2B_ONECH_C2H/slot_state_source[2][2]_i_4/O
                         net (fo=11, routed)          0.604     4.418    G2B_ONECH_C2H/source_ownership_fatal1314_out
    SLICE_X54Y58                                                      f  G2B_ONECH_C2H/source_ownership_fatal_event_i_5/I2
    SLICE_X54Y58         LUT6 (Prop_lut6_I2_O)        0.105     4.523 r  G2B_ONECH_C2H/source_ownership_fatal_event_i_5/O
                         net (fo=2, routed)           0.493     5.016    G2B_ONECH_C2H/source_ownership_fatal_event_i_5_n_0
    SLICE_X51Y56                                                      r  G2B_ONECH_C2H/source_ownership_fatal_event_i_2/I3
    SLICE_X51Y56         LUT4 (Prop_lut4_I3_O)        0.105     5.121 f  G2B_ONECH_C2H/source_ownership_fatal_event_i_2/O
                         net (fo=4, routed)           0.474     5.595    G2B_ONECH_C2H/source_ownership_fatal_event_i_2_n_0
    SLICE_X45Y55                                                      f  G2B_ONECH_C2H/source_ownership_fatal_i_1/I4
    SLICE_X45Y55         LUT6 (Prop_lut6_I4_O)        0.105     5.700 r  G2B_ONECH_C2H/source_ownership_fatal_i_1/O
                         net (fo=1, routed)           0.000     5.700    G2B_ONECH_C2H/source_ownership_fatal_i_1_n_0
    SLICE_X45Y55         FDRE                                         r  G2B_ONECH_C2H/source_ownership_fatal_reg/D
  -------------------------------------------------------------------    -------------------

                         max delay                    6.000     6.000    
    SLICE_X45Y55         FDRE (Setup_fdre_C_D)        0.033     6.033    G2B_ONECH_C2H/source_ownership_fatal_reg
  -------------------------------------------------------------------
                         required time                          6.033    
                         arrival time                          -5.700    
  -------------------------------------------------------------------
                         slack                                  0.333    




