Copyright 1986-2022 Xilinx, Inc. All Rights Reserved. Copyright 2022-2025 Advanced Micro Devices, Inc. All Rights Reserved.
-------------------------------------------------------------------------------------------------------------------------------------------------------------------------------------------------------------------------------------------------------------------------------------------------------------------------------------------------------------------------------------------------------------------------------------------------------------------------------------------------------
| Tool Version : Vivado v.2025.2 (win64) Build 6299465 Fri Nov 14 19:35:11 GMT 2025
| Date         : Wed Sep  9 12:52:41 2026
| Host         : NBLSUDUL running 64-bit major release  (build 9200)
| Command      : report_timing -of_objects [get_timing_paths -quiet -delay_type max -sort_by slack -max_paths 1 -nworst 1 -from [filter [get_cells -quiet -hier -regexp .*G2B_ONECH_C2H/reset_abandoned_hold_source_reg.*] {IS_SEQUENTIAL == 1}] -to [filter [get_cells -quiet -hier -regexp .*G2B_ONECH_C2H/records_abandoned_axi_reg.*] {IS_SEQUENTIAL == 1}]] -file C:/FPGA/G2B_BT656_FIX1_R1_20260909T090813Z/signoff/PROMOTED_REPLACEMENTS/04_G13_RESET_ABANDONED_COUNT_STABLE_PAYLOAD_TIMING.rpt
| Design       : ahd_capture_top_xdma
| Device       : 7a35t-csg325
| Speed File   : -2  PRODUCTION 1.23 2018-06-13
| Design State : Routed
-------------------------------------------------------------------------------------------------------------------------------------------------------------------------------------------------------------------------------------------------------------------------------------------------------------------------------------------------------------------------------------------------------------------------------------------------------------------------------------------------------

Timing Report

Slack (MET) :             3.109ns  (required time - arrival time)
  Source:                 G2B_ONECH_C2H/reset_abandoned_hold_source_reg[0]/C
                            (rising edge-triggered cell FDRE clocked by nvp_vclk1  {rise@0.000ns fall@3.367ns period=6.734ns})
  Destination:            G2B_ONECH_C2H/records_abandoned_axi_reg[29]/D
                            (rising edge-triggered cell FDRE clocked by userclk1  {rise@0.000ns fall@8.000ns period=16.000ns})
  Path Group:             userclk1
  Path Type:              Setup (Max at Slow Process Corner)
  Requirement:            6.000ns  (MaxDelay Path 6.000ns)
  Data Path Delay:        2.950ns  (logic 1.831ns (62.063%)  route 1.119ns (37.937%))
  Logic Levels:           9  (CARRY4=8 LUT2=1)
  Timing Exception:       MaxDelay Path 6.000ns -datapath_only

    Location             Delay type                Incr(ns)  Path(ns)    Netlist Resource(s)
  -------------------------------------------------------------------    -------------------
    SLICE_X52Y58                                      0.000     0.000 r  G2B_ONECH_C2H/reset_abandoned_hold_source_reg[0]/C
    SLICE_X52Y58         FDRE (Prop_fdre_C_Q)         0.433     0.433 r  G2B_ONECH_C2H/reset_abandoned_hold_source_reg[0]/Q
                         net (fo=2, routed)           1.119     1.552    G2B_ONECH_C2H/reset_abandoned_hold_source[0]
    SLICE_X31Y55                                                      r  G2B_ONECH_C2H/records_abandoned_axi[0]_i_5/I0
    SLICE_X31Y55         LUT2 (Prop_lut2_I0_O)        0.105     1.657 r  G2B_ONECH_C2H/records_abandoned_axi[0]_i_5/O
                         net (fo=1, routed)           0.000     1.657    G2B_ONECH_C2H/records_abandoned_axi[0]_i_5_n_0
    SLICE_X31Y55                                                      r  G2B_ONECH_C2H/records_abandoned_axi_reg[0]_i_2/S[0]
    SLICE_X31Y55         CARRY4 (Prop_carry4_S[0]_CO[3])
                                                      0.440     2.097 r  G2B_ONECH_C2H/records_abandoned_axi_reg[0]_i_2/CO[3]
                         net (fo=1, routed)           0.000     2.097    G2B_ONECH_C2H/records_abandoned_axi_reg[0]_i_2_n_0
    SLICE_X31Y56                                                      r  G2B_ONECH_C2H/records_abandoned_axi_reg[4]_i_1/CI
    SLICE_X31Y56         CARRY4 (Prop_carry4_CI_CO[3])
                                                      0.098     2.195 r  G2B_ONECH_C2H/records_abandoned_axi_reg[4]_i_1/CO[3]
                         net (fo=1, routed)           0.000     2.195    G2B_ONECH_C2H/records_abandoned_axi_reg[4]_i_1_n_0
    SLICE_X31Y57                                                      r  G2B_ONECH_C2H/records_abandoned_axi_reg[8]_i_1/CI
    SLICE_X31Y57         CARRY4 (Prop_carry4_CI_CO[3])
                                                      0.098     2.293 r  G2B_ONECH_C2H/records_abandoned_axi_reg[8]_i_1/CO[3]
                         net (fo=1, routed)           0.000     2.293    G2B_ONECH_C2H/records_abandoned_axi_reg[8]_i_1_n_0
    SLICE_X31Y58                                                      r  G2B_ONECH_C2H/records_abandoned_axi_reg[12]_i_1/CI
    SLICE_X31Y58         CARRY4 (Prop_carry4_CI_CO[3])
                                                      0.098     2.391 r  G2B_ONECH_C2H/records_abandoned_axi_reg[12]_i_1/CO[3]
                         net (fo=1, routed)           0.000     2.391    G2B_ONECH_C2H/records_abandoned_axi_reg[12]_i_1_n_0
    SLICE_X31Y59                                                      r  G2B_ONECH_C2H/records_abandoned_axi_reg[16]_i_1/CI
    SLICE_X31Y59         CARRY4 (Prop_carry4_CI_CO[3])
                                                      0.098     2.489 r  G2B_ONECH_C2H/records_abandoned_axi_reg[16]_i_1/CO[3]
                         net (fo=1, routed)           0.000     2.489    G2B_ONECH_C2H/records_abandoned_axi_reg[16]_i_1_n_0
    SLICE_X31Y60                                                      r  G2B_ONECH_C2H/records_abandoned_axi_reg[20]_i_1/CI
    SLICE_X31Y60         CARRY4 (Prop_carry4_CI_CO[3])
                                                      0.098     2.587 r  G2B_ONECH_C2H/records_abandoned_axi_reg[20]_i_1/CO[3]
                         net (fo=1, routed)           0.000     2.587    G2B_ONECH_C2H/records_abandoned_axi_reg[20]_i_1_n_0
    SLICE_X31Y61                                                      r  G2B_ONECH_C2H/records_abandoned_axi_reg[24]_i_1/CI
    SLICE_X31Y61         CARRY4 (Prop_carry4_CI_CO[3])
                                                      0.098     2.685 r  G2B_ONECH_C2H/records_abandoned_axi_reg[24]_i_1/CO[3]
                         net (fo=1, routed)           0.000     2.685    G2B_ONECH_C2H/records_abandoned_axi_reg[24]_i_1_n_0
    SLICE_X31Y62                                                      r  G2B_ONECH_C2H/records_abandoned_axi_reg[28]_i_1/CI
    SLICE_X31Y62         CARRY4 (Prop_carry4_CI_O[1])
                                                      0.265     2.950 r  G2B_ONECH_C2H/records_abandoned_axi_reg[28]_i_1/O[1]
                         net (fo=1, routed)           0.000     2.950    G2B_ONECH_C2H/records_abandoned_axi_reg[28]_i_1_n_6
    SLICE_X31Y62         FDRE                                         r  G2B_ONECH_C2H/records_abandoned_axi_reg[29]/D
  -------------------------------------------------------------------    -------------------

                         max delay                    6.000     6.000    
    SLICE_X31Y62         FDRE (Setup_fdre_C_D)        0.059     6.059    G2B_ONECH_C2H/records_abandoned_axi_reg[29]
  -------------------------------------------------------------------
                         required time                          6.059    
                         arrival time                          -2.950    
  -------------------------------------------------------------------
                         slack                                  3.109    




