Copyright 1986-2022 Xilinx, Inc. All Rights Reserved. Copyright 2022-2025 Advanced Micro Devices, Inc. All Rights Reserved.
---------------------------------------------------------------------------------------------------------------------------------------------------------------------------------------------------------------------------------------------------------------------------------------------------------------------------------------------------------------------------------------------------------------------------------------------------------------------------------------------------------------------------------
| Tool Version : Vivado v.2025.2 (win64) Build 6299465 Fri Nov 14 19:35:11 GMT 2025
| Date         : Wed Sep  9 12:52:49 2026
| Host         : NBLSUDUL running 64-bit major release  (build 9200)
| Command      : report_timing -of_objects [get_timing_paths -quiet -delay_type max -sort_by slack -max_paths 1 -nworst 1 -from [filter [get_cells -quiet -hier -regexp {.*G2B_ONECH_C2H/(release_generation_axi|release_epoch_axi)_reg\[0\].*}] {IS_SEQUENTIAL == 1}] -to [filter [get_cells -quiet -hier -regexp {.*G2B_ONECH_C2H/slot_state_source_reg\[0\].*}] {IS_SEQUENTIAL == 1}]] -file C:/FPGA/G2B_BT656_FIX1_R1_20260909T090813Z/signoff/PROMOTED_REPLACEMENTS/06_G14_RELEASE_SLOT0_NORMAL_STATE_TRANSITION_TIMING.rpt
| Design       : ahd_capture_top_xdma
| Device       : 7a35t-csg325
| Speed File   : -2  PRODUCTION 1.23 2018-06-13
| Design State : Routed
---------------------------------------------------------------------------------------------------------------------------------------------------------------------------------------------------------------------------------------------------------------------------------------------------------------------------------------------------------------------------------------------------------------------------------------------------------------------------------------------------------------------------------

Timing Report

Slack (MET) :             1.104ns  (required time - arrival time)
  Source:                 G2B_ONECH_C2H/release_generation_axi_reg[0][8]/C
                            (rising edge-triggered cell FDRE clocked by userclk1  {rise@0.000ns fall@8.000ns period=16.000ns})
  Destination:            G2B_ONECH_C2H/slot_state_source_reg[0][1]/D
                            (rising edge-triggered cell FDRE clocked by nvp_vclk1  {rise@0.000ns fall@3.367ns period=6.734ns})
  Path Group:             nvp_vclk1
  Path Type:              Setup (Max at Slow Process Corner)
  Requirement:            6.000ns  (MaxDelay Path 6.000ns)
  Data Path Delay:        4.972ns  (logic 1.731ns (34.816%)  route 3.241ns (65.184%))
  Logic Levels:           8  (CARRY4=2 LUT4=1 LUT5=1 LUT6=4)
  Timing Exception:       MaxDelay Path 6.000ns -datapath_only

    Location             Delay type                Incr(ns)  Path(ns)    Netlist Resource(s)
  -------------------------------------------------------------------    -------------------
    SLICE_X62Y49                                      0.000     0.000 r  G2B_ONECH_C2H/release_generation_axi_reg[0][8]/C
    SLICE_X62Y49         FDRE (Prop_fdre_C_Q)         0.348     0.348 r  G2B_ONECH_C2H/release_generation_axi_reg[0][8]/Q
                         net (fo=1, routed)           0.941     1.289    G2B_ONECH_C2H/release_generation_axi_reg[0]_7[8]
    SLICE_X62Y51                                                      r  G2B_ONECH_C2H/reset_abandoned_hold_source[0]_i_21/I1
    SLICE_X62Y51         LUT6 (Prop_lut6_I1_O)        0.242     1.531 r  G2B_ONECH_C2H/reset_abandoned_hold_source[0]_i_21/O
                         net (fo=1, routed)           0.000     1.531    G2B_ONECH_C2H/reset_abandoned_hold_source[0]_i_21_n_0
    SLICE_X62Y51                                                      r  G2B_ONECH_C2H/reset_abandoned_hold_source_reg[0]_i_7/S[2]
    SLICE_X62Y51         CARRY4 (Prop_carry4_S[2]_CO[3])
                                                      0.332     1.863 r  G2B_ONECH_C2H/reset_abandoned_hold_source_reg[0]_i_7/CO[3]
                         net (fo=1, routed)           0.000     1.863    G2B_ONECH_C2H/reset_abandoned_hold_source_reg[0]_i_7_n_0
    SLICE_X62Y52                                                      r  G2B_ONECH_C2H/reset_abandoned_hold_source_reg[0]_i_4/CI
    SLICE_X62Y52         CARRY4 (Prop_carry4_CI_CO[3])
                                                      0.098     1.961 f  G2B_ONECH_C2H/reset_abandoned_hold_source_reg[0]_i_4/CO[3]
                         net (fo=2, routed)           0.882     2.843    G2B_ONECH_C2H/source_ownership_fatal42_out
    SLICE_X57Y60                                                      f  G2B_ONECH_C2H/slot_state_source[0][2]_i_6/I2
    SLICE_X57Y60         LUT6 (Prop_lut6_I2_O)        0.105     2.948 f  G2B_ONECH_C2H/slot_state_source[0][2]_i_6/O
                         net (fo=2, routed)           0.283     3.231    G2B_ONECH_C2H/slot_state_source[0][2]_i_6_n_0
    SLICE_X56Y60                                                      f  G2B_ONECH_C2H/slot_state_source[0][2]_i_2/I4
    SLICE_X56Y60         LUT5 (Prop_lut5_I4_O)        0.105     3.336 f  G2B_ONECH_C2H/slot_state_source[0][2]_i_2/O
                         net (fo=2, routed)           0.337     3.673    G2B_ONECH_C2H/slot_state_source[0][2]_i_2_n_0
    SLICE_X56Y59                                                      f  G2B_ONECH_C2H/slot_state_source[0][2]_i_4/I0
    SLICE_X56Y59         LUT6 (Prop_lut6_I0_O)        0.105     3.778 r  G2B_ONECH_C2H/slot_state_source[0][2]_i_4/O
                         net (fo=5, routed)           0.562     4.340    G2B_ONECH_C2H/slot_state_source[0][2]_i_4_n_0
    SLICE_X56Y57                                                      r  G2B_ONECH_C2H/slot_state_source[0][1]_i_3/I0
    SLICE_X56Y57         LUT4 (Prop_lut4_I0_O)        0.128     4.468 r  G2B_ONECH_C2H/slot_state_source[0][1]_i_3/O
                         net (fo=2, routed)           0.236     4.704    G2B_ONECH_C2H/slot_state_source[0][1]_i_3_n_0
    SLICE_X56Y57                                                      r  G2B_ONECH_C2H/slot_state_source[0][1]_i_1/I2
    SLICE_X56Y57         LUT6 (Prop_lut6_I2_O)        0.268     4.972 r  G2B_ONECH_C2H/slot_state_source[0][1]_i_1/O
                         net (fo=1, routed)           0.000     4.972    G2B_ONECH_C2H/slot_state_source[0][1]_i_1_n_0
    SLICE_X56Y57         FDRE                                         r  G2B_ONECH_C2H/slot_state_source_reg[0][1]/D
  -------------------------------------------------------------------    -------------------

                         max delay                    6.000     6.000    
    SLICE_X56Y57         FDRE (Setup_fdre_C_D)        0.076     6.076    G2B_ONECH_C2H/slot_state_source_reg[0][1]
  -------------------------------------------------------------------
                         required time                          6.076    
                         arrival time                          -4.972    
  -------------------------------------------------------------------
                         slack                                  1.104    




