Copyright 1986-2022 Xilinx, Inc. All Rights Reserved. Copyright 2022-2025 Advanced Micro Devices, Inc. All Rights Reserved.
-------------------------------------------------------------------------------------------------------------------------------------------------------------------------------------------------------------------------------------------------------------------------------------------------------------------------------------------------------------------------------------------------------------------------------------------------------------------------------------------------------------------------------------
| Tool Version : Vivado v.2025.2 (win64) Build 6299465 Fri Nov 14 19:35:11 GMT 2025
| Date         : Wed Sep  9 12:52:56 2026
| Host         : NBLSUDUL running 64-bit major release  (build 9200)
| Command      : report_timing -of_objects [get_timing_paths -quiet -delay_type max -sort_by slack -max_paths 1 -nworst 1 -from [filter [get_cells -quiet -hier -regexp {.*G2B_ONECH_C2H/(release_generation_axi|release_epoch_axi)_reg\[0\].*}] {IS_SEQUENTIAL == 1}] -to [filter [get_cells -quiet -hier -regexp .*G2B_ONECH_C2H/reset_abandoned_hold_source_reg.*] {IS_SEQUENTIAL == 1}]] -file C:/FPGA/G2B_BT656_FIX1_R1_20260909T090813Z/signoff/PROMOTED_REPLACEMENTS/08_G14_RELEASE_SLOT0_RESET_OVERLAP_ACCOUNTING_TIMING.rpt
| Design       : ahd_capture_top_xdma
| Device       : 7a35t-csg325
| Speed File   : -2  PRODUCTION 1.23 2018-06-13
| Design State : Routed
-------------------------------------------------------------------------------------------------------------------------------------------------------------------------------------------------------------------------------------------------------------------------------------------------------------------------------------------------------------------------------------------------------------------------------------------------------------------------------------------------------------------------------------

Timing Report

Slack (MET) :             1.337ns  (required time - arrival time)
  Source:                 G2B_ONECH_C2H/release_generation_axi_reg[0][8]/C
                            (rising edge-triggered cell FDRE clocked by userclk1  {rise@0.000ns fall@8.000ns period=16.000ns})
  Destination:            G2B_ONECH_C2H/reset_abandoned_hold_source_reg[1]/D
                            (rising edge-triggered cell FDRE clocked by nvp_vclk1  {rise@0.000ns fall@3.367ns period=6.734ns})
  Path Group:             nvp_vclk1
  Path Type:              Setup (Max at Slow Process Corner)
  Requirement:            6.000ns  (MaxDelay Path 6.000ns)
  Data Path Delay:        4.735ns  (logic 1.440ns (30.414%)  route 3.295ns (69.586%))
  Logic Levels:           7  (CARRY4=2 LUT3=2 LUT4=1 LUT6=2)
  Timing Exception:       MaxDelay Path 6.000ns -datapath_only

    Location             Delay type                Incr(ns)  Path(ns)    Netlist Resource(s)
  -------------------------------------------------------------------    -------------------
    SLICE_X62Y49                                      0.000     0.000 r  G2B_ONECH_C2H/release_generation_axi_reg[0][8]/C
    SLICE_X62Y49         FDRE (Prop_fdre_C_Q)         0.348     0.348 r  G2B_ONECH_C2H/release_generation_axi_reg[0][8]/Q
                         net (fo=1, routed)           0.941     1.289    G2B_ONECH_C2H/release_generation_axi_reg[0]_7[8]
    SLICE_X62Y51                                                      r  G2B_ONECH_C2H/reset_abandoned_hold_source[0]_i_21/I1
    SLICE_X62Y51         LUT6 (Prop_lut6_I1_O)        0.242     1.531 r  G2B_ONECH_C2H/reset_abandoned_hold_source[0]_i_21/O
                         net (fo=1, routed)           0.000     1.531    G2B_ONECH_C2H/reset_abandoned_hold_source[0]_i_21_n_0
    SLICE_X62Y51                                                      r  G2B_ONECH_C2H/reset_abandoned_hold_source_reg[0]_i_7/S[2]
    SLICE_X62Y51         CARRY4 (Prop_carry4_S[2]_CO[3])
                                                      0.332     1.863 r  G2B_ONECH_C2H/reset_abandoned_hold_source_reg[0]_i_7/CO[3]
                         net (fo=1, routed)           0.000     1.863    G2B_ONECH_C2H/reset_abandoned_hold_source_reg[0]_i_7_n_0
    SLICE_X62Y52                                                      r  G2B_ONECH_C2H/reset_abandoned_hold_source_reg[0]_i_4/CI
    SLICE_X62Y52         CARRY4 (Prop_carry4_CI_CO[3])
                                                      0.098     1.961 f  G2B_ONECH_C2H/reset_abandoned_hold_source_reg[0]_i_4/CO[3]
                         net (fo=2, routed)           1.310     3.271    G2B_ONECH_C2H/source_ownership_fatal42_out
    SLICE_X57Y60                                                      f  G2B_ONECH_C2H/reset_abandoned_hold_source[0]_i_2/I0
    SLICE_X57Y60         LUT3 (Prop_lut3_I0_O)        0.105     3.376 f  G2B_ONECH_C2H/reset_abandoned_hold_source[0]_i_2/O
                         net (fo=2, routed)           0.385     3.761    G2B_ONECH_C2H/reset_abandoned_hold_source[0]_i_2_n_0
    SLICE_X51Y60                                                      f  G2B_ONECH_C2H/reset_abandoned_hold_source[0]_i_3_comp/I1
    SLICE_X51Y60         LUT3 (Prop_lut3_I1_O)        0.105     3.866 r  G2B_ONECH_C2H/reset_abandoned_hold_source[0]_i_3_comp/O
                         net (fo=1, routed)           0.328     4.194    G2B_ONECH_C2H/reset_abandoned_hold_source[0]_i_3_n_0_repN
    SLICE_X50Y59                                                      r  G2B_ONECH_C2H/reset_abandoned_hold_source[2]_i_5_comp/I5
    SLICE_X50Y59         LUT6 (Prop_lut6_I5_O)        0.105     4.299 r  G2B_ONECH_C2H/reset_abandoned_hold_source[2]_i_5_comp/O
                         net (fo=2, routed)           0.330     4.630    G2B_ONECH_C2H/reset_abandoned_hold_source[2]_i_5_n_0
    SLICE_X50Y59                                                      r  G2B_ONECH_C2H/reset_abandoned_hold_source[1]_i_1/I3
    SLICE_X50Y59         LUT4 (Prop_lut4_I3_O)        0.105     4.735 r  G2B_ONECH_C2H/reset_abandoned_hold_source[1]_i_1/O
                         net (fo=1, routed)           0.000     4.735    G2B_ONECH_C2H/SOURCE_DOMAIN.abandoned_count[1]
    SLICE_X50Y59         FDRE                                         r  G2B_ONECH_C2H/reset_abandoned_hold_source_reg[1]/D
  -------------------------------------------------------------------    -------------------

                         max delay                    6.000     6.000    
    SLICE_X50Y59         FDRE (Setup_fdre_C_D)        0.072     6.072    G2B_ONECH_C2H/reset_abandoned_hold_source_reg[1]
  -------------------------------------------------------------------
                         required time                          6.072    
                         arrival time                          -4.735    
  -------------------------------------------------------------------
                         slack                                  1.337    




