Copyright 1986-2022 Xilinx, Inc. All Rights Reserved. Copyright 2022-2025 Advanced Micro Devices, Inc. All Rights Reserved.
-----------------------------------------------------------------------------------------------------------------------------------------------------------------------------------------------------------------------------------------------------------------------------------------------------------------------------------------------------------------------------------------------------------------------------------------------------------------------------------------------------------------------------------------------------------------------------------------------------------------
| Tool Version : Vivado v.2025.2 (win64) Build 6299465 Fri Nov 14 19:35:11 GMT 2025
| Date         : Wed Sep  9 12:53:14 2026
| Host         : NBLSUDUL running 64-bit major release  (build 9200)
| Command      : report_timing -of_objects [get_timing_paths -quiet -delay_type max -sort_by slack -max_paths 1 -nworst 1 -from [filter [get_cells -quiet -hier -regexp {.*G2B_ONECH_C2H/(release_generation_axi|release_epoch_axi)_reg\[2\].*}] {IS_SEQUENTIAL == 1}] -to [filter [get_cells -quiet -hier -regexp .*G2B_ONECH_C2H/(source_ownership_fatal|source_ownership_fatal_event|source_ownership_fatal_deferred|enable_applied_source)_reg.*] {IS_SEQUENTIAL == 1}]] -file C:/FPGA/G2B_BT656_FIX1_R1_20260909T090813Z/signoff/PROMOTED_REPLACEMENTS/13_G16_RELEASE_SLOT2_MISMATCH_CONTAINMENT_TIMING.rpt
| Design       : ahd_capture_top_xdma
| Device       : 7a35t-csg325
| Speed File   : -2  PRODUCTION 1.23 2018-06-13
| Design State : Routed
-----------------------------------------------------------------------------------------------------------------------------------------------------------------------------------------------------------------------------------------------------------------------------------------------------------------------------------------------------------------------------------------------------------------------------------------------------------------------------------------------------------------------------------------------------------------------------------------------------------------

Timing Report

Slack (MET) :             0.890ns  (required time - arrival time)
  Source:                 G2B_ONECH_C2H/release_epoch_axi_reg[2][3]/C
                            (rising edge-triggered cell FDRE clocked by userclk1  {rise@0.000ns fall@8.000ns period=16.000ns})
  Destination:            G2B_ONECH_C2H/source_ownership_fatal_reg/D
                            (rising edge-triggered cell FDRE clocked by nvp_vclk1  {rise@0.000ns fall@3.367ns period=6.734ns})
  Path Group:             nvp_vclk1
  Path Type:              Setup (Max at Slow Process Corner)
  Requirement:            6.000ns  (MaxDelay Path 6.000ns)
  Data Path Delay:        5.143ns  (logic 2.016ns (39.199%)  route 3.127ns (60.801%))
  Logic Levels:           9  (CARRY4=3 LUT4=1 LUT6=5)
  Timing Exception:       MaxDelay Path 6.000ns -datapath_only

    Location             Delay type                Incr(ns)  Path(ns)    Netlist Resource(s)
  -------------------------------------------------------------------    -------------------
    SLICE_X62Y56                                      0.000     0.000 r  G2B_ONECH_C2H/release_epoch_axi_reg[2][3]/C
    SLICE_X62Y56         FDRE (Prop_fdre_C_Q)         0.348     0.348 r  G2B_ONECH_C2H/release_epoch_axi_reg[2][3]/Q
                         net (fo=2, routed)           0.797     1.145    G2B_ONECH_C2H/release_epoch_axi_reg[2]_5[3]
    SLICE_X61Y57                                                      r  G2B_ONECH_C2H/reset_abandoned_hold_source[2]_i_71/I2
    SLICE_X61Y57         LUT6 (Prop_lut6_I2_O)        0.242     1.387 r  G2B_ONECH_C2H/reset_abandoned_hold_source[2]_i_71/O
                         net (fo=1, routed)           0.000     1.387    G2B_ONECH_C2H/reset_abandoned_hold_source[2]_i_71_n_0
    SLICE_X61Y57                                                      r  G2B_ONECH_C2H/reset_abandoned_hold_source_reg[2]_i_41/S[1]
    SLICE_X61Y57         CARRY4 (Prop_carry4_S[1]_CO[3])
                                                      0.457     1.844 r  G2B_ONECH_C2H/reset_abandoned_hold_source_reg[2]_i_41/CO[3]
                         net (fo=1, routed)           0.000     1.844    G2B_ONECH_C2H/reset_abandoned_hold_source_reg[2]_i_41_n_0
    SLICE_X61Y58                                                      r  G2B_ONECH_C2H/reset_abandoned_hold_source_reg[2]_i_15/CI
    SLICE_X61Y58         CARRY4 (Prop_carry4_CI_CO[3])
                                                      0.098     1.942 r  G2B_ONECH_C2H/reset_abandoned_hold_source_reg[2]_i_15/CO[3]
                         net (fo=1, routed)           0.000     1.942    G2B_ONECH_C2H/reset_abandoned_hold_source_reg[2]_i_15_n_0
    SLICE_X61Y59                                                      r  G2B_ONECH_C2H/reset_abandoned_hold_source_reg[2]_i_8/CI
    SLICE_X61Y59         CARRY4 (Prop_carry4_CI_CO[2])
                                                      0.190     2.132 f  G2B_ONECH_C2H/reset_abandoned_hold_source_reg[2]_i_8/CO[2]
                         net (fo=2, routed)           0.840     2.972    G2B_ONECH_C2H/source_ownership_fatal41_out
    SLICE_X55Y57                                                      f  G2B_ONECH_C2H/slot_state_source[2][2]_i_7/I2
    SLICE_X55Y57         LUT6 (Prop_lut6_I2_O)        0.261     3.233 f  G2B_ONECH_C2H/slot_state_source[2][2]_i_7/O
                         net (fo=2, routed)           0.283     3.516    G2B_ONECH_C2H/slot_state_source[2][2]_i_7_n_0
    SLICE_X54Y57                                                      f  G2B_ONECH_C2H/source_ownership_fatal_event_i_6/I3
    SLICE_X54Y57         LUT6 (Prop_lut6_I3_O)        0.105     3.621 f  G2B_ONECH_C2H/source_ownership_fatal_event_i_6/O
                         net (fo=1, routed)           0.240     3.861    G2B_ONECH_C2H/source_ownership_fatal_event_i_6_n_0
    SLICE_X54Y58                                                      f  G2B_ONECH_C2H/source_ownership_fatal_event_i_5/I0
    SLICE_X54Y58         LUT6 (Prop_lut6_I0_O)        0.105     3.966 r  G2B_ONECH_C2H/source_ownership_fatal_event_i_5/O
                         net (fo=2, routed)           0.493     4.459    G2B_ONECH_C2H/source_ownership_fatal_event_i_5_n_0
    SLICE_X51Y56                                                      r  G2B_ONECH_C2H/source_ownership_fatal_event_i_2/I3
    SLICE_X51Y56         LUT4 (Prop_lut4_I3_O)        0.105     4.564 f  G2B_ONECH_C2H/source_ownership_fatal_event_i_2/O
                         net (fo=4, routed)           0.474     5.038    G2B_ONECH_C2H/source_ownership_fatal_event_i_2_n_0
    SLICE_X45Y55                                                      f  G2B_ONECH_C2H/source_ownership_fatal_i_1/I4
    SLICE_X45Y55         LUT6 (Prop_lut6_I4_O)        0.105     5.143 r  G2B_ONECH_C2H/source_ownership_fatal_i_1/O
                         net (fo=1, routed)           0.000     5.143    G2B_ONECH_C2H/source_ownership_fatal_i_1_n_0
    SLICE_X45Y55         FDRE                                         r  G2B_ONECH_C2H/source_ownership_fatal_reg/D
  -------------------------------------------------------------------    -------------------

                         max delay                    6.000     6.000    
    SLICE_X45Y55         FDRE (Setup_fdre_C_D)        0.033     6.033    G2B_ONECH_C2H/source_ownership_fatal_reg
  -------------------------------------------------------------------
                         required time                          6.033    
                         arrival time                          -5.143    
  -------------------------------------------------------------------
                         slack                                  0.890    




