Copyright 1986-2022 Xilinx, Inc. All Rights Reserved. Copyright 2022-2025 Advanced Micro Devices, Inc. All Rights Reserved.
-------------------------------------------------------------------------------------------------------------------------------------------------------------------------------------------------------------------------------------------------------------------------------------------------------------------------------------------------------------------------------------------------------------------------------------------------------------------------------------------------------------------------------------
| Tool Version : Vivado v.2025.2 (win64) Build 6299465 Fri Nov 14 19:35:11 GMT 2025
| Date         : Wed Sep  9 12:53:17 2026
| Host         : NBLSUDUL running 64-bit major release  (build 9200)
| Command      : report_timing -of_objects [get_timing_paths -quiet -delay_type max -sort_by slack -max_paths 1 -nworst 1 -from [filter [get_cells -quiet -hier -regexp {.*G2B_ONECH_C2H/(release_generation_axi|release_epoch_axi)_reg\[2\].*}] {IS_SEQUENTIAL == 1}] -to [filter [get_cells -quiet -hier -regexp .*G2B_ONECH_C2H/reset_abandoned_hold_source_reg.*] {IS_SEQUENTIAL == 1}]] -file C:/FPGA/G2B_BT656_FIX1_R1_20260909T090813Z/signoff/PROMOTED_REPLACEMENTS/14_G16_RELEASE_SLOT2_RESET_OVERLAP_ACCOUNTING_TIMING.rpt
| Design       : ahd_capture_top_xdma
| Device       : 7a35t-csg325
| Speed File   : -2  PRODUCTION 1.23 2018-06-13
| Design State : Routed
-------------------------------------------------------------------------------------------------------------------------------------------------------------------------------------------------------------------------------------------------------------------------------------------------------------------------------------------------------------------------------------------------------------------------------------------------------------------------------------------------------------------------------------

Timing Report

Slack (MET) :             1.727ns  (required time - arrival time)
  Source:                 G2B_ONECH_C2H/release_generation_axi_reg[2][0]/C
                            (rising edge-triggered cell FDRE clocked by userclk1  {rise@0.000ns fall@8.000ns period=16.000ns})
  Destination:            G2B_ONECH_C2H/reset_abandoned_hold_source_reg[1]/D
                            (rising edge-triggered cell FDRE clocked by nvp_vclk1  {rise@0.000ns fall@3.367ns period=6.734ns})
  Path Group:             nvp_vclk1
  Path Type:              Setup (Max at Slow Process Corner)
  Requirement:            6.000ns  (MaxDelay Path 6.000ns)
  Data Path Delay:        4.345ns  (logic 1.322ns (30.428%)  route 3.023ns (69.572%))
  Logic Levels:           6  (CARRY4=2 LUT4=1 LUT6=3)
  Timing Exception:       MaxDelay Path 6.000ns -datapath_only

    Location             Delay type                Incr(ns)  Path(ns)    Netlist Resource(s)
  -------------------------------------------------------------------    -------------------
    SLICE_X65Y50                                      0.000     0.000 r  G2B_ONECH_C2H/release_generation_axi_reg[2][0]/C
    SLICE_X65Y50         FDRE (Prop_fdre_C_Q)         0.379     0.379 r  G2B_ONECH_C2H/release_generation_axi_reg[2][0]/Q
                         net (fo=1, routed)           0.834     1.213    G2B_ONECH_C2H/release_generation_axi_reg[2]_4[0]
    SLICE_X64Y50                                                      r  G2B_ONECH_C2H/reset_abandoned_hold_source[2]_i_54/I0
    SLICE_X64Y50         LUT6 (Prop_lut6_I0_O)        0.105     1.318 r  G2B_ONECH_C2H/reset_abandoned_hold_source[2]_i_54/O
                         net (fo=1, routed)           0.000     1.318    G2B_ONECH_C2H/reset_abandoned_hold_source[2]_i_54_n_0
    SLICE_X64Y50                                                      r  G2B_ONECH_C2H/reset_abandoned_hold_source_reg[2]_i_23/S[0]
    SLICE_X64Y50         CARRY4 (Prop_carry4_S[0]_CO[3])
                                                      0.423     1.741 r  G2B_ONECH_C2H/reset_abandoned_hold_source_reg[2]_i_23/CO[3]
                         net (fo=1, routed)           0.000     1.741    G2B_ONECH_C2H/reset_abandoned_hold_source_reg[2]_i_23_n_0
    SLICE_X64Y51                                                      r  G2B_ONECH_C2H/reset_abandoned_hold_source_reg[2]_i_10/CI
    SLICE_X64Y51         CARRY4 (Prop_carry4_CI_CO[3])
                                                      0.100     1.841 f  G2B_ONECH_C2H/reset_abandoned_hold_source_reg[2]_i_10/CO[3]
                         net (fo=2, routed)           1.424     3.265    G2B_ONECH_C2H/source_ownership_fatal40_out
    SLICE_X51Y59                                                      f  G2B_ONECH_C2H/reset_abandoned_hold_source[2]_i_3/I5
    SLICE_X51Y59         LUT6 (Prop_lut6_I5_O)        0.105     3.370 r  G2B_ONECH_C2H/reset_abandoned_hold_source[2]_i_3/O
                         net (fo=4, routed)           0.434     3.804    G2B_ONECH_C2H/reset_abandoned_hold_source[2]_i_3_n_0
    SLICE_X50Y59                                                      r  G2B_ONECH_C2H/reset_abandoned_hold_source[2]_i_5_comp/I2
    SLICE_X50Y59         LUT6 (Prop_lut6_I2_O)        0.105     3.909 r  G2B_ONECH_C2H/reset_abandoned_hold_source[2]_i_5_comp/O
                         net (fo=2, routed)           0.330     4.240    G2B_ONECH_C2H/reset_abandoned_hold_source[2]_i_5_n_0
    SLICE_X50Y59                                                      r  G2B_ONECH_C2H/reset_abandoned_hold_source[1]_i_1/I3
    SLICE_X50Y59         LUT4 (Prop_lut4_I3_O)        0.105     4.345 r  G2B_ONECH_C2H/reset_abandoned_hold_source[1]_i_1/O
                         net (fo=1, routed)           0.000     4.345    G2B_ONECH_C2H/SOURCE_DOMAIN.abandoned_count[1]
    SLICE_X50Y59         FDRE                                         r  G2B_ONECH_C2H/reset_abandoned_hold_source_reg[1]/D
  -------------------------------------------------------------------    -------------------

                         max delay                    6.000     6.000    
    SLICE_X50Y59         FDRE (Setup_fdre_C_D)        0.072     6.072    G2B_ONECH_C2H/reset_abandoned_hold_source_reg[1]
  -------------------------------------------------------------------
                         required time                          6.072    
                         arrival time                          -4.345    
  -------------------------------------------------------------------
                         slack                                  1.727    




