Copyright 1986-2022 Xilinx, Inc. All Rights Reserved. Copyright 2022-2025 Advanced Micro Devices, Inc. All Rights Reserved.
-----------------------------------------------------------------------------------------------------------------------------------------------------------------------------------------------------------------------------------------------------------------------------------------------------------------------------------------------------------------------------------------------------------------------------------------------------------------------------------------------------------------------------------------------------------------------------------------------------------------
| Tool Version : Vivado v.2025.2 (win64) Build 6299465 Fri Nov 14 19:35:11 GMT 2025
| Date         : Wed Sep  9 12:53:24 2026
| Host         : NBLSUDUL running 64-bit major release  (build 9200)
| Command      : report_timing -of_objects [get_timing_paths -quiet -delay_type max -sort_by slack -max_paths 1 -nworst 1 -from [filter [get_cells -quiet -hier -regexp {.*G2B_ONECH_C2H/(release_generation_axi|release_epoch_axi)_reg\[3\].*}] {IS_SEQUENTIAL == 1}] -to [filter [get_cells -quiet -hier -regexp .*G2B_ONECH_C2H/(source_ownership_fatal|source_ownership_fatal_event|source_ownership_fatal_deferred|enable_applied_source)_reg.*] {IS_SEQUENTIAL == 1}]] -file C:/FPGA/G2B_BT656_FIX1_R1_20260909T090813Z/signoff/PROMOTED_REPLACEMENTS/16_G17_RELEASE_SLOT3_MISMATCH_CONTAINMENT_TIMING.rpt
| Design       : ahd_capture_top_xdma
| Device       : 7a35t-csg325
| Speed File   : -2  PRODUCTION 1.23 2018-06-13
| Design State : Routed
-----------------------------------------------------------------------------------------------------------------------------------------------------------------------------------------------------------------------------------------------------------------------------------------------------------------------------------------------------------------------------------------------------------------------------------------------------------------------------------------------------------------------------------------------------------------------------------------------------------------

Timing Report

Slack (MET) :             0.764ns  (required time - arrival time)
  Source:                 G2B_ONECH_C2H/release_generation_axi_reg[3][2]/C
                            (rising edge-triggered cell FDRE clocked by userclk1  {rise@0.000ns fall@8.000ns period=16.000ns})
  Destination:            G2B_ONECH_C2H/source_ownership_fatal_reg/D
                            (rising edge-triggered cell FDRE clocked by nvp_vclk1  {rise@0.000ns fall@3.367ns period=6.734ns})
  Path Group:             nvp_vclk1
  Path Type:              Setup (Max at Slow Process Corner)
  Requirement:            6.000ns  (MaxDelay Path 6.000ns)
  Data Path Delay:        5.269ns  (logic 1.638ns (31.085%)  route 3.631ns (68.915%))
  Logic Levels:           8  (CARRY4=2 LUT4=1 LUT6=5)
  Timing Exception:       MaxDelay Path 6.000ns -datapath_only

    Location             Delay type                Incr(ns)  Path(ns)    Netlist Resource(s)
  -------------------------------------------------------------------    -------------------
    SLICE_X61Y50                                      0.000     0.000 r  G2B_ONECH_C2H/release_generation_axi_reg[3][2]/C
    SLICE_X61Y50         FDRE (Prop_fdre_C_Q)         0.348     0.348 r  G2B_ONECH_C2H/release_generation_axi_reg[3][2]/Q
                         net (fo=1, routed)           0.834     1.182    G2B_ONECH_C2H/release_generation_axi_reg[3]_11[2]
    SLICE_X60Y50                                                      r  G2B_ONECH_C2H/reset_abandoned_hold_source[2]_i_58/I0
    SLICE_X60Y50         LUT6 (Prop_lut6_I0_O)        0.242     1.424 r  G2B_ONECH_C2H/reset_abandoned_hold_source[2]_i_58/O
                         net (fo=1, routed)           0.000     1.424    G2B_ONECH_C2H/reset_abandoned_hold_source[2]_i_58_n_0
    SLICE_X60Y50                                                      r  G2B_ONECH_C2H/reset_abandoned_hold_source_reg[2]_i_28/S[0]
    SLICE_X60Y50         CARRY4 (Prop_carry4_S[0]_CO[3])
                                                      0.423     1.847 r  G2B_ONECH_C2H/reset_abandoned_hold_source_reg[2]_i_28/CO[3]
                         net (fo=1, routed)           0.000     1.847    G2B_ONECH_C2H/reset_abandoned_hold_source_reg[2]_i_28_n_0
    SLICE_X60Y51                                                      r  G2B_ONECH_C2H/reset_abandoned_hold_source_reg[2]_i_12/CI
    SLICE_X60Y51         CARRY4 (Prop_carry4_CI_CO[3])
                                                      0.100     1.947 f  G2B_ONECH_C2H/reset_abandoned_hold_source_reg[2]_i_12/CO[3]
                         net (fo=2, routed)           1.230     3.176    G2B_ONECH_C2H/source_ownership_fatal40_in
    SLICE_X52Y59                                                      f  G2B_ONECH_C2H/slot_state_source[3][2]_i_6/I2
    SLICE_X52Y59         LUT6 (Prop_lut6_I2_O)        0.105     3.281 f  G2B_ONECH_C2H/slot_state_source[3][2]_i_6/O
                         net (fo=2, routed)           0.131     3.413    G2B_ONECH_C2H/slot_state_source[3][2]_i_6_n_0
    SLICE_X52Y59                                                      f  G2B_ONECH_C2H/source_ownership_fatal_event_i_7/I0
    SLICE_X52Y59         LUT6 (Prop_lut6_I0_O)        0.105     3.518 r  G2B_ONECH_C2H/source_ownership_fatal_event_i_7/O
                         net (fo=1, routed)           0.470     3.987    G2B_ONECH_C2H/source_ownership_fatal_event_i_7_n_0
    SLICE_X54Y58                                                      r  G2B_ONECH_C2H/source_ownership_fatal_event_i_5/I1
    SLICE_X54Y58         LUT6 (Prop_lut6_I1_O)        0.105     4.092 r  G2B_ONECH_C2H/source_ownership_fatal_event_i_5/O
                         net (fo=2, routed)           0.493     4.585    G2B_ONECH_C2H/source_ownership_fatal_event_i_5_n_0
    SLICE_X51Y56                                                      r  G2B_ONECH_C2H/source_ownership_fatal_event_i_2/I3
    SLICE_X51Y56         LUT4 (Prop_lut4_I3_O)        0.105     4.690 f  G2B_ONECH_C2H/source_ownership_fatal_event_i_2/O
                         net (fo=4, routed)           0.474     5.164    G2B_ONECH_C2H/source_ownership_fatal_event_i_2_n_0
    SLICE_X45Y55                                                      f  G2B_ONECH_C2H/source_ownership_fatal_i_1/I4
    SLICE_X45Y55         LUT6 (Prop_lut6_I4_O)        0.105     5.269 r  G2B_ONECH_C2H/source_ownership_fatal_i_1/O
                         net (fo=1, routed)           0.000     5.269    G2B_ONECH_C2H/source_ownership_fatal_i_1_n_0
    SLICE_X45Y55         FDRE                                         r  G2B_ONECH_C2H/source_ownership_fatal_reg/D
  -------------------------------------------------------------------    -------------------

                         max delay                    6.000     6.000    
    SLICE_X45Y55         FDRE (Setup_fdre_C_D)        0.033     6.033    G2B_ONECH_C2H/source_ownership_fatal_reg
  -------------------------------------------------------------------
                         required time                          6.033    
                         arrival time                          -5.269    
  -------------------------------------------------------------------
                         slack                                  0.764    




