#-----------------------------------------------------------
# xsim v2025.2 (64-bit)
# SW Build 6299465 on Fri Nov 14 19:35:11 GMT 2025
# IP Build 6300035 on Fri Nov 14 10:48:45 MST 2025
# SharedData Build 6298862 on Thu Nov 13 04:50:51 MST 2025
# Start of session at: Mon Aug 24 12:44:06 2026
# Process ID         : 10776
# Current directory  : C:/FPGA/V41_NVP_R1F_PHASE_COMPLETE_OBSERVABILITY/06_SIMULATION/tri_phase_probe_final_current
# Command line       : xsim.exe -log xsim_tb_nvp_i2c_tri_phase_probe.log -mode tcl -source {xsim.dir/final_tb_nvp_i2c_tri_phase_probe/xsim_script.tcl}
# Log file           : C:/FPGA/V41_NVP_R1F_PHASE_COMPLETE_OBSERVABILITY/06_SIMULATION/tri_phase_probe_final_current/xsim_tb_nvp_i2c_tri_phase_probe.log
# Journal file       : C:/FPGA/V41_NVP_R1F_PHASE_COMPLETE_OBSERVABILITY/06_SIMULATION/tri_phase_probe_final_current\xsim.jou
# Running On         : NBLSUDUL
# Platform           : Windows Server 2016 or Windows 10
# Operating System   : 19045
# Processor Detail   : Intel(R) Core(TM) i7-7500U CPU @ 2.70GHz
# CPU Frequency      : 2904 MHz
# CPU Physical cores : 2
# CPU Logical cores  : 4
# Host memory        : 17028 MB
# Swap memory        : 4338 MB
# Total Virtual      : 21366 MB
# Available Virtual  : 7286 MB
#-----------------------------------------------------------
source xsim.dir/final_tb_nvp_i2c_tri_phase_probe/xsim_script.tcl
# xsim {final_tb_nvp_i2c_tri_phase_probe} -autoloadwcfg -runall
Time resolution is 1 ps
run -all
TRI_PHASE_PROBE_RTL_PASS cycles=39940
$finish called at time : 39958512 ns : File "C:/FPGA/WORKTREES/V41_NVP_R1F_PHASE_COMPLETE_OBSERVABILITY/tests/v41/tb_nvp_i2c_tri_phase_probe.sv" Line 445
exit
INFO: [Common 17-206] Exiting xsim at Mon Aug 24 12:44:11 2026...
