INPUT_PATH=C:\FPGA\V41_NVP_I2C_25KHZ_PAIRED_AB_R1\05_HARDWARE_PRECHECK\HOST_READ_ONLY_DISCOVERY\FORMAL_START_TELEMETRY_RAW.log
ROLE=ARM_B_FORMAL_50KHZ
BOOT_ID_BEFORE=7f8db2e5-12aa-4421-b44a-28e72fff483f
BOOT_ID_AFTER=7f8db2e5-12aa-4421-b44a-28e72fff483f
BOOT_ID_STABLE=PASS
BLOCK_ID=0xA40A0C07
PROTOCOL=0x0000400B
CAPABILITIES=0x00031002
DIAGNOSTIC_MAGIC=0x00000000
GIT_SHA_W0=0x00000000
GIT_SHA_W1=0x00000000
GIT_SHA_W2=0x00000000
GIT_SHA_W3=0x00000000
GIT_SHA_W4=0x00000000
BUILD_FLAGS=0x00000000
RUNTIME_GIT_SHA=0000000000000000000000000000000000000000
EXPECTED_DIAGNOSTIC_GIT_SHA=f007dc172d43d30b02729755e60382f8ce3dbff4
PROVENANCE_GATE=PASS_ACCEPTED_FORMAL_ZERO_GIT_WORDS_AND_BUILD_FLAGS
STATIC_FIELDS_MATCH=PASS
STATIC_FIELD_MISMATCHES=NONE
INIT_DONE=1
INIT_ERROR=1
INIT_BUSY=0
NVP_RESET_RELEASED_STATUS=1
NVP_VDD1X_ACTIVE=1
NVP_VDD3X_ACTIVE=1
NVP_SCL_SAMPLE=1
NVP_SDA_SAMPLE=1
NACK_COUNT=5
TIMEOUT_COUNT=0
FIRST_ERROR_VALID=1
FIRST_ERROR_TUPLE_CONSISTENT=PASS
FIRST_ERROR=CODE_0x02_STEP_0xBA_META_0x01_PHYS_0x01_REG_0xC5_VALUE_0x00
ORIGINAL_FF=0x00
RESTORED_FF=0x00
VCLK_T0=3804228187
VCLK_T1=3973943153
VCLK_DELTA=169714966
VCLK_INTERVAL_MIN_SECONDS=1.136798359
VCLK_INTERVAL_MAX_SECONDS=1.148688784
VCLK_RATE_MIN=147746690.281952
VCLK_RATE_MAX=149292057.519587
SAV_T0=0
SAV_T1=0
SAV_DELTA=0
SAV_INTERVAL_MIN_SECONDS=1.138417174
SAV_INTERVAL_MAX_SECONDS=1.150067174
SAV_RATE_MIN=0.000000
SAV_RATE_MAX=0.000000
FRAME_T0=0
FRAME_T1=0
FRAME_DELTA=0
FRAME_INTERVAL_MIN_SECONDS=1.134634797
FRAME_INTERVAL_MAX_SECONDS=1.147302229
FRAME_RATE_MIN=0.000000
FRAME_RATE_MAX=0.000000
RECORD_COMMIT_T0=0
RECORD_COMMIT_T1=0
RECORD_COMMIT_DELTA=0
RECORD_COMMIT_INTERVAL_MIN_SECONDS=1.138367211
RECORD_COMMIT_INTERVAL_MAX_SECONDS=1.149611942
RECORD_COMMIT_RATE_MIN=0.000000
RECORD_COMMIT_RATE_MAX=0.000000
BASIC_FUNCTIONAL_GATE=FAIL
PRELIMINARY_OBSERVER_GATE=FAIL
MMIO_READS_THIS_TRANSACTION=40
AXI_LITE_WRITES_THIS_TRANSACTION=0
C2H_TRANSFERS_THIS_TRANSACTION=0
H2C_TRANSFERS_THIS_TRANSACTION=0
RATE_RANGE_POLICY_APPLIED=NO_PARENT_CAMPAIGN_MUST_APPLY_PREDECLARED_NORMAL_RANGES
PARENT_FROZEN_RATE_RANGE_GATE_REQUIRED=YES
PARENT_RESET_VDD_GATE_REQUIRED=YES
FINAL_ARM_CLASSIFICATION_DEFERRED_TO_PARENT=YES
HOST_VISIBLE_DIAGNOSTIC_DETAIL_WORDS=DETAIL0_THROUGH_DETAIL5
HOST_VISIBLE_DIAGNOSTIC_BITS=192
FULL_INTERNAL_NACK_LOG_BAR_VISIBLE=NO
NVP_TELEMETRY_PARSE=PASS
