UTC_START=2026-08-21T22:30:21.4203266Z
UTC_END=2026-08-21T22:30:23.9949389Z
EVIDENCE_KIND=FORMAL_START_CONTEXT_40_READS_NOT_ARM_B
RESULT=PASS
EXIT_CODE=0
ARGUMENT_TOKEN_AUDIT=PASS
PLINK_PW_OPTION_USED=NO
PLINK_PWFILE_OPTION_USED=YES
USERNAME_ROLE_OCCURRENCE=YES_AUTHORIZED
PASSWORD_ROLE_ARGUMENT_OCCURRENCE=NO
REMOTE_COMMAND_SHARED_LITERAL=NO
INHERITED_ENVIRONMENT_AUDIT=PASS
PWFILE_CREATED=YES
PWFILE_DELETED=YES
STDOUT_BEGIN
READER_PATH=/home/vcdeagent1/FPGA_AHD_HOST/phase2_precheck_accepted/xdma_axil_read
READER_SHA256=808aa85670ccebd288de6ea7ee05bef303272a6e555273e763d75dc45b68351e
BOOT_ID_BEFORE=7f8db2e5-12aa-4421-b44a-28e72fff483f
RAW_BEGIN=IDENTITY_BLOCK_ID
XDMA_USER_NODE=/dev/xdma0_user
AXI_LITE_OFFSET=0x00000000
AXI_LITE_OBSERVED=0xA40A0C07
AXI_LITE_EXPECTED=0xA40A0C07
AXI_LITE_READ_RESULT=PASS
RAW_END=IDENTITY_BLOCK_ID
IDENTITY_FIELD=BLOCK_ID OFFSET=0x00000000 VALUE=0xA40A0C07 EXPECTED=0xA40A0C07 READER_RC=0
RAW_BEGIN=IDENTITY_PROTOCOL
XDMA_USER_NODE=/dev/xdma0_user
AXI_LITE_OFFSET=0x00000004
AXI_LITE_OBSERVED=0x0000400B
AXI_LITE_EXPECTED=0x0000400B
AXI_LITE_READ_RESULT=PASS
RAW_END=IDENTITY_PROTOCOL
IDENTITY_FIELD=PROTOCOL OFFSET=0x00000004 VALUE=0x0000400B EXPECTED=0x0000400B READER_RC=0
RAW_BEGIN=IDENTITY_CAPABILITIES
XDMA_USER_NODE=/dev/xdma0_user
AXI_LITE_OFFSET=0x00000008
AXI_LITE_OBSERVED=0x00031002
AXI_LITE_EXPECTED=0x00031002
AXI_LITE_READ_RESULT=PASS
RAW_END=IDENTITY_CAPABILITIES
IDENTITY_FIELD=CAPABILITIES OFFSET=0x00000008 VALUE=0x00031002 EXPECTED=0x00031002 READER_RC=0
RAW_BEGIN=IDENTITY_DIAGNOSTIC_MAGIC
XDMA_USER_NODE=/dev/xdma0_user
AXI_LITE_OFFSET=0x00002000
AXI_LITE_OBSERVED=0x00000000
AXI_LITE_EXPECTED=0x00000000
AXI_LITE_READ_RESULT=PASS
RAW_END=IDENTITY_DIAGNOSTIC_MAGIC
IDENTITY_FIELD=DIAGNOSTIC_MAGIC OFFSET=0x00002000 VALUE=0x00000000 EXPECTED=0x00000000 READER_RC=0
RAW_BEGIN=PROVENANCE_GIT_SHA_W0
XDMA_USER_NODE=/dev/xdma0_user
AXI_LITE_OFFSET=0x00000010
AXI_LITE_OBSERVED=0x00000000
AXI_LITE_EXPECTED=0x00000000
AXI_LITE_READ_RESULT=PASS
RAW_END=PROVENANCE_GIT_SHA_W0
PROVENANCE_FIELD=GIT_SHA_W0 OFFSET=0x00000010 VALUE=0x00000000 READER_RC=0
RAW_BEGIN=PROVENANCE_GIT_SHA_W1
XDMA_USER_NODE=/dev/xdma0_user
AXI_LITE_OFFSET=0x00000014
AXI_LITE_OBSERVED=0x00000000
AXI_LITE_EXPECTED=0x00000000
AXI_LITE_READ_RESULT=PASS
RAW_END=PROVENANCE_GIT_SHA_W1
PROVENANCE_FIELD=GIT_SHA_W1 OFFSET=0x00000014 VALUE=0x00000000 READER_RC=0
RAW_BEGIN=PROVENANCE_GIT_SHA_W2
XDMA_USER_NODE=/dev/xdma0_user
AXI_LITE_OFFSET=0x00000018
AXI_LITE_OBSERVED=0x00000000
AXI_LITE_EXPECTED=0x00000000
AXI_LITE_READ_RESULT=PASS
RAW_END=PROVENANCE_GIT_SHA_W2
PROVENANCE_FIELD=GIT_SHA_W2 OFFSET=0x00000018 VALUE=0x00000000 READER_RC=0
RAW_BEGIN=PROVENANCE_GIT_SHA_W3
XDMA_USER_NODE=/dev/xdma0_user
AXI_LITE_OFFSET=0x0000001C
AXI_LITE_OBSERVED=0x00000000
AXI_LITE_EXPECTED=0x00000000
AXI_LITE_READ_RESULT=PASS
RAW_END=PROVENANCE_GIT_SHA_W3
PROVENANCE_FIELD=GIT_SHA_W3 OFFSET=0x0000001C VALUE=0x00000000 READER_RC=0
RAW_BEGIN=PROVENANCE_GIT_SHA_W4
XDMA_USER_NODE=/dev/xdma0_user
AXI_LITE_OFFSET=0x00000020
AXI_LITE_OBSERVED=0x00000000
AXI_LITE_EXPECTED=0x00000000
AXI_LITE_READ_RESULT=PASS
RAW_END=PROVENANCE_GIT_SHA_W4
PROVENANCE_FIELD=GIT_SHA_W4 OFFSET=0x00000020 VALUE=0x00000000 READER_RC=0
RAW_BEGIN=PROVENANCE_BUILD_FLAGS
XDMA_USER_NODE=/dev/xdma0_user
AXI_LITE_OFFSET=0x0000002C
AXI_LITE_OBSERVED=0x00000000
AXI_LITE_EXPECTED=0x00000000
AXI_LITE_READ_RESULT=PASS
RAW_END=PROVENANCE_BUILD_FLAGS
PROVENANCE_FIELD=BUILD_FLAGS OFFSET=0x0000002C VALUE=0x00000000 READER_RC=0
SNAPSHOT_BEGIN=T0 UTC=2026-08-21T22:30:23.050937996Z
RAW_BEGIN=T0_FRAME
XDMA_USER_NODE=/dev/xdma0_user
AXI_LITE_OFFSET=0x00000060
AXI_LITE_OBSERVED=0x00000000
AXI_LITE_EXPECTED=0x00000000
AXI_LITE_READ_RESULT=PASS
RAW_END=T0_FRAME
SNAPSHOT=T0 FIELD=FRAME OFFSET=0x00000060 VALUE=0x00000000 READER_RC=0 READ_START_NS=1787351423053915003 READ_END_NS=1787351423059506726
RAW_BEGIN=T0_VCLK
XDMA_USER_NODE=/dev/xdma0_user
AXI_LITE_OFFSET=0x00000080
AXI_LITE_OBSERVED=0xE2BFEA5B
AXI_LITE_EXPECTED=0x00000000
AXI_LITE_READ_RESULT=FAIL
RAW_END=T0_VCLK
SNAPSHOT=T0 FIELD=VCLK OFFSET=0x00000080 VALUE=0xE2BFEA5B READER_RC=3 READ_START_NS=1787351423062688172 READ_END_NS=1787351423068067703
RAW_BEGIN=T0_SAV
XDMA_USER_NODE=/dev/xdma0_user
AXI_LITE_OFFSET=0x00000084
AXI_LITE_OBSERVED=0x00000000
AXI_LITE_EXPECTED=0x00000000
AXI_LITE_READ_RESULT=PASS
RAW_END=T0_SAV
SNAPSHOT=T0 FIELD=SAV OFFSET=0x00000084 VALUE=0x00000000 READER_RC=0 READ_START_NS=1787351423071094853 READ_END_NS=1787351423076634490
RAW_BEGIN=T0_RECORD_COMMIT
XDMA_USER_NODE=/dev/xdma0_user
AXI_LITE_OFFSET=0x00000088
AXI_LITE_OBSERVED=0x00000000
AXI_LITE_EXPECTED=0x00000000
AXI_LITE_READ_RESULT=PASS
RAW_END=T0_RECORD_COMMIT
SNAPSHOT=T0 FIELD=RECORD_COMMIT OFFSET=0x00000088 VALUE=0x00000000 READER_RC=0 READ_START_NS=1787351423080239459 READ_END_NS=1787351423085711842
RAW_BEGIN=T0_STATUS
XDMA_USER_NODE=/dev/xdma0_user
AXI_LITE_OFFSET=0x0000008C
AXI_LITE_OBSERVED=0x000000FB
AXI_LITE_EXPECTED=0x00000000
AXI_LITE_READ_RESULT=FAIL
RAW_END=T0_STATUS
SNAPSHOT=T0 FIELD=STATUS OFFSET=0x0000008C VALUE=0x000000FB READER_RC=3 READ_START_NS=1787351423088680483 READ_END_NS=1787351423093794063
RAW_BEGIN=T0_NACK
XDMA_USER_NODE=/dev/xdma0_user
AXI_LITE_OFFSET=0x00000090
AXI_LITE_OBSERVED=0x00000005
AXI_LITE_EXPECTED=0x00000000
AXI_LITE_READ_RESULT=FAIL
RAW_END=T0_NACK
SNAPSHOT=T0 FIELD=NACK OFFSET=0x00000090 VALUE=0x00000005 READER_RC=3 READ_START_NS=1787351423097183362 READ_END_NS=1787351423103184363
RAW_BEGIN=T0_TIMEOUT
XDMA_USER_NODE=/dev/xdma0_user
AXI_LITE_OFFSET=0x00000094
AXI_LITE_OBSERVED=0x00000000
AXI_LITE_EXPECTED=0x00000000
AXI_LITE_READ_RESULT=PASS
RAW_END=T0_TIMEOUT
SNAPSHOT=T0 FIELD=TIMEOUT OFFSET=0x00000094 VALUE=0x00000000 READER_RC=0 READ_START_NS=1787351423106495288 READ_END_NS=1787351423112069409
RAW_BEGIN=T0_SUMMARY
XDMA_USER_NODE=/dev/xdma0_user
AXI_LITE_OFFSET=0x00000098
AXI_LITE_OBSERVED=0x00D608F9
AXI_LITE_EXPECTED=0x00000000
AXI_LITE_READ_RESULT=FAIL
RAW_END=T0_SUMMARY
SNAPSHOT=T0 FIELD=SUMMARY OFFSET=0x00000098 VALUE=0x00D608F9 READER_RC=3 READ_START_NS=1787351423114787046 READ_END_NS=1787351423119444662
RAW_BEGIN=T0_FIRST_ERROR
XDMA_USER_NODE=/dev/xdma0_user
AXI_LITE_OFFSET=0x0000009C
AXI_LITE_OBSERVED=0x8002BA00
AXI_LITE_EXPECTED=0x00000000
AXI_LITE_READ_RESULT=FAIL
RAW_END=T0_FIRST_ERROR
SNAPSHOT=T0 FIELD=FIRST_ERROR OFFSET=0x0000009C VALUE=0x8002BA00 READER_RC=3 READ_START_NS=1787351423122452666 READ_END_NS=1787351423127803424
RAW_BEGIN=T0_DETAIL0
XDMA_USER_NODE=/dev/xdma0_user
AXI_LITE_OFFSET=0x000000A0
AXI_LITE_OBSERVED=0x00D6F908
AXI_LITE_EXPECTED=0x00000000
AXI_LITE_READ_RESULT=FAIL
RAW_END=T0_DETAIL0
SNAPSHOT=T0 FIELD=DETAIL0 OFFSET=0x000000A0 VALUE=0x00D6F908 READER_RC=3 READ_START_NS=1787351423130827939 READ_END_NS=1787351423136131209
RAW_BEGIN=T0_DETAIL1
XDMA_USER_NODE=/dev/xdma0_user
AXI_LITE_OFFSET=0x000000A4
AXI_LITE_OBSERVED=0xFF0001FA
AXI_LITE_EXPECTED=0x00000000
AXI_LITE_READ_RESULT=FAIL
RAW_END=T0_DETAIL1
SNAPSHOT=T0 FIELD=DETAIL1 OFFSET=0x000000A4 VALUE=0xFF0001FA READER_RC=3 READ_START_NS=1787351423139181201 READ_END_NS=1787351423145117132
RAW_BEGIN=T0_DETAIL2
XDMA_USER_NODE=/dev/xdma0_user
AXI_LITE_OFFSET=0x000000A8
AXI_LITE_OBSERVED=0x02010000
AXI_LITE_EXPECTED=0x00000000
AXI_LITE_READ_RESULT=FAIL
RAW_END=T0_DETAIL2
SNAPSHOT=T0 FIELD=DETAIL2 OFFSET=0x000000A8 VALUE=0x02010000 READER_RC=3 READ_START_NS=1787351423148410604 READ_END_NS=1787351423154423828
RAW_BEGIN=T0_DETAIL3
XDMA_USER_NODE=/dev/xdma0_user
AXI_LITE_OFFSET=0x000000AC
AXI_LITE_OBSERVED=0x00C501BA
AXI_LITE_EXPECTED=0x00000000
AXI_LITE_READ_RESULT=FAIL
RAW_END=T0_DETAIL3
SNAPSHOT=T0 FIELD=DETAIL3 OFFSET=0x000000AC VALUE=0x00C501BA READER_RC=3 READ_START_NS=1787351423157794393 READ_END_NS=1787351423163934311
RAW_BEGIN=T0_DETAIL4
XDMA_USER_NODE=/dev/xdma0_user
AXI_LITE_OFFSET=0x000000B0
AXI_LITE_OBSERVED=0x00000005
AXI_LITE_EXPECTED=0x00000000
AXI_LITE_READ_RESULT=FAIL
RAW_END=T0_DETAIL4
SNAPSHOT=T0 FIELD=DETAIL4 OFFSET=0x000000B0 VALUE=0x00000005 READER_RC=3 READ_START_NS=1787351423166895218 READ_END_NS=1787351423172245134
RAW_BEGIN=T0_DETAIL5
XDMA_USER_NODE=/dev/xdma0_user
AXI_LITE_OFFSET=0x000000B4
AXI_LITE_OBSERVED=0x01000000
AXI_LITE_EXPECTED=0x00000000
AXI_LITE_READ_RESULT=FAIL
RAW_END=T0_DETAIL5
SNAPSHOT=T0 FIELD=DETAIL5 OFFSET=0x000000B4 VALUE=0x01000000 READER_RC=3 READ_START_NS=1787351423175251025 READ_END_NS=1787351423181014867
SNAPSHOT_END=T0 UTC=2026-08-21T22:30:23.184308940Z
SNAPSHOT_BEGIN=T1 UTC=2026-08-21T22:30:24.191169786Z
RAW_BEGIN=T1_FRAME
XDMA_USER_NODE=/dev/xdma0_user
AXI_LITE_OFFSET=0x00000060
AXI_LITE_OBSERVED=0x00000000
AXI_LITE_EXPECTED=0x00000000
AXI_LITE_READ_RESULT=PASS
RAW_END=T1_FRAME
SNAPSHOT=T1 FIELD=FRAME OFFSET=0x00000060 VALUE=0x00000000 READER_RC=0 READ_START_NS=1787351424194141523 READ_END_NS=1787351424201217232
RAW_BEGIN=T1_VCLK
XDMA_USER_NODE=/dev/xdma0_user
AXI_LITE_OFFSET=0x00000080
AXI_LITE_OBSERVED=0xECDD8F71
AXI_LITE_EXPECTED=0x00000000
AXI_LITE_READ_RESULT=FAIL
RAW_END=T1_VCLK
SNAPSHOT=T1 FIELD=VCLK OFFSET=0x00000080 VALUE=0xECDD8F71 READER_RC=3 READ_START_NS=1787351424204866062 READ_END_NS=1787351424211376956
RAW_BEGIN=T1_SAV
XDMA_USER_NODE=/dev/xdma0_user
AXI_LITE_OFFSET=0x00000084
AXI_LITE_OBSERVED=0x00000000
AXI_LITE_EXPECTED=0x00000000
AXI_LITE_READ_RESULT=PASS
RAW_END=T1_SAV
SNAPSHOT=T1 FIELD=SAV OFFSET=0x00000084 VALUE=0x00000000 READER_RC=0 READ_START_NS=1787351424215051664 READ_END_NS=1787351424221162027
RAW_BEGIN=T1_RECORD_COMMIT
XDMA_USER_NODE=/dev/xdma0_user
AXI_LITE_OFFSET=0x00000088
AXI_LITE_OBSERVED=0x00000000
AXI_LITE_EXPECTED=0x00000000
AXI_LITE_READ_RESULT=PASS
RAW_END=T1_RECORD_COMMIT
SNAPSHOT=T1 FIELD=RECORD_COMMIT OFFSET=0x00000088 VALUE=0x00000000 READER_RC=0 READ_START_NS=1787351424224079053 READ_END_NS=1787351424229851401
RAW_BEGIN=T1_STATUS
XDMA_USER_NODE=/dev/xdma0_user
AXI_LITE_OFFSET=0x0000008C
AXI_LITE_OBSERVED=0x000000FB
AXI_LITE_EXPECTED=0x00000000
AXI_LITE_READ_RESULT=FAIL
RAW_END=T1_STATUS
SNAPSHOT=T1 FIELD=STATUS OFFSET=0x0000008C VALUE=0x000000FB READER_RC=3 READ_START_NS=1787351424233104869 READ_END_NS=1787351424239062520
RAW_BEGIN=T1_NACK
XDMA_USER_NODE=/dev/xdma0_user
AXI_LITE_OFFSET=0x00000090
AXI_LITE_OBSERVED=0x00000005
AXI_LITE_EXPECTED=0x00000000
AXI_LITE_READ_RESULT=FAIL
RAW_END=T1_NACK
SNAPSHOT=T1 FIELD=NACK OFFSET=0x00000090 VALUE=0x00000005 READER_RC=3 READ_START_NS=1787351424241993682 READ_END_NS=1787351424247879340
RAW_BEGIN=T1_TIMEOUT
XDMA_USER_NODE=/dev/xdma0_user
AXI_LITE_OFFSET=0x00000094
AXI_LITE_OBSERVED=0x00000000
AXI_LITE_EXPECTED=0x00000000
AXI_LITE_READ_RESULT=PASS
RAW_END=T1_TIMEOUT
SNAPSHOT=T1 FIELD=TIMEOUT OFFSET=0x00000094 VALUE=0x00000000 READER_RC=0 READ_START_NS=1787351424251104115 READ_END_NS=1787351424256976237
RAW_BEGIN=T1_SUMMARY
XDMA_USER_NODE=/dev/xdma0_user
AXI_LITE_OFFSET=0x00000098
AXI_LITE_OBSERVED=0x00D608F9
AXI_LITE_EXPECTED=0x00000000
AXI_LITE_READ_RESULT=FAIL
RAW_END=T1_SUMMARY
SNAPSHOT=T1 FIELD=SUMMARY OFFSET=0x00000098 VALUE=0x00D608F9 READER_RC=3 READ_START_NS=1787351424259923860 READ_END_NS=1787351424265813134
RAW_BEGIN=T1_FIRST_ERROR
XDMA_USER_NODE=/dev/xdma0_user
AXI_LITE_OFFSET=0x0000009C
AXI_LITE_OBSERVED=0x8002BA00
AXI_LITE_EXPECTED=0x00000000
AXI_LITE_READ_RESULT=FAIL
RAW_END=T1_FIRST_ERROR
SNAPSHOT=T1 FIELD=FIRST_ERROR OFFSET=0x0000009C VALUE=0x8002BA00 READER_RC=3 READ_START_NS=1787351424269059029 READ_END_NS=1787351424274399458
RAW_BEGIN=T1_DETAIL0
XDMA_USER_NODE=/dev/xdma0_user
AXI_LITE_OFFSET=0x000000A0
AXI_LITE_OBSERVED=0x00D6F908
AXI_LITE_EXPECTED=0x00000000
AXI_LITE_READ_RESULT=FAIL
RAW_END=T1_DETAIL0
SNAPSHOT=T1 FIELD=DETAIL0 OFFSET=0x000000A0 VALUE=0x00D6F908 READER_RC=3 READ_START_NS=1787351424277499973 READ_END_NS=1787351424283330689
RAW_BEGIN=T1_DETAIL1
XDMA_USER_NODE=/dev/xdma0_user
AXI_LITE_OFFSET=0x000000A4
AXI_LITE_OBSERVED=0xFF0001FA
AXI_LITE_EXPECTED=0x00000000
AXI_LITE_READ_RESULT=FAIL
RAW_END=T1_DETAIL1
SNAPSHOT=T1 FIELD=DETAIL1 OFFSET=0x000000A4 VALUE=0xFF0001FA READER_RC=3 READ_START_NS=1787351424286278602 READ_END_NS=1787351424291819732
RAW_BEGIN=T1_DETAIL2
XDMA_USER_NODE=/dev/xdma0_user
AXI_LITE_OFFSET=0x000000A8
AXI_LITE_OBSERVED=0x02010000
AXI_LITE_EXPECTED=0x00000000
AXI_LITE_READ_RESULT=FAIL
RAW_END=T1_DETAIL2
SNAPSHOT=T1 FIELD=DETAIL2 OFFSET=0x000000A8 VALUE=0x02010000 READER_RC=3 READ_START_NS=1787351424294726509 READ_END_NS=1787351424300180949
RAW_BEGIN=T1_DETAIL3
XDMA_USER_NODE=/dev/xdma0_user
AXI_LITE_OFFSET=0x000000AC
AXI_LITE_OBSERVED=0x00C501BA
AXI_LITE_EXPECTED=0x00000000
AXI_LITE_READ_RESULT=FAIL
RAW_END=T1_DETAIL3
SNAPSHOT=T1 FIELD=DETAIL3 OFFSET=0x000000AC VALUE=0x00C501BA READER_RC=3 READ_START_NS=1787351424303616374 READ_END_NS=1787351424309062889
RAW_BEGIN=T1_DETAIL4
XDMA_USER_NODE=/dev/xdma0_user
AXI_LITE_OFFSET=0x000000B0
AXI_LITE_OBSERVED=0x00000005
AXI_LITE_EXPECTED=0x00000000
AXI_LITE_READ_RESULT=FAIL
RAW_END=T1_DETAIL4
SNAPSHOT=T1 FIELD=DETAIL4 OFFSET=0x000000B0 VALUE=0x00000005 READER_RC=3 READ_START_NS=1787351424312257439 READ_END_NS=1787351424318326115
RAW_BEGIN=T1_DETAIL5
XDMA_USER_NODE=/dev/xdma0_user
AXI_LITE_OFFSET=0x000000B4
AXI_LITE_OBSERVED=0x01000000
AXI_LITE_EXPECTED=0x00000000
AXI_LITE_READ_RESULT=FAIL
RAW_END=T1_DETAIL5
SNAPSHOT=T1 FIELD=DETAIL5 OFFSET=0x000000B4 VALUE=0x01000000 READER_RC=3 READ_START_NS=1787351424320898944 READ_END_NS=1787351424326960076
SNAPSHOT_END=T1 UTC=2026-08-21T22:30:24.330162180Z
BOOT_ID_AFTER=7f8db2e5-12aa-4421-b44a-28e72fff483f
BOOT_ID_STABILITY=PASS
MMIO_READS_THIS_TRANSACTION=40
AXI_LITE_WRITES_THIS_TRANSACTION=0
C2H_TRANSFERS_THIS_TRANSACTION=0
H2C_TRANSFERS_THIS_TRANSACTION=0
TELEMETRY_READ_ONLY=YES
STDOUT_END
STDERR_BEGIN

STDERR_END
