#-----------------------------------------------------------
# xsim v2025.2 (64-bit)
# SW Build 6299465 on Fri Nov 14 19:35:11 GMT 2025
# IP Build 6300035 on Fri Nov 14 10:48:45 MST 2025
# SharedData Build 6298862 on Thu Nov 13 04:50:51 MST 2025
# Start of session at: Wed Sep  9 23:29:40 2026
# Process ID         : 16964
# Current directory  : C:/FPGA/G2B_NVP_VIDEO_DIAG1_R1_20260909T203832Z/build/simulation_gate_committed_final
# Command line       : xsim.exe -log C:\FPGA\G2B_NVP_VIDEO_DIAG1_R1_20260909T203832Z\build\simulation_gate_committed_final\i2c_xsim.log -mode tcl -source {xsim.dir/nvp_diag1_i2c/xsim_script.tcl}
# Log file           : C:/FPGA/G2B_NVP_VIDEO_DIAG1_R1_20260909T203832Z/build/simulation_gate_committed_final/i2c_xsim.log
# Journal file       : C:/FPGA/G2B_NVP_VIDEO_DIAG1_R1_20260909T203832Z/build/simulation_gate_committed_final\xsim.jou
# Running On         : NBLSUDUL
# Platform           : Windows Server 2016 or Windows 10
# Operating System   : 19045
# Processor Detail   : Intel(R) Core(TM) i7-7500U CPU @ 2.70GHz
# CPU Frequency      : 2904 MHz
# CPU Physical cores : 2
# CPU Logical cores  : 4
# Host memory        : 17028 MB
# Swap memory        : 4294 MB
# Total Virtual      : 21323 MB
# Available Virtual  : 11612 MB
#-----------------------------------------------------------
source xsim.dir/nvp_diag1_i2c/xsim_script.tcl
# xsim {nvp_diag1_i2c} -autoloadwcfg -runall
Time resolution is 1 ps
run -all
PASS NVP_I2C_FIXED_MASTER_PHYSICAL_TRANSACTION_GATE
PASS OPEN_DRAIN_RELEASE_AND_ONE_MASTER_INTERFACE
PASS BOUNDED_NACK_BUS_IDLE_AND_FINAL_IDLE_FAILURES
$finish called at time : 21425 ns : File "C:/FPGA/V41_G2B_NVP_VIDEO_DIAG1/tests/nvp_video_diag/tb_nvp_i2c_fixed_master.sv" Line 137
exit
INFO: [Common 17-206] Exiting xsim at Wed Sep  9 23:29:43 2026...
