#-----------------------------------------------------------
# xsim v2025.2 (64-bit)
# SW Build 6299465 on Fri Nov 14 19:35:11 GMT 2025
# IP Build 6300035 on Fri Nov 14 10:48:45 MST 2025
# SharedData Build 6298862 on Thu Nov 13 04:50:51 MST 2025
# Start of session at: Wed Sep  9 08:33:52 2026
# Process ID         : 12100
# Current directory  : C:/FPGA/G2B_BT656_FIX1_20260909T060432Z/build/sim_h2_h3_tail_policy_r1
# Command line       : xsim.exe -log xsim.log -mode tcl -source {xsim.dir/fix1_h2_h3_r1/xsim_script.tcl}
# Log file           : C:/FPGA/G2B_BT656_FIX1_20260909T060432Z/build/sim_h2_h3_tail_policy_r1/xsim.log
# Journal file       : C:/FPGA/G2B_BT656_FIX1_20260909T060432Z/build/sim_h2_h3_tail_policy_r1\xsim.jou
# Running On         : NBLSUDUL
# Platform           : Windows Server 2016 or Windows 10
# Operating System   : 19045
# Processor Detail   : Intel(R) Core(TM) i7-7500U CPU @ 2.70GHz
# CPU Frequency      : 2904 MHz
# CPU Physical cores : 2
# CPU Logical cores  : 4
# Host memory        : 17028 MB
# Swap memory        : 4294 MB
# Total Virtual      : 21323 MB
# Available Virtual  : 12487 MB
#-----------------------------------------------------------
source xsim.dir/fix1_h2_h3_r1/xsim_script.tcl
# xsim {fix1_h2_h3_r1} -autoloadwcfg -runall
Time resolution is 1 ps
run -all
G2B_BT656_SHORT_TAIL_CASE_PASS tail_lines=0
G2B_BT656_SHORT_TAIL_CASE_PASS tail_lines=1
G2B_BT656_SHORT_TAIL_CASE_PASS tail_lines=20
G2B_BT656_OVERLONG_TAIL_CASE_PASS line=1101 malformed_delta=1 active_records=0 tail_capture_increments=21
G2B_BT656_VERTICAL_TAIL_POLICY_FIX1_PASS shorter=0,1,20 overlong=1101 malformed_once=1
$finish called at time : 113787771734 ps : File "C:/FPGA/V41_G2B_BT656_FIX/tests/g2b/tb_g2b_bt656_vertical_tail_policy_fix1.sv" Line 331
run: Time (s): cpu = 00:00:01 ; elapsed = 00:03:19 . Memory (MB): peak = 203.637 ; gain = 0.062
exit
INFO: xsimkernel Simulation Memory Usage: 10256 KB (Peak: 10256 KB), Simulation CPU Usage: 199296 ms
INFO: [Common 17-206] Exiting xsim at Wed Sep  9 08:37:14 2026...
