#-----------------------------------------------------------
# xsim v2025.2 (64-bit)
# SW Build 6299465 on Fri Nov 14 19:35:11 GMT 2025
# IP Build 6300035 on Fri Nov 14 10:48:45 MST 2025
# SharedData Build 6298862 on Thu Nov 13 04:50:51 MST 2025
# Start of session at: Wed Sep  9 08:29:39 2026
# Process ID         : 16016
# Current directory  : C:/FPGA/G2B_BT656_FIX1_20260909T060432Z/build/sim_h1_captured_tail
# Command line       : xsim.exe -log xsim.log -mode tcl -source {xsim.dir/fix1_h1/xsim_script.tcl}
# Log file           : C:/FPGA/G2B_BT656_FIX1_20260909T060432Z/build/sim_h1_captured_tail/xsim.log
# Journal file       : C:/FPGA/G2B_BT656_FIX1_20260909T060432Z/build/sim_h1_captured_tail\xsim.jou
# Running On         : NBLSUDUL
# Platform           : Windows Server 2016 or Windows 10
# Operating System   : 19045
# Processor Detail   : Intel(R) Core(TM) i7-7500U CPU @ 2.70GHz
# CPU Frequency      : 2904 MHz
# CPU Physical cores : 2
# CPU Logical cores  : 4
# Host memory        : 17028 MB
# Swap memory        : 4294 MB
# Total Virtual      : 21323 MB
# Available Virtual  : 12416 MB
#-----------------------------------------------------------
source xsim.dir/fix1_h1/xsim_script.tcl
# xsim {fix1_h1} -autoloadwcfg -runall
Time resolution is 1 ps
run -all
G2B_BT656_LINE0_SOF_FIX_PASS records=12 line0_commit=1 line0_flags=00000021 line1_commit=1 line1_flags=00000020 malformed_delta=0 drop_delta=0 attempted_tail_delta=0 committed_tail_delta=0 overflow_tail_delta=0 capture_delta=22 attempt_delta=1 global_delta=1
$finish called at time : 30122528800 ps : File "C:/FPGA/V41_G2B_BT656_FIX/tests/g2b/tb_g2b_bt656_line0_sof_fix.sv" Line 307
run: Time (s): cpu = 00:00:02 ; elapsed = 00:00:55 . Memory (MB): peak = 203.988 ; gain = 0.000
exit
INFO: xsimkernel Simulation Memory Usage: 10280 KB (Peak: 10280 KB), Simulation CPU Usage: 54780 ms
INFO: [Common 17-206] Exiting xsim at Wed Sep  9 08:30:42 2026...
