#-----------------------------------------------------------
# xsim v2025.2 (64-bit)
# SW Build 6299465 on Fri Nov 14 19:35:11 GMT 2025
# IP Build 6300035 on Fri Nov 14 10:48:45 MST 2025
# SharedData Build 6298862 on Thu Nov 13 04:50:51 MST 2025
# Start of session at: Wed Sep  9 08:38:30 2026
# Process ID         : 15788
# Current directory  : C:/FPGA/G2B_BT656_FIX1_20260909T060432Z/build/sim_mmio_router
# Command line       : xsim.exe -log C:\FPGA\G2B_BT656_FIX1_20260909T060432Z\build\sim_mmio_router\router_xsim.log -mode tcl -source {xsim.dir/g2b_mmio_router_xsim/xsim_script.tcl}
# Log file           : C:/FPGA/G2B_BT656_FIX1_20260909T060432Z/build/sim_mmio_router/router_xsim.log
# Journal file       : C:/FPGA/G2B_BT656_FIX1_20260909T060432Z/build/sim_mmio_router\xsim.jou
# Running On         : NBLSUDUL
# Platform           : Windows Server 2016 or Windows 10
# Operating System   : 19045
# Processor Detail   : Intel(R) Core(TM) i7-7500U CPU @ 2.70GHz
# CPU Frequency      : 2904 MHz
# CPU Physical cores : 2
# CPU Logical cores  : 4
# Host memory        : 17028 MB
# Swap memory        : 4294 MB
# Total Virtual      : 21323 MB
# Available Virtual  : 12412 MB
#-----------------------------------------------------------
source xsim.dir/g2b_mmio_router_xsim/xsim_script.tcl
# xsim {g2b_mmio_router_xsim} -autoloadwcfg -runall
Time resolution is 1 ps
run -all
G2B_MMIO_ROUTER_XSIM_PASS addresses=131072 boundaries=9
$finish called at time : 131085 ps : File "C:/FPGA/V41_G2B_BT656_FIX/tests/g2b/tb_v41_g2b_mmio_router.sv" Line 206
exit
INFO: [Common 17-206] Exiting xsim at Wed Sep  9 08:38:34 2026...
