#-----------------------------------------------------------
# xsim v2025.2 (64-bit)
# SW Build 6299465 on Fri Nov 14 19:35:11 GMT 2025
# IP Build 6300035 on Fri Nov 14 10:48:45 MST 2025
# SharedData Build 6298862 on Thu Nov 13 04:50:51 MST 2025
# Start of session at: Wed Sep  9 08:38:28 2026
# Process ID         : 19116
# Current directory  : C:/FPGA/G2B_BT656_FIX1_20260909T060432Z/build/sim_product_profile
# Command line       : xsim.exe -log C:\FPGA\G2B_BT656_FIX1_20260909T060432Z\build\sim_product_profile\xsim.log -mode tcl -source {xsim.dir/g2b_product_profile_xsim/xsim_script.tcl}
# Log file           : C:/FPGA/G2B_BT656_FIX1_20260909T060432Z/build/sim_product_profile/xsim.log
# Journal file       : C:/FPGA/G2B_BT656_FIX1_20260909T060432Z/build/sim_product_profile\xsim.jou
# Running On         : NBLSUDUL
# Platform           : Windows Server 2016 or Windows 10
# Operating System   : 19045
# Processor Detail   : Intel(R) Core(TM) i7-7500U CPU @ 2.70GHz
# CPU Frequency      : 2904 MHz
# CPU Physical cores : 2
# CPU Logical cores  : 4
# Host memory        : 17028 MB
# Swap memory        : 4294 MB
# Total Virtual      : 21323 MB
# Available Virtual  : 12351 MB
#-----------------------------------------------------------
source xsim.dir/g2b_product_profile_xsim/xsim_script.tcl
# xsim {g2b_product_profile_xsim} -autoloadwcfg -runall
Time resolution is 1 ps
run -all
G2B_PRODUCT_PROFILE_XSIM_PASS checks=37
$finish called at time : 766 ns : File "C:/FPGA/V41_G2B_BT656_FIX/tests/g2b/tb_v41_g2b_product_profile.sv" Line 162
exit
INFO: [Common 17-206] Exiting xsim at Wed Sep  9 08:38:30 2026...
