#-----------------------------------------------------------
# xsim v2025.2 (64-bit)
# SW Build 6299465 on Fri Nov 14 19:35:11 GMT 2025
# IP Build 6300035 on Fri Nov 14 10:48:45 MST 2025
# SharedData Build 6298862 on Thu Nov 13 04:50:51 MST 2025
# Start of session at: Wed Sep  9 08:37:43 2026
# Process ID         : 12448
# Current directory  : C:/FPGA/G2B_BT656_FIX1_20260909T060432Z/build/sim_full_g2b_regression
# Command line       : xsim.exe -log C:\FPGA\G2B_BT656_FIX1_20260909T060432Z\build\sim_full_g2b_regression\xsim.log -mode tcl -source {xsim.dir/g2b_onech_c2h_xsim/xsim_script.tcl}
# Log file           : C:/FPGA/G2B_BT656_FIX1_20260909T060432Z/build/sim_full_g2b_regression/xsim.log
# Journal file       : C:/FPGA/G2B_BT656_FIX1_20260909T060432Z/build/sim_full_g2b_regression\xsim.jou
# Running On         : NBLSUDUL
# Platform           : Windows Server 2016 or Windows 10
# Operating System   : 19045
# Processor Detail   : Intel(R) Core(TM) i7-7500U CPU @ 2.70GHz
# CPU Frequency      : 2904 MHz
# CPU Physical cores : 2
# CPU Logical cores  : 4
# Host memory        : 17028 MB
# Swap memory        : 4294 MB
# Total Virtual      : 21323 MB
# Available Virtual  : 12467 MB
#-----------------------------------------------------------
source xsim.dir/g2b_onech_c2h_xsim/xsim_script.tcl
# xsim {g2b_onech_c2h_xsim} -autoloadwcfg -runall
Time resolution is 1 ps
run -all
G2B_ONECH_C2H_XSIM_PASS records=16 bytes=65536 releases=16 expected_queue=16
$finish called at time : 924136 ns : File "C:/FPGA/V41_G2B_BT656_FIX/tests/g2b/tb_v41_g2b_onech_c2h.sv" Line 2184
exit
INFO: [Common 17-206] Exiting xsim at Wed Sep  9 08:37:48 2026...
