BUS_SKEW_STATE=RUNNING
ROUTED_DCP=C:\FPGA\W3A_C3_PNR1_20260917T221245Z\input\C3_POST_ROUTE_BYTE_VERIFIED_COPY.dcp
ROUTED_DCP_SHA256=A99EDFE4DF21A3607EC1C31464AD4A03EC6717FCBABBC2979FDA4DFF48E188A5
FULL_RAW_XDC_SHA256=403C15AA9216D6E7653D1489D4B29C8ABF86CBED97874EFE363FBAF598344A36
BASE_RAW_XDC_SHA256=E707BCD3EDDD89974D803462CF424883B33EE1996B4941FD0D78F9F6FC5FA7EE
FULL_RAW_BUS_SKEW_CONSTRAINTS=11
BASE_RAW_BUS_SKEW_CONSTRAINTS=0
PRE_SETUP_WNS=0.102
PRE_HOLD_WHS=0.031
FULL_SEMANTIC_XDC_SHA256=69B3BCFE800966181C19D9FE2B5CFDF73E4B5C0B46E5F5689AC378F095C9060A
FULL_SEMANTIC_XDC_CANONICAL_SHA256=4EDC4305DFD5B6A0F2EEA9E45CEABDDF4DC74B30A2CD9B394ED22E7500FC1B44
FULL_NORMALIZATION_PASSES=3
BASE_SEMANTIC_XDC_SHA256=986DD018072C0E78EB70D4C0D3AE8E2D9C02A49A34EDC69178078D980883D99D
BASE_SEMANTIC_XDC_CANONICAL_SHA256=71AA6C415CD652DD6B1370BC545686ADB5FDE68D05747E0238F77D85CDF9F5BC
BASE_NORMALIZATION_PASSES=2
FULL_BUS_SKEW_CONSTRAINTS=11
BASE_BUS_SKEW_CONSTRAINTS=0
BASE_MAX_DELAY_CONSTRAINTS=26
BASE_FALSE_PATH_CONSTRAINTS=30
BASE_CLOCK_GROUP_CONSTRAINTS=1
GROUP_1_NAME=CFG_PCIE_TO_NVP
GROUP_1_SOURCE_COUNT=74
GROUP_1_DESTINATION_COUNT=74
GROUP_1_OBJECTS_SHA256=A3EFF874297EEE7D505F91F1BA53FC6B7FB797B8E5AEBB6ED5A7AD914C84B9C6
GROUP_1_ISOLATED_XDC_SHA256=5CBEF35982214231258160E437320D40682D17323783EB36A810073E7E458E45
GROUP_1_RAW_REPORT_SHA256=42753126D368EACB8072B55C4F7F809233051854B857BFAA26D7F4C8A0F40B0E
GROUP_1_CORNER=Slow
GROUP_1_REQUIREMENT_NS=3.000
GROUP_1_ACTUAL_NS=1.076
GROUP_1_SLACK_NS=1.924
GROUP_1_NEGATIVE_DISPLAY=0
GROUP_1_VIOLATION_MARKER=0
GROUP_1_REPORT_ELAPSED_MS=27999
GROUP_1_RESULT=PASS
GROUP_2_NAME=STATUS_NVP_TO_PCIE
GROUP_2_SOURCE_COUNT=291
GROUP_2_DESTINATION_COUNT=291
GROUP_2_OBJECTS_SHA256=FB5316BF22C23E5C04DFFEF26B4BAC856487C45E407633C30060808EF8CF9F55
GROUP_2_ISOLATED_XDC_SHA256=E40DBE842DF09BDCE471C20A48D628D89B72353789F3B037FFB57BCD710F803B
GROUP_2_RAW_REPORT_SHA256=13D1C288F6884D3822239379B28029C7F94C3B26E489CA71566232FCB46BE5B3
GROUP_2_CORNER=Slow
GROUP_2_REQUIREMENT_NS=3.000
GROUP_2_ACTUAL_NS=1.749
GROUP_2_SLACK_NS=1.251
GROUP_2_NEGATIVE_DISPLAY=0
GROUP_2_VIOLATION_MARKER=0
GROUP_2_REPORT_ELAPSED_MS=29278
GROUP_2_RESULT=PASS
GROUP_3_NAME=DIAGNOSTIC_GRAY_TO_FIRST_STAGE
GROUP_3_SOURCE_COUNT=96
GROUP_3_DESTINATION_COUNT=96
GROUP_3_OBJECTS_SHA256=58626920E31E015E2EBA449F6CF551E5809E497EBD78C98A64E661BC78F071DF
GROUP_3_ISOLATED_XDC_SHA256=63B527A038A80A6CF70551099E5740F66A644B1C39B9DEB72785AD42293B549C
GROUP_3_RAW_REPORT_SHA256=925E010EC5EC5DE3D390A00B541AB2744A23C26CBABB38DEF760639AD1505049
GROUP_3_CORNER=Slow
GROUP_3_REQUIREMENT_NS=3.000
GROUP_3_ACTUAL_NS=1.099
GROUP_3_SLACK_NS=1.901
GROUP_3_NEGATIVE_DISPLAY=0
GROUP_3_VIOLATION_MARKER=0
GROUP_3_REPORT_ELAPSED_MS=27742
GROUP_3_RESULT=PASS
GROUP_4_NAME=SNAPSHOT_GRAY_SOURCE_TO_AXI
GROUP_4_SOURCE_COUNT=128
GROUP_4_DESTINATION_COUNT=128
GROUP_4_OBJECTS_SHA256=CC4FDF8E19078C65548D21FB9EEA8740F50F56E25E8474FECD413A55D8756E45
GROUP_4_ISOLATED_XDC_SHA256=42674FA1804B7D263E7073177378A85108D0A933452797CB2893EA2088AAD09A
GROUP_4_RAW_REPORT_SHA256=B172AEF28673E450EB36D07F629ED9F0FA2B0FB47F3DA71FBF560CEB5067CE69
GROUP_4_CORNER=Slow
GROUP_4_REQUIREMENT_NS=3.000
GROUP_4_ACTUAL_NS=1.372
GROUP_4_SLACK_NS=1.628
GROUP_4_NEGATIVE_DISPLAY=0
GROUP_4_VIOLATION_MARKER=0
GROUP_4_REPORT_ELAPSED_MS=28982
GROUP_4_RESULT=PASS
GROUP_5_NAME=SNAPSHOT_EPOCH_SOURCE_TO_AXI
GROUP_5_SOURCE_COUNT=32
GROUP_5_DESTINATION_COUNT=32
GROUP_5_OBJECTS_SHA256=792205FB5EDD7C7B7B13A9B8467330A2A42CAABEC7882E83363CFE156E907856
GROUP_5_ISOLATED_XDC_SHA256=26BC67774BCF7245831D37379F06640BEB32886FEE7AD0ABDB436159EF486A21
GROUP_5_RAW_REPORT_SHA256=B31D1F7690D763EEBF43F4E18B93D77AB43353FC71C5FFD07D04E4BCA3727BB4
GROUP_5_CORNER=Slow
GROUP_5_REQUIREMENT_NS=3.000
GROUP_5_ACTUAL_NS=1.077
GROUP_5_SLACK_NS=1.923
GROUP_5_NEGATIVE_DISPLAY=0
GROUP_5_VIOLATION_MARKER=0
GROUP_5_REPORT_ELAPSED_MS=25375
GROUP_5_RESULT=PASS
GROUP_6_NAME=HARD_EVENT_BASELINE_SOURCE_TO_AXI
GROUP_6_SOURCE_COUNT=4
GROUP_6_DESTINATION_COUNT=4
GROUP_6_OBJECTS_SHA256=75C452C3400582EA7DBC20B186D33F3B259AC495418FC9D927C8697035F379D0
GROUP_6_ISOLATED_XDC_SHA256=7DE78B0523CF1DD2B15375E237A30B4895D797AD19AE0FA52A0AE68D0FA00F5A
GROUP_6_RAW_REPORT_SHA256=4D6351BBF83771B8A5D9650938E5FD43D12CEEB825DAC5609129AFAD9F7CFF1A
GROUP_6_CORNER=Slow
GROUP_6_REQUIREMENT_NS=3.000
GROUP_6_ACTUAL_NS=0.772
GROUP_6_SLACK_NS=2.228
GROUP_6_NEGATIVE_DISPLAY=0
GROUP_6_VIOLATION_MARKER=0
GROUP_6_REPORT_ELAPSED_MS=27805
GROUP_6_RESULT=PASS
GROUP_7_NAME=SNAPSHOT_EPOCH_AXI_TO_SOURCE
GROUP_7_SOURCE_COUNT=32
GROUP_7_DESTINATION_COUNT=32
GROUP_7_OBJECTS_SHA256=22997D2D79DA557F94FAF6F4217FBA771124CC0C7D33735D715E4983543C3D12
GROUP_7_ISOLATED_XDC_SHA256=7ABED83DD66A72F0C4388568D17054AB1EEBC02BAA82747263A780005FF4BC1B
GROUP_7_RAW_REPORT_SHA256=E18B022E1C68DA1EFDDE01F2757414122F68DC8D3264639EFC8109A961A761A1
GROUP_7_CORNER=Slow
GROUP_7_REQUIREMENT_NS=3.000
GROUP_7_ACTUAL_NS=1.060
GROUP_7_SLACK_NS=1.940
GROUP_7_NEGATIVE_DISPLAY=0
GROUP_7_VIOLATION_MARKER=0
GROUP_7_REPORT_ELAPSED_MS=29133
GROUP_7_RESULT=PASS
GROUP_8_NAME=TRANSPORT_AXI_TO_SOURCE
GROUP_8_SOURCE_COUNT=38
GROUP_8_DESTINATION_COUNT=217
GROUP_8_OBJECTS_SHA256=26C7BF2468B07F616267E43CA0B11B809004C7698CAFC39323AB336D25500654
GROUP_8_ISOLATED_XDC_SHA256=396ABE7E493471E503E7DA54840452D70F5A5A8058B4BBA3EA7F3AA876EBECFD
GROUP_8_RAW_REPORT_SHA256=7394E9CCD6BA973A4E49C4606DFBA196368998E0365F98B1F65B4FF1BC6368A6
GROUP_8_CORNER=Slow
GROUP_8_REQUIREMENT_NS=3.000
GROUP_8_ACTUAL_NS=1.959
GROUP_8_SLACK_NS=1.041
GROUP_8_NEGATIVE_DISPLAY=0
GROUP_8_VIOLATION_MARKER=0
GROUP_8_REPORT_ELAPSED_MS=35364
GROUP_8_RESULT=PASS
GROUP_10_NAME=DESCRIPTOR_ATTEMPT_SOURCE_TO_AXI
GROUP_10_SOURCE_COUNT=44
GROUP_10_DESTINATION_COUNT=32
GROUP_10_OBJECTS_SHA256=76B28C4A6CED7A3379D1B2FDF3879F38A671AB873834C7174FC98089046D8B45
GROUP_10_ISOLATED_XDC_SHA256=F7C9FEA6DE75684C2F2B235FBAB063A4519E9EB4CB260BA7FF756FFAB125992D
GROUP_10_RAW_REPORT_SHA256=4DA30AF21BBDB124FA5074AB6BABD9EA3B1E2B23685634E38F359B43FFA21AC2
GROUP_10_CORNER=Slow
GROUP_10_REQUIREMENT_NS=3.000
GROUP_10_ACTUAL_NS=1.396
GROUP_10_SLACK_NS=1.604
GROUP_10_NEGATIVE_DISPLAY=0
GROUP_10_VIOLATION_MARKER=0
GROUP_10_REPORT_ELAPSED_MS=28015
GROUP_10_RESULT=PASS
GROUP_11_NAME=DESCRIPTOR_GENERATION_SOURCE_TO_AXI
GROUP_11_SOURCE_COUNT=32
GROUP_11_DESTINATION_COUNT=24
GROUP_11_OBJECTS_SHA256=AE88DF25DE58F35E5FDB6C2F0736EE71C485BCF4AEDDEBF7BC757CDB111E7D89
GROUP_11_ISOLATED_XDC_SHA256=E3651CE65EAB63CBEFC1975B9FB972F64C5D0ECF7512F120BA8137D7001766BC
GROUP_11_RAW_REPORT_SHA256=DD1784DB599A6AB46F003AD7394E92439B2A733E6CAADB4EB0B088C4DF14C947
GROUP_11_CORNER=Slow
GROUP_11_REQUIREMENT_NS=3.000
GROUP_11_ACTUAL_NS=1.608
GROUP_11_SLACK_NS=1.392
GROUP_11_NEGATIVE_DISPLAY=0
GROUP_11_VIOLATION_MARKER=0
GROUP_11_REPORT_ELAPSED_MS=26353
GROUP_11_RESULT=PASS
GROUP_12_NAME=DESCRIPTOR_EPOCH_SOURCE_TO_AXI
GROUP_12_SOURCE_COUNT=128
GROUP_12_DESTINATION_COUNT=32
GROUP_12_OBJECTS_SHA256=18EBCECDAF3FAF41263B6B13B1F2AAD89836F727C2573828FECB679213F2C95F
GROUP_12_ISOLATED_XDC_SHA256=06235AB4E746EED2558737C58D0F8DF339A7A4B2EF60DE21E758A8B8028E5FCB
GROUP_12_RAW_REPORT_SHA256=D5F00EBB08FA4C87287AE7F9E8DD5DC37D5C90A5EE3CCEFB0DC7E107F18122C7
GROUP_12_CORNER=Slow
GROUP_12_REQUIREMENT_NS=3.000
GROUP_12_ACTUAL_NS=1.861
GROUP_12_SLACK_NS=1.139
GROUP_12_NEGATIVE_DISPLAY=0
GROUP_12_VIOLATION_MARKER=0
GROUP_12_REPORT_ELAPSED_MS=27044
GROUP_12_RESULT=PASS
RESTORED_XDC_SHA256=02CDFC45C1B919486075BD5920ACD0692E40B320C84B635C36DE7CBF23179825
RESTORED_XDC_CANONICAL_SHA256=4EDC4305DFD5B6A0F2EEA9E45CEABDDF4DC74B30A2CD9B394ED22E7500FC1B44
RESTORED_BUS_SKEW_CONSTRAINTS=11
POST_SETUP_WNS=0.102
POST_HOLD_WHS=0.031
CLOCK_SIGNATURE_RESTORED=YES
ROUTE_SIGNATURE_UNCHANGED=YES
BUS_SKEW_OPERATION_RESULT=PASS
FULL_TIMING_RESTORATION=PASS
BUS_SKEW_MET_CONSTRAINTS=11
BUS_SKEW_VIOLATIONS=0
BUS_SKEW_GATE=PASS
