Copyright 1986-2022 Xilinx, Inc. All Rights Reserved. Copyright 2022-2025 Advanced Micro Devices, Inc. All Rights Reserved.
------------------------------------------------------------------------------------------------------------------------------------------------------------------------------------------------------------------
| Tool Version     : Vivado v.2025.2 (win64) Build 6299465 Fri Nov 14 19:35:11 GMT 2025
| Date             : Fri Aug 21 16:48:17 2026
| Host             : NBLSUDUL running 64-bit major release  (build 9200)
| Command          : report_power -hier all -hierarchical_depth 0 -l 0 -verbose -file C:/FPGA/V41_NVP_ROUTED_DCP_POWER_TIMING_AUDIT_R1/06_COMPARATOR_FORMAL_PHASE2/FORMAL_PHASE2_REPORT_POWER_VERBOSE.rpt
| Design           : ahd_capture_top_xdma
| Device           : xc7a35tcsg325-2
| Design State     : routed
| Grade            : commercial
| Process          : typical
| Characterization : Production
------------------------------------------------------------------------------------------------------------------------------------------------------------------------------------------------------------------

Power Report

Table of Contents
-----------------
1. Summary
1.1 On-Chip Components
1.2 Power Supply Summary
1.3 Confidence Level
2. Settings
2.1 Environment
2.2 Clock Constraints
3. Detailed Reports
3.1 By Hierarchy
3.2 By Clock Domain
3.3 By Resource Type
3.3.1 I/O
3.3.2 Signals
3.3.3 Slice Logic
3.3.4 Block RAM
3.3.5 GTP
3.3.6 PCIE
3.3.7 Clock Manager

1. Summary
----------

+--------------------------+--------------+
| Total On-Chip Power (W)  | 0.631        |
| Design Power Budget (W)  | Unspecified* |
| Power Budget Margin (W)  | NA           |
| Dynamic (W)              | 0.552        |
| Device Static (W)        | 0.078        |
| Effective TJA (C/W)      | 4.8          |
| Max Ambient (C)          | 82.0         |
| Junction Temperature (C) | 28.0         |
| Confidence Level         | Low          |
| Setting File             | ---          |
| Simulation Activity File | ---          |
| Design Nets Matched      | NA           |
+--------------------------+--------------+
* Specify Design Power Budget using, set_operating_conditions -design_power_budget <value in Watts>


1.1 On-Chip Components
----------------------

+--------------------------+-----------+----------+-----------+-----------------+
| On-Chip                  | Power (W) | Used     | Available | Utilization (%) |
+--------------------------+-----------+----------+-----------+-----------------+
| Clocks                   |     0.044 |       11 |       --- |             --- |
| Slice Logic              |     0.022 |    32616 |       --- |             --- |
|   LUT as Logic           |     0.018 |    11354 |     20800 |           54.59 |
|   Register               |     0.001 |    15187 |     41600 |           36.51 |
|   LUT as Distributed RAM |     0.001 |     1042 |      9600 |           10.85 |
|   CARRY4                 |     0.001 |      697 |      8150 |            8.55 |
|   F7/F8 Muxes            |    <0.001 |      271 |     32600 |            0.83 |
|   LUT as Shift Register  |    <0.001 |       12 |      9600 |            0.13 |
|   Others                 |     0.000 |      265 |       --- |             --- |
| Signals                  |     0.029 |    24901 |       --- |             --- |
| Block RAM                |     0.028 |     21.5 |        50 |           43.00 |
| MMCM                     |     0.224 |        2 |         5 |           40.00 |
| I/O                      |     0.031 |       15 |       150 |           10.00 |
| GTP                      |     0.149 |        1 |       --- |             --- |
| Hard IPs                 |     0.025 |        1 |       --- |             --- |
|   PCIE                   |     0.025 |        1 |         1 |          100.00 |
| Static Power             |     0.078 |          |           |                 |
| Total                    |     0.631 |          |           |                 |
+--------------------------+-----------+----------+-----------+-----------------+


1.2 Power Supply Summary
------------------------

+-----------+-------------+-----------+-------------+------------+-------------+-------------+------------+
| Source    | Voltage (V) | Total (A) | Dynamic (A) | Static (A) | Powerup (A) | Budget (A)  | Margin (A) |
+-----------+-------------+-----------+-------------+------------+-------------+-------------+------------+
| Vccint    |       1.000 |     0.172 |       0.161 |      0.011 |       NA    | Unspecified | NA         |
| Vccaux    |       1.800 |     0.153 |       0.140 |      0.013 |       NA    | Unspecified | NA         |
| Vcco33    |       3.300 |     0.001 |       0.000 |      0.001 |       NA    | Unspecified | NA         |
| Vcco25    |       2.500 |     0.000 |       0.000 |      0.000 |       NA    | Unspecified | NA         |
| Vcco18    |       1.800 |     0.000 |       0.000 |      0.000 |       NA    | Unspecified | NA         |
| Vcco15    |       1.500 |     0.000 |       0.000 |      0.000 |       NA    | Unspecified | NA         |
| Vcco135   |       1.350 |     0.000 |       0.000 |      0.000 |       NA    | Unspecified | NA         |
| Vcco12    |       1.200 |     0.000 |       0.000 |      0.000 |       NA    | Unspecified | NA         |
| Vccaux_io |       1.800 |     0.000 |       0.000 |      0.000 |       NA    | Unspecified | NA         |
| Vccbram   |       1.000 |     0.002 |       0.001 |      0.001 |       NA    | Unspecified | NA         |
| MGTAVcc   |       1.000 |     0.068 |       0.067 |      0.001 |       NA    | Unspecified | NA         |
| MGTAVtt   |       1.200 |     0.062 |       0.059 |      0.003 |       NA    | Unspecified | NA         |
| Vccadc    |       1.800 |     0.020 |       0.000 |      0.020 |       NA    | Unspecified | NA         |
+-----------+-------------+-----------+-------------+------------+-------------+-------------+------------+


1.3 Confidence Level
--------------------

+-----------------------------+------------+--------------------------------------------------------+------------------------------------------------------------------------------------------------------------+
| User Input Data             | Confidence | Details                                                | Action                                                                                                     |
+-----------------------------+------------+--------------------------------------------------------+------------------------------------------------------------------------------------------------------------+
| Design implementation state | High       | Design is routed                                       |                                                                                                            |
| Clock nodes activity        | High       | User specified more than 95% of clocks                 |                                                                                                            |
| I/O nodes activity          | Low        | More than 75% of inputs are missing user specification | Provide missing input activity with simulation results or by editing the "By Resource Type -> I/Os" view   |
| Internal nodes activity     | Medium     | User specified less than 25% of internal nodes         | Provide missing internal nodes activity with simulation results or by editing the "By Resource Type" views |
| Device models               | High       | Device models are Production                           |                                                                                                            |
|                             |            |                                                        |                                                                                                            |
| Overall confidence level    | Low        |                                                        |                                                                                                            |
+-----------------------------+------------+--------------------------------------------------------+------------------------------------------------------------------------------------------------------------+


2. Settings
-----------

2.1 Environment
---------------

+-----------------------+--------------------------+
| Ambient Temp (C)      | 25.0                     |
| ThetaJA (C/W)         | 4.8                      |
| Airflow (LFM)         | 250                      |
| Heat Sink             | medium (Medium Profile)  |
| ThetaSA (C/W)         | 4.6                      |
| Board Selection       | medium (10"x10")         |
| # of Board Layers     | 12to15 (12 to 15 Layers) |
| Board Temperature (C) | 25.0                     |
+-----------------------+--------------------------+


2.2 Clock Constraints
---------------------

+----------------------------+-----------------------------------------------------------------------------------------------------------------------------------------------------+-----------------+
| Clock                      | Domain                                                                                                                                              | Constraint (ns) |
+----------------------------+-----------------------------------------------------------------------------------------------------------------------------------------------------+-----------------+
| clk_125mhz                 | XDMA/inst/xdma_v41_m1_pcie2_to_pcie3_wrapper_i/pcie2_ip_i/inst/inst/gt_top_i/pipe_wrapper_i/pipe_clock_int.pipe_clock_i/clk_125mhz                  |             8.0 |
| clk_250mhz                 | XDMA/inst/xdma_v41_m1_pcie2_to_pcie3_wrapper_i/pcie2_ip_i/inst/inst/gt_top_i/pipe_wrapper_i/pipe_clock_int.pipe_clock_i/clk_250mhz                  |             4.0 |
| idelay_mmcm_feedback_unbuf | NVP_PHYSICAL_FRONTEND/idelay_mmcm_feedback_unbuf                                                                                                    |             6.7 |
| idelay_refclk_unbuf        | NVP_PHYSICAL_FRONTEND/idelay_refclk_unbuf                                                                                                           |             5.1 |
| mmcm_fb                    | XDMA/inst/xdma_v41_m1_pcie2_to_pcie3_wrapper_i/pcie2_ip_i/inst/inst/gt_top_i/pipe_wrapper_i/pipe_clock_int.pipe_clock_i/mmcm_fb                     |            10.0 |
| nvp_vclk1                  | vclk1                                                                                                                                               |             6.7 |
| pcie_refclk_100            | sys_clk_p                                                                                                                                           |            10.0 |
| txoutclk_x0y0              | XDMA/inst/xdma_v41_m1_pcie2_to_pcie3_wrapper_i/pcie2_ip_i/inst/inst/gt_top_i/pipe_wrapper_i/pipe_lane[0].gt_wrapper_i/gtp_channel.gtpe2_channel_i_6 |            10.0 |
| userclk1                   | XDMA/inst/xdma_v41_m1_pcie2_to_pcie3_wrapper_i/pcie2_ip_i/inst/inst/gt_top_i/pipe_wrapper_i/pipe_clock_int.pipe_clock_i/userclk1                    |            16.0 |
+----------------------------+-----------------------------------------------------------------------------------------------------------------------------------------------------+-----------------+


3. Detailed Reports
-------------------

3.1 By Hierarchy
----------------

+--------------------------------------------------------------------------------------+-----------+---------+-----------+------+--------+----------+------------+---------+-----------+--------+----------+------------+--------------+------+--------+--------+----------+
| Name                                                                                 | Power (W) | Clock # | Clock (W) | Io # | Io (W) | Signal # | Signal (W) | Logic # | Logic (W) | Bram # | Bram (W) | Clock IP # | Clock IP (W) | Gt # | Gt (W) | Pcie # | Pcie (W) |
+--------------------------------------------------------------------------------------+-----------+---------+-----------+------+--------+----------+------------+---------+-----------+--------+----------+------------+--------------+------+--------+--------+----------+
| ahd_capture_top_xdma                                                                 |     0.552 |      11 |     0.044 |   15 |  0.031 |    24901 |      0.029 |   32616 |     0.022 |   21.5 |    0.028 |          2 |        0.224 |    1 |  0.149 |      1 |    0.025 |
|   AXI_LITE_HOST_BRIDGE                                                               |     0.002 |      11 |    <0.001 |    0 |  0.000 |      841 |     <0.001 |    1033 |     0.001 |      0 |    0.000 |          0 |        0.000 |    0 |  0.000 |      0 |    0.000 |
|   CAPTURE_SUBSYSTEM                                                                  |     0.019 |      11 |     0.008 |    0 |  0.000 |     3642 |      0.006 |    4114 |     0.003 |      2 |    0.002 |          0 |        0.000 |    0 |  0.000 |      0 |    0.000 |
|     BAR_TARGET                                                                       |     0.006 |      11 |    <0.001 |    0 |  0.000 |      661 |      0.002 |     541 |     0.001 |      2 |    0.002 |          0 |        0.000 |    0 |  0.000 |      0 |    0.000 |
|     MAILBOX                                                                          |     0.004 |      11 |     0.002 |    0 |  0.000 |      971 |      0.002 |    1075 |    <0.001 |      0 |    0.000 |          0 |        0.000 |    0 |  0.000 |      0 |    0.000 |
|     PRODUCER                                                                         |     0.007 |      11 |     0.004 |    0 |  0.000 |     1628 |      0.001 |    2069 |     0.001 |      0 |    0.000 |          0 |        0.000 |    0 |  0.000 |      0 |    0.000 |
|   NVP_AUTOINIT                                                                       |     0.002 |      11 |     0.001 |    0 |  0.000 |     1539 |     <0.001 |    1824 |    <0.001 |      0 |    0.000 |          0 |        0.000 |    0 |  0.000 |      0 |    0.000 |
|     u_sequence                                                                       |     0.002 |      11 |     0.001 |    0 |  0.000 |     1488 |     <0.001 |    1767 |    <0.001 |      0 |    0.000 |          0 |        0.000 |    0 |  0.000 |      0 |    0.000 |
|   NVP_PHYSICAL_FRONTEND                                                              |     0.149 |      11 |     0.002 |   26 |  0.031 |       49 |     <0.001 |      33 |    <0.001 |      0 |    0.000 |          1 |        0.117 |    0 |  0.000 |      0 |    0.000 |
|   XDMA                                                                               |     0.377 |      11 |     0.031 |    0 |  0.000 |    18071 |      0.022 |   24777 |     0.017 |     20 |    0.026 |          1 |        0.107 |    1 |  0.149 |      1 |    0.025 |
|     inst                                                                             |     0.377 |      11 |     0.031 |    0 |  0.000 |    18071 |      0.022 |   24777 |     0.017 |     20 |    0.026 |          1 |        0.107 |    1 |  0.149 |      1 |    0.025 |
|       ram_top                                                                        |     0.007 |      11 |    <0.001 |    0 |  0.000 |      192 |     <0.001 |       6 |     0.000 |      4 |    0.007 |          0 |        0.000 |    0 |  0.000 |      0 |    0.000 |
|         C2H_PCIE_DSC_CPLD_RAM                                                        |     0.003 |      11 |    <0.001 |    0 |  0.000 |       64 |     <0.001 |       2 |     0.000 |      2 |    0.003 |          0 |        0.000 |    0 |  0.000 |      0 |    0.000 |
|         MASTER_READ_BRAM                                                             |     0.002 |      11 |    <0.001 |    0 |  0.000 |       64 |     <0.001 |       2 |     0.000 |      1 |    0.002 |          0 |        0.000 |    0 |  0.000 |      0 |    0.000 |
|           xpm_memory_sdpram_inst_loop[0].xpm_memory_sdpram_inst                      |     0.002 |      11 |    <0.001 |    0 |  0.000 |       64 |     <0.001 |       2 |     0.000 |      1 |    0.002 |          0 |        0.000 |    0 |  0.000 |      0 |    0.000 |
|             xpm_memory_base_inst                                                     |     0.002 |      11 |    <0.001 |    0 |  0.000 |       64 |     <0.001 |       2 |     0.000 |      1 |    0.002 |          0 |        0.000 |    0 |  0.000 |      0 |    0.000 |
|         mas_bridge_ram_write_512.MASTER_WRITE_FIFO                                   |     0.002 |      11 |    <0.001 |    0 |  0.000 |       64 |     <0.001 |       2 |     0.000 |      1 |    0.002 |          0 |        0.000 |    0 |  0.000 |      0 |    0.000 |
|           xpm_memory_sdpram_inst_loop[0].xpm_memory_sdpram_inst                      |     0.002 |      11 |    <0.001 |    0 |  0.000 |       64 |     <0.001 |       2 |     0.000 |      1 |    0.002 |          0 |        0.000 |    0 |  0.000 |      0 |    0.000 |
|             xpm_memory_base_inst                                                     |     0.002 |      11 |    <0.001 |    0 |  0.000 |       64 |     <0.001 |       2 |     0.000 |      1 |    0.002 |          0 |        0.000 |    0 |  0.000 |      0 |    0.000 |
|       udma_wrapper                                                                   |     0.064 |      11 |     0.022 |    0 |  0.000 |    14712 |      0.017 |   21080 |     0.015 |      6 |    0.009 |          0 |        0.000 |    0 |  0.000 |      0 |    0.000 |
|         dma_top                                                                      |     0.064 |      11 |     0.022 |    0 |  0.000 |    14674 |      0.017 |   21040 |     0.015 |      6 |    0.009 |          0 |        0.000 |    0 |  0.000 |      0 |    0.000 |
|           axi4mm_bridge_top_inst                                                     |     0.004 |      11 |     0.002 |    0 |  0.000 |     1274 |      0.001 |    1955 |     0.001 |      0 |    0.000 |          0 |        0.000 |    0 |  0.000 |      0 |    0.000 |
|             axi4mm_axi_mm_master_top_inst                                            |     0.004 |      11 |     0.002 |    0 |  0.000 |     1184 |      0.001 |    1821 |    <0.001 |      0 |    0.000 |          0 |        0.000 |    0 |  0.000 |      0 |    0.000 |
|               axi4mm_axi_mm_master_rd                                                |     0.001 |      11 |    <0.001 |    0 |  0.000 |      289 |     <0.001 |     506 |    <0.001 |      0 |    0.000 |          0 |        0.000 |    0 |  0.000 |      0 |    0.000 |
|               axi4mm_axi_mm_master_wr_inst                                           |     0.001 |      11 |    <0.001 |    0 |  0.000 |      215 |     <0.001 |     344 |    <0.001 |      0 |    0.000 |          0 |        0.000 |    0 |  0.000 |      0 |    0.000 |
|               axi4mm_axi_str_masterbr_rdtlp_inst                                     |     0.001 |      11 |    <0.001 |    0 |  0.000 |      450 |     <0.001 |     704 |    <0.001 |      0 |    0.000 |          0 |        0.000 |    0 |  0.000 |      0 |    0.000 |
|           base                                                                       |     0.006 |      11 |     0.003 |    0 |  0.000 |     1505 |     <0.001 |    2054 |    <0.001 |      1 |    0.002 |          0 |        0.000 |    0 |  0.000 |      0 |    0.000 |
|             CFG_INST                                                                 |     0.001 |      11 |    <0.001 |    0 |  0.000 |      403 |     <0.001 |     489 |    <0.001 |      0 |    0.000 |          0 |        0.000 |    0 |  0.000 |      0 |    0.000 |
|             IRQ_INST                                                                 |     0.003 |      11 |     0.001 |    0 |  0.000 |      754 |     <0.001 |    1057 |    <0.001 |      1 |    0.002 |          0 |        0.000 |    0 |  0.000 |      0 |    0.000 |
|               msix_internal_xdma.pf0_msix_table                                      |     0.003 |      11 |    <0.001 |    0 |  0.000 |      401 |     <0.001 |     520 |    <0.001 |      1 |    0.002 |          0 |        0.000 |    0 |  0.000 |      0 |    0.000 |
|           dma_enable.vul_dma                                                         |     0.037 |      11 |     0.011 |    0 |  0.000 |     7656 |      0.010 |   10972 |     0.010 |      3 |    0.006 |          0 |        0.000 |    0 |  0.000 |      0 |    0.000 |
|             RD                                                                       |     0.012 |      11 |     0.004 |    0 |  0.000 |     2641 |      0.003 |    3894 |     0.003 |      1 |    0.002 |          0 |        0.000 |    0 |  0.000 |      0 |    0.000 |
|               gen_rdwr_loop[0].gen_rdwr_eng.RDWR_INST                                |     0.012 |      11 |     0.004 |    0 |  0.000 |     2638 |      0.003 |    3877 |     0.003 |      1 |    0.002 |          0 |        0.000 |    0 |  0.000 |      0 |    0.000 |
|                 RRQ_FIFO                                                             |     0.001 |      11 |    <0.001 |    0 |  0.000 |      318 |     <0.001 |     554 |    <0.001 |      0 |    0.000 |          0 |        0.000 |    0 |  0.000 |      0 |    0.000 |
|             WR                                                                       |     0.015 |      11 |     0.004 |    0 |  0.000 |     2820 |      0.004 |    4103 |     0.003 |      2 |    0.004 |          0 |        0.000 |    0 |  0.000 |      0 |    0.000 |
|               gen_rdwr_loop[0].gen_rdwr_eng.RDWR_INST                                |     0.015 |      11 |     0.004 |    0 |  0.000 |     2818 |      0.004 |    4093 |     0.003 |      2 |    0.004 |          0 |        0.000 |    0 |  0.000 |      0 |    0.000 |
|                 DSC_FIFO                                                             |     0.001 |      11 |    <0.001 |    0 |  0.000 |      353 |     <0.001 |     604 |    <0.001 |      0 |    0.000 |          0 |        0.000 |    0 |  0.000 |      0 |    0.000 |
|                 WRQ_FIFO                                                             |     0.002 |      11 |    <0.001 |    0 |  0.000 |      298 |     <0.001 |     527 |    <0.001 |      0 |    0.000 |          0 |        0.000 |    0 |  0.000 |      0 |    0.000 |
|             dsc_eng.DSC                                                              |     0.009 |      11 |     0.003 |    0 |  0.000 |     2173 |      0.003 |    2952 |     0.003 |      0 |    0.000 |          0 |        0.000 |    0 |  0.000 |      0 |    0.000 |
|               RRQ_FIFO                                                               |     0.001 |      11 |    <0.001 |    0 |  0.000 |      180 |     <0.001 |     314 |    <0.001 |      0 |    0.000 |          0 |        0.000 |    0 |  0.000 |      0 |    0.000 |
|           dma_enable.wb_eng.dma_pcie_wb_eng                                          |     0.001 |      11 |    <0.001 |    0 |  0.000 |      227 |     <0.001 |     377 |    <0.001 |      0 |    0.000 |          0 |        0.000 |    0 |  0.000 |      0 |    0.000 |
|           dma_pcie_req                                                               |     0.014 |      11 |     0.006 |    0 |  0.000 |     3528 |      0.004 |    5014 |     0.003 |      2 |    0.001 |          0 |        0.000 |    0 |  0.000 |      0 |    0.000 |
|             dma_pcie_rc                                                              |     0.007 |      11 |     0.002 |    0 |  0.000 |     1226 |      0.002 |    1693 |     0.002 |      2 |    0.001 |          0 |        0.000 |    0 |  0.000 |      0 |    0.000 |
|               u_mem_rc                                                               |     0.002 |      11 |    <0.001 |    0 |  0.000 |       76 |     <0.001 |       2 |     0.000 |      2 |    0.001 |          0 |        0.000 |    0 |  0.000 |      0 |    0.000 |
|             dma_pcie_rq                                                              |     0.005 |      11 |     0.003 |    0 |  0.000 |     1889 |      0.001 |    2847 |    <0.001 |      0 |    0.000 |          0 |        0.000 |    0 |  0.000 |      0 |    0.000 |
|               RQ_FIFO                                                                |     0.001 |      11 |    <0.001 |    0 |  0.000 |      274 |     <0.001 |     579 |    <0.001 |      0 |    0.000 |          0 |        0.000 |    0 |  0.000 |      0 |    0.000 |
|       xdma_v41_m1_pcie2_to_pcie3_wrapper_i                                           |     0.306 |      11 |     0.009 |    0 |  0.000 |     3167 |      0.004 |    3690 |     0.002 |     10 |    0.011 |          1 |        0.107 |    1 |  0.149 |      1 |    0.025 |
|         pcie2_ip_i                                                                   |     0.301 |      11 |     0.006 |    0 |  0.000 |     1489 |      0.003 |    1293 |    <0.001 |      8 |    0.010 |          1 |        0.107 |    1 |  0.149 |      1 |    0.025 |
|           inst                                                                       |     0.301 |      11 |     0.006 |    0 |  0.000 |     1489 |      0.003 |    1293 |    <0.001 |      8 |    0.010 |          1 |        0.107 |    1 |  0.149 |      1 |    0.025 |
|             inst                                                                     |     0.301 |      11 |     0.006 |    0 |  0.000 |     1489 |      0.003 |    1293 |    <0.001 |      8 |    0.010 |          1 |        0.107 |    1 |  0.149 |      1 |    0.025 |
|               gt_top_i                                                               |     0.262 |      11 |     0.005 |    0 |  0.000 |      620 |     <0.001 |     759 |    <0.001 |      0 |    0.000 |          1 |        0.107 |    1 |  0.149 |      0 |    0.000 |
|                 pipe_wrapper_i                                                       |     0.262 |      11 |     0.005 |    0 |  0.000 |      564 |     <0.001 |     697 |    <0.001 |      0 |    0.000 |          1 |        0.107 |    1 |  0.149 |      0 |    0.000 |
|                   pipe_clock_int.pipe_clock_i                                        |     0.108 |      11 |    <0.001 |    0 |  0.000 |        6 |     <0.001 |       7 |    <0.001 |      0 |    0.000 |          1 |        0.107 |    0 |  0.000 |      0 |    0.000 |
|                   pipe_lane[0].gt_wrapper_i                                          |     0.149 |      11 |    <0.001 |    0 |  0.000 |       53 |     <0.001 |       5 |    <0.001 |      0 |    0.000 |          0 |        0.000 |    1 |  0.149 |      0 |    0.000 |
|                   pipe_lane[0].gtp_pipe_drp.gtp_pipe_drp_i                           |     0.001 |      11 |    <0.001 |    0 |  0.000 |       89 |     <0.001 |      99 |    <0.001 |      0 |    0.000 |          0 |        0.000 |    0 |  0.000 |      0 |    0.000 |
|                   pipe_lane[0].pipe_quad.gt_common_enabled.gt_common_int.gt_common_i |     0.002 |      11 |     0.002 |    0 |  0.000 |      109 |     <0.001 |     142 |    <0.001 |      0 |    0.000 |          0 |        0.000 |    0 |  0.000 |      0 |    0.000 |
|                     qpll_drp_i                                                       |     0.001 |      11 |    <0.001 |    0 |  0.000 |       87 |     <0.001 |     128 |    <0.001 |      0 |    0.000 |          0 |        0.000 |    0 |  0.000 |      0 |    0.000 |
|               pcie_top_i                                                             |     0.038 |      11 |    <0.001 |    0 |  0.000 |      851 |      0.002 |     499 |    <0.001 |      8 |    0.010 |          0 |        0.000 |    0 |  0.000 |      1 |    0.025 |
|                 axi_basic_top                                                        |     0.001 |      11 |    <0.001 |    0 |  0.000 |      338 |     <0.001 |     447 |    <0.001 |      0 |    0.000 |          0 |        0.000 |    0 |  0.000 |      0 |    0.000 |
|                 pcie_7x_i                                                            |     0.037 |      11 |    <0.001 |    0 |  0.000 |      496 |      0.002 |      35 |    <0.001 |      8 |    0.010 |          0 |        0.000 |    0 |  0.000 |      1 |    0.025 |
|                   pcie_bram_top                                                      |     0.011 |      11 |    <0.001 |    0 |  0.000 |      137 |     <0.001 |      16 |     0.000 |      8 |    0.010 |          0 |        0.000 |    0 |  0.000 |      0 |    0.000 |
|                     pcie_brams_rx                                                    |     0.005 |      11 |    <0.001 |    0 |  0.000 |       68 |     <0.001 |       8 |     0.000 |      4 |    0.005 |          0 |        0.000 |    0 |  0.000 |      0 |    0.000 |
|                       brams[0].ram                                                   |     0.001 |      11 |    <0.001 |    0 |  0.000 |       18 |     <0.001 |       2 |     0.000 |      1 |    0.001 |          0 |        0.000 |    0 |  0.000 |      0 |    0.000 |
|                         use_tdp.ramb36                                               |     0.001 |      11 |    <0.001 |    0 |  0.000 |       18 |     <0.001 |       2 |     0.000 |      1 |    0.001 |          0 |        0.000 |    0 |  0.000 |      0 |    0.000 |
|                       brams[1].ram                                                   |     0.001 |      11 |    <0.001 |    0 |  0.000 |       18 |     <0.001 |       2 |     0.000 |      1 |    0.001 |          0 |        0.000 |    0 |  0.000 |      0 |    0.000 |
|                         use_tdp.ramb36                                               |     0.001 |      11 |    <0.001 |    0 |  0.000 |       18 |     <0.001 |       2 |     0.000 |      1 |    0.001 |          0 |        0.000 |    0 |  0.000 |      0 |    0.000 |
|                       brams[2].ram                                                   |     0.001 |      11 |    <0.001 |    0 |  0.000 |       18 |     <0.001 |       2 |     0.000 |      1 |    0.001 |          0 |        0.000 |    0 |  0.000 |      0 |    0.000 |
|                         use_tdp.ramb36                                               |     0.001 |      11 |    <0.001 |    0 |  0.000 |       18 |     <0.001 |       2 |     0.000 |      1 |    0.001 |          0 |        0.000 |    0 |  0.000 |      0 |    0.000 |
|                       brams[3].ram                                                   |     0.001 |      11 |    <0.001 |    0 |  0.000 |       14 |     <0.001 |       2 |     0.000 |      1 |    0.001 |          0 |        0.000 |    0 |  0.000 |      0 |    0.000 |
|                         use_tdp.ramb36                                               |     0.001 |      11 |    <0.001 |    0 |  0.000 |       14 |     <0.001 |       2 |     0.000 |      1 |    0.001 |          0 |        0.000 |    0 |  0.000 |      0 |    0.000 |
|                     pcie_brams_tx                                                    |     0.005 |      11 |    <0.001 |    0 |  0.000 |       69 |     <0.001 |       8 |     0.000 |      4 |    0.005 |          0 |        0.000 |    0 |  0.000 |      0 |    0.000 |
|                       brams[0].ram                                                   |     0.001 |      11 |    <0.001 |    0 |  0.000 |       18 |     <0.001 |       2 |     0.000 |      1 |    0.001 |          0 |        0.000 |    0 |  0.000 |      0 |    0.000 |
|                         use_tdp.ramb36                                               |     0.001 |      11 |    <0.001 |    0 |  0.000 |       18 |     <0.001 |       2 |     0.000 |      1 |    0.001 |          0 |        0.000 |    0 |  0.000 |      0 |    0.000 |
|                       brams[1].ram                                                   |     0.001 |      11 |    <0.001 |    0 |  0.000 |       18 |     <0.001 |       2 |     0.000 |      1 |    0.001 |          0 |        0.000 |    0 |  0.000 |      0 |    0.000 |
|                         use_tdp.ramb36                                               |     0.001 |      11 |    <0.001 |    0 |  0.000 |       18 |     <0.001 |       2 |     0.000 |      1 |    0.001 |          0 |        0.000 |    0 |  0.000 |      0 |    0.000 |
|                       brams[2].ram                                                   |     0.001 |      11 |    <0.001 |    0 |  0.000 |       18 |     <0.001 |       2 |     0.000 |      1 |    0.001 |          0 |        0.000 |    0 |  0.000 |      0 |    0.000 |
|                         use_tdp.ramb36                                               |     0.001 |      11 |    <0.001 |    0 |  0.000 |       18 |     <0.001 |       2 |     0.000 |      1 |    0.001 |          0 |        0.000 |    0 |  0.000 |      0 |    0.000 |
|                       brams[3].ram                                                   |     0.001 |      11 |    <0.001 |    0 |  0.000 |       15 |     <0.001 |       2 |     0.000 |      1 |    0.001 |          0 |        0.000 |    0 |  0.000 |      0 |    0.000 |
|                         use_tdp.ramb36                                               |     0.001 |      11 |    <0.001 |    0 |  0.000 |       15 |     <0.001 |       2 |     0.000 |      1 |    0.001 |          0 |        0.000 |    0 |  0.000 |      0 |    0.000 |
|         xdma_v41_m1_axi_stream_intf_i                                                |     0.005 |      11 |     0.002 |    0 |  0.000 |     1621 |      0.001 |    2325 |    <0.001 |      2 |   <0.001 |          0 |        0.000 |    0 |  0.000 |      0 |    0.000 |
|           xdma_v41_m1_rx_demux_i                                                     |     0.003 |      11 |     0.001 |    0 |  0.000 |      568 |     <0.001 |     755 |    <0.001 |      2 |   <0.001 |          0 |        0.000 |    0 |  0.000 |      0 |    0.000 |
|             dma_cpl_fifo_inst                                                        |     0.001 |      11 |    <0.001 |    0 |  0.000 |      203 |     <0.001 |     186 |    <0.001 |      2 |   <0.001 |          0 |        0.000 |    0 |  0.000 |      0 |    0.000 |
|               U0                                                                     |     0.001 |      11 |    <0.001 |    0 |  0.000 |      203 |     <0.001 |     186 |    <0.001 |      2 |   <0.001 |          0 |        0.000 |    0 |  0.000 |      0 |    0.000 |
|                 inst_fifo_gen                                                        |     0.001 |      11 |    <0.001 |    0 |  0.000 |      203 |     <0.001 |     186 |    <0.001 |      2 |   <0.001 |          0 |        0.000 |    0 |  0.000 |      0 |    0.000 |
|                   gaxis_fifo.gaxisf.axisf                                            |     0.001 |      11 |    <0.001 |    0 |  0.000 |      203 |     <0.001 |     186 |    <0.001 |      2 |   <0.001 |          0 |        0.000 |    0 |  0.000 |      0 |    0.000 |
|                     grf.rf                                                           |     0.001 |      11 |    <0.001 |    0 |  0.000 |      203 |     <0.001 |     186 |    <0.001 |      2 |   <0.001 |          0 |        0.000 |    0 |  0.000 |      0 |    0.000 |
|                       gntv_or_sync_fifo.mem                                          |     0.001 |      11 |    <0.001 |    0 |  0.000 |      137 |     <0.001 |      81 |    <0.001 |      2 |   <0.001 |          0 |        0.000 |    0 |  0.000 |      0 |    0.000 |
+--------------------------------------------------------------------------------------+-----------+---------+-----------+------+--------+----------+------------+---------+-----------+--------+----------+------------+--------------+------+--------+--------+----------+


3.2 By Clock Domain
-------------------

+-------------------------------------------------------------------------------------------------------------------------------------------------------+-----------+-----------------+--------+-------------------------+----------------------------------------------------------------------------------------------------------------------------------+------------+----------+-------------+----------+
| Name                                                                                                                                                  | Power (W) | Frequency (MHz) | Buffer | Clock Buffer Enable (%) | Enable Signal                                                                                                                    | Bel Fanout | Sites    | Fanout/Site | Type     |
+-------------------------------------------------------------------------------------------------------------------------------------------------------+-----------+-----------------+--------+-------------------------+----------------------------------------------------------------------------------------------------------------------------------+------------+----------+-------------+----------+
| NVP_PHYSICAL_FRONTEND/idelay_mmcm_feedback_unbuf                                                                                                      |    <0.001 |          148.50 | N/A    |                     N/A | N/A                                                                                                                              |          2 |        2 |        1.00 | N/A      |
|   NVP_PHYSICAL_FRONTEND/idelay_mmcm_feedback                                                                                                          |    <0.001 |          148.50 | BUFG   |                     N/A | N/A                                                                                                                              |          1 |        1 |        1.00 | N/A      |
|   NVP_PHYSICAL_FRONTEND/idelay_mmcm_feedback_unbuf                                                                                                    |    <0.001 |          148.50 | N/A    |                     N/A | N/A                                                                                                                              |          1 |        1 |        1.00 | N/A      |
|   NVP_PHYSICAL_FRONTEND/u_idelay_feedback_bufg                                                                                                        |    <0.001 |          148.50 | BUFG   |                     N/A | N/A                                                                                                                              |          1 |        1 |        1.00 | Global   |
| NVP_PHYSICAL_FRONTEND/idelay_refclk_unbuf                                                                                                             |    <0.001 |          198.00 | N/A    |                     N/A | N/A                                                                                                                              |          7 |        3 |        2.33 | N/A      |
|   NVP_PHYSICAL_FRONTEND/idelay_refclk                                                                                                                 |    <0.001 |          198.00 | BUFG   |                     N/A | N/A                                                                                                                              |          6 |        2 |        3.00 | N/A      |
|   NVP_PHYSICAL_FRONTEND/idelay_refclk_unbuf                                                                                                           |    <0.001 |          198.00 | N/A    |                     N/A | N/A                                                                                                                              |          1 |        1 |        1.00 | N/A      |
|   NVP_PHYSICAL_FRONTEND/u_idelay_refclk_bufg                                                                                                          |    <0.001 |          198.00 | BUFG   |                     N/A | N/A                                                                                                                              |          6 |        2 |        3.00 | Global   |
| sys_clk_p                                                                                                                                             |    <0.001 |          100.00 | N/A    |                     N/A | N/A                                                                                                                              |         13 |        6 |        2.17 | N/A      |
|   pcie_refclk                                                                                                                                         |    <0.001 |          100.00 | N/A    |                     N/A | N/A                                                                                                                              |          2 |        2 |        1.00 | N/A      |
|   PCIE_REFCLK_IBUF                                                                                                                                    |     0.000 |          100.00 | BUFR   |                     N/A | N/A                                                                                                                              |          2 |        2 |        1.00 | Regional |
|   sys_clk_p                                                                                                                                           |     0.000 |          100.00 | N/A    |                     N/A | N/A                                                                                                                              |          1 |        1 |        1.00 | N/A      |
|   sys_clk_p_IBUF                                                                                                                                      |     0.000 |          100.00 | N/A    |                     N/A | N/A                                                                                                                              |          1 |        1 |        1.00 | N/A      |
|   XDMA/inst/xdma_v41_m1_pcie2_to_pcie3_wrapper_i/pcie2_ip_i/inst/inst/gt_top_i/pipe_wrapper_i/cpllpd_refclk_inst                                      |    <0.001 |          100.00 | BUFG   |                     N/A | N/A                                                                                                                              |          9 |        2 |        4.50 | Global   |
|   XDMA/inst/xdma_v41_m1_pcie2_to_pcie3_wrapper_i/pcie2_ip_i/inst/inst/gt_top_i/pipe_wrapper_i/gt_cpllpdrefclk                                         |    <0.001 |          100.00 | BUFG   |                     N/A | N/A                                                                                                                              |          9 |        2 |        4.50 | N/A      |
| vclk1                                                                                                                                                 |     0.007 |          148.50 | N/A    |                     N/A | N/A                                                                                                                              |       1741 |      471 |        3.70 | N/A      |
|   NVP_PHYSICAL_FRONTEND/nvp_clk                                                                                                                       |     0.007 |          148.50 | BUFG   |                     N/A | N/A                                                                                                                              |       1729 |      459 |        3.77 | N/A      |
|   NVP_PHYSICAL_FRONTEND/u_vclk1_bufg                                                                                                                  |    <0.001 |          148.50 | BUFG   |                     N/A | N/A                                                                                                                              |       1729 |      459 |        3.77 | Global   |
|   NVP_PHYSICAL_FRONTEND/u_vclk1_bufio                                                                                                                 |    <0.001 |          148.50 | BUFG   |                     N/A | N/A                                                                                                                              |          8 |        8 |        1.00 | Global   |
|   NVP_PHYSICAL_FRONTEND/vclk1_ibuf                                                                                                                    |    <0.001 |          148.50 | N/A    |                     N/A | N/A                                                                                                                              |          3 |        3 |        1.00 | N/A      |
|   NVP_PHYSICAL_FRONTEND/vclk1_io                                                                                                                      |    <0.001 |          148.50 | BUFG   |                     N/A | N/A                                                                                                                              |          8 |        8 |        1.00 | N/A      |
|   vclk1                                                                                                                                               |     0.000 |          148.50 | N/A    |                     N/A | N/A                                                                                                                              |          1 |        1 |        1.00 | N/A      |
| XDMA/inst/xdma_v41_m1_pcie2_to_pcie3_wrapper_i/pcie2_ip_i/inst/inst/gt_top_i/pipe_wrapper_i/pipe_clock_int.pipe_clock_i/clk_125mhz                    |     0.004 |          125.00 | N/A    |                     N/A | N/A                                                                                                                              |        434 |      113 |        3.84 | N/A      |
|   XDMA/inst/xdma_v41_m1_pcie2_to_pcie3_wrapper_i/pcie2_ip_i/inst/inst/gt_top_i/pipe_wrapper_i/pipe_clock_int.pipe_clock_i/CLK                         |     0.001 |          125.00 | BUFG   |                     N/A | N/A                                                                                                                              |        145 |       33 |        4.39 | N/A      |
|   XDMA/inst/xdma_v41_m1_pcie2_to_pcie3_wrapper_i/pcie2_ip_i/inst/inst/gt_top_i/pipe_wrapper_i/pipe_clock_int.pipe_clock_i/clk_125mhz                  |    <0.001 |          125.00 | N/A    |                     N/A | N/A                                                                                                                              |          2 |        2 |        1.00 | N/A      |
|   XDMA/inst/xdma_v41_m1_pcie2_to_pcie3_wrapper_i/pcie2_ip_i/inst/inst/gt_top_i/pipe_wrapper_i/pipe_clock_int.pipe_clock_i/dclk_i_bufg.dclk_i          |    <0.001 |          125.00 | BUFG   |                     N/A | N/A                                                                                                                              |        145 |       33 |        4.39 | Global   |
|   XDMA/inst/xdma_v41_m1_pcie2_to_pcie3_wrapper_i/pcie2_ip_i/inst/inst/gt_top_i/pipe_wrapper_i/pipe_clock_int.pipe_clock_i/pclk_i1_bufgctrl.pclk_i1_0  |     0.003 |          125.00 | BUFG   |                  100.00 | XDMA/inst/xdma_v41_m1_pcie2_to_pcie3_wrapper_i/pcie2_ip_i/inst/inst/gt_top_i/pipe_wrapper_i/pipe_clock_int.pipe_clock_i/<const1> |        287 |       78 |        3.68 | N/A      |
|   XDMA/inst/xdma_v41_m1_pcie2_to_pcie3_wrapper_i/pcie2_ip_i/inst/inst/gt_top_i/pipe_wrapper_i/pipe_clock_int.pipe_clock_i/pclk_i1_bufgctrl.pclk_i1    |    <0.001 |          125.00 | BUFG   |                  100.00 | XDMA/inst/xdma_v41_m1_pcie2_to_pcie3_wrapper_i/pcie2_ip_i/inst/inst/gt_top_i/pipe_wrapper_i/pipe_clock_int.pipe_clock_i/<const1> |        287 |       78 |        3.68 | Global   |
| XDMA/inst/xdma_v41_m1_pcie2_to_pcie3_wrapper_i/pcie2_ip_i/inst/inst/gt_top_i/pipe_wrapper_i/pipe_clock_int.pipe_clock_i/clk_250mhz                    |    <0.001 |          250.00 | N/A    |                     N/A | N/A                                                                                                                              |          1 |        1 |        1.00 | N/A      |
|   XDMA/inst/xdma_v41_m1_pcie2_to_pcie3_wrapper_i/pcie2_ip_i/inst/inst/gt_top_i/pipe_wrapper_i/pipe_clock_int.pipe_clock_i/clk_250mhz                  |    <0.001 |          250.00 | N/A    |                     N/A | N/A                                                                                                                              |          1 |        1 |        1.00 | N/A      |
| XDMA/inst/xdma_v41_m1_pcie2_to_pcie3_wrapper_i/pcie2_ip_i/inst/inst/gt_top_i/pipe_wrapper_i/pipe_clock_int.pipe_clock_i/mmcm_fb                       |    <0.001 |          100.00 | N/A    |                     N/A | N/A                                                                                                                              |          1 |        1 |        1.00 | N/A      |
|   XDMA/inst/xdma_v41_m1_pcie2_to_pcie3_wrapper_i/pcie2_ip_i/inst/inst/gt_top_i/pipe_wrapper_i/pipe_clock_int.pipe_clock_i/mmcm_fb                     |    <0.001 |          100.00 | N/A    |                     N/A | N/A                                                                                                                              |          1 |        1 |        1.00 | N/A      |
| XDMA/inst/xdma_v41_m1_pcie2_to_pcie3_wrapper_i/pcie2_ip_i/inst/inst/gt_top_i/pipe_wrapper_i/pipe_clock_int.pipe_clock_i/userclk1                      |     0.030 |           62.50 | N/A    |                     N/A | N/A                                                                                                                              |      15120 |     4081 |        3.70 | N/A      |
|   XDMA/inst/xdma_v41_m1_pcie2_to_pcie3_wrapper_i/pcie2_ip_i/inst/inst/gt_top_i/pipe_wrapper_i/pipe_clock_int.pipe_clock_i/INT_USERCLK2_OUT            |     0.030 |           62.50 | BUFG   |                     N/A | N/A                                                                                                                              |      15119 |     4080 |        3.71 | N/A      |
|   XDMA/inst/xdma_v41_m1_pcie2_to_pcie3_wrapper_i/pcie2_ip_i/inst/inst/gt_top_i/pipe_wrapper_i/pipe_clock_int.pipe_clock_i/userclk1                    |    <0.001 |           62.50 | N/A    |                     N/A | N/A                                                                                                                              |          1 |        1 |        1.00 | N/A      |
|   XDMA/inst/xdma_v41_m1_pcie2_to_pcie3_wrapper_i/pcie2_ip_i/inst/inst/gt_top_i/pipe_wrapper_i/pipe_clock_int.pipe_clock_i/userclk1_i1.usrclk1_i1      |    <0.001 |           62.50 | BUFG   |                     N/A | N/A                                                                                                                              |      15119 |     4080 |        3.71 | Global   |
| XDMA/inst/xdma_v41_m1_pcie2_to_pcie3_wrapper_i/pcie2_ip_i/inst/inst/gt_top_i/pipe_wrapper_i/pipe_lane[0].gt_wrapper_i/gtp_channel.gtpe2_channel_i_6   |    <0.001 |          100.00 | N/A    |                     N/A | N/A                                                                                                                              |          2 |        2 |        1.00 | N/A      |
|   XDMA/inst/xdma_v41_m1_pcie2_to_pcie3_wrapper_i/pcie2_ip_i/inst/inst/gt_top_i/pipe_wrapper_i/pipe_clock_int.pipe_clock_i/refclk                      |    <0.001 |          100.00 | BUFG   |                     N/A | N/A                                                                                                                              |          1 |        1 |        1.00 | N/A      |
|   XDMA/inst/xdma_v41_m1_pcie2_to_pcie3_wrapper_i/pcie2_ip_i/inst/inst/gt_top_i/pipe_wrapper_i/pipe_clock_int.pipe_clock_i/txoutclk_i.txoutclk_i       |    <0.001 |          100.00 | BUFG   |                     N/A | N/A                                                                                                                              |          1 |        1 |        1.00 | Global   |
|   XDMA/inst/xdma_v41_m1_pcie2_to_pcie3_wrapper_i/pcie2_ip_i/inst/inst/gt_top_i/pipe_wrapper_i/pipe_lane[0].gt_wrapper_i/gtp_channel.gtpe2_channel_i_6 |    <0.001 |          100.00 | N/A    |                     N/A | N/A                                                                                                                              |          1 |        1 |        1.00 | N/A      |
+-------------------------------------------------------------------------------------------------------------------------------------------------------+-----------+-----------------+--------+-------------------------+----------------------------------------------------------------------------------------------------------------------------------+------------+----------+-------------+----------+


3.3 By Resource Type
--------------------

3.3.1 I/O
---------

+------+-----------+----------+--------------+----------------+------------+-------------+------------+-----------------+----------+--------------+------------+------------------+------------+-------------+---------------------+-----------+-------------------+------------------+------------------+------------------+------------+------------+---------------+-------------------+----------------------+-----------------------+
| Name | Power (W) | I/O Type | I/O Standard | Drive Strength | Input Pins | Output Pins | Bidir Pins | IO LOGIC SERDES | IO DELAY | IBUF LOW PWR | Input Term | Output Impedance | Clock Name | Clock (MHz) | Signal Rate (Mtr/s) | Data Rate | Output Enable (%) | Term Disable (%) | IBUF Disable (%) | Output Load (pF) | Vccint (W) | Vccaux (W) | Vccaux_io (W) | Vcco On-chip  (W) | External Termination | Vcco   Off-chip   (W) |
+------+-----------+----------+--------------+----------------+------------+-------------+------------+-----------------+----------+--------------+------------+------------------+------------+-------------+---------------------+-----------+-------------------+------------------+------------------+------------------+------------+------------+---------------+-------------------+----------------------+-----------------------+


3.3.2 Signals
-------------

+------+-----------+---------------------+--------+--------+--------------+-------+------------+
| Name | Power (W) | Signal Rate (Mtr/s) | % High | Fanout | Slice Fanout | Clock | Logic Type |
+------+-----------+---------------------+--------+--------+--------------+-------+------------+


3.3.3 Slice Logic
-----------------

+------+-----------+------+-------------+------------+---------------------+--------+
| Name | Power (W) | Type | Clock (MHz) | Clock Name | Signal Rate (Mtr/s) | % High |
+------+-----------+------+-------------+------------+---------------------+--------+


3.3.4 Block RAM
---------------

+------+-----------+------+-------------+--------------+---------------+-------------------+--------------+---------------+--------------+------------------+--------------+---------------+-------------------+--------------+---------------+--------------+------------------+
| Name | Power (W) | Mode | Signal Rate | Clock Name A | Clock A (MHz) | Enable Rate A (%) | Read Width A | Write Width A | Write Mode A | Write Rate A (%) | Clock Name B | Clock B (MHz) | Enable Rate B (%) | Read Width B | Write Width B | Write Mode B | Write Rate B (%) |
+------+-----------+------+-------------+--------------+---------------+-------------------+--------------+---------------+--------------+------------------+--------------+---------------+-------------------+--------------+---------------+--------------+------------------+


3.3.5 GTP
---------

+------+-----------+------------------+---------------------+--------------------+--------------+---------------------+--------------------+--------------+-----------------+-----------+------------+-------------+-------------+
| Name | Power (W) | Operational Mode | RX Data Rate (Gb/s) | RX Data Path Width | RX Data Mode | TX Data Rate (Gb/s) | TX Data Path Width | TX Data Mode | TX O/P Amp (mV) | Hard PCIe | Vccint (W) | MGTAVcc (W) | MGTAVtt (W) |
+------+-----------+------------------+---------------------+--------------------+--------------+---------------------+--------------------+--------------+-----------------+-----------+------------+-------------+-------------+


3.3.6 PCIE
----------

+------+-----------+------------+------------------+-----------------+
| Name | Power (W) | Link Speed | User Clock (MHz) | Number of Lanes |
+------+-----------+------------+------------------+-----------------+


3.3.7 Clock Manager
-------------------

+------+-----------+-------------+-------------+-------------+----------------+------------------+----------------+----------------+----------------+----------------+----------------+----------------+----------------+------------+------------+------------+
| Name | Power (W) | MMCM or PLL | Clock (MHz) | Phase Shift | Divide Counter | Multiply Counter | Clock 0 Divide | Clock 1 Divide | Clock 2 Divide | Clock 3 Divide | Clock 4 Divide | Clock 5 Divide | Clock 6 Divide | Power Down | Vccint (W) | Vccaux (W) |
+------+-----------+-------------+-------------+-------------+----------------+------------------+----------------+----------------+----------------+----------------+----------------+----------------+----------------+------------+------------+------------+


