#-----------------------------------------------------------
# xsim v2025.2 (64-bit)
# SW Build 6299465 on Fri Nov 14 19:35:11 GMT 2025
# IP Build 6300035 on Fri Nov 14 10:48:45 MST 2025
# SharedData Build 6298862 on Thu Nov 13 04:50:51 MST 2025
# Start of session at: Fri Aug 21 22:33:29 2026
# Process ID         : 13788
# Current directory  : C:/FPGA/V41_NVP_I2C_25KHZ_PAIRED_AB_R1/03_SIMULATION/REMAINING_OFFLINE_GATES/POWER_TIMING
# Command line       : xsim.exe -mode tcl -source {xsim.dir/power_timing_sim/xsim_script.tcl}
# Log file           : C:/FPGA/V41_NVP_I2C_25KHZ_PAIRED_AB_R1/03_SIMULATION/REMAINING_OFFLINE_GATES/POWER_TIMING/xsim.log
# Journal file       : C:/FPGA/V41_NVP_I2C_25KHZ_PAIRED_AB_R1/03_SIMULATION/REMAINING_OFFLINE_GATES/POWER_TIMING\xsim.jou
# Running On         : NBLSUDUL
# Platform           : Windows Server 2016 or Windows 10
# Operating System   : 19045
# Processor Detail   : Intel(R) Core(TM) i7-7500U CPU @ 2.70GHz
# CPU Frequency      : 2904 MHz
# CPU Physical cores : 2
# CPU Logical cores  : 4
# Host memory        : 17028 MB
# Swap memory        : 4160 MB
# Total Virtual      : 21189 MB
# Available Virtual  : 8221 MB
#-----------------------------------------------------------
source xsim.dir/power_timing_sim/xsim_script.tcl
# xsim {power_timing_sim} -autoloadwcfg -runall
Time resolution is 1 ps
run -all
Note: PASS power enable, 500-ms reset hold, 1.5-s start scaling
Time: 1565 ns  Iteration: 0  Process: /tb_g0p8c5d_power_timing/line__20  File: C:/FPGA/V41_NVP_I2C_25KHZ_PAIRED_AB_R1/worktree/tests/nvp/tb_power_timing.vhd
$stop called at time : 1565 ns : File "C:/FPGA/V41_NVP_I2C_25KHZ_PAIRED_AB_R1/worktree/tests/nvp/tb_power_timing.vhd" Line 34
exit
INFO: [Common 17-206] Exiting xsim at Fri Aug 21 22:33:34 2026...
