Copyright 1986-2022 Xilinx, Inc. All Rights Reserved. Copyright 2022-2025 Advanced Micro Devices, Inc. All Rights Reserved.
-------------------------------------------------------------------------------------------------------------------------------------------------------------------------------------------------------------------------------------------------------------------------------------------------------------------------------------------------------------------------------------------------------------------------------------------------------------------------------------------------------------------------------------------------------------------------------------------------------------------------------------------------------------------------------------------------------------------------------------------------------------------------------------------------------------------------------
| Tool Version : Vivado v.2025.2 (win64) Build 6299465 Fri Nov 14 19:35:11 GMT 2025
| Date         : Wed Sep  2 19:03:12 2026
| Host         : NBLSUDUL running 64-bit major release  (build 9200)
| Command      : report_timing -delay_type max -sort_by slack -max_paths 1 -nworst 1 -from [filter [get_cells -quiet -hier -regexp .*G2B_ONECH_C2H/(reset_abandoned_hold_source|reset_commit_phase_hold_source)_reg.*] {IS_SEQUENTIAL == 1}] -to [filter [get_cells -quiet -hier -regexp .*G2B_ONECH_C2H/(records_abandoned_axi|commit_seen_axi|stream_reset_busy_axi|stream_reset_is_hard_axi|transport_followup_hard_axi|reset_epoch_axi|global_stream_next_axi|last_global_axi|last_channel_axi|last_global_valid_axi|last_channel_valid_axi|reset_events_axi|axis_state|snapshot_busy_axi|snapshot_valid_axi|fatal_clear_qualified_axi|axi_hard_episode)_reg.*] {IS_SEQUENTIAL == 1}] -file C:/FPGA/V41_G2B_EVIDENCE/v41-development-g2b-g13a-reset-return-signoff-audit/raw/timing/G2B_G13A_EXACT_SCOPE_REPORT_TIMING.rpt
| Design       : ahd_capture_top_xdma
| Device       : 7a35t-csg325
| Speed File   : -2  PRODUCTION 1.23 2018-06-13
| Design State : Routed
-------------------------------------------------------------------------------------------------------------------------------------------------------------------------------------------------------------------------------------------------------------------------------------------------------------------------------------------------------------------------------------------------------------------------------------------------------------------------------------------------------------------------------------------------------------------------------------------------------------------------------------------------------------------------------------------------------------------------------------------------------------------------------------------------------------------------------

Timing Report

Slack (MET) :             1.723ns  (required time - arrival time)
  Source:                 G2B_ONECH_C2H/reset_commit_phase_hold_source_reg[1]/C
                            (rising edge-triggered cell FDRE clocked by nvp_vclk1  {rise@0.000ns fall@3.367ns period=6.734ns})
  Destination:            G2B_ONECH_C2H/reset_events_axi_reg[21]/R
                            (rising edge-triggered cell FDRE clocked by userclk1  {rise@0.000ns fall@8.000ns period=16.000ns})
  Path Group:             userclk1
  Path Type:              Setup (Max at Slow Process Corner)
  Requirement:            6.000ns  (MaxDelay Path 6.000ns)
  Data Path Delay:        3.756ns  (logic 0.906ns (24.123%)  route 2.850ns (75.877%))
  Logic Levels:           5  (LUT2=1 LUT3=1 LUT4=1 LUT6=2)
  Timing Exception:       MaxDelay Path 6.000ns -datapath_only

    Location             Delay type                Incr(ns)  Path(ns)    Netlist Resource(s)
  -------------------------------------------------------------------    -------------------
    SLICE_X41Y61                                      0.000     0.000 r  G2B_ONECH_C2H/reset_commit_phase_hold_source_reg[1]/C
    SLICE_X41Y61         FDRE (Prop_fdre_C_Q)         0.379     0.379 r  G2B_ONECH_C2H/reset_commit_phase_hold_source_reg[1]/Q
                         net (fo=2, routed)           0.469     0.848    G2B_ONECH_C2H/reset_commit_phase_hold_source[1]
    SLICE_X43Y61         LUT6 (Prop_lut6_I1_O)        0.105     0.953 r  G2B_ONECH_C2H/last_channel_axi[31]_i_7/O
                         net (fo=1, routed)           0.204     1.157    G2B_ONECH_C2H/last_channel_axi[31]_i_7_n_0
    SLICE_X43Y61         LUT6 (Prop_lut6_I2_O)        0.105     1.262 r  G2B_ONECH_C2H/last_channel_axi[31]_i_6/O
                         net (fo=1, routed)           0.344     1.607    G2B_ONECH_C2H/last_channel_axi[31]_i_6_n_0
    SLICE_X43Y61         LUT4 (Prop_lut4_I0_O)        0.105     1.712 r  G2B_ONECH_C2H/last_channel_axi[31]_i_5/O
                         net (fo=67, routed)          0.414     2.126    G2B_ONECH_C2H/last_channel_axi[31]_i_5_n_0
    SLICE_X41Y67         LUT2 (Prop_lut2_I0_O)        0.105     2.231 r  G2B_ONECH_C2H/reset_events_axi[31]_i_2/O
                         net (fo=116, routed)         0.658     2.890    G2B_ONECH_C2H/reset_events_axi[31]_i_2_n_0
    SLICE_X43Y70         LUT3 (Prop_lut3_I1_O)        0.107     2.997 r  G2B_ONECH_C2H/reset_events_axi[31]_i_1/O
                         net (fo=31, routed)          0.759     3.756    G2B_ONECH_C2H/reset_events_axi[31]
    SLICE_X36Y75         FDRE                                         r  G2B_ONECH_C2H/reset_events_axi_reg[21]/R
  -------------------------------------------------------------------    -------------------

                         max delay                    6.000     6.000    
    SLICE_X36Y75         FDRE (Setup_fdre_C_R)       -0.521     5.479    G2B_ONECH_C2H/reset_events_axi_reg[21]
  -------------------------------------------------------------------
                         required time                          5.479    
                         arrival time                          -3.756    
  -------------------------------------------------------------------
                         slack                                  1.723    




