UTC_START=2026-08-23T13:18:27.2594072Z
UTC_END=2026-08-23T13:18:29.0627087Z
EVIDENCE_KIND=R4_START_STATE_SUPPLEMENTAL_READ_ONLY_RELAUNCH
RESULT=FAIL
EXIT_CODE=94
ARGUMENT_TOKEN_AUDIT=PASS
PLINK_PW_OPTION_USED=NO
PLINK_PWFILE_OPTION_USED=YES
USERNAME_ROLE_OCCURRENCE=YES_AUTHORIZED
PASSWORD_ROLE_ARGUMENT_OCCURRENCE=NO
REMOTE_COMMAND_SHARED_LITERAL=NO
INHERITED_ENVIRONMENT_AUDIT=PASS
PWFILE_CREATED=YES
PWFILE_DELETED=YES
STDOUT_BEGIN
SUPPLEMENTAL_CURRENT_UTC=2026-08-23T13:18:28.989510383Z
SUPPLEMENTAL_BOOT_ID=a2b8dff1-e296-4b32-a230-fe6d8a2caa49
SUPPLEMENTAL_KERNEL=7.0.0-29-generic
XDMA_LOADED_VERSION_DIRECT=2025.2.0
XDMA_PINNED_VERSION=2025.2.0
XDMA_LOADED_SRCVERSION_DIRECT=E2C680AF6D8BF5E3A2F6ACB
XDMA_PINNED_SRCVERSION=E2C680AF6D8BF5E3A2F6ACB
ENDPOINT_BOUND_DRIVER_DIRECT=xdma
WRONG_SAME_NAME_XDMA_LOADED_OR_BOUND=NO
XDMA_NODE_COUNT_DIRECT=21
XDMA_NODE_LIST_DIRECT=xdma0_c2h_0,xdma0_control,xdma0_events_0,xdma0_events_1,xdma0_events_10,xdma0_events_11,xdma0_events_12,xdma0_events_13,xdma0_events_14,xdma0_events_15,xdma0_events_2,xdma0_events_3,xdma0_events_4,xdma0_events_5,xdma0_events_6,xdma0_events_7,xdma0_events_8,xdma0_events_9,xdma0_h2c_0,xdma0_user,xdma0_xvc
XDMA_OPEN_PROCESS_COUNT=0
XDMA_OPEN_PIDS=NONE
TASK_DMA_COMMANDS=0
TARGETED_KERNEL_CRITICAL_MATCH_COUNT=1
TARGETED_KERNEL_CRITICAL_MATCHES_BEGIN
Aug 22 14:12:20 VCDE-DUT-1 kernel: xdma: module verification failed: signature and/or required key missing - tainting kernel
TARGETED_KERNEL_CRITICAL_MATCHES_END
SUPPLEMENTAL_DISCOVERY_GATE=FAIL_KERNEL_AER_XDMA_HEALTH
STDOUT_END
STDERR_BEGIN

STDERR_END
