UTC_START=2026-08-23T13:18:57.1853044Z
UTC_END=2026-08-23T13:18:58.9933409Z
EVIDENCE_KIND=R4_START_STATE_SUPPLEMENTAL_READ_ONLY_HEALTH_FILTERED
RESULT=PASS
EXIT_CODE=0
ARGUMENT_TOKEN_AUDIT=PASS
PLINK_PW_OPTION_USED=NO
PLINK_PWFILE_OPTION_USED=YES
USERNAME_ROLE_OCCURRENCE=YES_AUTHORIZED
PASSWORD_ROLE_ARGUMENT_OCCURRENCE=NO
REMOTE_COMMAND_SHARED_LITERAL=NO
INHERITED_ENVIRONMENT_AUDIT=PASS
PWFILE_CREATED=YES
PWFILE_DELETED=YES
STDOUT_BEGIN
SUPPLEMENTAL_CURRENT_UTC=2026-08-23T13:18:58.909133121Z
SUPPLEMENTAL_BOOT_ID=a2b8dff1-e296-4b32-a230-fe6d8a2caa49
SUPPLEMENTAL_KERNEL=7.0.0-29-generic
XDMA_LOADED_VERSION_DIRECT=2025.2.0
XDMA_PINNED_VERSION=2025.2.0
XDMA_LOADED_SRCVERSION_DIRECT=E2C680AF6D8BF5E3A2F6ACB
XDMA_PINNED_SRCVERSION=E2C680AF6D8BF5E3A2F6ACB
ENDPOINT_BOUND_DRIVER_DIRECT=xdma
WRONG_SAME_NAME_XDMA_LOADED_OR_BOUND=NO
XDMA_NODE_COUNT_DIRECT=21
XDMA_NODE_LIST_DIRECT=xdma0_c2h_0,xdma0_control,xdma0_events_0,xdma0_events_1,xdma0_events_10,xdma0_events_11,xdma0_events_12,xdma0_events_13,xdma0_events_14,xdma0_events_15,xdma0_events_2,xdma0_events_3,xdma0_events_4,xdma0_events_5,xdma0_events_6,xdma0_events_7,xdma0_events_8,xdma0_events_9,xdma0_h2c_0,xdma0_user,xdma0_xvc
XDMA_OPEN_PROCESS_COUNT=0
XDMA_OPEN_PIDS=NONE
TASK_DMA_COMMANDS=0
TARGETED_KERNEL_CRITICAL_MATCH_COUNT=0
TARGETED_KERNEL_CRITICAL_MATCHES_BEGIN

TARGETED_KERNEL_CRITICAL_MATCHES_END
KERNEL_AER_XDMA_HEALTH=PASS
ACCEPTED_READER_PATH=/home/vcdeagent1/FPGA_AHD_HOST/phase2_precheck_accepted/xdma_axil_read
ACCEPTED_READER_SHA256=808AA85670CCEBD288DE6EA7EE05BEF303272A6E555273E763D75DC45B68351E
RAW_TASK_READER_BLOCK_ID=0xFFFFFFFF
RAW_TASK_READER_PROTOCOL=0xFFFFFFFF
RAW_TASK_READER_CAPABILITIES=0xFFFFFFFF
RAW_TASK_READER_GIT_SHA_W0=0xFFFFFFFF
RAW_TASK_READER_GIT_SHA_W1=0xFFFFFFFF
RAW_TASK_READER_GIT_SHA_W2=0xFFFFFFFF
RAW_TASK_READER_GIT_SHA_W3=0xFFFFFFFF
RAW_TASK_READER_GIT_SHA_W4=0xFFFFFFFF
RAW_TASK_READER_BUILD_FLAGS=0xFFFFFFFF
RAW_TASK_READER_DIAGNOSTIC_MAGIC=0xFFFFFFFF
RAW_TASK_READER_MODE=O_RDONLY_PREAD_ONLY
ACCEPTED_READER_RAW_BEGIN=BLOCK_ID
XDMA_USER_NODE=/dev/xdma0_user
AXI_LITE_OFFSET=0x00000000
AXI_LITE_OBSERVED=0xFFFFFFFF
AXI_LITE_EXPECTED=0xA40A0C07
AXI_LITE_READ_RESULT=FAIL
ACCEPTED_READER_RAW_END=BLOCK_ID
ACCEPTED_READER_FIELD=BLOCK_ID OFFSET=0x00000000 OBSERVED=0XFFFFFFFF EXPECTED=0xA40A0C07 RC=3
ACCEPTED_READER_RAW_BEGIN=PROTOCOL
XDMA_USER_NODE=/dev/xdma0_user
AXI_LITE_OFFSET=0x00000004
AXI_LITE_OBSERVED=0xFFFFFFFF
AXI_LITE_EXPECTED=0x0000400B
AXI_LITE_READ_RESULT=FAIL
ACCEPTED_READER_RAW_END=PROTOCOL
ACCEPTED_READER_FIELD=PROTOCOL OFFSET=0x00000004 OBSERVED=0XFFFFFFFF EXPECTED=0x0000400B RC=3
ACCEPTED_READER_RAW_BEGIN=CAPABILITIES
XDMA_USER_NODE=/dev/xdma0_user
AXI_LITE_OFFSET=0x00000008
AXI_LITE_OBSERVED=0xFFFFFFFF
AXI_LITE_EXPECTED=0x00031002
AXI_LITE_READ_RESULT=FAIL
ACCEPTED_READER_RAW_END=CAPABILITIES
ACCEPTED_READER_FIELD=CAPABILITIES OFFSET=0x00000008 OBSERVED=0XFFFFFFFF EXPECTED=0x00031002 RC=3
ACCEPTED_READER_RAW_BEGIN=DIAGNOSTIC_MAGIC
XDMA_USER_NODE=/dev/xdma0_user
AXI_LITE_OFFSET=0x00002000
AXI_LITE_OBSERVED=0xFFFFFFFF
AXI_LITE_EXPECTED=0x00000000
AXI_LITE_READ_RESULT=FAIL
ACCEPTED_READER_RAW_END=DIAGNOSTIC_MAGIC
ACCEPTED_READER_FIELD=DIAGNOSTIC_MAGIC OFFSET=0x00002000 OBSERVED=0XFFFFFFFF EXPECTED=0x00000000 RC=3
START_STATE_DISCOVERY_MMIO=READ_ONLY
SUPPLEMENTAL_DISCOVERY_GATE=PASS
STDOUT_END
STDERR_BEGIN

STDERR_END
