UTC_START=2026-08-23T13:17:48.9868031Z
UTC_END=2026-08-23T13:17:57.4599777Z
EVIDENCE_KIND=R4_START_STATE_SUPPLEMENTAL_READ_ONLY
RESULT=FAIL
EXIT_CODE=1
ARGUMENT_TOKEN_AUDIT=PASS
PLINK_PW_OPTION_USED=NO
PLINK_PWFILE_OPTION_USED=YES
USERNAME_ROLE_OCCURRENCE=YES_AUTHORIZED
PASSWORD_ROLE_ARGUMENT_OCCURRENCE=NO
REMOTE_COMMAND_SHARED_LITERAL=NO
INHERITED_ENVIRONMENT_AUDIT=PASS
PWFILE_CREATED=YES
PWFILE_DELETED=YES
STDOUT_BEGIN

STDOUT_END
STDERR_BEGIN

sudo: Authentication failed, try again.

sudo: Authentication failed, try again.

sudo: maximum 3 incorrect authentication attempts
STDERR_END
