#-----------------------------------------------------------
# Vivado v2025.2 (64-bit)
# SW Build 6299465 on Fri Nov 14 19:35:11 GMT 2025
# IP Build 6300035 on Fri Nov 14 10:48:45 MST 2025
# SharedData Build 6298862 on Thu Nov 13 04:50:51 MST 2025
# Start of session at: Fri Aug 21 01:27:11 2026
# Process ID         : 18484
# Current directory  : C:/FPGA/V41_NVP_ODIV2_DIAG_R1/02_P2_ROUTE_PROBE
# Command line       : vivado.exe -mode batch -source C:\FPGA\V41_NVP_ODIV2_DIAG_R1\02_P2_ROUTE_PROBE\scratch_source\scripts\v41\phase1b_integrated_xdma_build.tcl -tclargs C:\FPGA\V41_NVP_ODIV2_DIAG_R1\02_P2_ROUTE_PROBE\scratch_source C:\FPGA\V41_NVP_ODIV2_DIAG_R1\02_P2_ROUTE_PROBE\build C:\FPGA\V41_NVP_ODIV2_DIAG_R1\02_P2_ROUTE_PROBE\evidence
# Log file           : C:/FPGA/V41_NVP_ODIV2_DIAG_R1/02_P2_ROUTE_PROBE/vivado.log
# Journal file       : C:/FPGA/V41_NVP_ODIV2_DIAG_R1/02_P2_ROUTE_PROBE\vivado.jou
# Running On         : NBLSUDUL
# Platform           : Windows Server 2016 or Windows 10
# Operating System   : 19045
# Processor Detail   : Intel(R) Core(TM) i7-7500U CPU @ 2.70GHz
# CPU Frequency      : 2904 MHz
# CPU Physical cores : 2
# CPU Logical cores  : 4
# Host memory        : 17028 MB
# Swap memory        : 4160 MB
# Total Virtual      : 21189 MB
# Available Virtual  : 12470 MB
#-----------------------------------------------------------
source {C:\FPGA\V41_NVP_ODIV2_DIAG_R1\02_P2_ROUTE_PROBE\scratch_source\scripts\v41\phase1b_integrated_xdma_build.tcl}
