
****** xsim v2025.2 (64-bit)
  **** SW Build 6299465 on Fri Nov 14 19:35:11 GMT 2025
  **** IP Build 6300035 on Fri Nov 14 10:48:45 MST 2025
  **** SharedData Build 6298862 on Thu Nov 13 04:50:51 MST 2025
  **** Start of session at: Mon Aug 24 18:09:07 2026
    ** Copyright 1986-2022 Xilinx, Inc. All Rights Reserved.
    ** Copyright 2022-2025 Advanced Micro Devices, Inc. All Rights Reserved.

source xsim.dir/candidate_tri_probe_production_timing_snapshot/xsim_script.tcl
# xsim {candidate_tri_probe_production_timing_snapshot} -autoloadwcfg -tclbatch {C:/FPGA/V41_NVP_R1G_VHDL_COMPATIBILITY/05_CROSS_STANDARD_EQUIVALENCE/candidate_frozen_component_matrix_attempt_01/tri_probe_production_timing/run.tcl}
Time resolution is 1 ps
source C:/FPGA/V41_NVP_R1G_VHDL_COMPATIBILITY/05_CROSS_STANDARD_EQUIVALENCE/candidate_frozen_component_matrix_attempt_01/tri_probe_production_timing/run.tcl
## run all
PASS R1F_PRODUCTION_TIMING_MODEL
R1F_PROBE_CYCLES_FROM_INIT_DONE=29415318
R1F_PROBE_SECONDS_FROM_INIT_DONE=29.415318000
MODELED_R1F_PROBE_COMPLETE_SECONDS_FROM_CONFIGURATION=31.536673744
ARM_A_REQUIRED_WAIT_SECONDS=33.536673744
$finish called at time : 29415337500 ns : File "C:/FPGA/WORKTREES/V41_NVP_R1G_VHDL_COMPATIBILITY/tests/v41/tb_nvp_i2c_tri_phase_probe.sv" Line 354
run: Time (s): cpu = 00:00:02 ; elapsed = 00:01:32 . Memory (MB): peak = 206.168 ; gain = 0.461
## quit
INFO: xsimkernel Simulation Memory Usage: 13736 KB (Peak: 13736 KB), Simulation CPU Usage: 88108 ms
INFO: [Common 17-206] Exiting xsim at Mon Aug 24 18:10:44 2026...
