#-----------------------------------------------------------
# Vivado v2025.2 (64-bit)
# SW Build 6299465 on Fri Nov 14 19:35:11 GMT 2025
# IP Build 6300035 on Fri Nov 14 10:48:45 MST 2025
# SharedData Build 6298862 on Thu Nov 13 04:50:51 MST 2025
# Start of session at: Fri Aug 21 15:47:43 2026
# Process ID         : 4672
# Current directory  : C:/FPGA/V41_NVP_ROUTED_DCP_POWER_TIMING_AUDIT_R1
# Command line       : vivado.exe -mode batch -source C:\FPGA\V41_NVP_ROUTED_DCP_POWER_TIMING_AUDIT_R1\scripts\inventory_checkpoint.tcl -tclargs C:\FPGA\V41_NVP_ROUTED_DCP_POWER_TIMING_AUDIT_R1\01_INPUT_IDENTITY\R1_PACKAGE_EXTRACTED\PHASE3_routed.dcp C:\FPGA\V41_NVP_ROUTED_DCP_POWER_TIMING_AUDIT_R1\03_R1_DESIGN_INVENTORY R1 -nojournal -log C:\FPGA\V41_NVP_ROUTED_DCP_POWER_TIMING_AUDIT_R1\raw\R1_INVENTORY_VIVADO.log
# Log file           : C:/FPGA/V41_NVP_ROUTED_DCP_POWER_TIMING_AUDIT_R1/vivado.log
# Journal file       : C:/FPGA/V41_NVP_ROUTED_DCP_POWER_TIMING_AUDIT_R1\vivado.jou
# Running On         : NBLSUDUL
# Platform           : Windows Server 2016 or Windows 10
# Operating System   : 19045
# Processor Detail   : Intel(R) Core(TM) i7-7500U CPU @ 2.70GHz
# CPU Frequency      : 2904 MHz
# CPU Physical cores : 2
# CPU Logical cores  : 4
# Host memory        : 17028 MB
# Swap memory        : 4160 MB
# Total Virtual      : 21189 MB
# Available Virtual  : 8731 MB
#-----------------------------------------------------------
WARNING: [Runs 36-547] User Strategy 'Vivado Implementation Defaults' from file 'C:\Users\£ukasz Sudu³\AppData\Roaming/Xilinx/Vivado/2025.2/strategies/Vivado Implementation Defaults.Vivado Implementation 2025.psg' discarded because strategy with same name already parsed from 'C:/AMDDesignTools/2025.2/Vivado/strategies/VDI2025.psg'
source {C:\FPGA\V41_NVP_ROUTED_DCP_POWER_TIMING_AUDIT_R1\scripts\inventory_checkpoint.tcl}
# if {$argc != 3} {
#     error "USAGE: inventory_checkpoint.tcl <dcp_path> <output_dir> <role>"
# }
USAGE: inventory_checkpoint.tcl <dcp_path> <output_dir> <role>
    while executing
"error "USAGE: inventory_checkpoint.tcl <dcp_path> <output_dir> <role>""
    invoked from within
"if {$argc != 3} {
    error "USAGE: inventory_checkpoint.tcl <dcp_path> <output_dir> <role>"
}"
    (file "C:\FPGA\V41_NVP_ROUTED_DCP_POWER_TIMING_AUDIT_R1\scripts\inventory_checkpoint.tcl" line 1)
INFO: [Common 17-206] Exiting Vivado at Fri Aug 21 15:48:01 2026...
