UTC_START=2026-08-20T19:35:58.8577922Z
UTC_END=2026-08-20T19:36:00.3880799Z
EVIDENCE_KIND=FINAL_SALVAGE_CONTINUITY_AND_GATE
RESULT=PASS
EXIT_CODE=0
ARGUMENT_TOKEN_AUDIT=PASS
PLINK_PW_OPTION_USED=NO
PLINK_PWFILE_OPTION_USED=YES
USERNAME_ROLE_OCCURRENCE=YES_AUTHORIZED
PASSWORD_ROLE_ARGUMENT_OCCURRENCE=NO
REMOTE_COMMAND_SHARED_LITERAL=NO
INHERITED_ENVIRONMENT_AUDIT=PASS
PWFILE_CREATED=YES
PWFILE_DELETED=YES
STDOUT_BEGIN
USER=vcdeagent1
HOST=VCDE-DUT-1
BOOT_ID=20ce3f85-63d7-4d02-a3ad-9c87de8ad794
UPTIME_START=2026-08-20 19:26:20
KERNEL=7.0.0-29-generic
ENDPOINT
0000:01:00.0 Memory controller [0580]: Xilinx Corporation 7-Series FPGA Hard PCIe block (AXI/debug) [10ee:7011]
	Subsystem: Xilinx Corporation Device [10ee:0007]
BOUND_DRIVER=ABSENT
DRIVER_OVERRIDE=(null)
XDMA_LOADED=NO
SYS_MODULE_XDMA=ABSENT
XDMA_NODES=
LOADER_PATH=/home/vcdeagent1/FPGA_AHD_HOST/phase2_precheck_accepted/phase2_load_xdma_driver.sh LOADER_SIZE=1481 LOADER_MODE=644 LOADER_OWNER=vcdeagent1 LOADER_GROUP=vcdeagent1
7279e316a2d647826b8d5ec6bedf78a143b72d100b4008c7ac006c1b6653649f  /home/vcdeagent1/FPGA_AHD_HOST/phase2_precheck_accepted/phase2_load_xdma_driver.sh
LOADER_FIRST_LINE=#!/usr/bin/env bash
LOADER_CR_BYTES=0
BASH_PATH=/usr/bin/bash
GNU bash, version 5.3.9(1)-release (x86_64-pc-linux-gnu)
BASH_SYNTAX=PASS
MODULE_PATH=/home/vcdeagent1/FPGA_AHD_HOST/dma_ip_drivers/XDMA/linux-kernel/xdma/xdma.ko MODULE_SIZE=3306800 MODULE_MODE=664 MODULE_OWNER=vcdeagent1 MODULE_GROUP=vcdeagent1
1aef06244df308fee544a2662b73855c81beb88bc929e7885d8d113e474b320a  /home/vcdeagent1/FPGA_AHD_HOST/dma_ip_drivers/XDMA/linux-kernel/xdma/xdma.ko
MODULE_NAME=xdma
MODULE_VERSION=2025.2.0
MODULE_VERMAGIC=7.0.0-29-generic SMP preempt mod_unload modversions
MODULE_SRCVERSION=E2C680AF6D8BF5E3A2F6ACB
SOURCE_COMMIT=8721136e74a66500b02d16cb41922d966139cd46
SECURE_BOOT=SecureBoot disabled
REMOTE_EVIDENCE=ABSENT_FRESH
STDOUT_END
STDERR_BEGIN

STDERR_END
