UTC_START=2026-08-20T19:36:24.9509754Z
UTC_END=2026-08-20T19:36:26.0437879Z
EVIDENCE_KIND=CURRENT_PCIE_GEOMETRY
RESULT=PASS
EXIT_CODE=0
ARGUMENT_TOKEN_AUDIT=PASS
PLINK_PW_OPTION_USED=NO
PLINK_PWFILE_OPTION_USED=YES
USERNAME_ROLE_OCCURRENCE=YES_AUTHORIZED
PASSWORD_ROLE_ARGUMENT_OCCURRENCE=NO
REMOTE_COMMAND_SHARED_LITERAL=NO
INHERITED_ENVIRONMENT_AUDIT=PASS
PWFILE_CREATED=YES
PWFILE_DELETED=YES
STDOUT_BEGIN
	Region 0: Memory at f6e00000 (32-bit, non-prefetchable) [disabled] [size=128K]
	Region 1: Memory at f6e20000 (32-bit, non-prefetchable) [disabled] [size=64K]
2.5 GT/s PCIe
1
0x00000000f6e00000 0x00000000f6e1ffff 0x0000000000040200
0x00000000f6e20000 0x00000000f6e2ffff 0x0000000000040200
0x0000000000000000 0x0000000000000000 0x0000000000000000
0x0000000000000000 0x0000000000000000 0x0000000000000000
0x0000000000000000 0x0000000000000000 0x0000000000000000
0x0000000000000000 0x0000000000000000 0x0000000000000000
0x0000000000000000 0x0000000000000000 0x0000000000000000
0x0000000000000000 0x0000000000000000 0x0000000000000000
0x0000000000000000 0x0000000000000000 0x0000000000000000
0x0000000000000000 0x0000000000000000 0x0000000000000000
0x0000000000000000 0x0000000000000000 0x0000000000000000
0x0000000000000000 0x0000000000000000 0x0000000000000000
0x0000000000000000 0x0000000000000000 0x0000000000000000
STDOUT_END
STDERR_BEGIN

STDERR_END
