UTC_START=2026-08-21T11:26:45.1813485Z
UTC_END=2026-08-21T11:27:13.3941531Z
EVIDENCE_KIND=FORMAL_CONTEXT_NVP_READ_ONLY
RESULT=FAIL
EXIT_CODE=3
ARGUMENT_TOKEN_AUDIT=PASS
PLINK_PW_OPTION_USED=NO
PLINK_PWFILE_OPTION_USED=YES
USERNAME_ROLE_OCCURRENCE=YES_AUTHORIZED
PASSWORD_ROLE_ARGUMENT_OCCURRENCE=NO
REMOTE_COMMAND_SHARED_LITERAL=NO
INHERITED_ENVIRONMENT_AUDIT=PASS
PWFILE_CREATED=YES
PWFILE_DELETED=YES
STDOUT_BEGIN
T0
1787311606407911445
XDMA_USER_NODE=/dev/xdma0_user
AXI_LITE_OFFSET=0x00000060
AXI_LITE_OBSERVED=0x00000000
AXI_LITE_EXPECTED=0x00000000
AXI_LITE_READ_RESULT=PASS
XDMA_USER_NODE=/dev/xdma0_user
AXI_LITE_OFFSET=0x00000080
AXI_LITE_OBSERVED=0x45F18FEF
AXI_LITE_EXPECTED=0x00000000
AXI_LITE_READ_RESULT=FAIL
XDMA_USER_NODE=/dev/xdma0_user
AXI_LITE_OFFSET=0x00000084
AXI_LITE_OBSERVED=0x00000000
AXI_LITE_EXPECTED=0x00000000
AXI_LITE_READ_RESULT=PASS
XDMA_USER_NODE=/dev/xdma0_user
AXI_LITE_OFFSET=0x0000008C
AXI_LITE_OBSERVED=0x000000FB
AXI_LITE_EXPECTED=0x00000000
AXI_LITE_READ_RESULT=FAIL
XDMA_USER_NODE=/dev/xdma0_user
AXI_LITE_OFFSET=0x00000090
AXI_LITE_OBSERVED=0x00000005
AXI_LITE_EXPECTED=0x00000000
AXI_LITE_READ_RESULT=FAIL
XDMA_USER_NODE=/dev/xdma0_user
AXI_LITE_OFFSET=0x00000094
AXI_LITE_OBSERVED=0x00000000
AXI_LITE_EXPECTED=0x00000000
AXI_LITE_READ_RESULT=PASS
XDMA_USER_NODE=/dev/xdma0_user
AXI_LITE_OFFSET=0x0000009C
AXI_LITE_OBSERVED=0x8002BA00
AXI_LITE_EXPECTED=0x00000000
AXI_LITE_READ_RESULT=FAIL
T1
1787311619082348570
XDMA_USER_NODE=/dev/xdma0_user
AXI_LITE_OFFSET=0x00000060
AXI_LITE_OBSERVED=0x00000000
AXI_LITE_EXPECTED=0x00000000
AXI_LITE_READ_RESULT=PASS
XDMA_USER_NODE=/dev/xdma0_user
AXI_LITE_OFFSET=0x00000080
AXI_LITE_OBSERVED=0xC7E7E7E7
AXI_LITE_EXPECTED=0x00000000
AXI_LITE_READ_RESULT=FAIL
XDMA_USER_NODE=/dev/xdma0_user
AXI_LITE_OFFSET=0x00000084
AXI_LITE_OBSERVED=0x00000000
AXI_LITE_EXPECTED=0x00000000
AXI_LITE_READ_RESULT=PASS
XDMA_USER_NODE=/dev/xdma0_user
AXI_LITE_OFFSET=0x0000008C
AXI_LITE_OBSERVED=0x000000FB
AXI_LITE_EXPECTED=0x00000000
AXI_LITE_READ_RESULT=FAIL
XDMA_USER_NODE=/dev/xdma0_user
AXI_LITE_OFFSET=0x00000090
AXI_LITE_OBSERVED=0x00000005
AXI_LITE_EXPECTED=0x00000000
AXI_LITE_READ_RESULT=FAIL
XDMA_USER_NODE=/dev/xdma0_user
AXI_LITE_OFFSET=0x00000094
AXI_LITE_OBSERVED=0x00000000
AXI_LITE_EXPECTED=0x00000000
AXI_LITE_READ_RESULT=PASS
XDMA_USER_NODE=/dev/xdma0_user
AXI_LITE_OFFSET=0x0000009C
AXI_LITE_OBSERVED=0x8002BA00
AXI_LITE_EXPECTED=0x00000000
AXI_LITE_READ_RESULT=FAIL
STDOUT_END
STDERR_BEGIN


sudo: Authentication failed, try again.


sudo: Authentication failed, try again.


sudo: Authentication failed, try again.


sudo: Authentication failed, try again.


sudo: Authentication failed, try again.


sudo: Authentication failed, try again.


sudo: Authentication failed, try again.


sudo: Authentication failed, try again.


sudo: Authentication failed, try again.


sudo: Authentication failed, try again.


sudo: Authentication failed, try again.


sudo: Authentication failed, try again.


sudo: Authentication failed, try again.
STDERR_END
