UTC_START=2026-08-21T11:26:18.9419793Z
UTC_END=2026-08-21T11:26:29.5721510Z
EVIDENCE_KIND=FORMAL_RESTORE_IDENTITY
RESULT=PASS
EXIT_CODE=0
ARGUMENT_TOKEN_AUDIT=PASS
PLINK_PW_OPTION_USED=NO
PLINK_PWFILE_OPTION_USED=YES
USERNAME_ROLE_OCCURRENCE=YES_AUTHORIZED
PASSWORD_ROLE_ARGUMENT_OCCURRENCE=NO
REMOTE_COMMAND_SHARED_LITERAL=NO
INHERITED_ENVIRONMENT_AUDIT=PASS
PWFILE_CREATED=YES
PWFILE_DELETED=YES
STDOUT_BEGIN
7f8db2e5-12aa-4421-b44a-28e72fff483f
0000:01:00.0 Memory controller [0580]: Xilinx Corporation 7-Series FPGA Hard PCIe block (AXI/debug) [10ee:7011]
0000:01:00.0 Memory controller: Xilinx Corporation 7-Series FPGA Hard PCIe block (AXI/debug)
	Subsystem: Xilinx Corporation Device 0007
	Control: I/O- Mem+ BusMaster+ SpecCycle- MemWINV- VGASnoop- ParErr- Stepping- SERR- FastB2B- DisINTx-
	Status: Cap+ 66MHz- UDF- FastB2B- ParErr- DEVSEL=fast >TAbort- <TAbort- <MAbort- >SERR- <PERR- INTx-
	Latency: 0, Cache Line Size: 64 bytes
	Interrupt: pin A routed to IRQ 83
	IOMMU group: 13
	Region 0: Memory at f6e00000 (32-bit, non-prefetchable) [size=128K]
	Region 1: Memory at f6e20000 (32-bit, non-prefetchable) [size=64K]
	Capabilities: <access denied>
	Kernel driver in use: xdma

/sys/bus/pci/drivers/xdma
crw------- 1 root root 511, 1 Aug 21 13:26 /dev/xdma0_control
crw------- 1 root root 511, 0 Aug 21 13:26 /dev/xdma0_user
XDMA_USER_NODE=/dev/xdma0_user
AXI_LITE_OFFSET=0x00000000
AXI_LITE_OBSERVED=0xA40A0C07
AXI_LITE_EXPECTED=0xA40A0C07
AXI_LITE_READ_RESULT=PASS
XDMA_USER_NODE=/dev/xdma0_user
AXI_LITE_OFFSET=0x00000004
AXI_LITE_OBSERVED=0x0000400B
AXI_LITE_EXPECTED=0x0000400B
AXI_LITE_READ_RESULT=PASS
XDMA_USER_NODE=/dev/xdma0_user
AXI_LITE_OFFSET=0x00000008
AXI_LITE_OBSERVED=0x00031002
AXI_LITE_EXPECTED=0x00031002
AXI_LITE_READ_RESULT=PASS
XDMA_USER_NODE=/dev/xdma0_user
AXI_LITE_OFFSET=0x00002000
AXI_LITE_OBSERVED=0x00000000
AXI_LITE_EXPECTED=0x00000000
AXI_LITE_READ_RESULT=PASS
XDMA_USER_NODE=/dev/xdma0_user
AXI_LITE_OFFSET=0x00002004
AXI_LITE_OBSERVED=0x00000000
AXI_LITE_EXPECTED=0x00000000
AXI_LITE_READ_RESULT=PASS
XDMA_USER_NODE=/dev/xdma0_user
AXI_LITE_OFFSET=0x0000203C
AXI_LITE_OBSERVED=0x00000000
AXI_LITE_EXPECTED=0x00000000
AXI_LITE_READ_RESULT=PASS
STDOUT_END
STDERR_BEGIN


sudo: Authentication failed, try again.


sudo: Authentication failed, try again.


sudo: Authentication failed, try again.


sudo: Authentication failed, try again.


sudo: Authentication failed, try again.
STDERR_END
