#-----------------------------------------------------------
# xsim v2025.2 (64-bit)
# SW Build 6299465 on Fri Nov 14 19:35:11 GMT 2025
# IP Build 6300035 on Fri Nov 14 10:48:45 MST 2025
# SharedData Build 6298862 on Thu Nov 13 04:50:51 MST 2025
# Start of session at: Mon Aug 24 12:14:32 2026
# Process ID         : 16860
# Current directory  : C:/FPGA/V41_NVP_R1F_PHASE_COMPLETE_OBSERVABILITY/06_SIMULATION/tri_phase_probe_final_compat
# Command line       : xsim.exe -log C:\FPGA\V41_NVP_R1F_PHASE_COMPLETE_OBSERVABILITY\06_SIMULATION\tri_phase_probe_final_compat\xsim_tb_nvp_i2c_tri_phase_probe_timeout.log -mode tcl -source {xsim.dir/final_tb_nvp_i2c_tri_phase_probe_timeout/xsim_script.tcl}
# Log file           : C:/FPGA/V41_NVP_R1F_PHASE_COMPLETE_OBSERVABILITY/06_SIMULATION/tri_phase_probe_final_compat/xsim_tb_nvp_i2c_tri_phase_probe_timeout.log
# Journal file       : C:/FPGA/V41_NVP_R1F_PHASE_COMPLETE_OBSERVABILITY/06_SIMULATION/tri_phase_probe_final_compat\xsim.jou
# Running On         : NBLSUDUL
# Platform           : Windows Server 2016 or Windows 10
# Operating System   : 19045
# Processor Detail   : Intel(R) Core(TM) i7-7500U CPU @ 2.70GHz
# CPU Frequency      : 2904 MHz
# CPU Physical cores : 2
# CPU Logical cores  : 4
# Host memory        : 17028 MB
# Swap memory        : 4338 MB
# Total Virtual      : 21366 MB
# Available Virtual  : 7348 MB
#-----------------------------------------------------------
source xsim.dir/final_tb_nvp_i2c_tri_phase_probe_timeout/xsim_script.tcl
# xsim {final_tb_nvp_i2c_tri_phase_probe_timeout} -autoloadwcfg -runall
Time resolution is 1 ps
run -all
TRI_PHASE_PROBE_TIMEOUT_PASS cycles=10606
$finish called at time : 10616500 ns : File "C:/FPGA/WORKTREES/V41_NVP_R1F_PHASE_COMPLETE_OBSERVABILITY/tests/v41/tb_nvp_i2c_tri_phase_probe_timeout.sv" Line 115
exit
INFO: [Common 17-206] Exiting xsim at Mon Aug 24 12:14:36 2026...
