Copyright 1986-2022 Xilinx, Inc. All Rights Reserved. Copyright 2022-2025 Advanced Micro Devices, Inc. All Rights Reserved.
---------------------------------------------------------------------------------------------------------------------------------------------
| Tool Version : Vivado v.2025.2 (win64) Build 6299465 Fri Nov 14 19:35:11 GMT 2025
| Date         : Tue Aug 18 22:21:22 2026
| Host         : NBLSUDUL running 64-bit major release  (build 9200)
| Command      : report_bus_skew -file C:/FPGA/TEMP_V41_NVP_TRACE_DIAGNOSTIC_R1/BUILD_EVIDENCE_CYCLE_2/DIAGNOSTIC_bus_skew.rpt
| Design       : ahd_capture_top_xdma
| Device       : 7a35t-csg325
| Speed File   : -2  PRODUCTION 1.23 2018-06-13
| Design State : Routed
---------------------------------------------------------------------------------------------------------------------------------------------

Bus Skew Report

Table of Contents
-----------------
1. Bus Skew Report Summary
2. Bus Skew Report Per Constraint

1. Bus Skew Report Summary
--------------------------

Id  Position  From                            To                              Corner  Requirement(ns)  Actual(ns)  Slack(ns)
--  --------  ------------------------------  ------------------------------  ------  ---------------  ----------  ---------
1   28        [get_cells -quiet -hier -regexp {.*MAILBOX/cfg_hold_pcie_reg\[[0-9]+\]}]
                                              [get_cells -quiet -hier -regexp {.*MAILBOX/nvp_cfg_(abort|arm|capture_generation|clear_errors|line_count_requested|single_line|target_line|window_16_lines)_reg(\[[0-9]+\])?}]
                                                                              Slow              3.000       1.097      1.903
2   30        [get_cells -quiet -hier -regexp {.*MAILBOX/status_hold_nvp_reg\[[0-9]+\]}]
                                              [get_cells -quiet -hier -regexp {.*MAILBOX/status_bus_pcie_reg\[[0-9]+\]}]
                                                                              Slow              3.000       1.717      1.283
3   33        [get_cells -quiet -hier -regexp {.*(active_sav_gray_nvp_reg|slot_commit_gray_nvp_reg|vclk_edge_gray_nvp_reg)\[[0-9]+\]}]
                                              [get_pins -quiet -of_objects [get_cells -quiet -hier -regexp {.*(active_sav_gray_sync1_pcie_reg|slot_commit_gray_sync1_pcie_reg|vclk_edge_gray_sync1_user_reg)\[[0-9]+\]}] -filter {REF_PIN_NAME == D}]
                                                                              Slow              3.000       1.014      1.986


2. Bus Skew Report Per Constraint
---------------------------------

Id: 1
set_bus_skew -from [get_cells -quiet -hier -regexp {.*MAILBOX/cfg_hold_pcie_reg\[[0-9]+\]}] -to [get_cells -quiet -hier -regexp {.*MAILBOX/nvp_cfg_(abort|arm|capture_generation|clear_errors|line_count_requested|single_line|target_line|window_16_lines)_reg(\[[0-9]+\])?}] 3.000
Requirement: 3.000ns
Endpoints: 74

From Clock            To Clock              Endpoint Pin                    Reference Pin                   Corner  Actual(ns)  Slack(ns)
--------------------  --------------------  ------------------------------  ------------------------------  ------  ----------  ---------
userclk1              nvp_vclk1             CAPTURE_SUBSYSTEM/MAILBOX/nvp_cfg_target_line_reg[11]/D
                                                                            CAPTURE_SUBSYSTEM/MAILBOX/nvp_cfg_capture_generation_reg[7]/D
                                                                                                            Slow         1.097      1.903


Slack (MET) :             1.903ns  (requirement - actual skew)
  Endpoint Source:        CAPTURE_SUBSYSTEM/MAILBOX/cfg_hold_pcie_reg[21]/C
                            (rising edge-triggered cell FDRE clocked by userclk1)
  Endpoint Destination:   CAPTURE_SUBSYSTEM/MAILBOX/nvp_cfg_target_line_reg[11]/D
                            (rising edge-triggered cell FDRE clocked by nvp_vclk1)
  Reference Source:       CAPTURE_SUBSYSTEM/MAILBOX/cfg_hold_pcie_reg[49]/C
                            (rising edge-triggered cell FDRE clocked by userclk1)
  Reference Destination:  CAPTURE_SUBSYSTEM/MAILBOX/nvp_cfg_capture_generation_reg[7]/D
                            (rising edge-triggered cell FDRE clocked by nvp_vclk1)
  Path Type:              Bus Skew (Max at Slow Process Corner)
  Requirement:            3.000ns
  Endpoint Relative Delay:    2.497ns
  Reference Relative Delay:   0.998ns
  Relative CRPR:              0.402ns
  Actual Bus Skew:            1.097ns  (Endpoint Relative Delay - Reference Relative Delay - Relative CRPR)

Endpoint path:
    Location             Delay type                Incr(ns)  Path(ns)    Netlist Resource(s)
  -------------------------------------------------------------------    -------------------
                         (clock userclk1 rise edge)
                                                      0.000     0.000 r  
    GTPE2_CHANNEL_X0Y3   GTPE2_CHANNEL                0.000     0.000 r  XDMA/inst/xdma_v41_m1_pcie2_to_pcie3_wrapper_i/pcie2_ip_i/inst/inst/gt_top_i/pipe_wrapper_i/pipe_lane[0].gt_wrapper_i/gtp_channel.gtpe2_channel_i/TXOUTCLK
                         net (fo=1, routed)           1.209     1.209    XDMA/inst/xdma_v41_m1_pcie2_to_pcie3_wrapper_i/pcie2_ip_i/inst/inst/gt_top_i/pipe_wrapper_i/pipe_clock_int.pipe_clock_i/txoutclk_i.txoutclk_i_0
    BUFGCTRL_X0Y20       BUFG (Prop_bufg_I_O)         0.081     1.290 r  XDMA/inst/xdma_v41_m1_pcie2_to_pcie3_wrapper_i/pcie2_ip_i/inst/inst/gt_top_i/pipe_wrapper_i/pipe_clock_int.pipe_clock_i/txoutclk_i.txoutclk_i/O
                         net (fo=1, routed)           1.391     2.681    XDMA/inst/xdma_v41_m1_pcie2_to_pcie3_wrapper_i/pcie2_ip_i/inst/inst/gt_top_i/pipe_wrapper_i/pipe_clock_int.pipe_clock_i/refclk
    MMCME2_ADV_X0Y0      MMCME2_ADV (Prop_mmcme2_adv_CLKIN1_CLKOUT2)
                                                      0.077     2.757 r  XDMA/inst/xdma_v41_m1_pcie2_to_pcie3_wrapper_i/pcie2_ip_i/inst/inst/gt_top_i/pipe_wrapper_i/pipe_clock_int.pipe_clock_i/mmcm_i/CLKOUT2
                         net (fo=1, routed)           1.425     4.182    XDMA/inst/xdma_v41_m1_pcie2_to_pcie3_wrapper_i/pcie2_ip_i/inst/inst/gt_top_i/pipe_wrapper_i/pipe_clock_int.pipe_clock_i/userclk1
    BUFGCTRL_X0Y0        BUFG (Prop_bufg_I_O)         0.081     4.263 r  XDMA/inst/xdma_v41_m1_pcie2_to_pcie3_wrapper_i/pcie2_ip_i/inst/inst/gt_top_i/pipe_wrapper_i/pipe_clock_int.pipe_clock_i/userclk1_i1.usrclk1_i1/O
                         net (fo=15271, routed)       1.353     5.616    CAPTURE_SUBSYSTEM/MAILBOX/axi_aclk
    SLICE_X52Y64         FDRE                                         r  CAPTURE_SUBSYSTEM/MAILBOX/cfg_hold_pcie_reg[21]/C
  -------------------------------------------------------------------    -------------------
    SLICE_X52Y64         FDRE (Prop_fdre_C_Q)         0.433     6.049 r  CAPTURE_SUBSYSTEM/MAILBOX/cfg_hold_pcie_reg[21]/Q
                         net (fo=1, routed)           0.692     6.742    CAPTURE_SUBSYSTEM/MAILBOX/cfg_hold_pcie_reg_n_0_[21]
    SLICE_X53Y64         FDRE                                         r  CAPTURE_SUBSYSTEM/MAILBOX/nvp_cfg_target_line_reg[11]/D
  -------------------------------------------------------------------    -------------------

                         (clock nvp_vclk1 rise edge)
                                                      0.000     0.000 r  
    E13                                               0.000     0.000 r  vclk1 (IN)
                         net (fo=0)                   0.000     0.000    NVP_PHYSICAL_FRONTEND/vclk1
    E13                  IBUF (Prop_ibuf_I_O)         1.394     1.394 r  NVP_PHYSICAL_FRONTEND/u_vclk1_ibuf/O
                         net (fo=3, routed)           1.604     2.998    NVP_PHYSICAL_FRONTEND/vclk1_ibuf
    BUFGCTRL_X0Y17       BUFG (Prop_bufg_I_O)         0.077     3.075 r  NVP_PHYSICAL_FRONTEND/u_vclk1_bufg/O
                         net (fo=1729, routed)        1.242     4.318    CAPTURE_SUBSYSTEM/MAILBOX/nvp_clk
    SLICE_X53Y64         FDRE                                         r  CAPTURE_SUBSYSTEM/MAILBOX/nvp_cfg_target_line_reg[11]/C
                         clock pessimism              0.000     4.318    
    SLICE_X53Y64         FDRE (Setup_fdre_C_D)       -0.073     4.245    CAPTURE_SUBSYSTEM/MAILBOX/nvp_cfg_target_line_reg[11]
  -------------------------------------------------------------------
                         data arrival                           6.742    
                         clock arrival                          4.245    
  -------------------------------------------------------------------
                         relative delay                         2.497    

Reference path:
    Location             Delay type                Incr(ns)  Path(ns)    Netlist Resource(s)
  -------------------------------------------------------------------    -------------------
                         (clock userclk1 rise edge)
                                                      0.000     0.000 r  
    GTPE2_CHANNEL_X0Y3   GTPE2_CHANNEL                0.000     0.000 r  XDMA/inst/xdma_v41_m1_pcie2_to_pcie3_wrapper_i/pcie2_ip_i/inst/inst/gt_top_i/pipe_wrapper_i/pipe_lane[0].gt_wrapper_i/gtp_channel.gtpe2_channel_i/TXOUTCLK
                         net (fo=1, routed)           1.150     1.150    XDMA/inst/xdma_v41_m1_pcie2_to_pcie3_wrapper_i/pcie2_ip_i/inst/inst/gt_top_i/pipe_wrapper_i/pipe_clock_int.pipe_clock_i/txoutclk_i.txoutclk_i_0
    BUFGCTRL_X0Y20       BUFG (Prop_bufg_I_O)         0.077     1.227 r  XDMA/inst/xdma_v41_m1_pcie2_to_pcie3_wrapper_i/pcie2_ip_i/inst/inst/gt_top_i/pipe_wrapper_i/pipe_clock_int.pipe_clock_i/txoutclk_i.txoutclk_i/O
                         net (fo=1, routed)           1.286     2.513    XDMA/inst/xdma_v41_m1_pcie2_to_pcie3_wrapper_i/pcie2_ip_i/inst/inst/gt_top_i/pipe_wrapper_i/pipe_clock_int.pipe_clock_i/refclk
    MMCME2_ADV_X0Y0      MMCME2_ADV (Prop_mmcme2_adv_CLKIN1_CLKOUT2)
                                                      0.073     2.586 r  XDMA/inst/xdma_v41_m1_pcie2_to_pcie3_wrapper_i/pcie2_ip_i/inst/inst/gt_top_i/pipe_wrapper_i/pipe_clock_int.pipe_clock_i/mmcm_i/CLKOUT2
                         net (fo=1, routed)           1.357     3.944    XDMA/inst/xdma_v41_m1_pcie2_to_pcie3_wrapper_i/pcie2_ip_i/inst/inst/gt_top_i/pipe_wrapper_i/pipe_clock_int.pipe_clock_i/userclk1
    BUFGCTRL_X0Y0        BUFG (Prop_bufg_I_O)         0.077     4.021 r  XDMA/inst/xdma_v41_m1_pcie2_to_pcie3_wrapper_i/pcie2_ip_i/inst/inst/gt_top_i/pipe_wrapper_i/pipe_clock_int.pipe_clock_i/userclk1_i1.usrclk1_i1/O
                         net (fo=15271, routed)       1.260     5.280    CAPTURE_SUBSYSTEM/MAILBOX/axi_aclk
    SLICE_X44Y48         FDRE                                         r  CAPTURE_SUBSYSTEM/MAILBOX/cfg_hold_pcie_reg[49]/C
  -------------------------------------------------------------------    -------------------
    SLICE_X44Y48         FDRE (Prop_fdre_C_Q)         0.304     5.584 r  CAPTURE_SUBSYSTEM/MAILBOX/cfg_hold_pcie_reg[49]/Q
                         net (fo=1, routed)           0.225     5.810    CAPTURE_SUBSYSTEM/MAILBOX/cfg_hold_pcie_reg_n_0_[49]
    SLICE_X46Y49         FDRE                                         r  CAPTURE_SUBSYSTEM/MAILBOX/nvp_cfg_capture_generation_reg[7]/D
  -------------------------------------------------------------------    -------------------

                         (clock nvp_vclk1 rise edge)
                                                      0.000     0.000 r  
    E13                                               0.000     0.000 r  vclk1 (IN)
                         net (fo=0)                   0.000     0.000    NVP_PHYSICAL_FRONTEND/vclk1
    E13                  IBUF (Prop_ibuf_I_O)         1.461     1.461 r  NVP_PHYSICAL_FRONTEND/u_vclk1_ibuf/O
                         net (fo=3, routed)           1.693     3.154    NVP_PHYSICAL_FRONTEND/vclk1_ibuf
    BUFGCTRL_X0Y17       BUFG (Prop_bufg_I_O)         0.081     3.235 r  NVP_PHYSICAL_FRONTEND/u_vclk1_bufg/O
                         net (fo=1729, routed)        1.373     4.607    CAPTURE_SUBSYSTEM/MAILBOX/nvp_clk
    SLICE_X46Y49         FDRE                                         r  CAPTURE_SUBSYSTEM/MAILBOX/nvp_cfg_capture_generation_reg[7]/C
                         clock pessimism              0.000     4.607    
    SLICE_X46Y49         FDRE (Hold_fdre_C_D)         0.204     4.811    CAPTURE_SUBSYSTEM/MAILBOX/nvp_cfg_capture_generation_reg[7]
  -------------------------------------------------------------------
                         data arrival                           5.810    
                         clock arrival                          4.811    
  -------------------------------------------------------------------
                         relative delay                         0.998    



Id: 2
set_bus_skew -from [get_cells -quiet -hier -regexp {.*MAILBOX/status_hold_nvp_reg\[[0-9]+\]}] -to [get_cells -quiet -hier -regexp {.*MAILBOX/status_bus_pcie_reg\[[0-9]+\]}] 3.000
Requirement: 3.000ns
Endpoints: 291

From Clock            To Clock              Endpoint Pin                    Reference Pin                   Corner  Actual(ns)  Slack(ns)
--------------------  --------------------  ------------------------------  ------------------------------  ------  ----------  ---------
nvp_vclk1             userclk1              CAPTURE_SUBSYSTEM/MAILBOX/status_bus_pcie_reg[246]/D
                                                                            CAPTURE_SUBSYSTEM/MAILBOX/status_bus_pcie_reg[154]/D
                                                                                                            Slow         1.717      1.283


Slack (MET) :             1.283ns  (requirement - actual skew)
  Endpoint Source:        CAPTURE_SUBSYSTEM/MAILBOX/status_hold_nvp_reg[246]/C
                            (rising edge-triggered cell FDRE clocked by nvp_vclk1)
  Endpoint Destination:   CAPTURE_SUBSYSTEM/MAILBOX/status_bus_pcie_reg[246]/D
                            (rising edge-triggered cell FDRE clocked by userclk1)
  Reference Source:       CAPTURE_SUBSYSTEM/MAILBOX/status_hold_nvp_reg[154]/C
                            (rising edge-triggered cell FDRE clocked by nvp_vclk1)
  Reference Destination:  CAPTURE_SUBSYSTEM/MAILBOX/status_bus_pcie_reg[154]/D
                            (rising edge-triggered cell FDRE clocked by userclk1)
  Path Type:              Bus Skew (Max at Slow Process Corner)
  Requirement:            3.000ns
  Endpoint Relative Delay:    1.240ns
  Reference Relative Delay:  -0.879ns
  Relative CRPR:              0.402ns
  Actual Bus Skew:            1.717ns  (Endpoint Relative Delay - Reference Relative Delay - Relative CRPR)

Endpoint path:
    Location             Delay type                Incr(ns)  Path(ns)    Netlist Resource(s)
  -------------------------------------------------------------------    -------------------
                         (clock nvp_vclk1 rise edge)
                                                      0.000     0.000 r  
    E13                                               0.000     0.000 r  vclk1 (IN)
                         net (fo=0)                   0.000     0.000    NVP_PHYSICAL_FRONTEND/vclk1
    E13                  IBUF (Prop_ibuf_I_O)         1.461     1.461 r  NVP_PHYSICAL_FRONTEND/u_vclk1_ibuf/O
                         net (fo=3, routed)           1.693     3.154    NVP_PHYSICAL_FRONTEND/vclk1_ibuf
    BUFGCTRL_X0Y17       BUFG (Prop_bufg_I_O)         0.081     3.235 r  NVP_PHYSICAL_FRONTEND/u_vclk1_bufg/O
                         net (fo=1729, routed)        1.352     4.587    CAPTURE_SUBSYSTEM/MAILBOX/nvp_clk
    SLICE_X12Y62         FDRE                                         r  CAPTURE_SUBSYSTEM/MAILBOX/status_hold_nvp_reg[246]/C
  -------------------------------------------------------------------    -------------------
    SLICE_X12Y62         FDRE (Prop_fdre_C_Q)         0.398     4.985 r  CAPTURE_SUBSYSTEM/MAILBOX/status_hold_nvp_reg[246]/Q
                         net (fo=2, routed)           1.323     6.307    CAPTURE_SUBSYSTEM/MAILBOX/Q[202]
    SLICE_X51Y57         FDRE                                         r  CAPTURE_SUBSYSTEM/MAILBOX/status_bus_pcie_reg[246]/D
  -------------------------------------------------------------------    -------------------

                         (clock userclk1 rise edge)
                                                      0.000     0.000 r  
    GTPE2_CHANNEL_X0Y3   GTPE2_CHANNEL                0.000     0.000 r  XDMA/inst/xdma_v41_m1_pcie2_to_pcie3_wrapper_i/pcie2_ip_i/inst/inst/gt_top_i/pipe_wrapper_i/pipe_lane[0].gt_wrapper_i/gtp_channel.gtpe2_channel_i/TXOUTCLK
                         net (fo=1, routed)           1.150     1.150    XDMA/inst/xdma_v41_m1_pcie2_to_pcie3_wrapper_i/pcie2_ip_i/inst/inst/gt_top_i/pipe_wrapper_i/pipe_clock_int.pipe_clock_i/txoutclk_i.txoutclk_i_0
    BUFGCTRL_X0Y20       BUFG (Prop_bufg_I_O)         0.077     1.227 r  XDMA/inst/xdma_v41_m1_pcie2_to_pcie3_wrapper_i/pcie2_ip_i/inst/inst/gt_top_i/pipe_wrapper_i/pipe_clock_int.pipe_clock_i/txoutclk_i.txoutclk_i/O
                         net (fo=1, routed)           1.286     2.513    XDMA/inst/xdma_v41_m1_pcie2_to_pcie3_wrapper_i/pcie2_ip_i/inst/inst/gt_top_i/pipe_wrapper_i/pipe_clock_int.pipe_clock_i/refclk
    MMCME2_ADV_X0Y0      MMCME2_ADV (Prop_mmcme2_adv_CLKIN1_CLKOUT2)
                                                      0.073     2.586 r  XDMA/inst/xdma_v41_m1_pcie2_to_pcie3_wrapper_i/pcie2_ip_i/inst/inst/gt_top_i/pipe_wrapper_i/pipe_clock_int.pipe_clock_i/mmcm_i/CLKOUT2
                         net (fo=1, routed)           1.357     3.944    XDMA/inst/xdma_v41_m1_pcie2_to_pcie3_wrapper_i/pcie2_ip_i/inst/inst/gt_top_i/pipe_wrapper_i/pipe_clock_int.pipe_clock_i/userclk1
    BUFGCTRL_X0Y0        BUFG (Prop_bufg_I_O)         0.077     4.021 r  XDMA/inst/xdma_v41_m1_pcie2_to_pcie3_wrapper_i/pcie2_ip_i/inst/inst/gt_top_i/pipe_wrapper_i/pipe_clock_int.pipe_clock_i/userclk1_i1.usrclk1_i1/O
                         net (fo=15271, routed)       1.249     5.270    CAPTURE_SUBSYSTEM/MAILBOX/axi_aclk
    SLICE_X51Y57         FDRE                                         r  CAPTURE_SUBSYSTEM/MAILBOX/status_bus_pcie_reg[246]/C
                         clock pessimism              0.000     5.270    
    SLICE_X51Y57         FDRE (Setup_fdre_C_D)       -0.202     5.068    CAPTURE_SUBSYSTEM/MAILBOX/status_bus_pcie_reg[246]
  -------------------------------------------------------------------
                         data arrival                           6.307    
                         clock arrival                          5.068    
  -------------------------------------------------------------------
                         relative delay                         1.240    

Reference path:
    Location             Delay type                Incr(ns)  Path(ns)    Netlist Resource(s)
  -------------------------------------------------------------------    -------------------
                         (clock nvp_vclk1 rise edge)
                                                      0.000     0.000 r  
    E13                                               0.000     0.000 r  vclk1 (IN)
                         net (fo=0)                   0.000     0.000    NVP_PHYSICAL_FRONTEND/vclk1
    E13                  IBUF (Prop_ibuf_I_O)         1.394     1.394 r  NVP_PHYSICAL_FRONTEND/u_vclk1_ibuf/O
                         net (fo=3, routed)           1.604     2.998    NVP_PHYSICAL_FRONTEND/vclk1_ibuf
    BUFGCTRL_X0Y17       BUFG (Prop_bufg_I_O)         0.077     3.075 r  NVP_PHYSICAL_FRONTEND/u_vclk1_bufg/O
                         net (fo=1729, routed)        1.264     4.339    CAPTURE_SUBSYSTEM/MAILBOX/nvp_clk
    SLICE_X12Y49         FDRE                                         r  CAPTURE_SUBSYSTEM/MAILBOX/status_hold_nvp_reg[154]/C
  -------------------------------------------------------------------    -------------------
    SLICE_X12Y49         FDRE (Prop_fdre_C_Q)         0.347     4.686 r  CAPTURE_SUBSYSTEM/MAILBOX/status_hold_nvp_reg[154]/Q
                         net (fo=2, routed)           0.209     4.895    CAPTURE_SUBSYSTEM/MAILBOX/Q[151]
    SLICE_X15Y48         FDRE                                         r  CAPTURE_SUBSYSTEM/MAILBOX/status_bus_pcie_reg[154]/D
  -------------------------------------------------------------------    -------------------

                         (clock userclk1 rise edge)
                                                      0.000     0.000 r  
    GTPE2_CHANNEL_X0Y3   GTPE2_CHANNEL                0.000     0.000 r  XDMA/inst/xdma_v41_m1_pcie2_to_pcie3_wrapper_i/pcie2_ip_i/inst/inst/gt_top_i/pipe_wrapper_i/pipe_lane[0].gt_wrapper_i/gtp_channel.gtpe2_channel_i/TXOUTCLK
                         net (fo=1, routed)           1.209     1.209    XDMA/inst/xdma_v41_m1_pcie2_to_pcie3_wrapper_i/pcie2_ip_i/inst/inst/gt_top_i/pipe_wrapper_i/pipe_clock_int.pipe_clock_i/txoutclk_i.txoutclk_i_0
    BUFGCTRL_X0Y20       BUFG (Prop_bufg_I_O)         0.081     1.290 r  XDMA/inst/xdma_v41_m1_pcie2_to_pcie3_wrapper_i/pcie2_ip_i/inst/inst/gt_top_i/pipe_wrapper_i/pipe_clock_int.pipe_clock_i/txoutclk_i.txoutclk_i/O
                         net (fo=1, routed)           1.391     2.681    XDMA/inst/xdma_v41_m1_pcie2_to_pcie3_wrapper_i/pcie2_ip_i/inst/inst/gt_top_i/pipe_wrapper_i/pipe_clock_int.pipe_clock_i/refclk
    MMCME2_ADV_X0Y0      MMCME2_ADV (Prop_mmcme2_adv_CLKIN1_CLKOUT2)
                                                      0.077     2.757 r  XDMA/inst/xdma_v41_m1_pcie2_to_pcie3_wrapper_i/pcie2_ip_i/inst/inst/gt_top_i/pipe_wrapper_i/pipe_clock_int.pipe_clock_i/mmcm_i/CLKOUT2
                         net (fo=1, routed)           1.425     4.182    XDMA/inst/xdma_v41_m1_pcie2_to_pcie3_wrapper_i/pcie2_ip_i/inst/inst/gt_top_i/pipe_wrapper_i/pipe_clock_int.pipe_clock_i/userclk1
    BUFGCTRL_X0Y0        BUFG (Prop_bufg_I_O)         0.081     4.263 r  XDMA/inst/xdma_v41_m1_pcie2_to_pcie3_wrapper_i/pcie2_ip_i/inst/inst/gt_top_i/pipe_wrapper_i/pipe_clock_int.pipe_clock_i/userclk1_i1.usrclk1_i1/O
                         net (fo=15271, routed)       1.373     5.636    CAPTURE_SUBSYSTEM/MAILBOX/axi_aclk
    SLICE_X15Y48         FDRE                                         r  CAPTURE_SUBSYSTEM/MAILBOX/status_bus_pcie_reg[154]/C
                         clock pessimism              0.000     5.636    
    SLICE_X15Y48         FDRE (Hold_fdre_C_D)         0.138     5.774    CAPTURE_SUBSYSTEM/MAILBOX/status_bus_pcie_reg[154]
  -------------------------------------------------------------------
                         data arrival                           4.895    
                         clock arrival                          5.774    
  -------------------------------------------------------------------
                         relative delay                        -0.879    



Id: 3
set_bus_skew -from [get_cells -quiet -hier -regexp {.*(active_sav_gray_nvp_reg|slot_commit_gray_nvp_reg|vclk_edge_gray_nvp_reg)\[[0-9]+\]}] -to [get_pins -quiet -of_objects [get_cells -quiet -hier -regexp {.*(active_sav_gray_sync1_pcie_reg|slot_commit_gray_sync1_pcie_reg|vclk_edge_gray_sync1_user_reg)\[[0-9]+\]}] -filter {REF_PIN_NAME == D}] 3.000
Requirement: 3.000ns
Endpoints: 96

From Clock            To Clock              Endpoint Pin                    Reference Pin                   Corner  Actual(ns)  Slack(ns)
--------------------  --------------------  ------------------------------  ------------------------------  ------  ----------  ---------
nvp_vclk1             userclk1              CAPTURE_SUBSYSTEM/slot_commit_gray_sync1_pcie_reg[2]/D
                                                                            vclk_edge_gray_sync1_user_reg[18]/D
                                                                                                            Slow         1.014      1.986


Slack (MET) :             1.986ns  (requirement - actual skew)
  Endpoint Source:        CAPTURE_SUBSYSTEM/slot_commit_gray_nvp_reg[2]/C
                            (rising edge-triggered cell FDRE clocked by nvp_vclk1)
  Endpoint Destination:   CAPTURE_SUBSYSTEM/slot_commit_gray_sync1_pcie_reg[2]/D
                            (rising edge-triggered cell FDRE clocked by userclk1)
  Reference Source:       vclk_edge_gray_nvp_reg[18]/C
                            (rising edge-triggered cell FDRE clocked by nvp_vclk1)
  Reference Destination:  vclk_edge_gray_sync1_user_reg[18]/D
                            (rising edge-triggered cell FDRE clocked by userclk1)
  Path Type:              Bus Skew (Max at Slow Process Corner)
  Requirement:            3.000ns
  Endpoint Relative Delay:    0.445ns
  Reference Relative Delay:  -0.970ns
  Relative CRPR:              0.402ns
  Actual Bus Skew:            1.014ns  (Endpoint Relative Delay - Reference Relative Delay - Relative CRPR)

Endpoint path:
    Location             Delay type                Incr(ns)  Path(ns)    Netlist Resource(s)
  -------------------------------------------------------------------    -------------------
                         (clock nvp_vclk1 rise edge)
                                                      0.000     0.000 r  
    E13                                               0.000     0.000 r  vclk1 (IN)
                         net (fo=0)                   0.000     0.000    NVP_PHYSICAL_FRONTEND/vclk1
    E13                  IBUF (Prop_ibuf_I_O)         1.461     1.461 r  NVP_PHYSICAL_FRONTEND/u_vclk1_ibuf/O
                         net (fo=3, routed)           1.693     3.154    NVP_PHYSICAL_FRONTEND/vclk1_ibuf
    BUFGCTRL_X0Y17       BUFG (Prop_bufg_I_O)         0.081     3.235 r  NVP_PHYSICAL_FRONTEND/u_vclk1_bufg/O
                         net (fo=1729, routed)        1.377     4.611    CAPTURE_SUBSYSTEM/nvp_clk
    SLICE_X52Y44         FDRE                                         r  CAPTURE_SUBSYSTEM/slot_commit_gray_nvp_reg[2]/C
  -------------------------------------------------------------------    -------------------
    SLICE_X52Y44         FDRE (Prop_fdre_C_Q)         0.398     5.009 r  CAPTURE_SUBSYSTEM/slot_commit_gray_nvp_reg[2]/Q
                         net (fo=1, routed)           0.513     5.523    CAPTURE_SUBSYSTEM/slot_commit_gray_nvp[2]
    SLICE_X53Y44         FDRE                                         r  CAPTURE_SUBSYSTEM/slot_commit_gray_sync1_pcie_reg[2]/D
  -------------------------------------------------------------------    -------------------

                         (clock userclk1 rise edge)
                                                      0.000     0.000 r  
    GTPE2_CHANNEL_X0Y3   GTPE2_CHANNEL                0.000     0.000 r  XDMA/inst/xdma_v41_m1_pcie2_to_pcie3_wrapper_i/pcie2_ip_i/inst/inst/gt_top_i/pipe_wrapper_i/pipe_lane[0].gt_wrapper_i/gtp_channel.gtpe2_channel_i/TXOUTCLK
                         net (fo=1, routed)           1.150     1.150    XDMA/inst/xdma_v41_m1_pcie2_to_pcie3_wrapper_i/pcie2_ip_i/inst/inst/gt_top_i/pipe_wrapper_i/pipe_clock_int.pipe_clock_i/txoutclk_i.txoutclk_i_0
    BUFGCTRL_X0Y20       BUFG (Prop_bufg_I_O)         0.077     1.227 r  XDMA/inst/xdma_v41_m1_pcie2_to_pcie3_wrapper_i/pcie2_ip_i/inst/inst/gt_top_i/pipe_wrapper_i/pipe_clock_int.pipe_clock_i/txoutclk_i.txoutclk_i/O
                         net (fo=1, routed)           1.286     2.513    XDMA/inst/xdma_v41_m1_pcie2_to_pcie3_wrapper_i/pcie2_ip_i/inst/inst/gt_top_i/pipe_wrapper_i/pipe_clock_int.pipe_clock_i/refclk
    MMCME2_ADV_X0Y0      MMCME2_ADV (Prop_mmcme2_adv_CLKIN1_CLKOUT2)
                                                      0.073     2.586 r  XDMA/inst/xdma_v41_m1_pcie2_to_pcie3_wrapper_i/pcie2_ip_i/inst/inst/gt_top_i/pipe_wrapper_i/pipe_clock_int.pipe_clock_i/mmcm_i/CLKOUT2
                         net (fo=1, routed)           1.357     3.944    XDMA/inst/xdma_v41_m1_pcie2_to_pcie3_wrapper_i/pcie2_ip_i/inst/inst/gt_top_i/pipe_wrapper_i/pipe_clock_int.pipe_clock_i/userclk1
    BUFGCTRL_X0Y0        BUFG (Prop_bufg_I_O)         0.077     4.021 r  XDMA/inst/xdma_v41_m1_pcie2_to_pcie3_wrapper_i/pcie2_ip_i/inst/inst/gt_top_i/pipe_wrapper_i/pipe_clock_int.pipe_clock_i/userclk1_i1.usrclk1_i1/O
                         net (fo=15271, routed)       1.263     5.283    CAPTURE_SUBSYSTEM/axi_aclk
    SLICE_X53Y44         FDRE                                         r  CAPTURE_SUBSYSTEM/slot_commit_gray_sync1_pcie_reg[2]/C
                         clock pessimism              0.000     5.283    
    SLICE_X53Y44         FDRE (Setup_fdre_C_D)       -0.206     5.077    CAPTURE_SUBSYSTEM/slot_commit_gray_sync1_pcie_reg[2]
  -------------------------------------------------------------------
                         data arrival                           5.523    
                         clock arrival                          5.077    
  -------------------------------------------------------------------
                         relative delay                         0.445    

Reference path:
    Location             Delay type                Incr(ns)  Path(ns)    Netlist Resource(s)
  -------------------------------------------------------------------    -------------------
                         (clock nvp_vclk1 rise edge)
                                                      0.000     0.000 r  
    E13                                               0.000     0.000 r  vclk1 (IN)
                         net (fo=0)                   0.000     0.000    NVP_PHYSICAL_FRONTEND/vclk1
    E13                  IBUF (Prop_ibuf_I_O)         1.394     1.394 r  NVP_PHYSICAL_FRONTEND/u_vclk1_ibuf/O
                         net (fo=3, routed)           1.604     2.998    NVP_PHYSICAL_FRONTEND/vclk1_ibuf
    BUFGCTRL_X0Y17       BUFG (Prop_bufg_I_O)         0.077     3.075 r  NVP_PHYSICAL_FRONTEND/u_vclk1_bufg/O
                         net (fo=1729, routed)        1.315     4.391    nvp_clk
    SLICE_X62Y52         FDRE                                         r  vclk_edge_gray_nvp_reg[18]/C
  -------------------------------------------------------------------    -------------------
    SLICE_X62Y52         FDRE (Prop_fdre_C_Q)         0.304     4.695 r  vclk_edge_gray_nvp_reg[18]/Q
                         net (fo=1, routed)           0.215     4.909    vclk_edge_gray_nvp[18]
    SLICE_X60Y52         FDRE                                         r  vclk_edge_gray_sync1_user_reg[18]/D
  -------------------------------------------------------------------    -------------------

                         (clock userclk1 rise edge)
                                                      0.000     0.000 r  
    GTPE2_CHANNEL_X0Y3   GTPE2_CHANNEL                0.000     0.000 r  XDMA/inst/xdma_v41_m1_pcie2_to_pcie3_wrapper_i/pcie2_ip_i/inst/inst/gt_top_i/pipe_wrapper_i/pipe_lane[0].gt_wrapper_i/gtp_channel.gtpe2_channel_i/TXOUTCLK
                         net (fo=1, routed)           1.209     1.209    XDMA/inst/xdma_v41_m1_pcie2_to_pcie3_wrapper_i/pcie2_ip_i/inst/inst/gt_top_i/pipe_wrapper_i/pipe_clock_int.pipe_clock_i/txoutclk_i.txoutclk_i_0
    BUFGCTRL_X0Y20       BUFG (Prop_bufg_I_O)         0.081     1.290 r  XDMA/inst/xdma_v41_m1_pcie2_to_pcie3_wrapper_i/pcie2_ip_i/inst/inst/gt_top_i/pipe_wrapper_i/pipe_clock_int.pipe_clock_i/txoutclk_i.txoutclk_i/O
                         net (fo=1, routed)           1.391     2.681    XDMA/inst/xdma_v41_m1_pcie2_to_pcie3_wrapper_i/pcie2_ip_i/inst/inst/gt_top_i/pipe_wrapper_i/pipe_clock_int.pipe_clock_i/refclk
    MMCME2_ADV_X0Y0      MMCME2_ADV (Prop_mmcme2_adv_CLKIN1_CLKOUT2)
                                                      0.077     2.757 r  XDMA/inst/xdma_v41_m1_pcie2_to_pcie3_wrapper_i/pcie2_ip_i/inst/inst/gt_top_i/pipe_wrapper_i/pipe_clock_int.pipe_clock_i/mmcm_i/CLKOUT2
                         net (fo=1, routed)           1.425     4.182    XDMA/inst/xdma_v41_m1_pcie2_to_pcie3_wrapper_i/pcie2_ip_i/inst/inst/gt_top_i/pipe_wrapper_i/pipe_clock_int.pipe_clock_i/userclk1
    BUFGCTRL_X0Y0        BUFG (Prop_bufg_I_O)         0.081     4.263 r  XDMA/inst/xdma_v41_m1_pcie2_to_pcie3_wrapper_i/pcie2_ip_i/inst/inst/gt_top_i/pipe_wrapper_i/pipe_clock_int.pipe_clock_i/userclk1_i1.usrclk1_i1/O
                         net (fo=15271, routed)       1.425     5.688    autonomous_clk
    SLICE_X60Y52         FDRE                                         r  vclk_edge_gray_sync1_user_reg[18]/C
                         clock pessimism              0.000     5.688    
    SLICE_X60Y52         FDRE (Hold_fdre_C_D)         0.191     5.879    vclk_edge_gray_sync1_user_reg[18]
  -------------------------------------------------------------------
                         data arrival                           4.909    
                         clock arrival                          5.879    
  -------------------------------------------------------------------
                         relative delay                        -0.970    



