Copyright 1986-2022 Xilinx, Inc. All Rights Reserved. Copyright 2022-2025 Advanced Micro Devices, Inc. All Rights Reserved.
---------------------------------------------------------------------------------------------------------------------------------------------
| Tool Version : Vivado v.2025.2 (win64) Build 6299465 Fri Nov 14 19:35:11 GMT 2025
| Date         : Thu Sep 10 18:01:05 2026
| Host         : NBLSUDUL running 64-bit major release  (build 9200)
| Command      : report_clock_interaction -file C:/FPGA/G2B_NVP_VIDEO_DIAG1_R2R1_20260910T104826Z/signoff/CLOCK_INTERACTION.rpt
| Design       : ahd_capture_top_xdma
| Device       : 7a35t-csg325
| Speed File   : -2  PRODUCTION 1.23 2018-06-13
| Design State : Routed
---------------------------------------------------------------------------------------------------------------------------------------------

Clock Interaction Report

Clock Interaction Table
-----------------------

                                                        WNS                            TNS Failing  TNS Total    WNS Path         Clock-Pair           Inter-Clock              
From Clock                  To Clock                    Clock Edges  WNS(ns)  TNS(ns)    Endpoints    Endpoints  Requirement(ns)  Classification       Constraints              
--------------------------  --------------------------  -----------  -------  -------  -----------  -----------  ---------------  -------------------  -----------------------  
clk_125mhz_mux_x0y0         clk_125mhz_mux_x0y0         rise - rise     4.79     0.00            0          704             8.00  Clean                Timed                    
clk_125mhz_mux_x0y0         clk_125mhz_x0y0             rise - rise     5.78     0.00            0            5             8.00  Clean                Partial False Path       
clk_125mhz_mux_x0y0         clk_250mhz_mux_x0y0                                                  0          704                   Ignored              Exclusive Groups         
clk_125mhz_mux_x0y0         clk_250mhz_x0y0                                                      0            1                   Ignored              False Path               
clk_125mhz_mux_x0y0         userclk1                                                             0            2                   Ignored              False Path               
clk_125mhz_x0y0             clk_125mhz_mux_x0y0         rise - rise     6.01     0.00            0            3             8.00  Clean                Timed                    
clk_125mhz_x0y0             clk_125mhz_x0y0             rise - rise     5.21     0.00            0          335             8.00  Clean                Timed                    
clk_125mhz_x0y0             clk_250mhz_mux_x0y0         rise - rise     1.89     0.00            0            3             4.00  Clean                Timed                    
clk_250mhz_mux_x0y0         clk_125mhz_mux_x0y0                                                  0          704                   Ignored              Exclusive Groups         
clk_250mhz_mux_x0y0         clk_125mhz_x0y0             rise - rise     1.66     0.00            0            5             4.00  Clean                Partial False Path       
clk_250mhz_mux_x0y0         clk_250mhz_mux_x0y0         rise - rise     0.79     0.00            0          704             4.00  Clean                Timed                    
clk_250mhz_mux_x0y0         clk_250mhz_x0y0                                                      0            1                   Ignored              False Path               
clk_250mhz_mux_x0y0         userclk1                                                             0            2                   Ignored              False Path               
idelay_refclk_unbuf         idelay_refclk_unbuf         rise - rise     3.82     0.00            0           10             5.05  Clean                Timed                    
nvp_vclk1                   nvp_vclk1                   rise - rise     0.35     0.00            0         8283             6.73  Clean                Partial False Path       
nvp_vclk1                   userclk1                    rise - rise     0.19     0.00            0         1224       Unexpanded  Ignored              Max Delay Datapath Only  
pcie_refclk_100             pcie_refclk_100             rise - rise     8.69     0.00            0            7            10.00  Clean                Timed                    
userclk1                    nvp_vclk1                   rise - rise     0.11     0.00            0          374       Unexpanded  Ignored              Max Delay Datapath Only  
userclk1                    userclk1                    rise - rise     3.28     0.00            0        50414            16.00  Clean                Partial False Path       


