Copyright 1986-2022 Xilinx, Inc. All Rights Reserved. Copyright 2022-2025 Advanced Micro Devices, Inc. All Rights Reserved.
----------------------------------------------------------------------------------------------------------------------------------------------------
| Tool Version : Vivado v.2025.2 (win64) Build 6299465 Fri Nov 14 19:35:11 GMT 2025
| Date         : Fri Aug 21 23:25:13 2026
| Host         : NBLSUDUL running 64-bit major release  (build 9200)
| Command      : report_design_analysis -congestion -file C:/FPGA/V41_NVP_I2C_25KHZ_PAIRED_AB_R1/04_BUILD/FULL_BUILD_EVIDENCE/PHASE3_congestion.rpt
| Design       : ahd_capture_top_xdma
| Device       : xc7a35t
| Design State : Routed
----------------------------------------------------------------------------------------------------------------------------------------------------

Report Design Analysis

Table of Contents
-----------------
1. Placer Final Level Congestion Reporting
2. Initial Estimated Router Congestion Reporting

1. Placer Final Level Congestion Reporting
------------------------------------------

+-----------+------+-------+------------+--------+---------------+----------------+-----+--------+------+------+------+-----+-------+-----+------------+
| Direction | Type | Level | Congestion | Window | Combined LUTs | Avg LUT Inputs | LUT | LUTRAM | Flop | MUXF | RAMB | DSP | CARRY | SRL | Cell Names |
+-----------+------+-------+------------+--------+---------------+----------------+-----+--------+------+------+------+-----+-------+-----+------------+
* No congestion windows are found above level 5


2. Initial Estimated Router Congestion Reporting
------------------------------------------------

+-----------+------+-------+------------------+--------+---------------+----------------+-----+--------+------+------+------+-----+-------+-----+------------+
| Direction | Type | Level | Percentage Tiles | Window | Combined LUTs | Avg LUT Inputs | LUT | LUTRAM | Flop | MUXF | RAMB | DSP | CARRY | SRL | Cell Names |
+-----------+------+-------+------------------+--------+---------------+----------------+-----+--------+------+------+------+-----+-------+-----+------------+
* No initial estimated congestion windows are found above level 5


