Copyright 1986-2022 Xilinx, Inc. All Rights Reserved. Copyright 2022-2025 Advanced Micro Devices, Inc. All Rights Reserved.
---------------------------------------------------------------------------------------------------------------------------------------------
| Tool Version : Vivado v.2025.2 (win64) Build 6299465 Fri Nov 14 19:35:11 GMT 2025
| Date         : Fri Aug 21 23:25:02 2026
| Host         : NBLSUDUL running 64-bit major release  (build 9200)
| Command      : report_bus_skew -file C:/FPGA/V41_NVP_I2C_25KHZ_PAIRED_AB_R1/04_BUILD/FULL_BUILD_EVIDENCE/PHASE3_bus_skew.rpt
| Design       : ahd_capture_top_xdma
| Device       : 7a35t-csg325
| Speed File   : -2  PRODUCTION 1.23 2018-06-13
| Design State : Routed
---------------------------------------------------------------------------------------------------------------------------------------------

Bus Skew Report

Table of Contents
-----------------
1. Bus Skew Report Summary
2. Bus Skew Report Per Constraint

1. Bus Skew Report Summary
--------------------------

Id  Position  From                            To                              Corner  Requirement(ns)  Actual(ns)  Slack(ns)
--  --------  ------------------------------  ------------------------------  ------  ---------------  ----------  ---------
1   28        [get_cells -quiet -hier -regexp {.*MAILBOX/cfg_hold_pcie_reg\[[0-9]+\]}]
                                              [get_cells -quiet -hier -regexp {.*MAILBOX/nvp_cfg_(abort|arm|capture_generation|clear_errors|line_count_requested|single_line|target_line|window_16_lines)_reg(\[[0-9]+\])?}]
                                                                              Slow              3.000       1.280      1.720
2   30        [get_cells -quiet -hier -regexp {.*MAILBOX/status_hold_nvp_reg\[[0-9]+\]}]
                                              [get_cells -quiet -hier -regexp {.*MAILBOX/status_bus_pcie_reg\[[0-9]+\]}]
                                                                              Slow              3.000       1.264      1.736
3   33        [get_cells -quiet -hier -regexp {.*(active_sav_gray_nvp_reg|slot_commit_gray_nvp_reg|vclk_edge_gray_nvp_reg)\[[0-9]+\]}]
                                              [get_pins -quiet -of_objects [get_cells -quiet -hier -regexp {.*(active_sav_gray_sync1_pcie_reg|slot_commit_gray_sync1_pcie_reg|vclk_edge_gray_sync1_user_reg)\[[0-9]+\]}] -filter {REF_PIN_NAME == D}]
                                                                              Slow              3.000       0.961      2.039


2. Bus Skew Report Per Constraint
---------------------------------

Id: 1
set_bus_skew -from [get_cells -quiet -hier -regexp {.*MAILBOX/cfg_hold_pcie_reg\[[0-9]+\]}] -to [get_cells -quiet -hier -regexp {.*MAILBOX/nvp_cfg_(abort|arm|capture_generation|clear_errors|line_count_requested|single_line|target_line|window_16_lines)_reg(\[[0-9]+\])?}] 3.000
Requirement: 3.000ns
Endpoints: 74

From Clock            To Clock              Endpoint Pin                    Reference Pin                   Corner  Actual(ns)  Slack(ns)
--------------------  --------------------  ------------------------------  ------------------------------  ------  ----------  ---------
userclk1              nvp_vclk1             CAPTURE_SUBSYSTEM/MAILBOX/nvp_cfg_window_16_lines_reg/D
                                                                            CAPTURE_SUBSYSTEM/MAILBOX/nvp_cfg_target_line_reg[23]/D
                                                                                                            Slow         1.280      1.720


Slack (MET) :             1.720ns  (requirement - actual skew)
  Endpoint Source:        CAPTURE_SUBSYSTEM/MAILBOX/cfg_hold_pcie_reg[4]/C
                            (rising edge-triggered cell FDRE clocked by userclk1)
  Endpoint Destination:   CAPTURE_SUBSYSTEM/MAILBOX/nvp_cfg_window_16_lines_reg/D
                            (rising edge-triggered cell FDRE clocked by nvp_vclk1)
  Reference Source:       CAPTURE_SUBSYSTEM/MAILBOX/cfg_hold_pcie_reg[33]/C
                            (rising edge-triggered cell FDRE clocked by userclk1)
  Reference Destination:  CAPTURE_SUBSYSTEM/MAILBOX/nvp_cfg_target_line_reg[23]/D
                            (rising edge-triggered cell FDRE clocked by nvp_vclk1)
  Path Type:              Bus Skew (Max at Slow Process Corner)
  Requirement:            3.000ns
  Endpoint Relative Delay:    2.732ns
  Reference Relative Delay:   1.037ns
  Relative CRPR:              0.415ns
  Actual Bus Skew:            1.280ns  (Endpoint Relative Delay - Reference Relative Delay - Relative CRPR)

Endpoint path:
    Location             Delay type                Incr(ns)  Path(ns)    Netlist Resource(s)
  -------------------------------------------------------------------    -------------------
                         (clock userclk1 rise edge)
                                                      0.000     0.000 r  
    GTPE2_CHANNEL_X0Y3   GTPE2_CHANNEL                0.000     0.000 r  XDMA/inst/xdma_v41_m1_pcie2_to_pcie3_wrapper_i/pcie2_ip_i/inst/inst/gt_top_i/pipe_wrapper_i/pipe_lane[0].gt_wrapper_i/gtp_channel.gtpe2_channel_i/TXOUTCLK
                         net (fo=1, routed)           1.209     1.209    XDMA/inst/xdma_v41_m1_pcie2_to_pcie3_wrapper_i/pcie2_ip_i/inst/inst/gt_top_i/pipe_wrapper_i/pipe_clock_int.pipe_clock_i/txoutclk_i.txoutclk_i_0
    BUFGCTRL_X0Y20       BUFG (Prop_bufg_I_O)         0.081     1.290 r  XDMA/inst/xdma_v41_m1_pcie2_to_pcie3_wrapper_i/pcie2_ip_i/inst/inst/gt_top_i/pipe_wrapper_i/pipe_clock_int.pipe_clock_i/txoutclk_i.txoutclk_i/O
                         net (fo=1, routed)           1.391     2.681    XDMA/inst/xdma_v41_m1_pcie2_to_pcie3_wrapper_i/pcie2_ip_i/inst/inst/gt_top_i/pipe_wrapper_i/pipe_clock_int.pipe_clock_i/refclk
    MMCME2_ADV_X0Y0      MMCME2_ADV (Prop_mmcme2_adv_CLKIN1_CLKOUT2)
                                                      0.077     2.757 r  XDMA/inst/xdma_v41_m1_pcie2_to_pcie3_wrapper_i/pcie2_ip_i/inst/inst/gt_top_i/pipe_wrapper_i/pipe_clock_int.pipe_clock_i/mmcm_i/CLKOUT2
                         net (fo=1, routed)           1.425     4.182    XDMA/inst/xdma_v41_m1_pcie2_to_pcie3_wrapper_i/pcie2_ip_i/inst/inst/gt_top_i/pipe_wrapper_i/pipe_clock_int.pipe_clock_i/userclk1
    BUFGCTRL_X0Y0        BUFG (Prop_bufg_I_O)         0.081     4.263 r  XDMA/inst/xdma_v41_m1_pcie2_to_pcie3_wrapper_i/pcie2_ip_i/inst/inst/gt_top_i/pipe_wrapper_i/pipe_clock_int.pipe_clock_i/userclk1_i1.usrclk1_i1/O
                         net (fo=15141, routed)       1.352     5.615    CAPTURE_SUBSYSTEM/MAILBOX/CLK
    SLICE_X31Y90         FDRE                                         r  CAPTURE_SUBSYSTEM/MAILBOX/cfg_hold_pcie_reg[4]/C
  -------------------------------------------------------------------    -------------------
    SLICE_X31Y90         FDRE (Prop_fdre_C_Q)         0.379     5.994 r  CAPTURE_SUBSYSTEM/MAILBOX/cfg_hold_pcie_reg[4]/Q
                         net (fo=1, routed)           0.966     6.961    CAPTURE_SUBSYSTEM/MAILBOX/cfg_hold_pcie_reg_n_0_[4]
    SLICE_X32Y79         FDRE                                         r  CAPTURE_SUBSYSTEM/MAILBOX/nvp_cfg_window_16_lines_reg/D
  -------------------------------------------------------------------    -------------------

                         (clock nvp_vclk1 rise edge)
                                                      0.000     0.000 r  
    E13                                               0.000     0.000 r  vclk1 (IN)
                         net (fo=0)                   0.000     0.000    NVP_PHYSICAL_FRONTEND/vclk1
    E13                  IBUF (Prop_ibuf_I_O)         1.394     1.394 r  NVP_PHYSICAL_FRONTEND/u_vclk1_ibuf/O
                         net (fo=3, routed)           1.604     2.998    NVP_PHYSICAL_FRONTEND/vclk1_ibuf
    BUFGCTRL_X0Y17       BUFG (Prop_bufg_I_O)         0.077     3.075 r  NVP_PHYSICAL_FRONTEND/u_vclk1_bufg/O
                         net (fo=1729, routed)        1.232     4.308    CAPTURE_SUBSYSTEM/MAILBOX/nvp_clk
    SLICE_X32Y79         FDRE                                         r  CAPTURE_SUBSYSTEM/MAILBOX/nvp_cfg_window_16_lines_reg/C
                         clock pessimism              0.000     4.308    
    SLICE_X32Y79         FDRE (Setup_fdre_C_D)       -0.079     4.229    CAPTURE_SUBSYSTEM/MAILBOX/nvp_cfg_window_16_lines_reg
  -------------------------------------------------------------------
                         data arrival                           6.961    
                         clock arrival                          4.229    
  -------------------------------------------------------------------
                         relative delay                         2.732    

Reference path:
    Location             Delay type                Incr(ns)  Path(ns)    Netlist Resource(s)
  -------------------------------------------------------------------    -------------------
                         (clock userclk1 rise edge)
                                                      0.000     0.000 r  
    GTPE2_CHANNEL_X0Y3   GTPE2_CHANNEL                0.000     0.000 r  XDMA/inst/xdma_v41_m1_pcie2_to_pcie3_wrapper_i/pcie2_ip_i/inst/inst/gt_top_i/pipe_wrapper_i/pipe_lane[0].gt_wrapper_i/gtp_channel.gtpe2_channel_i/TXOUTCLK
                         net (fo=1, routed)           1.150     1.150    XDMA/inst/xdma_v41_m1_pcie2_to_pcie3_wrapper_i/pcie2_ip_i/inst/inst/gt_top_i/pipe_wrapper_i/pipe_clock_int.pipe_clock_i/txoutclk_i.txoutclk_i_0
    BUFGCTRL_X0Y20       BUFG (Prop_bufg_I_O)         0.077     1.227 r  XDMA/inst/xdma_v41_m1_pcie2_to_pcie3_wrapper_i/pcie2_ip_i/inst/inst/gt_top_i/pipe_wrapper_i/pipe_clock_int.pipe_clock_i/txoutclk_i.txoutclk_i/O
                         net (fo=1, routed)           1.286     2.513    XDMA/inst/xdma_v41_m1_pcie2_to_pcie3_wrapper_i/pcie2_ip_i/inst/inst/gt_top_i/pipe_wrapper_i/pipe_clock_int.pipe_clock_i/refclk
    MMCME2_ADV_X0Y0      MMCME2_ADV (Prop_mmcme2_adv_CLKIN1_CLKOUT2)
                                                      0.073     2.586 r  XDMA/inst/xdma_v41_m1_pcie2_to_pcie3_wrapper_i/pcie2_ip_i/inst/inst/gt_top_i/pipe_wrapper_i/pipe_clock_int.pipe_clock_i/mmcm_i/CLKOUT2
                         net (fo=1, routed)           1.357     3.944    XDMA/inst/xdma_v41_m1_pcie2_to_pcie3_wrapper_i/pcie2_ip_i/inst/inst/gt_top_i/pipe_wrapper_i/pipe_clock_int.pipe_clock_i/userclk1
    BUFGCTRL_X0Y0        BUFG (Prop_bufg_I_O)         0.077     4.021 r  XDMA/inst/xdma_v41_m1_pcie2_to_pcie3_wrapper_i/pcie2_ip_i/inst/inst/gt_top_i/pipe_wrapper_i/pipe_clock_int.pipe_clock_i/userclk1_i1.usrclk1_i1/O
                         net (fo=15141, routed)       1.237     5.258    CAPTURE_SUBSYSTEM/MAILBOX/CLK
    SLICE_X38Y82         FDRE                                         r  CAPTURE_SUBSYSTEM/MAILBOX/cfg_hold_pcie_reg[33]/C
  -------------------------------------------------------------------    -------------------
    SLICE_X38Y82         FDRE (Prop_fdre_C_Q)         0.347     5.605 r  CAPTURE_SUBSYSTEM/MAILBOX/cfg_hold_pcie_reg[33]/Q
                         net (fo=1, routed)           0.213     5.818    CAPTURE_SUBSYSTEM/MAILBOX/cfg_hold_pcie_reg_n_0_[33]
    SLICE_X38Y83         FDRE                                         r  CAPTURE_SUBSYSTEM/MAILBOX/nvp_cfg_target_line_reg[23]/D
  -------------------------------------------------------------------    -------------------

                         (clock nvp_vclk1 rise edge)
                                                      0.000     0.000 r  
    E13                                               0.000     0.000 r  vclk1 (IN)
                         net (fo=0)                   0.000     0.000    NVP_PHYSICAL_FRONTEND/vclk1
    E13                  IBUF (Prop_ibuf_I_O)         1.461     1.461 r  NVP_PHYSICAL_FRONTEND/u_vclk1_ibuf/O
                         net (fo=3, routed)           1.693     3.154    NVP_PHYSICAL_FRONTEND/vclk1_ibuf
    BUFGCTRL_X0Y17       BUFG (Prop_bufg_I_O)         0.081     3.235 r  NVP_PHYSICAL_FRONTEND/u_vclk1_bufg/O
                         net (fo=1729, routed)        1.342     4.577    CAPTURE_SUBSYSTEM/MAILBOX/nvp_clk
    SLICE_X38Y83         FDRE                                         r  CAPTURE_SUBSYSTEM/MAILBOX/nvp_cfg_target_line_reg[23]/C
                         clock pessimism              0.000     4.577    
    SLICE_X38Y83         FDRE (Hold_fdre_C_D)         0.204     4.781    CAPTURE_SUBSYSTEM/MAILBOX/nvp_cfg_target_line_reg[23]
  -------------------------------------------------------------------
                         data arrival                           5.818    
                         clock arrival                          4.781    
  -------------------------------------------------------------------
                         relative delay                         1.037    



Id: 2
set_bus_skew -from [get_cells -quiet -hier -regexp {.*MAILBOX/status_hold_nvp_reg\[[0-9]+\]}] -to [get_cells -quiet -hier -regexp {.*MAILBOX/status_bus_pcie_reg\[[0-9]+\]}] 3.000
Requirement: 3.000ns
Endpoints: 291

From Clock            To Clock              Endpoint Pin                    Reference Pin                   Corner  Actual(ns)  Slack(ns)
--------------------  --------------------  ------------------------------  ------------------------------  ------  ----------  ---------
nvp_vclk1             userclk1              CAPTURE_SUBSYSTEM/MAILBOX/status_bus_pcie_reg[213]/D
                                                                            CAPTURE_SUBSYSTEM/MAILBOX/status_bus_pcie_reg[313]/D
                                                                                                            Slow         1.264      1.736


Slack (MET) :             1.736ns  (requirement - actual skew)
  Endpoint Source:        CAPTURE_SUBSYSTEM/MAILBOX/status_hold_nvp_reg[213]/C
                            (rising edge-triggered cell FDRE clocked by nvp_vclk1)
  Endpoint Destination:   CAPTURE_SUBSYSTEM/MAILBOX/status_bus_pcie_reg[213]/D
                            (rising edge-triggered cell FDRE clocked by userclk1)
  Reference Source:       CAPTURE_SUBSYSTEM/MAILBOX/status_hold_nvp_reg[313]/C
                            (rising edge-triggered cell FDRE clocked by nvp_vclk1)
  Reference Destination:  CAPTURE_SUBSYSTEM/MAILBOX/status_bus_pcie_reg[313]/D
                            (rising edge-triggered cell FDRE clocked by userclk1)
  Path Type:              Bus Skew (Max at Slow Process Corner)
  Requirement:            3.000ns
  Endpoint Relative Delay:    0.830ns
  Reference Relative Delay:  -0.967ns
  Relative CRPR:              0.533ns
  Actual Bus Skew:            1.264ns  (Endpoint Relative Delay - Reference Relative Delay - Relative CRPR)

Endpoint path:
    Location             Delay type                Incr(ns)  Path(ns)    Netlist Resource(s)
  -------------------------------------------------------------------    -------------------
                         (clock nvp_vclk1 rise edge)
                                                      0.000     0.000 r  
    E13                                               0.000     0.000 r  vclk1 (IN)
                         net (fo=0)                   0.000     0.000    NVP_PHYSICAL_FRONTEND/vclk1
    E13                  IBUF (Prop_ibuf_I_O)         1.461     1.461 r  NVP_PHYSICAL_FRONTEND/u_vclk1_ibuf/O
                         net (fo=3, routed)           1.693     3.154    NVP_PHYSICAL_FRONTEND/vclk1_ibuf
    BUFGCTRL_X0Y17       BUFG (Prop_bufg_I_O)         0.081     3.235 r  NVP_PHYSICAL_FRONTEND/u_vclk1_bufg/O
                         net (fo=1729, routed)        1.355     4.590    CAPTURE_SUBSYSTEM/MAILBOX/nvp_clk
    SLICE_X13Y92         FDRE                                         r  CAPTURE_SUBSYSTEM/MAILBOX/status_hold_nvp_reg[213]/C
  -------------------------------------------------------------------    -------------------
    SLICE_X13Y92         FDRE (Prop_fdre_C_Q)         0.379     4.969 r  CAPTURE_SUBSYSTEM/MAILBOX/status_hold_nvp_reg[213]/Q
                         net (fo=3, routed)           1.083     6.051    CAPTURE_SUBSYSTEM/MAILBOX/status_last_nvp[213]
    SLICE_X15Y81         FDRE                                         r  CAPTURE_SUBSYSTEM/MAILBOX/status_bus_pcie_reg[213]/D
  -------------------------------------------------------------------    -------------------

                         (clock userclk1 rise edge)
                                                      0.000     0.000 r  
    GTPE2_CHANNEL_X0Y3   GTPE2_CHANNEL                0.000     0.000 r  XDMA/inst/xdma_v41_m1_pcie2_to_pcie3_wrapper_i/pcie2_ip_i/inst/inst/gt_top_i/pipe_wrapper_i/pipe_lane[0].gt_wrapper_i/gtp_channel.gtpe2_channel_i/TXOUTCLK
                         net (fo=1, routed)           1.150     1.150    XDMA/inst/xdma_v41_m1_pcie2_to_pcie3_wrapper_i/pcie2_ip_i/inst/inst/gt_top_i/pipe_wrapper_i/pipe_clock_int.pipe_clock_i/txoutclk_i.txoutclk_i_0
    BUFGCTRL_X0Y20       BUFG (Prop_bufg_I_O)         0.077     1.227 r  XDMA/inst/xdma_v41_m1_pcie2_to_pcie3_wrapper_i/pcie2_ip_i/inst/inst/gt_top_i/pipe_wrapper_i/pipe_clock_int.pipe_clock_i/txoutclk_i.txoutclk_i/O
                         net (fo=1, routed)           1.286     2.513    XDMA/inst/xdma_v41_m1_pcie2_to_pcie3_wrapper_i/pcie2_ip_i/inst/inst/gt_top_i/pipe_wrapper_i/pipe_clock_int.pipe_clock_i/refclk
    MMCME2_ADV_X0Y0      MMCME2_ADV (Prop_mmcme2_adv_CLKIN1_CLKOUT2)
                                                      0.073     2.586 r  XDMA/inst/xdma_v41_m1_pcie2_to_pcie3_wrapper_i/pcie2_ip_i/inst/inst/gt_top_i/pipe_wrapper_i/pipe_clock_int.pipe_clock_i/mmcm_i/CLKOUT2
                         net (fo=1, routed)           1.357     3.944    XDMA/inst/xdma_v41_m1_pcie2_to_pcie3_wrapper_i/pcie2_ip_i/inst/inst/gt_top_i/pipe_wrapper_i/pipe_clock_int.pipe_clock_i/userclk1
    BUFGCTRL_X0Y0        BUFG (Prop_bufg_I_O)         0.077     4.021 r  XDMA/inst/xdma_v41_m1_pcie2_to_pcie3_wrapper_i/pcie2_ip_i/inst/inst/gt_top_i/pipe_wrapper_i/pipe_clock_int.pipe_clock_i/userclk1_i1.usrclk1_i1/O
                         net (fo=15141, routed)       1.240     5.261    CAPTURE_SUBSYSTEM/MAILBOX/CLK
    SLICE_X15Y81         FDRE                                         r  CAPTURE_SUBSYSTEM/MAILBOX/status_bus_pcie_reg[213]/C
                         clock pessimism              0.000     5.261    
    SLICE_X15Y81         FDRE (Setup_fdre_C_D)       -0.039     5.222    CAPTURE_SUBSYSTEM/MAILBOX/status_bus_pcie_reg[213]
  -------------------------------------------------------------------
                         data arrival                           6.051    
                         clock arrival                          5.222    
  -------------------------------------------------------------------
                         relative delay                         0.830    

Reference path:
    Location             Delay type                Incr(ns)  Path(ns)    Netlist Resource(s)
  -------------------------------------------------------------------    -------------------
                         (clock nvp_vclk1 rise edge)
                                                      0.000     0.000 r  
    E13                                               0.000     0.000 r  vclk1 (IN)
                         net (fo=0)                   0.000     0.000    NVP_PHYSICAL_FRONTEND/vclk1
    E13                  IBUF (Prop_ibuf_I_O)         1.394     1.394 r  NVP_PHYSICAL_FRONTEND/u_vclk1_ibuf/O
                         net (fo=3, routed)           1.604     2.998    NVP_PHYSICAL_FRONTEND/vclk1_ibuf
    BUFGCTRL_X0Y17       BUFG (Prop_bufg_I_O)         0.077     3.075 r  NVP_PHYSICAL_FRONTEND/u_vclk1_bufg/O
                         net (fo=1729, routed)        1.238     4.314    CAPTURE_SUBSYSTEM/MAILBOX/nvp_clk
    SLICE_X33Y86         FDRE                                         r  CAPTURE_SUBSYSTEM/MAILBOX/status_hold_nvp_reg[313]/C
  -------------------------------------------------------------------    -------------------
    SLICE_X33Y86         FDRE (Prop_fdre_C_Q)         0.304     4.618 r  CAPTURE_SUBSYSTEM/MAILBOX/status_hold_nvp_reg[313]/Q
                         net (fo=2, routed)           0.223     4.840    CAPTURE_SUBSYSTEM/MAILBOX/status_hold_nvp_reg[323]_0[235]
    SLICE_X30Y86         FDRE                                         r  CAPTURE_SUBSYSTEM/MAILBOX/status_bus_pcie_reg[313]/D
  -------------------------------------------------------------------    -------------------

                         (clock userclk1 rise edge)
                                                      0.000     0.000 r  
    GTPE2_CHANNEL_X0Y3   GTPE2_CHANNEL                0.000     0.000 r  XDMA/inst/xdma_v41_m1_pcie2_to_pcie3_wrapper_i/pcie2_ip_i/inst/inst/gt_top_i/pipe_wrapper_i/pipe_lane[0].gt_wrapper_i/gtp_channel.gtpe2_channel_i/TXOUTCLK
                         net (fo=1, routed)           1.209     1.209    XDMA/inst/xdma_v41_m1_pcie2_to_pcie3_wrapper_i/pcie2_ip_i/inst/inst/gt_top_i/pipe_wrapper_i/pipe_clock_int.pipe_clock_i/txoutclk_i.txoutclk_i_0
    BUFGCTRL_X0Y20       BUFG (Prop_bufg_I_O)         0.081     1.290 r  XDMA/inst/xdma_v41_m1_pcie2_to_pcie3_wrapper_i/pcie2_ip_i/inst/inst/gt_top_i/pipe_wrapper_i/pipe_clock_int.pipe_clock_i/txoutclk_i.txoutclk_i/O
                         net (fo=1, routed)           1.391     2.681    XDMA/inst/xdma_v41_m1_pcie2_to_pcie3_wrapper_i/pcie2_ip_i/inst/inst/gt_top_i/pipe_wrapper_i/pipe_clock_int.pipe_clock_i/refclk
    MMCME2_ADV_X0Y0      MMCME2_ADV (Prop_mmcme2_adv_CLKIN1_CLKOUT2)
                                                      0.077     2.757 r  XDMA/inst/xdma_v41_m1_pcie2_to_pcie3_wrapper_i/pcie2_ip_i/inst/inst/gt_top_i/pipe_wrapper_i/pipe_clock_int.pipe_clock_i/mmcm_i/CLKOUT2
                         net (fo=1, routed)           1.425     4.182    XDMA/inst/xdma_v41_m1_pcie2_to_pcie3_wrapper_i/pcie2_ip_i/inst/inst/gt_top_i/pipe_wrapper_i/pipe_clock_int.pipe_clock_i/userclk1
    BUFGCTRL_X0Y0        BUFG (Prop_bufg_I_O)         0.081     4.263 r  XDMA/inst/xdma_v41_m1_pcie2_to_pcie3_wrapper_i/pcie2_ip_i/inst/inst/gt_top_i/pipe_wrapper_i/pipe_clock_int.pipe_clock_i/userclk1_i1.usrclk1_i1/O
                         net (fo=15141, routed)       1.349     5.612    CAPTURE_SUBSYSTEM/MAILBOX/CLK
    SLICE_X30Y86         FDRE                                         r  CAPTURE_SUBSYSTEM/MAILBOX/status_bus_pcie_reg[313]/C
                         clock pessimism              0.000     5.612    
    SLICE_X30Y86         FDRE (Hold_fdre_C_D)         0.195     5.807    CAPTURE_SUBSYSTEM/MAILBOX/status_bus_pcie_reg[313]
  -------------------------------------------------------------------
                         data arrival                           4.840    
                         clock arrival                          5.807    
  -------------------------------------------------------------------
                         relative delay                        -0.967    



Id: 3
set_bus_skew -from [get_cells -quiet -hier -regexp {.*(active_sav_gray_nvp_reg|slot_commit_gray_nvp_reg|vclk_edge_gray_nvp_reg)\[[0-9]+\]}] -to [get_pins -quiet -of_objects [get_cells -quiet -hier -regexp {.*(active_sav_gray_sync1_pcie_reg|slot_commit_gray_sync1_pcie_reg|vclk_edge_gray_sync1_user_reg)\[[0-9]+\]}] -filter {REF_PIN_NAME == D}] 3.000
Requirement: 3.000ns
Endpoints: 96

From Clock            To Clock              Endpoint Pin                    Reference Pin                   Corner  Actual(ns)  Slack(ns)
--------------------  --------------------  ------------------------------  ------------------------------  ------  ----------  ---------
nvp_vclk1             userclk1              CAPTURE_SUBSYSTEM/active_sav_gray_sync1_pcie_reg[7]/D
                                                                            vclk_edge_gray_sync1_user_reg[0]/D
                                                                                                            Slow         0.961      2.039


Slack (MET) :             2.039ns  (requirement - actual skew)
  Endpoint Source:        CAPTURE_SUBSYSTEM/active_sav_gray_nvp_reg[7]/C
                            (rising edge-triggered cell FDRE clocked by nvp_vclk1)
  Endpoint Destination:   CAPTURE_SUBSYSTEM/active_sav_gray_sync1_pcie_reg[7]/D
                            (rising edge-triggered cell FDRE clocked by userclk1)
  Reference Source:       vclk_edge_gray_nvp_reg[0]/C
                            (rising edge-triggered cell FDRE clocked by nvp_vclk1)
  Reference Destination:  vclk_edge_gray_sync1_user_reg[0]/D
                            (rising edge-triggered cell FDRE clocked by userclk1)
  Path Type:              Bus Skew (Max at Slow Process Corner)
  Requirement:            3.000ns
  Endpoint Relative Delay:    0.518ns
  Reference Relative Delay:  -0.977ns
  Relative CRPR:              0.533ns
  Actual Bus Skew:            0.961ns  (Endpoint Relative Delay - Reference Relative Delay - Relative CRPR)

Endpoint path:
    Location             Delay type                Incr(ns)  Path(ns)    Netlist Resource(s)
  -------------------------------------------------------------------    -------------------
                         (clock nvp_vclk1 rise edge)
                                                      0.000     0.000 r  
    E13                                               0.000     0.000 r  vclk1 (IN)
                         net (fo=0)                   0.000     0.000    NVP_PHYSICAL_FRONTEND/vclk1
    E13                  IBUF (Prop_ibuf_I_O)         1.461     1.461 r  NVP_PHYSICAL_FRONTEND/u_vclk1_ibuf/O
                         net (fo=3, routed)           1.693     3.154    NVP_PHYSICAL_FRONTEND/vclk1_ibuf
    BUFGCTRL_X0Y17       BUFG (Prop_bufg_I_O)         0.081     3.235 r  NVP_PHYSICAL_FRONTEND/u_vclk1_bufg/O
                         net (fo=1729, routed)        1.407     4.642    CAPTURE_SUBSYSTEM/nvp_clk
    SLICE_X5Y71          FDRE                                         r  CAPTURE_SUBSYSTEM/active_sav_gray_nvp_reg[7]/C
  -------------------------------------------------------------------    -------------------
    SLICE_X5Y71          FDRE (Prop_fdre_C_Q)         0.379     5.021 r  CAPTURE_SUBSYSTEM/active_sav_gray_nvp_reg[7]/Q
                         net (fo=1, routed)           0.752     5.773    CAPTURE_SUBSYSTEM/active_sav_gray_nvp[7]
    SLICE_X7Y67          FDRE                                         r  CAPTURE_SUBSYSTEM/active_sav_gray_sync1_pcie_reg[7]/D
  -------------------------------------------------------------------    -------------------

                         (clock userclk1 rise edge)
                                                      0.000     0.000 r  
    GTPE2_CHANNEL_X0Y3   GTPE2_CHANNEL                0.000     0.000 r  XDMA/inst/xdma_v41_m1_pcie2_to_pcie3_wrapper_i/pcie2_ip_i/inst/inst/gt_top_i/pipe_wrapper_i/pipe_lane[0].gt_wrapper_i/gtp_channel.gtpe2_channel_i/TXOUTCLK
                         net (fo=1, routed)           1.150     1.150    XDMA/inst/xdma_v41_m1_pcie2_to_pcie3_wrapper_i/pcie2_ip_i/inst/inst/gt_top_i/pipe_wrapper_i/pipe_clock_int.pipe_clock_i/txoutclk_i.txoutclk_i_0
    BUFGCTRL_X0Y20       BUFG (Prop_bufg_I_O)         0.077     1.227 r  XDMA/inst/xdma_v41_m1_pcie2_to_pcie3_wrapper_i/pcie2_ip_i/inst/inst/gt_top_i/pipe_wrapper_i/pipe_clock_int.pipe_clock_i/txoutclk_i.txoutclk_i/O
                         net (fo=1, routed)           1.286     2.513    XDMA/inst/xdma_v41_m1_pcie2_to_pcie3_wrapper_i/pcie2_ip_i/inst/inst/gt_top_i/pipe_wrapper_i/pipe_clock_int.pipe_clock_i/refclk
    MMCME2_ADV_X0Y0      MMCME2_ADV (Prop_mmcme2_adv_CLKIN1_CLKOUT2)
                                                      0.073     2.586 r  XDMA/inst/xdma_v41_m1_pcie2_to_pcie3_wrapper_i/pcie2_ip_i/inst/inst/gt_top_i/pipe_wrapper_i/pipe_clock_int.pipe_clock_i/mmcm_i/CLKOUT2
                         net (fo=1, routed)           1.357     3.944    XDMA/inst/xdma_v41_m1_pcie2_to_pcie3_wrapper_i/pcie2_ip_i/inst/inst/gt_top_i/pipe_wrapper_i/pipe_clock_int.pipe_clock_i/userclk1
    BUFGCTRL_X0Y0        BUFG (Prop_bufg_I_O)         0.077     4.021 r  XDMA/inst/xdma_v41_m1_pcie2_to_pcie3_wrapper_i/pcie2_ip_i/inst/inst/gt_top_i/pipe_wrapper_i/pipe_clock_int.pipe_clock_i/userclk1_i1.usrclk1_i1/O
                         net (fo=15141, routed)       1.308     5.329    CAPTURE_SUBSYSTEM/CLK
    SLICE_X7Y67          FDRE                                         r  CAPTURE_SUBSYSTEM/active_sav_gray_sync1_pcie_reg[7]/C
                         clock pessimism              0.000     5.329    
    SLICE_X7Y67          FDRE (Setup_fdre_C_D)       -0.073     5.256    CAPTURE_SUBSYSTEM/active_sav_gray_sync1_pcie_reg[7]
  -------------------------------------------------------------------
                         data arrival                           5.773    
                         clock arrival                          5.256    
  -------------------------------------------------------------------
                         relative delay                         0.518    

Reference path:
    Location             Delay type                Incr(ns)  Path(ns)    Netlist Resource(s)
  -------------------------------------------------------------------    -------------------
                         (clock nvp_vclk1 rise edge)
                                                      0.000     0.000 r  
    E13                                               0.000     0.000 r  vclk1 (IN)
                         net (fo=0)                   0.000     0.000    NVP_PHYSICAL_FRONTEND/vclk1
    E13                  IBUF (Prop_ibuf_I_O)         1.394     1.394 r  NVP_PHYSICAL_FRONTEND/u_vclk1_ibuf/O
                         net (fo=3, routed)           1.604     2.998    NVP_PHYSICAL_FRONTEND/vclk1_ibuf
    BUFGCTRL_X0Y17       BUFG (Prop_bufg_I_O)         0.077     3.075 r  NVP_PHYSICAL_FRONTEND/u_vclk1_bufg/O
                         net (fo=1729, routed)        1.302     4.378    nvp_clk
    SLICE_X0Y71          FDRE                                         r  vclk_edge_gray_nvp_reg[0]/C
  -------------------------------------------------------------------    -------------------
    SLICE_X0Y71          FDRE (Prop_fdre_C_Q)         0.304     4.682 r  vclk_edge_gray_nvp_reg[0]/Q
                         net (fo=1, routed)           0.203     4.885    vclk_edge_gray_nvp[0]
    SLICE_X2Y71          FDRE                                         r  vclk_edge_gray_sync1_user_reg[0]/D
  -------------------------------------------------------------------    -------------------

                         (clock userclk1 rise edge)
                                                      0.000     0.000 r  
    GTPE2_CHANNEL_X0Y3   GTPE2_CHANNEL                0.000     0.000 r  XDMA/inst/xdma_v41_m1_pcie2_to_pcie3_wrapper_i/pcie2_ip_i/inst/inst/gt_top_i/pipe_wrapper_i/pipe_lane[0].gt_wrapper_i/gtp_channel.gtpe2_channel_i/TXOUTCLK
                         net (fo=1, routed)           1.209     1.209    XDMA/inst/xdma_v41_m1_pcie2_to_pcie3_wrapper_i/pcie2_ip_i/inst/inst/gt_top_i/pipe_wrapper_i/pipe_clock_int.pipe_clock_i/txoutclk_i.txoutclk_i_0
    BUFGCTRL_X0Y20       BUFG (Prop_bufg_I_O)         0.081     1.290 r  XDMA/inst/xdma_v41_m1_pcie2_to_pcie3_wrapper_i/pcie2_ip_i/inst/inst/gt_top_i/pipe_wrapper_i/pipe_clock_int.pipe_clock_i/txoutclk_i.txoutclk_i/O
                         net (fo=1, routed)           1.391     2.681    XDMA/inst/xdma_v41_m1_pcie2_to_pcie3_wrapper_i/pcie2_ip_i/inst/inst/gt_top_i/pipe_wrapper_i/pipe_clock_int.pipe_clock_i/refclk
    MMCME2_ADV_X0Y0      MMCME2_ADV (Prop_mmcme2_adv_CLKIN1_CLKOUT2)
                                                      0.077     2.757 r  XDMA/inst/xdma_v41_m1_pcie2_to_pcie3_wrapper_i/pcie2_ip_i/inst/inst/gt_top_i/pipe_wrapper_i/pipe_clock_int.pipe_clock_i/mmcm_i/CLKOUT2
                         net (fo=1, routed)           1.425     4.182    XDMA/inst/xdma_v41_m1_pcie2_to_pcie3_wrapper_i/pcie2_ip_i/inst/inst/gt_top_i/pipe_wrapper_i/pipe_clock_int.pipe_clock_i/userclk1
    BUFGCTRL_X0Y0        BUFG (Prop_bufg_I_O)         0.081     4.263 r  XDMA/inst/xdma_v41_m1_pcie2_to_pcie3_wrapper_i/pcie2_ip_i/inst/inst/gt_top_i/pipe_wrapper_i/pipe_clock_int.pipe_clock_i/userclk1_i1.usrclk1_i1/O
                         net (fo=15141, routed)       1.411     5.674    autonomous_clk
    SLICE_X2Y71          FDRE                                         r  vclk_edge_gray_sync1_user_reg[0]/C
                         clock pessimism              0.000     5.674    
    SLICE_X2Y71          FDRE (Hold_fdre_C_D)         0.187     5.861    vclk_edge_gray_sync1_user_reg[0]
  -------------------------------------------------------------------
                         data arrival                           4.885    
                         clock arrival                          5.861    
  -------------------------------------------------------------------
                         relative delay                        -0.977    



