#-----------------------------------------------------------
# Vivado v2025.2 (64-bit)
# SW Build 6299465 on Fri Nov 14 19:35:11 GMT 2025
# IP Build 6300035 on Fri Nov 14 10:48:45 MST 2025
# SharedData Build 6298862 on Thu Nov 13 04:50:51 MST 2025
# Start of session at: Sun Aug 23 01:23:52 2026
# Process ID         : 7180
# Current directory  : C:/Users/£ukasz Sudu³/Documents/ChatGPT/AHD_20260807
# Command line       : vivado.exe -mode batch -source C:\FPGA\WORKTREES\V41_NVP_R1E_EXTENDED_OBSERVABILITY_R1\scripts\v41\r1e_build.tcl -log C:\FPGA\V41_NVP_R1E_EXTENDED_OBSERVABILITY_R1\07_BUILD\logs\provenance_preflight.log -journal C:\FPGA\V41_NVP_R1E_EXTENDED_OBSERVABILITY_R1\07_BUILD\logs\provenance_preflight.jou -notrace -tclargs C:\FPGA\WORKTREES\V41_NVP_R1E_EXTENDED_OBSERVABILITY_R1 C:\FPGA\V41_NVP_R1E_EXTENDED_OBSERVABILITY_R1\07_BUILD C:\FPGA\V41_NVP_R1E_EXTENDED_OBSERVABILITY_R1\07_BUILD\reports\provenance_preflight f3d9e5cdcacfb6fdebed5e5fe8b9143ef226aebd ahd_capture_v41_i2c_25khz_r1e_observability.bit PROVENANCE_ONLY
# Log file           : C:/FPGA/V41_NVP_R1E_EXTENDED_OBSERVABILITY_R1/07_BUILD/logs/provenance_preflight.log
# Journal file       : C:\FPGA\V41_NVP_R1E_EXTENDED_OBSERVABILITY_R1\07_BUILD\logs\provenance_preflight.jou
# Running On         : NBLSUDUL
# Platform           : Windows Server 2016 or Windows 10
# Operating System   : 19045
# Processor Detail   : Intel(R) Core(TM) i7-7500U CPU @ 2.70GHz
# CPU Frequency      : 2904 MHz
# CPU Physical cores : 2
# CPU Logical cores  : 4
# Host memory        : 17028 MB
# Swap memory        : 4202 MB
# Total Virtual      : 21230 MB
# Available Virtual  : 6772 MB
#-----------------------------------------------------------
source {C:\FPGA\WORKTREES\V41_NVP_R1E_EXTENDED_OBSERVABILITY_R1\scripts\v41\r1e_build.tcl} -notrace
