UTC_START=2026-08-25T14:04:53.6238395Z
UTC_END=2026-08-25T14:04:56.0710617Z
EVIDENCE_KIND=R1H_RUNTIME_PROVENANCE_Bootstrap_FORMAL
RESULT=PASS
EXIT_CODE=0
ARGUMENT_TOKEN_AUDIT=PASS
PLINK_PW_OPTION_USED=NO
PLINK_PWFILE_OPTION_USED=YES
USERNAME_ROLE_OCCURRENCE=YES_AUTHORIZED
PASSWORD_ROLE_ARGUMENT_OCCURRENCE=NO
REMOTE_COMMAND_SHARED_LITERAL=NO
INHERITED_ENVIRONMENT_AUDIT=PASS
PWFILE_CREATED=YES
PWFILE_DELETED=YES
STDOUT_BEGIN
RAW_BLOCK_ID=0xA40A0C07
RAW_PROTOCOL=0x0000400B
RAW_CAPABILITIES=0x00031002
RAW_RECONSTRUCTED_GIT_SHA=0000000000000000000000000000000000000000
RAW_BUILD_FLAGS=0x00000000
RAW_DIAGNOSTIC_WORD_0X2000=0x00000000
FORMAL_COMPLETE_R1H_RANGE_ZERO=YES
RUNTIME_IMAGE=FORMAL_PHASE2_EXACT_IDENTITY_DIAGNOSTIC_MAGIC_ZERO
RUNTIME_READER_OPEN_MODE=O_RDONLY_PREAD_ONLY
RUNTIME_PROVENANCE_GATE=PASS
MMIO_ACCESS=READ_ONLY
AXI_LITE_WRITES=0
C2H_TRANSFERS=0
H2C_TRANSFERS=0
STDOUT_END
STDERR_BEGIN

STDERR_END
