DIAGNOSTIC_SOURCE_COMMIT_EXPECTED=f007dc172d43d30b02729755e60382f8ce3dbff4
DIAGNOSTIC_SOURCE_COMMIT_OBSERVED=f007dc172d43d30b02729755e60382f8ce3dbff4
DIAGNOSTIC_SOURCE_TREE_EXPECTED=b8f87966c8021396acb6341bd2d7d86a10fd7f13
DIAGNOSTIC_SOURCE_TREE_OBSERVED=b8f87966c8021396acb6341bd2d7d86a10fd7f13
DIAGNOSTIC_BRANCH_EXPECTED=diag/v41-nvp-i2c-25khz-r1
DIAGNOSTIC_BRANCH_OBSERVED=diag/v41-nvp-i2c-25khz-r1
DIAGNOSTIC_WORKTREE_CLEAN=YES
DIAGNOSTIC_SOURCE_GATE=PASS
DIAGNOSTIC_BIT_HASH_SOURCE=SEALED_POST_BUILD_GATE_PASS
DIAGNOSTIC_BIT_SHA256_EXPECTED=B125940D11CD5400F176E773A49C0A3529FF0ADEA08293E1601245DBC5FBE191
DIAGNOSTIC_BIT_SIZE_EXPECTED=2192144
DIAGNOSTIC_BIT_PATH_EXPECTED=C:\FPGA\V41_NVP_I2C_25KHZ_PAIRED_AB_R1\04_BUILD\FULL_BUILD_EVIDENCE\artifacts\ahd_capture_v41_i2c_25khz_r1.bit
DIAGNOSTIC_BIT_PATH_GATE=PASS
DIAGNOSTIC_BIT_FILENAME_EXPECTED=ahd_capture_v41_i2c_25khz_r1.bit
DIAGNOSTIC_BIT_FILENAME_GATE=PASS
FORMAL_BIT_FILENAME_EXPECTED=ahd_capture_v41_phase2_p1.bit
FORMAL_BIT_FILENAME_GATE=PASS
EXPECTED_GIT_SHA_W0=0xF007DC17
EXPECTED_GIT_SHA_W1=0x2D43D30B
EXPECTED_GIT_SHA_W2=0x02729755
EXPECTED_GIT_SHA_W3=0xE60382F8
EXPECTED_GIT_SHA_W4=0xCE3DBFF4
EXPECTED_BUILD_FLAGS=0x00000002
ROLE=FORMAL_BIT PATH=C:\FPGA\FPGA_AHD_v41_V40_1_0_PHASE2_EVIDENCE\02_FRESH_BUILD\SEALED\artifacts\ahd_capture_v41_phase2_p1.bit SIZE=2192144 SHA256=7E4E909D78C2BE5C1E0ECA56229F2B88ECC2DBF5974B32BDF07EF1AFCD9449A2 GATE=PASS
ROLE=DIAGNOSTIC_BIT PATH=C:\FPGA\V41_NVP_I2C_25KHZ_PAIRED_AB_R1\04_BUILD\FULL_BUILD_EVIDENCE\artifacts\ahd_capture_v41_i2c_25khz_r1.bit SIZE=2192144 SHA256=B125940D11CD5400F176E773A49C0A3529FF0ADEA08293E1601245DBC5FBE191 GATE=PASS
ROLE=PLINK PATH=C:\FPGA\T1_RCA_PUTTY_CONTROL_20260820\00_PUTTY\putty-0.84-w64\plink.exe SIZE=1043072 SHA256=E5621FFE4879F0EC39ED40F688DB9399C2D43054D41EF14472FA335C4693B915 GATE=PASS
ROLE=VIVADO_SETTINGS PATH=C:\AMDDesignTools\2025.2\Vivado\settings64.bat SIZE=779 SHA256=4E33A3CAECB999C71E92A9A2804170C5A6B71EDF997578AA069AEC65131B50BA GATE=PASS
ROLE=VIVADO_WRAPPER PATH=C:\AMDDesignTools\2025.2\Vivado\bin\vivado.bat SIZE=1263 SHA256=4F9C05AEA82A71C7086A9E5EDF01BA16EA70255F69CF3420C58B805EC113E994 GATE=PASS
HARDWARE_OWNER_PROCESS_COUNT=0
LOCAL_STATIC_GATE=PASS
