#-----------------------------------------------------------
# Vivado v2025.2 (64-bit)
# SW Build 6299465 on Fri Nov 14 19:35:11 GMT 2025
# IP Build 6300035 on Fri Nov 14 10:48:45 MST 2025
# SharedData Build 6298862 on Thu Nov 13 04:50:51 MST 2025
# Start of session at: Sat Aug 22 00:53:24 2026
# Process ID         : 3820
# Current directory  : C:/FPGA/V41_NVP_I2C_25KHZ_PAIRED_AB_R1/07_ARM_B_FORMAL_50KHZ/RESTORATION_ONLY
# Command line       : vivado.exe -mode batch -notrace -log C:\FPGA\V41_NVP_I2C_25KHZ_PAIRED_AB_R1\07_ARM_B_FORMAL_50KHZ\RESTORATION_ONLY\FORMAL_RESTORE_PROGRAM.log -journal C:\FPGA\V41_NVP_I2C_25KHZ_PAIRED_AB_R1\07_ARM_B_FORMAL_50KHZ\RESTORATION_ONLY\FORMAL_RESTORE_PROGRAM.jou -source C:\FPGA\V41_NVP_AXI_CLOCK_MEASURE_R1\08_FORMAL_RESTORE\formal_restore_once.tcl -tclargs C:\FPGA\FPGA_AHD_v41_V40_1_0_PHASE2_EVIDENCE\02_FRESH_BUILD\SEALED\artifacts\ahd_capture_v41_phase2_p1.bit
# Log file           : C:/FPGA/V41_NVP_I2C_25KHZ_PAIRED_AB_R1/07_ARM_B_FORMAL_50KHZ/RESTORATION_ONLY/FORMAL_RESTORE_PROGRAM.log
# Journal file       : C:\FPGA\V41_NVP_I2C_25KHZ_PAIRED_AB_R1\07_ARM_B_FORMAL_50KHZ\RESTORATION_ONLY\FORMAL_RESTORE_PROGRAM.jou
# Running On         : NBLSUDUL
# Platform           : Windows Server 2016 or Windows 10
# Operating System   : 19045
# Processor Detail   : Intel(R) Core(TM) i7-7500U CPU @ 2.70GHz
# CPU Frequency      : 2904 MHz
# CPU Physical cores : 2
# CPU Logical cores  : 4
# Host memory        : 17028 MB
# Swap memory        : 4160 MB
# Total Virtual      : 21189 MB
# Available Virtual  : 7789 MB
#-----------------------------------------------------------
WARNING: [Runs 36-547] User Strategy 'Vivado Implementation Defaults' from file 'C:\Users\£ukasz Sudu³\AppData\Roaming/Xilinx/Vivado/2025.2/strategies/Vivado Implementation Defaults.Vivado Implementation 2025.psg' discarded because strategy with same name already parsed from 'C:/AMDDesignTools/2025.2/Vivado/strategies/VDI2025.psg'
source {C:\FPGA\V41_NVP_AXI_CLOCK_MEASURE_R1\08_FORMAL_RESTORE\formal_restore_once.tcl} -notrace
open_hw_manager: Time (s): cpu = 00:00:25 ; elapsed = 00:00:29 . Memory (MB): peak = 540.570 ; gain = 225.664
INFO: [Labtools 27-2285] Connecting to hw_server url TCP:localhost:3121
INFO: [Labtools 27-2222] Launching hw_server...
INFO: [Labtools 27-2221] Launch Output:

****** Xilinx hw_server v2025.2
  **** Build date : Oct 28 2025 at 10:03:13
    ** Copyright 1986-2022 Xilinx, Inc. All Rights Reserved.


INFO: [Labtools 27-3415] Connecting to cs_server url TCP:localhost:0
INFO: [Labtools 27-3417] Launching cs_server...
INFO: [Labtools 27-2221] Launch Output:


******** Xilinx cs_server v2025.2.0
  ****** Build date   : Nov 14 2025-00:16:52
    **** Build number : 2025.2.1763075812
      ** Copyright 2017-2022 Xilinx, Inc. All Rights Reserved.
      ** Copyright 2022-2026 Advanced Micro Devices, Inc. All Rights Reserved.



connect_hw_server: Time (s): cpu = 00:00:00 ; elapsed = 00:00:38 . Memory (MB): peak = 545.547 ; gain = 4.977
INFO: [Labtoolstcl 44-466] Opening hw_target localhost:3121/xilinx_tcf/Digilent/210241768436
INFO: [Labtools 27-1434] Device xc7a35t (JTAG device index = 0) is programmed with a design that has no supported soft debug core(s) in it.
PROGRAM_START_UTC=2026-08-21T22:54:53Z
INFO: [Labtools 27-3164] End of startup status: HIGH
PROGRAM_EOS=HIGH_VENDOR_STARTUP_STATUS
INFO: [Labtools 27-1434] Device xc7a35t (JTAG device index = 0) is programmed with a design that has no supported soft debug core(s) in it.
PROGRAM_DONE=1
PROGRAM_END_UTC=2026-08-21T22:55:00Z
PROGRAM_RESULT=PASS_EOS_HIGH_DONE_1
INFO: [Labtoolstcl 44-464] Closing hw_target localhost:3121/xilinx_tcf/Digilent/210241768436
INFO: [Common 17-206] Exiting Vivado at Sat Aug 22 00:55:00 2026...
