UTC_START=2026-08-21T22:59:38.7477433Z
UTC_END=2026-08-21T22:59:39.9638001Z
EVIDENCE_KIND=ARM_B_FORMAL_RESTORE_HOST_RETURN
RESULT=PASS
EXIT_CODE=0
ARGUMENT_TOKEN_AUDIT=PASS
PLINK_PW_OPTION_USED=NO
PLINK_PWFILE_OPTION_USED=YES
USERNAME_ROLE_OCCURRENCE=YES_AUTHORIZED
PASSWORD_ROLE_ARGUMENT_OCCURRENCE=NO
REMOTE_COMMAND_SHARED_LITERAL=NO
INHERITED_ENVIRONMENT_AUDIT=PASS
PWFILE_CREATED=YES
PWFILE_DELETED=YES
STDOUT_BEGIN
REMOTE_USER=vcdeagent1
HOSTNAME=VCDE-DUT-1
BOOT_ID=b9d58c87-6574-4596-8ff9-b61052ba26dc
KERNEL=7.0.0-29-generic
UPTIME_SECONDS=84.53
STDOUT_END
STDERR_BEGIN

STDERR_END
