INPUT_PATH=C:\FPGA\V41_NVP_I2C_25KHZ_PAIRED_AB_R1\07_ARM_B_FORMAL_50KHZ\RESTORATION_ONLY\FORMAL_RESTORE_TELEMETRY_RAW.log
ROLE=ARM_B_FORMAL_50KHZ
BOOT_ID_BEFORE=b9d58c87-6574-4596-8ff9-b61052ba26dc
BOOT_ID_AFTER=b9d58c87-6574-4596-8ff9-b61052ba26dc
BOOT_ID_STABLE=PASS
BLOCK_ID=0xA40A0C07
PROTOCOL=0x0000400B
CAPABILITIES=0x00031002
DIAGNOSTIC_MAGIC=0x00000000
GIT_SHA_W0=0x00000000
GIT_SHA_W1=0x00000000
GIT_SHA_W2=0x00000000
GIT_SHA_W3=0x00000000
GIT_SHA_W4=0x00000000
BUILD_FLAGS=0x00000000
RUNTIME_GIT_SHA=0000000000000000000000000000000000000000
PROVENANCE_GATE=PASS_ACCEPTED_FORMAL_ZERO_GIT_WORDS_AND_BUILD_FLAGS
STATIC_FIELDS_MATCH=PASS
STATIC_FIELD_MISMATCHES=NONE
INIT_DONE=1
INIT_ERROR=1
INIT_BUSY=0
NVP_RESET_RELEASED_STATUS=1
NVP_VDD1X_ACTIVE=1
NVP_VDD3X_ACTIVE=1
NVP_SCL_SAMPLE=1
NVP_SDA_SAMPLE=1
NACK_COUNT=19
TIMEOUT_COUNT=0
FIRST_ERROR_VALID=1
FIRST_ERROR_TUPLE_CONSISTENT=PASS
FIRST_ERROR=CODE_0x02_STEP_0x12_META_0x05_PHYS_0x05_REG_0x58_VALUE_0x02
ORIGINAL_FF=0x00
RESTORED_FF=0x00
VCLK_T0=753891215
VCLK_T1=923616801
VCLK_DELTA=169725586
VCLK_INTERVAL_MIN_SECONDS=1.137339093
VCLK_INTERVAL_MAX_SECONDS=1.148159766
VCLK_RATE_MIN=147824014.589273
VCLK_RATE_MAX=149230416.016308
SAV_T0=0
SAV_T1=0
SAV_DELTA=0
SAV_RATE_MIN=0.000000
SAV_RATE_MAX=0.000000
FRAME_T0=0
FRAME_T1=0
FRAME_DELTA=0
FRAME_RATE_MIN=0.000000
FRAME_RATE_MAX=0.000000
RECORD_COMMIT_T0=0
RECORD_COMMIT_T1=0
RECORD_COMMIT_DELTA=0
BASIC_FUNCTIONAL_GATE=FAIL
MMIO_READS_THIS_TRANSACTION=40
AXI_LITE_WRITES_THIS_TRANSACTION=0
C2H_TRANSFERS_THIS_TRANSACTION=0
H2C_TRANSFERS_THIS_TRANSACTION=0
NVP_TELEMETRY_PARSE=PASS
