#-----------------------------------------------------------
# Vivado v2025.2 (64-bit)
# SW Build 6299465 on Fri Nov 14 19:35:11 GMT 2025
# IP Build 6300035 on Fri Nov 14 10:48:45 MST 2025
# SharedData Build 6298862 on Thu Nov 13 04:50:51 MST 2025
# Start of session at: Sat Aug 22 00:53:24 2026
# Process ID         : 3820
# Current directory  : C:/FPGA/V41_NVP_I2C_25KHZ_PAIRED_AB_R1/07_ARM_B_FORMAL_50KHZ/RESTORATION_ONLY
# Command line       : vivado.exe -mode batch -notrace -log C:\FPGA\V41_NVP_I2C_25KHZ_PAIRED_AB_R1\07_ARM_B_FORMAL_50KHZ\RESTORATION_ONLY\FORMAL_RESTORE_PROGRAM.log -journal C:\FPGA\V41_NVP_I2C_25KHZ_PAIRED_AB_R1\07_ARM_B_FORMAL_50KHZ\RESTORATION_ONLY\FORMAL_RESTORE_PROGRAM.jou -source C:\FPGA\V41_NVP_AXI_CLOCK_MEASURE_R1\08_FORMAL_RESTORE\formal_restore_once.tcl -tclargs C:\FPGA\FPGA_AHD_v41_V40_1_0_PHASE2_EVIDENCE\02_FRESH_BUILD\SEALED\artifacts\ahd_capture_v41_phase2_p1.bit
# Log file           : C:/FPGA/V41_NVP_I2C_25KHZ_PAIRED_AB_R1/07_ARM_B_FORMAL_50KHZ/RESTORATION_ONLY/FORMAL_RESTORE_PROGRAM.log
# Journal file       : C:\FPGA\V41_NVP_I2C_25KHZ_PAIRED_AB_R1\07_ARM_B_FORMAL_50KHZ\RESTORATION_ONLY\FORMAL_RESTORE_PROGRAM.jou
# Running On         : NBLSUDUL
# Platform           : Windows Server 2016 or Windows 10
# Operating System   : 19045
# Processor Detail   : Intel(R) Core(TM) i7-7500U CPU @ 2.70GHz
# CPU Frequency      : 2904 MHz
# CPU Physical cores : 2
# CPU Logical cores  : 4
# Host memory        : 17028 MB
# Swap memory        : 4160 MB
# Total Virtual      : 21189 MB
# Available Virtual  : 7789 MB
#-----------------------------------------------------------
source {C:\FPGA\V41_NVP_AXI_CLOCK_MEASURE_R1\08_FORMAL_RESTORE\formal_restore_once.tcl} -notrace
