UTC_START=2026-08-21T23:00:30.6920568Z
UTC_END=2026-08-21T23:00:34.1175367Z
EVIDENCE_KIND=ARM_B_PRE_DRIVER_READ_ONLY
RESULT=PASS
EXIT_CODE=0
ARGUMENT_TOKEN_AUDIT=PASS
PLINK_PW_OPTION_USED=NO
PLINK_PWFILE_OPTION_USED=YES
USERNAME_ROLE_OCCURRENCE=YES_AUTHORIZED
PASSWORD_ROLE_ARGUMENT_OCCURRENCE=NO
REMOTE_COMMAND_SHARED_LITERAL=NO
INHERITED_ENVIRONMENT_AUDIT=PASS
PWFILE_CREATED=YES
PWFILE_DELETED=YES
STDOUT_BEGIN
BOOT_ID=b9d58c87-6574-4596-8ff9-b61052ba26dc
ENDPOINT=0000:01:00.0 Memory controller [0580]: Xilinx Corporation 7-Series FPGA Hard PCIe block (AXI/debug) [10ee:7011]
DRIVER_LINK=NONE
XDMA_LSMOD=XDMA_NODE_COUNT=0
STDOUT_END
STDERR_BEGIN

STDERR_END
