Device Grade = commercial
Process Type = typical
Junction Temp = 26.9 (C)
Ambient Temp = 25.0 (C)
ThetaJa = 4.78
ThetaSa = 4.6 (C/W)
ThetaJb = 6.8 (C/W)
Airflow = 250 (LFM)
Heat Sink Type = medium (Medium Profile)
Board Type = medium (10"x10")
Board Temp = 25.0 (C)
Number Of Board Layers = 12to15 (12 to 15 Layers)
Vccint = 1.000 V
Vccaux = 1.800 V
Vcco33 = 3.300 V
Vcco25 = 2.500 V
Vcco18 = 1.800 V
Vcco15 = 1.500 V
Vcco135 = 1.350 V
Vcco12 = 1.200 V
Vccaux_io = 1.800 V
Vccbram = 1.000 V
MGTAVcc = 1.000 V
MGTAVtt = 1.200 V
Vccadc = 1.800 V
{{Vccint 0.950V 1.000V 1.050V}
 {Vccaux 1.710V 1.800V 1.890V}
 {Vcco33 3.000V 3.300V 3.450V}
 {Vcco25 2.380V 2.500V 2.630V}
 {Vcco18 1.710V 1.800V 1.900V}
 {Vcco15 1.430V 1.500V 1.580V}
 {Vcco135 1.300V 1.350V 1.400V}
 {Vcco12 1.140V 1.200V 1.260V}
 {Vccaux_io 1.710V 1.800V 1.890V}
 {Vccbram 0.950V 1.000V 1.050V}
 {MGTAVcc 0.950V 1.000V 1.050V}
 {MGTAVtt 1.140V 1.200V 1.260V}
 {Vccadc 1.710V 1.800V 1.890V}}
Design Power Budget = Unspecified
Supply Current Budget: Vccint = Unspecified
Supply Current Budget: Vccaux = Unspecified
Supply Current Budget: Vcco33 = Unspecified
Supply Current Budget: Vcco25 = Unspecified
Supply Current Budget: Vcco18 = Unspecified
Supply Current Budget: Vcco15 = Unspecified
Supply Current Budget: Vcco135 = Unspecified
Supply Current Budget: Vcco12 = Unspecified
Supply Current Budget: Vccaux_io = Unspecified
Supply Current Budget: Vccbram = Unspecified
Supply Current Budget: MGTAVcc = Unspecified
Supply Current Budget: MGTAVtt = Unspecified
Supply Current Budget: Vccadc = Unspecified
