Copyright 1986-2022 Xilinx, Inc. All Rights Reserved. Copyright 2022-2025 Advanced Micro Devices, Inc. All Rights Reserved.
---------------------------------------------------------------------------------------------------------------------------------------------
| Tool Version : Vivado v.2025.2 (win64) Build 6299465 Fri Nov 14 19:35:11 GMT 2025
| Date         : Fri Aug 21 19:59:29 2026
| Host         : NBLSUDUL running 64-bit major release  (build 9200)
| Command      : report_clocks -file C:/FPGA/V41_RCA_PHASE2_POWER_BREAKDOWN_NO_BUILD_R1/04_RCA/raw/PRE_CLOCKS.rpt
| Design       : ahd_capture_top_pcie
| Device       : 7a35t-csg325
| Speed File   : -2  PRODUCTION 1.23 2018-06-13
| Design State : Routed
---------------------------------------------------------------------------------------------------------------------------------------------

Clock Report


Attributes
  P: Propagated
  G: Generated
  A: Auto-derived
  R: Renamed
  V: Virtual
  I: Inverted
  S: Pin phase-shifted with Latency mode

Clock          Period(ns)  Waveform(ns)   Attributes  Sources
nvp_vclk1      6.734       {0.000 3.367}  P           {vclk1}
sys_clk        10.000      {0.000 5.000}  P           {sys_clk_p}
txoutclk_x0y0  10.000      {0.000 5.000}  P           {pcie7_g0p8c0_support_i/pcie7_g0p8c0_i/inst/inst/gt_top_i/pipe_wrapper_i/pipe_lane[0].gt_wrapper_i/gtp_channel.gtpe2_channel_i/TXOUTCLK}
clk_125mhz     8.000       {0.000 4.000}  P,G,A       {pcie7_g0p8c0_support_i/pipe_clock_i/mmcm_i/CLKOUT0}
clk_250mhz     4.000       {0.000 2.000}  P,G,A       {pcie7_g0p8c0_support_i/pipe_clock_i/mmcm_i/CLKOUT1}
mmcm_fb        10.000      {0.000 5.000}  P,G,A       {pcie7_g0p8c0_support_i/pipe_clock_i/mmcm_i/CLKFBOUT}
userclk1       16.000      {0.000 8.000}  P,G,A       {pcie7_g0p8c0_support_i/pipe_clock_i/mmcm_i/CLKOUT2}


====================================================
Generated Clocks
====================================================

Generated Clock     : clk_125mhz
Master Source       : pcie7_g0p8c0_support_i/pipe_clock_i/mmcm_i/CLKIN1
Master Clock        : txoutclk_x0y0
Edges               : {1 2 3}
Edge Shifts(ns)     : {0.000 -1.000 -2.000}
Generated Sources   : {pcie7_g0p8c0_support_i/pipe_clock_i/mmcm_i/CLKOUT0}

Generated Clock     : clk_250mhz
Master Source       : pcie7_g0p8c0_support_i/pipe_clock_i/mmcm_i/CLKIN1
Master Clock        : txoutclk_x0y0
Edges               : {1 2 3}
Edge Shifts(ns)     : {0.000 -3.000 -6.000}
Generated Sources   : {pcie7_g0p8c0_support_i/pipe_clock_i/mmcm_i/CLKOUT1}

Generated Clock     : mmcm_fb
Master Source       : pcie7_g0p8c0_support_i/pipe_clock_i/mmcm_i/CLKIN1
Master Clock        : txoutclk_x0y0
Multiply By         : 1
Generated Sources   : {pcie7_g0p8c0_support_i/pipe_clock_i/mmcm_i/CLKFBOUT}

Generated Clock     : userclk1
Master Source       : pcie7_g0p8c0_support_i/pipe_clock_i/mmcm_i/CLKIN1
Master Clock        : txoutclk_x0y0
Edges               : {1 2 3}
Edge Shifts(ns)     : {0.000 3.000 6.000}
Generated Sources   : {pcie7_g0p8c0_support_i/pipe_clock_i/mmcm_i/CLKOUT2}



====================================================
User Uncertainty
====================================================



====================================================
User Jitter
====================================================


