Copyright 1986-2022 Xilinx, Inc. All Rights Reserved. Copyright 2022-2025 Advanced Micro Devices, Inc. All Rights Reserved.
---------------------------------------------------------------------------------------------------------------------------------------------------------------------------------
| Tool Version     : Vivado v.2025.2 (win64) Build 6299465 Fri Nov 14 19:35:11 GMT 2025
| Date             : Fri Aug 21 19:59:48 2026
| Host             : NBLSUDUL running 64-bit major release  (build 9200)
| Command          : report_power -hier power -hierarchical_depth 0 -file C:/FPGA/V41_RCA_PHASE2_POWER_BREAKDOWN_NO_BUILD_R1/04_RCA/raw/REPORT_POWER_HIERARCHY_POWER.rpt
| Design           : ahd_capture_top_pcie
| Device           : xc7a35tcsg325-2
| Design State     : routed
| Grade            : commercial
| Process          : typical
| Characterization : Production
---------------------------------------------------------------------------------------------------------------------------------------------------------------------------------

Power Report

Table of Contents
-----------------
1. Summary
1.1 On-Chip Components
1.2 Power Supply Summary
1.3 Confidence Level
2. Settings
2.1 Environment
2.2 Clock Constraints
3. Detailed Reports
3.1 By Hierarchy

1. Summary
----------

+--------------------------+--------------+
| Total On-Chip Power (W)  | 0.401        |
| Design Power Budget (W)  | Unspecified* |
| Power Budget Margin (W)  | NA           |
| Dynamic (W)              | 0.323        |
| Device Static (W)        | 0.077        |
| Effective TJA (C/W)      | 4.8          |
| Max Ambient (C)          | 83.1         |
| Junction Temperature (C) | 26.9         |
| Confidence Level         | Low          |
| Setting File             | ---          |
| Simulation Activity File | ---          |
| Design Nets Matched      | NA           |
+--------------------------+--------------+
* Specify Design Power Budget using, set_operating_conditions -design_power_budget <value in Watts>


1.1 On-Chip Components
----------------------

+-------------------------+-----------+----------+-----------+-----------------+
| On-Chip                 | Power (W) | Used     | Available | Utilization (%) |
+-------------------------+-----------+----------+-----------+-----------------+
| Clocks                  |     0.018 |        9 |       --- |             --- |
| Slice Logic             |     0.004 |     8228 |       --- |             --- |
|   LUT as Logic          |     0.004 |     2850 |     20800 |           13.70 |
|   CARRY4                |    <0.001 |      259 |      8150 |            3.18 |
|   Register              |    <0.001 |     4345 |     41600 |           10.44 |
|   LUT as Shift Register |    <0.001 |       11 |      9600 |            0.11 |
|   F7/F8 Muxes           |    <0.001 |       78 |     32600 |            0.24 |
|   Others                |     0.000 |       87 |       --- |             --- |
| Signals                 |     0.008 |     7364 |       --- |             --- |
| Block RAM               |     0.012 |       10 |        50 |           20.00 |
| MMCM                    |     0.107 |        1 |         5 |           20.00 |
| I/O                     |     0.001 |       15 |       150 |           10.00 |
| GTP                     |     0.149 |        1 |       --- |             --- |
| Hard IPs                |     0.025 |        1 |       --- |             --- |
|   PCIE                  |     0.025 |        1 |         1 |          100.00 |
| Static Power            |     0.077 |          |           |                 |
| Total                   |     0.401 |          |           |                 |
+-------------------------+-----------+----------+-----------+-----------------+


1.2 Power Supply Summary
------------------------

+-----------+-------------+-----------+-------------+------------+-------------+-------------+------------+
| Source    | Voltage (V) | Total (A) | Dynamic (A) | Static (A) | Powerup (A) | Budget (A)  | Margin (A) |
+-----------+-------------+-----------+-------------+------------+-------------+-------------+------------+
| Vccint    |       1.000 |     0.089 |       0.079 |      0.010 |       NA    | Unspecified | NA         |
| Vccaux    |       1.800 |     0.072 |       0.059 |      0.013 |       NA    | Unspecified | NA         |
| Vcco33    |       3.300 |     0.001 |       0.000 |      0.001 |       NA    | Unspecified | NA         |
| Vcco25    |       2.500 |     0.000 |       0.000 |      0.000 |       NA    | Unspecified | NA         |
| Vcco18    |       1.800 |     0.000 |       0.000 |      0.000 |       NA    | Unspecified | NA         |
| Vcco15    |       1.500 |     0.000 |       0.000 |      0.000 |       NA    | Unspecified | NA         |
| Vcco135   |       1.350 |     0.000 |       0.000 |      0.000 |       NA    | Unspecified | NA         |
| Vcco12    |       1.200 |     0.000 |       0.000 |      0.000 |       NA    | Unspecified | NA         |
| Vccaux_io |       1.800 |     0.000 |       0.000 |      0.000 |       NA    | Unspecified | NA         |
| Vccbram   |       1.000 |     0.001 |       0.001 |      0.000 |       NA    | Unspecified | NA         |
| MGTAVcc   |       1.000 |     0.068 |       0.067 |      0.001 |       NA    | Unspecified | NA         |
| MGTAVtt   |       1.200 |     0.062 |       0.059 |      0.003 |       NA    | Unspecified | NA         |
| Vccadc    |       1.800 |     0.020 |       0.000 |      0.020 |       NA    | Unspecified | NA         |
+-----------+-------------+-----------+-------------+------------+-------------+-------------+------------+


1.3 Confidence Level
--------------------

+-----------------------------+------------+--------------------------------------------------------+------------------------------------------------------------------------------------------------------------+
| User Input Data             | Confidence | Details                                                | Action                                                                                                     |
+-----------------------------+------------+--------------------------------------------------------+------------------------------------------------------------------------------------------------------------+
| Design implementation state | High       | Design is routed                                       |                                                                                                            |
| Clock nodes activity        | High       | User specified more than 95% of clocks                 |                                                                                                            |
| I/O nodes activity          | Low        | More than 75% of inputs are missing user specification | Provide missing input activity with simulation results or by editing the "By Resource Type -> I/Os" view   |
| Internal nodes activity     | Medium     | User specified less than 25% of internal nodes         | Provide missing internal nodes activity with simulation results or by editing the "By Resource Type" views |
| Device models               | High       | Device models are Production                           |                                                                                                            |
|                             |            |                                                        |                                                                                                            |
| Overall confidence level    | Low        |                                                        |                                                                                                            |
+-----------------------------+------------+--------------------------------------------------------+------------------------------------------------------------------------------------------------------------+


2. Settings
-----------

2.1 Environment
---------------

+-----------------------+--------------------------+
| Ambient Temp (C)      | 25.0                     |
| ThetaJA (C/W)         | 4.8                      |
| Airflow (LFM)         | 250                      |
| Heat Sink             | medium (Medium Profile)  |
| ThetaSA (C/W)         | 4.6                      |
| Board Selection       | medium (10"x10")         |
| # of Board Layers     | 12to15 (12 to 15 Layers) |
| Board Temperature (C) | 25.0                     |
+-----------------------+--------------------------+


2.2 Clock Constraints
---------------------

+---------------+---------------------------------------------------------------------------------------------------------------------+-----------------+
| Clock         | Domain                                                                                                              | Constraint (ns) |
+---------------+---------------------------------------------------------------------------------------------------------------------+-----------------+
| clk_125mhz    | pcie7_g0p8c0_support_i/pipe_clock_i/clk_125mhz                                                                      |             8.0 |
| clk_250mhz    | pcie7_g0p8c0_support_i/pipe_clock_i/clk_250mhz                                                                      |             4.0 |
| mmcm_fb       | pcie7_g0p8c0_support_i/pipe_clock_i/mmcm_fb                                                                         |            10.0 |
| nvp_vclk1     | vclk1                                                                                                               |             6.7 |
| sys_clk       | sys_clk_p                                                                                                           |            10.0 |
| txoutclk_x0y0 | pcie7_g0p8c0_support_i/pcie7_g0p8c0_i/inst/inst/gt_top_i/pipe_wrapper_i/pipe_lane[0].gt_wrapper_i/pipe_txoutclk_out |            10.0 |
| userclk1      | pcie7_g0p8c0_support_i/pipe_clock_i/userclk1                                                                        |            16.0 |
+---------------+---------------------------------------------------------------------------------------------------------------------+-----------------+


3. Detailed Reports
-------------------

3.1 By Hierarchy
----------------

+----------------------------------------------------------------------------------+-----------+
| Name                                                                             | Power (W) |
+----------------------------------------------------------------------------------+-----------+
| ahd_capture_top_pcie                                                             |     0.323 |
|   NVP_AUTOINIT                                                                   |     0.002 |
|     u_sequence                                                                   |     0.002 |
|   NVP_PHYSICAL_FRONTEND                                                          |     0.001 |
|   app                                                                            |     0.019 |
|     PIO                                                                          |     0.019 |
|       PIO_EP_inst                                                                |     0.019 |
|         COMPLETER                                                                |     0.002 |
|         G0P8C2_CAPTURE                                                           |     0.017 |
|           BAR_TARGET                                                             |     0.004 |
|           MAILBOX                                                                |     0.004 |
|           PRODUCER                                                               |     0.007 |
|   pcie7_g0p8c0_support_i                                                         |     0.300 |
|     pcie7_g0p8c0_i                                                               |     0.193 |
|       inst                                                                       |     0.193 |
|         inst                                                                     |     0.193 |
|           gt_top_i                                                               |     0.154 |
|             pipe_wrapper_i                                                       |     0.154 |
|               pipe_lane[0].gt_wrapper_i                                          |     0.149 |
|               pipe_lane[0].gtp_pipe_drp.gtp_pipe_drp_i                           |     0.001 |
|               pipe_lane[0].pipe_quad.gt_common_enabled.gt_common_int.gt_common_i |     0.002 |
|           pcie_top_i                                                             |     0.038 |
|             axi_basic_top                                                        |     0.001 |
|             pcie_7x_i                                                            |     0.037 |
|               pcie_bram_top                                                      |     0.011 |
|                 pcie_brams_rx                                                    |     0.005 |
|                   brams[0].ram                                                   |     0.001 |
|                     use_tdp.ramb36                                               |     0.001 |
|                   brams[1].ram                                                   |     0.001 |
|                     use_tdp.ramb36                                               |     0.001 |
|                   brams[2].ram                                                   |     0.001 |
|                     use_tdp.ramb36                                               |     0.001 |
|                   brams[3].ram                                                   |     0.001 |
|                     use_tdp.ramb36                                               |     0.001 |
|                 pcie_brams_tx                                                    |     0.005 |
|                   brams[0].ram                                                   |     0.001 |
|                     use_tdp.ramb36                                               |     0.001 |
|                   brams[1].ram                                                   |     0.001 |
|                     use_tdp.ramb36                                               |     0.001 |
|                   brams[2].ram                                                   |     0.001 |
|                     use_tdp.ramb36                                               |     0.001 |
|                   brams[3].ram                                                   |     0.001 |
|                     use_tdp.ramb36                                               |     0.001 |
|     pipe_clock_i                                                                 |     0.108 |
+----------------------------------------------------------------------------------+-----------+


