Copyright 1986-2022 Xilinx, Inc. All Rights Reserved. Copyright 2022-2025 Advanced Micro Devices, Inc. All Rights Reserved.
---------------------------------------------------------------------------------------------------------------------------------------------------------------------------------------------------------------------------------------------------------------------------------------------------------------------------------------------------------------------------------------------------------------------------------------------------------------------------------------------------------------------------------------------------------------------------------------------------------------------------------------------------------------------------------------------------
| Tool Version : Vivado v.2025.2 (win64) Build 6299465 Fri Nov 14 19:35:11 GMT 2025
| Date         : Fri Sep 18 01:09:10 2026
| Host         : NBLSUDUL running 64-bit major release  (build 9200)
| Command      : report_timing -of_objects [get_timing_paths -quiet -delay_type max -sort_by slack -max_paths 1 -nworst 1 -from [filter [get_cells -quiet -hier -regexp .*G2B_ONECH_C2H/(own_epoch_hold_axi|axis_epoch)_reg.*] {IS_SEQUENTIAL == 1}] -to [get_pins -quiet -of_objects [filter [get_cells -quiet -hier -regexp .*G2B_ONECH_C2H/(slot_state_source|source_ownership_fatal|source_ownership_fatal_event|source_ownership_fatal_deferred|enable_applied_source|own_ok_hold_source)_reg.*] {IS_SEQUENTIAL == 1}] -filter {REF_PIN_NAME == D}]] -file C:/FPGA/W3A_C3_PNR1_20260917T221245Z/signoff/current-route-checks/PROMOTED_REPLACEMENTS/03_G09_OWNERSHIP_EPOCH_SETTLING_TIMING.rpt
| Design       : ahd_capture_top_xdma
| Device       : 7a35t-csg325
| Speed File   : -2  PRODUCTION 1.23 2018-06-13
| Design State : Routed
---------------------------------------------------------------------------------------------------------------------------------------------------------------------------------------------------------------------------------------------------------------------------------------------------------------------------------------------------------------------------------------------------------------------------------------------------------------------------------------------------------------------------------------------------------------------------------------------------------------------------------------------------------------------------------------------------

Timing Report

Slack (MET) :             0.704ns  (required time - arrival time)
  Source:                 G2B_ONECH_C2H/axis_epoch_reg[0]/C
                            (rising edge-triggered cell FDRE clocked by userclk1  {rise@0.000ns fall@8.000ns period=16.000ns})
  Destination:            G2B_ONECH_C2H/slot_state_source_reg[2][2]/D
                            (rising edge-triggered cell FDRE clocked by nvp_vclk1  {rise@0.000ns fall@3.367ns period=6.734ns})
  Path Group:             nvp_vclk1
  Path Type:              Setup (Max at Slow Process Corner)
  Requirement:            6.000ns  (MaxDelay Path 6.000ns)
  Data Path Delay:        5.328ns  (logic 1.765ns (33.125%)  route 3.563ns (66.875%))
  Logic Levels:           8  (CARRY4=3 LUT5=1 LUT6=4)
  Timing Exception:       MaxDelay Path 6.000ns -datapath_only

    Location             Delay type                Incr(ns)  Path(ns)    Netlist Resource(s)
  -------------------------------------------------------------------    -------------------
    SLICE_X15Y56                                      0.000     0.000 r  G2B_ONECH_C2H/axis_epoch_reg[0]/C
    SLICE_X15Y56         FDRE (Prop_fdre_C_Q)         0.379     0.379 r  G2B_ONECH_C2H/axis_epoch_reg[0]/Q
                         net (fo=6, routed)           1.007     1.386    G2B_ONECH_C2H/own_epoch_hold_axi[0]
    SLICE_X30Y60                                                      r  G2B_ONECH_C2H/slot_state_source[0][2]_i_82/I4
    SLICE_X30Y60         LUT6 (Prop_lut6_I4_O)        0.105     1.491 r  G2B_ONECH_C2H/slot_state_source[0][2]_i_82/O
                         net (fo=1, routed)           0.000     1.491    G2B_ONECH_C2H/slot_state_source[0][2]_i_82_n_0
    SLICE_X30Y60                                                      r  G2B_ONECH_C2H/slot_state_source_reg[0][2]_i_42/S[0]
    SLICE_X30Y60         CARRY4 (Prop_carry4_S[0]_CO[3])
                                                      0.423     1.914 r  G2B_ONECH_C2H/slot_state_source_reg[0][2]_i_42/CO[3]
                         net (fo=1, routed)           0.000     1.914    G2B_ONECH_C2H/slot_state_source_reg[0][2]_i_42_n_0
    SLICE_X30Y61                                                      r  G2B_ONECH_C2H/slot_state_source_reg[0][2]_i_19/CI
    SLICE_X30Y61         CARRY4 (Prop_carry4_CI_CO[3])
                                                      0.100     2.014 r  G2B_ONECH_C2H/slot_state_source_reg[0][2]_i_19/CO[3]
                         net (fo=1, routed)           0.000     2.014    G2B_ONECH_C2H/slot_state_source_reg[0][2]_i_19_n_0
    SLICE_X30Y62                                                      r  G2B_ONECH_C2H/slot_state_source_reg[0][2]_i_9/CI
    SLICE_X30Y62         CARRY4 (Prop_carry4_CI_CO[2])
                                                      0.191     2.205 r  G2B_ONECH_C2H/slot_state_source_reg[0][2]_i_9/CO[2]
                         net (fo=1, routed)           1.014     3.219    G2B_ONECH_C2H/slot_state_source_reg[0][2]_i_9_n_1
    SLICE_X14Y73                                                      r  G2B_ONECH_C2H/slot_state_source[0][2]_i_5/I1
    SLICE_X14Y73         LUT5 (Prop_lut5_I1_O)        0.252     3.471 r  G2B_ONECH_C2H/slot_state_source[0][2]_i_5/O
                         net (fo=8, routed)           0.673     4.145    G2B_ONECH_C2H/source_ownership_fatal1314_out
    SLICE_X12Y75                                                      r  G2B_ONECH_C2H/slot_state_source[2][2]_i_9/I4
    SLICE_X12Y75         LUT6 (Prop_lut6_I4_O)        0.105     4.250 r  G2B_ONECH_C2H/slot_state_source[2][2]_i_9/O
                         net (fo=1, routed)           0.533     4.783    G2B_ONECH_C2H/slot_state_source[2][2]_i_9_n_0
    SLICE_X11Y75                                                      r  G2B_ONECH_C2H/slot_state_source[2][2]_i_4/I3
    SLICE_X11Y75         LUT6 (Prop_lut6_I3_O)        0.105     4.888 r  G2B_ONECH_C2H/slot_state_source[2][2]_i_4/O
                         net (fo=3, routed)           0.336     5.223    G2B_ONECH_C2H/slot_state_source[2][2]_i_4_n_0
    SLICE_X11Y75                                                      r  G2B_ONECH_C2H/slot_state_source[2][2]_i_1/I4
    SLICE_X11Y75         LUT6 (Prop_lut6_I4_O)        0.105     5.328 r  G2B_ONECH_C2H/slot_state_source[2][2]_i_1/O
                         net (fo=1, routed)           0.000     5.328    G2B_ONECH_C2H/slot_state_source[2][2]_i_1_n_0
    SLICE_X11Y75         FDRE                                         r  G2B_ONECH_C2H/slot_state_source_reg[2][2]/D
  -------------------------------------------------------------------    -------------------

                         max delay                    6.000     6.000    
    SLICE_X11Y75         FDRE (Setup_fdre_C_D)        0.032     6.032    G2B_ONECH_C2H/slot_state_source_reg[2][2]
  -------------------------------------------------------------------
                         required time                          6.032    
                         arrival time                          -5.328    
  -------------------------------------------------------------------
                         slack                                  0.704    




