Copyright 1986-2022 Xilinx, Inc. All Rights Reserved. Copyright 2022-2025 Advanced Micro Devices, Inc. All Rights Reserved.
----------------------------------------------------------------------------------------------------------------------------------------------------------------------------------------------------------------------------------------------------------------------------------------------------------------------------------------------------------------------------------------------------------------------------------------------------------------------------------------------------------------------
| Tool Version : Vivado v.2025.2 (win64) Build 6299465 Fri Nov 14 19:35:11 GMT 2025
| Date         : Fri Sep 18 01:09:14 2026
| Host         : NBLSUDUL running 64-bit major release  (build 9200)
| Command      : report_timing -of_objects [get_timing_paths -quiet -delay_type max -sort_by slack -max_paths 1 -nworst 1 -from [filter [get_cells -quiet -hier -regexp .*G2B_ONECH_C2H/reset_abandoned_hold_source_reg.*] {IS_SEQUENTIAL == 1}] -to [filter [get_cells -quiet -hier -regexp .*G2B_ONECH_C2H/records_abandoned_axi_reg.*] {IS_SEQUENTIAL == 1}]] -file C:/FPGA/W3A_C3_PNR1_20260917T221245Z/signoff/current-route-checks/PROMOTED_REPLACEMENTS/04_G13_RESET_ABANDONED_COUNT_STABLE_PAYLOAD_TIMING.rpt
| Design       : ahd_capture_top_xdma
| Device       : 7a35t-csg325
| Speed File   : -2  PRODUCTION 1.23 2018-06-13
| Design State : Routed
----------------------------------------------------------------------------------------------------------------------------------------------------------------------------------------------------------------------------------------------------------------------------------------------------------------------------------------------------------------------------------------------------------------------------------------------------------------------------------------------------------------------

Timing Report

Slack (MET) :             3.102ns  (required time - arrival time)
  Source:                 G2B_ONECH_C2H/reset_abandoned_hold_source_reg[1]/C
                            (rising edge-triggered cell FDRE clocked by nvp_vclk1  {rise@0.000ns fall@3.367ns period=6.734ns})
  Destination:            G2B_ONECH_C2H/records_abandoned_axi_reg[29]/D
                            (rising edge-triggered cell FDRE clocked by userclk1  {rise@0.000ns fall@8.000ns period=16.000ns})
  Path Group:             userclk1
  Path Type:              Setup (Max at Slow Process Corner)
  Requirement:            6.000ns  (MaxDelay Path 6.000ns)
  Data Path Delay:        2.957ns  (logic 1.794ns (60.663%)  route 1.163ns (39.337%))
  Logic Levels:           9  (CARRY4=8 LUT2=1)
  Timing Exception:       MaxDelay Path 6.000ns -datapath_only

    Location             Delay type                Incr(ns)  Path(ns)    Netlist Resource(s)
  -------------------------------------------------------------------    -------------------
    SLICE_X29Y74                                      0.000     0.000 r  G2B_ONECH_C2H/reset_abandoned_hold_source_reg[1]/C
    SLICE_X29Y74         FDRE (Prop_fdre_C_Q)         0.379     0.379 r  G2B_ONECH_C2H/reset_abandoned_hold_source_reg[1]/Q
                         net (fo=2, routed)           1.163     1.542    G2B_ONECH_C2H/reset_abandoned_hold_source[1]
    SLICE_X45Y65                                                      r  G2B_ONECH_C2H/records_abandoned_axi[0]_i_4/I0
    SLICE_X45Y65         LUT2 (Prop_lut2_I0_O)        0.105     1.647 r  G2B_ONECH_C2H/records_abandoned_axi[0]_i_4/O
                         net (fo=1, routed)           0.000     1.647    G2B_ONECH_C2H/records_abandoned_axi[0]_i_4_n_0
    SLICE_X45Y65                                                      r  G2B_ONECH_C2H/records_abandoned_axi_reg[0]_i_2/S[1]
    SLICE_X45Y65         CARRY4 (Prop_carry4_S[1]_CO[3])
                                                      0.457     2.104 r  G2B_ONECH_C2H/records_abandoned_axi_reg[0]_i_2/CO[3]
                         net (fo=1, routed)           0.000     2.104    G2B_ONECH_C2H/records_abandoned_axi_reg[0]_i_2_n_0
    SLICE_X45Y66                                                      r  G2B_ONECH_C2H/records_abandoned_axi_reg[4]_i_1/CI
    SLICE_X45Y66         CARRY4 (Prop_carry4_CI_CO[3])
                                                      0.098     2.202 r  G2B_ONECH_C2H/records_abandoned_axi_reg[4]_i_1/CO[3]
                         net (fo=1, routed)           0.000     2.202    G2B_ONECH_C2H/records_abandoned_axi_reg[4]_i_1_n_0
    SLICE_X45Y67                                                      r  G2B_ONECH_C2H/records_abandoned_axi_reg[8]_i_1/CI
    SLICE_X45Y67         CARRY4 (Prop_carry4_CI_CO[3])
                                                      0.098     2.300 r  G2B_ONECH_C2H/records_abandoned_axi_reg[8]_i_1/CO[3]
                         net (fo=1, routed)           0.000     2.300    G2B_ONECH_C2H/records_abandoned_axi_reg[8]_i_1_n_0
    SLICE_X45Y68                                                      r  G2B_ONECH_C2H/records_abandoned_axi_reg[12]_i_1/CI
    SLICE_X45Y68         CARRY4 (Prop_carry4_CI_CO[3])
                                                      0.098     2.398 r  G2B_ONECH_C2H/records_abandoned_axi_reg[12]_i_1/CO[3]
                         net (fo=1, routed)           0.000     2.398    G2B_ONECH_C2H/records_abandoned_axi_reg[12]_i_1_n_0
    SLICE_X45Y69                                                      r  G2B_ONECH_C2H/records_abandoned_axi_reg[16]_i_1/CI
    SLICE_X45Y69         CARRY4 (Prop_carry4_CI_CO[3])
                                                      0.098     2.496 r  G2B_ONECH_C2H/records_abandoned_axi_reg[16]_i_1/CO[3]
                         net (fo=1, routed)           0.000     2.496    G2B_ONECH_C2H/records_abandoned_axi_reg[16]_i_1_n_0
    SLICE_X45Y70                                                      r  G2B_ONECH_C2H/records_abandoned_axi_reg[20]_i_1/CI
    SLICE_X45Y70         CARRY4 (Prop_carry4_CI_CO[3])
                                                      0.098     2.594 r  G2B_ONECH_C2H/records_abandoned_axi_reg[20]_i_1/CO[3]
                         net (fo=1, routed)           0.000     2.594    G2B_ONECH_C2H/records_abandoned_axi_reg[20]_i_1_n_0
    SLICE_X45Y71                                                      r  G2B_ONECH_C2H/records_abandoned_axi_reg[24]_i_1/CI
    SLICE_X45Y71         CARRY4 (Prop_carry4_CI_CO[3])
                                                      0.098     2.692 r  G2B_ONECH_C2H/records_abandoned_axi_reg[24]_i_1/CO[3]
                         net (fo=1, routed)           0.000     2.692    G2B_ONECH_C2H/records_abandoned_axi_reg[24]_i_1_n_0
    SLICE_X45Y72                                                      r  G2B_ONECH_C2H/records_abandoned_axi_reg[28]_i_1/CI
    SLICE_X45Y72         CARRY4 (Prop_carry4_CI_O[1])
                                                      0.265     2.957 r  G2B_ONECH_C2H/records_abandoned_axi_reg[28]_i_1/O[1]
                         net (fo=1, routed)           0.000     2.957    G2B_ONECH_C2H/records_abandoned_axi_reg[28]_i_1_n_6
    SLICE_X45Y72         FDRE                                         r  G2B_ONECH_C2H/records_abandoned_axi_reg[29]/D
  -------------------------------------------------------------------    -------------------

                         max delay                    6.000     6.000    
    SLICE_X45Y72         FDRE (Setup_fdre_C_D)        0.059     6.059    G2B_ONECH_C2H/records_abandoned_axi_reg[29]
  -------------------------------------------------------------------
                         required time                          6.059    
                         arrival time                          -2.957    
  -------------------------------------------------------------------
                         slack                                  3.102    




