Copyright 1986-2022 Xilinx, Inc. All Rights Reserved. Copyright 2022-2025 Advanced Micro Devices, Inc. All Rights Reserved.
--------------------------------------------------------------------------------------------------------------------------------------------------------------------------------------------------------------------------------------------------------------------------------------------------------------------------------------------------------------------------------------------------------------------------------------------------------------------------------------------------------------------------------------------------------------------------------------------------------------------------------------------------------------------------------------------------------------------------------------------------------------------------------------------------------------------------------------------------------
| Tool Version : Vivado v.2025.2 (win64) Build 6299465 Fri Nov 14 19:35:11 GMT 2025
| Date         : Fri Sep 18 01:09:19 2026
| Host         : NBLSUDUL running 64-bit major release  (build 9200)
| Command      : report_timing -of_objects [get_timing_paths -quiet -delay_type max -sort_by slack -max_paths 1 -nworst 1 -from [filter [get_cells -quiet -hier -regexp .*G2B_ONECH_C2H/reset_commit_phase_hold_source_reg.*] {IS_SEQUENTIAL == 1}] -to [filter [get_cells -quiet -hier -regexp .*G2B_ONECH_C2H/(records_abandoned_axi|commit_seen_axi|stream_reset_busy_axi|stream_reset_is_hard_axi|transport_followup_hard_axi|reset_epoch_axi|global_stream_next_axi|last_global_axi|last_channel_axi|last_global_valid_axi|last_channel_valid_axi|reset_events_axi|axis_state|snapshot_busy_axi|snapshot_valid_axi|fatal_clear_qualified_axi|axi_hard_episode)_reg.*] {IS_SEQUENTIAL == 1}]] -file C:/FPGA/W3A_C3_PNR1_20260917T221245Z/signoff/current-route-checks/PROMOTED_REPLACEMENTS/05_G13_RESET_COMMIT_PHASE_COMPLETION_BARRIER_TIMING.rpt
| Design       : ahd_capture_top_xdma
| Device       : 7a35t-csg325
| Speed File   : -2  PRODUCTION 1.23 2018-06-13
| Design State : Routed
--------------------------------------------------------------------------------------------------------------------------------------------------------------------------------------------------------------------------------------------------------------------------------------------------------------------------------------------------------------------------------------------------------------------------------------------------------------------------------------------------------------------------------------------------------------------------------------------------------------------------------------------------------------------------------------------------------------------------------------------------------------------------------------------------------------------------------------------------------

Timing Report

Slack (MET) :             2.023ns  (required time - arrival time)
  Source:                 G2B_ONECH_C2H/reset_commit_phase_hold_source_reg[1]/C
                            (rising edge-triggered cell FDRE clocked by nvp_vclk1  {rise@0.000ns fall@3.367ns period=6.734ns})
  Destination:            G2B_ONECH_C2H/reset_events_axi_reg[25]/R
                            (rising edge-triggered cell FDRE clocked by userclk1  {rise@0.000ns fall@8.000ns period=16.000ns})
  Path Group:             userclk1
  Path Type:              Setup (Max at Slow Process Corner)
  Requirement:            6.000ns  (MaxDelay Path 6.000ns)
  Data Path Delay:        3.385ns  (logic 0.801ns (23.662%)  route 2.584ns (76.339%))
  Logic Levels:           4  (LUT2=1 LUT3=1 LUT5=1 LUT6=1)
  Timing Exception:       MaxDelay Path 6.000ns -datapath_only

    Location             Delay type                Incr(ns)  Path(ns)    Netlist Resource(s)
  -------------------------------------------------------------------    -------------------
    SLICE_X37Y77                                      0.000     0.000 r  G2B_ONECH_C2H/reset_commit_phase_hold_source_reg[1]/C
    SLICE_X37Y77         FDRE (Prop_fdre_C_Q)         0.379     0.379 r  G2B_ONECH_C2H/reset_commit_phase_hold_source_reg[1]/Q
                         net (fo=2, routed)           0.519     0.898    G2B_ONECH_C2H/reset_commit_phase_hold_source[1]
    SLICE_X37Y77                                                      r  G2B_ONECH_C2H/last_channel_axi[31]_i_5/I3
    SLICE_X37Y77         LUT6 (Prop_lut6_I3_O)        0.105     1.003 f  G2B_ONECH_C2H/last_channel_axi[31]_i_5/O
                         net (fo=1, routed)           0.336     1.339    G2B_ONECH_C2H/last_channel_axi[31]_i_5_n_0
    SLICE_X36Y77                                                      f  G2B_ONECH_C2H/last_channel_axi[31]_i_4/I3
    SLICE_X36Y77         LUT5 (Prop_lut5_I3_O)        0.105     1.444 r  G2B_ONECH_C2H/last_channel_axi[31]_i_4/O
                         net (fo=69, routed)          0.296     1.740    G2B_ONECH_C2H/last_channel_axi[31]_i_4_n_0
    SLICE_X41Y77                                                      r  G2B_ONECH_C2H/reset_events_axi[31]_i_2/I0
    SLICE_X41Y77         LUT2 (Prop_lut2_I0_O)        0.105     1.845 r  G2B_ONECH_C2H/reset_events_axi[31]_i_2/O
                         net (fo=55, routed)          0.809     2.654    G2B_ONECH_C2H/transport_followup_hard_axi_reg_0
    SLICE_X47Y69                                                      r  G2B_ONECH_C2H/reset_events_axi[31]_i_1/I0
    SLICE_X47Y69         LUT3 (Prop_lut3_I0_O)        0.107     2.761 r  G2B_ONECH_C2H/reset_events_axi[31]_i_1/O
                         net (fo=31, routed)          0.624     3.385    G2B_ONECH_C2H/reset_events_axi[31]
    SLICE_X46Y70         FDRE                                         r  G2B_ONECH_C2H/reset_events_axi_reg[25]/R
  -------------------------------------------------------------------    -------------------

                         max delay                    6.000     6.000    
    SLICE_X46Y70         FDRE (Setup_fdre_C_R)       -0.592     5.408    G2B_ONECH_C2H/reset_events_axi_reg[25]
  -------------------------------------------------------------------
                         required time                          5.408    
                         arrival time                          -3.385    
  -------------------------------------------------------------------
                         slack                                  2.023    




