Copyright 1986-2022 Xilinx, Inc. All Rights Reserved. Copyright 2022-2025 Advanced Micro Devices, Inc. All Rights Reserved.
------------------------------------------------------------------------------------------------------------------------------------------------------------------------------------------------------------------------------------------------------------------------------------------------------------------------------------------------------------------------------------------------------------------------------------------------------------------------------------------------------------------------------------------------
| Tool Version : Vivado v.2025.2 (win64) Build 6299465 Fri Nov 14 19:35:11 GMT 2025
| Date         : Fri Sep 18 01:09:23 2026
| Host         : NBLSUDUL running 64-bit major release  (build 9200)
| Command      : report_timing -of_objects [get_timing_paths -quiet -delay_type max -sort_by slack -max_paths 1 -nworst 1 -from [filter [get_cells -quiet -hier -regexp {.*G2B_ONECH_C2H/(release_generation_axi|release_epoch_axi)_reg\[0\].*}] {IS_SEQUENTIAL == 1}] -to [filter [get_cells -quiet -hier -regexp {.*G2B_ONECH_C2H/slot_state_source_reg\[0\].*}] {IS_SEQUENTIAL == 1}]] -file C:/FPGA/W3A_C3_PNR1_20260917T221245Z/signoff/current-route-checks/PROMOTED_REPLACEMENTS/06_G14_RELEASE_SLOT0_NORMAL_STATE_TRANSITION_TIMING.rpt
| Design       : ahd_capture_top_xdma
| Device       : 7a35t-csg325
| Speed File   : -2  PRODUCTION 1.23 2018-06-13
| Design State : Routed
------------------------------------------------------------------------------------------------------------------------------------------------------------------------------------------------------------------------------------------------------------------------------------------------------------------------------------------------------------------------------------------------------------------------------------------------------------------------------------------------------------------------------------------------

Timing Report

Slack (MET) :             0.638ns  (required time - arrival time)
  Source:                 G2B_ONECH_C2H/release_generation_axi_reg[0][0]/C
                            (rising edge-triggered cell FDRE clocked by userclk1  {rise@0.000ns fall@8.000ns period=16.000ns})
  Destination:            G2B_ONECH_C2H/slot_state_source_reg[0][0]/D
                            (rising edge-triggered cell FDRE clocked by nvp_vclk1  {rise@0.000ns fall@3.367ns period=6.734ns})
  Path Group:             nvp_vclk1
  Path Type:              Setup (Max at Slow Process Corner)
  Requirement:            6.000ns  (MaxDelay Path 6.000ns)
  Data Path Delay:        5.392ns  (logic 1.601ns (29.692%)  route 3.791ns (70.308%))
  Logic Levels:           8  (CARRY4=2 LUT5=1 LUT6=5)
  Timing Exception:       MaxDelay Path 6.000ns -datapath_only

    Location             Delay type                Incr(ns)  Path(ns)    Netlist Resource(s)
  -------------------------------------------------------------------    -------------------
    SLICE_X2Y69                                       0.000     0.000 r  G2B_ONECH_C2H/release_generation_axi_reg[0][0]/C
    SLICE_X2Y69          FDRE (Prop_fdre_C_Q)         0.433     0.433 r  G2B_ONECH_C2H/release_generation_axi_reg[0][0]/Q
                         net (fo=1, routed)           0.779     1.212    G2B_ONECH_C2H/release_generation_axi_reg[0]_7[0]
    SLICE_X3Y69                                                       r  G2B_ONECH_C2H/reset_abandoned_hold_source[0]_i_33/I0
    SLICE_X3Y69          LUT6 (Prop_lut6_I0_O)        0.105     1.317 r  G2B_ONECH_C2H/reset_abandoned_hold_source[0]_i_33/O
                         net (fo=1, routed)           0.000     1.317    G2B_ONECH_C2H/reset_abandoned_hold_source[0]_i_33_n_0
    SLICE_X3Y69                                                       r  G2B_ONECH_C2H/reset_abandoned_hold_source_reg[0]_i_15/S[0]
    SLICE_X3Y69          CARRY4 (Prop_carry4_S[0]_CO[3])
                                                      0.440     1.757 r  G2B_ONECH_C2H/reset_abandoned_hold_source_reg[0]_i_15/CO[3]
                         net (fo=1, routed)           0.000     1.757    G2B_ONECH_C2H/reset_abandoned_hold_source_reg[0]_i_15_n_0
    SLICE_X3Y70                                                       r  G2B_ONECH_C2H/reset_abandoned_hold_source_reg[0]_i_6/CI
    SLICE_X3Y70          CARRY4 (Prop_carry4_CI_CO[3])
                                                      0.098     1.855 f  G2B_ONECH_C2H/reset_abandoned_hold_source_reg[0]_i_6/CO[3]
                         net (fo=2, routed)           1.227     3.082    G2B_ONECH_C2H/source_ownership_fatal42_out
    SLICE_X29Y69                                                      f  G2B_ONECH_C2H/slot_state_source[0][2]_i_7/I3
    SLICE_X29Y69         LUT6 (Prop_lut6_I3_O)        0.105     3.187 f  G2B_ONECH_C2H/slot_state_source[0][2]_i_7/O
                         net (fo=2, routed)           0.366     3.553    G2B_ONECH_C2H/slot_state_source[0][2]_i_7_n_0
    SLICE_X29Y73                                                      f  G2B_ONECH_C2H/slot_state_source[0][2]_i_2/I4
    SLICE_X29Y73         LUT5 (Prop_lut5_I4_O)        0.105     3.658 f  G2B_ONECH_C2H/slot_state_source[0][2]_i_2/O
                         net (fo=2, routed)           0.555     4.213    G2B_ONECH_C2H/slot_state_source[0][2]_i_2_n_0
    SLICE_X15Y76                                                      f  G2B_ONECH_C2H/slot_state_source[0][2]_i_3/I0
    SLICE_X15Y76         LUT6 (Prop_lut6_I0_O)        0.105     4.318 r  G2B_ONECH_C2H/slot_state_source[0][2]_i_3/O
                         net (fo=5, routed)           0.394     4.712    G2B_ONECH_C2H/slot_state_source[0][2]_i_3_n_0
    SLICE_X12Y78                                                      r  G2B_ONECH_C2H/slot_state_source[0][0]_i_2/I4
    SLICE_X12Y78         LUT6 (Prop_lut6_I4_O)        0.105     4.817 r  G2B_ONECH_C2H/slot_state_source[0][0]_i_2/O
                         net (fo=1, routed)           0.470     5.287    G2B_ONECH_C2H/slot_state_source[0][0]_i_2_n_0
    SLICE_X13Y77                                                      r  G2B_ONECH_C2H/slot_state_source[0][0]_i_1/I0
    SLICE_X13Y77         LUT6 (Prop_lut6_I0_O)        0.105     5.392 r  G2B_ONECH_C2H/slot_state_source[0][0]_i_1/O
                         net (fo=1, routed)           0.000     5.392    G2B_ONECH_C2H/slot_state_source[0][0]_i_1_n_0
    SLICE_X13Y77         FDRE                                         r  G2B_ONECH_C2H/slot_state_source_reg[0][0]/D
  -------------------------------------------------------------------    -------------------

                         max delay                    6.000     6.000    
    SLICE_X13Y77         FDRE (Setup_fdre_C_D)        0.030     6.030    G2B_ONECH_C2H/slot_state_source_reg[0][0]
  -------------------------------------------------------------------
                         required time                          6.030    
                         arrival time                          -5.392    
  -------------------------------------------------------------------
                         slack                                  0.638    




