Copyright 1986-2022 Xilinx, Inc. All Rights Reserved. Copyright 2022-2025 Advanced Micro Devices, Inc. All Rights Reserved.
--------------------------------------------------------------------------------------------------------------------------------------------------------------------------------------------------------------------------------------------------------------------------------------------------------------------------------------------------------------------------------------------------------------------------------------------------------------------------------------------------------------------------------------------------------------------------------------------------------------------------------
| Tool Version : Vivado v.2025.2 (win64) Build 6299465 Fri Nov 14 19:35:11 GMT 2025
| Date         : Fri Sep 18 01:09:27 2026
| Host         : NBLSUDUL running 64-bit major release  (build 9200)
| Command      : report_timing -of_objects [get_timing_paths -quiet -delay_type max -sort_by slack -max_paths 1 -nworst 1 -from [filter [get_cells -quiet -hier -regexp {.*G2B_ONECH_C2H/(release_generation_axi|release_epoch_axi)_reg\[0\].*}] {IS_SEQUENTIAL == 1}] -to [filter [get_cells -quiet -hier -regexp .*G2B_ONECH_C2H/(source_ownership_fatal|source_ownership_fatal_event|source_ownership_fatal_deferred|enable_applied_source)_reg.*] {IS_SEQUENTIAL == 1}]] -file C:/FPGA/W3A_C3_PNR1_20260917T221245Z/signoff/current-route-checks/PROMOTED_REPLACEMENTS/07_G14_RELEASE_SLOT0_MISMATCH_CONTAINMENT_TIMING.rpt
| Design       : ahd_capture_top_xdma
| Device       : 7a35t-csg325
| Speed File   : -2  PRODUCTION 1.23 2018-06-13
| Design State : Routed
--------------------------------------------------------------------------------------------------------------------------------------------------------------------------------------------------------------------------------------------------------------------------------------------------------------------------------------------------------------------------------------------------------------------------------------------------------------------------------------------------------------------------------------------------------------------------------------------------------------------------------

Timing Report

Slack (MET) :             0.641ns  (required time - arrival time)
  Source:                 G2B_ONECH_C2H/release_generation_axi_reg[0][0]/C
                            (rising edge-triggered cell FDRE clocked by userclk1  {rise@0.000ns fall@8.000ns period=16.000ns})
  Destination:            G2B_ONECH_C2H/enable_applied_source_reg/D
                            (rising edge-triggered cell FDRE clocked by nvp_vclk1  {rise@0.000ns fall@3.367ns period=6.734ns})
  Path Group:             nvp_vclk1
  Path Type:              Setup (Max at Slow Process Corner)
  Requirement:            6.000ns  (MaxDelay Path 6.000ns)
  Data Path Delay:        5.431ns  (logic 1.601ns (29.481%)  route 3.830ns (70.519%))
  Logic Levels:           8  (CARRY4=2 LUT3=1 LUT6=5)
  Timing Exception:       MaxDelay Path 6.000ns -datapath_only

    Location             Delay type                Incr(ns)  Path(ns)    Netlist Resource(s)
  -------------------------------------------------------------------    -------------------
    SLICE_X2Y69                                       0.000     0.000 r  G2B_ONECH_C2H/release_generation_axi_reg[0][0]/C
    SLICE_X2Y69          FDRE (Prop_fdre_C_Q)         0.433     0.433 r  G2B_ONECH_C2H/release_generation_axi_reg[0][0]/Q
                         net (fo=1, routed)           0.779     1.212    G2B_ONECH_C2H/release_generation_axi_reg[0]_7[0]
    SLICE_X3Y69                                                       r  G2B_ONECH_C2H/reset_abandoned_hold_source[0]_i_33/I0
    SLICE_X3Y69          LUT6 (Prop_lut6_I0_O)        0.105     1.317 r  G2B_ONECH_C2H/reset_abandoned_hold_source[0]_i_33/O
                         net (fo=1, routed)           0.000     1.317    G2B_ONECH_C2H/reset_abandoned_hold_source[0]_i_33_n_0
    SLICE_X3Y69                                                       r  G2B_ONECH_C2H/reset_abandoned_hold_source_reg[0]_i_15/S[0]
    SLICE_X3Y69          CARRY4 (Prop_carry4_S[0]_CO[3])
                                                      0.440     1.757 r  G2B_ONECH_C2H/reset_abandoned_hold_source_reg[0]_i_15/CO[3]
                         net (fo=1, routed)           0.000     1.757    G2B_ONECH_C2H/reset_abandoned_hold_source_reg[0]_i_15_n_0
    SLICE_X3Y70                                                       r  G2B_ONECH_C2H/reset_abandoned_hold_source_reg[0]_i_6/CI
    SLICE_X3Y70          CARRY4 (Prop_carry4_CI_CO[3])
                                                      0.098     1.855 r  G2B_ONECH_C2H/reset_abandoned_hold_source_reg[0]_i_6/CO[3]
                         net (fo=2, routed)           1.227     3.082    G2B_ONECH_C2H/source_ownership_fatal42_out
    SLICE_X29Y69                                                      r  G2B_ONECH_C2H/slot_state_source[0][2]_i_7/I3
    SLICE_X29Y69         LUT6 (Prop_lut6_I3_O)        0.105     3.187 r  G2B_ONECH_C2H/slot_state_source[0][2]_i_7/O
                         net (fo=2, routed)           0.645     3.832    G2B_ONECH_C2H/slot_state_source[0][2]_i_7_n_0
    SLICE_X15Y76                                                      r  G2B_ONECH_C2H/enable_applied_source_i_7/I2
    SLICE_X15Y76         LUT6 (Prop_lut6_I2_O)        0.105     3.937 f  G2B_ONECH_C2H/enable_applied_source_i_7/O
                         net (fo=1, routed)           0.540     4.476    G2B_ONECH_C2H/enable_applied_source_i_7_n_0
    SLICE_X14Y76                                                      f  G2B_ONECH_C2H/enable_applied_source_i_3/I4
    SLICE_X14Y76         LUT6 (Prop_lut6_I4_O)        0.105     4.581 f  G2B_ONECH_C2H/enable_applied_source_i_3/O
                         net (fo=2, routed)           0.139     4.721    G2B_ONECH_C2H/enable_applied_source_i_3_n_0
    SLICE_X14Y76                                                      f  G2B_ONECH_C2H/source_ownership_fatal_event_i_2/I2
    SLICE_X14Y76         LUT3 (Prop_lut3_I2_O)        0.105     4.826 r  G2B_ONECH_C2H/source_ownership_fatal_event_i_2/O
                         net (fo=4, routed)           0.500     5.326    G2B_ONECH_C2H/source_ownership_fatal_event_i_2_n_0
    SLICE_X14Y76                                                      r  G2B_ONECH_C2H/enable_applied_source_i_1/I3
    SLICE_X14Y76         LUT6 (Prop_lut6_I3_O)        0.105     5.431 r  G2B_ONECH_C2H/enable_applied_source_i_1/O
                         net (fo=1, routed)           0.000     5.431    G2B_ONECH_C2H/enable_applied_source_i_1_n_0
    SLICE_X14Y76         FDRE                                         r  G2B_ONECH_C2H/enable_applied_source_reg/D
  -------------------------------------------------------------------    -------------------

                         max delay                    6.000     6.000    
    SLICE_X14Y76         FDRE (Setup_fdre_C_D)        0.072     6.072    G2B_ONECH_C2H/enable_applied_source_reg
  -------------------------------------------------------------------
                         required time                          6.072    
                         arrival time                          -5.431    
  -------------------------------------------------------------------
                         slack                                  0.641    




