Copyright 1986-2022 Xilinx, Inc. All Rights Reserved. Copyright 2022-2025 Advanced Micro Devices, Inc. All Rights Reserved.
--------------------------------------------------------------------------------------------------------------------------------------------------------------------------------------------------------------------------------------------------------------------------------------------------------------------------------------------------------------------------------------------------------------------------------------------------------------------------------------------------------------------------------------------------------------------------------------------------------------------------------
| Tool Version : Vivado v.2025.2 (win64) Build 6299465 Fri Nov 14 19:35:11 GMT 2025
| Date         : Fri Sep 18 01:09:40 2026
| Host         : NBLSUDUL running 64-bit major release  (build 9200)
| Command      : report_timing -of_objects [get_timing_paths -quiet -delay_type max -sort_by slack -max_paths 1 -nworst 1 -from [filter [get_cells -quiet -hier -regexp {.*G2B_ONECH_C2H/(release_generation_axi|release_epoch_axi)_reg\[1\].*}] {IS_SEQUENTIAL == 1}] -to [filter [get_cells -quiet -hier -regexp .*G2B_ONECH_C2H/(source_ownership_fatal|source_ownership_fatal_event|source_ownership_fatal_deferred|enable_applied_source)_reg.*] {IS_SEQUENTIAL == 1}]] -file C:/FPGA/W3A_C3_PNR1_20260917T221245Z/signoff/current-route-checks/PROMOTED_REPLACEMENTS/10_G15_RELEASE_SLOT1_MISMATCH_CONTAINMENT_TIMING.rpt
| Design       : ahd_capture_top_xdma
| Device       : 7a35t-csg325
| Speed File   : -2  PRODUCTION 1.23 2018-06-13
| Design State : Routed
--------------------------------------------------------------------------------------------------------------------------------------------------------------------------------------------------------------------------------------------------------------------------------------------------------------------------------------------------------------------------------------------------------------------------------------------------------------------------------------------------------------------------------------------------------------------------------------------------------------------------------

Timing Report

Slack (MET) :             0.672ns  (required time - arrival time)
  Source:                 G2B_ONECH_C2H/release_generation_axi_reg[1][18]/C
                            (rising edge-triggered cell FDRE clocked by userclk1  {rise@0.000ns fall@8.000ns period=16.000ns})
  Destination:            G2B_ONECH_C2H/enable_applied_source_reg/D
                            (rising edge-triggered cell FDRE clocked by nvp_vclk1  {rise@0.000ns fall@3.367ns period=6.734ns})
  Path Group:             nvp_vclk1
  Path Type:              Setup (Max at Slow Process Corner)
  Requirement:            6.000ns  (MaxDelay Path 6.000ns)
  Data Path Delay:        5.400ns  (logic 1.431ns (26.501%)  route 3.969ns (73.499%))
  Logic Levels:           7  (CARRY4=1 LUT3=1 LUT6=5)
  Timing Exception:       MaxDelay Path 6.000ns -datapath_only

    Location             Delay type                Incr(ns)  Path(ns)    Netlist Resource(s)
  -------------------------------------------------------------------    -------------------
    SLICE_X3Y75                                       0.000     0.000 r  G2B_ONECH_C2H/release_generation_axi_reg[1][18]/C
    SLICE_X3Y75          FDRE (Prop_fdre_C_Q)         0.348     0.348 r  G2B_ONECH_C2H/release_generation_axi_reg[1][18]/Q
                         net (fo=1, routed)           1.177     1.525    G2B_ONECH_C2H/release_generation_axi_reg[1]_8[18]
    SLICE_X6Y71                                                       r  G2B_ONECH_C2H/slot_state_source[1][2]_i_18/I2
    SLICE_X6Y71          LUT6 (Prop_lut6_I2_O)        0.242     1.767 r  G2B_ONECH_C2H/slot_state_source[1][2]_i_18/O
                         net (fo=1, routed)           0.000     1.767    G2B_ONECH_C2H/slot_state_source[1][2]_i_18_n_0
    SLICE_X6Y71                                                       r  G2B_ONECH_C2H/slot_state_source_reg[1][2]_i_8/S[2]
    SLICE_X6Y71          CARRY4 (Prop_carry4_S[2]_CO[3])
                                                      0.316     2.083 r  G2B_ONECH_C2H/slot_state_source_reg[1][2]_i_8/CO[3]
                         net (fo=2, routed)           1.205     3.289    G2B_ONECH_C2H/slot_state_source_reg[1][2]_i_8_n_0
    SLICE_X15Y74                                                      r  G2B_ONECH_C2H/slot_state_source[1][2]_i_3/I4
    SLICE_X15Y74         LUT6 (Prop_lut6_I4_O)        0.105     3.394 r  G2B_ONECH_C2H/slot_state_source[1][2]_i_3/O
                         net (fo=3, routed)           0.407     3.801    G2B_ONECH_C2H/slot_state_source[1][2]_i_3_n_0
    SLICE_X15Y76                                                      r  G2B_ONECH_C2H/enable_applied_source_i_7/I0
    SLICE_X15Y76         LUT6 (Prop_lut6_I0_O)        0.105     3.906 f  G2B_ONECH_C2H/enable_applied_source_i_7/O
                         net (fo=1, routed)           0.540     4.446    G2B_ONECH_C2H/enable_applied_source_i_7_n_0
    SLICE_X14Y76                                                      f  G2B_ONECH_C2H/enable_applied_source_i_3/I4
    SLICE_X14Y76         LUT6 (Prop_lut6_I4_O)        0.105     4.551 f  G2B_ONECH_C2H/enable_applied_source_i_3/O
                         net (fo=2, routed)           0.139     4.690    G2B_ONECH_C2H/enable_applied_source_i_3_n_0
    SLICE_X14Y76                                                      f  G2B_ONECH_C2H/source_ownership_fatal_event_i_2/I2
    SLICE_X14Y76         LUT3 (Prop_lut3_I2_O)        0.105     4.795 r  G2B_ONECH_C2H/source_ownership_fatal_event_i_2/O
                         net (fo=4, routed)           0.500     5.295    G2B_ONECH_C2H/source_ownership_fatal_event_i_2_n_0
    SLICE_X14Y76                                                      r  G2B_ONECH_C2H/enable_applied_source_i_1/I3
    SLICE_X14Y76         LUT6 (Prop_lut6_I3_O)        0.105     5.400 r  G2B_ONECH_C2H/enable_applied_source_i_1/O
                         net (fo=1, routed)           0.000     5.400    G2B_ONECH_C2H/enable_applied_source_i_1_n_0
    SLICE_X14Y76         FDRE                                         r  G2B_ONECH_C2H/enable_applied_source_reg/D
  -------------------------------------------------------------------    -------------------

                         max delay                    6.000     6.000    
    SLICE_X14Y76         FDRE (Setup_fdre_C_D)        0.072     6.072    G2B_ONECH_C2H/enable_applied_source_reg
  -------------------------------------------------------------------
                         required time                          6.072    
                         arrival time                          -5.400    
  -------------------------------------------------------------------
                         slack                                  0.672    




