Copyright 1986-2022 Xilinx, Inc. All Rights Reserved. Copyright 2022-2025 Advanced Micro Devices, Inc. All Rights Reserved.
----------------------------------------------------------------------------------------------------------------------------------------------------------------------------------------------------------------------------------------------------------------------------------------------------------------------------------------------------------------------------------------------------------------------------------------------------------------------------------------------------------------------------------------------------
| Tool Version : Vivado v.2025.2 (win64) Build 6299465 Fri Nov 14 19:35:11 GMT 2025
| Date         : Fri Sep 18 01:09:44 2026
| Host         : NBLSUDUL running 64-bit major release  (build 9200)
| Command      : report_timing -of_objects [get_timing_paths -quiet -delay_type max -sort_by slack -max_paths 1 -nworst 1 -from [filter [get_cells -quiet -hier -regexp {.*G2B_ONECH_C2H/(release_generation_axi|release_epoch_axi)_reg\[1\].*}] {IS_SEQUENTIAL == 1}] -to [filter [get_cells -quiet -hier -regexp .*G2B_ONECH_C2H/reset_abandoned_hold_source_reg.*] {IS_SEQUENTIAL == 1}]] -file C:/FPGA/W3A_C3_PNR1_20260917T221245Z/signoff/current-route-checks/PROMOTED_REPLACEMENTS/11_G15_RELEASE_SLOT1_RESET_OVERLAP_ACCOUNTING_TIMING.rpt
| Design       : ahd_capture_top_xdma
| Device       : 7a35t-csg325
| Speed File   : -2  PRODUCTION 1.23 2018-06-13
| Design State : Routed
----------------------------------------------------------------------------------------------------------------------------------------------------------------------------------------------------------------------------------------------------------------------------------------------------------------------------------------------------------------------------------------------------------------------------------------------------------------------------------------------------------------------------------------------------

Timing Report

Slack (MET) :             1.356ns  (required time - arrival time)
  Source:                 G2B_ONECH_C2H/release_epoch_axi_reg[1][3]/C
                            (rising edge-triggered cell FDRE clocked by userclk1  {rise@0.000ns fall@8.000ns period=16.000ns})
  Destination:            G2B_ONECH_C2H/reset_abandoned_hold_source_reg[1]/D
                            (rising edge-triggered cell FDRE clocked by nvp_vclk1  {rise@0.000ns fall@3.367ns period=6.734ns})
  Path Group:             nvp_vclk1
  Path Type:              Setup (Max at Slow Process Corner)
  Requirement:            6.000ns  (MaxDelay Path 6.000ns)
  Data Path Delay:        4.677ns  (logic 1.827ns (39.063%)  route 2.850ns (60.937%))
  Logic Levels:           7  (CARRY4=3 LUT4=1 LUT6=3)
  Timing Exception:       MaxDelay Path 6.000ns -datapath_only

    Location             Delay type                Incr(ns)  Path(ns)    Netlist Resource(s)
  -------------------------------------------------------------------    -------------------
    SLICE_X34Y58                                      0.000     0.000 r  G2B_ONECH_C2H/release_epoch_axi_reg[1][3]/C
    SLICE_X34Y58         FDRE (Prop_fdre_C_Q)         0.398     0.398 r  G2B_ONECH_C2H/release_epoch_axi_reg[1][3]/Q
                         net (fo=2, routed)           0.783     1.181    G2B_ONECH_C2H/release_epoch_axi_reg[1]_9[3]
    SLICE_X34Y59                                                      r  G2B_ONECH_C2H/slot_state_source[1][2]_i_45/I0
    SLICE_X34Y59         LUT6 (Prop_lut6_I0_O)        0.232     1.413 r  G2B_ONECH_C2H/slot_state_source[1][2]_i_45/O
                         net (fo=1, routed)           0.000     1.413    G2B_ONECH_C2H/slot_state_source[1][2]_i_45_n_0
    SLICE_X34Y59                                                      r  G2B_ONECH_C2H/slot_state_source_reg[1][2]_i_34/S[1]
    SLICE_X34Y59         CARRY4 (Prop_carry4_S[1]_CO[3])
                                                      0.444     1.857 r  G2B_ONECH_C2H/slot_state_source_reg[1][2]_i_34/CO[3]
                         net (fo=1, routed)           0.000     1.857    G2B_ONECH_C2H/slot_state_source_reg[1][2]_i_34_n_0
    SLICE_X34Y60                                                      r  G2B_ONECH_C2H/slot_state_source_reg[1][2]_i_21/CI
    SLICE_X34Y60         CARRY4 (Prop_carry4_CI_CO[3])
                                                      0.100     1.957 r  G2B_ONECH_C2H/slot_state_source_reg[1][2]_i_21/CO[3]
                         net (fo=1, routed)           0.000     1.957    G2B_ONECH_C2H/slot_state_source_reg[1][2]_i_21_n_0
    SLICE_X34Y61                                                      r  G2B_ONECH_C2H/slot_state_source_reg[1][2]_i_9/CI
    SLICE_X34Y61         CARRY4 (Prop_carry4_CI_CO[2])
                                                      0.191     2.148 f  G2B_ONECH_C2H/slot_state_source_reg[1][2]_i_9/CO[2]
                         net (fo=2, routed)           1.074     3.222    G2B_ONECH_C2H/source_ownership_fatal32_out
    SLICE_X28Y74                                                      f  G2B_ONECH_C2H/reset_abandoned_hold_source[2]_i_3/I2
    SLICE_X28Y74         LUT6 (Prop_lut6_I2_O)        0.252     3.474 r  G2B_ONECH_C2H/reset_abandoned_hold_source[2]_i_3/O
                         net (fo=4, routed)           0.662     4.135    G2B_ONECH_C2H/reset_abandoned_hold_source[2]_i_3_n_0
    SLICE_X30Y74                                                      r  G2B_ONECH_C2H/reset_abandoned_hold_source[2]_i_5_comp/I3
    SLICE_X30Y74         LUT6 (Prop_lut6_I3_O)        0.105     4.240 r  G2B_ONECH_C2H/reset_abandoned_hold_source[2]_i_5_comp/O
                         net (fo=2, routed)           0.332     4.572    G2B_ONECH_C2H/reset_abandoned_hold_source[2]_i_5_n_0
    SLICE_X29Y74                                                      r  G2B_ONECH_C2H/reset_abandoned_hold_source[1]_i_1/I3
    SLICE_X29Y74         LUT4 (Prop_lut4_I3_O)        0.105     4.677 r  G2B_ONECH_C2H/reset_abandoned_hold_source[1]_i_1/O
                         net (fo=1, routed)           0.000     4.677    G2B_ONECH_C2H/SOURCE_DOMAIN.abandoned_count[1]
    SLICE_X29Y74         FDRE                                         r  G2B_ONECH_C2H/reset_abandoned_hold_source_reg[1]/D
  -------------------------------------------------------------------    -------------------

                         max delay                    6.000     6.000    
    SLICE_X29Y74         FDRE (Setup_fdre_C_D)        0.033     6.033    G2B_ONECH_C2H/reset_abandoned_hold_source_reg[1]
  -------------------------------------------------------------------
                         required time                          6.033    
                         arrival time                          -4.677    
  -------------------------------------------------------------------
                         slack                                  1.356    




