Copyright 1986-2022 Xilinx, Inc. All Rights Reserved. Copyright 2022-2025 Advanced Micro Devices, Inc. All Rights Reserved.
------------------------------------------------------------------------------------------------------------------------------------------------------------------------------------------------------------------------------------------------------------------------------------------------------------------------------------------------------------------------------------------------------------------------------------------------------------------------------------------------------------------------------------------------
| Tool Version : Vivado v.2025.2 (win64) Build 6299465 Fri Nov 14 19:35:11 GMT 2025
| Date         : Fri Sep 18 01:09:48 2026
| Host         : NBLSUDUL running 64-bit major release  (build 9200)
| Command      : report_timing -of_objects [get_timing_paths -quiet -delay_type max -sort_by slack -max_paths 1 -nworst 1 -from [filter [get_cells -quiet -hier -regexp {.*G2B_ONECH_C2H/(release_generation_axi|release_epoch_axi)_reg\[2\].*}] {IS_SEQUENTIAL == 1}] -to [filter [get_cells -quiet -hier -regexp {.*G2B_ONECH_C2H/slot_state_source_reg\[2\].*}] {IS_SEQUENTIAL == 1}]] -file C:/FPGA/W3A_C3_PNR1_20260917T221245Z/signoff/current-route-checks/PROMOTED_REPLACEMENTS/12_G16_RELEASE_SLOT2_NORMAL_STATE_TRANSITION_TIMING.rpt
| Design       : ahd_capture_top_xdma
| Device       : 7a35t-csg325
| Speed File   : -2  PRODUCTION 1.23 2018-06-13
| Design State : Routed
------------------------------------------------------------------------------------------------------------------------------------------------------------------------------------------------------------------------------------------------------------------------------------------------------------------------------------------------------------------------------------------------------------------------------------------------------------------------------------------------------------------------------------------------

Timing Report

Slack (MET) :             0.650ns  (required time - arrival time)
  Source:                 G2B_ONECH_C2H/release_generation_axi_reg[2][16]/C
                            (rising edge-triggered cell FDRE clocked by userclk1  {rise@0.000ns fall@8.000ns period=16.000ns})
  Destination:            G2B_ONECH_C2H/slot_state_source_reg[2][1]/D
                            (rising edge-triggered cell FDRE clocked by nvp_vclk1  {rise@0.000ns fall@3.367ns period=6.734ns})
  Path Group:             nvp_vclk1
  Path Type:              Setup (Max at Slow Process Corner)
  Requirement:            6.000ns  (MaxDelay Path 6.000ns)
  Data Path Delay:        5.422ns  (logic 1.572ns (28.994%)  route 3.850ns (71.006%))
  Logic Levels:           7  (CARRY4=1 LUT3=1 LUT5=1 LUT6=4)
  Timing Exception:       MaxDelay Path 6.000ns -datapath_only

    Location             Delay type                Incr(ns)  Path(ns)    Netlist Resource(s)
  -------------------------------------------------------------------    -------------------
    SLICE_X1Y69                                       0.000     0.000 r  G2B_ONECH_C2H/release_generation_axi_reg[2][16]/C
    SLICE_X1Y69          FDRE (Prop_fdre_C_Q)         0.348     0.348 r  G2B_ONECH_C2H/release_generation_axi_reg[2][16]/Q
                         net (fo=1, routed)           0.907     1.255    G2B_ONECH_C2H/release_generation_axi_reg[2]_4[16]
    SLICE_X4Y69                                                       r  G2B_ONECH_C2H/reset_abandoned_hold_source[2]_i_35/I0
    SLICE_X4Y69          LUT6 (Prop_lut6_I0_O)        0.242     1.497 r  G2B_ONECH_C2H/reset_abandoned_hold_source[2]_i_35/O
                         net (fo=1, routed)           0.000     1.497    G2B_ONECH_C2H/reset_abandoned_hold_source[2]_i_35_n_0
    SLICE_X4Y69                                                       r  G2B_ONECH_C2H/reset_abandoned_hold_source_reg[2]_i_12/S[1]
    SLICE_X4Y69          CARRY4 (Prop_carry4_S[1]_CO[3])
                                                      0.457     1.954 f  G2B_ONECH_C2H/reset_abandoned_hold_source_reg[2]_i_12/CO[3]
                         net (fo=2, routed)           1.391     3.344    G2B_ONECH_C2H/source_ownership_fatal40_out
    SLICE_X14Y74                                                      f  G2B_ONECH_C2H/slot_state_source[2][2]_i_8/I4
    SLICE_X14Y74         LUT6 (Prop_lut6_I4_O)        0.105     3.449 f  G2B_ONECH_C2H/slot_state_source[2][2]_i_8/O
                         net (fo=3, routed)           0.277     3.726    G2B_ONECH_C2H/slot_state_source[2][2]_i_8_n_0
    SLICE_X13Y75                                                      f  G2B_ONECH_C2H/slot_state_source[2][0]_i_7/I0
    SLICE_X13Y75         LUT6 (Prop_lut6_I0_O)        0.105     3.831 r  G2B_ONECH_C2H/slot_state_source[2][0]_i_7/O
                         net (fo=8, routed)           0.458     4.289    G2B_ONECH_C2H/slot_state_source[2][0]_i_7_n_0
    SLICE_X10Y74                                                      r  G2B_ONECH_C2H/slot_state_source[2][0]_i_3/I5
    SLICE_X10Y74         LUT6 (Prop_lut6_I5_O)        0.105     4.394 r  G2B_ONECH_C2H/slot_state_source[2][0]_i_3/O
                         net (fo=2, routed)           0.558     4.952    G2B_ONECH_C2H/slot_state_source[2][0]_i_3_n_0
    SLICE_X10Y75                                                      r  G2B_ONECH_C2H/slot_state_source[2][1]_i_2/I0
    SLICE_X10Y75         LUT5 (Prop_lut5_I0_O)        0.105     5.057 r  G2B_ONECH_C2H/slot_state_source[2][1]_i_2/O
                         net (fo=1, routed)           0.259     5.317    G2B_ONECH_C2H/slot_state_source[2][1]_i_2_n_0
    SLICE_X10Y74                                                      r  G2B_ONECH_C2H/slot_state_source[2][1]_i_1/I0
    SLICE_X10Y74         LUT3 (Prop_lut3_I0_O)        0.105     5.422 r  G2B_ONECH_C2H/slot_state_source[2][1]_i_1/O
                         net (fo=1, routed)           0.000     5.422    G2B_ONECH_C2H/slot_state_source[2][1]_i_1_n_0
    SLICE_X10Y74         FDRE                                         r  G2B_ONECH_C2H/slot_state_source_reg[2][1]/D
  -------------------------------------------------------------------    -------------------

                         max delay                    6.000     6.000    
    SLICE_X10Y74         FDRE (Setup_fdre_C_D)        0.072     6.072    G2B_ONECH_C2H/slot_state_source_reg[2][1]
  -------------------------------------------------------------------
                         required time                          6.072    
                         arrival time                          -5.422    
  -------------------------------------------------------------------
                         slack                                  0.650    




