Copyright 1986-2022 Xilinx, Inc. All Rights Reserved. Copyright 2022-2025 Advanced Micro Devices, Inc. All Rights Reserved.
--------------------------------------------------------------------------------------------------------------------------------------------------------------------------------------------------------------------------------------------------------------------------------------------------------------------------------------------------------------------------------------------------------------------------------------------------------------------------------------------------------------------------------------------------------------------------------------------------------------------------------
| Tool Version : Vivado v.2025.2 (win64) Build 6299465 Fri Nov 14 19:35:11 GMT 2025
| Date         : Fri Sep 18 01:09:53 2026
| Host         : NBLSUDUL running 64-bit major release  (build 9200)
| Command      : report_timing -of_objects [get_timing_paths -quiet -delay_type max -sort_by slack -max_paths 1 -nworst 1 -from [filter [get_cells -quiet -hier -regexp {.*G2B_ONECH_C2H/(release_generation_axi|release_epoch_axi)_reg\[2\].*}] {IS_SEQUENTIAL == 1}] -to [filter [get_cells -quiet -hier -regexp .*G2B_ONECH_C2H/(source_ownership_fatal|source_ownership_fatal_event|source_ownership_fatal_deferred|enable_applied_source)_reg.*] {IS_SEQUENTIAL == 1}]] -file C:/FPGA/W3A_C3_PNR1_20260917T221245Z/signoff/current-route-checks/PROMOTED_REPLACEMENTS/13_G16_RELEASE_SLOT2_MISMATCH_CONTAINMENT_TIMING.rpt
| Design       : ahd_capture_top_xdma
| Device       : 7a35t-csg325
| Speed File   : -2  PRODUCTION 1.23 2018-06-13
| Design State : Routed
--------------------------------------------------------------------------------------------------------------------------------------------------------------------------------------------------------------------------------------------------------------------------------------------------------------------------------------------------------------------------------------------------------------------------------------------------------------------------------------------------------------------------------------------------------------------------------------------------------------------------------

Timing Report

Slack (MET) :             1.150ns  (required time - arrival time)
  Source:                 G2B_ONECH_C2H/release_generation_axi_reg[2][16]/C
                            (rising edge-triggered cell FDRE clocked by userclk1  {rise@0.000ns fall@8.000ns period=16.000ns})
  Destination:            G2B_ONECH_C2H/enable_applied_source_reg/D
                            (rising edge-triggered cell FDRE clocked by nvp_vclk1  {rise@0.000ns fall@3.367ns period=6.734ns})
  Path Group:             nvp_vclk1
  Path Type:              Setup (Max at Slow Process Corner)
  Requirement:            6.000ns  (MaxDelay Path 6.000ns)
  Data Path Delay:        4.922ns  (logic 1.467ns (29.804%)  route 3.455ns (70.196%))
  Logic Levels:           6  (CARRY4=1 LUT3=1 LUT6=4)
  Timing Exception:       MaxDelay Path 6.000ns -datapath_only

    Location             Delay type                Incr(ns)  Path(ns)    Netlist Resource(s)
  -------------------------------------------------------------------    -------------------
    SLICE_X1Y69                                       0.000     0.000 r  G2B_ONECH_C2H/release_generation_axi_reg[2][16]/C
    SLICE_X1Y69          FDRE (Prop_fdre_C_Q)         0.348     0.348 r  G2B_ONECH_C2H/release_generation_axi_reg[2][16]/Q
                         net (fo=1, routed)           0.907     1.255    G2B_ONECH_C2H/release_generation_axi_reg[2]_4[16]
    SLICE_X4Y69                                                       r  G2B_ONECH_C2H/reset_abandoned_hold_source[2]_i_35/I0
    SLICE_X4Y69          LUT6 (Prop_lut6_I0_O)        0.242     1.497 r  G2B_ONECH_C2H/reset_abandoned_hold_source[2]_i_35/O
                         net (fo=1, routed)           0.000     1.497    G2B_ONECH_C2H/reset_abandoned_hold_source[2]_i_35_n_0
    SLICE_X4Y69                                                       r  G2B_ONECH_C2H/reset_abandoned_hold_source_reg[2]_i_12/S[1]
    SLICE_X4Y69          CARRY4 (Prop_carry4_S[1]_CO[3])
                                                      0.457     1.954 r  G2B_ONECH_C2H/reset_abandoned_hold_source_reg[2]_i_12/CO[3]
                         net (fo=2, routed)           1.391     3.344    G2B_ONECH_C2H/source_ownership_fatal40_out
    SLICE_X14Y74                                                      r  G2B_ONECH_C2H/slot_state_source[2][2]_i_8/I4
    SLICE_X14Y74         LUT6 (Prop_lut6_I4_O)        0.105     3.449 r  G2B_ONECH_C2H/slot_state_source[2][2]_i_8/O
                         net (fo=3, routed)           0.519     3.968    G2B_ONECH_C2H/slot_state_source[2][2]_i_8_n_0
    SLICE_X14Y76                                                      r  G2B_ONECH_C2H/enable_applied_source_i_3/I3
    SLICE_X14Y76         LUT6 (Prop_lut6_I3_O)        0.105     4.073 f  G2B_ONECH_C2H/enable_applied_source_i_3/O
                         net (fo=2, routed)           0.139     4.212    G2B_ONECH_C2H/enable_applied_source_i_3_n_0
    SLICE_X14Y76                                                      f  G2B_ONECH_C2H/source_ownership_fatal_event_i_2/I2
    SLICE_X14Y76         LUT3 (Prop_lut3_I2_O)        0.105     4.317 r  G2B_ONECH_C2H/source_ownership_fatal_event_i_2/O
                         net (fo=4, routed)           0.500     4.817    G2B_ONECH_C2H/source_ownership_fatal_event_i_2_n_0
    SLICE_X14Y76                                                      r  G2B_ONECH_C2H/enable_applied_source_i_1/I3
    SLICE_X14Y76         LUT6 (Prop_lut6_I3_O)        0.105     4.922 r  G2B_ONECH_C2H/enable_applied_source_i_1/O
                         net (fo=1, routed)           0.000     4.922    G2B_ONECH_C2H/enable_applied_source_i_1_n_0
    SLICE_X14Y76         FDRE                                         r  G2B_ONECH_C2H/enable_applied_source_reg/D
  -------------------------------------------------------------------    -------------------

                         max delay                    6.000     6.000    
    SLICE_X14Y76         FDRE (Setup_fdre_C_D)        0.072     6.072    G2B_ONECH_C2H/enable_applied_source_reg
  -------------------------------------------------------------------
                         required time                          6.072    
                         arrival time                          -4.922    
  -------------------------------------------------------------------
                         slack                                  1.150    




