Copyright 1986-2022 Xilinx, Inc. All Rights Reserved. Copyright 2022-2025 Advanced Micro Devices, Inc. All Rights Reserved.
----------------------------------------------------------------------------------------------------------------------------------------------------------------------------------------------------------------------------------------------------------------------------------------------------------------------------------------------------------------------------------------------------------------------------------------------------------------------------------------------------------------------------------------------------
| Tool Version : Vivado v.2025.2 (win64) Build 6299465 Fri Nov 14 19:35:11 GMT 2025
| Date         : Fri Sep 18 01:09:57 2026
| Host         : NBLSUDUL running 64-bit major release  (build 9200)
| Command      : report_timing -of_objects [get_timing_paths -quiet -delay_type max -sort_by slack -max_paths 1 -nworst 1 -from [filter [get_cells -quiet -hier -regexp {.*G2B_ONECH_C2H/(release_generation_axi|release_epoch_axi)_reg\[2\].*}] {IS_SEQUENTIAL == 1}] -to [filter [get_cells -quiet -hier -regexp .*G2B_ONECH_C2H/reset_abandoned_hold_source_reg.*] {IS_SEQUENTIAL == 1}]] -file C:/FPGA/W3A_C3_PNR1_20260917T221245Z/signoff/current-route-checks/PROMOTED_REPLACEMENTS/14_G16_RELEASE_SLOT2_RESET_OVERLAP_ACCOUNTING_TIMING.rpt
| Design       : ahd_capture_top_xdma
| Device       : 7a35t-csg325
| Speed File   : -2  PRODUCTION 1.23 2018-06-13
| Design State : Routed
----------------------------------------------------------------------------------------------------------------------------------------------------------------------------------------------------------------------------------------------------------------------------------------------------------------------------------------------------------------------------------------------------------------------------------------------------------------------------------------------------------------------------------------------------

Timing Report

Slack (MET) :             1.399ns  (required time - arrival time)
  Source:                 G2B_ONECH_C2H/release_generation_axi_reg[2][16]/C
                            (rising edge-triggered cell FDRE clocked by userclk1  {rise@0.000ns fall@8.000ns period=16.000ns})
  Destination:            G2B_ONECH_C2H/reset_abandoned_hold_source_reg[1]/D
                            (rising edge-triggered cell FDRE clocked by nvp_vclk1  {rise@0.000ns fall@3.367ns period=6.734ns})
  Path Group:             nvp_vclk1
  Path Type:              Setup (Max at Slow Process Corner)
  Requirement:            6.000ns  (MaxDelay Path 6.000ns)
  Data Path Delay:        4.634ns  (logic 1.362ns (29.393%)  route 3.272ns (70.607%))
  Logic Levels:           5  (CARRY4=1 LUT4=1 LUT6=3)
  Timing Exception:       MaxDelay Path 6.000ns -datapath_only

    Location             Delay type                Incr(ns)  Path(ns)    Netlist Resource(s)
  -------------------------------------------------------------------    -------------------
    SLICE_X1Y69                                       0.000     0.000 r  G2B_ONECH_C2H/release_generation_axi_reg[2][16]/C
    SLICE_X1Y69          FDRE (Prop_fdre_C_Q)         0.348     0.348 r  G2B_ONECH_C2H/release_generation_axi_reg[2][16]/Q
                         net (fo=1, routed)           0.907     1.255    G2B_ONECH_C2H/release_generation_axi_reg[2]_4[16]
    SLICE_X4Y69                                                       r  G2B_ONECH_C2H/reset_abandoned_hold_source[2]_i_35/I0
    SLICE_X4Y69          LUT6 (Prop_lut6_I0_O)        0.242     1.497 r  G2B_ONECH_C2H/reset_abandoned_hold_source[2]_i_35/O
                         net (fo=1, routed)           0.000     1.497    G2B_ONECH_C2H/reset_abandoned_hold_source[2]_i_35_n_0
    SLICE_X4Y69                                                       r  G2B_ONECH_C2H/reset_abandoned_hold_source_reg[2]_i_12/S[1]
    SLICE_X4Y69          CARRY4 (Prop_carry4_S[1]_CO[3])
                                                      0.457     1.954 f  G2B_ONECH_C2H/reset_abandoned_hold_source_reg[2]_i_12/CO[3]
                         net (fo=2, routed)           1.533     3.487    G2B_ONECH_C2H/source_ownership_fatal40_out
    SLICE_X28Y74                                                      f  G2B_ONECH_C2H/reset_abandoned_hold_source[2]_i_4/I3
    SLICE_X28Y74         LUT6 (Prop_lut6_I3_O)        0.105     3.592 r  G2B_ONECH_C2H/reset_abandoned_hold_source[2]_i_4/O
                         net (fo=4, routed)           0.500     4.092    G2B_ONECH_C2H/reset_abandoned_hold_source[2]_i_4_n_0
    SLICE_X30Y74                                                      r  G2B_ONECH_C2H/reset_abandoned_hold_source[2]_i_5_comp/I2
    SLICE_X30Y74         LUT6 (Prop_lut6_I2_O)        0.105     4.197 r  G2B_ONECH_C2H/reset_abandoned_hold_source[2]_i_5_comp/O
                         net (fo=2, routed)           0.332     4.529    G2B_ONECH_C2H/reset_abandoned_hold_source[2]_i_5_n_0
    SLICE_X29Y74                                                      r  G2B_ONECH_C2H/reset_abandoned_hold_source[1]_i_1/I3
    SLICE_X29Y74         LUT4 (Prop_lut4_I3_O)        0.105     4.634 r  G2B_ONECH_C2H/reset_abandoned_hold_source[1]_i_1/O
                         net (fo=1, routed)           0.000     4.634    G2B_ONECH_C2H/SOURCE_DOMAIN.abandoned_count[1]
    SLICE_X29Y74         FDRE                                         r  G2B_ONECH_C2H/reset_abandoned_hold_source_reg[1]/D
  -------------------------------------------------------------------    -------------------

                         max delay                    6.000     6.000    
    SLICE_X29Y74         FDRE (Setup_fdre_C_D)        0.033     6.033    G2B_ONECH_C2H/reset_abandoned_hold_source_reg[1]
  -------------------------------------------------------------------
                         required time                          6.033    
                         arrival time                          -4.634    
  -------------------------------------------------------------------
                         slack                                  1.399    




