Copyright 1986-2022 Xilinx, Inc. All Rights Reserved. Copyright 2022-2025 Advanced Micro Devices, Inc. All Rights Reserved.
------------------------------------------------------------------------------------------------------------------------------------------------------------------------------------------------------------------------------------------------------------------------------------------------------------------------------------------------------------------------------------------------------------------------------------------------------------------------------------------------------------------------------------------------
| Tool Version : Vivado v.2025.2 (win64) Build 6299465 Fri Nov 14 19:35:11 GMT 2025
| Date         : Fri Sep 18 01:10:02 2026
| Host         : NBLSUDUL running 64-bit major release  (build 9200)
| Command      : report_timing -of_objects [get_timing_paths -quiet -delay_type max -sort_by slack -max_paths 1 -nworst 1 -from [filter [get_cells -quiet -hier -regexp {.*G2B_ONECH_C2H/(release_generation_axi|release_epoch_axi)_reg\[3\].*}] {IS_SEQUENTIAL == 1}] -to [filter [get_cells -quiet -hier -regexp {.*G2B_ONECH_C2H/slot_state_source_reg\[3\].*}] {IS_SEQUENTIAL == 1}]] -file C:/FPGA/W3A_C3_PNR1_20260917T221245Z/signoff/current-route-checks/PROMOTED_REPLACEMENTS/15_G17_RELEASE_SLOT3_NORMAL_STATE_TRANSITION_TIMING.rpt
| Design       : ahd_capture_top_xdma
| Device       : 7a35t-csg325
| Speed File   : -2  PRODUCTION 1.23 2018-06-13
| Design State : Routed
------------------------------------------------------------------------------------------------------------------------------------------------------------------------------------------------------------------------------------------------------------------------------------------------------------------------------------------------------------------------------------------------------------------------------------------------------------------------------------------------------------------------------------------------

Timing Report

Slack (MET) :             0.583ns  (required time - arrival time)
  Source:                 G2B_ONECH_C2H/release_epoch_axi_reg[3][4]/C
                            (rising edge-triggered cell FDRE clocked by userclk1  {rise@0.000ns fall@8.000ns period=16.000ns})
  Destination:            G2B_ONECH_C2H/slot_state_source_reg[3][0]/D
                            (rising edge-triggered cell FDRE clocked by nvp_vclk1  {rise@0.000ns fall@3.367ns period=6.734ns})
  Path Group:             nvp_vclk1
  Path Type:              Setup (Max at Slow Process Corner)
  Requirement:            6.000ns  (MaxDelay Path 6.000ns)
  Data Path Delay:        5.489ns  (logic 2.056ns (37.457%)  route 3.433ns (62.543%))
  Logic Levels:           9  (CARRY4=3 LUT5=1 LUT6=5)
  Timing Exception:       MaxDelay Path 6.000ns -datapath_only

    Location             Delay type                Incr(ns)  Path(ns)    Netlist Resource(s)
  -------------------------------------------------------------------    -------------------
    SLICE_X30Y59                                      0.000     0.000 r  G2B_ONECH_C2H/release_epoch_axi_reg[3][4]/C
    SLICE_X30Y59         FDRE (Prop_fdre_C_Q)         0.398     0.398 r  G2B_ONECH_C2H/release_epoch_axi_reg[3][4]/Q
                         net (fo=2, routed)           0.614     1.012    G2B_ONECH_C2H/release_epoch_axi_reg[3]_10[4]
    SLICE_X28Y61                                                      r  G2B_ONECH_C2H/reset_abandoned_hold_source[2]_i_75/I2
    SLICE_X28Y61         LUT6 (Prop_lut6_I2_O)        0.232     1.244 r  G2B_ONECH_C2H/reset_abandoned_hold_source[2]_i_75/O
                         net (fo=1, routed)           0.000     1.244    G2B_ONECH_C2H/reset_abandoned_hold_source[2]_i_75_n_0
    SLICE_X28Y61                                                      r  G2B_ONECH_C2H/reset_abandoned_hold_source_reg[2]_i_46/S[1]
    SLICE_X28Y61         CARRY4 (Prop_carry4_S[1]_CO[3])
                                                      0.457     1.701 r  G2B_ONECH_C2H/reset_abandoned_hold_source_reg[2]_i_46/CO[3]
                         net (fo=1, routed)           0.000     1.701    G2B_ONECH_C2H/reset_abandoned_hold_source_reg[2]_i_46_n_0
    SLICE_X28Y62                                                      r  G2B_ONECH_C2H/reset_abandoned_hold_source_reg[2]_i_19/CI
    SLICE_X28Y62         CARRY4 (Prop_carry4_CI_CO[3])
                                                      0.098     1.799 r  G2B_ONECH_C2H/reset_abandoned_hold_source_reg[2]_i_19/CO[3]
                         net (fo=1, routed)           0.000     1.799    G2B_ONECH_C2H/reset_abandoned_hold_source_reg[2]_i_19_n_0
    SLICE_X28Y63                                                      r  G2B_ONECH_C2H/reset_abandoned_hold_source_reg[2]_i_7/CI
    SLICE_X28Y63         CARRY4 (Prop_carry4_CI_CO[2])
                                                      0.190     1.989 f  G2B_ONECH_C2H/reset_abandoned_hold_source_reg[2]_i_7/CO[2]
                         net (fo=2, routed)           0.981     2.970    G2B_ONECH_C2H/reset_abandoned_hold_source_reg[2]_i_7_n_1
    SLICE_X15Y75                                                      f  G2B_ONECH_C2H/slot_state_source[3][2]_i_5/I4
    SLICE_X15Y75         LUT6 (Prop_lut6_I4_O)        0.261     3.231 f  G2B_ONECH_C2H/slot_state_source[3][2]_i_5/O
                         net (fo=3, routed)           0.347     3.578    G2B_ONECH_C2H/slot_state_source[3][2]_i_5_n_0
    SLICE_X15Y77                                                      f  G2B_ONECH_C2H/slot_state_source[3][2]_i_11/I0
    SLICE_X15Y77         LUT6 (Prop_lut6_I0_O)        0.105     3.683 r  G2B_ONECH_C2H/slot_state_source[3][2]_i_11/O
                         net (fo=6, routed)           0.529     4.212    G2B_ONECH_C2H/slot_state_source[3][2]_i_11_n_0
    SLICE_X11Y76                                                      r  G2B_ONECH_C2H/slot_state_source[3][1]_i_7/I1
    SLICE_X11Y76         LUT6 (Prop_lut6_I1_O)        0.105     4.317 r  G2B_ONECH_C2H/slot_state_source[3][1]_i_7/O
                         net (fo=2, routed)           0.483     4.800    G2B_ONECH_C2H/slot_state_source[3][1]_i_7_n_0
    SLICE_X12Y77                                                      r  G2B_ONECH_C2H/slot_state_source[3][0]_i_2/I0
    SLICE_X12Y77         LUT6 (Prop_lut6_I0_O)        0.105     4.905 r  G2B_ONECH_C2H/slot_state_source[3][0]_i_2/O
                         net (fo=1, routed)           0.478     5.384    G2B_ONECH_C2H/slot_state_source[3][0]_i_2_n_0
    SLICE_X14Y77                                                      r  G2B_ONECH_C2H/slot_state_source[3][0]_i_1/I0
    SLICE_X14Y77         LUT5 (Prop_lut5_I0_O)        0.105     5.489 r  G2B_ONECH_C2H/slot_state_source[3][0]_i_1/O
                         net (fo=1, routed)           0.000     5.489    G2B_ONECH_C2H/slot_state_source[3][0]_i_1_n_0
    SLICE_X14Y77         FDRE                                         r  G2B_ONECH_C2H/slot_state_source_reg[3][0]/D
  -------------------------------------------------------------------    -------------------

                         max delay                    6.000     6.000    
    SLICE_X14Y77         FDRE (Setup_fdre_C_D)        0.072     6.072    G2B_ONECH_C2H/slot_state_source_reg[3][0]
  -------------------------------------------------------------------
                         required time                          6.072    
                         arrival time                          -5.489    
  -------------------------------------------------------------------
                         slack                                  0.583    




