Copyright 1986-2022 Xilinx, Inc. All Rights Reserved. Copyright 2022-2025 Advanced Micro Devices, Inc. All Rights Reserved.
----------------------------------------------------------------------------------------------------------------------------------------------------------------------------------------------------------------------------------------------------------------------------------------------------------------------------------------------------------------------------------------------------------------------------------------------------------------------------------------------------------------------------------------------------
| Tool Version : Vivado v.2025.2 (win64) Build 6299465 Fri Nov 14 19:35:11 GMT 2025
| Date         : Fri Sep 18 01:10:10 2026
| Host         : NBLSUDUL running 64-bit major release  (build 9200)
| Command      : report_timing -of_objects [get_timing_paths -quiet -delay_type max -sort_by slack -max_paths 1 -nworst 1 -from [filter [get_cells -quiet -hier -regexp {.*G2B_ONECH_C2H/(release_generation_axi|release_epoch_axi)_reg\[3\].*}] {IS_SEQUENTIAL == 1}] -to [filter [get_cells -quiet -hier -regexp .*G2B_ONECH_C2H/reset_abandoned_hold_source_reg.*] {IS_SEQUENTIAL == 1}]] -file C:/FPGA/W3A_C3_PNR1_20260917T221245Z/signoff/current-route-checks/PROMOTED_REPLACEMENTS/17_G17_RELEASE_SLOT3_RESET_OVERLAP_ACCOUNTING_TIMING.rpt
| Design       : ahd_capture_top_xdma
| Device       : 7a35t-csg325
| Speed File   : -2  PRODUCTION 1.23 2018-06-13
| Design State : Routed
----------------------------------------------------------------------------------------------------------------------------------------------------------------------------------------------------------------------------------------------------------------------------------------------------------------------------------------------------------------------------------------------------------------------------------------------------------------------------------------------------------------------------------------------------

Timing Report

Slack (MET) :             1.548ns  (required time - arrival time)
  Source:                 G2B_ONECH_C2H/release_epoch_axi_reg[3][4]/C
                            (rising edge-triggered cell FDRE clocked by userclk1  {rise@0.000ns fall@8.000ns period=16.000ns})
  Destination:            G2B_ONECH_C2H/reset_abandoned_hold_source_reg[0]/D
                            (rising edge-triggered cell FDRE clocked by nvp_vclk1  {rise@0.000ns fall@3.367ns period=6.734ns})
  Path Group:             nvp_vclk1
  Path Type:              Setup (Max at Slow Process Corner)
  Requirement:            6.000ns  (MaxDelay Path 6.000ns)
  Data Path Delay:        4.484ns  (logic 1.846ns (41.171%)  route 2.638ns (58.829%))
  Logic Levels:           7  (CARRY4=3 LUT3=1 LUT6=3)
  Timing Exception:       MaxDelay Path 6.000ns -datapath_only

    Location             Delay type                Incr(ns)  Path(ns)    Netlist Resource(s)
  -------------------------------------------------------------------    -------------------
    SLICE_X30Y59                                      0.000     0.000 r  G2B_ONECH_C2H/release_epoch_axi_reg[3][4]/C
    SLICE_X30Y59         FDRE (Prop_fdre_C_Q)         0.398     0.398 r  G2B_ONECH_C2H/release_epoch_axi_reg[3][4]/Q
                         net (fo=2, routed)           0.614     1.012    G2B_ONECH_C2H/release_epoch_axi_reg[3]_10[4]
    SLICE_X28Y61                                                      r  G2B_ONECH_C2H/reset_abandoned_hold_source[2]_i_75/I2
    SLICE_X28Y61         LUT6 (Prop_lut6_I2_O)        0.232     1.244 r  G2B_ONECH_C2H/reset_abandoned_hold_source[2]_i_75/O
                         net (fo=1, routed)           0.000     1.244    G2B_ONECH_C2H/reset_abandoned_hold_source[2]_i_75_n_0
    SLICE_X28Y61                                                      r  G2B_ONECH_C2H/reset_abandoned_hold_source_reg[2]_i_46/S[1]
    SLICE_X28Y61         CARRY4 (Prop_carry4_S[1]_CO[3])
                                                      0.457     1.701 r  G2B_ONECH_C2H/reset_abandoned_hold_source_reg[2]_i_46/CO[3]
                         net (fo=1, routed)           0.000     1.701    G2B_ONECH_C2H/reset_abandoned_hold_source_reg[2]_i_46_n_0
    SLICE_X28Y62                                                      r  G2B_ONECH_C2H/reset_abandoned_hold_source_reg[2]_i_19/CI
    SLICE_X28Y62         CARRY4 (Prop_carry4_CI_CO[3])
                                                      0.098     1.799 r  G2B_ONECH_C2H/reset_abandoned_hold_source_reg[2]_i_19/CO[3]
                         net (fo=1, routed)           0.000     1.799    G2B_ONECH_C2H/reset_abandoned_hold_source_reg[2]_i_19_n_0
    SLICE_X28Y63                                                      r  G2B_ONECH_C2H/reset_abandoned_hold_source_reg[2]_i_7/CI
    SLICE_X28Y63         CARRY4 (Prop_carry4_CI_CO[2])
                                                      0.190     1.989 f  G2B_ONECH_C2H/reset_abandoned_hold_source_reg[2]_i_7/CO[2]
                         net (fo=2, routed)           1.006     2.995    G2B_ONECH_C2H/reset_abandoned_hold_source_reg[2]_i_7_n_1
    SLICE_X30Y75                                                      f  G2B_ONECH_C2H/reset_abandoned_hold_source[2]_i_2/I3
    SLICE_X30Y75         LUT6 (Prop_lut6_I3_O)        0.261     3.256 r  G2B_ONECH_C2H/reset_abandoned_hold_source[2]_i_2/O
                         net (fo=4, routed)           0.638     3.894    G2B_ONECH_C2H/reset_abandoned_hold_source[2]_i_2_n_0
    SLICE_X31Y75                                                      r  G2B_ONECH_C2H/reset_abandoned_hold_source[0]_i_3/I0
    SLICE_X31Y75         LUT3 (Prop_lut3_I0_O)        0.105     3.999 r  G2B_ONECH_C2H/reset_abandoned_hold_source[0]_i_3/O
                         net (fo=1, routed)           0.380     4.379    G2B_ONECH_C2H/reset_abandoned_hold_source[0]_i_3_n_0
    SLICE_X29Y74                                                      r  G2B_ONECH_C2H/reset_abandoned_hold_source[0]_i_1/I5
    SLICE_X29Y74         LUT6 (Prop_lut6_I5_O)        0.105     4.484 r  G2B_ONECH_C2H/reset_abandoned_hold_source[0]_i_1/O
                         net (fo=1, routed)           0.000     4.484    G2B_ONECH_C2H/SOURCE_DOMAIN.abandoned_count[0]
    SLICE_X29Y74         FDRE                                         r  G2B_ONECH_C2H/reset_abandoned_hold_source_reg[0]/D
  -------------------------------------------------------------------    -------------------

                         max delay                    6.000     6.000    
    SLICE_X29Y74         FDRE (Setup_fdre_C_D)        0.032     6.032    G2B_ONECH_C2H/reset_abandoned_hold_source_reg[0]
  -------------------------------------------------------------------
                         required time                          6.032    
                         arrival time                          -4.484    
  -------------------------------------------------------------------
                         slack                                  1.548    




