UTC_START=2026-08-23T12:16:36.4639554Z
UTC_END=2026-08-23T12:16:37.9309172Z
EVIDENCE_KIND=FORMAL_START_RAW_DIAGNOSTIC_SNAPSHOT_READ_ONLY
RESULT=PASS
EXIT_CODE=0
ARGUMENT_TOKEN_AUDIT=PASS
PLINK_PW_OPTION_USED=NO
PLINK_PWFILE_OPTION_USED=YES
USERNAME_ROLE_OCCURRENCE=YES_AUTHORIZED
PASSWORD_ROLE_ARGUMENT_OCCURRENCE=NO
REMOTE_COMMAND_SHARED_LITERAL=NO
INHERITED_ENVIRONMENT_AUDIT=PASS
PWFILE_CREATED=YES
PWFILE_DELETED=YES
STDOUT_BEGIN
{
  "identity": {
    "0x00000": 4294967295,
    "0x00004": 4294967295,
    "0x00008": 4294967295,
    "0x00010": 4294967295,
    "0x00014": 4294967295,
    "0x00018": 4294967295,
    "0x0001C": 4294967295,
    "0x00020": 4294967295,
    "0x00024": 4294967295
  },
  "legacy_nack_raw_17_words": [
    "0xFFFFFFFF",
    "0xFFFFFFFF",
    "0xFFFFFFFF",
    "0xFFFFFFFF",
    "0xFFFFFFFF",
    "0xFFFFFFFF",
    "0xFFFFFFFF",
    "0xFFFFFFFF",
    "0xFFFFFFFF",
    "0xFFFFFFFF",
    "0xFFFFFFFF",
    "0xFFFFFFFF",
    "0xFFFFFFFF",
    "0xFFFFFFFF",
    "0xFFFFFFFF",
    "0xFFFFFFFF",
    "0xFFFFFFFF"
  ],
  "ordered_nack": {
    "control_flow_replay_scope": "PARTIAL_FIRST_8_RECORDS_ONLY",
    "current_metadata_bank": 255,
    "current_physical_bank": 255,
    "first_error_code": 255,
    "first_error_data": 255,
    "first_error_metadata_bank": 255,
    "first_error_physical_bank": 255,
    "first_error_register": 255,
    "first_error_step": 255,
    "first_error_valid": 1,
    "header_consistency": "FAIL",
    "i2c_state": 255,
    "log_capacity": 255,
    "log_count": 15,
    "log_overflow": 1,
    "nack_count": 65535,
    "operation_index": 255,
    "original_ff": 255,
    "phase": 255,
    "physical_bank_valid": 1,
    "records": [
      {
        "data": 255,
        "index": 0,
        "metadata_bank": 255,
        "operation_index": 255,
        "phase_code": 255,
        "phase_name": "UNKNOWN",
        "physical_bank": 255,
        "physical_bank_valid": 1,
        "raw": "0xFFFFFFFFFFFFFFFF",
        "register": 255,
        "reserved": 16383,
        "valid": 1
      },
      {
        "data": 255,
        "index": 1,
        "metadata_bank": 255,
        "operation_index": 255,
        "phase_code": 255,
        "phase_name": "UNKNOWN",
        "physical_bank": 255,
        "physical_bank_valid": 1,
        "raw": "0xFFFFFFFFFFFFFFFF",
        "register": 255,
        "reserved": 16383,
        "valid": 1
      },
      {
        "data": 255,
        "index": 2,
        "metadata_bank": 255,
        "operation_index": 255,
        "phase_code": 255,
        "phase_name": "UNKNOWN",
        "physical_bank": 255,
        "physical_bank_valid": 1,
        "raw": "0xFFFFFFFFFFFFFFFF",
        "register": 255,
        "reserved": 16383,
        "valid": 1
      },
      {
        "data": 255,
        "index": 3,
        "metadata_bank": 255,
        "operation_index": 255,
        "phase_code": 255,
        "phase_name": "UNKNOWN",
        "physical_bank": 255,
        "physical_bank_valid": 1,
        "raw": "0xFFFFFFFFFFFFFFFF",
        "register": 255,
        "reserved": 16383,
        "valid": 1
      },
      {
        "data": 255,
        "index": 4,
        "metadata_bank": 255,
        "operation_index": 255,
        "phase_code": 255,
        "phase_name": "UNKNOWN",
        "physical_bank": 255,
        "physical_bank_valid": 1,
        "raw": "0xFFFFFFFFFFFFFFFF",
        "register": 255,
        "reserved": 16383,
        "valid": 1
      },
      {
        "data": 255,
        "index": 5,
        "metadata_bank": 255,
        "operation_index": 255,
        "phase_code": 255,
        "phase_name": "UNKNOWN",
        "physical_bank": 255,
        "physical_bank_valid": 1,
        "raw": "0xFFFFFFFFFFFFFFFF",
        "register": 255,
        "reserved": 16383,
        "valid": 1
      },
      {
        "data": 255,
        "index": 6,
        "metadata_bank": 255,
        "operation_index": 255,
        "phase_code": 255,
        "phase_name": "UNKNOWN",
        "physical_bank": 255,
        "physical_bank_valid": 1,
        "raw": "0xFFFFFFFFFFFFFFFF",
        "register": 255,
        "reserved": 16383,
        "valid": 1
      },
      {
        "data": 255,
        "index": 7,
        "metadata_bank": 255,
        "operation_index": 255,
        "phase_code": 255,
        "phase_name": "UNKNOWN",
        "physical_bank": 255,
        "physical_bank_valid": 1,
        "raw": "0xFFFFFFFFFFFFFFFF",
        "register": 255,
        "reserved": 16383,
        "valid": 1
      }
    ],
    "restored_ff": 255,
    "table_length": 65535,
    "timeout_count": 65535
  },
  "r1e_page_nonzero": {
    "0x02000": 4294967295,
    "0x02004": 4294967295,
    "0x02008": 4294967295,
    "0x0200C": 4294967295,
    "0x02010": 4294967295,
    "0x02014": 4294967295,
    "0x02018": 4294967295,
    "0x0201C": 4294967295,
    "0x02020": 4294967295,
    "0x02024": 4294967295,
    "0x02028": 4294967295,
    "0x0202C": 4294967295,
    "0x02030": 4294967295,
    "0x02034": 4294967295,
    "0x02038": 4294967295,
    "0x0203C": 4294967295,
    "0x02040": 4294967295,
    "0x02044": 4294967295,
    "0x02048": 4294967295,
    "0x0204C": 4294967295,
    "0x02050": 4294967295,
    "0x02054": 4294967295,
    "0x02058": 4294967295,
    "0x0205C": 4294967295,
    "0x02060": 4294967295,
    "0x02064": 4294967295,
    "0x02068": 4294967295,
    "0x0206C": 4294967295,
    "0x02070": 4294967295,
    "0x02074": 4294967295,
    "0x02078": 4294967295,
    "0x0207C": 4294967295,
    "0x02080": 4294967295,
    "0x02084": 4294967295,
    "0x02088": 4294967295,
    "0x0208C": 4294967295,
    "0x02090": 4294967295,
    "0x02094": 4294967295,
    "0x02098": 4294967295,
    "0x0209C": 4294967295,
    "0x020A0": 4294967295,
    "0x020A4": 4294967295,
    "0x020A8": 4294967295,
    "0x020AC": 4294967295,
    "0x020B0": 4294967295,
    "0x020B4": 4294967295,
    "0x020B8": 4294967295,
    "0x020BC": 4294967295,
    "0x020C0": 4294967295,
    "0x020C4": 4294967295,
    "0x020C8": 4294967295,
    "0x020CC": 4294967295,
    "0x020D0": 4294967295,
    "0x020D4": 4294967295,
    "0x020D8": 4294967295,
    "0x020DC": 4294967295,
    "0x020E0": 4294967295,
    "0x020E4": 4294967295,
    "0x020E8": 4294967295,
    "0x020EC": 4294967295,
    "0x020F0": 4294967295,
    "0x020F4": 4294967295,
    "0x020F8": 4294967295,
    "0x020FC": 4294967295
  }
}
READ_ONLY=YES
STDOUT_END
STDERR_BEGIN

STDERR_END
