UTC_START=2026-08-23T12:17:19.5530719Z
UTC_END=2026-08-23T12:17:20.7736759Z
EVIDENCE_KIND=FORMAL_START_ACCEPTED_READER_IDENTITY_AFTER_LOCAL_PATH_CORRECTION
RESULT=FAIL
EXIT_CODE=3
ARGUMENT_TOKEN_AUDIT=PASS
PLINK_PW_OPTION_USED=NO
PLINK_PWFILE_OPTION_USED=YES
USERNAME_ROLE_OCCURRENCE=YES_AUTHORIZED
PASSWORD_ROLE_ARGUMENT_OCCURRENCE=NO
REMOTE_COMMAND_SHARED_LITERAL=NO
INHERITED_ENVIRONMENT_AUDIT=PASS
PWFILE_CREATED=YES
PWFILE_DELETED=YES
STDOUT_BEGIN
XDMA_USER_NODE=/dev/xdma0_user
AXI_LITE_OFFSET=0x00000000
AXI_LITE_OBSERVED=0xFFFFFFFF
AXI_LITE_EXPECTED=0xA40A0C07
AXI_LITE_READ_RESULT=FAIL
STDOUT_END
STDERR_BEGIN

STDERR_END
