#-----------------------------------------------------------
# xsim v2025.2 (64-bit)
# SW Build 6299465 on Fri Nov 14 19:35:11 GMT 2025
# IP Build 6300035 on Fri Nov 14 10:48:45 MST 2025
# SharedData Build 6298862 on Thu Nov 13 04:50:51 MST 2025
# Start of session at: Mon Aug 24 23:22:19 2026
# Process ID         : 21900
# Current directory  : C:/FPGA/V41_NVP_R1H_BRAM_BACKED_LARGE_SAMPLE/05_EQUIVALENCE_AND_SIMULATION/probe_index_bram/tri_probe_abort_restore
# Command line       : xsim.exe -mode tcl -source {xsim.dir/r1h_tri_probe_abort_restore_snapshot/xsim_script.tcl}
# Log file           : C:/FPGA/V41_NVP_R1H_BRAM_BACKED_LARGE_SAMPLE/05_EQUIVALENCE_AND_SIMULATION/probe_index_bram/tri_probe_abort_restore/xsim.log
# Journal file       : C:/FPGA/V41_NVP_R1H_BRAM_BACKED_LARGE_SAMPLE/05_EQUIVALENCE_AND_SIMULATION/probe_index_bram/tri_probe_abort_restore\xsim.jou
# Running On         : NBLSUDUL
# Platform           : Windows Server 2016 or Windows 10
# Operating System   : 19045
# Processor Detail   : Intel(R) Core(TM) i7-7500U CPU @ 2.70GHz
# CPU Frequency      : 2904 MHz
# CPU Physical cores : 2
# CPU Logical cores  : 4
# Host memory        : 17028 MB
# Swap memory        : 4338 MB
# Total Virtual      : 21366 MB
# Available Virtual  : 6836 MB
#-----------------------------------------------------------
source xsim.dir/r1h_tri_probe_abort_restore_snapshot/xsim_script.tcl
# xsim {r1h_tri_probe_abort_restore_snapshot} -autoloadwcfg -tclbatch {run.tcl}
Time resolution is 1 ps
source run.tcl
## run all
TRI_PHASE_PROBE_ABORT_RESTORE_PASS cycles=10493
$finish called at time : 10503500 ns : File "C:/FPGA/WORKTREES/V41_NVP_R1H_BRAM_BACKED_LARGE_SAMPLE/tests/v41/tb_nvp_i2c_tri_phase_probe_abort_restore.sv" Line 135
## quit
INFO: [Common 17-206] Exiting xsim at Mon Aug 24 23:22:25 2026...
