#-----------------------------------------------------------
# xsim v2025.2 (64-bit)
# SW Build 6299465 on Fri Nov 14 19:35:11 GMT 2025
# IP Build 6300035 on Fri Nov 14 10:48:45 MST 2025
# SharedData Build 6298862 on Thu Nov 13 04:50:51 MST 2025
# Start of session at: Sat Aug 22 18:48:28 2026
# Process ID         : 4324
# Current directory  : C:/FPGA/V41_NVP_ADDRESS_ACK_PROBE_R1D/04_SIMULATION/work
# Command line       : xsim.exe -mode tcl -source {xsim.dir/probe_case_4/xsim_script.tcl}
# Log file           : C:/FPGA/V41_NVP_ADDRESS_ACK_PROBE_R1D/04_SIMULATION/work/xsim.log
# Journal file       : C:/FPGA/V41_NVP_ADDRESS_ACK_PROBE_R1D/04_SIMULATION/work\xsim.jou
# Running On         : NBLSUDUL
# Platform           : Windows Server 2016 or Windows 10
# Operating System   : 19045
# Processor Detail   : Intel(R) Core(TM) i7-7500U CPU @ 2.70GHz
# CPU Frequency      : 2904 MHz
# CPU Physical cores : 2
# CPU Logical cores  : 4
# Host memory        : 17028 MB
# Swap memory        : 4160 MB
# Total Virtual      : 21189 MB
# Available Virtual  : 6635 MB
#-----------------------------------------------------------
source xsim.dir/probe_case_4/xsim_script.tcl
# xsim {probe_case_4} -autoloadwcfg -runall
Time resolution is 1 ps
run -all
CASE_ID=4
TRANSACTIONS=20000 ADDRESS_BYTE=0x60 REGISTER_BYTES=0 DATA_BYTES=0 READ_ADDRESS_BYTES=0 REPEATED_STARTS=0 STOPS=20000
NVP_ADDRESS_PROBE_TEST=PASS
$finish called at time : 5440087 ns : File "C:/FPGA/WORKTREES/V41_NVP_ADDRESS_ACK_PROBE_R1D/tb/v41/tb_nvp_i2c_address_probe.sv" Line 249
run: Time (s): cpu = 00:00:02 ; elapsed = 00:00:08 . Memory (MB): peak = 197.738 ; gain = 0.008
exit
INFO: [Common 17-206] Exiting xsim at Sat Aug 22 18:48:42 2026...
