Copyright 1986-2022 Xilinx, Inc. All Rights Reserved. Copyright 2022-2025 Advanced Micro Devices, Inc. All Rights Reserved.
-----------------------------------------------------------------------------------------------------------------------------------------------------------
| Tool Version     : Vivado v.2025.2 (win64) Build 6299465 Fri Nov 14 19:35:11 GMT 2025
| Date             : Fri Aug 21 16:58:41 2026
| Host             : NBLSUDUL running 64-bit major release  (build 9200)
| Command          : report_power -advisory -file C:/FPGA/V41_NVP_ROUTED_DCP_POWER_TIMING_AUDIT_R1/07_COMPARATOR_RCA/RCA_REPORT_POWER_ADVISORY.rpt
| Design           : ahd_capture_top_pcie
| Device           : xc7a35tcsg325-2
| Design State     : routed
| Grade            : commercial
| Process          : typical
| Characterization : Production
-----------------------------------------------------------------------------------------------------------------------------------------------------------

Power Report

Table of Contents
-----------------
1. Summary
1.1 On-Chip Components
1.2 Power Supply Summary
1.3 Confidence Level
2. Settings
2.1 Environment
2.2 Clock Constraints
3. Detailed Reports
3.1 By Hierarchy
4. Advisory

1. Summary
----------

+--------------------------+--------------+
| Total On-Chip Power (W)  | 0.401        |
| Design Power Budget (W)  | Unspecified* |
| Power Budget Margin (W)  | NA           |
| Dynamic (W)              | 0.323        |
| Device Static (W)        | 0.077        |
| Effective TJA (C/W)      | 4.8          |
| Max Ambient (C)          | 83.1         |
| Junction Temperature (C) | 26.9         |
| Confidence Level         | Low          |
| Setting File             | ---          |
| Simulation Activity File | ---          |
| Design Nets Matched      | NA           |
+--------------------------+--------------+
* Specify Design Power Budget using, set_operating_conditions -design_power_budget <value in Watts>


1.1 On-Chip Components
----------------------

+-------------------------+-----------+----------+-----------+-----------------+
| On-Chip                 | Power (W) | Used     | Available | Utilization (%) |
+-------------------------+-----------+----------+-----------+-----------------+
| Clocks                  |     0.018 |        9 |       --- |             --- |
| Slice Logic             |     0.004 |     8228 |       --- |             --- |
|   LUT as Logic          |     0.004 |     2850 |     20800 |           13.70 |
|   CARRY4                |    <0.001 |      259 |      8150 |            3.18 |
|   Register              |    <0.001 |     4345 |     41600 |           10.44 |
|   LUT as Shift Register |    <0.001 |       11 |      9600 |            0.11 |
|   F7/F8 Muxes           |    <0.001 |       78 |     32600 |            0.24 |
|   Others                |     0.000 |       87 |       --- |             --- |
| Signals                 |     0.008 |     7364 |       --- |             --- |
| Block RAM               |     0.012 |       10 |        50 |           20.00 |
| MMCM                    |     0.107 |        1 |         5 |           20.00 |
| I/O                     |     0.001 |       15 |       150 |           10.00 |
| GTP                     |     0.149 |        1 |       --- |             --- |
| Hard IPs                |     0.025 |        1 |       --- |             --- |
|   PCIE                  |     0.025 |        1 |         1 |          100.00 |
| Static Power            |     0.077 |          |           |                 |
| Total                   |     0.401 |          |           |                 |
+-------------------------+-----------+----------+-----------+-----------------+


1.2 Power Supply Summary
------------------------

+-----------+-------------+-----------+-------------+------------+-------------+-------------+------------+
| Source    | Voltage (V) | Total (A) | Dynamic (A) | Static (A) | Powerup (A) | Budget (A)  | Margin (A) |
+-----------+-------------+-----------+-------------+------------+-------------+-------------+------------+
| Vccint    |       1.000 |     0.089 |       0.079 |      0.010 |       NA    | Unspecified | NA         |
| Vccaux    |       1.800 |     0.072 |       0.059 |      0.013 |       NA    | Unspecified | NA         |
| Vcco33    |       3.300 |     0.001 |       0.000 |      0.001 |       NA    | Unspecified | NA         |
| Vcco25    |       2.500 |     0.000 |       0.000 |      0.000 |       NA    | Unspecified | NA         |
| Vcco18    |       1.800 |     0.000 |       0.000 |      0.000 |       NA    | Unspecified | NA         |
| Vcco15    |       1.500 |     0.000 |       0.000 |      0.000 |       NA    | Unspecified | NA         |
| Vcco135   |       1.350 |     0.000 |       0.000 |      0.000 |       NA    | Unspecified | NA         |
| Vcco12    |       1.200 |     0.000 |       0.000 |      0.000 |       NA    | Unspecified | NA         |
| Vccaux_io |       1.800 |     0.000 |       0.000 |      0.000 |       NA    | Unspecified | NA         |
| Vccbram   |       1.000 |     0.001 |       0.001 |      0.000 |       NA    | Unspecified | NA         |
| MGTAVcc   |       1.000 |     0.068 |       0.067 |      0.001 |       NA    | Unspecified | NA         |
| MGTAVtt   |       1.200 |     0.062 |       0.059 |      0.003 |       NA    | Unspecified | NA         |
| Vccadc    |       1.800 |     0.020 |       0.000 |      0.020 |       NA    | Unspecified | NA         |
+-----------+-------------+-----------+-------------+------------+-------------+-------------+------------+


1.3 Confidence Level
--------------------

+-----------------------------+------------+--------------------------------------------------------+------------------------------------------------------------------------------------------------------------+
| User Input Data             | Confidence | Details                                                | Action                                                                                                     |
+-----------------------------+------------+--------------------------------------------------------+------------------------------------------------------------------------------------------------------------+
| Design implementation state | High       | Design is routed                                       |                                                                                                            |
| Clock nodes activity        | High       | User specified more than 95% of clocks                 |                                                                                                            |
| I/O nodes activity          | Low        | More than 75% of inputs are missing user specification | Provide missing input activity with simulation results or by editing the "By Resource Type -> I/Os" view   |
| Internal nodes activity     | Medium     | User specified less than 25% of internal nodes         | Provide missing internal nodes activity with simulation results or by editing the "By Resource Type" views |
| Device models               | High       | Device models are Production                           |                                                                                                            |
|                             |            |                                                        |                                                                                                            |
| Overall confidence level    | Low        |                                                        |                                                                                                            |
+-----------------------------+------------+--------------------------------------------------------+------------------------------------------------------------------------------------------------------------+


2. Settings
-----------

2.1 Environment
---------------

+-----------------------+--------------------------+
| Ambient Temp (C)      | 25.0                     |
| ThetaJA (C/W)         | 4.8                      |
| Airflow (LFM)         | 250                      |
| Heat Sink             | medium (Medium Profile)  |
| ThetaSA (C/W)         | 4.6                      |
| Board Selection       | medium (10"x10")         |
| # of Board Layers     | 12to15 (12 to 15 Layers) |
| Board Temperature (C) | 25.0                     |
+-----------------------+--------------------------+


2.2 Clock Constraints
---------------------

+---------------+---------------------------------------------------------------------------------------------------------------------+-----------------+
| Clock         | Domain                                                                                                              | Constraint (ns) |
+---------------+---------------------------------------------------------------------------------------------------------------------+-----------------+
| clk_125mhz    | pcie7_g0p8c0_support_i/pipe_clock_i/clk_125mhz                                                                      |             8.0 |
| clk_250mhz    | pcie7_g0p8c0_support_i/pipe_clock_i/clk_250mhz                                                                      |             4.0 |
| mmcm_fb       | pcie7_g0p8c0_support_i/pipe_clock_i/mmcm_fb                                                                         |            10.0 |
| nvp_vclk1     | vclk1                                                                                                               |             6.7 |
| sys_clk       | sys_clk_p                                                                                                           |            10.0 |
| txoutclk_x0y0 | pcie7_g0p8c0_support_i/pcie7_g0p8c0_i/inst/inst/gt_top_i/pipe_wrapper_i/pipe_lane[0].gt_wrapper_i/pipe_txoutclk_out |            10.0 |
| userclk1      | pcie7_g0p8c0_support_i/pipe_clock_i/userclk1                                                                        |            16.0 |
+---------------+---------------------------------------------------------------------------------------------------------------------+-----------------+


3. Detailed Reports
-------------------

3.1 By Hierarchy
----------------

+--------------------------+-----------+
| Name                     | Power (W) |
+--------------------------+-----------+
| ahd_capture_top_pcie     |     0.323 |
|   NVP_AUTOINIT           |     0.002 |
|     u_sequence           |     0.002 |
|   NVP_PHYSICAL_FRONTEND  |     0.001 |
|   app                    |     0.019 |
|     PIO                  |     0.019 |
|       PIO_EP_inst        |     0.019 |
|   pcie7_g0p8c0_support_i |     0.300 |
|     pcie7_g0p8c0_i       |     0.193 |
|       inst               |     0.193 |
|     pipe_clock_i         |     0.108 |
+--------------------------+-----------+


4. Advisory
-----------

+------------------+----------------------------------+--------+------------------+-------------+--------------------+-----------------+--------------------------------------------------------------------------------------------------------------------------------------------------------------------------+
| Confidence Level | Status                           | Fanout | Signal Type      | Polarity    | Static Probability | Toggle Rate (%) | Net                                                                                                                                                                      |
+------------------+----------------------------------+--------+------------------+-------------+--------------------+-----------------+--------------------------------------------------------------------------------------------------------------------------------------------------------------------------+
| Low              | Excessive Set/Reset/Preset/Clear |   1305 | Reset/Set        | Active High |               0.75 |             6.5 | app/PIO/PIO_EP_inst/G0P8C2_CAPTURE/application_reset_nvp                                                                                                                 |
| Low              | Excessive Set/Reset/Preset/Clear |    629 | Reset            | Active High |               0.50 |            12.5 | app/PIO/PIO_EP_inst/G0P8C2_CAPTURE/application_reset_pcie                                                                                                                |
| Low              | Excessive Set/Reset/Preset/Clear |    410 | Reset/Set/Preset | Active High |               0.50 |            12.5 | app/PIO/PIO_EP_inst/G0P8C2_CAPTURE/BAR_TARGET/pio_reset_n_reg                                                                                                            |
| Low              | Excessive Set/Reset/Preset/Clear |    239 | Reset/Set        | Active High |               0.50 |             6.2 | pcie7_g0p8c0_support_i/pcie7_g0p8c0_i/inst/inst/user_reset_out                                                                                                           |
| Low              | Excessive Set/Reset/Preset/Clear |    160 | Reset            | Active High |               0.75 |             6.5 | app/PIO/PIO_EP_inst/G0P8C2_CAPTURE/MAILBOX/arm_rejected_v[0]                                                                                                             |
| Low              |                                  |    138 |                  | Active High |               0.00 |             0.0 | app/PIO/PIO_EP_inst/G0P8C2_CAPTURE/MAILBOX/cfg_request_toggle_pcie_0                                                                                                     |
| Low              | Excessive Set/Reset/Preset/Clear |    138 | Set/Reset        | Active High |               0.98 |             0.0 | pcie7_g0p8c0_support_i/pcie7_g0p8c0_i/inst/inst/gt_top_i/pipe_wrapper_i/gtp_pipe_reset.gtp_pipe_reset_i/rst_cpllreset                                                    |
| Low              | Excessive Set/Reset/Preset/Clear |     95 | Reset            | Active High |               0.80 |             6.6 | app/PIO/PIO_EP_inst/G0P8C2_CAPTURE/MAILBOX/nvp_cfg_pulse_reg_0[0]                                                                                                        |
| Low              |                                  |     92 |                  | Active High |               0.00 |             0.0 | app/PIO/PIO_EP_inst/G0P8C2_CAPTURE/PRODUCER/pending_slot_v[3]_i_1_n_0                                                                                                    |
| Low              |                                  |     73 |                  | Active High |               0.00 |             0.2 | app/PIO/PIO_EP_inst/G0P8C2_CAPTURE/PRODUCER/producer_word_address[8]_i_1_n_0                                                                                             |
| Low              | Excessive Set/Reset/Preset/Clear |     68 | Reset/           | Active High |               0.75 |             6.5 | app/PIO/PIO_EP_inst/G0P8C2_CAPTURE/MAILBOX/application_reset_nvp_reg_0                                                                                                   |
| Low              |                                  |     64 |                  | Active High |               0.01 |             0.5 | app/PIO/PIO_EP_inst/G0P8C2_CAPTURE/MAILBOX/capture_seq_v[0]                                                                                                              |
| Low              |                                  |     64 |                  | Active High |               0.00 |             0.0 | app/PIO/PIO_EP_inst/G0P8C2_CAPTURE/MAILBOX/nvp_cfg_abort_reg_2                                                                                                           |
| Low              |                                  |     64 |                  | Active High |               0.00 |             0.0 | app/PIO/PIO_EP_inst/G0P8C2_CAPTURE/PRODUCER/frame_seq_v[0]_i_1_n_0                                                                                                       |
| Low              |                                  |     47 |                  | Active High |               0.00 |             0.0 | app/PIO/PIO_EP_inst/COMPLETER/sel                                                                                                                                        |
| Low              |                                  |     47 |                  | Active High |               0.00 |             0.0 | pcie7_g0p8c0_support_i/m_axis_rx_tvalid_reg_0                                                                                                                            |
| Low              |                                  |     45 |                  | Active High |               0.00 |             0.0 | NVP_AUTOINIT/u_sequence/first_error_code_r[3]_i_1_n_0                                                                                                                    |
| Low              |                                  |     45 |                  | Active High |               0.00 |             0.0 | NVP_AUTOINIT/u_sequence/nack_log_r[0][49]_i_1_n_0                                                                                                                        |
| Low              |                                  |     45 |                  | Active High |               0.00 |             0.0 | NVP_AUTOINIT/u_sequence/nack_log_r[1][49]_i_1_n_0                                                                                                                        |
| Low              |                                  |     45 |                  | Active High |               0.00 |             0.0 | NVP_AUTOINIT/u_sequence/nack_log_r[2][49]_i_1_n_0                                                                                                                        |
| Low              |                                  |     45 |                  | Active High |               0.00 |             0.0 | NVP_AUTOINIT/u_sequence/nack_log_r[3][49]_i_1_n_0                                                                                                                        |
| Low              |                                  |     45 |                  | Active High |               0.00 |             0.0 | NVP_AUTOINIT/u_sequence/nack_log_r[4][49]_i_1_n_0                                                                                                                        |
| Low              |                                  |     45 |                  | Active High |               0.00 |             0.0 | NVP_AUTOINIT/u_sequence/nack_log_r[5][49]_i_1_n_0                                                                                                                        |
| Low              |                                  |     45 |                  | Active High |               0.00 |             0.0 | NVP_AUTOINIT/u_sequence/nack_log_r[6][49]_i_1_n_0                                                                                                                        |
| Low              |                                  |     45 |                  | Active High |               0.00 |             0.0 | NVP_AUTOINIT/u_sequence/nack_log_r[7][49]_i_1_n_0                                                                                                                        |
| Low              |                                  |     41 |                  | Active High |               0.00 |             0.0 | NVP_AUTOINIT/u_sequence/FSM_onehot_state[34]_i_1_n_0                                                                                                                     |
| Low              |                                  |     32 |                  | Active High |               0.00 |             0.0 | app/PIO/PIO_EP_inst/COMPLETER/host_req_wdata_reg[0]_0[0]                                                                                                                 |
| Low              |                                  |     32 |                  | Active High |               0.00 |             0.0 | app/PIO/PIO_EP_inst/G0P8C2_CAPTURE/BAR_TARGET/capture_submit_pcie                                                                                                        |
| Low              |                                  |     32 |                  | Active High |               0.00 |             0.0 | app/PIO/PIO_EP_inst/G0P8C2_CAPTURE/MAILBOX/nvp_cfg_abort_reg_0                                                                                                           |
| Low              |                                  |     32 |                  | Active High |               0.00 |             0.0 | app/PIO/PIO_EP_inst/G0P8C2_CAPTURE/MAILBOX/nvp_ready_sync_reg[1]_1                                                                                                       |
| Low              |                                  |     32 |                  | Active High |               0.00 |             0.0 | app/PIO/PIO_EP_inst/G0P8C2_CAPTURE/MAILBOX/pcie_mailbox_rejected[0]_i_1_n_0                                                                                              |
| Low              |                                  |     32 |                  | Active High |               0.00 |             0.1 | app/PIO/PIO_EP_inst/G0P8C2_CAPTURE/PRODUCER/adapter_commit                                                                                                               |
| Low              |                                  |     32 |                  | Active High |               0.00 |             0.0 | app/PIO/PIO_EP_inst/G0P8C2_CAPTURE/PRODUCER/bad_marker_v[0]_i_1_n_0                                                                                                      |
| Low              |                                  |     32 |                  | Active High |               0.00 |             0.0 | app/PIO/PIO_EP_inst/G0P8C2_CAPTURE/PRODUCER/first_source_line_v[31]_i_1_n_0                                                                                              |
| Low              |                                  |     32 |                  | Active High |               0.00 |             0.0 | app/PIO/PIO_EP_inst/G0P8C2_CAPTURE/PRODUCER/pending_capture_v[31]_i_1_n_0                                                                                                |
| Low              |                                  |     32 |                  | Active High |               0.00 |             0.0 | app/PIO/PIO_EP_inst/G0P8C2_CAPTURE/PRODUCER/state_v133_out                                                                                                               |
| Low              | Excessive Set/Reset/Preset/Clear |     30 | Set/Reset        | Active High |               0.99 |             0.0 | pcie7_g0p8c0_support_i/pcie7_g0p8c0_i/inst/inst/gt_top_i/phy_rdy_n                                                                                                       |
| Low              |                                  |     24 |                  | Active High |               0.01 |             0.5 | app/PIO/PIO_EP_inst/G0P8C2_CAPTURE/PRODUCER/slot_generation_v[0][23]_i_1_n_0                                                                                             |
| Low              |                                  |     24 |                  | Active High |               0.00 |             0.0 | app/PIO/PIO_EP_inst/G0P8C2_CAPTURE/PRODUCER/slot_generation_v[10][23]_i_1_n_0                                                                                            |
| Low              |                                  |     24 |                  | Active High |               0.00 |             0.0 | app/PIO/PIO_EP_inst/G0P8C2_CAPTURE/PRODUCER/slot_generation_v[11][23]_i_1_n_0                                                                                            |
| Low              |                                  |     24 |                  | Active High |               0.00 |             0.0 | app/PIO/PIO_EP_inst/G0P8C2_CAPTURE/PRODUCER/slot_generation_v[12][23]_i_1_n_0                                                                                            |
| Low              |                                  |     24 |                  | Active High |               0.00 |             0.0 | app/PIO/PIO_EP_inst/G0P8C2_CAPTURE/PRODUCER/slot_generation_v[13][23]_i_1_n_0                                                                                            |
| Low              |                                  |     24 |                  | Active High |               0.00 |             0.0 | app/PIO/PIO_EP_inst/G0P8C2_CAPTURE/PRODUCER/slot_generation_v[14][23]_i_1_n_0                                                                                            |
| Low              |                                  |     24 |                  | Active High |               0.00 |             0.0 | app/PIO/PIO_EP_inst/G0P8C2_CAPTURE/PRODUCER/slot_generation_v[15][23]_i_1_n_0                                                                                            |
| Low              |                                  |     24 |                  | Active High |               0.00 |             0.0 | app/PIO/PIO_EP_inst/G0P8C2_CAPTURE/PRODUCER/slot_generation_v[1][23]_i_1_n_0                                                                                             |
| Low              |                                  |     24 |                  | Active High |               0.00 |             0.0 | app/PIO/PIO_EP_inst/G0P8C2_CAPTURE/PRODUCER/slot_generation_v[2][23]_i_1_n_0                                                                                             |
| Low              |                                  |     24 |                  | Active High |               0.00 |             0.0 | app/PIO/PIO_EP_inst/G0P8C2_CAPTURE/PRODUCER/slot_generation_v[3][23]_i_1_n_0                                                                                             |
| Low              |                                  |     24 |                  | Active High |               0.00 |             0.0 | app/PIO/PIO_EP_inst/G0P8C2_CAPTURE/PRODUCER/slot_generation_v[4][23]_i_1_n_0                                                                                             |
| Low              |                                  |     24 |                  | Active High |               0.00 |             0.0 | app/PIO/PIO_EP_inst/G0P8C2_CAPTURE/PRODUCER/slot_generation_v[5][23]_i_1_n_0                                                                                             |
| Low              |                                  |     24 |                  | Active High |               0.00 |             0.0 | app/PIO/PIO_EP_inst/G0P8C2_CAPTURE/PRODUCER/slot_generation_v[6][23]_i_1_n_0                                                                                             |
| Low              |                                  |     24 |                  | Active High |               0.00 |             0.0 | app/PIO/PIO_EP_inst/G0P8C2_CAPTURE/PRODUCER/slot_generation_v[7][23]_i_1_n_0                                                                                             |
| Low              |                                  |     24 |                  | Active High |               0.00 |             0.0 | app/PIO/PIO_EP_inst/G0P8C2_CAPTURE/PRODUCER/slot_generation_v[8][23]_i_1_n_0                                                                                             |
| Low              |                                  |     24 |                  | Active High |               0.00 |             0.0 | app/PIO/PIO_EP_inst/G0P8C2_CAPTURE/PRODUCER/slot_generation_v[9][23]_i_1_n_0                                                                                             |
| Low              |                                  |     22 |                  | Active High |               0.00 |             0.0 | NVP_AUTOINIT/u_sequence/pending_reg_r[7]_i_1_n_0                                                                                                                         |
| Low              |                                  |     19 |                  | Active High |               0.02 |             1.3 | pcie7_g0p8c0_support_i/pcie7_g0p8c0_i/inst/inst/gt_top_i/pipe_wrapper_i/pipe_lane[0].pipe_eq.pipe_eq_i/txeq_txcoeff[0]                                                   |
| Low              |                                  |     16 |                  | Active High |               0.00 |             0.0 | NVP_AUTOINIT/u_sequence/nack_count_r[15]_i_1_n_0                                                                                                                         |
| Low              |                                  |     16 |                  | Active High |               0.00 |             0.0 | NVP_AUTOINIT/u_sequence/reg_addr[7]_i_1_n_0                                                                                                                              |
| Low              |                                  |     16 |                  | Active High |               0.00 |             0.0 | NVP_AUTOINIT/u_sequence/slot_wait_count[15]_i_1_n_0                                                                                                                      |
| Low              |                                  |     16 |                  | Active High |               0.00 |             0.0 | NVP_AUTOINIT/u_sequence/slot_wait_target[15]_i_1_n_0                                                                                                                     |
| Low              |                                  |     16 |                  | Active High |               0.00 |             0.0 | NVP_AUTOINIT/u_sequence/timeout_count_r[15]_i_1_n_0                                                                                                                      |
| Low              | Excessive Set/Reset/Preset/Clear |     16 | Reset            | Active High |               1.00 |             0.0 | pcie7_g0p8c0_support_i/pcie7_g0p8c0_i/inst/inst/gt_top_i/pipe_wrapper_i/gtp_pipe_reset.gtp_pipe_reset_i/rxusrclk_rst_reg2_reg_0[0]                                       |
| Low              | Excessive Set/Reset/Preset/Clear |     16 | Reset            | Active High |               0.50 |            12.5 | pcie7_g0p8c0_support_i/pcie7_g0p8c0_i/inst/inst/pcie_top_i/tx_inst/tx_pipeline_inst/reg_disable_trn2                                                                     |
| Low              |                                  |     14 |                  | Active High |               0.00 |             0.0 | NVP_AUTOINIT/u_sequence/wait_cnt[13]_i_1_n_0                                                                                                                             |
| Low              | Excessive Set/Reset/Preset/Clear |     11 | Reset            | Active High |               0.50 |             0.5 | NVP_AUTOINIT/u_sequence/scl_low_released_count0                                                                                                                          |
| Low              |                                  |      9 |                  | Active High |               0.00 |             0.0 | NVP_AUTOINIT/u_sequence/original_ff_valid_r17_out                                                                                                                        |
| Low              |                                  |      9 |                  | Active High |               0.00 |             0.0 | app/PIO/PIO_EP_inst/COMPLETER/E[0]                                                                                                                                       |
| Low              |                                  |      9 |                  | Active High |               0.03 |             2.7 | app/PIO/PIO_EP_inst/G0P8C2_CAPTURE/PRODUCER/payload_word_v[8]_i_1_n_0                                                                                                    |
| Low              |                                  |      9 | BRAM Enable      | Active High |               0.00 |             0.0 | app/PIO/PIO_EP_inst/G0P8C2_CAPTURE/PRODUCER/slot_ena[0]                                                                                                                  |
| Low              |                                  |      9 | BRAM Enable      | Active High |               0.00 |             0.0 | app/PIO/PIO_EP_inst/G0P8C2_CAPTURE/PRODUCER/slot_ena[1]                                                                                                                  |
| Low              |                                  |      9 |                  | Active High |               0.00 |             0.0 | nvp_por_count[8]_i_1_n_0                                                                                                                                                 |
| Low              |                                  |      8 |                  | Active High |               0.00 |             0.0 | NVP_AUTOINIT/u_sequence/byte_tx[7]_i_1_n_0                                                                                                                               |
| Low              |                                  |      8 |                  | Active High |               0.00 |             0.0 | NVP_AUTOINIT/u_sequence/meta_bank_r[7]_i_1_n_0                                                                                                                           |
| Low              |                                  |      8 |                  | Active High |               0.00 |             0.0 | NVP_AUTOINIT/u_sequence/op_idx[7]_i_1_n_0                                                                                                                                |
| Low              |                                  |      8 |                  | Active High |               0.00 |             0.0 | NVP_AUTOINIT/u_sequence/phys_bank_r[7]_i_1_n_0                                                                                                                           |
| Low              |                                  |      8 |                  | Active High |               0.00 |             0.0 | NVP_AUTOINIT/u_sequence/restored_ff_r[7]_i_1_n_0                                                                                                                         |
| Low              |                                  |      8 |                  | Active High |               0.00 |             0.0 | NVP_AUTOINIT/u_sequence/slot_idx[7]_i_1_n_0                                                                                                                              |
| Low              | Excessive Set/Reset/Preset/Clear |      8 | Reset            | Active High |               0.50 |             0.6 | NVP_PHYSICAL_FRONTEND/ingress_reset_vclk                                                                                                                                 |
| Low              |                                  |      8 |                  | Active High |               0.00 |             0.0 | app/PIO/PIO_EP_inst/COMPLETER/host_req_addr_reg[6]_0[0]                                                                                                                  |
| Low              |                                  |      8 |                  | Active High |               0.00 |             0.0 | app/PIO/PIO_EP_inst/COMPLETER/host_req_addr_reg[6]_0[1]                                                                                                                  |
| Low              |                                  |      8 |                  | Active High |               0.00 |             0.0 | app/PIO/PIO_EP_inst/COMPLETER/host_req_addr_reg[6]_0[2]                                                                                                                  |
| Low              |                                  |      8 |                  | Active High |               0.00 |             0.0 | app/PIO/PIO_EP_inst/COMPLETER/host_req_addr_reg[6]_0[3]                                                                                                                  |
| Low              |                                  |      8 |                  | Active High |               0.00 |             0.0 | app/PIO/PIO_EP_inst/COMPLETER/host_req_be_reg[3]_0[0]                                                                                                                    |
| Low              |                                  |      8 |                  | Active High |               0.00 |             0.0 | app/PIO/PIO_EP_inst/COMPLETER/host_req_be_reg[3]_0[1]                                                                                                                    |
| Low              |                                  |      8 |                  | Active High |               0.00 |             0.0 | app/PIO/PIO_EP_inst/COMPLETER/host_req_be_reg[3]_0[2]                                                                                                                    |
| Low              |                                  |      8 |                  | Active High |               0.00 |             0.0 | app/PIO/PIO_EP_inst/COMPLETER/host_req_be_reg[3]_0[3]                                                                                                                    |
| Low              |                                  |      8 |                  | Active High |               0.00 |             0.0 | app/PIO/PIO_EP_inst/COMPLETER/host_req_be_reg[3]_1[0]                                                                                                                    |
| Low              |                                  |      8 |                  | Active High |               0.00 |             0.0 | app/PIO/PIO_EP_inst/COMPLETER/host_req_be_reg[3]_1[1]                                                                                                                    |
| Low              |                                  |      8 |                  | Active High |               0.00 |             0.0 | app/PIO/PIO_EP_inst/COMPLETER/host_req_be_reg[3]_1[2]                                                                                                                    |
| Low              |                                  |      8 |                  | Active High |               0.00 |             0.0 | app/PIO/PIO_EP_inst/COMPLETER/host_req_be_reg[3]_1[3]                                                                                                                    |
| Low              | Excessive Set/Reset/Preset/Clear |      8 | Set/Reset        | Active High |               0.99 |             0.0 | pcie7_g0p8c0_support_i/pcie7_g0p8c0_i/inst/inst/gt_top_i/pipe_wrapper_i/pipe_lane[0].pipe_user_i/resetovrd.reset_cnt[7]_i_1_n_0                                          |
| Low              |                                  |      7 |                  | Active High |               0.00 |             0.0 | NVP_AUTOINIT/u_sequence/E[0]                                                                                                                                             |
| Low              |                                  |      7 |                  | Active High |               0.00 |             0.0 | app/PIO/PIO_EP_inst/COMPLETER/host_req_wdata_reg[3]_0                                                                                                                    |
| Low              |                                  |      6 |                  | Active High |               0.00 |             0.0 | NVP_AUTOINIT/u_sequence/bank_verify_expected_r[5]_i_1_n_0                                                                                                                |
| Low              |                                  |      6 |                  | Active High |               0.00 |             0.0 | app/PIO/PIO_EP_inst/G0P8C2_CAPTURE/PRODUCER/pending_flags_v[6]_i_1_n_0                                                                                                   |
| Low              |                                  |      6 |                  | Active High |               0.00 |             0.0 | pcie7_g0p8c0_support_i/pcie7_g0p8c0_i/inst/inst/gt_top_i/pipe_wrapper_i/pipe_lane[0].pipe_quad.gt_common_enabled.gt_common_int.gt_common_i/qpll_drp_i/crscode[5]_i_1_n_0 |
| Low              |                                  |      5 |                  | Active High |               0.00 |             0.0 | app/PIO/PIO_EP_inst/COMPLETER/host_req_addr_reg[15]_0[0]                                                                                                                 |
| Low              |                                  |      4 |                  | Active High |               0.00 |             0.0 | NVP_AUTOINIT/u_sequence/afe_idx[3]_i_1_n_0                                                                                                                               |
| Low              |                                  |      4 |                  | Active High |               0.00 |             0.0 | NVP_AUTOINIT/u_sequence/nack_log_count_r[3]_i_1_n_0                                                                                                                      |
| Low              |                                  |      4 |                  | Active High |               0.00 |             0.0 | NVP_AUTOINIT/u_sequence/phase[3]_i_1_n_0                                                                                                                                 |
| Low              |                                  |      4 |                  | Active High |               0.00 |             0.0 | NVP_AUTOINIT/u_sequence/result_idx[3]_i_1_n_0                                                                                                                            |
| Low              | Excessive Set/Reset/Preset/Clear |      4 | Reset            | Active High |               0.75 |             6.5 | app/PIO/PIO_EP_inst/G0P8C2_CAPTURE/MAILBOX/application_reset_nvp_reg_2                                                                                                   |
| Low              |                                  |      4 |                  | Active High |               0.01 |             0.5 | app/PIO/PIO_EP_inst/G0P8C2_CAPTURE/PRODUCER/producer_slot_index[3]_i_1_n_0                                                                                               |
| Low              | Excessive Set/Reset/Preset/Clear |      4 | Preset           | Active High |               0.50 |             0.6 | nvp_reset_app_user                                                                                                                                                       |
| Low              | Excessive Set/Reset/Preset/Clear |      4 | Preset           | Active High |               0.50 |             0.6 | nvp_reset_frontend_user                                                                                                                                                  |
| Low              | Excessive Set/Reset/Preset/Clear |      4 | Reset            | Active High |               0.98 |             0.0 | pcie7_g0p8c0_support_i/pcie7_g0p8c0_i/inst/inst/gt_top_i/pipe_wrapper_i/pipe_lane[0].pipe_eq.pipe_eq_i/txeq_preset[16]_i_1_n_0                                           |
| Low              | Excessive Set/Reset/Preset/Clear |      2 | Clear            | Active High |               0.50 |             0.6 | nvp_reset_ready_user                                                                                                                                                     |
| Low              | Excessive Set/Reset/Preset/Clear |      2 | Reset            | Active High |               0.98 |             0.0 | pcie7_g0p8c0_support_i/pcie7_g0p8c0_i/inst/inst/gt_top_i/pipe_wrapper_i/gtp_pipe_reset.gtp_pipe_reset_i/rst_gtreset                                                      |
| Low              | Excessive Set/Reset/Preset/Clear |      2 | Preset           | Active High |               0.50 |             6.2 | pcie7_g0p8c0_support_i/pcie7_g0p8c0_i/inst/inst/sys_or_hot_rst                                                                                                           |
| Low              |                                  |      1 |                  | Active High |               0.00 |             0.1 | NVP_AUTOINIT/u_sequence/sda_oen_r10_out                                                                                                                                  |
| Low              | Excessive Set/Reset/Preset/Clear |      1 | Reset            | Active High |               0.98 |             0.0 | pcie7_g0p8c0_support_i/pcie7_g0p8c0_i/inst/inst/gt_top_i/pipe_wrapper_i/gtp_pipe_reset.gtp_pipe_reset_i/PLL0RESET0                                                       |
| Medium           |                                  |    292 |                  | Active High |               0.50 |            57.9 | app/PIO/PIO_EP_inst/G0P8C2_CAPTURE/MAILBOX/status_hold_nvp0                                                                                                              |
| Medium           |                                  |    260 |                  | Active High |               0.38 |            50.0 | app/PIO/PIO_EP_inst/G0P8C2_CAPTURE/MAILBOX/status_req_seen_pcie0                                                                                                         |
| Medium           |                                  |     80 |                  | Active High |               0.03 |             2.8 | app/PIO/PIO_EP_inst/G0P8C2_CAPTURE/PRODUCER/byte_phase_v[2]_i_1_n_0                                                                                                      |
| Medium           |                                  |     75 |                  | Active High |               0.22 |             6.3 | app/PIO/PIO_EP_inst/G0P8C2_CAPTURE/MAILBOX/cfg_req_seen_nvp0                                                                                                             |
| Medium           |                                  |     63 |                  | Active High |               0.23 |             6.5 | pcie7_g0p8c0_support_i/pcie7_g0p8c0_i/inst/inst/pcie_top_i/axi_basic_top/rx_inst/rx_pipeline_inst/E[0]                                                                   |
| Medium           |                                  |     62 |                  | Active High |               0.97 |             2.5 | pcie7_g0p8c0_support_i/pcie7_g0p8c0_i/inst/inst/pcie_top_i/axi_basic_top/rx_inst/rx_pipeline_inst/m_axis_rx_tdata[63]_i_1_n_0                                            |
| Medium           |                                  |     57 |                  | Active High |               0.09 |             5.3 | pcie7_g0p8c0_support_i/m_axis_rx_tvalid_reg                                                                                                                              |
| Medium           |                                  |     53 |                  | Active High |               0.12 |             6.3 | app/PIO/PIO_EP_inst/COMPLETER/req_fmt_type[6]_i_1_n_0                                                                                                                    |
| Medium           |                                  |     34 |                  | Active High |               0.09 |             5.2 | app/PIO/PIO_EP_inst/COMPLETER/cpl_status[2]_i_1_n_0                                                                                                                      |
| Medium           |                                  |     32 |                  | Active High |               0.21 |             4.2 | app/PIO/PIO_EP_inst/COMPLETER/FSM_sequential_host_state_reg[0][0]                                                                                                        |
| Medium           |                                  |     32 |                  | Active High |               0.07 |             4.9 | app/PIO/PIO_EP_inst/G0P8C2_CAPTURE/MAILBOX/nvp_cfg_abort_reg_1                                                                                                           |
| Medium           |                                  |     32 |                  | Active High |               0.25 |             6.2 | app/PIO/PIO_EP_inst/G0P8C2_CAPTURE/MAILBOX/pcie_request_ack_pulse                                                                                                        |
| Medium           |                                  |     32 |                  | Active High |               0.07 |             4.9 | app/PIO/PIO_EP_inst/G0P8C2_CAPTURE/PRODUCER/bad_length_v[0]_i_1_n_0                                                                                                      |
| Medium           |                                  |     27 |                  | Active High |               0.71 |            12.9 | NVP_AUTOINIT/delay_count[0]_i_1_n_0                                                                                                                                      |
| Medium           |                                  |     16 |                  | Active High |               0.50 |            12.5 | pcie7_g0p8c0_support_i/pcie7_g0p8c0_i/inst/inst/pcie_top_i/pcie_7x_i/E[0]                                                                                                |
| Medium           |                                  |     13 |                  | Active High |               0.98 |             0.0 | pcie7_g0p8c0_support_i/pcie7_g0p8c0_i/inst/inst/gt_top_i/pipe_wrapper_i/pipe_lane[0].pipe_eq.pipe_eq_i/txeq_preset[15]_i_1_n_0                                           |
| Medium           |                                  |     11 |                  | Active High |               0.19 |             6.4 | NVP_AUTOINIT/u_sequence/scl_low_released_count[10]_i_2_n_0                                                                                                               |
| Medium           |                                  |     10 |                  | Active High |               0.05 |             3.5 | app/PIO/PIO_EP_inst/COMPLETER/byte_count[2]_i_1_n_0                                                                                                                      |
| Medium           |                                  |     10 |                  | Active High |               0.95 |             4.2 | app/PIO/PIO_EP_inst/COMPLETER/host_wait_cycle_count[9]_i_1_n_0                                                                                                           |
| Medium           |                                  |      7 |                  | Active High |               0.98 |             0.0 | pcie7_g0p8c0_support_i/pcie7_g0p8c0_i/inst/inst/gt_top_i/pipe_wrapper_i/pipe_lane[0].pipe_user_i/resetovrd.reset[7]_i_1_n_0                                              |
| Medium           |                                  |      6 |                  | Active High |               0.50 |            11.7 | app/PIO/PIO_EP_inst/COMPLETER/FSM_onehot_state[5]_i_2_n_0                                                                                                                |
| Medium           |                                  |      5 |                  | Active High |               0.75 |            12.1 | pcie7_g0p8c0_support_i/pcie7_g0p8c0_i/inst/inst/gt_top_i/gt_rx_valid_filter[0].GT_RX_VALID_FILTER_7x_inst/FSM_onehot_reg_state_eios_det[4]_i_1_n_0                       |
| Medium           |                                  |      5 |                  | Active High |               0.32 |            27.5 | pcie7_g0p8c0_support_i/pcie7_g0p8c0_i/inst/inst/gt_top_i/pipe_wrapper_i/pipe_lane[0].gtp_pipe_drp.gtp_pipe_drp_i/index[4]_i_1_n_0                                        |
| Medium           |                                  |      4 |                  | Active High |               0.33 |            21.5 | app/PIO/PIO_EP_inst/G0P8C2_CAPTURE/PRODUCER/allocation_scan_v[3]_i_1_n_0                                                                                                 |
| Medium           |                                  |      4 |                  | Active High |               0.09 |             8.8 | app/PIO/PIO_EP_inst/G0P8C2_CAPTURE/PRODUCER/allocation_slot_v[0]                                                                                                         |
| Medium           |                                  |      4 | BRAM Enable      | Active High |               0.50 |            12.5 | pcie7_g0p8c0_support_i/pcie7_g0p8c0_i/inst/inst/pcie_top_i/pcie_7x_i/mim_rx_ren                                                                                          |
| Medium           |                                  |      4 | BRAM Enable      | Active High |               0.50 |            12.5 | pcie7_g0p8c0_support_i/pcie7_g0p8c0_i/inst/inst/pcie_top_i/pcie_7x_i/mim_rx_wen                                                                                          |
| Medium           |                                  |      4 | BRAM Enable      | Active High |               0.50 |            12.5 | pcie7_g0p8c0_support_i/pcie7_g0p8c0_i/inst/inst/pcie_top_i/pcie_7x_i/mim_tx_ren                                                                                          |
| Medium           |                                  |      4 | BRAM Enable      | Active High |               0.50 |            12.5 | pcie7_g0p8c0_support_i/pcie7_g0p8c0_i/inst/inst/pcie_top_i/pcie_7x_i/mim_tx_wen                                                                                          |
| Medium           |                                  |      1 | BRAM Enable      | Active High |               0.50 |            12.5 | app/PIO/PIO_EP_inst/G0P8C2_CAPTURE/BAR_TARGET/GEN_V40B_SLOT[0].GEN_AVAILABLE.SLOT_RAM/xpm_memory_base_inst/gen_wr_a.gen_word_narrow.mem_reg_i_1_n_0                      |
| Medium           |                                  |      1 | BRAM Enable      | Active High |               0.50 |            12.5 | app/PIO/PIO_EP_inst/G0P8C2_CAPTURE/BAR_TARGET/GEN_V40B_SLOT[1].GEN_AVAILABLE.SLOT_RAM/xpm_memory_base_inst/gen_wr_a.gen_word_narrow.mem_reg_i_1_n_0                      |
| High             |                                  |    718 | Reset/Set        | Active High |               0.00 |             0.0 | nvp_por_reset_reg_n_0                                                                                                                                                    |
| High             |                                  |    125 | Reset/Set        | Active High |               0.00 |             0.0 | pcie7_g0p8c0_support_i/pcie7_g0p8c0_i/inst/inst/gt_top_i/pipe_wrapper_i/gtp_pipe_reset.gtp_pipe_reset_i/SR[0]                                                            |
| High             |                                  |     51 | Set/Reset        | Active High |               0.00 |             0.0 | pcie7_g0p8c0_support_i/pcie7_g0p8c0_i/inst/inst/gt_top_i/pipe_wrapper_i/gtp_pipe_reset.gtp_pipe_reset_i/reset_n_reg2_reg                                                 |
| High             |                                  |     16 | Reset            | Active High |               0.01 |             0.3 | pcie7_g0p8c0_support_i/pcie7_g0p8c0_i/inst/inst/gt_top_i/pipe_wrapper_i/pipe_lane[0].gtp_pipe_drp.gtp_pipe_drp_i/di_reg[15]_i_1_n_0                                      |
| High             |                                  |     10 | Reset            | Active High |               0.00 |             0.2 | NVP_AUTOINIT/u_sequence/tick_cnt[9]_i_1_n_0                                                                                                                              |
| High             |                                  |      7 | Clear            | Active High |               0.00 |             0.0 | pcie7_g0p8c0_support_i/pcie7_g0p8c0_i/inst/inst/gt_top_i/reg_clock_locked_i_1_n_0                                                                                        |
| High             |                                  |      5 | Clear/Reset      | Active High |               0.00 |             0.0 | pcie7_g0p8c0_support_i/pcie7_g0p8c0_i/inst/inst/gt_top_i/pipe_wrapper_i/sys_reset_n_ibuf                                                                                 |
| High             |                                  |      1 | Reset            | Active High |               0.00 |             0.0 | pcie7_g0p8c0_support_i/pcie7_g0p8c0_i/inst/inst/gt_top_i/pipe_wrapper_i/pipe_lane[0].pipe_sync_i/FSM_onehot_txsync_fsm.fsm_tx_reg[5]_0[0]                                |
| High             |                                  |      1 | Reset            | Active High |               0.00 |             0.0 | pcie7_g0p8c0_support_i/pcie7_g0p8c0_i/inst/inst/gt_top_i/pipe_wrapper_i/pipe_lane[0].pipe_user_i/user_eyescanreset[0]                                                    |
| High             |                                  |      1 | Reset            | Active High |               0.00 |             0.0 | pcie7_g0p8c0_support_i/pcie7_g0p8c0_i/inst/inst/gt_top_i/pipe_wrapper_i/pipe_lane[0].pipe_user_i/user_rxbufreset[0]                                                      |
| High             |                                  |      1 | Reset            | Active High |               0.00 |             0.0 | pcie7_g0p8c0_support_i/pcie7_g0p8c0_i/inst/inst/gt_top_i/pipe_wrapper_i/pipe_lane[0].pipe_user_i/user_rxcdrfreqreset[0]                                                  |
| High             |                                  |      1 | Reset            | Active High |               0.00 |             0.0 | pcie7_g0p8c0_support_i/pcie7_g0p8c0_i/inst/inst/gt_top_i/pipe_wrapper_i/pipe_lane[0].pipe_user_i/user_rxcdrreset[0]                                                      |
| High             |                                  |      1 | Reset            | Active High |               0.00 |             0.0 | pcie7_g0p8c0_support_i/pcie7_g0p8c0_i/inst/inst/gt_top_i/pipe_wrapper_i/pipe_lane[0].pipe_user_i/user_rxpcsreset[0]                                                      |
| High             |                                  |      1 | Reset            | Active High |               0.00 |             0.0 | pcie7_g0p8c0_support_i/pcie7_g0p8c0_i/inst/inst/gt_top_i/pipe_wrapper_i/pipe_lane[0].pipe_user_i/user_rxpmareset[0]                                                      |
| High             |                                  |      1 | Reset            | Active High |               0.01 |             0.0 | pcie7_g0p8c0_support_i/pcie7_g0p8c0_i/inst/inst/gt_top_i/sys_rst_n                                                                                                       |
+------------------+----------------------------------+--------+------------------+-------------+--------------------+-----------------+--------------------------------------------------------------------------------------------------------------------------------------------------------------------------+
* High:  No action required.  Calculated activity values are consistent with signal type and polarity.
** Medium:  Switching activity should be reviewed and corrected if necessary.  Calculated activity values may be inconsistent with signal type and polarity which can result in inaccurate power analysis.
*** Low: Switching activity must be reviewed and corrected to prevent incorrect power analysis. Calculated activity values are inappropriate for the signal type and polarity.


