Copyright 1986-2022 Xilinx, Inc. All Rights Reserved. Copyright 2022-2025 Advanced Micro Devices, Inc. All Rights Reserved.
---------------------------------------------------------------------------------------------------------------------------------------------------------------------------------------------------------------------------------------------------------------------------------------------------------------------------------------------------------------------------------------------------------------------------------------------------------------------------------------------------------------------------------------------------------------------------------------------------------------------------------------------------------------------------------------------------------------------------------------------------------------------------------------------------------------------------------------------------------------------------------------------------------------------------------------------------------------------------------------------------------------------------------------------------------------------------------------------------------------------------------------------------------------------------------------------------------------------------------------
| Tool Version : Vivado v.2025.2 (win64) Build 6299465 Fri Nov 14 19:35:11 GMT 2025
| Date         : Fri Aug 21 16:53:45 2026
| Host         : NBLSUDUL running 64-bit major release  (build 9200)
| Command      : report_timing -from [all_fanin -flat -startpoints_only -to [get_pins -quiet -of_objects [get_cells -quiet -of_objects [get_pins -quiet -leaf -of_objects [get_nets -quiet -segments -of_objects [get_pins -quiet -of_objects [get_cells -quiet -of_objects [get_pins -quiet -leaf -of_objects [get_nets -quiet -segments -of_objects [get_ports -quiet nvp_sda]] -filter {REF_NAME == OBUFT && REF_PIN_NAME == O}]] -filter {REF_PIN_NAME == T}]] -filter {DIRECTION == OUT}]] -filter {REF_PIN_NAME == CE}]] -to [get_pins -quiet -of_objects [get_cells -quiet -of_objects [get_pins -quiet -leaf -of_objects [get_nets -quiet -segments -of_objects [get_pins -quiet -of_objects [get_cells -quiet -of_objects [get_pins -quiet -leaf -of_objects [get_nets -quiet -segments -of_objects [get_ports -quiet nvp_sda]] -filter {REF_NAME == OBUFT && REF_PIN_NAME == O}]] -filter {REF_PIN_NAME == T}]] -filter {DIRECTION == OUT}]] -filter {REF_PIN_NAME == CE}] -delay_type max -max_paths 20 -nworst 1 -unique_pins -routable_nets -sort_by slack -path_type full_clock_expanded -input_pins -file C:/FPGA/V41_NVP_ROUTED_DCP_POWER_TIMING_AUDIT_R1/07_COMPARATOR_RCA/RCA_SDA_CONTROL_TO_OEN_REGISTER_CE_MAX.rpt
| Design       : ahd_capture_top_pcie
| Device       : 7a35t-csg325
| Speed File   : -2  PRODUCTION 1.23 2018-06-13
| Design State : Routed
---------------------------------------------------------------------------------------------------------------------------------------------------------------------------------------------------------------------------------------------------------------------------------------------------------------------------------------------------------------------------------------------------------------------------------------------------------------------------------------------------------------------------------------------------------------------------------------------------------------------------------------------------------------------------------------------------------------------------------------------------------------------------------------------------------------------------------------------------------------------------------------------------------------------------------------------------------------------------------------------------------------------------------------------------------------------------------------------------------------------------------------------------------------------------------------------------------------------------------------

Timing Report

Slack (MET) :             12.437ns  (required time - arrival time)
  Source:                 NVP_AUTOINIT/u_sequence/FSM_onehot_state_reg[4]/C
                            (rising edge-triggered cell FDRE clocked by userclk1  {rise@0.000ns fall@8.000ns period=16.000ns})
  Destination:            NVP_AUTOINIT/u_sequence/sda_oen_r_reg/CE
                            (rising edge-triggered cell FDSE clocked by userclk1  {rise@0.000ns fall@8.000ns period=16.000ns})
  Path Group:             userclk1
  Path Type:              Setup (Max at Slow Process Corner)
  Requirement:            16.000ns  (userclk1 rise@16.000ns - userclk1 rise@0.000ns)
  Data Path Delay:        3.290ns  (logic 0.925ns (28.118%)  route 2.365ns (71.882%))
  Logic Levels:           3  (LUT4=1 LUT5=1 LUT6=1)
  Clock Path Skew:        -0.026ns (DCD - SCD + CPR)
    Destination Clock Delay (DCD):    5.420ns = ( 21.420 - 16.000 ) 
    Source Clock Delay      (SCD):    5.780ns
    Clock Pessimism Removal (CPR):    0.334ns
  Clock Uncertainty:      0.079ns  ((TSJ^2 + DJ^2)^1/2) / 2 + PE
    Total System Jitter     (TSJ):    0.071ns
    Discrete Jitter          (DJ):    0.141ns
    Phase Error              (PE):    0.000ns

    Location             Delay type                Incr(ns)  Path(ns)    Netlist Resource(s)
  -------------------------------------------------------------------    -------------------
                         (clock userclk1 rise edge)
                                                      0.000     0.000 r  
    GTPE2_CHANNEL_X0Y3   GTPE2_CHANNEL                0.000     0.000 r  pcie7_g0p8c0_support_i/pcie7_g0p8c0_i/inst/inst/gt_top_i/pipe_wrapper_i/pipe_lane[0].gt_wrapper_i/gtp_channel.gtpe2_channel_i/TXOUTCLK
                         net (fo=1, routed)           1.209     1.209    pcie7_g0p8c0_support_i/pipe_clock_i/pipe_txoutclk_out
    BUFGCTRL_X0Y18                                                    r  pcie7_g0p8c0_support_i/pipe_clock_i/txoutclk_i.txoutclk_i/I
    BUFGCTRL_X0Y18       BUFG (Prop_bufg_I_O)         0.081     1.290 r  pcie7_g0p8c0_support_i/pipe_clock_i/txoutclk_i.txoutclk_i/O
                         net (fo=1, routed)           1.391     2.681    pcie7_g0p8c0_support_i/pipe_clock_i/refclk
    MMCME2_ADV_X0Y0                                                   r  pcie7_g0p8c0_support_i/pipe_clock_i/mmcm_i/CLKIN1
    MMCME2_ADV_X0Y0      MMCME2_ADV (Prop_mmcme2_adv_CLKIN1_CLKOUT2)
                                                      0.077     2.757 r  pcie7_g0p8c0_support_i/pipe_clock_i/mmcm_i/CLKOUT2
                         net (fo=1, routed)           1.425     4.182    pcie7_g0p8c0_support_i/pipe_clock_i/userclk1
    BUFGCTRL_X0Y0                                                     r  pcie7_g0p8c0_support_i/pipe_clock_i/userclk1_i1.usrclk1_i1/I
    BUFGCTRL_X0Y0        BUFG (Prop_bufg_I_O)         0.081     4.263 r  pcie7_g0p8c0_support_i/pipe_clock_i/userclk1_i1.usrclk1_i1/O
                         net (fo=2216, routed)        1.517     5.780    NVP_AUTOINIT/u_sequence/user_clk_out
    SLICE_X12Y136        FDRE                                         r  NVP_AUTOINIT/u_sequence/FSM_onehot_state_reg[4]/C
  -------------------------------------------------------------------    -------------------
    SLICE_X12Y136        FDRE (Prop_fdre_C_Q)         0.433     6.213 r  NVP_AUTOINIT/u_sequence/FSM_onehot_state_reg[4]/Q
                         net (fo=13, routed)          0.877     7.090    NVP_AUTOINIT/u_sequence/FSM_onehot_state_reg_n_0_[4]
    SLICE_X14Y136                                                     r  NVP_AUTOINIT/u_sequence/sda_oen_r_i_6/I1
    SLICE_X14Y136        LUT4 (Prop_lut4_I1_O)        0.119     7.209 r  NVP_AUTOINIT/u_sequence/sda_oen_r_i_6/O
                         net (fo=1, routed)           0.689     7.898    NVP_AUTOINIT/u_sequence/sda_oen_r_i_6_n_0
    SLICE_X14Y138                                                     r  NVP_AUTOINIT/u_sequence/sda_oen_r_i_4/I0
    SLICE_X14Y138        LUT6 (Prop_lut6_I0_O)        0.268     8.166 f  NVP_AUTOINIT/u_sequence/sda_oen_r_i_4/O
                         net (fo=2, routed)           0.514     8.679    NVP_AUTOINIT/u_sequence/sda_oen_r_i_4_n_0
    SLICE_X15Y137                                                     f  NVP_AUTOINIT/u_sequence/sda_oen_r_i_1/I4
    SLICE_X15Y137        LUT5 (Prop_lut5_I4_O)        0.105     8.784 r  NVP_AUTOINIT/u_sequence/sda_oen_r_i_1/O
                         net (fo=1, routed)           0.286     9.070    NVP_AUTOINIT/u_sequence/sda_oen_r10_out
    SLICE_X15Y137        FDSE                                         r  NVP_AUTOINIT/u_sequence/sda_oen_r_reg/CE
  -------------------------------------------------------------------    -------------------

                         (clock userclk1 rise edge)
                                                     16.000    16.000 r  
    GTPE2_CHANNEL_X0Y3   GTPE2_CHANNEL                0.000    16.000 r  pcie7_g0p8c0_support_i/pcie7_g0p8c0_i/inst/inst/gt_top_i/pipe_wrapper_i/pipe_lane[0].gt_wrapper_i/gtp_channel.gtpe2_channel_i/TXOUTCLK
                         net (fo=1, routed)           1.150    17.150    pcie7_g0p8c0_support_i/pipe_clock_i/pipe_txoutclk_out
    BUFGCTRL_X0Y18                                                    r  pcie7_g0p8c0_support_i/pipe_clock_i/txoutclk_i.txoutclk_i/I
    BUFGCTRL_X0Y18       BUFG (Prop_bufg_I_O)         0.077    17.227 r  pcie7_g0p8c0_support_i/pipe_clock_i/txoutclk_i.txoutclk_i/O
                         net (fo=1, routed)           1.286    18.513    pcie7_g0p8c0_support_i/pipe_clock_i/refclk
    MMCME2_ADV_X0Y0                                                   r  pcie7_g0p8c0_support_i/pipe_clock_i/mmcm_i/CLKIN1
    MMCME2_ADV_X0Y0      MMCME2_ADV (Prop_mmcme2_adv_CLKIN1_CLKOUT2)
                                                      0.073    18.586 r  pcie7_g0p8c0_support_i/pipe_clock_i/mmcm_i/CLKOUT2
                         net (fo=1, routed)           1.357    19.944    pcie7_g0p8c0_support_i/pipe_clock_i/userclk1
    BUFGCTRL_X0Y0                                                     r  pcie7_g0p8c0_support_i/pipe_clock_i/userclk1_i1.usrclk1_i1/I
    BUFGCTRL_X0Y0        BUFG (Prop_bufg_I_O)         0.077    20.021 r  pcie7_g0p8c0_support_i/pipe_clock_i/userclk1_i1.usrclk1_i1/O
                         net (fo=2216, routed)        1.400    21.420    NVP_AUTOINIT/u_sequence/user_clk_out
    SLICE_X15Y137        FDSE                                         r  NVP_AUTOINIT/u_sequence/sda_oen_r_reg/C
                         clock pessimism              0.334    21.754    
                         clock uncertainty           -0.079    21.675    
    SLICE_X15Y137        FDSE (Setup_fdse_C_CE)      -0.168    21.507    NVP_AUTOINIT/u_sequence/sda_oen_r_reg
  -------------------------------------------------------------------
                         required time                         21.507    
                         arrival time                          -9.070    
  -------------------------------------------------------------------
                         slack                                 12.437    




