Copyright 1986-2022 Xilinx, Inc. All Rights Reserved. Copyright 2022-2025 Advanced Micro Devices, Inc. All Rights Reserved.
---------------------------------------------------------------------------------------------------------------------------------------------
| Tool Version : Vivado v.2025.2 (win64) Build 6299465 Fri Nov 14 19:35:11 GMT 2025
| Date         : Fri Aug 21 16:54:04 2026
| Host         : NBLSUDUL running 64-bit major release  (build 9200)
| Command      : report_cdc -details -file C:/FPGA/V41_NVP_ROUTED_DCP_POWER_TIMING_AUDIT_R1/07_COMPARATOR_RCA/RCA_CDC_CONTEXT.rpt
| Design       : ahd_capture_top_pcie
| Device       : 7a35t-csg325
| Speed File   : -2  PRODUCTION 1.23 2018-06-13
| Design State : Routed
---------------------------------------------------------------------------------------------------------------------------------------------

CDC Report

ID      Severity  Count  Description
------  --------  -----  -------------------------------------------------------
CDC-3   Info          6  1-bit synchronized with ASYNC_REG property
CDC-6   Warning       5  Multi-bit synchronized with ASYNC_REG property
CDC-9   Info          5  Asynchronous reset synchronized with ASYNC_REG property
CDC-15  Warning     333  Clock enable controlled CDC structure detected

Source Clock: input port clock
Destination Clock: clk_125mhz
CDC Type: No Common Primary Clock

Row  ID     Severity  Description                                              Depth  Exception   Source (From)  Destination (To)
---  -----  --------  -------------------------------------------------------  -----  ----------  -------------  --------------------------------------------------------------------------------------------
  1  CDC-9  Info      Asynchronous reset synchronized with ASYNC_REG property      2  False Path  sys_rst_n      pcie7_g0p8c0_support_i/pcie7_g0p8c0_i/inst/inst/gt_top_i/pipe_wrapper_i/reset_n_reg1_reg/CLR

Source Clock: userclk1
Destination Clock: nvp_vclk1
CDC Type: No Common Primary Clock

Row  ID      Severity  Description                                              Depth  Exception                Source (From)                                                                 Destination (To)
---  ------  --------  -------------------------------------------------------  -----  -----------------------  ----------------------------------------------------------------------------  ----------------------------------------------------------------------------------
  1  CDC-9   Info      Asynchronous reset synchronized with ASYNC_REG property      5  False Path               nvp_reset_frontend_user_reg/C                                                 NVP_PHYSICAL_FRONTEND/ingress_reset_sync_reg[0]/PRE
  2  CDC-6   Warning   Multi-bit synchronized with ASYNC_REG property               2  False Path               app/PIO/PIO_EP_inst/G0P8C2_CAPTURE/BAR_TARGET/release_toggle_pcie_reg[1:0]/C  app/PIO/PIO_EP_inst/G0P8C2_CAPTURE/BAR_TARGET/release_sync1_reg[1:0]/D
  3  CDC-3   Info      1-bit synchronized with ASYNC_REG property                   2  False Path               app/PIO/PIO_EP_inst/G0P8C2_CAPTURE/MAILBOX/cfg_request_toggle_pcie_reg/C      app/PIO/PIO_EP_inst/G0P8C2_CAPTURE/MAILBOX/cfg_req_sync1_nvp_reg/D
  4  CDC-15  Warning   Clock enable controlled CDC structure detected               0  Max Delay Datapath Only  app/PIO/PIO_EP_inst/G0P8C2_CAPTURE/MAILBOX/cfg_hold_pcie_reg[1]/C             app/PIO/PIO_EP_inst/G0P8C2_CAPTURE/MAILBOX/nvp_cfg_abort_reg/D
  5  CDC-15  Warning   Clock enable controlled CDC structure detected               0  Max Delay Datapath Only  app/PIO/PIO_EP_inst/G0P8C2_CAPTURE/MAILBOX/cfg_hold_pcie_reg[0]/C             app/PIO/PIO_EP_inst/G0P8C2_CAPTURE/MAILBOX/nvp_cfg_arm_reg/D
  6  CDC-15  Warning   Clock enable controlled CDC structure detected               0  Max Delay Datapath Only  app/PIO/PIO_EP_inst/G0P8C2_CAPTURE/MAILBOX/cfg_hold_pcie_reg[42]/C            app/PIO/PIO_EP_inst/G0P8C2_CAPTURE/MAILBOX/nvp_cfg_capture_generation_reg[0]/D
  7  CDC-15  Warning   Clock enable controlled CDC structure detected               0  Max Delay Datapath Only  app/PIO/PIO_EP_inst/G0P8C2_CAPTURE/MAILBOX/cfg_hold_pcie_reg[43]/C            app/PIO/PIO_EP_inst/G0P8C2_CAPTURE/MAILBOX/nvp_cfg_capture_generation_reg[1]/D
  8  CDC-15  Warning   Clock enable controlled CDC structure detected               0  Max Delay Datapath Only  app/PIO/PIO_EP_inst/G0P8C2_CAPTURE/MAILBOX/cfg_hold_pcie_reg[44]/C            app/PIO/PIO_EP_inst/G0P8C2_CAPTURE/MAILBOX/nvp_cfg_capture_generation_reg[2]/D
  9  CDC-15  Warning   Clock enable controlled CDC structure detected               0  Max Delay Datapath Only  app/PIO/PIO_EP_inst/G0P8C2_CAPTURE/MAILBOX/cfg_hold_pcie_reg[45]/C            app/PIO/PIO_EP_inst/G0P8C2_CAPTURE/MAILBOX/nvp_cfg_capture_generation_reg[3]/D
 10  CDC-15  Warning   Clock enable controlled CDC structure detected               0  Max Delay Datapath Only  app/PIO/PIO_EP_inst/G0P8C2_CAPTURE/MAILBOX/cfg_hold_pcie_reg[46]/C            app/PIO/PIO_EP_inst/G0P8C2_CAPTURE/MAILBOX/nvp_cfg_capture_generation_reg[4]/D
 11  CDC-15  Warning   Clock enable controlled CDC structure detected               0  Max Delay Datapath Only  app/PIO/PIO_EP_inst/G0P8C2_CAPTURE/MAILBOX/cfg_hold_pcie_reg[47]/C            app/PIO/PIO_EP_inst/G0P8C2_CAPTURE/MAILBOX/nvp_cfg_capture_generation_reg[5]/D
 12  CDC-15  Warning   Clock enable controlled CDC structure detected               0  Max Delay Datapath Only  app/PIO/PIO_EP_inst/G0P8C2_CAPTURE/MAILBOX/cfg_hold_pcie_reg[48]/C            app/PIO/PIO_EP_inst/G0P8C2_CAPTURE/MAILBOX/nvp_cfg_capture_generation_reg[6]/D
 13  CDC-15  Warning   Clock enable controlled CDC structure detected               0  Max Delay Datapath Only  app/PIO/PIO_EP_inst/G0P8C2_CAPTURE/MAILBOX/cfg_hold_pcie_reg[49]/C            app/PIO/PIO_EP_inst/G0P8C2_CAPTURE/MAILBOX/nvp_cfg_capture_generation_reg[7]/D
 14  CDC-15  Warning   Clock enable controlled CDC structure detected               0  Max Delay Datapath Only  app/PIO/PIO_EP_inst/G0P8C2_CAPTURE/MAILBOX/cfg_hold_pcie_reg[50]/C            app/PIO/PIO_EP_inst/G0P8C2_CAPTURE/MAILBOX/nvp_cfg_capture_generation_reg[8]/D
 15  CDC-15  Warning   Clock enable controlled CDC structure detected               0  Max Delay Datapath Only  app/PIO/PIO_EP_inst/G0P8C2_CAPTURE/MAILBOX/cfg_hold_pcie_reg[51]/C            app/PIO/PIO_EP_inst/G0P8C2_CAPTURE/MAILBOX/nvp_cfg_capture_generation_reg[9]/D
 16  CDC-15  Warning   Clock enable controlled CDC structure detected               0  Max Delay Datapath Only  app/PIO/PIO_EP_inst/G0P8C2_CAPTURE/MAILBOX/cfg_hold_pcie_reg[52]/C            app/PIO/PIO_EP_inst/G0P8C2_CAPTURE/MAILBOX/nvp_cfg_capture_generation_reg[10]/D
 17  CDC-15  Warning   Clock enable controlled CDC structure detected               0  Max Delay Datapath Only  app/PIO/PIO_EP_inst/G0P8C2_CAPTURE/MAILBOX/cfg_hold_pcie_reg[53]/C            app/PIO/PIO_EP_inst/G0P8C2_CAPTURE/MAILBOX/nvp_cfg_capture_generation_reg[11]/D
 18  CDC-15  Warning   Clock enable controlled CDC structure detected               0  Max Delay Datapath Only  app/PIO/PIO_EP_inst/G0P8C2_CAPTURE/MAILBOX/cfg_hold_pcie_reg[54]/C            app/PIO/PIO_EP_inst/G0P8C2_CAPTURE/MAILBOX/nvp_cfg_capture_generation_reg[12]/D
 19  CDC-15  Warning   Clock enable controlled CDC structure detected               0  Max Delay Datapath Only  app/PIO/PIO_EP_inst/G0P8C2_CAPTURE/MAILBOX/cfg_hold_pcie_reg[55]/C            app/PIO/PIO_EP_inst/G0P8C2_CAPTURE/MAILBOX/nvp_cfg_capture_generation_reg[13]/D
 20  CDC-15  Warning   Clock enable controlled CDC structure detected               0  Max Delay Datapath Only  app/PIO/PIO_EP_inst/G0P8C2_CAPTURE/MAILBOX/cfg_hold_pcie_reg[56]/C            app/PIO/PIO_EP_inst/G0P8C2_CAPTURE/MAILBOX/nvp_cfg_capture_generation_reg[14]/D
 21  CDC-15  Warning   Clock enable controlled CDC structure detected               0  Max Delay Datapath Only  app/PIO/PIO_EP_inst/G0P8C2_CAPTURE/MAILBOX/cfg_hold_pcie_reg[57]/C            app/PIO/PIO_EP_inst/G0P8C2_CAPTURE/MAILBOX/nvp_cfg_capture_generation_reg[15]/D
 22  CDC-15  Warning   Clock enable controlled CDC structure detected               0  Max Delay Datapath Only  app/PIO/PIO_EP_inst/G0P8C2_CAPTURE/MAILBOX/cfg_hold_pcie_reg[58]/C            app/PIO/PIO_EP_inst/G0P8C2_CAPTURE/MAILBOX/nvp_cfg_capture_generation_reg[16]/D
 23  CDC-15  Warning   Clock enable controlled CDC structure detected               0  Max Delay Datapath Only  app/PIO/PIO_EP_inst/G0P8C2_CAPTURE/MAILBOX/cfg_hold_pcie_reg[59]/C            app/PIO/PIO_EP_inst/G0P8C2_CAPTURE/MAILBOX/nvp_cfg_capture_generation_reg[17]/D
 24  CDC-15  Warning   Clock enable controlled CDC structure detected               0  Max Delay Datapath Only  app/PIO/PIO_EP_inst/G0P8C2_CAPTURE/MAILBOX/cfg_hold_pcie_reg[60]/C            app/PIO/PIO_EP_inst/G0P8C2_CAPTURE/MAILBOX/nvp_cfg_capture_generation_reg[18]/D
 25  CDC-15  Warning   Clock enable controlled CDC structure detected               0  Max Delay Datapath Only  app/PIO/PIO_EP_inst/G0P8C2_CAPTURE/MAILBOX/cfg_hold_pcie_reg[61]/C            app/PIO/PIO_EP_inst/G0P8C2_CAPTURE/MAILBOX/nvp_cfg_capture_generation_reg[19]/D
 26  CDC-15  Warning   Clock enable controlled CDC structure detected               0  Max Delay Datapath Only  app/PIO/PIO_EP_inst/G0P8C2_CAPTURE/MAILBOX/cfg_hold_pcie_reg[62]/C            app/PIO/PIO_EP_inst/G0P8C2_CAPTURE/MAILBOX/nvp_cfg_capture_generation_reg[20]/D
 27  CDC-15  Warning   Clock enable controlled CDC structure detected               0  Max Delay Datapath Only  app/PIO/PIO_EP_inst/G0P8C2_CAPTURE/MAILBOX/cfg_hold_pcie_reg[63]/C            app/PIO/PIO_EP_inst/G0P8C2_CAPTURE/MAILBOX/nvp_cfg_capture_generation_reg[21]/D
 28  CDC-15  Warning   Clock enable controlled CDC structure detected               0  Max Delay Datapath Only  app/PIO/PIO_EP_inst/G0P8C2_CAPTURE/MAILBOX/cfg_hold_pcie_reg[64]/C            app/PIO/PIO_EP_inst/G0P8C2_CAPTURE/MAILBOX/nvp_cfg_capture_generation_reg[22]/D
 29  CDC-15  Warning   Clock enable controlled CDC structure detected               0  Max Delay Datapath Only  app/PIO/PIO_EP_inst/G0P8C2_CAPTURE/MAILBOX/cfg_hold_pcie_reg[65]/C            app/PIO/PIO_EP_inst/G0P8C2_CAPTURE/MAILBOX/nvp_cfg_capture_generation_reg[23]/D
 30  CDC-15  Warning   Clock enable controlled CDC structure detected               0  Max Delay Datapath Only  app/PIO/PIO_EP_inst/G0P8C2_CAPTURE/MAILBOX/cfg_hold_pcie_reg[66]/C            app/PIO/PIO_EP_inst/G0P8C2_CAPTURE/MAILBOX/nvp_cfg_capture_generation_reg[24]/D
 31  CDC-15  Warning   Clock enable controlled CDC structure detected               0  Max Delay Datapath Only  app/PIO/PIO_EP_inst/G0P8C2_CAPTURE/MAILBOX/cfg_hold_pcie_reg[67]/C            app/PIO/PIO_EP_inst/G0P8C2_CAPTURE/MAILBOX/nvp_cfg_capture_generation_reg[25]/D
 32  CDC-15  Warning   Clock enable controlled CDC structure detected               0  Max Delay Datapath Only  app/PIO/PIO_EP_inst/G0P8C2_CAPTURE/MAILBOX/cfg_hold_pcie_reg[68]/C            app/PIO/PIO_EP_inst/G0P8C2_CAPTURE/MAILBOX/nvp_cfg_capture_generation_reg[26]/D
 33  CDC-15  Warning   Clock enable controlled CDC structure detected               0  Max Delay Datapath Only  app/PIO/PIO_EP_inst/G0P8C2_CAPTURE/MAILBOX/cfg_hold_pcie_reg[69]/C            app/PIO/PIO_EP_inst/G0P8C2_CAPTURE/MAILBOX/nvp_cfg_capture_generation_reg[27]/D
 34  CDC-15  Warning   Clock enable controlled CDC structure detected               0  Max Delay Datapath Only  app/PIO/PIO_EP_inst/G0P8C2_CAPTURE/MAILBOX/cfg_hold_pcie_reg[70]/C            app/PIO/PIO_EP_inst/G0P8C2_CAPTURE/MAILBOX/nvp_cfg_capture_generation_reg[28]/D
 35  CDC-15  Warning   Clock enable controlled CDC structure detected               0  Max Delay Datapath Only  app/PIO/PIO_EP_inst/G0P8C2_CAPTURE/MAILBOX/cfg_hold_pcie_reg[71]/C            app/PIO/PIO_EP_inst/G0P8C2_CAPTURE/MAILBOX/nvp_cfg_capture_generation_reg[29]/D
 36  CDC-15  Warning   Clock enable controlled CDC structure detected               0  Max Delay Datapath Only  app/PIO/PIO_EP_inst/G0P8C2_CAPTURE/MAILBOX/cfg_hold_pcie_reg[72]/C            app/PIO/PIO_EP_inst/G0P8C2_CAPTURE/MAILBOX/nvp_cfg_capture_generation_reg[30]/D
 37  CDC-15  Warning   Clock enable controlled CDC structure detected               0  Max Delay Datapath Only  app/PIO/PIO_EP_inst/G0P8C2_CAPTURE/MAILBOX/cfg_hold_pcie_reg[73]/C            app/PIO/PIO_EP_inst/G0P8C2_CAPTURE/MAILBOX/nvp_cfg_capture_generation_reg[31]/D
 38  CDC-15  Warning   Clock enable controlled CDC structure detected               0  Max Delay Datapath Only  app/PIO/PIO_EP_inst/G0P8C2_CAPTURE/MAILBOX/cfg_hold_pcie_reg[2]/C             app/PIO/PIO_EP_inst/G0P8C2_CAPTURE/MAILBOX/nvp_cfg_clear_errors_reg/D
 39  CDC-15  Warning   Clock enable controlled CDC structure detected               0  Max Delay Datapath Only  app/PIO/PIO_EP_inst/G0P8C2_CAPTURE/MAILBOX/cfg_hold_pcie_reg[5]/C             app/PIO/PIO_EP_inst/G0P8C2_CAPTURE/MAILBOX/nvp_cfg_line_count_requested_reg[0]/D
 40  CDC-15  Warning   Clock enable controlled CDC structure detected               0  Max Delay Datapath Only  app/PIO/PIO_EP_inst/G0P8C2_CAPTURE/MAILBOX/cfg_hold_pcie_reg[6]/C             app/PIO/PIO_EP_inst/G0P8C2_CAPTURE/MAILBOX/nvp_cfg_line_count_requested_reg[1]/D
 41  CDC-15  Warning   Clock enable controlled CDC structure detected               0  Max Delay Datapath Only  app/PIO/PIO_EP_inst/G0P8C2_CAPTURE/MAILBOX/cfg_hold_pcie_reg[7]/C             app/PIO/PIO_EP_inst/G0P8C2_CAPTURE/MAILBOX/nvp_cfg_line_count_requested_reg[2]/D
 42  CDC-15  Warning   Clock enable controlled CDC structure detected               0  Max Delay Datapath Only  app/PIO/PIO_EP_inst/G0P8C2_CAPTURE/MAILBOX/cfg_hold_pcie_reg[8]/C             app/PIO/PIO_EP_inst/G0P8C2_CAPTURE/MAILBOX/nvp_cfg_line_count_requested_reg[3]/D
 43  CDC-15  Warning   Clock enable controlled CDC structure detected               0  Max Delay Datapath Only  app/PIO/PIO_EP_inst/G0P8C2_CAPTURE/MAILBOX/cfg_hold_pcie_reg[9]/C             app/PIO/PIO_EP_inst/G0P8C2_CAPTURE/MAILBOX/nvp_cfg_line_count_requested_reg[4]/D
 44  CDC-15  Warning   Clock enable controlled CDC structure detected               0  Max Delay Datapath Only  app/PIO/PIO_EP_inst/G0P8C2_CAPTURE/MAILBOX/cfg_hold_pcie_reg[3]/C             app/PIO/PIO_EP_inst/G0P8C2_CAPTURE/MAILBOX/nvp_cfg_single_line_reg/D
 45  CDC-15  Warning   Clock enable controlled CDC structure detected               0  Max Delay Datapath Only  app/PIO/PIO_EP_inst/G0P8C2_CAPTURE/MAILBOX/cfg_hold_pcie_reg[10]/C            app/PIO/PIO_EP_inst/G0P8C2_CAPTURE/MAILBOX/nvp_cfg_target_line_reg[0]/D
 46  CDC-15  Warning   Clock enable controlled CDC structure detected               0  Max Delay Datapath Only  app/PIO/PIO_EP_inst/G0P8C2_CAPTURE/MAILBOX/cfg_hold_pcie_reg[11]/C            app/PIO/PIO_EP_inst/G0P8C2_CAPTURE/MAILBOX/nvp_cfg_target_line_reg[1]/D
 47  CDC-15  Warning   Clock enable controlled CDC structure detected               0  Max Delay Datapath Only  app/PIO/PIO_EP_inst/G0P8C2_CAPTURE/MAILBOX/cfg_hold_pcie_reg[12]/C            app/PIO/PIO_EP_inst/G0P8C2_CAPTURE/MAILBOX/nvp_cfg_target_line_reg[2]/D
 48  CDC-15  Warning   Clock enable controlled CDC structure detected               0  Max Delay Datapath Only  app/PIO/PIO_EP_inst/G0P8C2_CAPTURE/MAILBOX/cfg_hold_pcie_reg[13]/C            app/PIO/PIO_EP_inst/G0P8C2_CAPTURE/MAILBOX/nvp_cfg_target_line_reg[3]/D
 49  CDC-15  Warning   Clock enable controlled CDC structure detected               0  Max Delay Datapath Only  app/PIO/PIO_EP_inst/G0P8C2_CAPTURE/MAILBOX/cfg_hold_pcie_reg[14]/C            app/PIO/PIO_EP_inst/G0P8C2_CAPTURE/MAILBOX/nvp_cfg_target_line_reg[4]/D
 50  CDC-15  Warning   Clock enable controlled CDC structure detected               0  Max Delay Datapath Only  app/PIO/PIO_EP_inst/G0P8C2_CAPTURE/MAILBOX/cfg_hold_pcie_reg[15]/C            app/PIO/PIO_EP_inst/G0P8C2_CAPTURE/MAILBOX/nvp_cfg_target_line_reg[5]/D
 51  CDC-15  Warning   Clock enable controlled CDC structure detected               0  Max Delay Datapath Only  app/PIO/PIO_EP_inst/G0P8C2_CAPTURE/MAILBOX/cfg_hold_pcie_reg[16]/C            app/PIO/PIO_EP_inst/G0P8C2_CAPTURE/MAILBOX/nvp_cfg_target_line_reg[6]/D
 52  CDC-15  Warning   Clock enable controlled CDC structure detected               0  Max Delay Datapath Only  app/PIO/PIO_EP_inst/G0P8C2_CAPTURE/MAILBOX/cfg_hold_pcie_reg[17]/C            app/PIO/PIO_EP_inst/G0P8C2_CAPTURE/MAILBOX/nvp_cfg_target_line_reg[7]/D
 53  CDC-15  Warning   Clock enable controlled CDC structure detected               0  Max Delay Datapath Only  app/PIO/PIO_EP_inst/G0P8C2_CAPTURE/MAILBOX/cfg_hold_pcie_reg[18]/C            app/PIO/PIO_EP_inst/G0P8C2_CAPTURE/MAILBOX/nvp_cfg_target_line_reg[8]/D
 54  CDC-15  Warning   Clock enable controlled CDC structure detected               0  Max Delay Datapath Only  app/PIO/PIO_EP_inst/G0P8C2_CAPTURE/MAILBOX/cfg_hold_pcie_reg[19]/C            app/PIO/PIO_EP_inst/G0P8C2_CAPTURE/MAILBOX/nvp_cfg_target_line_reg[9]/D
 55  CDC-15  Warning   Clock enable controlled CDC structure detected               0  Max Delay Datapath Only  app/PIO/PIO_EP_inst/G0P8C2_CAPTURE/MAILBOX/cfg_hold_pcie_reg[20]/C            app/PIO/PIO_EP_inst/G0P8C2_CAPTURE/MAILBOX/nvp_cfg_target_line_reg[10]/D
 56  CDC-15  Warning   Clock enable controlled CDC structure detected               0  Max Delay Datapath Only  app/PIO/PIO_EP_inst/G0P8C2_CAPTURE/MAILBOX/cfg_hold_pcie_reg[21]/C            app/PIO/PIO_EP_inst/G0P8C2_CAPTURE/MAILBOX/nvp_cfg_target_line_reg[11]/D
 57  CDC-15  Warning   Clock enable controlled CDC structure detected               0  Max Delay Datapath Only  app/PIO/PIO_EP_inst/G0P8C2_CAPTURE/MAILBOX/cfg_hold_pcie_reg[22]/C            app/PIO/PIO_EP_inst/G0P8C2_CAPTURE/MAILBOX/nvp_cfg_target_line_reg[12]/D
 58  CDC-15  Warning   Clock enable controlled CDC structure detected               0  Max Delay Datapath Only  app/PIO/PIO_EP_inst/G0P8C2_CAPTURE/MAILBOX/cfg_hold_pcie_reg[23]/C            app/PIO/PIO_EP_inst/G0P8C2_CAPTURE/MAILBOX/nvp_cfg_target_line_reg[13]/D
 59  CDC-15  Warning   Clock enable controlled CDC structure detected               0  Max Delay Datapath Only  app/PIO/PIO_EP_inst/G0P8C2_CAPTURE/MAILBOX/cfg_hold_pcie_reg[24]/C            app/PIO/PIO_EP_inst/G0P8C2_CAPTURE/MAILBOX/nvp_cfg_target_line_reg[14]/D
 60  CDC-15  Warning   Clock enable controlled CDC structure detected               0  Max Delay Datapath Only  app/PIO/PIO_EP_inst/G0P8C2_CAPTURE/MAILBOX/cfg_hold_pcie_reg[25]/C            app/PIO/PIO_EP_inst/G0P8C2_CAPTURE/MAILBOX/nvp_cfg_target_line_reg[15]/D
 61  CDC-15  Warning   Clock enable controlled CDC structure detected               0  Max Delay Datapath Only  app/PIO/PIO_EP_inst/G0P8C2_CAPTURE/MAILBOX/cfg_hold_pcie_reg[26]/C            app/PIO/PIO_EP_inst/G0P8C2_CAPTURE/MAILBOX/nvp_cfg_target_line_reg[16]/D
 62  CDC-15  Warning   Clock enable controlled CDC structure detected               0  Max Delay Datapath Only  app/PIO/PIO_EP_inst/G0P8C2_CAPTURE/MAILBOX/cfg_hold_pcie_reg[27]/C            app/PIO/PIO_EP_inst/G0P8C2_CAPTURE/MAILBOX/nvp_cfg_target_line_reg[17]/D
 63  CDC-15  Warning   Clock enable controlled CDC structure detected               0  Max Delay Datapath Only  app/PIO/PIO_EP_inst/G0P8C2_CAPTURE/MAILBOX/cfg_hold_pcie_reg[28]/C            app/PIO/PIO_EP_inst/G0P8C2_CAPTURE/MAILBOX/nvp_cfg_target_line_reg[18]/D
 64  CDC-15  Warning   Clock enable controlled CDC structure detected               0  Max Delay Datapath Only  app/PIO/PIO_EP_inst/G0P8C2_CAPTURE/MAILBOX/cfg_hold_pcie_reg[29]/C            app/PIO/PIO_EP_inst/G0P8C2_CAPTURE/MAILBOX/nvp_cfg_target_line_reg[19]/D
 65  CDC-15  Warning   Clock enable controlled CDC structure detected               0  Max Delay Datapath Only  app/PIO/PIO_EP_inst/G0P8C2_CAPTURE/MAILBOX/cfg_hold_pcie_reg[30]/C            app/PIO/PIO_EP_inst/G0P8C2_CAPTURE/MAILBOX/nvp_cfg_target_line_reg[20]/D
 66  CDC-15  Warning   Clock enable controlled CDC structure detected               0  Max Delay Datapath Only  app/PIO/PIO_EP_inst/G0P8C2_CAPTURE/MAILBOX/cfg_hold_pcie_reg[31]/C            app/PIO/PIO_EP_inst/G0P8C2_CAPTURE/MAILBOX/nvp_cfg_target_line_reg[21]/D
 67  CDC-15  Warning   Clock enable controlled CDC structure detected               0  Max Delay Datapath Only  app/PIO/PIO_EP_inst/G0P8C2_CAPTURE/MAILBOX/cfg_hold_pcie_reg[32]/C            app/PIO/PIO_EP_inst/G0P8C2_CAPTURE/MAILBOX/nvp_cfg_target_line_reg[22]/D
 68  CDC-15  Warning   Clock enable controlled CDC structure detected               0  Max Delay Datapath Only  app/PIO/PIO_EP_inst/G0P8C2_CAPTURE/MAILBOX/cfg_hold_pcie_reg[33]/C            app/PIO/PIO_EP_inst/G0P8C2_CAPTURE/MAILBOX/nvp_cfg_target_line_reg[23]/D
 69  CDC-15  Warning   Clock enable controlled CDC structure detected               0  Max Delay Datapath Only  app/PIO/PIO_EP_inst/G0P8C2_CAPTURE/MAILBOX/cfg_hold_pcie_reg[34]/C            app/PIO/PIO_EP_inst/G0P8C2_CAPTURE/MAILBOX/nvp_cfg_target_line_reg[24]/D
 70  CDC-15  Warning   Clock enable controlled CDC structure detected               0  Max Delay Datapath Only  app/PIO/PIO_EP_inst/G0P8C2_CAPTURE/MAILBOX/cfg_hold_pcie_reg[35]/C            app/PIO/PIO_EP_inst/G0P8C2_CAPTURE/MAILBOX/nvp_cfg_target_line_reg[25]/D
 71  CDC-15  Warning   Clock enable controlled CDC structure detected               0  Max Delay Datapath Only  app/PIO/PIO_EP_inst/G0P8C2_CAPTURE/MAILBOX/cfg_hold_pcie_reg[36]/C            app/PIO/PIO_EP_inst/G0P8C2_CAPTURE/MAILBOX/nvp_cfg_target_line_reg[26]/D
 72  CDC-15  Warning   Clock enable controlled CDC structure detected               0  Max Delay Datapath Only  app/PIO/PIO_EP_inst/G0P8C2_CAPTURE/MAILBOX/cfg_hold_pcie_reg[37]/C            app/PIO/PIO_EP_inst/G0P8C2_CAPTURE/MAILBOX/nvp_cfg_target_line_reg[27]/D
 73  CDC-15  Warning   Clock enable controlled CDC structure detected               0  Max Delay Datapath Only  app/PIO/PIO_EP_inst/G0P8C2_CAPTURE/MAILBOX/cfg_hold_pcie_reg[38]/C            app/PIO/PIO_EP_inst/G0P8C2_CAPTURE/MAILBOX/nvp_cfg_target_line_reg[28]/D
 74  CDC-15  Warning   Clock enable controlled CDC structure detected               0  Max Delay Datapath Only  app/PIO/PIO_EP_inst/G0P8C2_CAPTURE/MAILBOX/cfg_hold_pcie_reg[39]/C            app/PIO/PIO_EP_inst/G0P8C2_CAPTURE/MAILBOX/nvp_cfg_target_line_reg[29]/D
 75  CDC-15  Warning   Clock enable controlled CDC structure detected               0  Max Delay Datapath Only  app/PIO/PIO_EP_inst/G0P8C2_CAPTURE/MAILBOX/cfg_hold_pcie_reg[40]/C            app/PIO/PIO_EP_inst/G0P8C2_CAPTURE/MAILBOX/nvp_cfg_target_line_reg[30]/D
 76  CDC-15  Warning   Clock enable controlled CDC structure detected               0  Max Delay Datapath Only  app/PIO/PIO_EP_inst/G0P8C2_CAPTURE/MAILBOX/cfg_hold_pcie_reg[41]/C            app/PIO/PIO_EP_inst/G0P8C2_CAPTURE/MAILBOX/nvp_cfg_target_line_reg[31]/D
 77  CDC-15  Warning   Clock enable controlled CDC structure detected               0  Max Delay Datapath Only  app/PIO/PIO_EP_inst/G0P8C2_CAPTURE/MAILBOX/cfg_hold_pcie_reg[4]/C             app/PIO/PIO_EP_inst/G0P8C2_CAPTURE/MAILBOX/nvp_cfg_window_16_lines_reg/D
 78  CDC-3   Info      1-bit synchronized with ASYNC_REG property                   2  False Path               app/PIO/PIO_EP_inst/G0P8C2_CAPTURE/MAILBOX/status_req_seen_pcie_reg/C         app/PIO/PIO_EP_inst/G0P8C2_CAPTURE/MAILBOX/status_ack_sync1_nvp_reg/D
 79  CDC-9   Info      Asynchronous reset synchronized with ASYNC_REG property      4  False Path               nvp_reset_app_user_reg/C                                                      app/PIO/PIO_EP_inst/G0P8C2_CAPTURE/NVP_RESET_TO_NVP_SYNC/arststages_ff_reg[0]/PRE
 80  CDC-9   Info      Asynchronous reset synchronized with ASYNC_REG property      4  False Path               app/PIO/pio_reset_n_reg/C                                                     app/PIO/PIO_EP_inst/G0P8C2_CAPTURE/PCIE_RESET_TO_NVP_SYNC/arststages_ff_reg[0]/PRE
 81  CDC-9   Info      Asynchronous reset synchronized with ASYNC_REG property      2  False Path               nvp_reset_ready_user_reg/C                                                    nvp_ready_sync_reg[0]/CLR

Source Clock: clk_125mhz
Destination Clock: userclk1
CDC Type: User Ignored

Row  ID     Severity  Description                                 Depth  Exception   Source (From)                                                                              Destination (To)
---  -----  --------  ------------------------------------------  -----  ----------  -----------------------------------------------------------------------------------------  ----------------------------------------------------------------------------------------------
  1  CDC-3  Info      1-bit synchronized with ASYNC_REG property      3  False Path  pcie7_g0p8c0_support_i/pcie7_g0p8c0_i/inst/inst/pcie_top_i/pcie_7x_i/pcie_block_i/PIPECLK  pcie7_g0p8c0_support_i/pcie7_g0p8c0_i/inst/inst/phy_lnk_up_cdc/syncstages_ff_reg[0]/D
  2  CDC-3  Info      1-bit synchronized with ASYNC_REG property      3  False Path  pcie7_g0p8c0_support_i/pcie7_g0p8c0_i/inst/inst/pcie_top_i/pcie_7x_i/pcie_block_i/PIPECLK  pcie7_g0p8c0_support_i/pcie7_g0p8c0_i/inst/inst/pl_received_hot_rst_cdc/syncstages_ff_reg[0]/D

Source Clock: nvp_vclk1
Destination Clock: userclk1
CDC Type: No Common Primary Clock

Row  ID      Severity  Description                                     Depth  Exception                Source (From)                                                                Destination (To)
---  ------  --------  ----------------------------------------------  -----  -----------------------  ---------------------------------------------------------------------------  --------------------------------------------------------------------------
  1  CDC-6   Warning   Multi-bit synchronized with ASYNC_REG property      2  False Path               app/PIO/PIO_EP_inst/G0P8C2_CAPTURE/BAR_TARGET/commit_toggle_prod_reg[1:0]/C  app/PIO/PIO_EP_inst/G0P8C2_CAPTURE/BAR_TARGET/commit_sync1_reg[1:0]/D
  2  CDC-3   Info      1-bit synchronized with ASYNC_REG property          2  False Path               app/PIO/PIO_EP_inst/G0P8C2_CAPTURE/MAILBOX/cfg_req_seen_nvp_reg/C            app/PIO/PIO_EP_inst/G0P8C2_CAPTURE/MAILBOX/cfg_ack_sync1_pcie_reg/D
  3  CDC-15  Warning   Clock enable controlled CDC structure detected      0  Max Delay Datapath Only  app/PIO/PIO_EP_inst/G0P8C2_CAPTURE/MAILBOX/status_hold_nvp_reg[1]/C          app/PIO/PIO_EP_inst/G0P8C2_CAPTURE/MAILBOX/status_bus_pcie_reg[1]/D
  4  CDC-15  Warning   Clock enable controlled CDC structure detected      0  Max Delay Datapath Only  app/PIO/PIO_EP_inst/G0P8C2_CAPTURE/MAILBOX/status_hold_nvp_reg[2]/C          app/PIO/PIO_EP_inst/G0P8C2_CAPTURE/MAILBOX/status_bus_pcie_reg[2]/D
  5  CDC-15  Warning   Clock enable controlled CDC structure detected      0  Max Delay Datapath Only  app/PIO/PIO_EP_inst/G0P8C2_CAPTURE/MAILBOX/status_hold_nvp_reg[3]/C          app/PIO/PIO_EP_inst/G0P8C2_CAPTURE/MAILBOX/status_bus_pcie_reg[3]/D
  6  CDC-15  Warning   Clock enable controlled CDC structure detected      0  Max Delay Datapath Only  app/PIO/PIO_EP_inst/G0P8C2_CAPTURE/MAILBOX/status_hold_nvp_reg[4]/C          app/PIO/PIO_EP_inst/G0P8C2_CAPTURE/MAILBOX/status_bus_pcie_reg[4]/D
  7  CDC-15  Warning   Clock enable controlled CDC structure detected      0  Max Delay Datapath Only  app/PIO/PIO_EP_inst/G0P8C2_CAPTURE/MAILBOX/status_hold_nvp_reg[5]/C          app/PIO/PIO_EP_inst/G0P8C2_CAPTURE/MAILBOX/status_bus_pcie_reg[5]/D
  8  CDC-15  Warning   Clock enable controlled CDC structure detected      0  Max Delay Datapath Only  app/PIO/PIO_EP_inst/G0P8C2_CAPTURE/MAILBOX/status_hold_nvp_reg[6]/C          app/PIO/PIO_EP_inst/G0P8C2_CAPTURE/MAILBOX/status_bus_pcie_reg[6]/D
  9  CDC-15  Warning   Clock enable controlled CDC structure detected      0  Max Delay Datapath Only  app/PIO/PIO_EP_inst/G0P8C2_CAPTURE/MAILBOX/status_hold_nvp_reg[7]/C          app/PIO/PIO_EP_inst/G0P8C2_CAPTURE/MAILBOX/status_bus_pcie_reg[7]/D
 10  CDC-15  Warning   Clock enable controlled CDC structure detected      0  Max Delay Datapath Only  app/PIO/PIO_EP_inst/G0P8C2_CAPTURE/MAILBOX/status_hold_nvp_reg[8]/C          app/PIO/PIO_EP_inst/G0P8C2_CAPTURE/MAILBOX/status_bus_pcie_reg[8]/D
 11  CDC-15  Warning   Clock enable controlled CDC structure detected      0  Max Delay Datapath Only  app/PIO/PIO_EP_inst/G0P8C2_CAPTURE/MAILBOX/status_hold_nvp_reg[9]/C          app/PIO/PIO_EP_inst/G0P8C2_CAPTURE/MAILBOX/status_bus_pcie_reg[9]/D
 12  CDC-15  Warning   Clock enable controlled CDC structure detected      0  Max Delay Datapath Only  app/PIO/PIO_EP_inst/G0P8C2_CAPTURE/MAILBOX/status_hold_nvp_reg[10]/C         app/PIO/PIO_EP_inst/G0P8C2_CAPTURE/MAILBOX/status_bus_pcie_reg[10]/D
 13  CDC-15  Warning   Clock enable controlled CDC structure detected      0  Max Delay Datapath Only  app/PIO/PIO_EP_inst/G0P8C2_CAPTURE/MAILBOX/status_hold_nvp_reg[11]/C         app/PIO/PIO_EP_inst/G0P8C2_CAPTURE/MAILBOX/status_bus_pcie_reg[11]/D
 14  CDC-15  Warning   Clock enable controlled CDC structure detected      0  Max Delay Datapath Only  app/PIO/PIO_EP_inst/G0P8C2_CAPTURE/MAILBOX/status_hold_nvp_reg[12]/C         app/PIO/PIO_EP_inst/G0P8C2_CAPTURE/MAILBOX/status_bus_pcie_reg[12]/D
 15  CDC-15  Warning   Clock enable controlled CDC structure detected      0  Max Delay Datapath Only  app/PIO/PIO_EP_inst/G0P8C2_CAPTURE/MAILBOX/status_hold_nvp_reg[13]/C         app/PIO/PIO_EP_inst/G0P8C2_CAPTURE/MAILBOX/status_bus_pcie_reg[13]/D
 16  CDC-15  Warning   Clock enable controlled CDC structure detected      0  Max Delay Datapath Only  app/PIO/PIO_EP_inst/G0P8C2_CAPTURE/MAILBOX/status_hold_nvp_reg[14]/C         app/PIO/PIO_EP_inst/G0P8C2_CAPTURE/MAILBOX/status_bus_pcie_reg[14]/D
 17  CDC-15  Warning   Clock enable controlled CDC structure detected      0  Max Delay Datapath Only  app/PIO/PIO_EP_inst/G0P8C2_CAPTURE/MAILBOX/status_hold_nvp_reg[15]/C         app/PIO/PIO_EP_inst/G0P8C2_CAPTURE/MAILBOX/status_bus_pcie_reg[15]/D
 18  CDC-15  Warning   Clock enable controlled CDC structure detected      0  Max Delay Datapath Only  app/PIO/PIO_EP_inst/G0P8C2_CAPTURE/MAILBOX/status_hold_nvp_reg[16]/C         app/PIO/PIO_EP_inst/G0P8C2_CAPTURE/MAILBOX/status_bus_pcie_reg[16]/D
 19  CDC-15  Warning   Clock enable controlled CDC structure detected      0  Max Delay Datapath Only  app/PIO/PIO_EP_inst/G0P8C2_CAPTURE/MAILBOX/status_hold_nvp_reg[17]/C         app/PIO/PIO_EP_inst/G0P8C2_CAPTURE/MAILBOX/status_bus_pcie_reg[17]/D
 20  CDC-15  Warning   Clock enable controlled CDC structure detected      0  Max Delay Datapath Only  app/PIO/PIO_EP_inst/G0P8C2_CAPTURE/MAILBOX/status_hold_nvp_reg[18]/C         app/PIO/PIO_EP_inst/G0P8C2_CAPTURE/MAILBOX/status_bus_pcie_reg[18]/D
 21  CDC-15  Warning   Clock enable controlled CDC structure detected      0  Max Delay Datapath Only  app/PIO/PIO_EP_inst/G0P8C2_CAPTURE/MAILBOX/status_hold_nvp_reg[19]/C         app/PIO/PIO_EP_inst/G0P8C2_CAPTURE/MAILBOX/status_bus_pcie_reg[19]/D
 22  CDC-15  Warning   Clock enable controlled CDC structure detected      0  Max Delay Datapath Only  app/PIO/PIO_EP_inst/G0P8C2_CAPTURE/MAILBOX/status_hold_nvp_reg[20]/C         app/PIO/PIO_EP_inst/G0P8C2_CAPTURE/MAILBOX/status_bus_pcie_reg[20]/D
 23  CDC-15  Warning   Clock enable controlled CDC structure detected      0  Max Delay Datapath Only  app/PIO/PIO_EP_inst/G0P8C2_CAPTURE/MAILBOX/status_hold_nvp_reg[21]/C         app/PIO/PIO_EP_inst/G0P8C2_CAPTURE/MAILBOX/status_bus_pcie_reg[21]/D
 24  CDC-15  Warning   Clock enable controlled CDC structure detected      0  Max Delay Datapath Only  app/PIO/PIO_EP_inst/G0P8C2_CAPTURE/MAILBOX/status_hold_nvp_reg[22]/C         app/PIO/PIO_EP_inst/G0P8C2_CAPTURE/MAILBOX/status_bus_pcie_reg[22]/D
 25  CDC-15  Warning   Clock enable controlled CDC structure detected      0  Max Delay Datapath Only  app/PIO/PIO_EP_inst/G0P8C2_CAPTURE/MAILBOX/status_hold_nvp_reg[23]/C         app/PIO/PIO_EP_inst/G0P8C2_CAPTURE/MAILBOX/status_bus_pcie_reg[23]/D
 26  CDC-15  Warning   Clock enable controlled CDC structure detected      0  Max Delay Datapath Only  app/PIO/PIO_EP_inst/G0P8C2_CAPTURE/MAILBOX/status_hold_nvp_reg[24]/C         app/PIO/PIO_EP_inst/G0P8C2_CAPTURE/MAILBOX/status_bus_pcie_reg[24]/D
 27  CDC-15  Warning   Clock enable controlled CDC structure detected      0  Max Delay Datapath Only  app/PIO/PIO_EP_inst/G0P8C2_CAPTURE/MAILBOX/status_hold_nvp_reg[25]/C         app/PIO/PIO_EP_inst/G0P8C2_CAPTURE/MAILBOX/status_bus_pcie_reg[25]/D
 28  CDC-15  Warning   Clock enable controlled CDC structure detected      0  Max Delay Datapath Only  app/PIO/PIO_EP_inst/G0P8C2_CAPTURE/MAILBOX/status_hold_nvp_reg[26]/C         app/PIO/PIO_EP_inst/G0P8C2_CAPTURE/MAILBOX/status_bus_pcie_reg[26]/D
 29  CDC-15  Warning   Clock enable controlled CDC structure detected      0  Max Delay Datapath Only  app/PIO/PIO_EP_inst/G0P8C2_CAPTURE/MAILBOX/status_hold_nvp_reg[27]/C         app/PIO/PIO_EP_inst/G0P8C2_CAPTURE/MAILBOX/status_bus_pcie_reg[27]/D
 30  CDC-15  Warning   Clock enable controlled CDC structure detected      0  Max Delay Datapath Only  app/PIO/PIO_EP_inst/G0P8C2_CAPTURE/MAILBOX/status_hold_nvp_reg[28]/C         app/PIO/PIO_EP_inst/G0P8C2_CAPTURE/MAILBOX/status_bus_pcie_reg[28]/D
 31  CDC-15  Warning   Clock enable controlled CDC structure detected      0  Max Delay Datapath Only  app/PIO/PIO_EP_inst/G0P8C2_CAPTURE/MAILBOX/status_hold_nvp_reg[29]/C         app/PIO/PIO_EP_inst/G0P8C2_CAPTURE/MAILBOX/status_bus_pcie_reg[29]/D
 32  CDC-15  Warning   Clock enable controlled CDC structure detected      0  Max Delay Datapath Only  app/PIO/PIO_EP_inst/G0P8C2_CAPTURE/MAILBOX/status_hold_nvp_reg[30]/C         app/PIO/PIO_EP_inst/G0P8C2_CAPTURE/MAILBOX/status_bus_pcie_reg[30]/D
 33  CDC-15  Warning   Clock enable controlled CDC structure detected      0  Max Delay Datapath Only  app/PIO/PIO_EP_inst/G0P8C2_CAPTURE/MAILBOX/status_hold_nvp_reg[31]/C         app/PIO/PIO_EP_inst/G0P8C2_CAPTURE/MAILBOX/status_bus_pcie_reg[31]/D
 34  CDC-15  Warning   Clock enable controlled CDC structure detected      0  Max Delay Datapath Only  app/PIO/PIO_EP_inst/G0P8C2_CAPTURE/MAILBOX/status_hold_nvp_reg[32]/C         app/PIO/PIO_EP_inst/G0P8C2_CAPTURE/MAILBOX/status_bus_pcie_reg[32]/D
 35  CDC-15  Warning   Clock enable controlled CDC structure detected      0  Max Delay Datapath Only  app/PIO/PIO_EP_inst/G0P8C2_CAPTURE/MAILBOX/status_hold_nvp_reg[33]/C         app/PIO/PIO_EP_inst/G0P8C2_CAPTURE/MAILBOX/status_bus_pcie_reg[33]/D
 36  CDC-15  Warning   Clock enable controlled CDC structure detected      0  Max Delay Datapath Only  app/PIO/PIO_EP_inst/G0P8C2_CAPTURE/MAILBOX/status_hold_nvp_reg[34]/C         app/PIO/PIO_EP_inst/G0P8C2_CAPTURE/MAILBOX/status_bus_pcie_reg[34]/D
 37  CDC-15  Warning   Clock enable controlled CDC structure detected      0  Max Delay Datapath Only  app/PIO/PIO_EP_inst/G0P8C2_CAPTURE/MAILBOX/status_hold_nvp_reg[35]/C         app/PIO/PIO_EP_inst/G0P8C2_CAPTURE/MAILBOX/status_bus_pcie_reg[35]/D
 38  CDC-15  Warning   Clock enable controlled CDC structure detected      0  Max Delay Datapath Only  app/PIO/PIO_EP_inst/G0P8C2_CAPTURE/MAILBOX/status_hold_nvp_reg[36]/C         app/PIO/PIO_EP_inst/G0P8C2_CAPTURE/MAILBOX/status_bus_pcie_reg[36]/D
 39  CDC-15  Warning   Clock enable controlled CDC structure detected      0  Max Delay Datapath Only  app/PIO/PIO_EP_inst/G0P8C2_CAPTURE/MAILBOX/status_hold_nvp_reg[37]/C         app/PIO/PIO_EP_inst/G0P8C2_CAPTURE/MAILBOX/status_bus_pcie_reg[37]/D
 40  CDC-15  Warning   Clock enable controlled CDC structure detected      0  Max Delay Datapath Only  app/PIO/PIO_EP_inst/G0P8C2_CAPTURE/MAILBOX/status_hold_nvp_reg[38]/C         app/PIO/PIO_EP_inst/G0P8C2_CAPTURE/MAILBOX/status_bus_pcie_reg[38]/D
 41  CDC-15  Warning   Clock enable controlled CDC structure detected      0  Max Delay Datapath Only  app/PIO/PIO_EP_inst/G0P8C2_CAPTURE/MAILBOX/status_hold_nvp_reg[39]/C         app/PIO/PIO_EP_inst/G0P8C2_CAPTURE/MAILBOX/status_bus_pcie_reg[39]/D
 42  CDC-15  Warning   Clock enable controlled CDC structure detected      0  Max Delay Datapath Only  app/PIO/PIO_EP_inst/G0P8C2_CAPTURE/MAILBOX/status_hold_nvp_reg[40]/C         app/PIO/PIO_EP_inst/G0P8C2_CAPTURE/MAILBOX/status_bus_pcie_reg[40]/D
 43  CDC-15  Warning   Clock enable controlled CDC structure detected      0  Max Delay Datapath Only  app/PIO/PIO_EP_inst/G0P8C2_CAPTURE/MAILBOX/status_hold_nvp_reg[41]/C         app/PIO/PIO_EP_inst/G0P8C2_CAPTURE/MAILBOX/status_bus_pcie_reg[41]/D
 44  CDC-15  Warning   Clock enable controlled CDC structure detected      0  Max Delay Datapath Only  app/PIO/PIO_EP_inst/G0P8C2_CAPTURE/MAILBOX/status_hold_nvp_reg[42]/C         app/PIO/PIO_EP_inst/G0P8C2_CAPTURE/MAILBOX/status_bus_pcie_reg[42]/D
 45  CDC-15  Warning   Clock enable controlled CDC structure detected      0  Max Delay Datapath Only  app/PIO/PIO_EP_inst/G0P8C2_CAPTURE/MAILBOX/status_hold_nvp_reg[43]/C         app/PIO/PIO_EP_inst/G0P8C2_CAPTURE/MAILBOX/status_bus_pcie_reg[43]/D
 46  CDC-15  Warning   Clock enable controlled CDC structure detected      0  Max Delay Datapath Only  app/PIO/PIO_EP_inst/G0P8C2_CAPTURE/MAILBOX/status_hold_nvp_reg[44]/C         app/PIO/PIO_EP_inst/G0P8C2_CAPTURE/MAILBOX/status_bus_pcie_reg[44]/D
 47  CDC-15  Warning   Clock enable controlled CDC structure detected      0  Max Delay Datapath Only  app/PIO/PIO_EP_inst/G0P8C2_CAPTURE/MAILBOX/status_hold_nvp_reg[45]/C         app/PIO/PIO_EP_inst/G0P8C2_CAPTURE/MAILBOX/status_bus_pcie_reg[45]/D
 48  CDC-15  Warning   Clock enable controlled CDC structure detected      0  Max Delay Datapath Only  app/PIO/PIO_EP_inst/G0P8C2_CAPTURE/MAILBOX/status_hold_nvp_reg[46]/C         app/PIO/PIO_EP_inst/G0P8C2_CAPTURE/MAILBOX/status_bus_pcie_reg[46]/D
 49  CDC-15  Warning   Clock enable controlled CDC structure detected      0  Max Delay Datapath Only  app/PIO/PIO_EP_inst/G0P8C2_CAPTURE/MAILBOX/status_hold_nvp_reg[47]/C         app/PIO/PIO_EP_inst/G0P8C2_CAPTURE/MAILBOX/status_bus_pcie_reg[47]/D
 50  CDC-15  Warning   Clock enable controlled CDC structure detected      0  Max Delay Datapath Only  app/PIO/PIO_EP_inst/G0P8C2_CAPTURE/MAILBOX/status_hold_nvp_reg[48]/C         app/PIO/PIO_EP_inst/G0P8C2_CAPTURE/MAILBOX/status_bus_pcie_reg[48]/D
 51  CDC-15  Warning   Clock enable controlled CDC structure detected      0  Max Delay Datapath Only  app/PIO/PIO_EP_inst/G0P8C2_CAPTURE/MAILBOX/status_hold_nvp_reg[49]/C         app/PIO/PIO_EP_inst/G0P8C2_CAPTURE/MAILBOX/status_bus_pcie_reg[49]/D
 52  CDC-15  Warning   Clock enable controlled CDC structure detected      0  Max Delay Datapath Only  app/PIO/PIO_EP_inst/G0P8C2_CAPTURE/MAILBOX/status_hold_nvp_reg[50]/C         app/PIO/PIO_EP_inst/G0P8C2_CAPTURE/MAILBOX/status_bus_pcie_reg[50]/D
 53  CDC-15  Warning   Clock enable controlled CDC structure detected      0  Max Delay Datapath Only  app/PIO/PIO_EP_inst/G0P8C2_CAPTURE/MAILBOX/status_hold_nvp_reg[51]/C         app/PIO/PIO_EP_inst/G0P8C2_CAPTURE/MAILBOX/status_bus_pcie_reg[51]/D
 54  CDC-15  Warning   Clock enable controlled CDC structure detected      0  Max Delay Datapath Only  app/PIO/PIO_EP_inst/G0P8C2_CAPTURE/MAILBOX/status_hold_nvp_reg[52]/C         app/PIO/PIO_EP_inst/G0P8C2_CAPTURE/MAILBOX/status_bus_pcie_reg[52]/D
 55  CDC-15  Warning   Clock enable controlled CDC structure detected      0  Max Delay Datapath Only  app/PIO/PIO_EP_inst/G0P8C2_CAPTURE/MAILBOX/status_hold_nvp_reg[53]/C         app/PIO/PIO_EP_inst/G0P8C2_CAPTURE/MAILBOX/status_bus_pcie_reg[53]/D
 56  CDC-15  Warning   Clock enable controlled CDC structure detected      0  Max Delay Datapath Only  app/PIO/PIO_EP_inst/G0P8C2_CAPTURE/MAILBOX/status_hold_nvp_reg[54]/C         app/PIO/PIO_EP_inst/G0P8C2_CAPTURE/MAILBOX/status_bus_pcie_reg[54]/D
 57  CDC-15  Warning   Clock enable controlled CDC structure detected      0  Max Delay Datapath Only  app/PIO/PIO_EP_inst/G0P8C2_CAPTURE/MAILBOX/status_hold_nvp_reg[55]/C         app/PIO/PIO_EP_inst/G0P8C2_CAPTURE/MAILBOX/status_bus_pcie_reg[55]/D
 58  CDC-15  Warning   Clock enable controlled CDC structure detected      0  Max Delay Datapath Only  app/PIO/PIO_EP_inst/G0P8C2_CAPTURE/MAILBOX/status_hold_nvp_reg[56]/C         app/PIO/PIO_EP_inst/G0P8C2_CAPTURE/MAILBOX/status_bus_pcie_reg[56]/D
 59  CDC-15  Warning   Clock enable controlled CDC structure detected      0  Max Delay Datapath Only  app/PIO/PIO_EP_inst/G0P8C2_CAPTURE/MAILBOX/status_hold_nvp_reg[57]/C         app/PIO/PIO_EP_inst/G0P8C2_CAPTURE/MAILBOX/status_bus_pcie_reg[57]/D
 60  CDC-15  Warning   Clock enable controlled CDC structure detected      0  Max Delay Datapath Only  app/PIO/PIO_EP_inst/G0P8C2_CAPTURE/MAILBOX/status_hold_nvp_reg[58]/C         app/PIO/PIO_EP_inst/G0P8C2_CAPTURE/MAILBOX/status_bus_pcie_reg[58]/D
 61  CDC-15  Warning   Clock enable controlled CDC structure detected      0  Max Delay Datapath Only  app/PIO/PIO_EP_inst/G0P8C2_CAPTURE/MAILBOX/status_hold_nvp_reg[59]/C         app/PIO/PIO_EP_inst/G0P8C2_CAPTURE/MAILBOX/status_bus_pcie_reg[59]/D
 62  CDC-15  Warning   Clock enable controlled CDC structure detected      0  Max Delay Datapath Only  app/PIO/PIO_EP_inst/G0P8C2_CAPTURE/MAILBOX/status_hold_nvp_reg[60]/C         app/PIO/PIO_EP_inst/G0P8C2_CAPTURE/MAILBOX/status_bus_pcie_reg[60]/D
 63  CDC-15  Warning   Clock enable controlled CDC structure detected      0  Max Delay Datapath Only  app/PIO/PIO_EP_inst/G0P8C2_CAPTURE/MAILBOX/status_hold_nvp_reg[61]/C         app/PIO/PIO_EP_inst/G0P8C2_CAPTURE/MAILBOX/status_bus_pcie_reg[61]/D
 64  CDC-15  Warning   Clock enable controlled CDC structure detected      0  Max Delay Datapath Only  app/PIO/PIO_EP_inst/G0P8C2_CAPTURE/MAILBOX/status_hold_nvp_reg[62]/C         app/PIO/PIO_EP_inst/G0P8C2_CAPTURE/MAILBOX/status_bus_pcie_reg[62]/D
 65  CDC-15  Warning   Clock enable controlled CDC structure detected      0  Max Delay Datapath Only  app/PIO/PIO_EP_inst/G0P8C2_CAPTURE/MAILBOX/status_hold_nvp_reg[63]/C         app/PIO/PIO_EP_inst/G0P8C2_CAPTURE/MAILBOX/status_bus_pcie_reg[63]/D
 66  CDC-15  Warning   Clock enable controlled CDC structure detected      0  Max Delay Datapath Only  app/PIO/PIO_EP_inst/G0P8C2_CAPTURE/MAILBOX/status_hold_nvp_reg[64]/C         app/PIO/PIO_EP_inst/G0P8C2_CAPTURE/MAILBOX/status_bus_pcie_reg[64]/D
 67  CDC-15  Warning   Clock enable controlled CDC structure detected      0  Max Delay Datapath Only  app/PIO/PIO_EP_inst/G0P8C2_CAPTURE/MAILBOX/status_hold_nvp_reg[65]/C         app/PIO/PIO_EP_inst/G0P8C2_CAPTURE/MAILBOX/status_bus_pcie_reg[65]/D
 68  CDC-15  Warning   Clock enable controlled CDC structure detected      0  Max Delay Datapath Only  app/PIO/PIO_EP_inst/G0P8C2_CAPTURE/MAILBOX/status_hold_nvp_reg[66]/C         app/PIO/PIO_EP_inst/G0P8C2_CAPTURE/MAILBOX/status_bus_pcie_reg[66]/D
 69  CDC-15  Warning   Clock enable controlled CDC structure detected      0  Max Delay Datapath Only  app/PIO/PIO_EP_inst/G0P8C2_CAPTURE/MAILBOX/status_hold_nvp_reg[67]/C         app/PIO/PIO_EP_inst/G0P8C2_CAPTURE/MAILBOX/status_bus_pcie_reg[67]/D
 70  CDC-15  Warning   Clock enable controlled CDC structure detected      0  Max Delay Datapath Only  app/PIO/PIO_EP_inst/G0P8C2_CAPTURE/MAILBOX/status_hold_nvp_reg[68]/C         app/PIO/PIO_EP_inst/G0P8C2_CAPTURE/MAILBOX/status_bus_pcie_reg[68]/D
 71  CDC-15  Warning   Clock enable controlled CDC structure detected      0  Max Delay Datapath Only  app/PIO/PIO_EP_inst/G0P8C2_CAPTURE/MAILBOX/status_hold_nvp_reg[69]/C         app/PIO/PIO_EP_inst/G0P8C2_CAPTURE/MAILBOX/status_bus_pcie_reg[69]/D
 72  CDC-15  Warning   Clock enable controlled CDC structure detected      0  Max Delay Datapath Only  app/PIO/PIO_EP_inst/G0P8C2_CAPTURE/MAILBOX/status_hold_nvp_reg[70]/C         app/PIO/PIO_EP_inst/G0P8C2_CAPTURE/MAILBOX/status_bus_pcie_reg[70]/D
 73  CDC-15  Warning   Clock enable controlled CDC structure detected      0  Max Delay Datapath Only  app/PIO/PIO_EP_inst/G0P8C2_CAPTURE/MAILBOX/status_hold_nvp_reg[71]/C         app/PIO/PIO_EP_inst/G0P8C2_CAPTURE/MAILBOX/status_bus_pcie_reg[71]/D
 74  CDC-15  Warning   Clock enable controlled CDC structure detected      0  Max Delay Datapath Only  app/PIO/PIO_EP_inst/G0P8C2_CAPTURE/MAILBOX/status_hold_nvp_reg[72]/C         app/PIO/PIO_EP_inst/G0P8C2_CAPTURE/MAILBOX/status_bus_pcie_reg[72]/D
 75  CDC-15  Warning   Clock enable controlled CDC structure detected      0  Max Delay Datapath Only  app/PIO/PIO_EP_inst/G0P8C2_CAPTURE/MAILBOX/status_hold_nvp_reg[73]/C         app/PIO/PIO_EP_inst/G0P8C2_CAPTURE/MAILBOX/status_bus_pcie_reg[73]/D
 76  CDC-15  Warning   Clock enable controlled CDC structure detected      0  Max Delay Datapath Only  app/PIO/PIO_EP_inst/G0P8C2_CAPTURE/MAILBOX/status_hold_nvp_reg[74]/C         app/PIO/PIO_EP_inst/G0P8C2_CAPTURE/MAILBOX/status_bus_pcie_reg[74]/D
 77  CDC-15  Warning   Clock enable controlled CDC structure detected      0  Max Delay Datapath Only  app/PIO/PIO_EP_inst/G0P8C2_CAPTURE/MAILBOX/status_hold_nvp_reg[75]/C         app/PIO/PIO_EP_inst/G0P8C2_CAPTURE/MAILBOX/status_bus_pcie_reg[75]/D
 78  CDC-15  Warning   Clock enable controlled CDC structure detected      0  Max Delay Datapath Only  app/PIO/PIO_EP_inst/G0P8C2_CAPTURE/MAILBOX/status_hold_nvp_reg[76]/C         app/PIO/PIO_EP_inst/G0P8C2_CAPTURE/MAILBOX/status_bus_pcie_reg[76]/D
 79  CDC-15  Warning   Clock enable controlled CDC structure detected      0  Max Delay Datapath Only  app/PIO/PIO_EP_inst/G0P8C2_CAPTURE/MAILBOX/status_hold_nvp_reg[77]/C         app/PIO/PIO_EP_inst/G0P8C2_CAPTURE/MAILBOX/status_bus_pcie_reg[77]/D
 80  CDC-15  Warning   Clock enable controlled CDC structure detected      0  Max Delay Datapath Only  app/PIO/PIO_EP_inst/G0P8C2_CAPTURE/MAILBOX/status_hold_nvp_reg[78]/C         app/PIO/PIO_EP_inst/G0P8C2_CAPTURE/MAILBOX/status_bus_pcie_reg[78]/D
 81  CDC-15  Warning   Clock enable controlled CDC structure detected      0  Max Delay Datapath Only  app/PIO/PIO_EP_inst/G0P8C2_CAPTURE/MAILBOX/status_hold_nvp_reg[79]/C         app/PIO/PIO_EP_inst/G0P8C2_CAPTURE/MAILBOX/status_bus_pcie_reg[79]/D
 82  CDC-15  Warning   Clock enable controlled CDC structure detected      0  Max Delay Datapath Only  app/PIO/PIO_EP_inst/G0P8C2_CAPTURE/MAILBOX/status_hold_nvp_reg[80]/C         app/PIO/PIO_EP_inst/G0P8C2_CAPTURE/MAILBOX/status_bus_pcie_reg[80]/D
 83  CDC-15  Warning   Clock enable controlled CDC structure detected      0  Max Delay Datapath Only  app/PIO/PIO_EP_inst/G0P8C2_CAPTURE/MAILBOX/status_hold_nvp_reg[81]/C         app/PIO/PIO_EP_inst/G0P8C2_CAPTURE/MAILBOX/status_bus_pcie_reg[81]/D
 84  CDC-15  Warning   Clock enable controlled CDC structure detected      0  Max Delay Datapath Only  app/PIO/PIO_EP_inst/G0P8C2_CAPTURE/MAILBOX/status_hold_nvp_reg[82]/C         app/PIO/PIO_EP_inst/G0P8C2_CAPTURE/MAILBOX/status_bus_pcie_reg[82]/D
 85  CDC-15  Warning   Clock enable controlled CDC structure detected      0  Max Delay Datapath Only  app/PIO/PIO_EP_inst/G0P8C2_CAPTURE/MAILBOX/status_hold_nvp_reg[83]/C         app/PIO/PIO_EP_inst/G0P8C2_CAPTURE/MAILBOX/status_bus_pcie_reg[83]/D
 86  CDC-15  Warning   Clock enable controlled CDC structure detected      0  Max Delay Datapath Only  app/PIO/PIO_EP_inst/G0P8C2_CAPTURE/MAILBOX/status_hold_nvp_reg[84]/C         app/PIO/PIO_EP_inst/G0P8C2_CAPTURE/MAILBOX/status_bus_pcie_reg[84]/D
 87  CDC-15  Warning   Clock enable controlled CDC structure detected      0  Max Delay Datapath Only  app/PIO/PIO_EP_inst/G0P8C2_CAPTURE/MAILBOX/status_hold_nvp_reg[85]/C         app/PIO/PIO_EP_inst/G0P8C2_CAPTURE/MAILBOX/status_bus_pcie_reg[85]/D
 88  CDC-15  Warning   Clock enable controlled CDC structure detected      0  Max Delay Datapath Only  app/PIO/PIO_EP_inst/G0P8C2_CAPTURE/MAILBOX/status_hold_nvp_reg[86]/C         app/PIO/PIO_EP_inst/G0P8C2_CAPTURE/MAILBOX/status_bus_pcie_reg[86]/D
 89  CDC-15  Warning   Clock enable controlled CDC structure detected      0  Max Delay Datapath Only  app/PIO/PIO_EP_inst/G0P8C2_CAPTURE/MAILBOX/status_hold_nvp_reg[87]/C         app/PIO/PIO_EP_inst/G0P8C2_CAPTURE/MAILBOX/status_bus_pcie_reg[87]/D
 90  CDC-15  Warning   Clock enable controlled CDC structure detected      0  Max Delay Datapath Only  app/PIO/PIO_EP_inst/G0P8C2_CAPTURE/MAILBOX/status_hold_nvp_reg[88]/C         app/PIO/PIO_EP_inst/G0P8C2_CAPTURE/MAILBOX/status_bus_pcie_reg[88]/D
 91  CDC-15  Warning   Clock enable controlled CDC structure detected      0  Max Delay Datapath Only  app/PIO/PIO_EP_inst/G0P8C2_CAPTURE/MAILBOX/status_hold_nvp_reg[89]/C         app/PIO/PIO_EP_inst/G0P8C2_CAPTURE/MAILBOX/status_bus_pcie_reg[89]/D
 92  CDC-15  Warning   Clock enable controlled CDC structure detected      0  Max Delay Datapath Only  app/PIO/PIO_EP_inst/G0P8C2_CAPTURE/MAILBOX/status_hold_nvp_reg[90]/C         app/PIO/PIO_EP_inst/G0P8C2_CAPTURE/MAILBOX/status_bus_pcie_reg[90]/D
 93  CDC-15  Warning   Clock enable controlled CDC structure detected      0  Max Delay Datapath Only  app/PIO/PIO_EP_inst/G0P8C2_CAPTURE/MAILBOX/status_hold_nvp_reg[91]/C         app/PIO/PIO_EP_inst/G0P8C2_CAPTURE/MAILBOX/status_bus_pcie_reg[91]/D
 94  CDC-15  Warning   Clock enable controlled CDC structure detected      0  Max Delay Datapath Only  app/PIO/PIO_EP_inst/G0P8C2_CAPTURE/MAILBOX/status_hold_nvp_reg[92]/C         app/PIO/PIO_EP_inst/G0P8C2_CAPTURE/MAILBOX/status_bus_pcie_reg[92]/D
 95  CDC-15  Warning   Clock enable controlled CDC structure detected      0  Max Delay Datapath Only  app/PIO/PIO_EP_inst/G0P8C2_CAPTURE/MAILBOX/status_hold_nvp_reg[93]/C         app/PIO/PIO_EP_inst/G0P8C2_CAPTURE/MAILBOX/status_bus_pcie_reg[93]/D
 96  CDC-15  Warning   Clock enable controlled CDC structure detected      0  Max Delay Datapath Only  app/PIO/PIO_EP_inst/G0P8C2_CAPTURE/MAILBOX/status_hold_nvp_reg[94]/C         app/PIO/PIO_EP_inst/G0P8C2_CAPTURE/MAILBOX/status_bus_pcie_reg[94]/D
 97  CDC-15  Warning   Clock enable controlled CDC structure detected      0  Max Delay Datapath Only  app/PIO/PIO_EP_inst/G0P8C2_CAPTURE/MAILBOX/status_hold_nvp_reg[95]/C         app/PIO/PIO_EP_inst/G0P8C2_CAPTURE/MAILBOX/status_bus_pcie_reg[95]/D
 98  CDC-15  Warning   Clock enable controlled CDC structure detected      0  Max Delay Datapath Only  app/PIO/PIO_EP_inst/G0P8C2_CAPTURE/MAILBOX/status_hold_nvp_reg[96]/C         app/PIO/PIO_EP_inst/G0P8C2_CAPTURE/MAILBOX/status_bus_pcie_reg[96]/D
 99  CDC-15  Warning   Clock enable controlled CDC structure detected      0  Max Delay Datapath Only  app/PIO/PIO_EP_inst/G0P8C2_CAPTURE/MAILBOX/status_hold_nvp_reg[97]/C         app/PIO/PIO_EP_inst/G0P8C2_CAPTURE/MAILBOX/status_bus_pcie_reg[97]/D
100  CDC-15  Warning   Clock enable controlled CDC structure detected      0  Max Delay Datapath Only  app/PIO/PIO_EP_inst/G0P8C2_CAPTURE/MAILBOX/status_hold_nvp_reg[98]/C         app/PIO/PIO_EP_inst/G0P8C2_CAPTURE/MAILBOX/status_bus_pcie_reg[98]/D
101  CDC-15  Warning   Clock enable controlled CDC structure detected      0  Max Delay Datapath Only  app/PIO/PIO_EP_inst/G0P8C2_CAPTURE/MAILBOX/status_hold_nvp_reg[99]/C         app/PIO/PIO_EP_inst/G0P8C2_CAPTURE/MAILBOX/status_bus_pcie_reg[99]/D
102  CDC-15  Warning   Clock enable controlled CDC structure detected      0  Max Delay Datapath Only  app/PIO/PIO_EP_inst/G0P8C2_CAPTURE/MAILBOX/status_hold_nvp_reg[100]/C        app/PIO/PIO_EP_inst/G0P8C2_CAPTURE/MAILBOX/status_bus_pcie_reg[100]/D
103  CDC-15  Warning   Clock enable controlled CDC structure detected      0  Max Delay Datapath Only  app/PIO/PIO_EP_inst/G0P8C2_CAPTURE/MAILBOX/status_hold_nvp_reg[101]/C        app/PIO/PIO_EP_inst/G0P8C2_CAPTURE/MAILBOX/status_bus_pcie_reg[101]/D
104  CDC-15  Warning   Clock enable controlled CDC structure detected      0  Max Delay Datapath Only  app/PIO/PIO_EP_inst/G0P8C2_CAPTURE/MAILBOX/status_hold_nvp_reg[102]/C        app/PIO/PIO_EP_inst/G0P8C2_CAPTURE/MAILBOX/status_bus_pcie_reg[102]/D
105  CDC-15  Warning   Clock enable controlled CDC structure detected      0  Max Delay Datapath Only  app/PIO/PIO_EP_inst/G0P8C2_CAPTURE/MAILBOX/status_hold_nvp_reg[103]/C        app/PIO/PIO_EP_inst/G0P8C2_CAPTURE/MAILBOX/status_bus_pcie_reg[103]/D
106  CDC-15  Warning   Clock enable controlled CDC structure detected      0  Max Delay Datapath Only  app/PIO/PIO_EP_inst/G0P8C2_CAPTURE/MAILBOX/status_hold_nvp_reg[104]/C        app/PIO/PIO_EP_inst/G0P8C2_CAPTURE/MAILBOX/status_bus_pcie_reg[104]/D
107  CDC-15  Warning   Clock enable controlled CDC structure detected      0  Max Delay Datapath Only  app/PIO/PIO_EP_inst/G0P8C2_CAPTURE/MAILBOX/status_hold_nvp_reg[105]/C        app/PIO/PIO_EP_inst/G0P8C2_CAPTURE/MAILBOX/status_bus_pcie_reg[105]/D
108  CDC-15  Warning   Clock enable controlled CDC structure detected      0  Max Delay Datapath Only  app/PIO/PIO_EP_inst/G0P8C2_CAPTURE/MAILBOX/status_hold_nvp_reg[106]/C        app/PIO/PIO_EP_inst/G0P8C2_CAPTURE/MAILBOX/status_bus_pcie_reg[106]/D
109  CDC-15  Warning   Clock enable controlled CDC structure detected      0  Max Delay Datapath Only  app/PIO/PIO_EP_inst/G0P8C2_CAPTURE/MAILBOX/status_hold_nvp_reg[107]/C        app/PIO/PIO_EP_inst/G0P8C2_CAPTURE/MAILBOX/status_bus_pcie_reg[107]/D
110  CDC-15  Warning   Clock enable controlled CDC structure detected      0  Max Delay Datapath Only  app/PIO/PIO_EP_inst/G0P8C2_CAPTURE/MAILBOX/status_hold_nvp_reg[108]/C        app/PIO/PIO_EP_inst/G0P8C2_CAPTURE/MAILBOX/status_bus_pcie_reg[108]/D
111  CDC-15  Warning   Clock enable controlled CDC structure detected      0  Max Delay Datapath Only  app/PIO/PIO_EP_inst/G0P8C2_CAPTURE/MAILBOX/status_hold_nvp_reg[109]/C        app/PIO/PIO_EP_inst/G0P8C2_CAPTURE/MAILBOX/status_bus_pcie_reg[109]/D
112  CDC-15  Warning   Clock enable controlled CDC structure detected      0  Max Delay Datapath Only  app/PIO/PIO_EP_inst/G0P8C2_CAPTURE/MAILBOX/status_hold_nvp_reg[110]/C        app/PIO/PIO_EP_inst/G0P8C2_CAPTURE/MAILBOX/status_bus_pcie_reg[110]/D
113  CDC-15  Warning   Clock enable controlled CDC structure detected      0  Max Delay Datapath Only  app/PIO/PIO_EP_inst/G0P8C2_CAPTURE/MAILBOX/status_hold_nvp_reg[111]/C        app/PIO/PIO_EP_inst/G0P8C2_CAPTURE/MAILBOX/status_bus_pcie_reg[111]/D
114  CDC-15  Warning   Clock enable controlled CDC structure detected      0  Max Delay Datapath Only  app/PIO/PIO_EP_inst/G0P8C2_CAPTURE/MAILBOX/status_hold_nvp_reg[112]/C        app/PIO/PIO_EP_inst/G0P8C2_CAPTURE/MAILBOX/status_bus_pcie_reg[112]/D
115  CDC-15  Warning   Clock enable controlled CDC structure detected      0  Max Delay Datapath Only  app/PIO/PIO_EP_inst/G0P8C2_CAPTURE/MAILBOX/status_hold_nvp_reg[113]/C        app/PIO/PIO_EP_inst/G0P8C2_CAPTURE/MAILBOX/status_bus_pcie_reg[113]/D
116  CDC-15  Warning   Clock enable controlled CDC structure detected      0  Max Delay Datapath Only  app/PIO/PIO_EP_inst/G0P8C2_CAPTURE/MAILBOX/status_hold_nvp_reg[114]/C        app/PIO/PIO_EP_inst/G0P8C2_CAPTURE/MAILBOX/status_bus_pcie_reg[114]/D
117  CDC-15  Warning   Clock enable controlled CDC structure detected      0  Max Delay Datapath Only  app/PIO/PIO_EP_inst/G0P8C2_CAPTURE/MAILBOX/status_hold_nvp_reg[115]/C        app/PIO/PIO_EP_inst/G0P8C2_CAPTURE/MAILBOX/status_bus_pcie_reg[115]/D
118  CDC-15  Warning   Clock enable controlled CDC structure detected      0  Max Delay Datapath Only  app/PIO/PIO_EP_inst/G0P8C2_CAPTURE/MAILBOX/status_hold_nvp_reg[116]/C        app/PIO/PIO_EP_inst/G0P8C2_CAPTURE/MAILBOX/status_bus_pcie_reg[116]/D
119  CDC-15  Warning   Clock enable controlled CDC structure detected      0  Max Delay Datapath Only  app/PIO/PIO_EP_inst/G0P8C2_CAPTURE/MAILBOX/status_hold_nvp_reg[117]/C        app/PIO/PIO_EP_inst/G0P8C2_CAPTURE/MAILBOX/status_bus_pcie_reg[117]/D
120  CDC-15  Warning   Clock enable controlled CDC structure detected      0  Max Delay Datapath Only  app/PIO/PIO_EP_inst/G0P8C2_CAPTURE/MAILBOX/status_hold_nvp_reg[118]/C        app/PIO/PIO_EP_inst/G0P8C2_CAPTURE/MAILBOX/status_bus_pcie_reg[118]/D
121  CDC-15  Warning   Clock enable controlled CDC structure detected      0  Max Delay Datapath Only  app/PIO/PIO_EP_inst/G0P8C2_CAPTURE/MAILBOX/status_hold_nvp_reg[119]/C        app/PIO/PIO_EP_inst/G0P8C2_CAPTURE/MAILBOX/status_bus_pcie_reg[119]/D
122  CDC-15  Warning   Clock enable controlled CDC structure detected      0  Max Delay Datapath Only  app/PIO/PIO_EP_inst/G0P8C2_CAPTURE/MAILBOX/status_hold_nvp_reg[120]/C        app/PIO/PIO_EP_inst/G0P8C2_CAPTURE/MAILBOX/status_bus_pcie_reg[120]/D
123  CDC-15  Warning   Clock enable controlled CDC structure detected      0  Max Delay Datapath Only  app/PIO/PIO_EP_inst/G0P8C2_CAPTURE/MAILBOX/status_hold_nvp_reg[121]/C        app/PIO/PIO_EP_inst/G0P8C2_CAPTURE/MAILBOX/status_bus_pcie_reg[121]/D
124  CDC-15  Warning   Clock enable controlled CDC structure detected      0  Max Delay Datapath Only  app/PIO/PIO_EP_inst/G0P8C2_CAPTURE/MAILBOX/status_hold_nvp_reg[122]/C        app/PIO/PIO_EP_inst/G0P8C2_CAPTURE/MAILBOX/status_bus_pcie_reg[122]/D
125  CDC-15  Warning   Clock enable controlled CDC structure detected      0  Max Delay Datapath Only  app/PIO/PIO_EP_inst/G0P8C2_CAPTURE/MAILBOX/status_hold_nvp_reg[123]/C        app/PIO/PIO_EP_inst/G0P8C2_CAPTURE/MAILBOX/status_bus_pcie_reg[123]/D
126  CDC-15  Warning   Clock enable controlled CDC structure detected      0  Max Delay Datapath Only  app/PIO/PIO_EP_inst/G0P8C2_CAPTURE/MAILBOX/status_hold_nvp_reg[124]/C        app/PIO/PIO_EP_inst/G0P8C2_CAPTURE/MAILBOX/status_bus_pcie_reg[124]/D
127  CDC-15  Warning   Clock enable controlled CDC structure detected      0  Max Delay Datapath Only  app/PIO/PIO_EP_inst/G0P8C2_CAPTURE/MAILBOX/status_hold_nvp_reg[125]/C        app/PIO/PIO_EP_inst/G0P8C2_CAPTURE/MAILBOX/status_bus_pcie_reg[125]/D
128  CDC-15  Warning   Clock enable controlled CDC structure detected      0  Max Delay Datapath Only  app/PIO/PIO_EP_inst/G0P8C2_CAPTURE/MAILBOX/status_hold_nvp_reg[126]/C        app/PIO/PIO_EP_inst/G0P8C2_CAPTURE/MAILBOX/status_bus_pcie_reg[126]/D
129  CDC-15  Warning   Clock enable controlled CDC structure detected      0  Max Delay Datapath Only  app/PIO/PIO_EP_inst/G0P8C2_CAPTURE/MAILBOX/status_hold_nvp_reg[127]/C        app/PIO/PIO_EP_inst/G0P8C2_CAPTURE/MAILBOX/status_bus_pcie_reg[127]/D
130  CDC-15  Warning   Clock enable controlled CDC structure detected      0  Max Delay Datapath Only  app/PIO/PIO_EP_inst/G0P8C2_CAPTURE/MAILBOX/status_hold_nvp_reg[128]/C        app/PIO/PIO_EP_inst/G0P8C2_CAPTURE/MAILBOX/status_bus_pcie_reg[128]/D
131  CDC-15  Warning   Clock enable controlled CDC structure detected      0  Max Delay Datapath Only  app/PIO/PIO_EP_inst/G0P8C2_CAPTURE/MAILBOX/status_hold_nvp_reg[129]/C        app/PIO/PIO_EP_inst/G0P8C2_CAPTURE/MAILBOX/status_bus_pcie_reg[129]/D
132  CDC-15  Warning   Clock enable controlled CDC structure detected      0  Max Delay Datapath Only  app/PIO/PIO_EP_inst/G0P8C2_CAPTURE/MAILBOX/status_hold_nvp_reg[130]/C        app/PIO/PIO_EP_inst/G0P8C2_CAPTURE/MAILBOX/status_bus_pcie_reg[130]/D
133  CDC-15  Warning   Clock enable controlled CDC structure detected      0  Max Delay Datapath Only  app/PIO/PIO_EP_inst/G0P8C2_CAPTURE/MAILBOX/status_hold_nvp_reg[131]/C        app/PIO/PIO_EP_inst/G0P8C2_CAPTURE/MAILBOX/status_bus_pcie_reg[131]/D
134  CDC-15  Warning   Clock enable controlled CDC structure detected      0  Max Delay Datapath Only  app/PIO/PIO_EP_inst/G0P8C2_CAPTURE/MAILBOX/status_hold_nvp_reg[132]/C        app/PIO/PIO_EP_inst/G0P8C2_CAPTURE/MAILBOX/status_bus_pcie_reg[132]/D
135  CDC-15  Warning   Clock enable controlled CDC structure detected      0  Max Delay Datapath Only  app/PIO/PIO_EP_inst/G0P8C2_CAPTURE/MAILBOX/status_hold_nvp_reg[133]/C        app/PIO/PIO_EP_inst/G0P8C2_CAPTURE/MAILBOX/status_bus_pcie_reg[133]/D
136  CDC-15  Warning   Clock enable controlled CDC structure detected      0  Max Delay Datapath Only  app/PIO/PIO_EP_inst/G0P8C2_CAPTURE/MAILBOX/status_hold_nvp_reg[134]/C        app/PIO/PIO_EP_inst/G0P8C2_CAPTURE/MAILBOX/status_bus_pcie_reg[134]/D
137  CDC-15  Warning   Clock enable controlled CDC structure detected      0  Max Delay Datapath Only  app/PIO/PIO_EP_inst/G0P8C2_CAPTURE/MAILBOX/status_hold_nvp_reg[135]/C        app/PIO/PIO_EP_inst/G0P8C2_CAPTURE/MAILBOX/status_bus_pcie_reg[135]/D
138  CDC-15  Warning   Clock enable controlled CDC structure detected      0  Max Delay Datapath Only  app/PIO/PIO_EP_inst/G0P8C2_CAPTURE/MAILBOX/status_hold_nvp_reg[136]/C        app/PIO/PIO_EP_inst/G0P8C2_CAPTURE/MAILBOX/status_bus_pcie_reg[136]/D
139  CDC-15  Warning   Clock enable controlled CDC structure detected      0  Max Delay Datapath Only  app/PIO/PIO_EP_inst/G0P8C2_CAPTURE/MAILBOX/status_hold_nvp_reg[137]/C        app/PIO/PIO_EP_inst/G0P8C2_CAPTURE/MAILBOX/status_bus_pcie_reg[137]/D
140  CDC-15  Warning   Clock enable controlled CDC structure detected      0  Max Delay Datapath Only  app/PIO/PIO_EP_inst/G0P8C2_CAPTURE/MAILBOX/status_hold_nvp_reg[138]/C        app/PIO/PIO_EP_inst/G0P8C2_CAPTURE/MAILBOX/status_bus_pcie_reg[138]/D
141  CDC-15  Warning   Clock enable controlled CDC structure detected      0  Max Delay Datapath Only  app/PIO/PIO_EP_inst/G0P8C2_CAPTURE/MAILBOX/status_hold_nvp_reg[139]/C        app/PIO/PIO_EP_inst/G0P8C2_CAPTURE/MAILBOX/status_bus_pcie_reg[139]/D
142  CDC-15  Warning   Clock enable controlled CDC structure detected      0  Max Delay Datapath Only  app/PIO/PIO_EP_inst/G0P8C2_CAPTURE/MAILBOX/status_hold_nvp_reg[140]/C        app/PIO/PIO_EP_inst/G0P8C2_CAPTURE/MAILBOX/status_bus_pcie_reg[140]/D
143  CDC-15  Warning   Clock enable controlled CDC structure detected      0  Max Delay Datapath Only  app/PIO/PIO_EP_inst/G0P8C2_CAPTURE/MAILBOX/status_hold_nvp_reg[141]/C        app/PIO/PIO_EP_inst/G0P8C2_CAPTURE/MAILBOX/status_bus_pcie_reg[141]/D
144  CDC-15  Warning   Clock enable controlled CDC structure detected      0  Max Delay Datapath Only  app/PIO/PIO_EP_inst/G0P8C2_CAPTURE/MAILBOX/status_hold_nvp_reg[142]/C        app/PIO/PIO_EP_inst/G0P8C2_CAPTURE/MAILBOX/status_bus_pcie_reg[142]/D
145  CDC-15  Warning   Clock enable controlled CDC structure detected      0  Max Delay Datapath Only  app/PIO/PIO_EP_inst/G0P8C2_CAPTURE/MAILBOX/status_hold_nvp_reg[143]/C        app/PIO/PIO_EP_inst/G0P8C2_CAPTURE/MAILBOX/status_bus_pcie_reg[143]/D
146  CDC-15  Warning   Clock enable controlled CDC structure detected      0  Max Delay Datapath Only  app/PIO/PIO_EP_inst/G0P8C2_CAPTURE/MAILBOX/status_hold_nvp_reg[144]/C        app/PIO/PIO_EP_inst/G0P8C2_CAPTURE/MAILBOX/status_bus_pcie_reg[144]/D
147  CDC-15  Warning   Clock enable controlled CDC structure detected      0  Max Delay Datapath Only  app/PIO/PIO_EP_inst/G0P8C2_CAPTURE/MAILBOX/status_hold_nvp_reg[145]/C        app/PIO/PIO_EP_inst/G0P8C2_CAPTURE/MAILBOX/status_bus_pcie_reg[145]/D
148  CDC-15  Warning   Clock enable controlled CDC structure detected      0  Max Delay Datapath Only  app/PIO/PIO_EP_inst/G0P8C2_CAPTURE/MAILBOX/status_hold_nvp_reg[146]/C        app/PIO/PIO_EP_inst/G0P8C2_CAPTURE/MAILBOX/status_bus_pcie_reg[146]/D
149  CDC-15  Warning   Clock enable controlled CDC structure detected      0  Max Delay Datapath Only  app/PIO/PIO_EP_inst/G0P8C2_CAPTURE/MAILBOX/status_hold_nvp_reg[147]/C        app/PIO/PIO_EP_inst/G0P8C2_CAPTURE/MAILBOX/status_bus_pcie_reg[147]/D
150  CDC-15  Warning   Clock enable controlled CDC structure detected      0  Max Delay Datapath Only  app/PIO/PIO_EP_inst/G0P8C2_CAPTURE/MAILBOX/status_hold_nvp_reg[148]/C        app/PIO/PIO_EP_inst/G0P8C2_CAPTURE/MAILBOX/status_bus_pcie_reg[148]/D
151  CDC-15  Warning   Clock enable controlled CDC structure detected      0  Max Delay Datapath Only  app/PIO/PIO_EP_inst/G0P8C2_CAPTURE/MAILBOX/status_hold_nvp_reg[149]/C        app/PIO/PIO_EP_inst/G0P8C2_CAPTURE/MAILBOX/status_bus_pcie_reg[149]/D
152  CDC-15  Warning   Clock enable controlled CDC structure detected      0  Max Delay Datapath Only  app/PIO/PIO_EP_inst/G0P8C2_CAPTURE/MAILBOX/status_hold_nvp_reg[150]/C        app/PIO/PIO_EP_inst/G0P8C2_CAPTURE/MAILBOX/status_bus_pcie_reg[150]/D
153  CDC-15  Warning   Clock enable controlled CDC structure detected      0  Max Delay Datapath Only  app/PIO/PIO_EP_inst/G0P8C2_CAPTURE/MAILBOX/status_hold_nvp_reg[151]/C        app/PIO/PIO_EP_inst/G0P8C2_CAPTURE/MAILBOX/status_bus_pcie_reg[151]/D
154  CDC-15  Warning   Clock enable controlled CDC structure detected      0  Max Delay Datapath Only  app/PIO/PIO_EP_inst/G0P8C2_CAPTURE/MAILBOX/status_hold_nvp_reg[152]/C        app/PIO/PIO_EP_inst/G0P8C2_CAPTURE/MAILBOX/status_bus_pcie_reg[152]/D
155  CDC-15  Warning   Clock enable controlled CDC structure detected      0  Max Delay Datapath Only  app/PIO/PIO_EP_inst/G0P8C2_CAPTURE/MAILBOX/status_hold_nvp_reg[153]/C        app/PIO/PIO_EP_inst/G0P8C2_CAPTURE/MAILBOX/status_bus_pcie_reg[153]/D
156  CDC-15  Warning   Clock enable controlled CDC structure detected      0  Max Delay Datapath Only  app/PIO/PIO_EP_inst/G0P8C2_CAPTURE/MAILBOX/status_hold_nvp_reg[154]/C        app/PIO/PIO_EP_inst/G0P8C2_CAPTURE/MAILBOX/status_bus_pcie_reg[154]/D
157  CDC-15  Warning   Clock enable controlled CDC structure detected      0  Max Delay Datapath Only  app/PIO/PIO_EP_inst/G0P8C2_CAPTURE/MAILBOX/status_hold_nvp_reg[155]/C        app/PIO/PIO_EP_inst/G0P8C2_CAPTURE/MAILBOX/status_bus_pcie_reg[155]/D
158  CDC-15  Warning   Clock enable controlled CDC structure detected      0  Max Delay Datapath Only  app/PIO/PIO_EP_inst/G0P8C2_CAPTURE/MAILBOX/status_hold_nvp_reg[156]/C        app/PIO/PIO_EP_inst/G0P8C2_CAPTURE/MAILBOX/status_bus_pcie_reg[156]/D
159  CDC-15  Warning   Clock enable controlled CDC structure detected      0  Max Delay Datapath Only  app/PIO/PIO_EP_inst/G0P8C2_CAPTURE/MAILBOX/status_hold_nvp_reg[157]/C        app/PIO/PIO_EP_inst/G0P8C2_CAPTURE/MAILBOX/status_bus_pcie_reg[157]/D
160  CDC-15  Warning   Clock enable controlled CDC structure detected      0  Max Delay Datapath Only  app/PIO/PIO_EP_inst/G0P8C2_CAPTURE/MAILBOX/status_hold_nvp_reg[158]/C        app/PIO/PIO_EP_inst/G0P8C2_CAPTURE/MAILBOX/status_bus_pcie_reg[158]/D
161  CDC-15  Warning   Clock enable controlled CDC structure detected      0  Max Delay Datapath Only  app/PIO/PIO_EP_inst/G0P8C2_CAPTURE/MAILBOX/status_hold_nvp_reg[159]/C        app/PIO/PIO_EP_inst/G0P8C2_CAPTURE/MAILBOX/status_bus_pcie_reg[159]/D
162  CDC-15  Warning   Clock enable controlled CDC structure detected      0  Max Delay Datapath Only  app/PIO/PIO_EP_inst/G0P8C2_CAPTURE/MAILBOX/status_hold_nvp_reg[160]/C        app/PIO/PIO_EP_inst/G0P8C2_CAPTURE/MAILBOX/status_bus_pcie_reg[160]/D
163  CDC-15  Warning   Clock enable controlled CDC structure detected      0  Max Delay Datapath Only  app/PIO/PIO_EP_inst/G0P8C2_CAPTURE/MAILBOX/status_hold_nvp_reg[161]/C        app/PIO/PIO_EP_inst/G0P8C2_CAPTURE/MAILBOX/status_bus_pcie_reg[161]/D
164  CDC-15  Warning   Clock enable controlled CDC structure detected      0  Max Delay Datapath Only  app/PIO/PIO_EP_inst/G0P8C2_CAPTURE/MAILBOX/status_hold_nvp_reg[162]/C        app/PIO/PIO_EP_inst/G0P8C2_CAPTURE/MAILBOX/status_bus_pcie_reg[162]/D
165  CDC-15  Warning   Clock enable controlled CDC structure detected      0  Max Delay Datapath Only  app/PIO/PIO_EP_inst/G0P8C2_CAPTURE/MAILBOX/status_hold_nvp_reg[163]/C        app/PIO/PIO_EP_inst/G0P8C2_CAPTURE/MAILBOX/status_bus_pcie_reg[163]/D
166  CDC-15  Warning   Clock enable controlled CDC structure detected      0  Max Delay Datapath Only  app/PIO/PIO_EP_inst/G0P8C2_CAPTURE/MAILBOX/status_hold_nvp_reg[164]/C        app/PIO/PIO_EP_inst/G0P8C2_CAPTURE/MAILBOX/status_bus_pcie_reg[164]/D
167  CDC-15  Warning   Clock enable controlled CDC structure detected      0  Max Delay Datapath Only  app/PIO/PIO_EP_inst/G0P8C2_CAPTURE/MAILBOX/status_hold_nvp_reg[165]/C        app/PIO/PIO_EP_inst/G0P8C2_CAPTURE/MAILBOX/status_bus_pcie_reg[165]/D
168  CDC-15  Warning   Clock enable controlled CDC structure detected      0  Max Delay Datapath Only  app/PIO/PIO_EP_inst/G0P8C2_CAPTURE/MAILBOX/status_hold_nvp_reg[166]/C        app/PIO/PIO_EP_inst/G0P8C2_CAPTURE/MAILBOX/status_bus_pcie_reg[166]/D
169  CDC-15  Warning   Clock enable controlled CDC structure detected      0  Max Delay Datapath Only  app/PIO/PIO_EP_inst/G0P8C2_CAPTURE/MAILBOX/status_hold_nvp_reg[167]/C        app/PIO/PIO_EP_inst/G0P8C2_CAPTURE/MAILBOX/status_bus_pcie_reg[167]/D
170  CDC-15  Warning   Clock enable controlled CDC structure detected      0  Max Delay Datapath Only  app/PIO/PIO_EP_inst/G0P8C2_CAPTURE/MAILBOX/status_hold_nvp_reg[168]/C        app/PIO/PIO_EP_inst/G0P8C2_CAPTURE/MAILBOX/status_bus_pcie_reg[168]/D
171  CDC-15  Warning   Clock enable controlled CDC structure detected      0  Max Delay Datapath Only  app/PIO/PIO_EP_inst/G0P8C2_CAPTURE/MAILBOX/status_hold_nvp_reg[169]/C        app/PIO/PIO_EP_inst/G0P8C2_CAPTURE/MAILBOX/status_bus_pcie_reg[169]/D
172  CDC-15  Warning   Clock enable controlled CDC structure detected      0  Max Delay Datapath Only  app/PIO/PIO_EP_inst/G0P8C2_CAPTURE/MAILBOX/status_hold_nvp_reg[170]/C        app/PIO/PIO_EP_inst/G0P8C2_CAPTURE/MAILBOX/status_bus_pcie_reg[170]/D
173  CDC-15  Warning   Clock enable controlled CDC structure detected      0  Max Delay Datapath Only  app/PIO/PIO_EP_inst/G0P8C2_CAPTURE/MAILBOX/status_hold_nvp_reg[171]/C        app/PIO/PIO_EP_inst/G0P8C2_CAPTURE/MAILBOX/status_bus_pcie_reg[171]/D
174  CDC-15  Warning   Clock enable controlled CDC structure detected      0  Max Delay Datapath Only  app/PIO/PIO_EP_inst/G0P8C2_CAPTURE/MAILBOX/status_hold_nvp_reg[172]/C        app/PIO/PIO_EP_inst/G0P8C2_CAPTURE/MAILBOX/status_bus_pcie_reg[172]/D
175  CDC-15  Warning   Clock enable controlled CDC structure detected      0  Max Delay Datapath Only  app/PIO/PIO_EP_inst/G0P8C2_CAPTURE/MAILBOX/status_hold_nvp_reg[173]/C        app/PIO/PIO_EP_inst/G0P8C2_CAPTURE/MAILBOX/status_bus_pcie_reg[173]/D
176  CDC-15  Warning   Clock enable controlled CDC structure detected      0  Max Delay Datapath Only  app/PIO/PIO_EP_inst/G0P8C2_CAPTURE/MAILBOX/status_hold_nvp_reg[174]/C        app/PIO/PIO_EP_inst/G0P8C2_CAPTURE/MAILBOX/status_bus_pcie_reg[174]/D
177  CDC-15  Warning   Clock enable controlled CDC structure detected      0  Max Delay Datapath Only  app/PIO/PIO_EP_inst/G0P8C2_CAPTURE/MAILBOX/status_hold_nvp_reg[175]/C        app/PIO/PIO_EP_inst/G0P8C2_CAPTURE/MAILBOX/status_bus_pcie_reg[175]/D
178  CDC-15  Warning   Clock enable controlled CDC structure detected      0  Max Delay Datapath Only  app/PIO/PIO_EP_inst/G0P8C2_CAPTURE/MAILBOX/status_hold_nvp_reg[176]/C        app/PIO/PIO_EP_inst/G0P8C2_CAPTURE/MAILBOX/status_bus_pcie_reg[176]/D
179  CDC-15  Warning   Clock enable controlled CDC structure detected      0  Max Delay Datapath Only  app/PIO/PIO_EP_inst/G0P8C2_CAPTURE/MAILBOX/status_hold_nvp_reg[177]/C        app/PIO/PIO_EP_inst/G0P8C2_CAPTURE/MAILBOX/status_bus_pcie_reg[177]/D
180  CDC-15  Warning   Clock enable controlled CDC structure detected      0  Max Delay Datapath Only  app/PIO/PIO_EP_inst/G0P8C2_CAPTURE/MAILBOX/status_hold_nvp_reg[178]/C        app/PIO/PIO_EP_inst/G0P8C2_CAPTURE/MAILBOX/status_bus_pcie_reg[178]/D
181  CDC-15  Warning   Clock enable controlled CDC structure detected      0  Max Delay Datapath Only  app/PIO/PIO_EP_inst/G0P8C2_CAPTURE/MAILBOX/status_hold_nvp_reg[179]/C        app/PIO/PIO_EP_inst/G0P8C2_CAPTURE/MAILBOX/status_bus_pcie_reg[179]/D
182  CDC-15  Warning   Clock enable controlled CDC structure detected      0  Max Delay Datapath Only  app/PIO/PIO_EP_inst/G0P8C2_CAPTURE/MAILBOX/status_hold_nvp_reg[180]/C        app/PIO/PIO_EP_inst/G0P8C2_CAPTURE/MAILBOX/status_bus_pcie_reg[180]/D
183  CDC-15  Warning   Clock enable controlled CDC structure detected      0  Max Delay Datapath Only  app/PIO/PIO_EP_inst/G0P8C2_CAPTURE/MAILBOX/status_hold_nvp_reg[181]/C        app/PIO/PIO_EP_inst/G0P8C2_CAPTURE/MAILBOX/status_bus_pcie_reg[181]/D
184  CDC-15  Warning   Clock enable controlled CDC structure detected      0  Max Delay Datapath Only  app/PIO/PIO_EP_inst/G0P8C2_CAPTURE/MAILBOX/status_hold_nvp_reg[182]/C        app/PIO/PIO_EP_inst/G0P8C2_CAPTURE/MAILBOX/status_bus_pcie_reg[182]/D
185  CDC-15  Warning   Clock enable controlled CDC structure detected      0  Max Delay Datapath Only  app/PIO/PIO_EP_inst/G0P8C2_CAPTURE/MAILBOX/status_hold_nvp_reg[183]/C        app/PIO/PIO_EP_inst/G0P8C2_CAPTURE/MAILBOX/status_bus_pcie_reg[183]/D
186  CDC-15  Warning   Clock enable controlled CDC structure detected      0  Max Delay Datapath Only  app/PIO/PIO_EP_inst/G0P8C2_CAPTURE/MAILBOX/status_hold_nvp_reg[184]/C        app/PIO/PIO_EP_inst/G0P8C2_CAPTURE/MAILBOX/status_bus_pcie_reg[184]/D
187  CDC-15  Warning   Clock enable controlled CDC structure detected      0  Max Delay Datapath Only  app/PIO/PIO_EP_inst/G0P8C2_CAPTURE/MAILBOX/status_hold_nvp_reg[185]/C        app/PIO/PIO_EP_inst/G0P8C2_CAPTURE/MAILBOX/status_bus_pcie_reg[185]/D
188  CDC-15  Warning   Clock enable controlled CDC structure detected      0  Max Delay Datapath Only  app/PIO/PIO_EP_inst/G0P8C2_CAPTURE/MAILBOX/status_hold_nvp_reg[186]/C        app/PIO/PIO_EP_inst/G0P8C2_CAPTURE/MAILBOX/status_bus_pcie_reg[186]/D
189  CDC-15  Warning   Clock enable controlled CDC structure detected      0  Max Delay Datapath Only  app/PIO/PIO_EP_inst/G0P8C2_CAPTURE/MAILBOX/status_hold_nvp_reg[187]/C        app/PIO/PIO_EP_inst/G0P8C2_CAPTURE/MAILBOX/status_bus_pcie_reg[187]/D
190  CDC-15  Warning   Clock enable controlled CDC structure detected      0  Max Delay Datapath Only  app/PIO/PIO_EP_inst/G0P8C2_CAPTURE/MAILBOX/status_hold_nvp_reg[188]/C        app/PIO/PIO_EP_inst/G0P8C2_CAPTURE/MAILBOX/status_bus_pcie_reg[188]/D
191  CDC-15  Warning   Clock enable controlled CDC structure detected      0  Max Delay Datapath Only  app/PIO/PIO_EP_inst/G0P8C2_CAPTURE/MAILBOX/status_hold_nvp_reg[189]/C        app/PIO/PIO_EP_inst/G0P8C2_CAPTURE/MAILBOX/status_bus_pcie_reg[189]/D
192  CDC-15  Warning   Clock enable controlled CDC structure detected      0  Max Delay Datapath Only  app/PIO/PIO_EP_inst/G0P8C2_CAPTURE/MAILBOX/status_hold_nvp_reg[190]/C        app/PIO/PIO_EP_inst/G0P8C2_CAPTURE/MAILBOX/status_bus_pcie_reg[190]/D
193  CDC-15  Warning   Clock enable controlled CDC structure detected      0  Max Delay Datapath Only  app/PIO/PIO_EP_inst/G0P8C2_CAPTURE/MAILBOX/status_hold_nvp_reg[191]/C        app/PIO/PIO_EP_inst/G0P8C2_CAPTURE/MAILBOX/status_bus_pcie_reg[191]/D
194  CDC-15  Warning   Clock enable controlled CDC structure detected      0  Max Delay Datapath Only  app/PIO/PIO_EP_inst/G0P8C2_CAPTURE/MAILBOX/status_hold_nvp_reg[192]/C        app/PIO/PIO_EP_inst/G0P8C2_CAPTURE/MAILBOX/status_bus_pcie_reg[192]/D
195  CDC-15  Warning   Clock enable controlled CDC structure detected      0  Max Delay Datapath Only  app/PIO/PIO_EP_inst/G0P8C2_CAPTURE/MAILBOX/status_hold_nvp_reg[193]/C        app/PIO/PIO_EP_inst/G0P8C2_CAPTURE/MAILBOX/status_bus_pcie_reg[193]/D
196  CDC-15  Warning   Clock enable controlled CDC structure detected      0  Max Delay Datapath Only  app/PIO/PIO_EP_inst/G0P8C2_CAPTURE/MAILBOX/status_hold_nvp_reg[194]/C        app/PIO/PIO_EP_inst/G0P8C2_CAPTURE/MAILBOX/status_bus_pcie_reg[194]/D
197  CDC-15  Warning   Clock enable controlled CDC structure detected      0  Max Delay Datapath Only  app/PIO/PIO_EP_inst/G0P8C2_CAPTURE/MAILBOX/status_hold_nvp_reg[195]/C        app/PIO/PIO_EP_inst/G0P8C2_CAPTURE/MAILBOX/status_bus_pcie_reg[195]/D
198  CDC-15  Warning   Clock enable controlled CDC structure detected      0  Max Delay Datapath Only  app/PIO/PIO_EP_inst/G0P8C2_CAPTURE/MAILBOX/status_hold_nvp_reg[196]/C        app/PIO/PIO_EP_inst/G0P8C2_CAPTURE/MAILBOX/status_bus_pcie_reg[196]/D
199  CDC-15  Warning   Clock enable controlled CDC structure detected      0  Max Delay Datapath Only  app/PIO/PIO_EP_inst/G0P8C2_CAPTURE/MAILBOX/status_hold_nvp_reg[197]/C        app/PIO/PIO_EP_inst/G0P8C2_CAPTURE/MAILBOX/status_bus_pcie_reg[197]/D
200  CDC-15  Warning   Clock enable controlled CDC structure detected      0  Max Delay Datapath Only  app/PIO/PIO_EP_inst/G0P8C2_CAPTURE/MAILBOX/status_hold_nvp_reg[198]/C        app/PIO/PIO_EP_inst/G0P8C2_CAPTURE/MAILBOX/status_bus_pcie_reg[198]/D
201  CDC-15  Warning   Clock enable controlled CDC structure detected      0  Max Delay Datapath Only  app/PIO/PIO_EP_inst/G0P8C2_CAPTURE/MAILBOX/status_hold_nvp_reg[199]/C        app/PIO/PIO_EP_inst/G0P8C2_CAPTURE/MAILBOX/status_bus_pcie_reg[199]/D
202  CDC-15  Warning   Clock enable controlled CDC structure detected      0  Max Delay Datapath Only  app/PIO/PIO_EP_inst/G0P8C2_CAPTURE/MAILBOX/status_hold_nvp_reg[200]/C        app/PIO/PIO_EP_inst/G0P8C2_CAPTURE/MAILBOX/status_bus_pcie_reg[200]/D
203  CDC-15  Warning   Clock enable controlled CDC structure detected      0  Max Delay Datapath Only  app/PIO/PIO_EP_inst/G0P8C2_CAPTURE/MAILBOX/status_hold_nvp_reg[201]/C        app/PIO/PIO_EP_inst/G0P8C2_CAPTURE/MAILBOX/status_bus_pcie_reg[201]/D
204  CDC-15  Warning   Clock enable controlled CDC structure detected      0  Max Delay Datapath Only  app/PIO/PIO_EP_inst/G0P8C2_CAPTURE/MAILBOX/status_hold_nvp_reg[202]/C        app/PIO/PIO_EP_inst/G0P8C2_CAPTURE/MAILBOX/status_bus_pcie_reg[202]/D
205  CDC-15  Warning   Clock enable controlled CDC structure detected      0  Max Delay Datapath Only  app/PIO/PIO_EP_inst/G0P8C2_CAPTURE/MAILBOX/status_hold_nvp_reg[203]/C        app/PIO/PIO_EP_inst/G0P8C2_CAPTURE/MAILBOX/status_bus_pcie_reg[203]/D
206  CDC-15  Warning   Clock enable controlled CDC structure detected      0  Max Delay Datapath Only  app/PIO/PIO_EP_inst/G0P8C2_CAPTURE/MAILBOX/status_hold_nvp_reg[204]/C        app/PIO/PIO_EP_inst/G0P8C2_CAPTURE/MAILBOX/status_bus_pcie_reg[204]/D
207  CDC-15  Warning   Clock enable controlled CDC structure detected      0  Max Delay Datapath Only  app/PIO/PIO_EP_inst/G0P8C2_CAPTURE/MAILBOX/status_hold_nvp_reg[205]/C        app/PIO/PIO_EP_inst/G0P8C2_CAPTURE/MAILBOX/status_bus_pcie_reg[205]/D
208  CDC-15  Warning   Clock enable controlled CDC structure detected      0  Max Delay Datapath Only  app/PIO/PIO_EP_inst/G0P8C2_CAPTURE/MAILBOX/status_hold_nvp_reg[206]/C        app/PIO/PIO_EP_inst/G0P8C2_CAPTURE/MAILBOX/status_bus_pcie_reg[206]/D
209  CDC-15  Warning   Clock enable controlled CDC structure detected      0  Max Delay Datapath Only  app/PIO/PIO_EP_inst/G0P8C2_CAPTURE/MAILBOX/status_hold_nvp_reg[207]/C        app/PIO/PIO_EP_inst/G0P8C2_CAPTURE/MAILBOX/status_bus_pcie_reg[207]/D
210  CDC-15  Warning   Clock enable controlled CDC structure detected      0  Max Delay Datapath Only  app/PIO/PIO_EP_inst/G0P8C2_CAPTURE/MAILBOX/status_hold_nvp_reg[208]/C        app/PIO/PIO_EP_inst/G0P8C2_CAPTURE/MAILBOX/status_bus_pcie_reg[208]/D
211  CDC-15  Warning   Clock enable controlled CDC structure detected      0  Max Delay Datapath Only  app/PIO/PIO_EP_inst/G0P8C2_CAPTURE/MAILBOX/status_hold_nvp_reg[209]/C        app/PIO/PIO_EP_inst/G0P8C2_CAPTURE/MAILBOX/status_bus_pcie_reg[209]/D
212  CDC-15  Warning   Clock enable controlled CDC structure detected      0  Max Delay Datapath Only  app/PIO/PIO_EP_inst/G0P8C2_CAPTURE/MAILBOX/status_hold_nvp_reg[210]/C        app/PIO/PIO_EP_inst/G0P8C2_CAPTURE/MAILBOX/status_bus_pcie_reg[210]/D
213  CDC-15  Warning   Clock enable controlled CDC structure detected      0  Max Delay Datapath Only  app/PIO/PIO_EP_inst/G0P8C2_CAPTURE/MAILBOX/status_hold_nvp_reg[211]/C        app/PIO/PIO_EP_inst/G0P8C2_CAPTURE/MAILBOX/status_bus_pcie_reg[211]/D
214  CDC-15  Warning   Clock enable controlled CDC structure detected      0  Max Delay Datapath Only  app/PIO/PIO_EP_inst/G0P8C2_CAPTURE/MAILBOX/status_hold_nvp_reg[212]/C        app/PIO/PIO_EP_inst/G0P8C2_CAPTURE/MAILBOX/status_bus_pcie_reg[212]/D
215  CDC-15  Warning   Clock enable controlled CDC structure detected      0  Max Delay Datapath Only  app/PIO/PIO_EP_inst/G0P8C2_CAPTURE/MAILBOX/status_hold_nvp_reg[213]/C        app/PIO/PIO_EP_inst/G0P8C2_CAPTURE/MAILBOX/status_bus_pcie_reg[213]/D
216  CDC-15  Warning   Clock enable controlled CDC structure detected      0  Max Delay Datapath Only  app/PIO/PIO_EP_inst/G0P8C2_CAPTURE/MAILBOX/status_hold_nvp_reg[214]/C        app/PIO/PIO_EP_inst/G0P8C2_CAPTURE/MAILBOX/status_bus_pcie_reg[214]/D
217  CDC-15  Warning   Clock enable controlled CDC structure detected      0  Max Delay Datapath Only  app/PIO/PIO_EP_inst/G0P8C2_CAPTURE/MAILBOX/status_hold_nvp_reg[215]/C        app/PIO/PIO_EP_inst/G0P8C2_CAPTURE/MAILBOX/status_bus_pcie_reg[215]/D
218  CDC-15  Warning   Clock enable controlled CDC structure detected      0  Max Delay Datapath Only  app/PIO/PIO_EP_inst/G0P8C2_CAPTURE/MAILBOX/status_hold_nvp_reg[216]/C        app/PIO/PIO_EP_inst/G0P8C2_CAPTURE/MAILBOX/status_bus_pcie_reg[216]/D
219  CDC-15  Warning   Clock enable controlled CDC structure detected      0  Max Delay Datapath Only  app/PIO/PIO_EP_inst/G0P8C2_CAPTURE/MAILBOX/status_hold_nvp_reg[217]/C        app/PIO/PIO_EP_inst/G0P8C2_CAPTURE/MAILBOX/status_bus_pcie_reg[217]/D
220  CDC-15  Warning   Clock enable controlled CDC structure detected      0  Max Delay Datapath Only  app/PIO/PIO_EP_inst/G0P8C2_CAPTURE/MAILBOX/status_hold_nvp_reg[218]/C        app/PIO/PIO_EP_inst/G0P8C2_CAPTURE/MAILBOX/status_bus_pcie_reg[218]/D
221  CDC-15  Warning   Clock enable controlled CDC structure detected      0  Max Delay Datapath Only  app/PIO/PIO_EP_inst/G0P8C2_CAPTURE/MAILBOX/status_hold_nvp_reg[219]/C        app/PIO/PIO_EP_inst/G0P8C2_CAPTURE/MAILBOX/status_bus_pcie_reg[219]/D
222  CDC-15  Warning   Clock enable controlled CDC structure detected      0  Max Delay Datapath Only  app/PIO/PIO_EP_inst/G0P8C2_CAPTURE/MAILBOX/status_hold_nvp_reg[220]/C        app/PIO/PIO_EP_inst/G0P8C2_CAPTURE/MAILBOX/status_bus_pcie_reg[220]/D
223  CDC-15  Warning   Clock enable controlled CDC structure detected      0  Max Delay Datapath Only  app/PIO/PIO_EP_inst/G0P8C2_CAPTURE/MAILBOX/status_hold_nvp_reg[221]/C        app/PIO/PIO_EP_inst/G0P8C2_CAPTURE/MAILBOX/status_bus_pcie_reg[221]/D
224  CDC-15  Warning   Clock enable controlled CDC structure detected      0  Max Delay Datapath Only  app/PIO/PIO_EP_inst/G0P8C2_CAPTURE/MAILBOX/status_hold_nvp_reg[222]/C        app/PIO/PIO_EP_inst/G0P8C2_CAPTURE/MAILBOX/status_bus_pcie_reg[222]/D
225  CDC-15  Warning   Clock enable controlled CDC structure detected      0  Max Delay Datapath Only  app/PIO/PIO_EP_inst/G0P8C2_CAPTURE/MAILBOX/status_hold_nvp_reg[223]/C        app/PIO/PIO_EP_inst/G0P8C2_CAPTURE/MAILBOX/status_bus_pcie_reg[223]/D
226  CDC-15  Warning   Clock enable controlled CDC structure detected      0  Max Delay Datapath Only  app/PIO/PIO_EP_inst/G0P8C2_CAPTURE/MAILBOX/status_hold_nvp_reg[224]/C        app/PIO/PIO_EP_inst/G0P8C2_CAPTURE/MAILBOX/status_bus_pcie_reg[224]/D
227  CDC-15  Warning   Clock enable controlled CDC structure detected      0  Max Delay Datapath Only  app/PIO/PIO_EP_inst/G0P8C2_CAPTURE/MAILBOX/status_hold_nvp_reg[225]/C        app/PIO/PIO_EP_inst/G0P8C2_CAPTURE/MAILBOX/status_bus_pcie_reg[225]/D
228  CDC-15  Warning   Clock enable controlled CDC structure detected      0  Max Delay Datapath Only  app/PIO/PIO_EP_inst/G0P8C2_CAPTURE/MAILBOX/status_hold_nvp_reg[226]/C        app/PIO/PIO_EP_inst/G0P8C2_CAPTURE/MAILBOX/status_bus_pcie_reg[226]/D
229  CDC-15  Warning   Clock enable controlled CDC structure detected      0  Max Delay Datapath Only  app/PIO/PIO_EP_inst/G0P8C2_CAPTURE/MAILBOX/status_hold_nvp_reg[227]/C        app/PIO/PIO_EP_inst/G0P8C2_CAPTURE/MAILBOX/status_bus_pcie_reg[227]/D
230  CDC-15  Warning   Clock enable controlled CDC structure detected      0  Max Delay Datapath Only  app/PIO/PIO_EP_inst/G0P8C2_CAPTURE/MAILBOX/status_hold_nvp_reg[292]/C        app/PIO/PIO_EP_inst/G0P8C2_CAPTURE/MAILBOX/status_bus_pcie_reg[292]/D
231  CDC-15  Warning   Clock enable controlled CDC structure detected      0  Max Delay Datapath Only  app/PIO/PIO_EP_inst/G0P8C2_CAPTURE/MAILBOX/status_hold_nvp_reg[293]/C        app/PIO/PIO_EP_inst/G0P8C2_CAPTURE/MAILBOX/status_bus_pcie_reg[293]/D
232  CDC-15  Warning   Clock enable controlled CDC structure detected      0  Max Delay Datapath Only  app/PIO/PIO_EP_inst/G0P8C2_CAPTURE/MAILBOX/status_hold_nvp_reg[294]/C        app/PIO/PIO_EP_inst/G0P8C2_CAPTURE/MAILBOX/status_bus_pcie_reg[294]/D
233  CDC-15  Warning   Clock enable controlled CDC structure detected      0  Max Delay Datapath Only  app/PIO/PIO_EP_inst/G0P8C2_CAPTURE/MAILBOX/status_hold_nvp_reg[295]/C        app/PIO/PIO_EP_inst/G0P8C2_CAPTURE/MAILBOX/status_bus_pcie_reg[295]/D
234  CDC-15  Warning   Clock enable controlled CDC structure detected      0  Max Delay Datapath Only  app/PIO/PIO_EP_inst/G0P8C2_CAPTURE/MAILBOX/status_hold_nvp_reg[296]/C        app/PIO/PIO_EP_inst/G0P8C2_CAPTURE/MAILBOX/status_bus_pcie_reg[296]/D
235  CDC-15  Warning   Clock enable controlled CDC structure detected      0  Max Delay Datapath Only  app/PIO/PIO_EP_inst/G0P8C2_CAPTURE/MAILBOX/status_hold_nvp_reg[297]/C        app/PIO/PIO_EP_inst/G0P8C2_CAPTURE/MAILBOX/status_bus_pcie_reg[297]/D
236  CDC-15  Warning   Clock enable controlled CDC structure detected      0  Max Delay Datapath Only  app/PIO/PIO_EP_inst/G0P8C2_CAPTURE/MAILBOX/status_hold_nvp_reg[298]/C        app/PIO/PIO_EP_inst/G0P8C2_CAPTURE/MAILBOX/status_bus_pcie_reg[298]/D
237  CDC-15  Warning   Clock enable controlled CDC structure detected      0  Max Delay Datapath Only  app/PIO/PIO_EP_inst/G0P8C2_CAPTURE/MAILBOX/status_hold_nvp_reg[299]/C        app/PIO/PIO_EP_inst/G0P8C2_CAPTURE/MAILBOX/status_bus_pcie_reg[299]/D
238  CDC-15  Warning   Clock enable controlled CDC structure detected      0  Max Delay Datapath Only  app/PIO/PIO_EP_inst/G0P8C2_CAPTURE/MAILBOX/status_hold_nvp_reg[300]/C        app/PIO/PIO_EP_inst/G0P8C2_CAPTURE/MAILBOX/status_bus_pcie_reg[300]/D
239  CDC-15  Warning   Clock enable controlled CDC structure detected      0  Max Delay Datapath Only  app/PIO/PIO_EP_inst/G0P8C2_CAPTURE/MAILBOX/status_hold_nvp_reg[301]/C        app/PIO/PIO_EP_inst/G0P8C2_CAPTURE/MAILBOX/status_bus_pcie_reg[301]/D
240  CDC-15  Warning   Clock enable controlled CDC structure detected      0  Max Delay Datapath Only  app/PIO/PIO_EP_inst/G0P8C2_CAPTURE/MAILBOX/status_hold_nvp_reg[302]/C        app/PIO/PIO_EP_inst/G0P8C2_CAPTURE/MAILBOX/status_bus_pcie_reg[302]/D
241  CDC-15  Warning   Clock enable controlled CDC structure detected      0  Max Delay Datapath Only  app/PIO/PIO_EP_inst/G0P8C2_CAPTURE/MAILBOX/status_hold_nvp_reg[303]/C        app/PIO/PIO_EP_inst/G0P8C2_CAPTURE/MAILBOX/status_bus_pcie_reg[303]/D
242  CDC-15  Warning   Clock enable controlled CDC structure detected      0  Max Delay Datapath Only  app/PIO/PIO_EP_inst/G0P8C2_CAPTURE/MAILBOX/status_hold_nvp_reg[304]/C        app/PIO/PIO_EP_inst/G0P8C2_CAPTURE/MAILBOX/status_bus_pcie_reg[304]/D
243  CDC-15  Warning   Clock enable controlled CDC structure detected      0  Max Delay Datapath Only  app/PIO/PIO_EP_inst/G0P8C2_CAPTURE/MAILBOX/status_hold_nvp_reg[305]/C        app/PIO/PIO_EP_inst/G0P8C2_CAPTURE/MAILBOX/status_bus_pcie_reg[305]/D
244  CDC-15  Warning   Clock enable controlled CDC structure detected      0  Max Delay Datapath Only  app/PIO/PIO_EP_inst/G0P8C2_CAPTURE/MAILBOX/status_hold_nvp_reg[306]/C        app/PIO/PIO_EP_inst/G0P8C2_CAPTURE/MAILBOX/status_bus_pcie_reg[306]/D
245  CDC-15  Warning   Clock enable controlled CDC structure detected      0  Max Delay Datapath Only  app/PIO/PIO_EP_inst/G0P8C2_CAPTURE/MAILBOX/status_hold_nvp_reg[307]/C        app/PIO/PIO_EP_inst/G0P8C2_CAPTURE/MAILBOX/status_bus_pcie_reg[307]/D
246  CDC-15  Warning   Clock enable controlled CDC structure detected      0  Max Delay Datapath Only  app/PIO/PIO_EP_inst/G0P8C2_CAPTURE/MAILBOX/status_hold_nvp_reg[308]/C        app/PIO/PIO_EP_inst/G0P8C2_CAPTURE/MAILBOX/status_bus_pcie_reg[308]/D
247  CDC-15  Warning   Clock enable controlled CDC structure detected      0  Max Delay Datapath Only  app/PIO/PIO_EP_inst/G0P8C2_CAPTURE/MAILBOX/status_hold_nvp_reg[309]/C        app/PIO/PIO_EP_inst/G0P8C2_CAPTURE/MAILBOX/status_bus_pcie_reg[309]/D
248  CDC-15  Warning   Clock enable controlled CDC structure detected      0  Max Delay Datapath Only  app/PIO/PIO_EP_inst/G0P8C2_CAPTURE/MAILBOX/status_hold_nvp_reg[310]/C        app/PIO/PIO_EP_inst/G0P8C2_CAPTURE/MAILBOX/status_bus_pcie_reg[310]/D
249  CDC-15  Warning   Clock enable controlled CDC structure detected      0  Max Delay Datapath Only  app/PIO/PIO_EP_inst/G0P8C2_CAPTURE/MAILBOX/status_hold_nvp_reg[311]/C        app/PIO/PIO_EP_inst/G0P8C2_CAPTURE/MAILBOX/status_bus_pcie_reg[311]/D
250  CDC-15  Warning   Clock enable controlled CDC structure detected      0  Max Delay Datapath Only  app/PIO/PIO_EP_inst/G0P8C2_CAPTURE/MAILBOX/status_hold_nvp_reg[312]/C        app/PIO/PIO_EP_inst/G0P8C2_CAPTURE/MAILBOX/status_bus_pcie_reg[312]/D
251  CDC-15  Warning   Clock enable controlled CDC structure detected      0  Max Delay Datapath Only  app/PIO/PIO_EP_inst/G0P8C2_CAPTURE/MAILBOX/status_hold_nvp_reg[313]/C        app/PIO/PIO_EP_inst/G0P8C2_CAPTURE/MAILBOX/status_bus_pcie_reg[313]/D
252  CDC-15  Warning   Clock enable controlled CDC structure detected      0  Max Delay Datapath Only  app/PIO/PIO_EP_inst/G0P8C2_CAPTURE/MAILBOX/status_hold_nvp_reg[314]/C        app/PIO/PIO_EP_inst/G0P8C2_CAPTURE/MAILBOX/status_bus_pcie_reg[314]/D
253  CDC-15  Warning   Clock enable controlled CDC structure detected      0  Max Delay Datapath Only  app/PIO/PIO_EP_inst/G0P8C2_CAPTURE/MAILBOX/status_hold_nvp_reg[315]/C        app/PIO/PIO_EP_inst/G0P8C2_CAPTURE/MAILBOX/status_bus_pcie_reg[315]/D
254  CDC-15  Warning   Clock enable controlled CDC structure detected      0  Max Delay Datapath Only  app/PIO/PIO_EP_inst/G0P8C2_CAPTURE/MAILBOX/status_hold_nvp_reg[316]/C        app/PIO/PIO_EP_inst/G0P8C2_CAPTURE/MAILBOX/status_bus_pcie_reg[316]/D
255  CDC-15  Warning   Clock enable controlled CDC structure detected      0  Max Delay Datapath Only  app/PIO/PIO_EP_inst/G0P8C2_CAPTURE/MAILBOX/status_hold_nvp_reg[317]/C        app/PIO/PIO_EP_inst/G0P8C2_CAPTURE/MAILBOX/status_bus_pcie_reg[317]/D
256  CDC-15  Warning   Clock enable controlled CDC structure detected      0  Max Delay Datapath Only  app/PIO/PIO_EP_inst/G0P8C2_CAPTURE/MAILBOX/status_hold_nvp_reg[318]/C        app/PIO/PIO_EP_inst/G0P8C2_CAPTURE/MAILBOX/status_bus_pcie_reg[318]/D
257  CDC-15  Warning   Clock enable controlled CDC structure detected      0  Max Delay Datapath Only  app/PIO/PIO_EP_inst/G0P8C2_CAPTURE/MAILBOX/status_hold_nvp_reg[319]/C        app/PIO/PIO_EP_inst/G0P8C2_CAPTURE/MAILBOX/status_bus_pcie_reg[319]/D
258  CDC-15  Warning   Clock enable controlled CDC structure detected      0  Max Delay Datapath Only  app/PIO/PIO_EP_inst/G0P8C2_CAPTURE/MAILBOX/status_hold_nvp_reg[320]/C        app/PIO/PIO_EP_inst/G0P8C2_CAPTURE/MAILBOX/status_bus_pcie_reg[320]/D
259  CDC-15  Warning   Clock enable controlled CDC structure detected      0  Max Delay Datapath Only  app/PIO/PIO_EP_inst/G0P8C2_CAPTURE/MAILBOX/status_hold_nvp_reg[321]/C        app/PIO/PIO_EP_inst/G0P8C2_CAPTURE/MAILBOX/status_bus_pcie_reg[321]/D
260  CDC-15  Warning   Clock enable controlled CDC structure detected      0  Max Delay Datapath Only  app/PIO/PIO_EP_inst/G0P8C2_CAPTURE/MAILBOX/status_hold_nvp_reg[322]/C        app/PIO/PIO_EP_inst/G0P8C2_CAPTURE/MAILBOX/status_bus_pcie_reg[322]/D
261  CDC-15  Warning   Clock enable controlled CDC structure detected      0  Max Delay Datapath Only  app/PIO/PIO_EP_inst/G0P8C2_CAPTURE/MAILBOX/status_hold_nvp_reg[323]/C        app/PIO/PIO_EP_inst/G0P8C2_CAPTURE/MAILBOX/status_bus_pcie_reg[323]/D
262  CDC-3   Info      1-bit synchronized with ASYNC_REG property          2  False Path               app/PIO/PIO_EP_inst/G0P8C2_CAPTURE/MAILBOX/status_request_toggle_nvp_reg/C   app/PIO/PIO_EP_inst/G0P8C2_CAPTURE/MAILBOX/status_req_sync1_pcie_reg/D
263  CDC-6   Warning   Multi-bit synchronized with ASYNC_REG property      2  Max Delay Datapath Only  app/PIO/PIO_EP_inst/G0P8C2_CAPTURE/active_sav_gray_nvp_reg[31:0]/C           app/PIO/PIO_EP_inst/G0P8C2_CAPTURE/active_sav_gray_sync1_pcie_reg[31:0]/D
264  CDC-6   Warning   Multi-bit synchronized with ASYNC_REG property      2  Max Delay Datapath Only  app/PIO/PIO_EP_inst/G0P8C2_CAPTURE/slot_commit_gray_nvp_reg[31:0]/C          app/PIO/PIO_EP_inst/G0P8C2_CAPTURE/slot_commit_gray_sync1_pcie_reg[31:0]/D
265  CDC-6   Warning   Multi-bit synchronized with ASYNC_REG property      2  Max Delay Datapath Only  vclk_edge_gray_nvp_reg[31:0]/C                                               vclk_edge_gray_sync1_user_reg[31:0]/D

