Copyright 1986-2022 Xilinx, Inc. All Rights Reserved. Copyright 2022-2025 Advanced Micro Devices, Inc. All Rights Reserved.
----------------------------------------------------------------------------------------------------------------------------------------------------------------------------------------------
| Tool Version     : Vivado v.2025.2 (win64) Build 6299465 Fri Nov 14 19:35:11 GMT 2025
| Date             : Fri Aug 21 16:58:38 2026
| Host             : NBLSUDUL running 64-bit major release  (build 9200)
| Command          : report_power -hier all -hierarchical_depth 0 -l 0 -verbose -file C:/FPGA/V41_NVP_ROUTED_DCP_POWER_TIMING_AUDIT_R1/07_COMPARATOR_RCA/RCA_REPORT_POWER_VERBOSE.rpt
| Design           : ahd_capture_top_pcie
| Device           : xc7a35tcsg325-2
| Design State     : routed
| Grade            : commercial
| Process          : typical
| Characterization : Production
----------------------------------------------------------------------------------------------------------------------------------------------------------------------------------------------

Power Report

Table of Contents
-----------------
1. Summary
1.1 On-Chip Components
1.2 Power Supply Summary
1.3 Confidence Level
2. Settings
2.1 Environment
2.2 Clock Constraints
3. Detailed Reports
3.1 By Hierarchy
3.2 By Clock Domain
3.3 By Resource Type
3.3.1 I/O
3.3.2 Signals
3.3.3 Slice Logic
3.3.4 Block RAM
3.3.5 GTP
3.3.6 PCIE
3.3.7 Clock Manager

1. Summary
----------

+--------------------------+--------------+
| Total On-Chip Power (W)  | 0.401        |
| Design Power Budget (W)  | Unspecified* |
| Power Budget Margin (W)  | NA           |
| Dynamic (W)              | 0.323        |
| Device Static (W)        | 0.077        |
| Effective TJA (C/W)      | 4.8          |
| Max Ambient (C)          | 83.1         |
| Junction Temperature (C) | 26.9         |
| Confidence Level         | Low          |
| Setting File             | ---          |
| Simulation Activity File | ---          |
| Design Nets Matched      | NA           |
+--------------------------+--------------+
* Specify Design Power Budget using, set_operating_conditions -design_power_budget <value in Watts>


1.1 On-Chip Components
----------------------

+-------------------------+-----------+----------+-----------+-----------------+
| On-Chip                 | Power (W) | Used     | Available | Utilization (%) |
+-------------------------+-----------+----------+-----------+-----------------+
| Clocks                  |     0.018 |        9 |       --- |             --- |
| Slice Logic             |     0.004 |     8228 |       --- |             --- |
|   LUT as Logic          |     0.004 |     2850 |     20800 |           13.70 |
|   CARRY4                |    <0.001 |      259 |      8150 |            3.18 |
|   Register              |    <0.001 |     4345 |     41600 |           10.44 |
|   LUT as Shift Register |    <0.001 |       11 |      9600 |            0.11 |
|   F7/F8 Muxes           |    <0.001 |       78 |     32600 |            0.24 |
|   Others                |     0.000 |       87 |       --- |             --- |
| Signals                 |     0.008 |     7364 |       --- |             --- |
| Block RAM               |     0.012 |       10 |        50 |           20.00 |
| MMCM                    |     0.107 |        1 |         5 |           20.00 |
| I/O                     |     0.001 |       15 |       150 |           10.00 |
| GTP                     |     0.149 |        1 |       --- |             --- |
| Hard IPs                |     0.025 |        1 |       --- |             --- |
|   PCIE                  |     0.025 |        1 |         1 |          100.00 |
| Static Power            |     0.077 |          |           |                 |
| Total                   |     0.401 |          |           |                 |
+-------------------------+-----------+----------+-----------+-----------------+


1.2 Power Supply Summary
------------------------

+-----------+-------------+-----------+-------------+------------+-------------+-------------+------------+
| Source    | Voltage (V) | Total (A) | Dynamic (A) | Static (A) | Powerup (A) | Budget (A)  | Margin (A) |
+-----------+-------------+-----------+-------------+------------+-------------+-------------+------------+
| Vccint    |       1.000 |     0.089 |       0.079 |      0.010 |       NA    | Unspecified | NA         |
| Vccaux    |       1.800 |     0.072 |       0.059 |      0.013 |       NA    | Unspecified | NA         |
| Vcco33    |       3.300 |     0.001 |       0.000 |      0.001 |       NA    | Unspecified | NA         |
| Vcco25    |       2.500 |     0.000 |       0.000 |      0.000 |       NA    | Unspecified | NA         |
| Vcco18    |       1.800 |     0.000 |       0.000 |      0.000 |       NA    | Unspecified | NA         |
| Vcco15    |       1.500 |     0.000 |       0.000 |      0.000 |       NA    | Unspecified | NA         |
| Vcco135   |       1.350 |     0.000 |       0.000 |      0.000 |       NA    | Unspecified | NA         |
| Vcco12    |       1.200 |     0.000 |       0.000 |      0.000 |       NA    | Unspecified | NA         |
| Vccaux_io |       1.800 |     0.000 |       0.000 |      0.000 |       NA    | Unspecified | NA         |
| Vccbram   |       1.000 |     0.001 |       0.001 |      0.000 |       NA    | Unspecified | NA         |
| MGTAVcc   |       1.000 |     0.068 |       0.067 |      0.001 |       NA    | Unspecified | NA         |
| MGTAVtt   |       1.200 |     0.062 |       0.059 |      0.003 |       NA    | Unspecified | NA         |
| Vccadc    |       1.800 |     0.020 |       0.000 |      0.020 |       NA    | Unspecified | NA         |
+-----------+-------------+-----------+-------------+------------+-------------+-------------+------------+


1.3 Confidence Level
--------------------

+-----------------------------+------------+--------------------------------------------------------+------------------------------------------------------------------------------------------------------------+
| User Input Data             | Confidence | Details                                                | Action                                                                                                     |
+-----------------------------+------------+--------------------------------------------------------+------------------------------------------------------------------------------------------------------------+
| Design implementation state | High       | Design is routed                                       |                                                                                                            |
| Clock nodes activity        | High       | User specified more than 95% of clocks                 |                                                                                                            |
| I/O nodes activity          | Low        | More than 75% of inputs are missing user specification | Provide missing input activity with simulation results or by editing the "By Resource Type -> I/Os" view   |
| Internal nodes activity     | Medium     | User specified less than 25% of internal nodes         | Provide missing internal nodes activity with simulation results or by editing the "By Resource Type" views |
| Device models               | High       | Device models are Production                           |                                                                                                            |
|                             |            |                                                        |                                                                                                            |
| Overall confidence level    | Low        |                                                        |                                                                                                            |
+-----------------------------+------------+--------------------------------------------------------+------------------------------------------------------------------------------------------------------------+


2. Settings
-----------

2.1 Environment
---------------

+-----------------------+--------------------------+
| Ambient Temp (C)      | 25.0                     |
| ThetaJA (C/W)         | 4.8                      |
| Airflow (LFM)         | 250                      |
| Heat Sink             | medium (Medium Profile)  |
| ThetaSA (C/W)         | 4.6                      |
| Board Selection       | medium (10"x10")         |
| # of Board Layers     | 12to15 (12 to 15 Layers) |
| Board Temperature (C) | 25.0                     |
+-----------------------+--------------------------+


2.2 Clock Constraints
---------------------

+---------------+---------------------------------------------------------------------------------------------------------------------+-----------------+
| Clock         | Domain                                                                                                              | Constraint (ns) |
+---------------+---------------------------------------------------------------------------------------------------------------------+-----------------+
| clk_125mhz    | pcie7_g0p8c0_support_i/pipe_clock_i/clk_125mhz                                                                      |             8.0 |
| clk_250mhz    | pcie7_g0p8c0_support_i/pipe_clock_i/clk_250mhz                                                                      |             4.0 |
| mmcm_fb       | pcie7_g0p8c0_support_i/pipe_clock_i/mmcm_fb                                                                         |            10.0 |
| nvp_vclk1     | vclk1                                                                                                               |             6.7 |
| sys_clk       | sys_clk_p                                                                                                           |            10.0 |
| txoutclk_x0y0 | pcie7_g0p8c0_support_i/pcie7_g0p8c0_i/inst/inst/gt_top_i/pipe_wrapper_i/pipe_lane[0].gt_wrapper_i/pipe_txoutclk_out |            10.0 |
| userclk1      | pcie7_g0p8c0_support_i/pipe_clock_i/userclk1                                                                        |            16.0 |
+---------------+---------------------------------------------------------------------------------------------------------------------+-----------------+


3. Detailed Reports
-------------------

3.1 By Hierarchy
----------------

+----------------------------------------------------------------------------------+-----------+---------+-----------+------+--------+----------+------------+---------+-----------+--------+----------+------------+--------------+------+--------+--------+----------+
| Name                                                                             | Power (W) | Clock # | Clock (W) | Io # | Io (W) | Signal # | Signal (W) | Logic # | Logic (W) | Bram # | Bram (W) | Clock IP # | Clock IP (W) | Gt # | Gt (W) | Pcie # | Pcie (W) |
+----------------------------------------------------------------------------------+-----------+---------+-----------+------+--------+----------+------------+---------+-----------+--------+----------+------------+--------------+------+--------+--------+----------+
| ahd_capture_top_pcie                                                             |     0.323 |       9 |     0.018 |   15 |  0.001 |     7364 |      0.008 |    8228 |     0.004 |     10 |    0.012 |          1 |        0.107 |    1 |  0.149 |      1 |    0.025 |
|   NVP_AUTOINIT                                                                   |     0.002 |       9 |     0.001 |    0 |  0.000 |     1709 |     <0.001 |    2064 |    <0.001 |      0 |    0.000 |          0 |        0.000 |    0 |  0.000 |      0 |    0.000 |
|     u_sequence                                                                   |     0.002 |       9 |     0.001 |    0 |  0.000 |     1653 |     <0.001 |    1986 |    <0.001 |      0 |    0.000 |          0 |        0.000 |    0 |  0.000 |      0 |    0.000 |
|   NVP_PHYSICAL_FRONTEND                                                          |     0.001 |       9 |    <0.001 |   17 | <0.001 |       29 |     <0.001 |      15 |    <0.001 |      0 |    0.000 |          0 |        0.000 |    0 |  0.000 |      0 |    0.000 |
|   app                                                                            |     0.019 |       9 |     0.009 |    0 |  0.000 |     4039 |      0.005 |    4703 |     0.003 |      2 |    0.002 |          0 |        0.000 |    0 |  0.000 |      0 |    0.000 |
|     PIO                                                                          |     0.019 |       9 |     0.009 |    0 |  0.000 |     4039 |      0.005 |    4703 |     0.003 |      2 |    0.002 |          0 |        0.000 |    0 |  0.000 |      0 |    0.000 |
|       PIO_EP_inst                                                                |     0.019 |       9 |     0.009 |    0 |  0.000 |     4037 |      0.005 |    4697 |     0.003 |      2 |    0.002 |          0 |        0.000 |    0 |  0.000 |      0 |    0.000 |
|         COMPLETER                                                                |     0.002 |       9 |    <0.001 |    0 |  0.000 |      496 |     <0.001 |     670 |    <0.001 |      0 |    0.000 |          0 |        0.000 |    0 |  0.000 |      0 |    0.000 |
|         G0P8C2_CAPTURE                                                           |     0.017 |       9 |     0.009 |    0 |  0.000 |     3541 |      0.004 |    4027 |     0.002 |      2 |    0.002 |          0 |        0.000 |    0 |  0.000 |      0 |    0.000 |
|           BAR_TARGET                                                             |     0.004 |       9 |    <0.001 |    0 |  0.000 |      567 |     <0.001 |     471 |    <0.001 |      2 |    0.002 |          0 |        0.000 |    0 |  0.000 |      0 |    0.000 |
|           MAILBOX                                                                |     0.004 |       9 |     0.002 |    0 |  0.000 |      939 |      0.001 |    1031 |    <0.001 |      0 |    0.000 |          0 |        0.000 |    0 |  0.000 |      0 |    0.000 |
|           PRODUCER                                                               |     0.007 |       9 |     0.005 |    0 |  0.000 |     1628 |     <0.001 |    2071 |     0.001 |      0 |    0.000 |          0 |        0.000 |    0 |  0.000 |      0 |    0.000 |
|   pcie7_g0p8c0_support_i                                                         |     0.300 |       9 |     0.006 |    0 |  0.000 |     1428 |      0.003 |    1247 |    <0.001 |      8 |    0.010 |          1 |        0.107 |    1 |  0.149 |      1 |    0.025 |
|     pcie7_g0p8c0_i                                                               |     0.193 |       9 |     0.006 |    0 |  0.000 |     1420 |      0.003 |    1238 |    <0.001 |      8 |    0.010 |          0 |        0.000 |    1 |  0.149 |      1 |    0.025 |
|       inst                                                                       |     0.193 |       9 |     0.006 |    0 |  0.000 |     1420 |      0.003 |    1238 |    <0.001 |      8 |    0.010 |          0 |        0.000 |    1 |  0.149 |      1 |    0.025 |
|         inst                                                                     |     0.193 |       9 |     0.006 |    0 |  0.000 |     1420 |      0.003 |    1238 |    <0.001 |      8 |    0.010 |          0 |        0.000 |    1 |  0.149 |      1 |    0.025 |
|           gt_top_i                                                               |     0.154 |       9 |     0.005 |    0 |  0.000 |      617 |     <0.001 |     755 |    <0.001 |      0 |    0.000 |          0 |        0.000 |    1 |  0.149 |      0 |    0.000 |
|             pipe_wrapper_i                                                       |     0.154 |       9 |     0.005 |    0 |  0.000 |      560 |     <0.001 |     692 |    <0.001 |      0 |    0.000 |          0 |        0.000 |    1 |  0.149 |      0 |    0.000 |
|               pipe_lane[0].gt_wrapper_i                                          |     0.149 |       9 |    <0.001 |    0 |  0.000 |       53 |     <0.001 |       5 |    <0.001 |      0 |    0.000 |          0 |        0.000 |    1 |  0.149 |      0 |    0.000 |
|               pipe_lane[0].gtp_pipe_drp.gtp_pipe_drp_i                           |     0.001 |       9 |    <0.001 |    0 |  0.000 |       87 |     <0.001 |      99 |    <0.001 |      0 |    0.000 |          0 |        0.000 |    0 |  0.000 |      0 |    0.000 |
|               pipe_lane[0].pipe_quad.gt_common_enabled.gt_common_int.gt_common_i |     0.002 |       9 |     0.002 |    0 |  0.000 |      109 |     <0.001 |     142 |    <0.001 |      0 |    0.000 |          0 |        0.000 |    0 |  0.000 |      0 |    0.000 |
|           pcie_top_i                                                             |     0.038 |       9 |    <0.001 |    0 |  0.000 |      785 |      0.002 |     452 |    <0.001 |      8 |    0.010 |          0 |        0.000 |    0 |  0.000 |      1 |    0.025 |
|             axi_basic_top                                                        |     0.001 |       9 |    <0.001 |    0 |  0.000 |      308 |     <0.001 |     407 |    <0.001 |      0 |    0.000 |          0 |        0.000 |    0 |  0.000 |      0 |    0.000 |
|             pcie_7x_i                                                            |     0.037 |       9 |    <0.001 |    0 |  0.000 |      460 |      0.002 |      28 |    <0.001 |      8 |    0.010 |          0 |        0.000 |    0 |  0.000 |      1 |    0.025 |
|               pcie_bram_top                                                      |     0.011 |       9 |    <0.001 |    0 |  0.000 |      137 |     <0.001 |      16 |     0.000 |      8 |    0.010 |          0 |        0.000 |    0 |  0.000 |      0 |    0.000 |
|                 pcie_brams_rx                                                    |     0.005 |       9 |    <0.001 |    0 |  0.000 |       68 |     <0.001 |       8 |     0.000 |      4 |    0.005 |          0 |        0.000 |    0 |  0.000 |      0 |    0.000 |
|                   brams[0].ram                                                   |     0.001 |       9 |    <0.001 |    0 |  0.000 |       18 |     <0.001 |       2 |     0.000 |      1 |    0.001 |          0 |        0.000 |    0 |  0.000 |      0 |    0.000 |
|                     use_tdp.ramb36                                               |     0.001 |       9 |    <0.001 |    0 |  0.000 |       18 |     <0.001 |       2 |     0.000 |      1 |    0.001 |          0 |        0.000 |    0 |  0.000 |      0 |    0.000 |
|                   brams[1].ram                                                   |     0.001 |       9 |    <0.001 |    0 |  0.000 |       18 |     <0.001 |       2 |     0.000 |      1 |    0.001 |          0 |        0.000 |    0 |  0.000 |      0 |    0.000 |
|                     use_tdp.ramb36                                               |     0.001 |       9 |    <0.001 |    0 |  0.000 |       18 |     <0.001 |       2 |     0.000 |      1 |    0.001 |          0 |        0.000 |    0 |  0.000 |      0 |    0.000 |
|                   brams[2].ram                                                   |     0.001 |       9 |    <0.001 |    0 |  0.000 |       18 |     <0.001 |       2 |     0.000 |      1 |    0.001 |          0 |        0.000 |    0 |  0.000 |      0 |    0.000 |
|                     use_tdp.ramb36                                               |     0.001 |       9 |    <0.001 |    0 |  0.000 |       18 |     <0.001 |       2 |     0.000 |      1 |    0.001 |          0 |        0.000 |    0 |  0.000 |      0 |    0.000 |
|                   brams[3].ram                                                   |     0.001 |       9 |    <0.001 |    0 |  0.000 |       14 |     <0.001 |       2 |     0.000 |      1 |    0.001 |          0 |        0.000 |    0 |  0.000 |      0 |    0.000 |
|                     use_tdp.ramb36                                               |     0.001 |       9 |    <0.001 |    0 |  0.000 |       14 |     <0.001 |       2 |     0.000 |      1 |    0.001 |          0 |        0.000 |    0 |  0.000 |      0 |    0.000 |
|                 pcie_brams_tx                                                    |     0.005 |       9 |    <0.001 |    0 |  0.000 |       69 |     <0.001 |       8 |     0.000 |      4 |    0.005 |          0 |        0.000 |    0 |  0.000 |      0 |    0.000 |
|                   brams[0].ram                                                   |     0.001 |       9 |    <0.001 |    0 |  0.000 |       18 |     <0.001 |       2 |     0.000 |      1 |    0.001 |          0 |        0.000 |    0 |  0.000 |      0 |    0.000 |
|                     use_tdp.ramb36                                               |     0.001 |       9 |    <0.001 |    0 |  0.000 |       18 |     <0.001 |       2 |     0.000 |      1 |    0.001 |          0 |        0.000 |    0 |  0.000 |      0 |    0.000 |
|                   brams[1].ram                                                   |     0.001 |       9 |    <0.001 |    0 |  0.000 |       18 |     <0.001 |       2 |     0.000 |      1 |    0.001 |          0 |        0.000 |    0 |  0.000 |      0 |    0.000 |
|                     use_tdp.ramb36                                               |     0.001 |       9 |    <0.001 |    0 |  0.000 |       18 |     <0.001 |       2 |     0.000 |      1 |    0.001 |          0 |        0.000 |    0 |  0.000 |      0 |    0.000 |
|                   brams[2].ram                                                   |     0.001 |       9 |    <0.001 |    0 |  0.000 |       18 |     <0.001 |       2 |     0.000 |      1 |    0.001 |          0 |        0.000 |    0 |  0.000 |      0 |    0.000 |
|                     use_tdp.ramb36                                               |     0.001 |       9 |    <0.001 |    0 |  0.000 |       18 |     <0.001 |       2 |     0.000 |      1 |    0.001 |          0 |        0.000 |    0 |  0.000 |      0 |    0.000 |
|                   brams[3].ram                                                   |     0.001 |       9 |    <0.001 |    0 |  0.000 |       15 |     <0.001 |       2 |     0.000 |      1 |    0.001 |          0 |        0.000 |    0 |  0.000 |      0 |    0.000 |
|                     use_tdp.ramb36                                               |     0.001 |       9 |    <0.001 |    0 |  0.000 |       15 |     <0.001 |       2 |     0.000 |      1 |    0.001 |          0 |        0.000 |    0 |  0.000 |      0 |    0.000 |
|     pipe_clock_i                                                                 |     0.108 |       9 |    <0.001 |    0 |  0.000 |        5 |     <0.001 |       6 |    <0.001 |      0 |    0.000 |          1 |        0.107 |    0 |  0.000 |      0 |    0.000 |
+----------------------------------------------------------------------------------+-----------+---------+-----------+------+--------+----------+------------+---------+-----------+--------+----------+------------+--------------+------+--------+--------+----------+


3.2 By Clock Domain
-------------------

+-----------------------------------------------------------------------------------------------------------------------+-----------+-----------------+--------+-------------------------+----------------------------------------------+------------+----------+-------------+----------+
| Name                                                                                                                  | Power (W) | Frequency (MHz) | Buffer | Clock Buffer Enable (%) | Enable Signal                                | Bel Fanout | Sites    | Fanout/Site | Type     |
+-----------------------------------------------------------------------------------------------------------------------+-----------+-----------------+--------+-------------------------+----------------------------------------------+------------+----------+-------------+----------+
| pcie7_g0p8c0_support_i/pcie7_g0p8c0_i/inst/inst/gt_top_i/pipe_wrapper_i/pipe_lane[0].gt_wrapper_i/pipe_txoutclk_out   |    <0.001 |          100.00 | N/A    |                     N/A | N/A                                          |          2 |        2 |        1.00 | N/A      |
|   pcie7_g0p8c0_support_i/pcie7_g0p8c0_i/inst/inst/gt_top_i/pipe_wrapper_i/pipe_lane[0].gt_wrapper_i/pipe_txoutclk_out |    <0.001 |          100.00 | N/A    |                     N/A | N/A                                          |          1 |        1 |        1.00 | N/A      |
|   pcie7_g0p8c0_support_i/pipe_clock_i/refclk                                                                          |    <0.001 |          100.00 | BUFG   |                     N/A | N/A                                          |          1 |        1 |        1.00 | N/A      |
|   pcie7_g0p8c0_support_i/pipe_clock_i/txoutclk_i.txoutclk_i                                                           |    <0.001 |          100.00 | BUFG   |                     N/A | N/A                                          |          1 |        1 |        1.00 | Global   |
| pcie7_g0p8c0_support_i/pipe_clock_i/clk_125mhz                                                                        |     0.004 |          125.00 | N/A    |                     N/A | N/A                                          |        434 |      120 |        3.62 | N/A      |
|   pcie7_g0p8c0_support_i/pipe_clock_i/clk_125mhz                                                                      |    <0.001 |          125.00 | N/A    |                     N/A | N/A                                          |          2 |        2 |        1.00 | N/A      |
|   pcie7_g0p8c0_support_i/pipe_clock_i/dclk_i_bufg.dclk_i                                                              |    <0.001 |          125.00 | BUFG   |                     N/A | N/A                                          |        145 |       35 |        4.14 | Global   |
|   pcie7_g0p8c0_support_i/pipe_clock_i/pclk_i1_bufgctrl.pclk_i1_0                                                      |     0.003 |          125.00 | BUFG   |                  100.00 | pcie7_g0p8c0_support_i/pipe_clock_i/<const1> |        287 |       83 |        3.46 | N/A      |
|   pcie7_g0p8c0_support_i/pipe_clock_i/pclk_i1_bufgctrl.pclk_i1                                                        |    <0.001 |          125.00 | BUFG   |                  100.00 | pcie7_g0p8c0_support_i/pipe_clock_i/<const1> |        287 |       83 |        3.46 | Global   |
|   pcie7_g0p8c0_support_i/pipe_clock_i/pipe_dclk_in                                                                    |     0.001 |          125.00 | BUFG   |                     N/A | N/A                                          |        145 |       35 |        4.14 | N/A      |
| pcie7_g0p8c0_support_i/pipe_clock_i/clk_250mhz                                                                        |    <0.001 |          250.00 | N/A    |                     N/A | N/A                                          |          1 |        1 |        1.00 | N/A      |
|   pcie7_g0p8c0_support_i/pipe_clock_i/clk_250mhz                                                                      |    <0.001 |          250.00 | N/A    |                     N/A | N/A                                          |          1 |        1 |        1.00 | N/A      |
| pcie7_g0p8c0_support_i/pipe_clock_i/mmcm_fb                                                                           |    <0.001 |          100.00 | N/A    |                     N/A | N/A                                          |          1 |        1 |        1.00 | N/A      |
|   pcie7_g0p8c0_support_i/pipe_clock_i/mmcm_fb                                                                         |    <0.001 |          100.00 | N/A    |                     N/A | N/A                                          |          1 |        1 |        1.00 | N/A      |
| pcie7_g0p8c0_support_i/pipe_clock_i/userclk1                                                                          |     0.004 |           62.50 | N/A    |                     N/A | N/A                                          |       2208 |      657 |        3.36 | N/A      |
|   pcie7_g0p8c0_support_i/pipe_clock_i/pipe_userclk2_in                                                                |     0.004 |           62.50 | BUFG   |                     N/A | N/A                                          |       2207 |      656 |        3.36 | N/A      |
|   pcie7_g0p8c0_support_i/pipe_clock_i/userclk1                                                                        |    <0.001 |           62.50 | N/A    |                     N/A | N/A                                          |          1 |        1 |        1.00 | N/A      |
|   pcie7_g0p8c0_support_i/pipe_clock_i/userclk1_i1.usrclk1_i1                                                          |    <0.001 |           62.50 | BUFG   |                     N/A | N/A                                          |       2207 |      656 |        3.36 | Global   |
| sys_clk_p                                                                                                             |    <0.001 |          100.00 | N/A    |                     N/A | N/A                                          |         13 |        6 |        2.17 | N/A      |
|   pcie7_g0p8c0_support_i/pcie7_g0p8c0_i/inst/inst/gt_top_i/pipe_wrapper_i/cpllpd_refclk_inst                          |    <0.001 |          100.00 | BUFG   |                     N/A | N/A                                          |          9 |        2 |        4.50 | Global   |
|   pcie7_g0p8c0_support_i/pcie7_g0p8c0_i/inst/inst/gt_top_i/pipe_wrapper_i/gt_cpllpdrefclk                             |    <0.001 |          100.00 | BUFG   |                     N/A | N/A                                          |          9 |        2 |        4.50 | N/A      |
|   refclk_ibuf                                                                                                         |     0.000 |          100.00 | BUFR   |                     N/A | N/A                                          |          2 |        2 |        1.00 | Regional |
|   sys_clk                                                                                                             |    <0.001 |          100.00 | N/A    |                     N/A | N/A                                          |          2 |        2 |        1.00 | N/A      |
|   sys_clk_p                                                                                                           |     0.000 |          100.00 | N/A    |                     N/A | N/A                                          |          1 |        1 |        1.00 | N/A      |
|   sys_clk_p_IBUF                                                                                                      |     0.000 |          100.00 | N/A    |                     N/A | N/A                                          |          1 |        1 |        1.00 | N/A      |
| vclk1                                                                                                                 |     0.008 |          148.50 | N/A    |                     N/A | N/A                                          |       1738 |      441 |        3.94 | N/A      |
|   NVP_PHYSICAL_FRONTEND/nvp_clk                                                                                       |     0.007 |          148.50 | BUFG   |                     N/A | N/A                                          |       1727 |      430 |        4.02 | N/A      |
|   NVP_PHYSICAL_FRONTEND/u_vclk1_bufg                                                                                  |    <0.001 |          148.50 | BUFG   |                     N/A | N/A                                          |       1727 |      430 |        4.02 | Global   |
|   NVP_PHYSICAL_FRONTEND/u_vclk1_bufio                                                                                 |    <0.001 |          148.50 | BUFG   |                     N/A | N/A                                          |          8 |        8 |        1.00 | Global   |
|   NVP_PHYSICAL_FRONTEND/vclk1_ibuf                                                                                    |    <0.001 |          148.50 | N/A    |                     N/A | N/A                                          |          2 |        2 |        1.00 | N/A      |
|   NVP_PHYSICAL_FRONTEND/vclk1_io                                                                                      |    <0.001 |          148.50 | BUFG   |                     N/A | N/A                                          |          8 |        8 |        1.00 | N/A      |
|   vclk1                                                                                                               |     0.000 |          148.50 | N/A    |                     N/A | N/A                                          |          1 |        1 |        1.00 | N/A      |
+-----------------------------------------------------------------------------------------------------------------------+-----------+-----------------+--------+-------------------------+----------------------------------------------+------------+----------+-------------+----------+


3.3 By Resource Type
--------------------

3.3.1 I/O
---------

+------+-----------+----------+--------------+----------------+------------+-------------+------------+-----------------+----------+--------------+------------+------------------+------------+-------------+---------------------+-----------+-------------------+------------------+------------------+------------------+------------+------------+---------------+-------------------+----------------------+-----------------------+
| Name | Power (W) | I/O Type | I/O Standard | Drive Strength | Input Pins | Output Pins | Bidir Pins | IO LOGIC SERDES | IO DELAY | IBUF LOW PWR | Input Term | Output Impedance | Clock Name | Clock (MHz) | Signal Rate (Mtr/s) | Data Rate | Output Enable (%) | Term Disable (%) | IBUF Disable (%) | Output Load (pF) | Vccint (W) | Vccaux (W) | Vccaux_io (W) | Vcco On-chip  (W) | External Termination | Vcco   Off-chip   (W) |
+------+-----------+----------+--------------+----------------+------------+-------------+------------+-----------------+----------+--------------+------------+------------------+------------+-------------+---------------------+-----------+-------------------+------------------+------------------+------------------+------------+------------+---------------+-------------------+----------------------+-----------------------+


3.3.2 Signals
-------------

+------+-----------+---------------------+--------+--------+--------------+-------+------------+
| Name | Power (W) | Signal Rate (Mtr/s) | % High | Fanout | Slice Fanout | Clock | Logic Type |
+------+-----------+---------------------+--------+--------+--------------+-------+------------+


3.3.3 Slice Logic
-----------------

+------+-----------+------+-------------+------------+---------------------+--------+
| Name | Power (W) | Type | Clock (MHz) | Clock Name | Signal Rate (Mtr/s) | % High |
+------+-----------+------+-------------+------------+---------------------+--------+


3.3.4 Block RAM
---------------

+------+-----------+------+-------------+--------------+---------------+-------------------+--------------+---------------+--------------+------------------+--------------+---------------+-------------------+--------------+---------------+--------------+------------------+
| Name | Power (W) | Mode | Signal Rate | Clock Name A | Clock A (MHz) | Enable Rate A (%) | Read Width A | Write Width A | Write Mode A | Write Rate A (%) | Clock Name B | Clock B (MHz) | Enable Rate B (%) | Read Width B | Write Width B | Write Mode B | Write Rate B (%) |
+------+-----------+------+-------------+--------------+---------------+-------------------+--------------+---------------+--------------+------------------+--------------+---------------+-------------------+--------------+---------------+--------------+------------------+


3.3.5 GTP
---------

+------+-----------+------------------+---------------------+--------------------+--------------+---------------------+--------------------+--------------+-----------------+-----------+------------+-------------+-------------+
| Name | Power (W) | Operational Mode | RX Data Rate (Gb/s) | RX Data Path Width | RX Data Mode | TX Data Rate (Gb/s) | TX Data Path Width | TX Data Mode | TX O/P Amp (mV) | Hard PCIe | Vccint (W) | MGTAVcc (W) | MGTAVtt (W) |
+------+-----------+------------------+---------------------+--------------------+--------------+---------------------+--------------------+--------------+-----------------+-----------+------------+-------------+-------------+


3.3.6 PCIE
----------

+------+-----------+------------+------------------+-----------------+
| Name | Power (W) | Link Speed | User Clock (MHz) | Number of Lanes |
+------+-----------+------------+------------------+-----------------+


3.3.7 Clock Manager
-------------------

+------+-----------+-------------+-------------+-------------+----------------+------------------+----------------+----------------+----------------+----------------+----------------+----------------+----------------+------------+------------+------------+
| Name | Power (W) | MMCM or PLL | Clock (MHz) | Phase Shift | Divide Counter | Multiply Counter | Clock 0 Divide | Clock 1 Divide | Clock 2 Divide | Clock 3 Divide | Clock 4 Divide | Clock 5 Divide | Clock 6 Divide | Power Down | Vccint (W) | Vccaux (W) |
+------+-----------+-------------+-------------+-------------+----------------+------------------+----------------+----------------+----------------+----------------+----------------+----------------+----------------+------------+------------+------------+


