Copyright 1986-2022 Xilinx, Inc. All Rights Reserved. Copyright 2022-2025 Advanced Micro Devices, Inc. All Rights Reserved.
-----------------------------------------------------------------------------------------------------------------------------------------------------------------------------------------------------------------------------------------------------------------------------------------------------------------------------------------------------------------------------------------------------------------------------------------------------------------------------------------------------------------------------------------------------------------------------------------
| Tool Version : Vivado v.2025.2 (win64) Build 6299465 Fri Nov 14 19:35:11 GMT 2025
| Date         : Fri Aug 21 16:53:27 2026
| Host         : NBLSUDUL running 64-bit major release  (build 9200)
| Command      : report_timing -from [get_pins -quiet -of_objects [get_cells -quiet -hierarchical -regexp {^NVP_AUTOINIT/u_sequence/scl_sync_r_reg\[0\]$}] -filter {REF_PIN_NAME == Q}] -to [get_pins -quiet -of_objects [get_cells -quiet -hierarchical -regexp {^NVP_AUTOINIT/u_sequence/scl_sync_r_reg\[1\]$}] -filter {REF_PIN_NAME == D}] -delay_type max -max_paths 20 -nworst 1 -unique_pins -routable_nets -sort_by slack -path_type full_clock_expanded -input_pins -file C:/FPGA/V41_NVP_ROUTED_DCP_POWER_TIMING_AUDIT_R1/07_COMPARATOR_RCA/RCA_SCL_SYNC0_Q_TO_SYNC1_D_MAX.rpt
| Design       : ahd_capture_top_pcie
| Device       : 7a35t-csg325
| Speed File   : -2  PRODUCTION 1.23 2018-06-13
| Design State : Routed
-----------------------------------------------------------------------------------------------------------------------------------------------------------------------------------------------------------------------------------------------------------------------------------------------------------------------------------------------------------------------------------------------------------------------------------------------------------------------------------------------------------------------------------------------------------------------------------------

Timing Report

Slack (MET) :             15.352ns  (required time - arrival time)
  Source:                 NVP_AUTOINIT/u_sequence/scl_sync_r_reg[0]/C
                            (rising edge-triggered cell FDSE clocked by userclk1  {rise@0.000ns fall@8.000ns period=16.000ns})
  Destination:            NVP_AUTOINIT/u_sequence/scl_sync_r_reg[1]/D
                            (rising edge-triggered cell FDSE clocked by userclk1  {rise@0.000ns fall@8.000ns period=16.000ns})
  Path Group:             userclk1
  Path Type:              Setup (Max at Slow Process Corner)
  Requirement:            16.000ns  (userclk1 rise@16.000ns - userclk1 rise@0.000ns)
  Data Path Delay:        0.525ns  (logic 0.379ns (72.186%)  route 0.146ns (27.814%))
  Logic Levels:           0  
  Clock Path Skew:        0.000ns (DCD - SCD + CPR)
    Destination Clock Delay (DCD):    5.414ns = ( 21.414 - 16.000 ) 
    Source Clock Delay      (SCD):    5.773ns
    Clock Pessimism Removal (CPR):    0.359ns
  Clock Uncertainty:      0.079ns  ((TSJ^2 + DJ^2)^1/2) / 2 + PE
    Total System Jitter     (TSJ):    0.071ns
    Discrete Jitter          (DJ):    0.141ns
    Phase Error              (PE):    0.000ns

    Location             Delay type                Incr(ns)  Path(ns)    Netlist Resource(s)
  -------------------------------------------------------------------    -------------------
                         (clock userclk1 rise edge)
                                                      0.000     0.000 r  
    GTPE2_CHANNEL_X0Y3   GTPE2_CHANNEL                0.000     0.000 r  pcie7_g0p8c0_support_i/pcie7_g0p8c0_i/inst/inst/gt_top_i/pipe_wrapper_i/pipe_lane[0].gt_wrapper_i/gtp_channel.gtpe2_channel_i/TXOUTCLK
                         net (fo=1, routed)           1.209     1.209    pcie7_g0p8c0_support_i/pipe_clock_i/pipe_txoutclk_out
    BUFGCTRL_X0Y18                                                    r  pcie7_g0p8c0_support_i/pipe_clock_i/txoutclk_i.txoutclk_i/I
    BUFGCTRL_X0Y18       BUFG (Prop_bufg_I_O)         0.081     1.290 r  pcie7_g0p8c0_support_i/pipe_clock_i/txoutclk_i.txoutclk_i/O
                         net (fo=1, routed)           1.391     2.681    pcie7_g0p8c0_support_i/pipe_clock_i/refclk
    MMCME2_ADV_X0Y0                                                   r  pcie7_g0p8c0_support_i/pipe_clock_i/mmcm_i/CLKIN1
    MMCME2_ADV_X0Y0      MMCME2_ADV (Prop_mmcme2_adv_CLKIN1_CLKOUT2)
                                                      0.077     2.757 r  pcie7_g0p8c0_support_i/pipe_clock_i/mmcm_i/CLKOUT2
                         net (fo=1, routed)           1.425     4.182    pcie7_g0p8c0_support_i/pipe_clock_i/userclk1
    BUFGCTRL_X0Y0                                                     r  pcie7_g0p8c0_support_i/pipe_clock_i/userclk1_i1.usrclk1_i1/I
    BUFGCTRL_X0Y0        BUFG (Prop_bufg_I_O)         0.081     4.263 r  pcie7_g0p8c0_support_i/pipe_clock_i/userclk1_i1.usrclk1_i1/O
                         net (fo=2216, routed)        1.510     5.773    NVP_AUTOINIT/u_sequence/user_clk_out
    SLICE_X16Y119        FDSE                                         r  NVP_AUTOINIT/u_sequence/scl_sync_r_reg[0]/C
  -------------------------------------------------------------------    -------------------
    SLICE_X16Y119        FDSE (Prop_fdse_C_Q)         0.379     6.152 r  NVP_AUTOINIT/u_sequence/scl_sync_r_reg[0]/Q
                         net (fo=1, routed)           0.146     6.298    NVP_AUTOINIT/u_sequence/scl_sync_r[0]
    SLICE_X16Y119        FDSE                                         r  NVP_AUTOINIT/u_sequence/scl_sync_r_reg[1]/D
  -------------------------------------------------------------------    -------------------

                         (clock userclk1 rise edge)
                                                     16.000    16.000 r  
    GTPE2_CHANNEL_X0Y3   GTPE2_CHANNEL                0.000    16.000 r  pcie7_g0p8c0_support_i/pcie7_g0p8c0_i/inst/inst/gt_top_i/pipe_wrapper_i/pipe_lane[0].gt_wrapper_i/gtp_channel.gtpe2_channel_i/TXOUTCLK
                         net (fo=1, routed)           1.150    17.150    pcie7_g0p8c0_support_i/pipe_clock_i/pipe_txoutclk_out
    BUFGCTRL_X0Y18                                                    r  pcie7_g0p8c0_support_i/pipe_clock_i/txoutclk_i.txoutclk_i/I
    BUFGCTRL_X0Y18       BUFG (Prop_bufg_I_O)         0.077    17.227 r  pcie7_g0p8c0_support_i/pipe_clock_i/txoutclk_i.txoutclk_i/O
                         net (fo=1, routed)           1.286    18.513    pcie7_g0p8c0_support_i/pipe_clock_i/refclk
    MMCME2_ADV_X0Y0                                                   r  pcie7_g0p8c0_support_i/pipe_clock_i/mmcm_i/CLKIN1
    MMCME2_ADV_X0Y0      MMCME2_ADV (Prop_mmcme2_adv_CLKIN1_CLKOUT2)
                                                      0.073    18.586 r  pcie7_g0p8c0_support_i/pipe_clock_i/mmcm_i/CLKOUT2
                         net (fo=1, routed)           1.357    19.944    pcie7_g0p8c0_support_i/pipe_clock_i/userclk1
    BUFGCTRL_X0Y0                                                     r  pcie7_g0p8c0_support_i/pipe_clock_i/userclk1_i1.usrclk1_i1/I
    BUFGCTRL_X0Y0        BUFG (Prop_bufg_I_O)         0.077    20.021 r  pcie7_g0p8c0_support_i/pipe_clock_i/userclk1_i1.usrclk1_i1/O
                         net (fo=2216, routed)        1.394    21.414    NVP_AUTOINIT/u_sequence/user_clk_out
    SLICE_X16Y119        FDSE                                         r  NVP_AUTOINIT/u_sequence/scl_sync_r_reg[1]/C
                         clock pessimism              0.359    21.773    
                         clock uncertainty           -0.079    21.694    
    SLICE_X16Y119        FDSE (Setup_fdse_C_D)       -0.044    21.650    NVP_AUTOINIT/u_sequence/scl_sync_r_reg[1]
  -------------------------------------------------------------------
                         required time                         21.650    
                         arrival time                          -6.298    
  -------------------------------------------------------------------
                         slack                                 15.352    




