R1F_HOST_TOOL_FIXTURES_FINAL_CURRENT
EXECUTION_CLASS=OFFLINE_ONLY
HARDWARE_MMIO_EXECUTED=NO
JTAG_EXECUTED=NO
SSH_EXECUTED=NO
NETWORK_EXECUTED=NO
PYTHON=C:\AMDDesignTools\2025.2\tps\win64\python-3.13.0\python.exe
COMMAND=python.exe -B -m unittest discover -s tests/python -p test_nvp_r1f*.py -v
WORKING_DIRECTORY=C:\FPGA\WORKTREES\V41_NVP_R1F_PHASE_COMPLETE_OBSERVABILITY

test_consistent_65_failure_overflow_decodes_but_is_scientifically_invalid (test_nvp_r1f_tools.R1FDecoderTests.test_consistent_65_failure_overflow_decodes_but_is_scientifically_invalid) ... ok
test_count_overflow_contract_and_legacy_reconciliation_enforced (test_nvp_r1f_tools.R1FDecoderTests.test_count_overflow_contract_and_legacy_reconciliation_enforced) ... ok
test_formal_complete_r1f_range_must_be_zero (test_nvp_r1f_tools.R1FDecoderTests.test_formal_complete_r1f_range_must_be_zero) ... ok
test_offline_cli_sparse_word_map (test_nvp_r1f_tools.R1FDecoderTests.test_offline_cli_sparse_word_map) ... ok
test_output_set_and_no_mmio_write_primitive (test_nvp_r1f_tools.R1FDecoderTests.test_output_set_and_no_mmio_write_primitive) ... ok
test_probe_index_and_block_reconciliation_enforced (test_nvp_r1f_tools.R1FDecoderTests.test_probe_index_and_block_reconciliation_enforced) ... ok
test_record_valid_bits_reserved_and_unused_zero_enforced (test_nvp_r1f_tools.R1FDecoderTests.test_record_valid_bits_reserved_and_unused_zero_enforced) ... ok
test_valid_complete_sample_and_nullable_fields (test_nvp_r1f_tools.R1FDecoderTests.test_valid_complete_sample_and_nullable_fields) ... ok
test_version_gate_and_all_ones_identity_rejected (test_nvp_r1f_tools.R1FDecoderTests.test_version_gate_and_all_ones_identity_rejected) ... ok
test_equal_block_exact_matches_bruteforce (test_nvp_r1f_tools.R1FStatisticsTests.test_equal_block_exact_matches_bruteforce) ... ok
test_fisher_and_ffh_exact (test_nvp_r1f_tools.R1FStatisticsTests.test_fisher_and_ffh_exact) ... ok
test_global_27_holm_and_paired_direction (test_nvp_r1f_tools.R1FStatisticsTests.test_global_27_holm_and_paired_direction) ... ok
test_primary_confidence_intervals_and_zero_rules (test_nvp_r1f_tools.R1FStatisticsTests.test_primary_confidence_intervals_and_zero_rules) ... ok
test_probe_index_overflow_keeps_block_rate_but_disables_sequence_tests (test_nvp_r1f_tools.R1FStatisticsTests.test_probe_index_overflow_keeps_block_rate_but_disables_sequence_tests) ... ok
test_runs_and_adjacent_exact_match_bruteforce (test_nvp_r1f_tools.R1FStatisticsTests.test_runs_and_adjacent_exact_match_bruteforce) ... ok
test_wilson_and_holm (test_nvp_r1f_tools.R1FStatisticsTests.test_wilson_and_holm) ... ok
test_29_of_10000_address_pattern (test_nvp_r1f_tri_phase_probe_model.TriPhaseProbeModelTests.test_29_of_10000_address_pattern) ... ok
test_all_ack (test_nvp_r1f_tri_phase_probe_model.TriPhaseProbeModelTests.test_all_ack) ... ok
test_attempt_limit_bitmap_and_no_fabricated_target_sample (test_nvp_r1f_tri_phase_probe_model.TriPhaseProbeModelTests.test_attempt_limit_bitmap_and_no_fabricated_target_sample) ... ok
test_clustered_run_adjacent_and_block_statistics (test_nvp_r1f_tri_phase_probe_model.TriPhaseProbeModelTests.test_clustered_run_adjacent_and_block_statistics) ... ok
test_frozen_safe_target_and_production_defaults_in_rtl (test_nvp_r1f_tri_phase_probe_model.TriPhaseProbeModelTests.test_frozen_safe_target_and_production_defaults_in_rtl) ... ok
test_independent_deterministic_bernoulli_patterns (test_nvp_r1f_tri_phase_probe_model.TriPhaseProbeModelTests.test_independent_deterministic_bernoulli_patterns) ... ok
test_prerequisite_nacks_do_not_create_target_opportunities (test_nvp_r1f_tri_phase_probe_model.TriPhaseProbeModelTests.test_prerequisite_nacks_do_not_create_target_opportunities) ... ok
test_zero_based_index_and_512_entry_overflow (test_nvp_r1f_tri_phase_probe_model.TriPhaseProbeModelTests.test_zero_based_index_and_512_entry_overflow) ... ok

TESTS_RUN=24
TESTS_PASSED=24
TESTS_FAILED=0
TESTS_ERRORED=0
HOST_TOOL_FIXTURES=PASS_ALL
