#-----------------------------------------------------------
# Vivado v2025.2 (64-bit)
# SW Build 6299465 on Fri Nov 14 19:35:11 GMT 2025
# IP Build 6300035 on Fri Nov 14 10:48:45 MST 2025
# SharedData Build 6298862 on Thu Nov 13 04:50:51 MST 2025
# Start of session at: Tue Aug 25 17:24:18 2026
# Process ID         : 1616
# Current directory  : C:/FPGA/V41_NVP_R1H_R4_SUPER_FAST/hardware/06_A3
# Command line       : vivado.exe -mode batch -notrace -log C:\FPGA\V41_NVP_R1H_R4_SUPER_FAST\hardware\06_A3\FINAL_DONE_VIVADO.log -journal C:\FPGA\V41_NVP_R1H_R4_SUPER_FAST\hardware\06_A3\FINAL_DONE_VIVADO.jou -source C:\FPGA\V41_NVP_R1E_MODE_AWARE_DONE0_PAIRED_AB_R7\scripts\read_jtag_identity_done_r7_selected.tcl -tclargs ArmA localhost:3121/xilinx_tcf/Xilinx/80802026a98b01
# Log file           : C:/FPGA/V41_NVP_R1H_R4_SUPER_FAST/hardware/06_A3/FINAL_DONE_VIVADO.log
# Journal file       : C:\FPGA\V41_NVP_R1H_R4_SUPER_FAST\hardware\06_A3\FINAL_DONE_VIVADO.jou
# Running On         : NBLSUDUL
# Platform           : Windows Server 2016 or Windows 10
# Operating System   : 19045
# Processor Detail   : Intel(R) Core(TM) i7-7500U CPU @ 2.70GHz
# CPU Frequency      : 2904 MHz
# CPU Physical cores : 2
# CPU Logical cores  : 4
# Host memory        : 17028 MB
# Swap memory        : 4497 MB
# Total Virtual      : 21526 MB
# Available Virtual  : 5694 MB
#-----------------------------------------------------------
source {C:\FPGA\V41_NVP_R1E_MODE_AWARE_DONE0_PAIRED_AB_R7\scripts\read_jtag_identity_done_r7_selected.tcl} -notrace
