UTC_START=2026-08-25T15:23:55.0813999Z
UTC_END=2026-08-25T15:23:57.2857975Z
EVIDENCE_KIND=R1H_FULL_TELEMETRY_A3_R1F
RESULT=PASS
EXIT_CODE=0
ARGUMENT_TOKEN_AUDIT=PASS
PLINK_PW_OPTION_USED=NO
PLINK_PWFILE_OPTION_USED=YES
USERNAME_ROLE_OCCURRENCE=YES_AUTHORIZED
PASSWORD_ROLE_ARGUMENT_OCCURRENCE=NO
REMOTE_COMMAND_SHARED_LITERAL=NO
INHERITED_ENVIRONMENT_AUDIT=PASS
PWFILE_CREATED=YES
PWFILE_DELETED=YES
STDOUT_BEGIN
{
  "READ_ONLY": "YES",
  "STATIC_SNAPSHOTS_MATCH": "YES",
  "T0": {
    "bank_invariants": {
      "check_count": 3312,
      "coherence": "PASS_ZERO_INVARIANT_ERRORS",
      "error_count": 0,
      "final_physical_bank": 0,
      "first_error": null
    },
    "failed_transaction_log": {
      "all_64_entries_raw_words": [
        [
          "0x00210034",
          "0x323B5122",
          "0x590000FF",
          "0x00000500",
          "0x1E660000",
          "0x00000021"
        ],
        [
          "0x0027003C",
          "0x31476128",
          "0x1B00843C",
          "0x00000000",
          "0x1E010000",
          "0x00000027"
        ],
        [
          "0x009500AA",
          "0x33776196",
          "0x1B000F80",
          "0x00000000",
          "0x1E010000",
          "0x00000095"
        ],
        [
          "0x00C000D9",
          "0x337761C1",
          "0x3B0009FF",
          "0x00090909",
          "0x1E010900",
          "0x000000C0"
        ],
        [
          "0x00D200EB",
          "0x314761D3",
          "0x1B00525F",
          "0x00000909",
          "0x1E010900",
          "0x000000D2"
        ],
        [
          "0x00000000",
          "0x00000000",
          "0x00000000",
          "0x00000000",
          "0x00000000",
          "0x00000000"
        ],
        [
          "0x00000000",
          "0x00000000",
          "0x00000000",
          "0x00000000",
          "0x00000000",
          "0x00000000"
        ],
        [
          "0x00000000",
          "0x00000000",
          "0x00000000",
          "0x00000000",
          "0x00000000",
          "0x00000000"
        ],
        [
          "0x00000000",
          "0x00000000",
          "0x00000000",
          "0x00000000",
          "0x00000000",
          "0x00000000"
        ],
        [
          "0x00000000",
          "0x00000000",
          "0x00000000",
          "0x00000000",
          "0x00000000",
          "0x00000000"
        ],
        [
          "0x00000000",
          "0x00000000",
          "0x00000000",
          "0x00000000",
          "0x00000000",
          "0x00000000"
        ],
        [
          "0x00000000",
          "0x00000000",
          "0x00000000",
          "0x00000000",
          "0x00000000",
          "0x00000000"
        ],
        [
          "0x00000000",
          "0x00000000",
          "0x00000000",
          "0x00000000",
          "0x00000000",
          "0x00000000"
        ],
        [
          "0x00000000",
          "0x00000000",
          "0x00000000",
          "0x00000000",
          "0x00000000",
          "0x00000000"
        ],
        [
          "0x00000000",
          "0x00000000",
          "0x00000000",
          "0x00000000",
          "0x00000000",
          "0x00000000"
        ],
        [
          "0x00000000",
          "0x00000000",
          "0x00000000",
          "0x00000000",
          "0x00000000",
          "0x00000000"
        ],
        [
          "0x00000000",
          "0x00000000",
          "0x00000000",
          "0x00000000",
          "0x00000000",
          "0x00000000"
        ],
        [
          "0x00000000",
          "0x00000000",
          "0x00000000",
          "0x00000000",
          "0x00000000",
          "0x00000000"
        ],
        [
          "0x00000000",
          "0x00000000",
          "0x00000000",
          "0x00000000",
          "0x00000000",
          "0x00000000"
        ],
        [
          "0x00000000",
          "0x00000000",
          "0x00000000",
          "0x00000000",
          "0x00000000",
          "0x00000000"
        ],
        [
          "0x00000000",
          "0x00000000",
          "0x00000000",
          "0x00000000",
          "0x00000000",
          "0x00000000"
        ],
        [
          "0x00000000",
          "0x00000000",
          "0x00000000",
          "0x00000000",
          "0x00000000",
          "0x00000000"
        ],
        [
          "0x00000000",
          "0x00000000",
          "0x00000000",
          "0x00000000",
          "0x00000000",
          "0x00000000"
        ],
        [
          "0x00000000",
          "0x00000000",
          "0x00000000",
          "0x00000000",
          "0x00000000",
          "0x00000000"
        ],
        [
          "0x00000000",
          "0x00000000",
          "0x00000000",
          "0x00000000",
          "0x00000000",
          "0x00000000"
        ],
        [
          "0x00000000",
          "0x00000000",
          "0x00000000",
          "0x00000000",
          "0x00000000",
          "0x00000000"
        ],
        [
          "0x00000000",
          "0x00000000",
          "0x00000000",
          "0x00000000",
          "0x00000000",
          "0x00000000"
        ],
        [
          "0x00000000",
          "0x00000000",
          "0x00000000",
          "0x00000000",
          "0x00000000",
          "0x00000000"
        ],
        [
          "0x00000000",
          "0x00000000",
          "0x00000000",
          "0x00000000",
          "0x00000000",
          "0x00000000"
        ],
        [
          "0x00000000",
          "0x00000000",
          "0x00000000",
          "0x00000000",
          "0x00000000",
          "0x00000000"
        ],
        [
          "0x00000000",
          "0x00000000",
          "0x00000000",
          "0x00000000",
          "0x00000000",
          "0x00000000"
        ],
        [
          "0x00000000",
          "0x00000000",
          "0x00000000",
          "0x00000000",
          "0x00000000",
          "0x00000000"
        ],
        [
          "0x00000000",
          "0x00000000",
          "0x00000000",
          "0x00000000",
          "0x00000000",
          "0x00000000"
        ],
        [
          "0x00000000",
          "0x00000000",
          "0x00000000",
          "0x00000000",
          "0x00000000",
          "0x00000000"
        ],
        [
          "0x00000000",
          "0x00000000",
          "0x00000000",
          "0x00000000",
          "0x00000000",
          "0x00000000"
        ],
        [
          "0x00000000",
          "0x00000000",
          "0x00000000",
          "0x00000000",
          "0x00000000",
          "0x00000000"
        ],
        [
          "0x00000000",
          "0x00000000",
          "0x00000000",
          "0x00000000",
          "0x00000000",
          "0x00000000"
        ],
        [
          "0x00000000",
          "0x00000000",
          "0x00000000",
          "0x00000000",
          "0x00000000",
          "0x00000000"
        ],
        [
          "0x00000000",
          "0x00000000",
          "0x00000000",
          "0x00000000",
          "0x00000000",
          "0x00000000"
        ],
        [
          "0x00000000",
          "0x00000000",
          "0x00000000",
          "0x00000000",
          "0x00000000",
          "0x00000000"
        ],
        [
          "0x00000000",
          "0x00000000",
          "0x00000000",
          "0x00000000",
          "0x00000000",
          "0x00000000"
        ],
        [
          "0x00000000",
          "0x00000000",
          "0x00000000",
          "0x00000000",
          "0x00000000",
          "0x00000000"
        ],
        [
          "0x00000000",
          "0x00000000",
          "0x00000000",
          "0x00000000",
          "0x00000000",
          "0x00000000"
        ],
        [
          "0x00000000",
          "0x00000000",
          "0x00000000",
          "0x00000000",
          "0x00000000",
          "0x00000000"
        ],
        [
          "0x00000000",
          "0x00000000",
          "0x00000000",
          "0x00000000",
          "0x00000000",
          "0x00000000"
        ],
        [
          "0x00000000",
          "0x00000000",
          "0x00000000",
          "0x00000000",
          "0x00000000",
          "0x00000000"
        ],
        [
          "0x00000000",
          "0x00000000",
          "0x00000000",
          "0x00000000",
          "0x00000000",
          "0x00000000"
        ],
        [
          "0x00000000",
          "0x00000000",
          "0x00000000",
          "0x00000000",
          "0x00000000",
          "0x00000000"
        ],
        [
          "0x00000000",
          "0x00000000",
          "0x00000000",
          "0x00000000",
          "0x00000000",
          "0x00000000"
        ],
        [
          "0x00000000",
          "0x00000000",
          "0x00000000",
          "0x00000000",
          "0x00000000",
          "0x00000000"
        ],
        [
          "0x00000000",
          "0x00000000",
          "0x00000000",
          "0x00000000",
          "0x00000000",
          "0x00000000"
        ],
        [
          "0x00000000",
          "0x00000000",
          "0x00000000",
          "0x00000000",
          "0x00000000",
          "0x00000000"
        ],
        [
          "0x00000000",
          "0x00000000",
          "0x00000000",
          "0x00000000",
          "0x00000000",
          "0x00000000"
        ],
        [
          "0x00000000",
          "0x00000000",
          "0x00000000",
          "0x00000000",
          "0x00000000",
          "0x00000000"
        ],
        [
          "0x00000000",
          "0x00000000",
          "0x00000000",
          "0x00000000",
          "0x00000000",
          "0x00000000"
        ],
        [
          "0x00000000",
          "0x00000000",
          "0x00000000",
          "0x00000000",
          "0x00000000",
          "0x00000000"
        ],
        [
          "0x00000000",
          "0x00000000",
          "0x00000000",
          "0x00000000",
          "0x00000000",
          "0x00000000"
        ],
        [
          "0x00000000",
          "0x00000000",
          "0x00000000",
          "0x00000000",
          "0x00000000",
          "0x00000000"
        ],
        [
          "0x00000000",
          "0x00000000",
          "0x00000000",
          "0x00000000",
          "0x00000000",
          "0x00000000"
        ],
        [
          "0x00000000",
          "0x00000000",
          "0x00000000",
          "0x00000000",
          "0x00000000",
          "0x00000000"
        ],
        [
          "0x00000000",
          "0x00000000",
          "0x00000000",
          "0x00000000",
          "0x00000000",
          "0x00000000"
        ],
        [
          "0x00000000",
          "0x00000000",
          "0x00000000",
          "0x00000000",
          "0x00000000",
          "0x00000000"
        ],
        [
          "0x00000000",
          "0x00000000",
          "0x00000000",
          "0x00000000",
          "0x00000000",
          "0x00000000"
        ],
        [
          "0x00000000",
          "0x00000000",
          "0x00000000",
          "0x00000000",
          "0x00000000",
          "0x00000000"
        ]
      ],
      "first_index": 52,
      "last_index": 235,
      "next_transaction_serial": 276,
      "overflow": false,
      "records": [
        {
          "autoinit_phase": "PH_INIT",
          "autoinit_phase_code": 1,
          "bank_update_reason": "SELECTOR_VERIFY_TRANSPORT_FAILURE_INVALIDATED_CACHE",
          "bank_update_reason_code": 6,
          "bank_verify_expected": 0,
          "bank_verify_observed": null,
          "bank_verify_result": "VERIFY_TRANSPORT_NACK",
          "bank_verify_result_code": 3,
          "entry": 0,
          "fsm_context": 33,
          "fsm_state": 30,
          "legacy_operation_index_8": 34,
          "legacy_operation_index_authoritative": false,
          "nack_count_within_transaction": 2,
          "phase_nack_bitmap": 3,
          "phase_opportunity_bitmap": 11,
          "physical_bank_after": null,
          "physical_bank_before": 5,
          "raw_words": [
            "0x00210034",
            "0x323B5122",
            "0x590000FF",
            "0x00000500",
            "0x1E660000",
            "0x00000021"
          ],
          "read_data": null,
          "record_valid": true,
          "register_address": 255,
          "requested_bank": 0,
          "selector_value_sent": null,
          "table_slot_index_16": 33,
          "terminal_error_code": 0,
          "timeout": false,
          "transaction_completed": true,
          "transaction_index_16": 52,
          "transaction_kind": "INIT_BANK_VERIFY_READ",
          "transaction_kind_code": 5,
          "valid_bits": {
            "physical_bank_after": false,
            "physical_bank_before": true,
            "read_data": false,
            "register_address": true,
            "requested_bank": true,
            "selector_value": false,
            "verify_expected": true,
            "verify_observed": false,
            "write_data": false
          },
          "write_data": null
        },
        {
          "autoinit_phase": "PH_INIT",
          "autoinit_phase_code": 1,
          "bank_update_reason": "NO_CHANGE",
          "bank_update_reason_code": 0,
          "bank_verify_expected": null,
          "bank_verify_observed": null,
          "bank_verify_result": "NOT_APPLICABLE",
          "bank_verify_result_code": 0,
          "entry": 1,
          "fsm_context": 39,
          "fsm_state": 30,
          "legacy_operation_index_8": 40,
          "legacy_operation_index_authoritative": false,
          "nack_count_within_transaction": 1,
          "phase_nack_bitmap": 4,
          "phase_opportunity_bitmap": 7,
          "physical_bank_after": 0,
          "physical_bank_before": 0,
          "raw_words": [
            "0x0027003C",
            "0x31476128",
            "0x1B00843C",
            "0x00000000",
            "0x1E010000",
            "0x00000027"
          ],
          "read_data": null,
          "record_valid": true,
          "register_address": 60,
          "requested_bank": 0,
          "selector_value_sent": null,
          "table_slot_index_16": 39,
          "terminal_error_code": 0,
          "timeout": false,
          "transaction_completed": true,
          "transaction_index_16": 60,
          "transaction_kind": "INIT_TARGET_WRITE",
          "transaction_kind_code": 6,
          "valid_bits": {
            "physical_bank_after": true,
            "physical_bank_before": true,
            "read_data": false,
            "register_address": true,
            "requested_bank": true,
            "selector_value": false,
            "verify_expected": false,
            "verify_observed": false,
            "write_data": true
          },
          "write_data": 132
        },
        {
          "autoinit_phase": "PH_INIT",
          "autoinit_phase_code": 1,
          "bank_update_reason": "NO_CHANGE",
          "bank_update_reason_code": 0,
          "bank_verify_expected": null,
          "bank_verify_observed": null,
          "bank_verify_result": "NOT_APPLICABLE",
          "bank_verify_result_code": 0,
          "entry": 2,
          "fsm_context": 149,
          "fsm_state": 30,
          "legacy_operation_index_8": 150,
          "legacy_operation_index_authoritative": false,
          "nack_count_within_transaction": 3,
          "phase_nack_bitmap": 7,
          "phase_opportunity_bitmap": 7,
          "physical_bank_after": 0,
          "physical_bank_before": 0,
          "raw_words": [
            "0x009500AA",
            "0x33776196",
            "0x1B000F80",
            "0x00000000",
            "0x1E010000",
            "0x00000095"
          ],
          "read_data": null,
          "record_valid": true,
          "register_address": 128,
          "requested_bank": 0,
          "selector_value_sent": null,
          "table_slot_index_16": 149,
          "terminal_error_code": 0,
          "timeout": false,
          "transaction_completed": true,
          "transaction_index_16": 170,
          "transaction_kind": "INIT_TARGET_WRITE",
          "transaction_kind_code": 6,
          "valid_bits": {
            "physical_bank_after": true,
            "physical_bank_before": true,
            "read_data": false,
            "register_address": true,
            "requested_bank": true,
            "selector_value": false,
            "verify_expected": false,
            "verify_observed": false,
            "write_data": true
          },
          "write_data": 15
        },
        {
          "autoinit_phase": "PH_INIT",
          "autoinit_phase_code": 1,
          "bank_update_reason": "NO_CHANGE",
          "bank_update_reason_code": 0,
          "bank_verify_expected": null,
          "bank_verify_observed": null,
          "bank_verify_result": "NOT_APPLICABLE",
          "bank_verify_result_code": 0,
          "entry": 3,
          "fsm_context": 192,
          "fsm_state": 30,
          "legacy_operation_index_8": 193,
          "legacy_operation_index_authoritative": false,
          "nack_count_within_transaction": 3,
          "phase_nack_bitmap": 7,
          "phase_opportunity_bitmap": 7,
          "physical_bank_after": 9,
          "physical_bank_before": 9,
          "raw_words": [
            "0x00C000D9",
            "0x337761C1",
            "0x3B0009FF",
            "0x00090909",
            "0x1E010900",
            "0x000000C0"
          ],
          "read_data": null,
          "record_valid": true,
          "register_address": 255,
          "requested_bank": 9,
          "selector_value_sent": 9,
          "table_slot_index_16": 192,
          "terminal_error_code": 0,
          "timeout": false,
          "transaction_completed": true,
          "transaction_index_16": 217,
          "transaction_kind": "INIT_TARGET_WRITE",
          "transaction_kind_code": 6,
          "valid_bits": {
            "physical_bank_after": true,
            "physical_bank_before": true,
            "read_data": false,
            "register_address": true,
            "requested_bank": true,
            "selector_value": true,
            "verify_expected": false,
            "verify_observed": false,
            "write_data": true
          },
          "write_data": 9
        },
        {
          "autoinit_phase": "PH_INIT",
          "autoinit_phase_code": 1,
          "bank_update_reason": "NO_CHANGE",
          "bank_update_reason_code": 0,
          "bank_verify_expected": null,
          "bank_verify_observed": null,
          "bank_verify_result": "NOT_APPLICABLE",
          "bank_verify_result_code": 0,
          "entry": 4,
          "fsm_context": 210,
          "fsm_state": 30,
          "legacy_operation_index_8": 211,
          "legacy_operation_index_authoritative": false,
          "nack_count_within_transaction": 1,
          "phase_nack_bitmap": 4,
          "phase_opportunity_bitmap": 7,
          "physical_bank_after": 9,
          "physical_bank_before": 9,
          "raw_words": [
            "0x00D200EB",
            "0x314761D3",
            "0x1B00525F",
            "0x00000909",
            "0x1E010900",
            "0x000000D2"
          ],
          "read_data": null,
          "record_valid": true,
          "register_address": 95,
          "requested_bank": 9,
          "selector_value_sent": null,
          "table_slot_index_16": 210,
          "terminal_error_code": 0,
          "timeout": false,
          "transaction_completed": true,
          "transaction_index_16": 235,
          "transaction_kind": "INIT_TARGET_WRITE",
          "transaction_kind_code": 6,
          "valid_bits": {
            "physical_bank_after": true,
            "physical_bank_before": true,
            "read_data": false,
            "register_address": true,
            "requested_bank": true,
            "selector_value": false,
            "verify_expected": false,
            "verify_observed": false,
            "write_data": true
          },
          "write_data": 82
        }
      ],
      "stored": 5,
      "structural_consistency": "PASS",
      "total": 5
    },
    "header": {
      "autoinit_i2c_hz": 25000,
      "blocks_per_phase": 10,
      "capabilities": "0x000007FF",
      "index_capacity_per_phase": 512,
      "log_capacity": 64,
      "magic": "0x31463152",
      "max_attempts_per_phase": 12000,
      "opportunities_per_block": 1000,
      "probe_i2c_hz": 25000,
      "probe_phase_mask": "0x00000007",
      "record_version": 1,
      "record_width_bits": 192,
      "record_words": 6,
      "safe_target": {
        "bank": 0,
        "data": 0,
        "proven": true,
        "register": 133
      },
      "target_opportunities_per_phase": 10000,
      "version": 1
    },
    "image": "r1f",
    "legacy_17_words": [
      "0x08000038",
      "0x00FF0122",
      "0x00030005",
      "0x00FF0222",
      "0x00030005",
      "0x843C0328",
      "0x00030000",
      "0x0F800196",
      "0x00030000",
      "0x0F800296",
      "0x00030000",
      "0x0F800396",
      "0x00030000",
      "0x09FF01C1",
      "0x00030909",
      "0x09FF02C1",
      "0x00030909"
    ],
    "legacy_ordered_nack": {
      "control_flow_replay_scope": "PARTIAL_FIRST_8_RECORDS_ONLY",
      "current_metadata_bank": 0,
      "current_physical_bank": 0,
      "first_error_code": 1,
      "first_error_data": 0,
      "first_error_metadata_bank": 0,
      "first_error_physical_bank": 5,
      "first_error_register": 255,
      "first_error_step": 34,
      "first_error_valid": 1,
      "header_consistency": "PASS",
      "i2c_state": 0,
      "log_capacity": 8,
      "log_count": 8,
      "log_overflow": 1,
      "nack_count": 10,
      "operation_index": 249,
      "original_ff": 0,
      "phase": 8,
      "physical_bank_valid": 1,
      "records": [
        {
          "data": 0,
          "index": 0,
          "metadata_bank": 0,
          "operation_index": 34,
          "phase_code": 1,
          "phase_name": "WRITE_ADDRESS_ACK",
          "physical_bank": 5,
          "physical_bank_valid": 1,
          "raw": "0x0003000500FF0122",
          "register": 255,
          "reserved": 0,
          "valid": 1
        },
        {
          "data": 0,
          "index": 1,
          "metadata_bank": 0,
          "operation_index": 34,
          "phase_code": 2,
          "phase_name": "REGISTER_ADDRESS_ACK",
          "physical_bank": 5,
          "physical_bank_valid": 1,
          "raw": "0x0003000500FF0222",
          "register": 255,
          "reserved": 0,
          "valid": 1
        },
        {
          "data": 132,
          "index": 2,
          "metadata_bank": 0,
          "operation_index": 40,
          "phase_code": 3,
          "phase_name": "DATA_ACK",
          "physical_bank": 0,
          "physical_bank_valid": 1,
          "raw": "0x00030000843C0328",
          "register": 60,
          "reserved": 0,
          "valid": 1
        },
        {
          "data": 15,
          "index": 3,
          "metadata_bank": 0,
          "operation_index": 150,
          "phase_code": 1,
          "phase_name": "WRITE_ADDRESS_ACK",
          "physical_bank": 0,
          "physical_bank_valid": 1,
          "raw": "0x000300000F800196",
          "register": 128,
          "reserved": 0,
          "valid": 1
        },
        {
          "data": 15,
          "index": 4,
          "metadata_bank": 0,
          "operation_index": 150,
          "phase_code": 2,
          "phase_name": "REGISTER_ADDRESS_ACK",
          "physical_bank": 0,
          "physical_bank_valid": 1,
          "raw": "0x000300000F800296",
          "register": 128,
          "reserved": 0,
          "valid": 1
        },
        {
          "data": 15,
          "index": 5,
          "metadata_bank": 0,
          "operation_index": 150,
          "phase_code": 3,
          "phase_name": "DATA_ACK",
          "physical_bank": 0,
          "physical_bank_valid": 1,
          "raw": "0x000300000F800396",
          "register": 128,
          "reserved": 0,
          "valid": 1
        },
        {
          "data": 9,
          "index": 6,
          "metadata_bank": 9,
          "operation_index": 193,
          "phase_code": 1,
          "phase_name": "WRITE_ADDRESS_ACK",
          "physical_bank": 9,
          "physical_bank_valid": 1,
          "raw": "0x0003090909FF01C1",
          "register": 255,
          "reserved": 0,
          "valid": 1
        },
        {
          "data": 9,
          "index": 7,
          "metadata_bank": 9,
          "operation_index": 193,
          "phase_code": 2,
          "phase_name": "REGISTER_ADDRESS_ACK",
          "physical_bank": 9,
          "physical_bank_valid": 1,
          "raw": "0x0003090909FF02C1",
          "register": 255,
          "reserved": 0,
          "valid": 1
        }
      ],
      "restored_ff": 0,
      "table_length": 214,
      "timeout_count": 0
    },
    "legacy_reconciliation": {
      "compared_prefix_count": 8,
      "comparisons": [
        {
          "checks": {
            "legacy_operation": true,
            "phase": true,
            "physical_bank_before": true,
            "register": true,
            "requested_bank": true
          },
          "event": 0,
          "transaction_index_16": 52
        },
        {
          "checks": {
            "legacy_operation": true,
            "phase": true,
            "physical_bank_before": true,
            "register": true,
            "requested_bank": true
          },
          "event": 1,
          "transaction_index_16": 52
        },
        {
          "checks": {
            "legacy_operation": true,
            "phase": true,
            "physical_bank_before": true,
            "register": true,
            "requested_bank": true,
            "write_data": true
          },
          "event": 2,
          "transaction_index_16": 60
        },
        {
          "checks": {
            "legacy_operation": true,
            "phase": true,
            "physical_bank_before": true,
            "register": true,
            "requested_bank": true,
            "write_data": true
          },
          "event": 3,
          "transaction_index_16": 170
        },
        {
          "checks": {
            "legacy_operation": true,
            "phase": true,
            "physical_bank_before": true,
            "register": true,
            "requested_bank": true,
            "write_data": true
          },
          "event": 4,
          "transaction_index_16": 170
        },
        {
          "checks": {
            "legacy_operation": true,
            "phase": true,
            "physical_bank_before": true,
            "register": true,
            "requested_bank": true,
            "write_data": true
          },
          "event": 5,
          "transaction_index_16": 170
        },
        {
          "checks": {
            "legacy_operation": true,
            "phase": true,
            "physical_bank_before": true,
            "register": true,
            "requested_bank": true,
            "write_data": true
          },
          "event": 6,
          "transaction_index_16": 217
        },
        {
          "checks": {
            "legacy_operation": true,
            "phase": true,
            "physical_bank_before": true,
            "register": true,
            "requested_bank": true,
            "write_data": true
          },
          "event": 7,
          "transaction_index_16": 217
        }
      ],
      "expanded_event_count": 10,
      "result": "PASS",
      "scope": "COMPLETE_FAILED_TRANSACTION_LOG"
    },
    "lifecycle": {
      "actual": 132688568,
      "expected": 132584734,
      "extension_cycles": 103834,
      "shortening_cycles": 0,
      "shortening_residual_cycles": 0,
      "shortening_ticks_exact": 0.0,
      "shortening_ticks_nearest": 0,
      "signed_error_cycles": 103834
    },
    "phase_counters": {
      "DATA": {
        "acks": 216,
        "nacks": 4,
        "opportunities": 220,
        "rate": 0.01818181818181818
      },
      "RADDR": {
        "acks": 56,
        "nacks": 0,
        "opportunities": 56,
        "rate": 0.0
      },
      "REGADDR": {
        "acks": 273,
        "nacks": 3,
        "opportunities": 276,
        "rate": 0.010869565217391304
      },
      "WADDR": {
        "acks": 273,
        "nacks": 3,
        "opportunities": 276,
        "rate": 0.010869565217391304
      },
      "legacy_aggregate_nacks": 10,
      "phase_nack_sum": 10,
      "status": "PASS_FINAL_NO_SATURATION_COHERENT",
      "transactions": {
        "completions": 276,
        "failed": 5,
        "starts": 276,
        "timeouts": 0
      }
    },
    "probe": {
      "class": "ACTIVE_POST_AUTOINIT_DIAGNOSTIC",
      "done_freerun": 1714354940,
      "original_bank": 0,
      "phases": {
        "DATA": {
          "adjacent_nack_pairs": 0,
          "attempts": 10000,
          "binary_run_count": 1,
          "block_nacks": [
            0,
            0,
            0,
            0,
            0,
            0,
            0,
            0,
            0,
            0
          ],
          "first_nack_index_raw": null,
          "index_overflow": false,
          "index_stored": 0,
          "last_nack_index_raw": null,
          "max_consecutive_nacks": 0,
          "nack_indices_analysis_one_based": [],
          "nack_indices_raw_zero_based": [],
          "phase": "DATA",
          "prerequisite_regaddr": {
            "acks": 10000,
            "nacks": 0,
            "opportunities": 10000
          },
          "prerequisite_waddr": {
            "acks": 10000,
            "nacks": 0,
            "opportunities": 10000
          },
          "sequence_metrics_reconciled": true,
          "status": "0x00000007",
          "target_acks": 10000,
          "target_nacks": 0,
          "target_opportunities": 10000,
          "timeouts": 0
        },
        "REGADDR": {
          "adjacent_nack_pairs": 0,
          "attempts": 10000,
          "binary_run_count": 1,
          "block_nacks": [
            0,
            0,
            0,
            0,
            0,
            0,
            0,
            0,
            0,
            0
          ],
          "first_nack_index_raw": null,
          "index_overflow": false,
          "index_stored": 0,
          "last_nack_index_raw": null,
          "max_consecutive_nacks": 0,
          "nack_indices_analysis_one_based": [],
          "nack_indices_raw_zero_based": [],
          "phase": "REGADDR",
          "prerequisite_regaddr": {
            "acks": 0,
            "nacks": 0,
            "opportunities": 0
          },
          "prerequisite_waddr": {
            "acks": 10000,
            "nacks": 0,
            "opportunities": 10000
          },
          "sequence_metrics_reconciled": true,
          "status": "0x00000007",
          "target_acks": 10000,
          "target_nacks": 0,
          "target_opportunities": 10000,
          "timeouts": 0
        },
        "WADDR": {
          "adjacent_nack_pairs": 0,
          "attempts": 10000,
          "binary_run_count": 1,
          "block_nacks": [
            0,
            0,
            0,
            0,
            0,
            0,
            0,
            0,
            0,
            0
          ],
          "first_nack_index_raw": null,
          "index_overflow": false,
          "index_stored": 0,
          "last_nack_index_raw": null,
          "max_consecutive_nacks": 0,
          "nack_indices_analysis_one_based": [],
          "nack_indices_raw_zero_based": [],
          "phase": "WADDR",
          "prerequisite_regaddr": {
            "acks": 0,
            "nacks": 0,
            "opportunities": 0
          },
          "prerequisite_waddr": {
            "acks": 0,
            "nacks": 0,
            "opportunities": 0
          },
          "sequence_metrics_reconciled": true,
          "status": "0x00000007",
          "target_acks": 10000,
          "target_nacks": 0,
          "target_opportunities": 10000,
          "timeouts": 0
        }
      },
      "restored_bank": 0,
      "safe_target_post": 0,
      "safe_target_pre": 0,
      "scheduler_rounds": 10000,
      "setup_restore_status": "0x000007FF",
      "start_freerun": 132751067,
      "status": "PASS_COMPLETE_NO_ABORT_RESTORED",
      "total_attempts": 30000
    },
    "raw_local_telemetry": {
      "0x00000": 2752121863,
      "0x00004": 16395,
      "0x00008": 200706,
      "0x0000C": 65536,
      "0x00010": 3304374223,
      "0x00014": 1467781827,
      "0x00018": 35463144,
      "0x0001C": 1006995341,
      "0x00020": 3509452828,
      "0x00024": 132710402,
      "0x00028": 6299465,
      "0x0002C": 2,
      "0x00030": 1480871233,
      "0x00034": 0,
      "0x00038": 0,
      "0x0003C": 0,
      "0x00040": 0,
      "0x00044": 0,
      "0x00048": 0,
      "0x0004C": 0,
      "0x00050": 0,
      "0x00054": 0,
      "0x00058": 0,
      "0x0005C": 0,
      "0x00060": 0,
      "0x00064": 0,
      "0x00068": 0,
      "0x0006C": 0,
      "0x00070": 0,
      "0x00074": 0,
      "0x00078": 0,
      "0x0007C": 0,
      "0x00080": 724403422,
      "0x00084": 0,
      "0x00088": 0,
      "0x0008C": 251,
      "0x00090": 10,
      "0x00094": 0,
      "0x00098": 14027001,
      "0x0009C": 2147557888,
      "0x000A0": 14088456,
      "0x000A4": 4278190586,
      "0x000A8": 16842752,
      "0x000AC": 16711714,
      "0x000B0": 10,
      "0x000B4": 83886080,
      "0x000B8": 0,
      "0x000BC": 0,
      "0x000C0": 0,
      "0x000C4": 0,
      "0x000C8": 0,
      "0x000CC": 0,
      "0x000D0": 0,
      "0x000D4": 0,
      "0x000D8": 0,
      "0x000DC": 0,
      "0x000E0": 0
    },
    "raw_r1e_page": {
      "0x02000": 827018307,
      "0x02004": 1,
      "0x02008": 15,
      "0x0200C": 574929815,
      "0x02010": 5,
      "0x02014": 132688568,
      "0x02018": 0,
      "0x0201C": 977795,
      "0x02020": 0,
      "0x02024": 977653,
      "0x02028": 0,
      "0x0202C": 4166290520,
      "0x02030": 3,
      "0x02034": 3,
      "0x02038": 3,
      "0x0203C": 15,
      "0x02040": 826618194,
      "0x02044": 1,
      "0x02048": 31,
      "0x0204C": 25000,
      "0x02050": 1251,
      "0x02054": 132584734,
      "0x02058": 0,
      "0x0205C": 113182679,
      "0x02060": 0,
      "0x02064": 10000,
      "0x02068": 10000,
      "0x0206C": 10000,
      "0x02070": 0,
      "0x02074": 0,
      "0x02078": 825,
      "0x0207C": 4294967295,
      "0x02080": 4294967295,
      "0x02084": 0,
      "0x02088": 132751067,
      "0x0208C": 0,
      "0x02090": 1714354940,
      "0x02094": 0,
      "0x02098": 0,
      "0x0209C": 0
    }
  },
  "T1": {
    "bank_invariants": {
      "check_count": 3312,
      "coherence": "PASS_ZERO_INVARIANT_ERRORS",
      "error_count": 0,
      "final_physical_bank": 0,
      "first_error": null
    },
    "failed_transaction_log": {
      "all_64_entries_raw_words": [
        [
          "0x00210034",
          "0x323B5122",
          "0x590000FF",
          "0x00000500",
          "0x1E660000",
          "0x00000021"
        ],
        [
          "0x0027003C",
          "0x31476128",
          "0x1B00843C",
          "0x00000000",
          "0x1E010000",
          "0x00000027"
        ],
        [
          "0x009500AA",
          "0x33776196",
          "0x1B000F80",
          "0x00000000",
          "0x1E010000",
          "0x00000095"
        ],
        [
          "0x00C000D9",
          "0x337761C1",
          "0x3B0009FF",
          "0x00090909",
          "0x1E010900",
          "0x000000C0"
        ],
        [
          "0x00D200EB",
          "0x314761D3",
          "0x1B00525F",
          "0x00000909",
          "0x1E010900",
          "0x000000D2"
        ],
        [
          "0x00000000",
          "0x00000000",
          "0x00000000",
          "0x00000000",
          "0x00000000",
          "0x00000000"
        ],
        [
          "0x00000000",
          "0x00000000",
          "0x00000000",
          "0x00000000",
          "0x00000000",
          "0x00000000"
        ],
        [
          "0x00000000",
          "0x00000000",
          "0x00000000",
          "0x00000000",
          "0x00000000",
          "0x00000000"
        ],
        [
          "0x00000000",
          "0x00000000",
          "0x00000000",
          "0x00000000",
          "0x00000000",
          "0x00000000"
        ],
        [
          "0x00000000",
          "0x00000000",
          "0x00000000",
          "0x00000000",
          "0x00000000",
          "0x00000000"
        ],
        [
          "0x00000000",
          "0x00000000",
          "0x00000000",
          "0x00000000",
          "0x00000000",
          "0x00000000"
        ],
        [
          "0x00000000",
          "0x00000000",
          "0x00000000",
          "0x00000000",
          "0x00000000",
          "0x00000000"
        ],
        [
          "0x00000000",
          "0x00000000",
          "0x00000000",
          "0x00000000",
          "0x00000000",
          "0x00000000"
        ],
        [
          "0x00000000",
          "0x00000000",
          "0x00000000",
          "0x00000000",
          "0x00000000",
          "0x00000000"
        ],
        [
          "0x00000000",
          "0x00000000",
          "0x00000000",
          "0x00000000",
          "0x00000000",
          "0x00000000"
        ],
        [
          "0x00000000",
          "0x00000000",
          "0x00000000",
          "0x00000000",
          "0x00000000",
          "0x00000000"
        ],
        [
          "0x00000000",
          "0x00000000",
          "0x00000000",
          "0x00000000",
          "0x00000000",
          "0x00000000"
        ],
        [
          "0x00000000",
          "0x00000000",
          "0x00000000",
          "0x00000000",
          "0x00000000",
          "0x00000000"
        ],
        [
          "0x00000000",
          "0x00000000",
          "0x00000000",
          "0x00000000",
          "0x00000000",
          "0x00000000"
        ],
        [
          "0x00000000",
          "0x00000000",
          "0x00000000",
          "0x00000000",
          "0x00000000",
          "0x00000000"
        ],
        [
          "0x00000000",
          "0x00000000",
          "0x00000000",
          "0x00000000",
          "0x00000000",
          "0x00000000"
        ],
        [
          "0x00000000",
          "0x00000000",
          "0x00000000",
          "0x00000000",
          "0x00000000",
          "0x00000000"
        ],
        [
          "0x00000000",
          "0x00000000",
          "0x00000000",
          "0x00000000",
          "0x00000000",
          "0x00000000"
        ],
        [
          "0x00000000",
          "0x00000000",
          "0x00000000",
          "0x00000000",
          "0x00000000",
          "0x00000000"
        ],
        [
          "0x00000000",
          "0x00000000",
          "0x00000000",
          "0x00000000",
          "0x00000000",
          "0x00000000"
        ],
        [
          "0x00000000",
          "0x00000000",
          "0x00000000",
          "0x00000000",
          "0x00000000",
          "0x00000000"
        ],
        [
          "0x00000000",
          "0x00000000",
          "0x00000000",
          "0x00000000",
          "0x00000000",
          "0x00000000"
        ],
        [
          "0x00000000",
          "0x00000000",
          "0x00000000",
          "0x00000000",
          "0x00000000",
          "0x00000000"
        ],
        [
          "0x00000000",
          "0x00000000",
          "0x00000000",
          "0x00000000",
          "0x00000000",
          "0x00000000"
        ],
        [
          "0x00000000",
          "0x00000000",
          "0x00000000",
          "0x00000000",
          "0x00000000",
          "0x00000000"
        ],
        [
          "0x00000000",
          "0x00000000",
          "0x00000000",
          "0x00000000",
          "0x00000000",
          "0x00000000"
        ],
        [
          "0x00000000",
          "0x00000000",
          "0x00000000",
          "0x00000000",
          "0x00000000",
          "0x00000000"
        ],
        [
          "0x00000000",
          "0x00000000",
          "0x00000000",
          "0x00000000",
          "0x00000000",
          "0x00000000"
        ],
        [
          "0x00000000",
          "0x00000000",
          "0x00000000",
          "0x00000000",
          "0x00000000",
          "0x00000000"
        ],
        [
          "0x00000000",
          "0x00000000",
          "0x00000000",
          "0x00000000",
          "0x00000000",
          "0x00000000"
        ],
        [
          "0x00000000",
          "0x00000000",
          "0x00000000",
          "0x00000000",
          "0x00000000",
          "0x00000000"
        ],
        [
          "0x00000000",
          "0x00000000",
          "0x00000000",
          "0x00000000",
          "0x00000000",
          "0x00000000"
        ],
        [
          "0x00000000",
          "0x00000000",
          "0x00000000",
          "0x00000000",
          "0x00000000",
          "0x00000000"
        ],
        [
          "0x00000000",
          "0x00000000",
          "0x00000000",
          "0x00000000",
          "0x00000000",
          "0x00000000"
        ],
        [
          "0x00000000",
          "0x00000000",
          "0x00000000",
          "0x00000000",
          "0x00000000",
          "0x00000000"
        ],
        [
          "0x00000000",
          "0x00000000",
          "0x00000000",
          "0x00000000",
          "0x00000000",
          "0x00000000"
        ],
        [
          "0x00000000",
          "0x00000000",
          "0x00000000",
          "0x00000000",
          "0x00000000",
          "0x00000000"
        ],
        [
          "0x00000000",
          "0x00000000",
          "0x00000000",
          "0x00000000",
          "0x00000000",
          "0x00000000"
        ],
        [
          "0x00000000",
          "0x00000000",
          "0x00000000",
          "0x00000000",
          "0x00000000",
          "0x00000000"
        ],
        [
          "0x00000000",
          "0x00000000",
          "0x00000000",
          "0x00000000",
          "0x00000000",
          "0x00000000"
        ],
        [
          "0x00000000",
          "0x00000000",
          "0x00000000",
          "0x00000000",
          "0x00000000",
          "0x00000000"
        ],
        [
          "0x00000000",
          "0x00000000",
          "0x00000000",
          "0x00000000",
          "0x00000000",
          "0x00000000"
        ],
        [
          "0x00000000",
          "0x00000000",
          "0x00000000",
          "0x00000000",
          "0x00000000",
          "0x00000000"
        ],
        [
          "0x00000000",
          "0x00000000",
          "0x00000000",
          "0x00000000",
          "0x00000000",
          "0x00000000"
        ],
        [
          "0x00000000",
          "0x00000000",
          "0x00000000",
          "0x00000000",
          "0x00000000",
          "0x00000000"
        ],
        [
          "0x00000000",
          "0x00000000",
          "0x00000000",
          "0x00000000",
          "0x00000000",
          "0x00000000"
        ],
        [
          "0x00000000",
          "0x00000000",
          "0x00000000",
          "0x00000000",
          "0x00000000",
          "0x00000000"
        ],
        [
          "0x00000000",
          "0x00000000",
          "0x00000000",
          "0x00000000",
          "0x00000000",
          "0x00000000"
        ],
        [
          "0x00000000",
          "0x00000000",
          "0x00000000",
          "0x00000000",
          "0x00000000",
          "0x00000000"
        ],
        [
          "0x00000000",
          "0x00000000",
          "0x00000000",
          "0x00000000",
          "0x00000000",
          "0x00000000"
        ],
        [
          "0x00000000",
          "0x00000000",
          "0x00000000",
          "0x00000000",
          "0x00000000",
          "0x00000000"
        ],
        [
          "0x00000000",
          "0x00000000",
          "0x00000000",
          "0x00000000",
          "0x00000000",
          "0x00000000"
        ],
        [
          "0x00000000",
          "0x00000000",
          "0x00000000",
          "0x00000000",
          "0x00000000",
          "0x00000000"
        ],
        [
          "0x00000000",
          "0x00000000",
          "0x00000000",
          "0x00000000",
          "0x00000000",
          "0x00000000"
        ],
        [
          "0x00000000",
          "0x00000000",
          "0x00000000",
          "0x00000000",
          "0x00000000",
          "0x00000000"
        ],
        [
          "0x00000000",
          "0x00000000",
          "0x00000000",
          "0x00000000",
          "0x00000000",
          "0x00000000"
        ],
        [
          "0x00000000",
          "0x00000000",
          "0x00000000",
          "0x00000000",
          "0x00000000",
          "0x00000000"
        ],
        [
          "0x00000000",
          "0x00000000",
          "0x00000000",
          "0x00000000",
          "0x00000000",
          "0x00000000"
        ],
        [
          "0x00000000",
          "0x00000000",
          "0x00000000",
          "0x00000000",
          "0x00000000",
          "0x00000000"
        ]
      ],
      "first_index": 52,
      "last_index": 235,
      "next_transaction_serial": 276,
      "overflow": false,
      "records": [
        {
          "autoinit_phase": "PH_INIT",
          "autoinit_phase_code": 1,
          "bank_update_reason": "SELECTOR_VERIFY_TRANSPORT_FAILURE_INVALIDATED_CACHE",
          "bank_update_reason_code": 6,
          "bank_verify_expected": 0,
          "bank_verify_observed": null,
          "bank_verify_result": "VERIFY_TRANSPORT_NACK",
          "bank_verify_result_code": 3,
          "entry": 0,
          "fsm_context": 33,
          "fsm_state": 30,
          "legacy_operation_index_8": 34,
          "legacy_operation_index_authoritative": false,
          "nack_count_within_transaction": 2,
          "phase_nack_bitmap": 3,
          "phase_opportunity_bitmap": 11,
          "physical_bank_after": null,
          "physical_bank_before": 5,
          "raw_words": [
            "0x00210034",
            "0x323B5122",
            "0x590000FF",
            "0x00000500",
            "0x1E660000",
            "0x00000021"
          ],
          "read_data": null,
          "record_valid": true,
          "register_address": 255,
          "requested_bank": 0,
          "selector_value_sent": null,
          "table_slot_index_16": 33,
          "terminal_error_code": 0,
          "timeout": false,
          "transaction_completed": true,
          "transaction_index_16": 52,
          "transaction_kind": "INIT_BANK_VERIFY_READ",
          "transaction_kind_code": 5,
          "valid_bits": {
            "physical_bank_after": false,
            "physical_bank_before": true,
            "read_data": false,
            "register_address": true,
            "requested_bank": true,
            "selector_value": false,
            "verify_expected": true,
            "verify_observed": false,
            "write_data": false
          },
          "write_data": null
        },
        {
          "autoinit_phase": "PH_INIT",
          "autoinit_phase_code": 1,
          "bank_update_reason": "NO_CHANGE",
          "bank_update_reason_code": 0,
          "bank_verify_expected": null,
          "bank_verify_observed": null,
          "bank_verify_result": "NOT_APPLICABLE",
          "bank_verify_result_code": 0,
          "entry": 1,
          "fsm_context": 39,
          "fsm_state": 30,
          "legacy_operation_index_8": 40,
          "legacy_operation_index_authoritative": false,
          "nack_count_within_transaction": 1,
          "phase_nack_bitmap": 4,
          "phase_opportunity_bitmap": 7,
          "physical_bank_after": 0,
          "physical_bank_before": 0,
          "raw_words": [
            "0x0027003C",
            "0x31476128",
            "0x1B00843C",
            "0x00000000",
            "0x1E010000",
            "0x00000027"
          ],
          "read_data": null,
          "record_valid": true,
          "register_address": 60,
          "requested_bank": 0,
          "selector_value_sent": null,
          "table_slot_index_16": 39,
          "terminal_error_code": 0,
          "timeout": false,
          "transaction_completed": true,
          "transaction_index_16": 60,
          "transaction_kind": "INIT_TARGET_WRITE",
          "transaction_kind_code": 6,
          "valid_bits": {
            "physical_bank_after": true,
            "physical_bank_before": true,
            "read_data": false,
            "register_address": true,
            "requested_bank": true,
            "selector_value": false,
            "verify_expected": false,
            "verify_observed": false,
            "write_data": true
          },
          "write_data": 132
        },
        {
          "autoinit_phase": "PH_INIT",
          "autoinit_phase_code": 1,
          "bank_update_reason": "NO_CHANGE",
          "bank_update_reason_code": 0,
          "bank_verify_expected": null,
          "bank_verify_observed": null,
          "bank_verify_result": "NOT_APPLICABLE",
          "bank_verify_result_code": 0,
          "entry": 2,
          "fsm_context": 149,
          "fsm_state": 30,
          "legacy_operation_index_8": 150,
          "legacy_operation_index_authoritative": false,
          "nack_count_within_transaction": 3,
          "phase_nack_bitmap": 7,
          "phase_opportunity_bitmap": 7,
          "physical_bank_after": 0,
          "physical_bank_before": 0,
          "raw_words": [
            "0x009500AA",
            "0x33776196",
            "0x1B000F80",
            "0x00000000",
            "0x1E010000",
            "0x00000095"
          ],
          "read_data": null,
          "record_valid": true,
          "register_address": 128,
          "requested_bank": 0,
          "selector_value_sent": null,
          "table_slot_index_16": 149,
          "terminal_error_code": 0,
          "timeout": false,
          "transaction_completed": true,
          "transaction_index_16": 170,
          "transaction_kind": "INIT_TARGET_WRITE",
          "transaction_kind_code": 6,
          "valid_bits": {
            "physical_bank_after": true,
            "physical_bank_before": true,
            "read_data": false,
            "register_address": true,
            "requested_bank": true,
            "selector_value": false,
            "verify_expected": false,
            "verify_observed": false,
            "write_data": true
          },
          "write_data": 15
        },
        {
          "autoinit_phase": "PH_INIT",
          "autoinit_phase_code": 1,
          "bank_update_reason": "NO_CHANGE",
          "bank_update_reason_code": 0,
          "bank_verify_expected": null,
          "bank_verify_observed": null,
          "bank_verify_result": "NOT_APPLICABLE",
          "bank_verify_result_code": 0,
          "entry": 3,
          "fsm_context": 192,
          "fsm_state": 30,
          "legacy_operation_index_8": 193,
          "legacy_operation_index_authoritative": false,
          "nack_count_within_transaction": 3,
          "phase_nack_bitmap": 7,
          "phase_opportunity_bitmap": 7,
          "physical_bank_after": 9,
          "physical_bank_before": 9,
          "raw_words": [
            "0x00C000D9",
            "0x337761C1",
            "0x3B0009FF",
            "0x00090909",
            "0x1E010900",
            "0x000000C0"
          ],
          "read_data": null,
          "record_valid": true,
          "register_address": 255,
          "requested_bank": 9,
          "selector_value_sent": 9,
          "table_slot_index_16": 192,
          "terminal_error_code": 0,
          "timeout": false,
          "transaction_completed": true,
          "transaction_index_16": 217,
          "transaction_kind": "INIT_TARGET_WRITE",
          "transaction_kind_code": 6,
          "valid_bits": {
            "physical_bank_after": true,
            "physical_bank_before": true,
            "read_data": false,
            "register_address": true,
            "requested_bank": true,
            "selector_value": true,
            "verify_expected": false,
            "verify_observed": false,
            "write_data": true
          },
          "write_data": 9
        },
        {
          "autoinit_phase": "PH_INIT",
          "autoinit_phase_code": 1,
          "bank_update_reason": "NO_CHANGE",
          "bank_update_reason_code": 0,
          "bank_verify_expected": null,
          "bank_verify_observed": null,
          "bank_verify_result": "NOT_APPLICABLE",
          "bank_verify_result_code": 0,
          "entry": 4,
          "fsm_context": 210,
          "fsm_state": 30,
          "legacy_operation_index_8": 211,
          "legacy_operation_index_authoritative": false,
          "nack_count_within_transaction": 1,
          "phase_nack_bitmap": 4,
          "phase_opportunity_bitmap": 7,
          "physical_bank_after": 9,
          "physical_bank_before": 9,
          "raw_words": [
            "0x00D200EB",
            "0x314761D3",
            "0x1B00525F",
            "0x00000909",
            "0x1E010900",
            "0x000000D2"
          ],
          "read_data": null,
          "record_valid": true,
          "register_address": 95,
          "requested_bank": 9,
          "selector_value_sent": null,
          "table_slot_index_16": 210,
          "terminal_error_code": 0,
          "timeout": false,
          "transaction_completed": true,
          "transaction_index_16": 235,
          "transaction_kind": "INIT_TARGET_WRITE",
          "transaction_kind_code": 6,
          "valid_bits": {
            "physical_bank_after": true,
            "physical_bank_before": true,
            "read_data": false,
            "register_address": true,
            "requested_bank": true,
            "selector_value": false,
            "verify_expected": false,
            "verify_observed": false,
            "write_data": true
          },
          "write_data": 82
        }
      ],
      "stored": 5,
      "structural_consistency": "PASS",
      "total": 5
    },
    "header": {
      "autoinit_i2c_hz": 25000,
      "blocks_per_phase": 10,
      "capabilities": "0x000007FF",
      "index_capacity_per_phase": 512,
      "log_capacity": 64,
      "magic": "0x31463152",
      "max_attempts_per_phase": 12000,
      "opportunities_per_block": 1000,
      "probe_i2c_hz": 25000,
      "probe_phase_mask": "0x00000007",
      "record_version": 1,
      "record_width_bits": 192,
      "record_words": 6,
      "safe_target": {
        "bank": 0,
        "data": 0,
        "proven": true,
        "register": 133
      },
      "target_opportunities_per_phase": 10000,
      "version": 1
    },
    "image": "r1f",
    "legacy_17_words": [
      "0x08000038",
      "0x00FF0122",
      "0x00030005",
      "0x00FF0222",
      "0x00030005",
      "0x843C0328",
      "0x00030000",
      "0x0F800196",
      "0x00030000",
      "0x0F800296",
      "0x00030000",
      "0x0F800396",
      "0x00030000",
      "0x09FF01C1",
      "0x00030909",
      "0x09FF02C1",
      "0x00030909"
    ],
    "legacy_ordered_nack": {
      "control_flow_replay_scope": "PARTIAL_FIRST_8_RECORDS_ONLY",
      "current_metadata_bank": 0,
      "current_physical_bank": 0,
      "first_error_code": 1,
      "first_error_data": 0,
      "first_error_metadata_bank": 0,
      "first_error_physical_bank": 5,
      "first_error_register": 255,
      "first_error_step": 34,
      "first_error_valid": 1,
      "header_consistency": "PASS",
      "i2c_state": 0,
      "log_capacity": 8,
      "log_count": 8,
      "log_overflow": 1,
      "nack_count": 10,
      "operation_index": 249,
      "original_ff": 0,
      "phase": 8,
      "physical_bank_valid": 1,
      "records": [
        {
          "data": 0,
          "index": 0,
          "metadata_bank": 0,
          "operation_index": 34,
          "phase_code": 1,
          "phase_name": "WRITE_ADDRESS_ACK",
          "physical_bank": 5,
          "physical_bank_valid": 1,
          "raw": "0x0003000500FF0122",
          "register": 255,
          "reserved": 0,
          "valid": 1
        },
        {
          "data": 0,
          "index": 1,
          "metadata_bank": 0,
          "operation_index": 34,
          "phase_code": 2,
          "phase_name": "REGISTER_ADDRESS_ACK",
          "physical_bank": 5,
          "physical_bank_valid": 1,
          "raw": "0x0003000500FF0222",
          "register": 255,
          "reserved": 0,
          "valid": 1
        },
        {
          "data": 132,
          "index": 2,
          "metadata_bank": 0,
          "operation_index": 40,
          "phase_code": 3,
          "phase_name": "DATA_ACK",
          "physical_bank": 0,
          "physical_bank_valid": 1,
          "raw": "0x00030000843C0328",
          "register": 60,
          "reserved": 0,
          "valid": 1
        },
        {
          "data": 15,
          "index": 3,
          "metadata_bank": 0,
          "operation_index": 150,
          "phase_code": 1,
          "phase_name": "WRITE_ADDRESS_ACK",
          "physical_bank": 0,
          "physical_bank_valid": 1,
          "raw": "0x000300000F800196",
          "register": 128,
          "reserved": 0,
          "valid": 1
        },
        {
          "data": 15,
          "index": 4,
          "metadata_bank": 0,
          "operation_index": 150,
          "phase_code": 2,
          "phase_name": "REGISTER_ADDRESS_ACK",
          "physical_bank": 0,
          "physical_bank_valid": 1,
          "raw": "0x000300000F800296",
          "register": 128,
          "reserved": 0,
          "valid": 1
        },
        {
          "data": 15,
          "index": 5,
          "metadata_bank": 0,
          "operation_index": 150,
          "phase_code": 3,
          "phase_name": "DATA_ACK",
          "physical_bank": 0,
          "physical_bank_valid": 1,
          "raw": "0x000300000F800396",
          "register": 128,
          "reserved": 0,
          "valid": 1
        },
        {
          "data": 9,
          "index": 6,
          "metadata_bank": 9,
          "operation_index": 193,
          "phase_code": 1,
          "phase_name": "WRITE_ADDRESS_ACK",
          "physical_bank": 9,
          "physical_bank_valid": 1,
          "raw": "0x0003090909FF01C1",
          "register": 255,
          "reserved": 0,
          "valid": 1
        },
        {
          "data": 9,
          "index": 7,
          "metadata_bank": 9,
          "operation_index": 193,
          "phase_code": 2,
          "phase_name": "REGISTER_ADDRESS_ACK",
          "physical_bank": 9,
          "physical_bank_valid": 1,
          "raw": "0x0003090909FF02C1",
          "register": 255,
          "reserved": 0,
          "valid": 1
        }
      ],
      "restored_ff": 0,
      "table_length": 214,
      "timeout_count": 0
    },
    "legacy_reconciliation": {
      "compared_prefix_count": 8,
      "comparisons": [
        {
          "checks": {
            "legacy_operation": true,
            "phase": true,
            "physical_bank_before": true,
            "register": true,
            "requested_bank": true
          },
          "event": 0,
          "transaction_index_16": 52
        },
        {
          "checks": {
            "legacy_operation": true,
            "phase": true,
            "physical_bank_before": true,
            "register": true,
            "requested_bank": true
          },
          "event": 1,
          "transaction_index_16": 52
        },
        {
          "checks": {
            "legacy_operation": true,
            "phase": true,
            "physical_bank_before": true,
            "register": true,
            "requested_bank": true,
            "write_data": true
          },
          "event": 2,
          "transaction_index_16": 60
        },
        {
          "checks": {
            "legacy_operation": true,
            "phase": true,
            "physical_bank_before": true,
            "register": true,
            "requested_bank": true,
            "write_data": true
          },
          "event": 3,
          "transaction_index_16": 170
        },
        {
          "checks": {
            "legacy_operation": true,
            "phase": true,
            "physical_bank_before": true,
            "register": true,
            "requested_bank": true,
            "write_data": true
          },
          "event": 4,
          "transaction_index_16": 170
        },
        {
          "checks": {
            "legacy_operation": true,
            "phase": true,
            "physical_bank_before": true,
            "register": true,
            "requested_bank": true,
            "write_data": true
          },
          "event": 5,
          "transaction_index_16": 170
        },
        {
          "checks": {
            "legacy_operation": true,
            "phase": true,
            "physical_bank_before": true,
            "register": true,
            "requested_bank": true,
            "write_data": true
          },
          "event": 6,
          "transaction_index_16": 217
        },
        {
          "checks": {
            "legacy_operation": true,
            "phase": true,
            "physical_bank_before": true,
            "register": true,
            "requested_bank": true,
            "write_data": true
          },
          "event": 7,
          "transaction_index_16": 217
        }
      ],
      "expanded_event_count": 10,
      "result": "PASS",
      "scope": "COMPLETE_FAILED_TRANSACTION_LOG"
    },
    "lifecycle": {
      "actual": 132688568,
      "expected": 132584734,
      "extension_cycles": 103834,
      "shortening_cycles": 0,
      "shortening_residual_cycles": 0,
      "shortening_ticks_exact": 0.0,
      "shortening_ticks_nearest": 0,
      "signed_error_cycles": 103834
    },
    "phase_counters": {
      "DATA": {
        "acks": 216,
        "nacks": 4,
        "opportunities": 220,
        "rate": 0.01818181818181818
      },
      "RADDR": {
        "acks": 56,
        "nacks": 0,
        "opportunities": 56,
        "rate": 0.0
      },
      "REGADDR": {
        "acks": 273,
        "nacks": 3,
        "opportunities": 276,
        "rate": 0.010869565217391304
      },
      "WADDR": {
        "acks": 273,
        "nacks": 3,
        "opportunities": 276,
        "rate": 0.010869565217391304
      },
      "legacy_aggregate_nacks": 10,
      "phase_nack_sum": 10,
      "status": "PASS_FINAL_NO_SATURATION_COHERENT",
      "transactions": {
        "completions": 276,
        "failed": 5,
        "starts": 276,
        "timeouts": 0
      }
    },
    "probe": {
      "class": "ACTIVE_POST_AUTOINIT_DIAGNOSTIC",
      "done_freerun": 1714354940,
      "original_bank": 0,
      "phases": {
        "DATA": {
          "adjacent_nack_pairs": 0,
          "attempts": 10000,
          "binary_run_count": 1,
          "block_nacks": [
            0,
            0,
            0,
            0,
            0,
            0,
            0,
            0,
            0,
            0
          ],
          "first_nack_index_raw": null,
          "index_overflow": false,
          "index_stored": 0,
          "last_nack_index_raw": null,
          "max_consecutive_nacks": 0,
          "nack_indices_analysis_one_based": [],
          "nack_indices_raw_zero_based": [],
          "phase": "DATA",
          "prerequisite_regaddr": {
            "acks": 10000,
            "nacks": 0,
            "opportunities": 10000
          },
          "prerequisite_waddr": {
            "acks": 10000,
            "nacks": 0,
            "opportunities": 10000
          },
          "sequence_metrics_reconciled": true,
          "status": "0x00000007",
          "target_acks": 10000,
          "target_nacks": 0,
          "target_opportunities": 10000,
          "timeouts": 0
        },
        "REGADDR": {
          "adjacent_nack_pairs": 0,
          "attempts": 10000,
          "binary_run_count": 1,
          "block_nacks": [
            0,
            0,
            0,
            0,
            0,
            0,
            0,
            0,
            0,
            0
          ],
          "first_nack_index_raw": null,
          "index_overflow": false,
          "index_stored": 0,
          "last_nack_index_raw": null,
          "max_consecutive_nacks": 0,
          "nack_indices_analysis_one_based": [],
          "nack_indices_raw_zero_based": [],
          "phase": "REGADDR",
          "prerequisite_regaddr": {
            "acks": 0,
            "nacks": 0,
            "opportunities": 0
          },
          "prerequisite_waddr": {
            "acks": 10000,
            "nacks": 0,
            "opportunities": 10000
          },
          "sequence_metrics_reconciled": true,
          "status": "0x00000007",
          "target_acks": 10000,
          "target_nacks": 0,
          "target_opportunities": 10000,
          "timeouts": 0
        },
        "WADDR": {
          "adjacent_nack_pairs": 0,
          "attempts": 10000,
          "binary_run_count": 1,
          "block_nacks": [
            0,
            0,
            0,
            0,
            0,
            0,
            0,
            0,
            0,
            0
          ],
          "first_nack_index_raw": null,
          "index_overflow": false,
          "index_stored": 0,
          "last_nack_index_raw": null,
          "max_consecutive_nacks": 0,
          "nack_indices_analysis_one_based": [],
          "nack_indices_raw_zero_based": [],
          "phase": "WADDR",
          "prerequisite_regaddr": {
            "acks": 0,
            "nacks": 0,
            "opportunities": 0
          },
          "prerequisite_waddr": {
            "acks": 0,
            "nacks": 0,
            "opportunities": 0
          },
          "sequence_metrics_reconciled": true,
          "status": "0x00000007",
          "target_acks": 10000,
          "target_nacks": 0,
          "target_opportunities": 10000,
          "timeouts": 0
        }
      },
      "restored_bank": 0,
      "safe_target_post": 0,
      "safe_target_pre": 0,
      "scheduler_rounds": 10000,
      "setup_restore_status": "0x000007FF",
      "start_freerun": 132751067,
      "status": "PASS_COMPLETE_NO_ABORT_RESTORED",
      "total_attempts": 30000
    },
    "raw_local_telemetry": {
      "0x00000": 2752121863,
      "0x00004": 16395,
      "0x00008": 200706,
      "0x0000C": 65536,
      "0x00010": 3304374223,
      "0x00014": 1467781827,
      "0x00018": 35463144,
      "0x0001C": 1006995341,
      "0x00020": 3509452828,
      "0x00024": 132710402,
      "0x00028": 6299465,
      "0x0002C": 2,
      "0x00030": 1480871233,
      "0x00034": 0,
      "0x00038": 0,
      "0x0003C": 0,
      "0x00040": 0,
      "0x00044": 0,
      "0x00048": 0,
      "0x0004C": 0,
      "0x00050": 0,
      "0x00054": 0,
      "0x00058": 0,
      "0x0005C": 0,
      "0x00060": 0,
      "0x00064": 0,
      "0x00068": 0,
      "0x0006C": 0,
      "0x00070": 0,
      "0x00074": 0,
      "0x00078": 0,
      "0x0007C": 0,
      "0x00080": 873686949,
      "0x00084": 0,
      "0x00088": 0,
      "0x0008C": 251,
      "0x00090": 10,
      "0x00094": 0,
      "0x00098": 14027001,
      "0x0009C": 2147557888,
      "0x000A0": 14088456,
      "0x000A4": 4278190586,
      "0x000A8": 16842752,
      "0x000AC": 16711714,
      "0x000B0": 10,
      "0x000B4": 83886080,
      "0x000B8": 0,
      "0x000BC": 0,
      "0x000C0": 0,
      "0x000C4": 0,
      "0x000C8": 0,
      "0x000CC": 0,
      "0x000D0": 0,
      "0x000D4": 0,
      "0x000D8": 0,
      "0x000DC": 0,
      "0x000E0": 0
    },
    "raw_r1e_page": {
      "0x02000": 827018307,
      "0x02004": 1,
      "0x02008": 15,
      "0x0200C": 637673397,
      "0x02010": 5,
      "0x02014": 132688568,
      "0x02018": 0,
      "0x0201C": 977795,
      "0x02020": 0,
      "0x02024": 977653,
      "0x02028": 0,
      "0x0202C": 4166290520,
      "0x02030": 3,
      "0x02034": 3,
      "0x02038": 3,
      "0x0203C": 15,
      "0x02040": 826618194,
      "0x02044": 1,
      "0x02048": 31,
      "0x0204C": 25000,
      "0x02050": 1251,
      "0x02054": 132584734,
      "0x02058": 0,
      "0x0205C": 113182679,
      "0x02060": 0,
      "0x02064": 10000,
      "0x02068": 10000,
      "0x0206C": 10000,
      "0x02070": 0,
      "0x02074": 0,
      "0x02078": 825,
      "0x0207C": 4294967295,
      "0x02080": 4294967295,
      "0x02084": 0,
      "0x02088": 132751067,
      "0x0208C": 0,
      "0x02090": 1714354940,
      "0x02094": 0,
      "0x02098": 0,
      "0x0209C": 0
    }
  }
}
READ_ONLY=YES
STATIC_SNAPSHOTS_MATCH=YES
STDOUT_END
STDERR_BEGIN

STDERR_END
