Copyright 1986-2022 Xilinx, Inc. All Rights Reserved. Copyright 2022-2025 Advanced Micro Devices, Inc. All Rights Reserved.
--------------------------------------------------------------------------------------------------------------------------------------------------------------------------
| Tool Version : Vivado v.2025.2 (win64) Build 6299465 Fri Nov 14 19:35:11 GMT 2025
| Date         : Tue Sep  8 18:44:03 2026
| Host         : NBLSUDUL running 64-bit major release  (build 9200)
| Command      : report_timing -delay_type max -max_paths 1000 -nworst 10 -file C:/FPGA/G2B_BT656_DIAG1_20260908T142811Z/artifacts/vivado_build_02/DIAG1_SETUP_TIMING.rpt
| Design       : ahd_capture_top_xdma
| Device       : 7a35t-csg325
| Speed File   : -2  PRODUCTION 1.23 2018-06-13
| Design State : Routed
--------------------------------------------------------------------------------------------------------------------------------------------------------------------------

Timing Report

Slack (VIOLATED) :        -4.675ns  (required time - arrival time)
  Source:                 G2B_ONECH_C2H/transport_hard_hold_axi_reg/C
                            (rising edge-triggered cell FDRE clocked by userclk1  {rise@0.000ns fall@8.000ns period=16.000ns})
  Destination:            GEN_BT656_DIAG1_TRACE.BT656_BOUNDARY_TRACE/post_count_source_reg[0]/D
                            (rising edge-triggered cell FDRE clocked by nvp_vclk1  {rise@0.000ns fall@3.367ns period=6.734ns})
  Path Group:             nvp_vclk1
  Path Type:              Setup (Max at Slow Process Corner)
  Requirement:            0.048ns  (nvp_vclk1 rise@5872.048ns - userclk1 rise@5872.000ns)
  Data Path Delay:        3.289ns  (logic 0.904ns (27.483%)  route 2.385ns (72.517%))
  Logic Levels:           5  (LUT6=5)
  Clock Path Skew:        -1.289ns (DCD - SCD + CPR)
    Destination Clock Delay (DCD):    4.335ns = ( 5876.384 - 5872.048 ) 
    Source Clock Delay      (SCD):    5.624ns = ( 5877.624 - 5872.000 ) 
    Clock Pessimism Removal (CPR):    0.000ns
  Clock Uncertainty:      0.177ns  ((TSJ^2 + DJ^2)^1/2) / 2 + PE
    Total System Jitter     (TSJ):    0.071ns
    Discrete Jitter          (DJ):    0.141ns
    Phase Error              (PE):    0.099ns
  Clock Domain Crossing:  Inter clock paths are considered valid unless explicitly excluded by timing constraints such as set_clock_groups or set_false_path.

    Location             Delay type                Incr(ns)  Path(ns)    Netlist Resource(s)
  -------------------------------------------------------------------    -------------------
                         (clock userclk1 rise edge)
                                                   5872.000  5872.000 r  
    GTPE2_CHANNEL_X0Y3   GTPE2_CHANNEL                0.000  5872.000 r  XDMA/inst/xdma_v41_m1_pcie2_to_pcie3_wrapper_i/pcie2_ip_i/inst/inst/gt_top_i/pipe_wrapper_i/pipe_lane[0].gt_wrapper_i/gtp_channel.gtpe2_channel_i/TXOUTCLK
                         net (fo=1, routed)           1.209  5873.208    XDMA/inst/xdma_v41_m1_pcie2_to_pcie3_wrapper_i/pcie2_ip_i/inst/inst/gt_top_i/pipe_wrapper_i/pipe_clock_int.pipe_clock_i/txoutclk_i.txoutclk_i_0
    BUFGCTRL_X0Y20       BUFG (Prop_bufg_I_O)         0.081  5873.289 r  XDMA/inst/xdma_v41_m1_pcie2_to_pcie3_wrapper_i/pcie2_ip_i/inst/inst/gt_top_i/pipe_wrapper_i/pipe_clock_int.pipe_clock_i/txoutclk_i.txoutclk_i/O
                         net (fo=1, routed)           1.391  5874.680    XDMA/inst/xdma_v41_m1_pcie2_to_pcie3_wrapper_i/pcie2_ip_i/inst/inst/gt_top_i/pipe_wrapper_i/pipe_clock_int.pipe_clock_i/refclk
    MMCME2_ADV_X0Y0      MMCME2_ADV (Prop_mmcme2_adv_CLKIN1_CLKOUT2)
                                                      0.077  5874.757 r  XDMA/inst/xdma_v41_m1_pcie2_to_pcie3_wrapper_i/pcie2_ip_i/inst/inst/gt_top_i/pipe_wrapper_i/pipe_clock_int.pipe_clock_i/mmcm_i/CLKOUT2
                         net (fo=1, routed)           1.425  5876.182    XDMA/inst/xdma_v41_m1_pcie2_to_pcie3_wrapper_i/pcie2_ip_i/inst/inst/gt_top_i/pipe_wrapper_i/pipe_clock_int.pipe_clock_i/userclk1
    BUFGCTRL_X0Y0        BUFG (Prop_bufg_I_O)         0.081  5876.263 r  XDMA/inst/xdma_v41_m1_pcie2_to_pcie3_wrapper_i/pcie2_ip_i/inst/inst/gt_top_i/pipe_wrapper_i/pipe_clock_int.pipe_clock_i/userclk1_i1.usrclk1_i1/O
                         net (fo=19006, routed)       1.361  5877.624    G2B_ONECH_C2H/axi_aclk
    SLICE_X29Y15         FDRE                                         r  G2B_ONECH_C2H/transport_hard_hold_axi_reg/C
  -------------------------------------------------------------------    -------------------
    SLICE_X29Y15         FDRE (Prop_fdre_C_Q)         0.379  5878.002 r  G2B_ONECH_C2H/transport_hard_hold_axi_reg/Q
                         net (fo=16, routed)          0.132  5878.134    G2B_ONECH_C2H/transport_hard_hold_axi
    SLICE_X28Y15         LUT6 (Prop_lut6_I0_O)        0.105  5878.239 f  G2B_ONECH_C2H/ram_write_data_source[506]_i_2/O
                         net (fo=3, routed)           0.358  5878.597    G2B_ONECH_C2H/ram_write_data_source[506]_i_2_n_0
    SLICE_X28Y15         LUT6 (Prop_lut6_I0_O)        0.105  5878.702 f  G2B_ONECH_C2H/ram_write_data_source[103]_i_1/O
                         net (fo=13, routed)          0.366  5879.068    G2B_ONECH_C2H/bt656_diag_event_payload[35]
    SLICE_X29Y15         LUT6 (Prop_lut6_I0_O)        0.105  5879.173 f  G2B_ONECH_C2H/post_count_source[8]_i_4/O
                         net (fo=18, routed)          0.883  5880.056    GEN_BT656_DIAG1_TRACE.BT656_BOUNDARY_TRACE/bt656_diag_event_valid
    SLICE_X10Y8          LUT6 (Prop_lut6_I2_O)        0.105  5880.161 r  GEN_BT656_DIAG1_TRACE.BT656_BOUNDARY_TRACE/post_count_source[7]_i_3/O
                         net (fo=8, routed)           0.646  5880.808    GEN_BT656_DIAG1_TRACE.BT656_BOUNDARY_TRACE/post_count_source[7]_i_3_n_0
    SLICE_X9Y13          LUT6 (Prop_lut6_I0_O)        0.105  5880.913 r  GEN_BT656_DIAG1_TRACE.BT656_BOUNDARY_TRACE/post_count_source[0]_i_1/O
                         net (fo=1, routed)           0.000  5880.913    GEN_BT656_DIAG1_TRACE.BT656_BOUNDARY_TRACE/post_count_source[0]_i_1_n_0
    SLICE_X9Y13          FDRE                                         r  GEN_BT656_DIAG1_TRACE.BT656_BOUNDARY_TRACE/post_count_source_reg[0]/D
  -------------------------------------------------------------------    -------------------

                         (clock nvp_vclk1 rise edge)
                                                   5872.048  5872.048 r  
    E13                                               0.000  5872.048 r  vclk1 (IN)
                         net (fo=0)                   0.000  5872.048    NVP_PHYSICAL_FRONTEND/vclk1
    E13                  IBUF (Prop_ibuf_I_O)         1.394  5873.443 r  NVP_PHYSICAL_FRONTEND/u_vclk1_ibuf/O
                         net (fo=3, routed)           1.604  5875.047    NVP_PHYSICAL_FRONTEND/vclk1_ibuf
    BUFGCTRL_X0Y17       BUFG (Prop_bufg_I_O)         0.077  5875.124 r  NVP_PHYSICAL_FRONTEND/u_vclk1_bufg/O
                         net (fo=3785, routed)        1.260  5876.384    GEN_BT656_DIAG1_TRACE.BT656_BOUNDARY_TRACE/CLK
    SLICE_X9Y13          FDRE                                         r  GEN_BT656_DIAG1_TRACE.BT656_BOUNDARY_TRACE/post_count_source_reg[0]/C
                         clock pessimism              0.000  5876.384    
                         clock uncertainty           -0.177  5876.207    
    SLICE_X9Y13          FDRE (Setup_fdre_C_D)        0.032  5876.239    GEN_BT656_DIAG1_TRACE.BT656_BOUNDARY_TRACE/post_count_source_reg[0]
  -------------------------------------------------------------------
                         required time                       5876.238    
                         arrival time                       -5880.913    
  -------------------------------------------------------------------
                         slack                                 -4.675    

Slack (VIOLATED) :        -4.675ns  (required time - arrival time)
  Source:                 G2B_ONECH_C2H/transport_hard_hold_axi_reg/C
                            (rising edge-triggered cell FDRE clocked by userclk1  {rise@0.000ns fall@8.000ns period=16.000ns})
  Destination:            GEN_BT656_DIAG1_TRACE.BT656_BOUNDARY_TRACE/post_count_source_reg[0]/D
                            (rising edge-triggered cell FDRE clocked by nvp_vclk1  {rise@0.000ns fall@3.367ns period=6.734ns})
  Path Group:             nvp_vclk1
  Path Type:              Setup (Max at Slow Process Corner)
  Requirement:            0.048ns  (nvp_vclk1 rise@5872.048ns - userclk1 rise@5872.000ns)
  Data Path Delay:        3.289ns  (logic 0.904ns (27.483%)  route 2.385ns (72.517%))
  Logic Levels:           5  (LUT6=5)
  Clock Path Skew:        -1.289ns (DCD - SCD + CPR)
    Destination Clock Delay (DCD):    4.335ns = ( 5876.384 - 5872.048 ) 
    Source Clock Delay      (SCD):    5.624ns = ( 5877.624 - 5872.000 ) 
    Clock Pessimism Removal (CPR):    0.000ns
  Clock Uncertainty:      0.177ns  ((TSJ^2 + DJ^2)^1/2) / 2 + PE
    Total System Jitter     (TSJ):    0.071ns
    Discrete Jitter          (DJ):    0.141ns
    Phase Error              (PE):    0.099ns
  Clock Domain Crossing:  Inter clock paths are considered valid unless explicitly excluded by timing constraints such as set_clock_groups or set_false_path.

    Location             Delay type                Incr(ns)  Path(ns)    Netlist Resource(s)
  -------------------------------------------------------------------    -------------------
                         (clock userclk1 rise edge)
                                                   5872.000  5872.000 r  
    GTPE2_CHANNEL_X0Y3   GTPE2_CHANNEL                0.000  5872.000 r  XDMA/inst/xdma_v41_m1_pcie2_to_pcie3_wrapper_i/pcie2_ip_i/inst/inst/gt_top_i/pipe_wrapper_i/pipe_lane[0].gt_wrapper_i/gtp_channel.gtpe2_channel_i/TXOUTCLK
                         net (fo=1, routed)           1.209  5873.208    XDMA/inst/xdma_v41_m1_pcie2_to_pcie3_wrapper_i/pcie2_ip_i/inst/inst/gt_top_i/pipe_wrapper_i/pipe_clock_int.pipe_clock_i/txoutclk_i.txoutclk_i_0
    BUFGCTRL_X0Y20       BUFG (Prop_bufg_I_O)         0.081  5873.289 r  XDMA/inst/xdma_v41_m1_pcie2_to_pcie3_wrapper_i/pcie2_ip_i/inst/inst/gt_top_i/pipe_wrapper_i/pipe_clock_int.pipe_clock_i/txoutclk_i.txoutclk_i/O
                         net (fo=1, routed)           1.391  5874.680    XDMA/inst/xdma_v41_m1_pcie2_to_pcie3_wrapper_i/pcie2_ip_i/inst/inst/gt_top_i/pipe_wrapper_i/pipe_clock_int.pipe_clock_i/refclk
    MMCME2_ADV_X0Y0      MMCME2_ADV (Prop_mmcme2_adv_CLKIN1_CLKOUT2)
                                                      0.077  5874.757 r  XDMA/inst/xdma_v41_m1_pcie2_to_pcie3_wrapper_i/pcie2_ip_i/inst/inst/gt_top_i/pipe_wrapper_i/pipe_clock_int.pipe_clock_i/mmcm_i/CLKOUT2
                         net (fo=1, routed)           1.425  5876.182    XDMA/inst/xdma_v41_m1_pcie2_to_pcie3_wrapper_i/pcie2_ip_i/inst/inst/gt_top_i/pipe_wrapper_i/pipe_clock_int.pipe_clock_i/userclk1
    BUFGCTRL_X0Y0        BUFG (Prop_bufg_I_O)         0.081  5876.263 r  XDMA/inst/xdma_v41_m1_pcie2_to_pcie3_wrapper_i/pcie2_ip_i/inst/inst/gt_top_i/pipe_wrapper_i/pipe_clock_int.pipe_clock_i/userclk1_i1.usrclk1_i1/O
                         net (fo=19006, routed)       1.361  5877.624    G2B_ONECH_C2H/axi_aclk
    SLICE_X29Y15         FDRE                                         r  G2B_ONECH_C2H/transport_hard_hold_axi_reg/C
  -------------------------------------------------------------------    -------------------
    SLICE_X29Y15         FDRE (Prop_fdre_C_Q)         0.379  5878.002 f  G2B_ONECH_C2H/transport_hard_hold_axi_reg/Q
                         net (fo=16, routed)          0.132  5878.134    G2B_ONECH_C2H/transport_hard_hold_axi
    SLICE_X28Y15         LUT6 (Prop_lut6_I0_O)        0.105  5878.239 r  G2B_ONECH_C2H/ram_write_data_source[506]_i_2/O
                         net (fo=3, routed)           0.358  5878.597    G2B_ONECH_C2H/ram_write_data_source[506]_i_2_n_0
    SLICE_X28Y15         LUT6 (Prop_lut6_I0_O)        0.105  5878.702 r  G2B_ONECH_C2H/ram_write_data_source[103]_i_1/O
                         net (fo=13, routed)          0.366  5879.068    G2B_ONECH_C2H/bt656_diag_event_payload[35]
    SLICE_X29Y15         LUT6 (Prop_lut6_I0_O)        0.105  5879.173 r  G2B_ONECH_C2H/post_count_source[8]_i_4/O
                         net (fo=18, routed)          0.883  5880.056    GEN_BT656_DIAG1_TRACE.BT656_BOUNDARY_TRACE/bt656_diag_event_valid
    SLICE_X10Y8          LUT6 (Prop_lut6_I2_O)        0.105  5880.161 f  GEN_BT656_DIAG1_TRACE.BT656_BOUNDARY_TRACE/post_count_source[7]_i_3/O
                         net (fo=8, routed)           0.646  5880.808    GEN_BT656_DIAG1_TRACE.BT656_BOUNDARY_TRACE/post_count_source[7]_i_3_n_0
    SLICE_X9Y13          LUT6 (Prop_lut6_I0_O)        0.105  5880.913 f  GEN_BT656_DIAG1_TRACE.BT656_BOUNDARY_TRACE/post_count_source[0]_i_1/O
                         net (fo=1, routed)           0.000  5880.913    GEN_BT656_DIAG1_TRACE.BT656_BOUNDARY_TRACE/post_count_source[0]_i_1_n_0
    SLICE_X9Y13          FDRE                                         f  GEN_BT656_DIAG1_TRACE.BT656_BOUNDARY_TRACE/post_count_source_reg[0]/D
  -------------------------------------------------------------------    -------------------

                         (clock nvp_vclk1 rise edge)
                                                   5872.048  5872.048 r  
    E13                                               0.000  5872.048 r  vclk1 (IN)
                         net (fo=0)                   0.000  5872.048    NVP_PHYSICAL_FRONTEND/vclk1
    E13                  IBUF (Prop_ibuf_I_O)         1.394  5873.443 r  NVP_PHYSICAL_FRONTEND/u_vclk1_ibuf/O
                         net (fo=3, routed)           1.604  5875.047    NVP_PHYSICAL_FRONTEND/vclk1_ibuf
    BUFGCTRL_X0Y17       BUFG (Prop_bufg_I_O)         0.077  5875.124 r  NVP_PHYSICAL_FRONTEND/u_vclk1_bufg/O
                         net (fo=3785, routed)        1.260  5876.384    GEN_BT656_DIAG1_TRACE.BT656_BOUNDARY_TRACE/CLK
    SLICE_X9Y13          FDRE                                         r  GEN_BT656_DIAG1_TRACE.BT656_BOUNDARY_TRACE/post_count_source_reg[0]/C
                         clock pessimism              0.000  5876.384    
                         clock uncertainty           -0.177  5876.207    
    SLICE_X9Y13          FDRE (Setup_fdre_C_D)        0.032  5876.239    GEN_BT656_DIAG1_TRACE.BT656_BOUNDARY_TRACE/post_count_source_reg[0]
  -------------------------------------------------------------------
                         required time                       5876.238    
                         arrival time                       -5880.913    
  -------------------------------------------------------------------
                         slack                                 -4.675
