#-----------------------------------------------------------
# xsim v2025.2 (64-bit)
# SW Build 6299465 on Fri Nov 14 19:35:11 GMT 2025
# IP Build 6300035 on Fri Nov 14 10:48:45 MST 2025
# SharedData Build 6298862 on Thu Nov 13 04:50:51 MST 2025
# Start of session at: Mon Aug 24 12:04:31 2026
# Process ID         : 15684
# Current directory  : C:/FPGA/V41_NVP_R1F_PHASE_COMPLETE_OBSERVABILITY/06_SIMULATION/r1f_autoinit_observability_scoreboard
# Command line       : xsim.exe -log C:\FPGA\V41_NVP_R1F_PHASE_COMPLETE_OBSERVABILITY\06_SIMULATION\r1f_autoinit_observability_scoreboard\final_matrix_v3\xsim.log -mode tcl -source {xsim.dir/r1f_observability_final_matrix_v3/xsim_script.tcl}
# Log file           : C:/FPGA/V41_NVP_R1F_PHASE_COMPLETE_OBSERVABILITY/06_SIMULATION/r1f_autoinit_observability_scoreboard/final_matrix_v3/xsim.log
# Journal file       : C:/FPGA/V41_NVP_R1F_PHASE_COMPLETE_OBSERVABILITY/06_SIMULATION/r1f_autoinit_observability_scoreboard\xsim.jou
# Running On         : NBLSUDUL
# Platform           : Windows Server 2016 or Windows 10
# Operating System   : 19045
# Processor Detail   : Intel(R) Core(TM) i7-7500U CPU @ 2.70GHz
# CPU Frequency      : 2904 MHz
# CPU Physical cores : 2
# CPU Logical cores  : 4
# Host memory        : 17028 MB
# Swap memory        : 4338 MB
# Total Virtual      : 21366 MB
# Available Virtual  : 7426 MB
#-----------------------------------------------------------
source xsim.dir/r1f_observability_final_matrix_v3/xsim_script.tcl
# xsim {r1f_observability_final_matrix_v3} -autoloadwcfg -runall
Time resolution is 1 ps
run -all
Note: PASS EVERY_R1F_TRANSACTION_KIND_EXERCISED
Time: 341486500 ns  Iteration: 0  Process: /tb_g0p8c5d_autoinit/stimulus  File: C:/FPGA/WORKTREES/V41_NVP_R1F_PHASE_COMPLETE_OBSERVABILITY/tests/nvp/tb_nvp_autoinit.vhd
Note: PASS all transactions ACK
Time: 341486500 ns  Iteration: 0  Process: /tb_g0p8c5d_autoinit/stimulus  File: C:/FPGA/WORKTREES/V41_NVP_R1F_PHASE_COMPLETE_OBSERVABILITY/tests/nvp/tb_nvp_autoinit.vhd
Note: PASS NACK at first operation
Time: 682332500 ns  Iteration: 0  Process: /tb_g0p8c5d_autoinit/stimulus  File: C:/FPGA/WORKTREES/V41_NVP_R1F_PHASE_COMPLETE_OBSERVABILITY/tests/nvp/tb_nvp_autoinit.vhd
Note: R1f mode2 record=000000641E010000000000001B001E5C3377616500640086
Time: 1023827500 ns  Iteration: 0  Process: /tb_g0p8c5d_autoinit/stimulus  File: C:/FPGA/WORKTREES/V41_NVP_R1F_PHASE_COMPLETE_OBSERVABILITY/tests/nvp/tb_nvp_autoinit.vhd
Note: PASS NACK at middle table step and frozen metadata
Time: 1023827500 ns  Iteration: 0  Process: /tb_g0p8c5d_autoinit/stimulus  File: C:/FPGA/WORKTREES/V41_NVP_R1F_PHASE_COMPLETE_OBSERVABILITY/tests/nvp/tb_nvp_autoinit.vhd
Note: PASS NACK at final operation
Time: 1365322500 ns  Iteration: 0  Process: /tb_g0p8c5d_autoinit/stimulus  File: C:/FPGA/WORKTREES/V41_NVP_R1F_PHASE_COMPLETE_OBSERVABILITY/tests/nvp/tb_nvp_autoinit.vhd
Note: R1f invariant error mode=4 count=8 first=83000120
Time: 1795169500 ns  Iteration: 0  Process: /tb_g0p8c5d_autoinit/stimulus  File: C:/FPGA/WORKTREES/V41_NVP_R1F_PHASE_COMPLETE_OBSERVABILITY/tests/nvp/tb_nvp_autoinit.vhd
Note: PASS bank invariant monitor flags pathological stuck-SDA context
Time: 1795169500 ns  Iteration: 0  Process: /tb_g0p8c5d_autoinit/stimulus  File: C:/FPGA/WORKTREES/V41_NVP_R1F_PHASE_COMPLETE_OBSERVABILITY/tests/nvp/tb_nvp_autoinit.vhd
Note: PASS SDA stuck low
Time: 1795169500 ns  Iteration: 0  Process: /tb_g0p8c5d_autoinit/stimulus  File: C:/FPGA/WORKTREES/V41_NVP_R1F_PHASE_COMPLETE_OBSERVABILITY/tests/nvp/tb_nvp_autoinit.vhd
Note: SCL timeout observed code=7 count=36 error='1'
Time: 1958420500 ns  Iteration: 0  Process: /tb_g0p8c5d_autoinit/stimulus  File: C:/FPGA/WORKTREES/V41_NVP_R1F_PHASE_COMPLETE_OBSERVABILITY/tests/nvp/tb_nvp_autoinit.vhd
Note: PASS SCL stuck low and bounded controller timeout
Time: 1958420500 ns  Iteration: 0  Process: /tb_g0p8c5d_autoinit/stimulus  File: C:/FPGA/WORKTREES/V41_NVP_R1F_PHASE_COMPLETE_OBSERVABILITY/tests/nvp/tb_nvp_autoinit.vhd
Note: R1f mode6 record=000000D51E540000000000002B0000FF337741D600D500BD
Time: 2260315500 ns  Iteration: 0  Process: /tb_g0p8c5d_autoinit/stimulus  File: C:/FPGA/WORKTREES/V41_NVP_R1F_PHASE_COMPLETE_OBSERVABILITY/tests/nvp/tb_nvp_autoinit.vhd
Note: PASS bank-select write failure blocks wrong-bank target
Time: 2260315500 ns  Iteration: 0  Process: /tb_g0p8c5d_autoinit/stimulus  File: C:/FPGA/WORKTREES/V41_NVP_R1F_PHASE_COMPLETE_OBSERVABILITY/tests/nvp/tb_nvp_autoinit.vhd
Note: R1f mode7 record=000008D51E7A00FF00000000CDFF00FF300B51D600D50177
Time: 2732028500 ns  Iteration: 0  Process: /tb_g0p8c5d_autoinit/stimulus  File: C:/FPGA/WORKTREES/V41_NVP_R1F_PHASE_COMPLETE_OBSERVABILITY/tests/nvp/tb_nvp_autoinit.vhd
Note: PASS bank-select readback mismatch blocks wrong-bank target
Time: 2732028500 ns  Iteration: 0  Process: /tb_g0p8c5d_autoinit/stimulus  File: C:/FPGA/WORKTREES/V41_NVP_R1F_PHASE_COMPLETE_OBSERVABILITY/tests/nvp/tb_nvp_autoinit.vhd
Note: PASS two-cycle raw SDA glitch rejected by Z9 filter
Time: 3073523500 ns  Iteration: 0  Process: /tb_g0p8c5d_autoinit/stimulus  File: C:/FPGA/WORKTREES/V41_NVP_R1F_PHASE_COMPLETE_OBSERVABILITY/tests/nvp/tb_nvp_autoinit.vhd
Note: R1f mode9 record=000000641E010000000000001B001E5C3117616500640086 pulses=1
Time: 3415018500 ns  Iteration: 0  Process: /tb_g0p8c5d_autoinit/stimulus  File: C:/FPGA/WORKTREES/V41_NVP_R1F_PHASE_COMPLETE_OBSERVABILITY/tests/nvp/tb_nvp_autoinit.vhd
Note: PASS one isolated WADDR NACK
Time: 3415018500 ns  Iteration: 0  Process: /tb_g0p8c5d_autoinit/stimulus  File: C:/FPGA/WORKTREES/V41_NVP_R1F_PHASE_COMPLETE_OBSERVABILITY/tests/nvp/tb_nvp_autoinit.vhd
Note: R1f mode10 record=000000641E010000000000001B001E5C3127616500640086 pulses=1
Time: 3756513500 ns  Iteration: 0  Process: /tb_g0p8c5d_autoinit/stimulus  File: C:/FPGA/WORKTREES/V41_NVP_R1F_PHASE_COMPLETE_OBSERVABILITY/tests/nvp/tb_nvp_autoinit.vhd
Note: PASS one isolated REGADDR NACK
Time: 3756513500 ns  Iteration: 0  Process: /tb_g0p8c5d_autoinit/stimulus  File: C:/FPGA/WORKTREES/V41_NVP_R1F_PHASE_COMPLETE_OBSERVABILITY/tests/nvp/tb_nvp_autoinit.vhd
Note: R1f mode11 record=000000641E010000000000001B001E5C3147616500640086 pulses=1
Time: 4098008500 ns  Iteration: 0  Process: /tb_g0p8c5d_autoinit/stimulus  File: C:/FPGA/WORKTREES/V41_NVP_R1F_PHASE_COMPLETE_OBSERVABILITY/tests/nvp/tb_nvp_autoinit.vhd
Note: PASS one isolated DATA NACK
Time: 4098008500 ns  Iteration: 0  Process: /tb_g0p8c5d_autoinit/stimulus  File: C:/FPGA/WORKTREES/V41_NVP_R1F_PHASE_COMPLETE_OBSERVABILITY/tests/nvp/tb_nvp_autoinit.vhd
Note: PASS one isolated RADDR NACK
Time: 4440416500 ns  Iteration: 0  Process: /tb_g0p8c5d_autoinit/stimulus  File: C:/FPGA/WORKTREES/V41_NVP_R1F_PHASE_COMPLETE_OBSERVABILITY/tests/nvp/tb_nvp_autoinit.vhd
Note: PASS operation-86-like transitional bank context
Time: 4440416500 ns  Iteration: 0  Process: /tb_g0p8c5d_autoinit/stimulus  File: C:/FPGA/WORKTREES/V41_NVP_R1F_PHASE_COMPLETE_OBSERVABILITY/tests/nvp/tb_nvp_autoinit.vhd
Note: R1f mode13 injected=13 nack_count=13 records=13
Time: 4603667500 ns  Iteration: 0  Process: /tb_g0p8c5d_autoinit/stimulus  File: C:/FPGA/WORKTREES/V41_NVP_R1F_PHASE_COMPLETE_OBSERVABILITY/tests/nvp/tb_nvp_autoinit.vhd
Failure: legacy/R1f first-eight event shape mismatch
Time: 4603667500 ns  Iteration: 0  Process: /tb_g0p8c5d_autoinit/stimulus  File: C:/FPGA/WORKTREES/V41_NVP_R1F_PHASE_COMPLETE_OBSERVABILITY/tests/nvp/tb_nvp_autoinit.vhd
$finish called at time : 4603667500 ns
run: Time (s): cpu = 00:00:02 ; elapsed = 00:00:09 . Memory (MB): peak = 198.074 ; gain = 0.059
exit
INFO: [Common 17-206] Exiting xsim at Mon Aug 24 12:04:45 2026...
