Copyright 1986-2022 Xilinx, Inc. All Rights Reserved. Copyright 2022-2025 Advanced Micro Devices, Inc. All Rights Reserved.
------------------------------------------------------------------------------------------------------------------------------------------------------------------
| Tool Version : Vivado v.2025.2 (win64) Build 6299465 Fri Nov 14 19:35:11 GMT 2025
| Date         : Mon Aug 24 23:31:22 2026
| Host         : NBLSUDUL running 64-bit major release  (build 9200)
| Command      : report_ram_utilization -file C:/FPGA/V41_NVP_R1H_BRAM_BACKED_LARGE_SAMPLE/05_EQUIVALENCE_AND_SIMULATION/memory_inference_ooc/ram_utilization.rpt
| Design       : r1h_memory_inference_top
| Device       : xc7a35tcsg325-2
| Speed File   : -2
------------------------------------------------------------------------------------------------------------------------------------------------------------------

RAM Usage Information

Table of Contents
-----------------
1. Summary
2. Memory Description
3. Memory Utilization - Inferred
4. Memory Performance - Inferred
5. Block Ram / URAM Memory Power - Inferred

1. Summary
----------

+--------------------------+------------+-----------+-------+-----------+
| Memory Type              | Total Used | Available | Util% | Inferred% |
+--------------------------+------------+-----------+-------+-----------+
| BlockRAM                 |        4.5 |        50 |  9.00 |    100.00 |
|  RAMB18E1                |          9 |           |       |    100.00 |
| LUTMs as Distributed RAM |          0 |      9600 |  0.00 |      0.00 |
+--------------------------+------------+-----------+-------+-----------+
*  Each RAMB18 is calculated as 0.5 BlockRAM
**  Tables 2, 3, 4 and 5 cover RAMs inferred by Vivado Synthesis using XPMs or RTL inference
***  XRAMs are not reported for detailed tables


2. Memory Description
---------------------

+--------------------------------------------------------------------------------------------------------------------------+------------+-----------+-------------+------------------------+------------------------+
| Memory Name                                                                                                              | Array Size | RAM_STYLE | Memory Type | Port 1 Dimension / Map | Port 2 Dimension / Map |
+--------------------------------------------------------------------------------------------------------------------------+------------+-----------+-------------+------------------------+------------------------+
| PROBE_INDEX_STORE/GEN_INDEX_BRAM[0].INDEX_PAYLOAD_RAM/xpm_memory_base_inst/gen_wr_a.gen_word_narrow.mem                  |       8192 |           | RAM_SDP     | 1024x16                | 1024x16                |
|  PROBE_INDEX_STORE/GEN_INDEX_BRAM[0].INDEX_PAYLOAD_RAM/xpm_memory_base_inst/gen_wr_a.gen_word_narrow.mem_reg             |      16384 |     BLOCK |             |  A:A:512x16            |  B:B:512x16            |
| PROBE_INDEX_STORE/GEN_INDEX_BRAM[1].INDEX_PAYLOAD_RAM/xpm_memory_base_inst/gen_wr_a.gen_word_narrow.mem                  |       8192 |           | RAM_SDP     | 1024x16                | 1024x16                |
|  PROBE_INDEX_STORE/GEN_INDEX_BRAM[1].INDEX_PAYLOAD_RAM/xpm_memory_base_inst/gen_wr_a.gen_word_narrow.mem_reg             |      16384 |     BLOCK |             |  A:A:512x16            |  B:B:512x16            |
| PROBE_INDEX_STORE/GEN_INDEX_BRAM[2].INDEX_PAYLOAD_RAM/xpm_memory_base_inst/gen_wr_a.gen_word_narrow.mem                  |       8192 |           | RAM_SDP     | 1024x16                | 1024x16                |
|  PROBE_INDEX_STORE/GEN_INDEX_BRAM[2].INDEX_PAYLOAD_RAM/xpm_memory_base_inst/gen_wr_a.gen_word_narrow.mem_reg             |      16384 |     BLOCK |             |  A:A:512x16            |  B:B:512x16            |
| FAILED_RECORD_STORE/GEN_R1H_RECORD_BANK[0].R1H_RECORD_PAYLOAD_RAM/xpm_memory_base_inst/gen_wr_a.gen_word_narrow.mem      |       2048 |           | RAM_SDP     | 512x32                 | 512x32                 |
|  FAILED_RECORD_STORE/GEN_R1H_RECORD_BANK[0].R1H_RECORD_PAYLOAD_RAM/xpm_memory_base_inst/gen_wr_a.gen_word_narrow.mem_reg |      16384 |     BLOCK |             |  B:B:64x32             |  A:A:64x32             |
| FAILED_RECORD_STORE/GEN_R1H_RECORD_BANK[1].R1H_RECORD_PAYLOAD_RAM/xpm_memory_base_inst/gen_wr_a.gen_word_narrow.mem      |       2048 |           | RAM_SDP     | 512x32                 | 512x32                 |
|  FAILED_RECORD_STORE/GEN_R1H_RECORD_BANK[1].R1H_RECORD_PAYLOAD_RAM/xpm_memory_base_inst/gen_wr_a.gen_word_narrow.mem_reg |      16384 |     BLOCK |             |  B:B:64x32             |  A:A:64x32             |
| FAILED_RECORD_STORE/GEN_R1H_RECORD_BANK[2].R1H_RECORD_PAYLOAD_RAM/xpm_memory_base_inst/gen_wr_a.gen_word_narrow.mem      |       2048 |           | RAM_SDP     | 512x32                 | 512x32                 |
|  FAILED_RECORD_STORE/GEN_R1H_RECORD_BANK[2].R1H_RECORD_PAYLOAD_RAM/xpm_memory_base_inst/gen_wr_a.gen_word_narrow.mem_reg |      16384 |     BLOCK |             |  B:B:64x32             |  A:A:64x32             |
| FAILED_RECORD_STORE/GEN_R1H_RECORD_BANK[3].R1H_RECORD_PAYLOAD_RAM/xpm_memory_base_inst/gen_wr_a.gen_word_narrow.mem      |       2048 |           | RAM_SDP     | 512x32                 | 512x32                 |
|  FAILED_RECORD_STORE/GEN_R1H_RECORD_BANK[3].R1H_RECORD_PAYLOAD_RAM/xpm_memory_base_inst/gen_wr_a.gen_word_narrow.mem_reg |      16384 |     BLOCK |             |  B:B:64x32             |  A:A:64x32             |
| FAILED_RECORD_STORE/GEN_R1H_RECORD_BANK[4].R1H_RECORD_PAYLOAD_RAM/xpm_memory_base_inst/gen_wr_a.gen_word_narrow.mem      |       2048 |           | RAM_SDP     | 512x32                 | 512x32                 |
|  FAILED_RECORD_STORE/GEN_R1H_RECORD_BANK[4].R1H_RECORD_PAYLOAD_RAM/xpm_memory_base_inst/gen_wr_a.gen_word_narrow.mem_reg |      16384 |     BLOCK |             |  B:B:64x32             |  A:A:64x32             |
| FAILED_RECORD_STORE/GEN_R1H_RECORD_BANK[5].R1H_RECORD_PAYLOAD_RAM/xpm_memory_base_inst/gen_wr_a.gen_word_narrow.mem      |       2048 |           | RAM_SDP     | 512x32                 | 512x32                 |
|  FAILED_RECORD_STORE/GEN_R1H_RECORD_BANK[5].R1H_RECORD_PAYLOAD_RAM/xpm_memory_base_inst/gen_wr_a.gen_word_narrow.mem_reg |      16384 |     BLOCK |             |  B:B:64x32             |  A:A:64x32             |
+--------------------------------------------------------------------------------------------------------------------------+------------+-----------+-------------+------------------------+------------------------+


3. Memory Utilization - Inferred
--------------------------------

+--------------------------------------------------------------------------------------------------------------------------+-----------+-----------+----------------+-----------+-----------+---------+---------------+---------------+---------+---------------+---------------+---------+---------------+---------------+---------+---------------+---------------+
| Memory Name                                                                                                              | Primitive | RAM STYLE | Available Bits | Used Bits | Bit Util% | A Depth | A Depth Avail | A Depth Util% | A Width | A Width Avail | A Width Util% | B Depth | B Depth Avail | B Depth Util% | B Width | B Width Avail | B Width Util% |
+--------------------------------------------------------------------------------------------------------------------------+-----------+-----------+----------------+-----------+-----------+---------+---------------+---------------+---------+---------------+---------------+---------+---------------+---------------+---------+---------------+---------------+
| PROBE_INDEX_STORE/GEN_INDEX_BRAM[0].INDEX_PAYLOAD_RAM/xpm_memory_base_inst/gen_wr_a.gen_word_narrow.mem                  |           |           |                |           |           |         |               |               |         |               |               |         |               |               |         |               |               |
|  PROBE_INDEX_STORE/GEN_INDEX_BRAM[0].INDEX_PAYLOAD_RAM/xpm_memory_base_inst/gen_wr_a.gen_word_narrow.mem_reg             | RAMB18E1  |     BLOCK |          18432 |      8192 |     44.44 |     512 |          1024 |         50.00 |      16 |            18 |         88.89 |     512 |          1024 |         50.00 |      16 |            18 |         88.89 |
| PROBE_INDEX_STORE/GEN_INDEX_BRAM[1].INDEX_PAYLOAD_RAM/xpm_memory_base_inst/gen_wr_a.gen_word_narrow.mem                  |           |           |                |           |           |         |               |               |         |               |               |         |               |               |         |               |               |
|  PROBE_INDEX_STORE/GEN_INDEX_BRAM[1].INDEX_PAYLOAD_RAM/xpm_memory_base_inst/gen_wr_a.gen_word_narrow.mem_reg             | RAMB18E1  |     BLOCK |          18432 |      8192 |     44.44 |     512 |          1024 |         50.00 |      16 |            18 |         88.89 |     512 |          1024 |         50.00 |      16 |            18 |         88.89 |
| PROBE_INDEX_STORE/GEN_INDEX_BRAM[2].INDEX_PAYLOAD_RAM/xpm_memory_base_inst/gen_wr_a.gen_word_narrow.mem                  |           |           |                |           |           |         |               |               |         |               |               |         |               |               |         |               |               |
|  PROBE_INDEX_STORE/GEN_INDEX_BRAM[2].INDEX_PAYLOAD_RAM/xpm_memory_base_inst/gen_wr_a.gen_word_narrow.mem_reg             | RAMB18E1  |     BLOCK |          18432 |      8192 |     44.44 |     512 |          1024 |         50.00 |      16 |            18 |         88.89 |     512 |          1024 |         50.00 |      16 |            18 |         88.89 |
| FAILED_RECORD_STORE/GEN_R1H_RECORD_BANK[0].R1H_RECORD_PAYLOAD_RAM/xpm_memory_base_inst/gen_wr_a.gen_word_narrow.mem      |           |           |                |           |           |         |               |               |         |               |               |         |               |               |         |               |               |
|  FAILED_RECORD_STORE/GEN_R1H_RECORD_BANK[0].R1H_RECORD_PAYLOAD_RAM/xpm_memory_base_inst/gen_wr_a.gen_word_narrow.mem_reg | RAMB18E1  |     BLOCK |          18432 |      2048 |     11.11 |      64 |           512 |         12.50 |      32 |            36 |         88.89 |      64 |           512 |         12.50 |      32 |            36 |         88.89 |
| FAILED_RECORD_STORE/GEN_R1H_RECORD_BANK[1].R1H_RECORD_PAYLOAD_RAM/xpm_memory_base_inst/gen_wr_a.gen_word_narrow.mem      |           |           |                |           |           |         |               |               |         |               |               |         |               |               |         |               |               |
|  FAILED_RECORD_STORE/GEN_R1H_RECORD_BANK[1].R1H_RECORD_PAYLOAD_RAM/xpm_memory_base_inst/gen_wr_a.gen_word_narrow.mem_reg | RAMB18E1  |     BLOCK |          18432 |      2048 |     11.11 |      64 |           512 |         12.50 |      32 |            36 |         88.89 |      64 |           512 |         12.50 |      32 |            36 |         88.89 |
| FAILED_RECORD_STORE/GEN_R1H_RECORD_BANK[2].R1H_RECORD_PAYLOAD_RAM/xpm_memory_base_inst/gen_wr_a.gen_word_narrow.mem      |           |           |                |           |           |         |               |               |         |               |               |         |               |               |         |               |               |
|  FAILED_RECORD_STORE/GEN_R1H_RECORD_BANK[2].R1H_RECORD_PAYLOAD_RAM/xpm_memory_base_inst/gen_wr_a.gen_word_narrow.mem_reg | RAMB18E1  |     BLOCK |          18432 |      2048 |     11.11 |      64 |           512 |         12.50 |      32 |            36 |         88.89 |      64 |           512 |         12.50 |      32 |            36 |         88.89 |
| FAILED_RECORD_STORE/GEN_R1H_RECORD_BANK[3].R1H_RECORD_PAYLOAD_RAM/xpm_memory_base_inst/gen_wr_a.gen_word_narrow.mem      |           |           |                |           |           |         |               |               |         |               |               |         |               |               |         |               |               |
|  FAILED_RECORD_STORE/GEN_R1H_RECORD_BANK[3].R1H_RECORD_PAYLOAD_RAM/xpm_memory_base_inst/gen_wr_a.gen_word_narrow.mem_reg | RAMB18E1  |     BLOCK |          18432 |      2048 |     11.11 |      64 |           512 |         12.50 |      32 |            36 |         88.89 |      64 |           512 |         12.50 |      32 |            36 |         88.89 |
| FAILED_RECORD_STORE/GEN_R1H_RECORD_BANK[4].R1H_RECORD_PAYLOAD_RAM/xpm_memory_base_inst/gen_wr_a.gen_word_narrow.mem      |           |           |                |           |           |         |               |               |         |               |               |         |               |               |         |               |               |
|  FAILED_RECORD_STORE/GEN_R1H_RECORD_BANK[4].R1H_RECORD_PAYLOAD_RAM/xpm_memory_base_inst/gen_wr_a.gen_word_narrow.mem_reg | RAMB18E1  |     BLOCK |          18432 |      2048 |     11.11 |      64 |           512 |         12.50 |      32 |            36 |         88.89 |      64 |           512 |         12.50 |      32 |            36 |         88.89 |
| FAILED_RECORD_STORE/GEN_R1H_RECORD_BANK[5].R1H_RECORD_PAYLOAD_RAM/xpm_memory_base_inst/gen_wr_a.gen_word_narrow.mem      |           |           |                |           |           |         |               |               |         |               |               |         |               |               |         |               |               |
|  FAILED_RECORD_STORE/GEN_R1H_RECORD_BANK[5].R1H_RECORD_PAYLOAD_RAM/xpm_memory_base_inst/gen_wr_a.gen_word_narrow.mem_reg | RAMB18E1  |     BLOCK |          18432 |      2048 |     11.11 |      64 |           512 |         12.50 |      32 |            36 |         88.89 |      64 |           512 |         12.50 |      32 |            36 |         88.89 |
+--------------------------------------------------------------------------------------------------------------------------+-----------+-----------+----------------+-----------+-----------+---------+---------------+---------------+---------+---------------+---------------+---------+---------------+---------------+---------+---------------+---------------+


4. Memory Performance - Inferred
--------------------------------

+--------------------------------------------------------------------------------------------------------------------------+-----------+------------------------+------------------------+-------------+-------------------------+-------------+-------------------------+-----------+--------+--------+---------+-----------+--------+--------+---------+
| Memory Name                                                                                                              | Primitive | Port 1 Dimension / Map | Port 2 Dimension / Map | Port A Type | Port A Requirement (ns) | Port B Type | Port B Requirement (ns) | A Cascade | IREG_A | OREG_A | DOA_REG | B Cascade | IREG_B | OREG_B | DOB_REG |
+--------------------------------------------------------------------------------------------------------------------------+-----------+------------------------+------------------------+-------------+-------------------------+-------------+-------------------------+-----------+--------+--------+---------+-----------+--------+--------+---------+
| PROBE_INDEX_STORE/GEN_INDEX_BRAM[0].INDEX_PAYLOAD_RAM/xpm_memory_base_inst/gen_wr_a.gen_word_narrow.mem                  |           | 1024x16                | 1024x16                |             |                         |             |                         |           |        |        |         |           |        |        |         |
|  PROBE_INDEX_STORE/GEN_INDEX_BRAM[0].INDEX_PAYLOAD_RAM/xpm_memory_base_inst/gen_wr_a.gen_word_narrow.mem_reg             | RAMB18E1  |  A:A:512x16            |  B:B:512x16            |       Write |                     0.0 |        Read |                     0.0 |           |        |        |       0 |           |        |        |       0 |
| PROBE_INDEX_STORE/GEN_INDEX_BRAM[1].INDEX_PAYLOAD_RAM/xpm_memory_base_inst/gen_wr_a.gen_word_narrow.mem                  |           | 1024x16                | 1024x16                |             |                         |             |                         |           |        |        |         |           |        |        |         |
|  PROBE_INDEX_STORE/GEN_INDEX_BRAM[1].INDEX_PAYLOAD_RAM/xpm_memory_base_inst/gen_wr_a.gen_word_narrow.mem_reg             | RAMB18E1  |  A:A:512x16            |  B:B:512x16            |       Write |                     0.0 |        Read |                     0.0 |           |        |        |       0 |           |        |        |       0 |
| PROBE_INDEX_STORE/GEN_INDEX_BRAM[2].INDEX_PAYLOAD_RAM/xpm_memory_base_inst/gen_wr_a.gen_word_narrow.mem                  |           | 1024x16                | 1024x16                |             |                         |             |                         |           |        |        |         |           |        |        |         |
|  PROBE_INDEX_STORE/GEN_INDEX_BRAM[2].INDEX_PAYLOAD_RAM/xpm_memory_base_inst/gen_wr_a.gen_word_narrow.mem_reg             | RAMB18E1  |  A:A:512x16            |  B:B:512x16            |       Write |                     0.0 |        Read |                     0.0 |           |        |        |       0 |           |        |        |       0 |
| FAILED_RECORD_STORE/GEN_R1H_RECORD_BANK[0].R1H_RECORD_PAYLOAD_RAM/xpm_memory_base_inst/gen_wr_a.gen_word_narrow.mem      |           | 512x32                 | 512x32                 |             |                         |             |                         |           |        |        |         |           |        |        |         |
|  FAILED_RECORD_STORE/GEN_R1H_RECORD_BANK[0].R1H_RECORD_PAYLOAD_RAM/xpm_memory_base_inst/gen_wr_a.gen_word_narrow.mem_reg | RAMB18E1  |  B:B:64x32             |  A:A:64x32             |        Read |                     0.0 |       Write |                     0.0 |           |        |        |       0 |           |        |        |       0 |
| FAILED_RECORD_STORE/GEN_R1H_RECORD_BANK[1].R1H_RECORD_PAYLOAD_RAM/xpm_memory_base_inst/gen_wr_a.gen_word_narrow.mem      |           | 512x32                 | 512x32                 |             |                         |             |                         |           |        |        |         |           |        |        |         |
|  FAILED_RECORD_STORE/GEN_R1H_RECORD_BANK[1].R1H_RECORD_PAYLOAD_RAM/xpm_memory_base_inst/gen_wr_a.gen_word_narrow.mem_reg | RAMB18E1  |  B:B:64x32             |  A:A:64x32             |        Read |                     0.0 |       Write |                     0.0 |           |        |        |       0 |           |        |        |       0 |
| FAILED_RECORD_STORE/GEN_R1H_RECORD_BANK[2].R1H_RECORD_PAYLOAD_RAM/xpm_memory_base_inst/gen_wr_a.gen_word_narrow.mem      |           | 512x32                 | 512x32                 |             |                         |             |                         |           |        |        |         |           |        |        |         |
|  FAILED_RECORD_STORE/GEN_R1H_RECORD_BANK[2].R1H_RECORD_PAYLOAD_RAM/xpm_memory_base_inst/gen_wr_a.gen_word_narrow.mem_reg | RAMB18E1  |  B:B:64x32             |  A:A:64x32             |        Read |                     0.0 |       Write |                     0.0 |           |        |        |       0 |           |        |        |       0 |
| FAILED_RECORD_STORE/GEN_R1H_RECORD_BANK[3].R1H_RECORD_PAYLOAD_RAM/xpm_memory_base_inst/gen_wr_a.gen_word_narrow.mem      |           | 512x32                 | 512x32                 |             |                         |             |                         |           |        |        |         |           |        |        |         |
|  FAILED_RECORD_STORE/GEN_R1H_RECORD_BANK[3].R1H_RECORD_PAYLOAD_RAM/xpm_memory_base_inst/gen_wr_a.gen_word_narrow.mem_reg | RAMB18E1  |  B:B:64x32             |  A:A:64x32             |        Read |                     0.0 |       Write |                     0.0 |           |        |        |       0 |           |        |        |       0 |
| FAILED_RECORD_STORE/GEN_R1H_RECORD_BANK[4].R1H_RECORD_PAYLOAD_RAM/xpm_memory_base_inst/gen_wr_a.gen_word_narrow.mem      |           | 512x32                 | 512x32                 |             |                         |             |                         |           |        |        |         |           |        |        |         |
|  FAILED_RECORD_STORE/GEN_R1H_RECORD_BANK[4].R1H_RECORD_PAYLOAD_RAM/xpm_memory_base_inst/gen_wr_a.gen_word_narrow.mem_reg | RAMB18E1  |  B:B:64x32             |  A:A:64x32             |        Read |                     0.0 |       Write |                     0.0 |           |        |        |       0 |           |        |        |       0 |
| FAILED_RECORD_STORE/GEN_R1H_RECORD_BANK[5].R1H_RECORD_PAYLOAD_RAM/xpm_memory_base_inst/gen_wr_a.gen_word_narrow.mem      |           | 512x32                 | 512x32                 |             |                         |             |                         |           |        |        |         |           |        |        |         |
|  FAILED_RECORD_STORE/GEN_R1H_RECORD_BANK[5].R1H_RECORD_PAYLOAD_RAM/xpm_memory_base_inst/gen_wr_a.gen_word_narrow.mem_reg | RAMB18E1  |  B:B:64x32             |  A:A:64x32             |        Read |                     0.0 |       Write |                     0.0 |           |        |        |       0 |           |        |        |       0 |
+--------------------------------------------------------------------------------------------------------------------------+-----------+------------------------+------------------------+-------------+-------------------------+-------------+-------------------------+-----------+--------+--------+---------+-----------+--------+--------+---------+


5. Block Ram / URAM Memory Power - Inferred
-------------------------------------------

+--------------------------------------------------------------------------------------------------------------------------+-----------+------------------------+------------------------+--------------------+---------------+-------------------+-----------+--------------------+---------------+-------------------+-----------+
| Memory Name                                                                                                              | Primitive | Port 1 Dimension / Map | Port 2 Dimension / Map | Port A Power Gated | Port A Enable | Port A WRITE_MODE | A Cascade | Port B Power Gated | Port B Enable | Port B WRITE_MODE | B Cascade |
+--------------------------------------------------------------------------------------------------------------------------+-----------+------------------------+------------------------+--------------------+---------------+-------------------+-----------+--------------------+---------------+-------------------+-----------+
| PROBE_INDEX_STORE/GEN_INDEX_BRAM[0].INDEX_PAYLOAD_RAM/xpm_memory_base_inst/gen_wr_a.gen_word_narrow.mem                  |           | 1024x16                | 1024x16                |                    |               |                   |           |                    |               |                   |           |
|  PROBE_INDEX_STORE/GEN_INDEX_BRAM[0].INDEX_PAYLOAD_RAM/xpm_memory_base_inst/gen_wr_a.gen_word_narrow.mem_reg             | RAMB18E1  |  A:A:512x16            |  B:B:512x16            |                    |        SIGNAL |        READ_FIRST |           |                    |        SIGNAL |       WRITE_FIRST |           |
| PROBE_INDEX_STORE/GEN_INDEX_BRAM[1].INDEX_PAYLOAD_RAM/xpm_memory_base_inst/gen_wr_a.gen_word_narrow.mem                  |           | 1024x16                | 1024x16                |                    |               |                   |           |                    |               |                   |           |
|  PROBE_INDEX_STORE/GEN_INDEX_BRAM[1].INDEX_PAYLOAD_RAM/xpm_memory_base_inst/gen_wr_a.gen_word_narrow.mem_reg             | RAMB18E1  |  A:A:512x16            |  B:B:512x16            |                    |        SIGNAL |        READ_FIRST |           |                    |        SIGNAL |       WRITE_FIRST |           |
| PROBE_INDEX_STORE/GEN_INDEX_BRAM[2].INDEX_PAYLOAD_RAM/xpm_memory_base_inst/gen_wr_a.gen_word_narrow.mem                  |           | 1024x16                | 1024x16                |                    |               |                   |           |                    |               |                   |           |
|  PROBE_INDEX_STORE/GEN_INDEX_BRAM[2].INDEX_PAYLOAD_RAM/xpm_memory_base_inst/gen_wr_a.gen_word_narrow.mem_reg             | RAMB18E1  |  A:A:512x16            |  B:B:512x16            |                    |        SIGNAL |        READ_FIRST |           |                    |        SIGNAL |       WRITE_FIRST |           |
| FAILED_RECORD_STORE/GEN_R1H_RECORD_BANK[0].R1H_RECORD_PAYLOAD_RAM/xpm_memory_base_inst/gen_wr_a.gen_word_narrow.mem      |           | 512x32                 | 512x32                 |                    |               |                   |           |                    |               |                   |           |
|  FAILED_RECORD_STORE/GEN_R1H_RECORD_BANK[0].R1H_RECORD_PAYLOAD_RAM/xpm_memory_base_inst/gen_wr_a.gen_word_narrow.mem_reg | RAMB18E1  |  B:B:64x32             |  A:A:64x32             |                    |        SIGNAL |        READ_FIRST |           |                    |        SIGNAL |        READ_FIRST |           |
| FAILED_RECORD_STORE/GEN_R1H_RECORD_BANK[1].R1H_RECORD_PAYLOAD_RAM/xpm_memory_base_inst/gen_wr_a.gen_word_narrow.mem      |           | 512x32                 | 512x32                 |                    |               |                   |           |                    |               |                   |           |
|  FAILED_RECORD_STORE/GEN_R1H_RECORD_BANK[1].R1H_RECORD_PAYLOAD_RAM/xpm_memory_base_inst/gen_wr_a.gen_word_narrow.mem_reg | RAMB18E1  |  B:B:64x32             |  A:A:64x32             |                    |        SIGNAL |        READ_FIRST |           |                    |        SIGNAL |        READ_FIRST |           |
| FAILED_RECORD_STORE/GEN_R1H_RECORD_BANK[2].R1H_RECORD_PAYLOAD_RAM/xpm_memory_base_inst/gen_wr_a.gen_word_narrow.mem      |           | 512x32                 | 512x32                 |                    |               |                   |           |                    |               |                   |           |
|  FAILED_RECORD_STORE/GEN_R1H_RECORD_BANK[2].R1H_RECORD_PAYLOAD_RAM/xpm_memory_base_inst/gen_wr_a.gen_word_narrow.mem_reg | RAMB18E1  |  B:B:64x32             |  A:A:64x32             |                    |        SIGNAL |        READ_FIRST |           |                    |        SIGNAL |        READ_FIRST |           |
| FAILED_RECORD_STORE/GEN_R1H_RECORD_BANK[3].R1H_RECORD_PAYLOAD_RAM/xpm_memory_base_inst/gen_wr_a.gen_word_narrow.mem      |           | 512x32                 | 512x32                 |                    |               |                   |           |                    |               |                   |           |
|  FAILED_RECORD_STORE/GEN_R1H_RECORD_BANK[3].R1H_RECORD_PAYLOAD_RAM/xpm_memory_base_inst/gen_wr_a.gen_word_narrow.mem_reg | RAMB18E1  |  B:B:64x32             |  A:A:64x32             |                    |        SIGNAL |        READ_FIRST |           |                    |        SIGNAL |        READ_FIRST |           |
| FAILED_RECORD_STORE/GEN_R1H_RECORD_BANK[4].R1H_RECORD_PAYLOAD_RAM/xpm_memory_base_inst/gen_wr_a.gen_word_narrow.mem      |           | 512x32                 | 512x32                 |                    |               |                   |           |                    |               |                   |           |
|  FAILED_RECORD_STORE/GEN_R1H_RECORD_BANK[4].R1H_RECORD_PAYLOAD_RAM/xpm_memory_base_inst/gen_wr_a.gen_word_narrow.mem_reg | RAMB18E1  |  B:B:64x32             |  A:A:64x32             |                    |        SIGNAL |        READ_FIRST |           |                    |        SIGNAL |        READ_FIRST |           |
| FAILED_RECORD_STORE/GEN_R1H_RECORD_BANK[5].R1H_RECORD_PAYLOAD_RAM/xpm_memory_base_inst/gen_wr_a.gen_word_narrow.mem      |           | 512x32                 | 512x32                 |                    |               |                   |           |                    |               |                   |           |
|  FAILED_RECORD_STORE/GEN_R1H_RECORD_BANK[5].R1H_RECORD_PAYLOAD_RAM/xpm_memory_base_inst/gen_wr_a.gen_word_narrow.mem_reg | RAMB18E1  |  B:B:64x32             |  A:A:64x32             |                    |        SIGNAL |        READ_FIRST |           |                    |        SIGNAL |        READ_FIRST |           |
+--------------------------------------------------------------------------------------------------------------------------+-----------+------------------------+------------------------+--------------------+---------------+-------------------+-----------+--------------------+---------------+-------------------+-----------+


