Copyright 1986-2022 Xilinx, Inc. All Rights Reserved. Copyright 2022-2025 Advanced Micro Devices, Inc. All Rights Reserved.
------------------------------------------------------------------------------------------------------------------------------------------------------------------------------------------------------------
| Tool Version : Vivado v.2025.2 (win64) Build 6299465 Fri Nov 14 19:35:11 GMT 2025
| Date         : Mon Aug 24 23:31:03 2026
| Host         : NBLSUDUL running 64-bit major release  (build 9200)
| Command      : report_utilization -hierarchical -hierarchical_depth 10 -file C:/FPGA/V41_NVP_R1H_BRAM_BACKED_LARGE_SAMPLE/05_EQUIVALENCE_AND_SIMULATION/memory_inference_ooc/utilization_hierarchical.rpt
| Design       : r1h_memory_inference_top
| Device       : xc7a35tcsg325-2
| Speed File   : -2
| Design State : Synthesized
------------------------------------------------------------------------------------------------------------------------------------------------------------------------------------------------------------

Utilization Design Information

Table of Contents
-----------------
1. Utilization by Hierarchy

1. Utilization by Hierarchy
---------------------------

+--------------------------+---------------------------+------------+------------+---------+------+-----+--------+--------+------------+
|         Instance         |           Module          | Total LUTs | Logic LUTs | LUTRAMs | SRLs | FFs | RAMB36 | RAMB18 | DSP Blocks |
+--------------------------+---------------------------+------------+------------+---------+------+-----+--------+--------+------------+
| r1h_memory_inference_top |                     (top) |        138 |        138 |       0 |    0 |  84 |      0 |      9 |          0 |
|   (FAILED_RECORD_STORE)  | v41_r1f_failed_txn_logger |        107 |        107 |       0 |    0 |  81 |      0 |      0 |          0 |
+--------------------------+---------------------------+------------+------------+---------+------+-----+--------+--------+------------+


