UTC_START=2026-08-22T07:27:05.0892662Z
UTC_END=2026-08-22T07:27:06.1387764Z
EVIDENCE_KIND=BAR_GEOMETRY
RESULT=PASS
EXIT_CODE=0
ARGUMENT_TOKEN_AUDIT=PASS
PLINK_PW_OPTION_USED=NO
PLINK_PWFILE_OPTION_USED=YES
USERNAME_ROLE_OCCURRENCE=YES_AUTHORIZED
PASSWORD_ROLE_ARGUMENT_OCCURRENCE=NO
REMOTE_COMMAND_SHARED_LITERAL=NO
INHERITED_ENVIRONMENT_AUDIT=PASS
PWFILE_CREATED=YES
PWFILE_DELETED=YES
STDOUT_BEGIN
BAR0_START_HEX=00000000f6e00000
BAR0_END_HEX=00000000f6e1ffff
BAR0_BYTES=131072
BAR1_START_HEX=00000000f6e20000
BAR1_END_HEX=00000000f6e2ffff
BAR1_BYTES=65536
BAR_GEOMETRY_READ_ONLY=YES
STDOUT_END
STDERR_BEGIN

STDERR_END
