UTC_START=2026-08-22T07:27:33.3840055Z
UTC_END=2026-08-22T07:27:35.7020731Z
EVIDENCE_KIND=TELEMETRY
RESULT=PASS
EXIT_CODE=0
ARGUMENT_TOKEN_AUDIT=PASS
PLINK_PW_OPTION_USED=NO
PLINK_PWFILE_OPTION_USED=YES
USERNAME_ROLE_OCCURRENCE=YES_AUTHORIZED
PASSWORD_ROLE_ARGUMENT_OCCURRENCE=NO
REMOTE_COMMAND_SHARED_LITERAL=NO
INHERITED_ENVIRONMENT_AUDIT=PASS
PWFILE_CREATED=YES
PWFILE_DELETED=YES
STDOUT_BEGIN
READER_PATH=/home/vcdeagent1/FPGA_AHD_HOST/phase2_precheck_accepted/xdma_axil_read
READER_SHA256=808aa85670ccebd288de6ea7ee05bef303272a6e555273e763d75dc45b68351e
BOOT_ID_BEFORE=b9d58c87-6574-4596-8ff9-b61052ba26dc
RAW_BEGIN=IDENTITY_BLOCK_ID
XDMA_USER_NODE=/dev/xdma0_user
AXI_LITE_OFFSET=0x00000000
AXI_LITE_OBSERVED=0xA40A0C07
AXI_LITE_EXPECTED=0xA40A0C07
AXI_LITE_READ_RESULT=PASS
RAW_END=IDENTITY_BLOCK_ID
IDENTITY_FIELD=BLOCK_ID OFFSET=0x00000000 VALUE=0xA40A0C07 EXPECTED=0xA40A0C07 READER_RC=0
RAW_BEGIN=IDENTITY_PROTOCOL
XDMA_USER_NODE=/dev/xdma0_user
AXI_LITE_OFFSET=0x00000004
AXI_LITE_OBSERVED=0x0000400B
AXI_LITE_EXPECTED=0x0000400B
AXI_LITE_READ_RESULT=PASS
RAW_END=IDENTITY_PROTOCOL
IDENTITY_FIELD=PROTOCOL OFFSET=0x00000004 VALUE=0x0000400B EXPECTED=0x0000400B READER_RC=0
RAW_BEGIN=IDENTITY_CAPABILITIES
XDMA_USER_NODE=/dev/xdma0_user
AXI_LITE_OFFSET=0x00000008
AXI_LITE_OBSERVED=0x00031002
AXI_LITE_EXPECTED=0x00031002
AXI_LITE_READ_RESULT=PASS
RAW_END=IDENTITY_CAPABILITIES
IDENTITY_FIELD=CAPABILITIES OFFSET=0x00000008 VALUE=0x00031002 EXPECTED=0x00031002 READER_RC=0
RAW_BEGIN=IDENTITY_DIAGNOSTIC_MAGIC
XDMA_USER_NODE=/dev/xdma0_user
AXI_LITE_OFFSET=0x00002000
AXI_LITE_OBSERVED=0x00000000
AXI_LITE_EXPECTED=0x00000000
AXI_LITE_READ_RESULT=PASS
RAW_END=IDENTITY_DIAGNOSTIC_MAGIC
IDENTITY_FIELD=DIAGNOSTIC_MAGIC OFFSET=0x00002000 VALUE=0x00000000 EXPECTED=0x00000000 READER_RC=0
RAW_BEGIN=PROVENANCE_GIT_SHA_W0
XDMA_USER_NODE=/dev/xdma0_user
AXI_LITE_OFFSET=0x00000010
AXI_LITE_OBSERVED=0x00000000
AXI_LITE_EXPECTED=0x00000000
AXI_LITE_READ_RESULT=PASS
RAW_END=PROVENANCE_GIT_SHA_W0
PROVENANCE_FIELD=GIT_SHA_W0 OFFSET=0x00000010 VALUE=0x00000000 READER_RC=0
RAW_BEGIN=PROVENANCE_GIT_SHA_W1
XDMA_USER_NODE=/dev/xdma0_user
AXI_LITE_OFFSET=0x00000014
AXI_LITE_OBSERVED=0x00000000
AXI_LITE_EXPECTED=0x00000000
AXI_LITE_READ_RESULT=PASS
RAW_END=PROVENANCE_GIT_SHA_W1
PROVENANCE_FIELD=GIT_SHA_W1 OFFSET=0x00000014 VALUE=0x00000000 READER_RC=0
RAW_BEGIN=PROVENANCE_GIT_SHA_W2
XDMA_USER_NODE=/dev/xdma0_user
AXI_LITE_OFFSET=0x00000018
AXI_LITE_OBSERVED=0x00000000
AXI_LITE_EXPECTED=0x00000000
AXI_LITE_READ_RESULT=PASS
RAW_END=PROVENANCE_GIT_SHA_W2
PROVENANCE_FIELD=GIT_SHA_W2 OFFSET=0x00000018 VALUE=0x00000000 READER_RC=0
RAW_BEGIN=PROVENANCE_GIT_SHA_W3
XDMA_USER_NODE=/dev/xdma0_user
AXI_LITE_OFFSET=0x0000001C
AXI_LITE_OBSERVED=0x00000000
AXI_LITE_EXPECTED=0x00000000
AXI_LITE_READ_RESULT=PASS
RAW_END=PROVENANCE_GIT_SHA_W3
PROVENANCE_FIELD=GIT_SHA_W3 OFFSET=0x0000001C VALUE=0x00000000 READER_RC=0
RAW_BEGIN=PROVENANCE_GIT_SHA_W4
XDMA_USER_NODE=/dev/xdma0_user
AXI_LITE_OFFSET=0x00000020
AXI_LITE_OBSERVED=0x00000000
AXI_LITE_EXPECTED=0x00000000
AXI_LITE_READ_RESULT=PASS
RAW_END=PROVENANCE_GIT_SHA_W4
PROVENANCE_FIELD=GIT_SHA_W4 OFFSET=0x00000020 VALUE=0x00000000 READER_RC=0
RAW_BEGIN=PROVENANCE_BUILD_FLAGS
XDMA_USER_NODE=/dev/xdma0_user
AXI_LITE_OFFSET=0x0000002C
AXI_LITE_OBSERVED=0x00000000
AXI_LITE_EXPECTED=0x00000000
AXI_LITE_READ_RESULT=PASS
RAW_END=PROVENANCE_BUILD_FLAGS
PROVENANCE_FIELD=BUILD_FLAGS OFFSET=0x0000002C VALUE=0x00000000 READER_RC=0
SNAPSHOT_BEGIN=T0 UTC=2026-08-22T07:27:35.032211486Z
RAW_BEGIN=T0_FRAME
XDMA_USER_NODE=/dev/xdma0_user
AXI_LITE_OFFSET=0x00000060
AXI_LITE_OBSERVED=0x00000000
AXI_LITE_EXPECTED=0x00000000
AXI_LITE_READ_RESULT=PASS
RAW_END=T0_FRAME
SNAPSHOT=T0 FIELD=FRAME OFFSET=0x00000060 VALUE=0x00000000 READER_RC=0 READ_START_NS=1787383655035210323 READ_END_NS=1787383655040705989
RAW_BEGIN=T0_VCLK
XDMA_USER_NODE=/dev/xdma0_user
AXI_LITE_OFFSET=0x00000080
AXI_LITE_OBSERVED=0x507F4643
AXI_LITE_EXPECTED=0x00000000
AXI_LITE_READ_RESULT=FAIL
RAW_END=T0_VCLK
SNAPSHOT=T0 FIELD=VCLK OFFSET=0x00000080 VALUE=0x507F4643 READER_RC=3 READ_START_NS=1787383655044208567 READ_END_NS=1787383655049711586
RAW_BEGIN=T0_SAV
XDMA_USER_NODE=/dev/xdma0_user
AXI_LITE_OFFSET=0x00000084
AXI_LITE_OBSERVED=0x00000000
AXI_LITE_EXPECTED=0x00000000
AXI_LITE_READ_RESULT=PASS
RAW_END=T0_SAV
SNAPSHOT=T0 FIELD=SAV OFFSET=0x00000084 VALUE=0x00000000 READER_RC=0 READ_START_NS=1787383655053360515 READ_END_NS=1787383655058732261
RAW_BEGIN=T0_RECORD_COMMIT
XDMA_USER_NODE=/dev/xdma0_user
AXI_LITE_OFFSET=0x00000088
AXI_LITE_OBSERVED=0x00000000
AXI_LITE_EXPECTED=0x00000000
AXI_LITE_READ_RESULT=PASS
RAW_END=T0_RECORD_COMMIT
SNAPSHOT=T0 FIELD=RECORD_COMMIT OFFSET=0x00000088 VALUE=0x00000000 READER_RC=0 READ_START_NS=1787383655061709078 READ_END_NS=1787383655066985317
RAW_BEGIN=T0_STATUS
XDMA_USER_NODE=/dev/xdma0_user
AXI_LITE_OFFSET=0x0000008C
AXI_LITE_OBSERVED=0x000000FB
AXI_LITE_EXPECTED=0x00000000
AXI_LITE_READ_RESULT=FAIL
RAW_END=T0_STATUS
SNAPSHOT=T0 FIELD=STATUS OFFSET=0x0000008C VALUE=0x000000FB READER_RC=3 READ_START_NS=1787383655069983993 READ_END_NS=1787383655075369896
RAW_BEGIN=T0_NACK
XDMA_USER_NODE=/dev/xdma0_user
AXI_LITE_OFFSET=0x00000090
AXI_LITE_OBSERVED=0x00000013
AXI_LITE_EXPECTED=0x00000000
AXI_LITE_READ_RESULT=FAIL
RAW_END=T0_NACK
SNAPSHOT=T0 FIELD=NACK OFFSET=0x00000090 VALUE=0x00000013 READER_RC=3 READ_START_NS=1787383655078191174 READ_END_NS=1787383655083146891
RAW_BEGIN=T0_TIMEOUT
XDMA_USER_NODE=/dev/xdma0_user
AXI_LITE_OFFSET=0x00000094
AXI_LITE_OBSERVED=0x00000000
AXI_LITE_EXPECTED=0x00000000
AXI_LITE_READ_RESULT=PASS
RAW_END=T0_TIMEOUT
SNAPSHOT=T0 FIELD=TIMEOUT OFFSET=0x00000094 VALUE=0x00000000 READER_RC=0 READ_START_NS=1787383655086221438 READ_END_NS=1787383655091623800
RAW_BEGIN=T0_SUMMARY
XDMA_USER_NODE=/dev/xdma0_user
AXI_LITE_OFFSET=0x00000098
AXI_LITE_OBSERVED=0x00D608F9
AXI_LITE_EXPECTED=0x00000000
AXI_LITE_READ_RESULT=FAIL
RAW_END=T0_SUMMARY
SNAPSHOT=T0 FIELD=SUMMARY OFFSET=0x00000098 VALUE=0x00D608F9 READER_RC=3 READ_START_NS=1787383655094993924 READ_END_NS=1787383655100044937
RAW_BEGIN=T0_FIRST_ERROR
XDMA_USER_NODE=/dev/xdma0_user
AXI_LITE_OFFSET=0x0000009C
AXI_LITE_OBSERVED=0x80021200
AXI_LITE_EXPECTED=0x00000000
AXI_LITE_READ_RESULT=FAIL
RAW_END=T0_FIRST_ERROR
SNAPSHOT=T0 FIELD=FIRST_ERROR OFFSET=0x0000009C VALUE=0x80021200 READER_RC=3 READ_START_NS=1787383655102704195 READ_END_NS=1787383655107971599
RAW_BEGIN=T0_DETAIL0
XDMA_USER_NODE=/dev/xdma0_user
AXI_LITE_OFFSET=0x000000A0
AXI_LITE_OBSERVED=0x00D6F908
AXI_LITE_EXPECTED=0x00000000
AXI_LITE_READ_RESULT=FAIL
RAW_END=T0_DETAIL0
SNAPSHOT=T0 FIELD=DETAIL0 OFFSET=0x000000A0 VALUE=0x00D6F908 READER_RC=3 READ_START_NS=1787383655111159806 READ_END_NS=1787383655117221849
RAW_BEGIN=T0_DETAIL1
XDMA_USER_NODE=/dev/xdma0_user
AXI_LITE_OFFSET=0x000000A4
AXI_LITE_OBSERVED=0xFF0001FA
AXI_LITE_EXPECTED=0x00000000
AXI_LITE_READ_RESULT=FAIL
RAW_END=T0_DETAIL1
SNAPSHOT=T0 FIELD=DETAIL1 OFFSET=0x000000A4 VALUE=0xFF0001FA READER_RC=3 READ_START_NS=1787383655120580381 READ_END_NS=1787383655125554832
RAW_BEGIN=T0_DETAIL2
XDMA_USER_NODE=/dev/xdma0_user
AXI_LITE_OFFSET=0x000000A8
AXI_LITE_OBSERVED=0x02010000
AXI_LITE_EXPECTED=0x00000000
AXI_LITE_READ_RESULT=FAIL
RAW_END=T0_DETAIL2
SNAPSHOT=T0 FIELD=DETAIL2 OFFSET=0x000000A8 VALUE=0x02010000 READER_RC=3 READ_START_NS=1787383655128903266 READ_END_NS=1787383655133870824
RAW_BEGIN=T0_DETAIL3
XDMA_USER_NODE=/dev/xdma0_user
AXI_LITE_OFFSET=0x000000AC
AXI_LITE_OBSERVED=0x02580512
AXI_LITE_EXPECTED=0x00000000
AXI_LITE_READ_RESULT=FAIL
RAW_END=T0_DETAIL3
SNAPSHOT=T0 FIELD=DETAIL3 OFFSET=0x000000AC VALUE=0x02580512 READER_RC=3 READ_START_NS=1787383655137188290 READ_END_NS=1787383655142535060
RAW_BEGIN=T0_DETAIL4
XDMA_USER_NODE=/dev/xdma0_user
AXI_LITE_OFFSET=0x000000B0
AXI_LITE_OBSERVED=0x00000013
AXI_LITE_EXPECTED=0x00000000
AXI_LITE_READ_RESULT=FAIL
RAW_END=T0_DETAIL4
SNAPSHOT=T0 FIELD=DETAIL4 OFFSET=0x000000B0 VALUE=0x00000013 READER_RC=3 READ_START_NS=1787383655145808785 READ_END_NS=1787383655151733134
RAW_BEGIN=T0_DETAIL5
XDMA_USER_NODE=/dev/xdma0_user
AXI_LITE_OFFSET=0x000000B4
AXI_LITE_OBSERVED=0x05000000
AXI_LITE_EXPECTED=0x00000000
AXI_LITE_READ_RESULT=FAIL
RAW_END=T0_DETAIL5
SNAPSHOT=T0 FIELD=DETAIL5 OFFSET=0x000000B4 VALUE=0x05000000 READER_RC=3 READ_START_NS=1787383655154727352 READ_END_NS=1787383655161214091
SNAPSHOT_END=T0 UTC=2026-08-22T07:27:35.164337167Z
SNAPSHOT_BEGIN=T1 UTC=2026-08-22T07:27:36.171281094Z
RAW_BEGIN=T1_FRAME
XDMA_USER_NODE=/dev/xdma0_user
AXI_LITE_OFFSET=0x00000060
AXI_LITE_OBSERVED=0x00000000
AXI_LITE_EXPECTED=0x00000000
AXI_LITE_READ_RESULT=PASS
RAW_END=T1_FRAME
SNAPSHOT=T1 FIELD=FRAME OFFSET=0x00000060 VALUE=0x00000000 READER_RC=0 READ_START_NS=1787383656174794202 READ_END_NS=1787383656181809830
RAW_BEGIN=T1_VCLK
XDMA_USER_NODE=/dev/xdma0_user
AXI_LITE_OFFSET=0x00000080
AXI_LITE_OBSERVED=0x5A9970CC
AXI_LITE_EXPECTED=0x00000000
AXI_LITE_READ_RESULT=FAIL
RAW_END=T1_VCLK
SNAPSHOT=T1 FIELD=VCLK OFFSET=0x00000080 VALUE=0x5A9970CC READER_RC=3 READ_START_NS=1787383656185422302 READ_END_NS=1787383656191518499
RAW_BEGIN=T1_SAV
XDMA_USER_NODE=/dev/xdma0_user
AXI_LITE_OFFSET=0x00000084
AXI_LITE_OBSERVED=0x00000000
AXI_LITE_EXPECTED=0x00000000
AXI_LITE_READ_RESULT=PASS
RAW_END=T1_SAV
SNAPSHOT=T1 FIELD=SAV OFFSET=0x00000084 VALUE=0x00000000 READER_RC=0 READ_START_NS=1787383656194840203 READ_END_NS=1787383656200948341
RAW_BEGIN=T1_RECORD_COMMIT
XDMA_USER_NODE=/dev/xdma0_user
AXI_LITE_OFFSET=0x00000088
AXI_LITE_OBSERVED=0x00000000
AXI_LITE_EXPECTED=0x00000000
AXI_LITE_READ_RESULT=PASS
RAW_END=T1_RECORD_COMMIT
SNAPSHOT=T1 FIELD=RECORD_COMMIT OFFSET=0x00000088 VALUE=0x00000000 READER_RC=0 READ_START_NS=1787383656204196560 READ_END_NS=1787383656211202919
RAW_BEGIN=T1_STATUS
XDMA_USER_NODE=/dev/xdma0_user
AXI_LITE_OFFSET=0x0000008C
AXI_LITE_OBSERVED=0x000000FB
AXI_LITE_EXPECTED=0x00000000
AXI_LITE_READ_RESULT=FAIL
RAW_END=T1_STATUS
SNAPSHOT=T1 FIELD=STATUS OFFSET=0x0000008C VALUE=0x000000FB READER_RC=3 READ_START_NS=1787383656214206174 READ_END_NS=1787383656219870501
RAW_BEGIN=T1_NACK
XDMA_USER_NODE=/dev/xdma0_user
AXI_LITE_OFFSET=0x00000090
AXI_LITE_OBSERVED=0x00000013
AXI_LITE_EXPECTED=0x00000000
AXI_LITE_READ_RESULT=FAIL
RAW_END=T1_NACK
SNAPSHOT=T1 FIELD=NACK OFFSET=0x00000090 VALUE=0x00000013 READER_RC=3 READ_START_NS=1787383656222969704 READ_END_NS=1787383656228926232
RAW_BEGIN=T1_TIMEOUT
XDMA_USER_NODE=/dev/xdma0_user
AXI_LITE_OFFSET=0x00000094
AXI_LITE_OBSERVED=0x00000000
AXI_LITE_EXPECTED=0x00000000
AXI_LITE_READ_RESULT=PASS
RAW_END=T1_TIMEOUT
SNAPSHOT=T1 FIELD=TIMEOUT OFFSET=0x00000094 VALUE=0x00000000 READER_RC=0 READ_START_NS=1787383656232284564 READ_END_NS=1787383656238102355
RAW_BEGIN=T1_SUMMARY
XDMA_USER_NODE=/dev/xdma0_user
AXI_LITE_OFFSET=0x00000098
AXI_LITE_OBSERVED=0x00D608F9
AXI_LITE_EXPECTED=0x00000000
AXI_LITE_READ_RESULT=FAIL
RAW_END=T1_SUMMARY
SNAPSHOT=T1 FIELD=SUMMARY OFFSET=0x00000098 VALUE=0x00D608F9 READER_RC=3 READ_START_NS=1787383656240952066 READ_END_NS=1787383656246531436
RAW_BEGIN=T1_FIRST_ERROR
XDMA_USER_NODE=/dev/xdma0_user
AXI_LITE_OFFSET=0x0000009C
AXI_LITE_OBSERVED=0x80021200
AXI_LITE_EXPECTED=0x00000000
AXI_LITE_READ_RESULT=FAIL
RAW_END=T1_FIRST_ERROR
SNAPSHOT=T1 FIELD=FIRST_ERROR OFFSET=0x0000009C VALUE=0x80021200 READER_RC=3 READ_START_NS=1787383656249384533 READ_END_NS=1787383656254988098
RAW_BEGIN=T1_DETAIL0
XDMA_USER_NODE=/dev/xdma0_user
AXI_LITE_OFFSET=0x000000A0
AXI_LITE_OBSERVED=0x00D6F908
AXI_LITE_EXPECTED=0x00000000
AXI_LITE_READ_RESULT=FAIL
RAW_END=T1_DETAIL0
SNAPSHOT=T1 FIELD=DETAIL0 OFFSET=0x000000A0 VALUE=0x00D6F908 READER_RC=3 READ_START_NS=1787383656258195130 READ_END_NS=1787383656264048347
RAW_BEGIN=T1_DETAIL1
XDMA_USER_NODE=/dev/xdma0_user
AXI_LITE_OFFSET=0x000000A4
AXI_LITE_OBSERVED=0xFF0001FA
AXI_LITE_EXPECTED=0x00000000
AXI_LITE_READ_RESULT=FAIL
RAW_END=T1_DETAIL1
SNAPSHOT=T1 FIELD=DETAIL1 OFFSET=0x000000A4 VALUE=0xFF0001FA READER_RC=3 READ_START_NS=1787383656267020053 READ_END_NS=1787383656272454105
RAW_BEGIN=T1_DETAIL2
XDMA_USER_NODE=/dev/xdma0_user
AXI_LITE_OFFSET=0x000000A8
AXI_LITE_OBSERVED=0x02010000
AXI_LITE_EXPECTED=0x00000000
AXI_LITE_READ_RESULT=FAIL
RAW_END=T1_DETAIL2
SNAPSHOT=T1 FIELD=DETAIL2 OFFSET=0x000000A8 VALUE=0x02010000 READER_RC=3 READ_START_NS=1787383656275955221 READ_END_NS=1787383656282086021
RAW_BEGIN=T1_DETAIL3
XDMA_USER_NODE=/dev/xdma0_user
AXI_LITE_OFFSET=0x000000AC
AXI_LITE_OBSERVED=0x02580512
AXI_LITE_EXPECTED=0x00000000
AXI_LITE_READ_RESULT=FAIL
RAW_END=T1_DETAIL3
SNAPSHOT=T1 FIELD=DETAIL3 OFFSET=0x000000AC VALUE=0x02580512 READER_RC=3 READ_START_NS=1787383656285033993 READ_END_NS=1787383656290450933
RAW_BEGIN=T1_DETAIL4
XDMA_USER_NODE=/dev/xdma0_user
AXI_LITE_OFFSET=0x000000B0
AXI_LITE_OBSERVED=0x00000013
AXI_LITE_EXPECTED=0x00000000
AXI_LITE_READ_RESULT=FAIL
RAW_END=T1_DETAIL4
SNAPSHOT=T1 FIELD=DETAIL4 OFFSET=0x000000B0 VALUE=0x00000013 READER_RC=3 READ_START_NS=1787383656293321222 READ_END_NS=1787383656298502927
RAW_BEGIN=T1_DETAIL5
XDMA_USER_NODE=/dev/xdma0_user
AXI_LITE_OFFSET=0x000000B4
AXI_LITE_OBSERVED=0x05000000
AXI_LITE_EXPECTED=0x00000000
AXI_LITE_READ_RESULT=FAIL
RAW_END=T1_DETAIL5
SNAPSHOT=T1 FIELD=DETAIL5 OFFSET=0x000000B4 VALUE=0x05000000 READER_RC=3 READ_START_NS=1787383656301544873 READ_END_NS=1787383656307514215
SNAPSHOT_END=T1 UTC=2026-08-22T07:27:36.310820200Z
BOOT_ID_AFTER=b9d58c87-6574-4596-8ff9-b61052ba26dc
BOOT_ID_STABILITY=PASS
MMIO_READS_THIS_TRANSACTION=40
AXI_LITE_WRITES_THIS_TRANSACTION=0
C2H_TRANSFERS_THIS_TRANSACTION=0
H2C_TRANSFERS_THIS_TRANSACTION=0
TELEMETRY_READ_ONLY=YES
STDOUT_END
STDERR_BEGIN

STDERR_END
