
****** xsim v2025.2 (64-bit)
  **** SW Build 6299465 on Fri Nov 14 19:35:11 GMT 2025
  **** IP Build 6300035 on Fri Nov 14 10:48:45 MST 2025
  **** SharedData Build 6298862 on Thu Nov 13 04:50:51 MST 2025
  **** Start of session at: Tue Aug 25 00:13:51 2026
    ** Copyright 1986-2022 Xilinx, Inc. All Rights Reserved.
    ** Copyright 2022-2025 Advanced Micro Devices, Inc. All Rights Reserved.

source xsim.dir/candidate_preinit_snapshot/xsim_script.tcl
# xsim {candidate_preinit_snapshot} -autoloadwcfg -tclbatch {C:/FPGA/V41_NVP_R1H_BRAM_BACKED_LARGE_SAMPLE/05_EQUIVALENCE_AND_SIMULATION/scientific_equivalence/vhdl_matrix/preinit/candidate/run.tcl}
Time resolution is 1 ps
source C:/FPGA/V41_NVP_R1H_BRAM_BACKED_LARGE_SAMPLE/05_EQUIVALENCE_AND_SIMULATION/scientific_equivalence/vhdl_matrix/preinit/candidate/run.tcl
## run all
Note: PASS PRE_INIT_DONE_CYCLE_EQUIVALENCE
Time: 2121355816 ns  Iteration: 0  Process: /tb_r1f_preinit_equivalence/cycle_equivalence  File: C:/FPGA/WORKTREES/V41_NVP_R1H_BRAM_BACKED_LARGE_SAMPLE/tests/v41/tb_r1f_preinit_equivalence.vhd
Note: PASS AUTOINIT_TRANSACTION_STREAM_BYTE_IDENTICAL
Time: 2121355816 ns  Iteration: 0  Process: /tb_r1f_preinit_equivalence/cycle_equivalence  File: C:/FPGA/WORKTREES/V41_NVP_R1H_BRAM_BACKED_LARGE_SAMPLE/tests/v41/tb_r1f_preinit_equivalence.vhd
Note: PASS AUTOINIT_FUNCTIONAL_STATE_SEQUENCE_IDENTICAL
Time: 2121355816 ns  Iteration: 0  Process: /tb_r1f_preinit_equivalence/cycle_equivalence  File: C:/FPGA/WORKTREES/V41_NVP_R1H_BRAM_BACKED_LARGE_SAMPLE/tests/v41/tb_r1f_preinit_equivalence.vhd
$stop called at time : 2121355816 ns : File "C:/FPGA/WORKTREES/V41_NVP_R1H_BRAM_BACKED_LARGE_SAMPLE/tests/v41/tb_r1f_preinit_equivalence.vhd" Line 166
run: Time (s): cpu = 00:00:02 ; elapsed = 00:11:57 . Memory (MB): peak = 207.305 ; gain = 0.516
## quit
INFO: xsimkernel Simulation Memory Usage: 12960 KB (Peak: 12960 KB), Simulation CPU Usage: 706499 ms
INFO: [Common 17-206] Exiting xsim at Tue Aug 25 00:25:52 2026...
