
****** Vivado v2025.2 (64-bit)
  **** SW Build 6299465 on Fri Nov 14 19:35:11 GMT 2025
  **** IP Build 6300035 on Fri Nov 14 10:48:45 MST 2025
  **** SharedData Build 6298862 on Thu Nov 13 04:50:51 MST 2025
  **** Start of session at: Thu Sep  3 23:25:30 2026
    ** Copyright 1986-2022 Xilinx, Inc. All Rights Reserved.
    ** Copyright 2022-2025 Advanced Micro Devices, Inc. All Rights Reserved.

WARNING: [Runs 36-547] User Strategy 'Vivado Implementation Defaults' from file 'C:\Users\£ukasz Sudu³\AppData\Roaming/Xilinx/Vivado/2025.2/strategies/Vivado Implementation Defaults.Vivado Implementation 2025.psg' discarded because strategy with same name already parsed from 'C:/AMDDesignTools/2025.2/Vivado/strategies/VDI2025.psg'
INFO: [Common 17-1239] XILINX_LOCAL_USER_DATA is set to 'NO'.
INFO: [Common 17-748] XILINX_TCLAPP_REPO is set to 'C:/AMDDesignTools/2025.2/Vivado/data/XilinxTclStore'. Refresh XilinxTclStore catalog is disabled when XILINX_TCLAPP_REPO is set.
source {C:\FPGA\G2B_LUT1_RECOVERY3_RUNTIME\tools\G2B_LUT1_GROUPS15_17_WORKER.tcl}
# set EXPECTED_DCP_SHA256 EAE2DEF4B05A04241A36B79BEF154FB455A53DB91F8C6078FCFC75A30E2ACF83
# set EXPECTED_BASE_XDC_SHA256 3F7D8613AB3ECF579F3F1E7A09B1608602768D2B9C880CE3B755437081DF1F87
# set EXPECTED_BS3_CANDIDATE_XDC_SHA256 AE4BD91C1A8C3B1AF2FB9B0EA9A9382E9F618FD8E223BACF98E4468C10EAD087
# set EXPECTED_G13_CANDIDATE_XDC_SHA256 E941A6F4A8D435B7496892C189CAA4A67DC5A8B17FE3CC9EACB2B9F18091D312
# set EXPECTED_G14A_CANDIDATE_XDC_SHA256 094F7182116FC2A2C68479B8BDB6A6C2327F14DA6ABFEB244EC7F26D7BE2809A
# proc write_lines_atomic {path lines} {
#   file mkdir [file dirname $path]
#   set temporary [format {%s.%s.tmp} $path [pid]]
#   set handle [open $temporary w]
#   fconfigure $handle -encoding utf-8 -translation lf
#   foreach line $lines { puts $handle $line }
#   close $handle
#   file rename -force $temporary $path
# }
# proc write_text_atomic {path value} {
#   file mkdir [file dirname $path]
#   set temporary [format {%s.%s.tmp} $path [pid]]
#   set handle [open $temporary w]
#   fconfigure $handle -encoding utf-8 -translation lf
#   puts -nonewline $handle $value
#   close $handle
#   file rename -force $temporary $path
# }
# proc read_text {path} {
#   set handle [open $path r]
#   fconfigure $handle -encoding utf-8 -translation auto
#   set value [read $handle]
#   close $handle
#   return $value
# }
# proc safe_value {value} {
#   return [string map [list "\r" {\r} "\n" {\n} "=" {:}] $value]
# }
# proc sha256_file {path} {
#   if {![file isfile $path]} { error "file is absent for SHA-256: $path" }
#   set output [exec certutil.exe -hashfile [file nativename $path] SHA256]
#   foreach line [split $output "\n"] {
#     set candidate [string toupper \
#         [string map [list " " "" "\t" "" "\r" ""] [string trim $line]]]
#     if {[regexp {^[0-9A-F]{64}$} $candidate]} { return $candidate }
#   }
#   error "SHA-256 unavailable for $path"
# }
# proc count_xdc_command_lines {text command_name} {
#   set expression [format {^[ \t]*%s(?:[ \t]|$)} $command_name]
#   return [regexp -all -line $expression $text]
# }
# proc derive_bus_skew_free_base {base_text output_path} {
#   set kept [list]
#   set removed 0
#   foreach line [split $base_text "\n"] {
#     if {[regexp {^[ \t]*set_bus_skew(?:[ \t]|$)} $line]} {
#       if {[regexp {\\[ \t]*$} $line]} {
#         error "base XDC contains a continued set_bus_skew command"
#       }
#       incr removed
#       continue
#     }
#     lappend kept $line
#   }
#   if {$removed != 15} {
#     error "full base did not remove exactly 15 bus-skew commands: $removed"
#   }
#   set derived_text [join $kept "\n"]
#   if {[count_xdc_command_lines $derived_text set_bus_skew] != 0} {
#     error "worker-local query base still contains set_bus_skew"
#   }
#   write_text_atomic $output_path $derived_text
#   return $removed
# }
# proc derive_active_base_without_group14 {base_text output_path} {
#   set kept [list]
#   set removed 0
#   foreach line [split $base_text "\n"] {
#     if {[regexp {^[ \t]*set_bus_skew(?:[ \t]|$)} $line] &&
#         [string first {release_generation_axi_reg[0]} $line] >= 0 &&
#         [string first {release_epoch_axi_reg[0]} $line] >= 0} {
#       if {[regexp {\\[ \t]*$} $line]} {
#         error "base XDC contains a continued Group-14 set_bus_skew command"
#       }
#       incr removed
#       continue
#     }
#     lappend kept $line
#   }
#   if {$removed != 1} {
#     error "active base did not remove exactly the one retired Group-14 bus-skew command: $removed"
#   }
#   set derived_text [join $kept "\n"]
#   if {[count_xdc_command_lines $derived_text set_bus_skew] != 14} {
#     error "active base bus-skew command count is not 14"
#   }
#   write_text_atomic $output_path $derived_text
#   return $removed
# }
# proc clock_signature {} {
#   set rows [list]
#   foreach clock [lsort -dictionary [get_clocks -quiet]] {
#     lappend rows "[get_property NAME $clock]|[get_property PERIOD $clock]|[get_property WAVEFORM $clock]"
#   }
#   if {[llength $rows] == 0} { error "routed clock signature is empty" }
#   return [join $rows "\n"]
# }
# proc route_signature {} {
#   return [list \
#     [report_route_status -boolean_check ROUTED_FULLY] \
#     [report_route_status -boolean_check ERRORS_IN_ROUTES] \
#     [llength [report_route_status -return_nets -route_type UNROUTED]] \
#     [llength [report_route_status -return_nets -route_type PARTIAL]]]
# }
# proc sequential_cells {pattern} {
#   return [filter [get_cells -quiet -hier -regexp $pattern] {IS_SEQUENTIAL == 1}]
# }
# proc sorted_object_names {objects} {
#   set names [list]
#   foreach object $objects { lappend names [get_property NAME $object] }
#   set unique_names [lsort -dictionary -unique $names]
#   if {[llength $unique_names] != [llength $names]} {
#     error "duplicate objects resolved in collection"
#   }
#   return $unique_names
# }
# proc resolve_bus_skew_group {group_id} {
#   if {$group_id < 15 || $group_id > 17} {
#     error "Recovery-3 worker accepts only Groups 15, 16, and 17; requested group=$group_id"
#   }
#   set slot [expr {$group_id - 14}]
#   set name "RELEASE_SLOT_[set slot]_AXI_TO_SOURCE"
#   set sources [sequential_cells ".*G2B_ONECH_C2H/(release_generation_axi|release_epoch_axi)_reg\\\[$slot\\\].*"]
#   set destinations [sequential_cells {.*G2B_ONECH_C2H/(slot_state_source|release_seen_source|source_ownership_fatal|source_ownership_fatal_event|source_ownership_fatal_deferred|enable_applied_source)_reg.*}]
#   return [list $name $sources $destinations 56 20]
# }
# proc parse_compact_metric {report_path label} {
#   set rows [list]
#   set report_text [read_text $report_path]
#   foreach line [split $report_text "\n"] {
#     if {[regexp {(?:^|[ \t])(Slow|Fast)[ \t]+(-?[0-9]+(?:\.[0-9]+)?)[ \t]+(-?[0-9]+(?:\.[0-9]+)?)[ \t]+(-?[0-9]+(?:\.[0-9]+)?)[ \t]*$} \
#         $line -> corner requirement actual slack]} {
#       lappend rows [list $corner $requirement $actual $slack]
#     }
#   }
#   if {[llength $rows] != 1} {
#     error "$label metric-row count failed: [llength $rows]"
#   }
#   lassign [lindex $rows 0] corner requirement actual slack
#   if {![string is double -strict $requirement] ||
#       ![string is double -strict $actual] ||
#       ![string is double -strict $slack] ||
#       abs($requirement - 3.000) > 0.0005} {
#     error "$label metric is invalid: requirement=$requirement actual=$actual slack=$slack"
#   }
#   set negative_display [string match {-*} $slack]
#   set violation_marker \
#       [regexp -nocase {Slack[ \t]*\([ \t]*VIOLATED[ \t]*\)} $report_text]
#   return [list $corner $requirement $actual $slack \
#       $negative_display $violation_marker]
# }
# proc require_promoted_candidate_collections {} {
#   foreach variable_name {
#     g2b_bs3_ownership_slot_src
#     g2b_bs3_ownership_generation_src
#     g2b_bs3_ownership_epoch_src
#     g2b_bs3_ownership_payload_dst_cells
#     g2b_bs3_ownership_payload_dst_d
#     g2b_g13a_abandoned_src
#     g2b_g13a_commit_phase_src
#     g2b_g13a_abandoned_dst_cells
#     g2b_g13a_all_dst_cells
#     g2b_g13a_abandoned_dst_d
#     g2b_g13a_all_dst_d
#     g2b_g14a_release_generation_src
#     g2b_g14a_release_epoch_src
#     g2b_g14a_release_payload_src
#     g2b_g14a_release_state_dst_cells
#     g2b_g14a_release_fault_dst_cells
#     g2b_g14a_release_reset_dst_cells
#   } {
#     if {![uplevel 1 [list info exists $variable_name]]} {
#       error "promoted candidate collection is absent: $variable_name"
#     }
#   }
#   set bs3_counts [list \
#       [llength [uplevel 1 {set g2b_bs3_ownership_slot_src}]] \
#       [llength [uplevel 1 {set g2b_bs3_ownership_generation_src}]] \
#       [llength [uplevel 1 {set g2b_bs3_ownership_epoch_src}]] \
#       [llength [uplevel 1 {set g2b_bs3_ownership_payload_dst_cells}]] \
#       [llength [uplevel 1 {set g2b_bs3_ownership_payload_dst_d}]]]
#   if {$bs3_counts ne [list 2 24 32 17 17]} {
#     error "BS3 candidate collection count drift: $bs3_counts"
#   }
#   set g13_counts [list \
#       [llength [uplevel 1 {set g2b_g13a_abandoned_src}]] \
#       [llength [uplevel 1 {set g2b_g13a_commit_phase_src}]] \
#       [llength [uplevel 1 {set g2b_g13a_abandoned_dst_cells}]] \
#       [llength [uplevel 1 {set g2b_g13a_all_dst_cells}]] \
#       [llength [uplevel 1 {set g2b_g13a_abandoned_dst_d}]] \
#       [llength [uplevel 1 {set g2b_g13a_all_dst_d}]]]
#   if {$g13_counts ne [list 3 4 32 207 32 207]} {
#     error "G13-A candidate collection count drift: $g13_counts"
#   }
#   set g14_counts [list \
#       [llength [uplevel 1 {set g2b_g14a_release_generation_src}]] \
#       [llength [uplevel 1 {set g2b_g14a_release_epoch_src}]] \
#       [llength [uplevel 1 {set g2b_g14a_release_payload_src}]] \
#       [llength [uplevel 1 {set g2b_g14a_release_state_dst_cells}]] \
#       [llength [uplevel 1 {set g2b_g14a_release_fault_dst_cells}]] \
#       [llength [uplevel 1 {set g2b_g14a_release_reset_dst_cells}]]]
#   if {$g14_counts ne [list 24 32 56 3 4 3]} {
#     error "G14-A candidate collection count drift: $g14_counts"
#   }
#   return [list $bs3_counts $g13_counts $g14_counts]
# }
# proc main {checkpoint base_xdc bs3_candidate_xdc g13_candidate_xdc g14a_candidate_xdc output_dir group_id expected_worker_sha} {
#   global EXPECTED_DCP_SHA256 EXPECTED_BASE_XDC_SHA256
#   global EXPECTED_BS3_CANDIDATE_XDC_SHA256 EXPECTED_G13_CANDIDATE_XDC_SHA256
#   global EXPECTED_G14A_CANDIDATE_XDC_SHA256
#   global result_path selected_name selected_state
# 
#   if {![string is integer -strict $group_id] || $group_id < 15 || $group_id > 17} {
#     error "governed worker group_id must be 15..17"
#   }
#   foreach required [list $checkpoint $base_xdc $bs3_candidate_xdc \
#       $g13_candidate_xdc $g14a_candidate_xdc [info script]] {
#     if {![file isfile $required]} { error "required file is absent: $required" }
#   }
#   if {[sha256_file [info script]] ne $expected_worker_sha} {
#     error "worker Tcl changed after orchestration seal"
#   }
#   if {[sha256_file $checkpoint] ne $EXPECTED_DCP_SHA256} {
#     error "sealed routed DCP hash mismatch"
#   }
#   if {[sha256_file $base_xdc] ne $EXPECTED_BASE_XDC_SHA256} {
#     error "base-without-Group9/Group13 XDC hash mismatch"
#   }
#   if {[sha256_file $bs3_candidate_xdc] ne $EXPECTED_BS3_CANDIDATE_XDC_SHA256} {
#     error "BS3 candidate XDC hash mismatch"
#   }
#   if {[sha256_file $g13_candidate_xdc] ne $EXPECTED_G13_CANDIDATE_XDC_SHA256} {
#     error "G13-A candidate XDC hash mismatch"
#   }
#   if {[sha256_file $g14a_candidate_xdc] ne $EXPECTED_G14A_CANDIDATE_XDC_SHA256} {
#     error "G14-A candidate XDC hash mismatch"
#   }
#   if {![info exists ::env(XILINX_LOCAL_USER_DATA)] ||
#       $::env(XILINX_LOCAL_USER_DATA) ne "NO"} {
#     error "XILINX_LOCAL_USER_DATA must be NO"
#   }
#   if {![info exists ::env(TEMP)] || ![info exists ::env(TMP)] ||
#       ![string equal -nocase [file normalize $::env(TEMP)] \
#           [file normalize $::env(TMP)]]} {
#     error "TEMP and TMP must identify the same worker-only directory"
#   }
# 
#   write_lines_atomic $result_path [list \
#     {STATE=RUNNING} "GROUP_ID=$group_id" {GROUP_NAME=UNKNOWN} \
#     "CHECKPOINT=$checkpoint" "SEALED_DCP_SHA256=$EXPECTED_DCP_SHA256" \
#     "BASE_XDC=$base_xdc" "BASE_XDC_SHA256=$EXPECTED_BASE_XDC_SHA256" \
#     "BS3_CANDIDATE_XDC=$bs3_candidate_xdc" \
#     "BS3_CANDIDATE_XDC_SHA256=$EXPECTED_BS3_CANDIDATE_XDC_SHA256" \
#     "G13_CANDIDATE_XDC=$g13_candidate_xdc" \
#     "G13_CANDIDATE_XDC_SHA256=$EXPECTED_G13_CANDIDATE_XDC_SHA256" \
#     "G14A_CANDIDATE_XDC=$g14a_candidate_xdc" \
#     "G14A_CANDIDATE_XDC_SHA256=$EXPECTED_G14A_CANDIDATE_XDC_SHA256" \
#     "WORKER_TCL_SHA256=$expected_worker_sha" \
#     {GLOBAL_GROUP9_REPORT_BUS_SKEW_EXECUTED=NO} \
#     {GLOBAL_GROUP13_REPORT_BUS_SKEW_EXECUTED=NO} \
#     {GLOBAL_GROUP14_REPORT_BUS_SKEW_EXECUTED=NO} \
#     {HARDWARE_ACCESSED=NO}]
# 
#   set vivado_version [string trim [version -short]]
#   regexp {SW Build[ \t]+([0-9]+)} [version] -> vivado_sw_build
#   if {$vivado_version ne "2025.2" || $vivado_sw_build ne "6299465"} {
#     error "Vivado identity drift: $vivado_version/$vivado_sw_build"
#   }
# 
#   open_checkpoint $checkpoint
#   set part [get_property PART [current_design]]
#   if {$part ne "xc7a35tcsg325-2"} {
#     error "sealed routed DCP part mismatch: $part"
#   }
#   set pre_clock_signature [clock_signature]
#   set pre_route_signature [route_signature]
#   if {$pre_route_signature ne [list 1 0 0 0]} {
#     error "sealed routed DCP route signature failed: $pre_route_signature"
#   }
# 
#   set base_text [read_text $base_xdc]
#   set bs3_candidate_text [read_text $bs3_candidate_xdc]
#   set g13_candidate_text [read_text $g13_candidate_xdc]
#   set g14a_candidate_text [read_text $g14a_candidate_xdc]
#   if {[count_xdc_command_lines $base_text set_bus_skew] != 15 ||
#       [count_xdc_command_lines $base_text set_max_delay] != 9 ||
#       [count_xdc_command_lines $bs3_candidate_text set_bus_skew] != 0 ||
#       [count_xdc_command_lines $bs3_candidate_text set_max_delay] != 3 ||
#       [count_xdc_command_lines $g13_candidate_text set_bus_skew] != 0 ||
#       [count_xdc_command_lines $g13_candidate_text set_max_delay] != 2 ||
#       [count_xdc_command_lines $g14a_candidate_text set_bus_skew] != 0 ||
#       [count_xdc_command_lines $g14a_candidate_text set_max_delay] != 3} {
#     error "promoted full constraint-context command-count drift"
#   }
# 
#   set active_base [file join $output_dir ACTIVE_BASE_WITHOUT_RETIRED_GROUP14.xdc]
#   set retired_group14_removed [derive_active_base_without_group14 $base_text $active_base]
#   reset_timing -invalid
#   read_xdc $active_base
#   read_xdc $bs3_candidate_xdc
#   read_xdc $g13_candidate_xdc
#   read_xdc $g14a_candidate_xdc
#   set full_candidate_counts [require_promoted_candidate_collections]
#   if {[clock_signature] ne $pre_clock_signature ||
#       [route_signature] ne $pre_route_signature} {
#     error "clock or route signature changed in promoted full context"
#   }
#   set full_context_path [file join $output_dir FULL_PROMOTED_CONTEXT.xdc]
#   write_xdc -exclude_physical -force $full_context_path
#   set full_context_text [read_text $full_context_path]
#   if {[count_xdc_command_lines $full_context_text set_bus_skew] != 14 ||
#       [count_xdc_command_lines $full_context_text set_max_delay] != 17} {
#     error "exported promoted full-context command-count drift"
#   }
# 
#   set local_base [file join $output_dir QUERY_BASE_WITHOUT_BUS_SKEW.xdc]
#   set removed_count [derive_bus_skew_free_base $base_text $local_base]
# 
#   reset_timing -invalid
#   read_xdc $local_base
#   read_xdc $bs3_candidate_xdc
#   read_xdc $g13_candidate_xdc
#   read_xdc $g14a_candidate_xdc
#   set query_candidate_counts [require_promoted_candidate_collections]
#   if {$query_candidate_counts ne $full_candidate_counts} {
#     error "promoted candidate collection identity changed in isolated query context"
#   }
#   if {[clock_signature] ne $pre_clock_signature ||
#       [route_signature] ne $pre_route_signature} {
#     error "clock or route signature changed in isolated query context"
#   }
# 
#   lassign [resolve_bus_skew_group $group_id] \
#       selected_name sources destinations expected_sources expected_destinations
#   set source_names [sorted_object_names $sources]
#   set destination_names [sorted_object_names $destinations]
#   set source_count [llength $source_names]
#   set destination_count [llength $destination_names]
#   if {$source_count != $expected_sources ||
#       $destination_count != $expected_destinations} {
#     error "$selected_name collection drift: sources=$source_count/$expected_sources destinations=$destination_count/$expected_destinations"
#   }
#   foreach source_name $source_names {
#     if {[lsearch -exact $destination_names $source_name] >= 0} {
#       error "$selected_name has source/destination identity overlap: $source_name"
#     }
#   }
# 
#   set tag [format {%02d_%s} $group_id $selected_name]
#   set objects_path [file join $output_dir [format {%s_OBJECTS.txt} $tag]]
#   set isolated_path [file join $output_dir [format {%s_ISOLATED_CONTEXT.xdc} $tag]]
#   set report_path [file join $output_dir [format {%s_BUS_SKEW.rpt} $tag]]
#   set object_lines [list]
#   foreach name $source_names { lappend object_lines "SOURCE=$name" }
#   foreach name $destination_names { lappend object_lines "DESTINATION=$name" }
#   write_lines_atomic $objects_path $object_lines
# 
#   set_bus_skew 3.000 -from $sources -to $destinations
#   write_xdc -exclude_physical -force $isolated_path
#   set isolated_text [read_text $isolated_path]
#   if {[count_xdc_command_lines $isolated_text set_bus_skew] != 1 ||
#       [count_xdc_command_lines $isolated_text set_max_delay] != 17} {
#     error "$selected_name isolated query context command-count drift"
#   }
# 
#   set command {report_bus_skew -no_detailed_paths -max_paths 1 -nworst 1 -warn_on_violation -file <GROUP_RAW_REPORT>}
#   set query_start [clock milliseconds]
#   write_lines_atomic [file join $output_dir QUERY_STARTED.marker] [list \
#     "GROUP_ID=$group_id" "GROUP_NAME=$selected_name" \
#     "EPOCH_MILLISECONDS=$query_start" {TIMEOUT_SECONDS=300} \
#     "COMMAND=$command" \
#     {GLOBAL_GROUP9_REPORT_BUS_SKEW_EXECUTED=NO} \
#     {GLOBAL_GROUP13_REPORT_BUS_SKEW_EXECUTED=NO} \
#     {GLOBAL_GROUP14_REPORT_BUS_SKEW_EXECUTED=NO}]
# 
#   report_bus_skew -no_detailed_paths -max_paths 1 -nworst 1 \
#       -warn_on_violation -file $report_path
#   set query_end [clock milliseconds]
#   set elapsed_ms [expr {$query_end - $query_start}]
#   set elapsed_seconds [format %.3f [expr {double($elapsed_ms) / 1000.0}]]
#   lassign [parse_compact_metric $report_path $selected_name] \
#       corner requirement actual slack negative_display violation_marker
#   set selected_state \
#       [expr {$slack < 0.0 || $negative_display || $violation_marker \
#           ? {VIOLATION} : {PASS}}]
# 
#   # End the externally watched query interval immediately after the governed
#   # command returned and its compact metric parsed.  Input re-hashing and
#   # receipt generation below are post-query work and are not charged to the
#   # 300-second report_bus_skew budget.
#   write_lines_atomic [file join $output_dir QUERY_COMPLETED.marker] [list \
#     "GROUP_ID=$group_id" "GROUP_NAME=$selected_name" \
#     "QUERY_START_EPOCH_MILLISECONDS=$query_start" \
#     "QUERY_END_EPOCH_MILLISECONDS=$query_end" \
#     "QUERY_RUNTIME_SECONDS=$elapsed_seconds" \
#     {TIMEOUT_SECONDS=300} "STATUS=$selected_state" \
#     {GLOBAL_GROUP9_REPORT_BUS_SKEW_EXECUTED=NO} \
#     {GLOBAL_GROUP13_REPORT_BUS_SKEW_EXECUTED=NO} \
#     {GLOBAL_GROUP14_REPORT_BUS_SKEW_EXECUTED=NO}]
# 
#   if {[sha256_file $checkpoint] ne $EXPECTED_DCP_SHA256 ||
#       [sha256_file $base_xdc] ne $EXPECTED_BASE_XDC_SHA256 ||
#       [sha256_file $bs3_candidate_xdc] ne $EXPECTED_BS3_CANDIDATE_XDC_SHA256 ||
#       [sha256_file $g13_candidate_xdc] ne $EXPECTED_G13_CANDIDATE_XDC_SHA256 ||
#       [sha256_file $g14a_candidate_xdc] ne $EXPECTED_G14A_CANDIDATE_XDC_SHA256 ||
#       [route_signature] ne $pre_route_signature} {
#     error "sealed input or route signature changed during query"
#   }
# 
#   lassign $full_candidate_counts bs3_counts g13_counts g14_counts
#   write_lines_atomic $result_path [list \
#     "STATE=$selected_state" "GROUP_ID=$group_id" \
#     "GROUP_NAME=$selected_name" "COMMAND=$command" \
#     "CHECKPOINT=$checkpoint" "SEALED_DCP_SHA256=$EXPECTED_DCP_SHA256" \
#     "BASE_XDC=$base_xdc" "BASE_XDC_SHA256=$EXPECTED_BASE_XDC_SHA256" \
#     "BS3_CANDIDATE_XDC=$bs3_candidate_xdc" \
#     "BS3_CANDIDATE_XDC_SHA256=$EXPECTED_BS3_CANDIDATE_XDC_SHA256" \
#     "G13_CANDIDATE_XDC=$g13_candidate_xdc" \
#     "G13_CANDIDATE_XDC_SHA256=$EXPECTED_G13_CANDIDATE_XDC_SHA256" \
#     "G14A_CANDIDATE_XDC=$g14a_candidate_xdc" \
#     "G14A_CANDIDATE_XDC_SHA256=$EXPECTED_G14A_CANDIDATE_XDC_SHA256" \
#     "WORKER_TCL_SHA256=$expected_worker_sha" \
#     "VIVADO_VERSION=$vivado_version" "VIVADO_SW_BUILD=$vivado_sw_build" \
#     "PART=$part" \
#     "FULLY_ROUTED=[lindex $pre_route_signature 0]" \
#     "ERRORS_IN_ROUTES=[lindex $pre_route_signature 1]" \
#     "UNROUTED_NETS=[lindex $pre_route_signature 2]" \
#     "PARTIAL_NETS=[lindex $pre_route_signature 3]" \
#     {CLOCK_SIGNATURE_MATCH=YES} {ROUTE_SIGNATURE_UNCHANGED=YES} \
#     {FULL_CONTEXT_BASE_BUS_SKEW_COMMAND_COUNT=15} \
#     {FULL_CONTEXT_BASE_MAX_DELAY_COMMAND_COUNT=9} \
#     {FULL_CONTEXT_BS3_BUS_SKEW_COMMAND_COUNT=0} \
#     {FULL_CONTEXT_BS3_MAX_DELAY_COMMAND_COUNT=3} \
#     {FULL_CONTEXT_G13_BUS_SKEW_COMMAND_COUNT=0} \
#     {FULL_CONTEXT_G13_MAX_DELAY_COMMAND_COUNT=2} \
#     {FULL_CONTEXT_G14_BUS_SKEW_COMMAND_COUNT=0} \
#     {FULL_CONTEXT_G14_MAX_DELAY_COMMAND_COUNT=3} \
#     "FULL_CONTEXT_RETIRED_GROUP14_REMOVED_COUNT=$retired_group14_removed" \
#     {FULL_CONTEXT_TOTAL_BUS_SKEW_COMMAND_COUNT=14} \
#     {FULL_CONTEXT_TOTAL_MAX_DELAY_COMMAND_COUNT=17} \
#     "WORKER_LOCAL_REMOVED_BUS_SKEW_COMMAND_COUNT=$removed_count" \
#     {QUERY_CONTEXT_BUS_SKEW_COMMAND_COUNT=1} \
#     {QUERY_CONTEXT_MAX_DELAY_COMMAND_COUNT=17} \
#     "FULL_PROMOTED_CONTEXT_SHA256=[sha256_file $full_context_path]" \
#     "BS3_SLOT_SOURCE_COUNT=[lindex $bs3_counts 0]" \
#     "BS3_GENERATION_SOURCE_COUNT=[lindex $bs3_counts 1]" \
#     "BS3_EPOCH_SOURCE_COUNT=[lindex $bs3_counts 2]" \
#     "BS3_DESTINATION_CELL_COUNT=[lindex $bs3_counts 3]" \
#     "BS3_DESTINATION_PIN_COUNT=[lindex $bs3_counts 4]" \
#     "G13_ABANDONED_SOURCE_COUNT=[lindex $g13_counts 0]" \
#     "G13_COMMIT_PHASE_SOURCE_COUNT=[lindex $g13_counts 1]" \
#     "G13_ABANDONED_DESTINATION_CELL_COUNT=[lindex $g13_counts 2]" \
#     "G13_ALL_DESTINATION_CELL_COUNT=[lindex $g13_counts 3]" \
#     "G13_ABANDONED_DESTINATION_PIN_COUNT=[lindex $g13_counts 4]" \
#     "G13_ALL_DESTINATION_PIN_COUNT=[lindex $g13_counts 5]" \
#     "G14_GENERATION_SOURCE_COUNT=[lindex $g14_counts 0]" \
#     "G14_EPOCH_SOURCE_COUNT=[lindex $g14_counts 1]" \
#     "G14_PAYLOAD_SOURCE_COUNT=[lindex $g14_counts 2]" \
#     "G14_NORMAL_DESTINATION_COUNT=[lindex $g14_counts 3]" \
#     "G14_MISMATCH_DESTINATION_COUNT=[lindex $g14_counts 4]" \
#     "G14_RESET_DESTINATION_COUNT=[lindex $g14_counts 5]" \
#     "SOURCE_COUNT=$source_count" "DESTINATION_COUNT=$destination_count" \
#     "OBJECTS_SHA256=[sha256_file $objects_path]" \
#     "QUERY_BASE_SHA256=[sha256_file $local_base]" \
#     "ISOLATED_CONTEXT_XDC_SHA256=[sha256_file $isolated_path]" \
#     "RAW_REPORT_SHA256=[sha256_file $report_path]" \
#     "CORNER=$corner" "REQUIREMENT_NS=$requirement" \
#     "ACTUAL_NS=$actual" "SLACK_NS=$slack" \
#     "NEGATIVE_DISPLAY=$negative_display" \
#     "VIOLATION_MARKER=$violation_marker" \
#     "QUERY_RUNTIME_MILLISECONDS=$elapsed_ms" \
#     "QUERY_RUNTIME_SECONDS=$elapsed_seconds" \
#     {GLOBAL_GROUP9_REPORT_BUS_SKEW_EXECUTED=NO} \
#     {GLOBAL_GROUP13_REPORT_BUS_SKEW_EXECUTED=NO} \
#     {GLOBAL_GROUP14_REPORT_BUS_SKEW_EXECUTED=NO} \
#     {HARDWARE_ACCESSED=NO}]
# }
# if {[llength $argv] != 8} {
#   puts stderr "usage: worker.tcl CHECKPOINT BASE_XDC BS3_CANDIDATE_XDC G13_CANDIDATE_XDC G14A_CANDIDATE_XDC OUTPUT_DIR GROUP_ID EXPECTED_WORKER_SHA"
#   exit 2
# }
# lassign $argv checkpoint base_xdc bs3_candidate_xdc g13_candidate_xdc g14a_candidate_xdc \
#     output_dir group_id expected_worker_sha
# set checkpoint [file normalize $checkpoint]
# set base_xdc [file normalize $base_xdc]
# set bs3_candidate_xdc [file normalize $bs3_candidate_xdc]
# set g13_candidate_xdc [file normalize $g13_candidate_xdc]
# set g14a_candidate_xdc [file normalize $g14a_candidate_xdc]
# set output_dir [file normalize $output_dir]
# file mkdir $output_dir
# set result_path [file join $output_dir worker_result.txt]
# set selected_name UNKNOWN
# set selected_state ERROR
# write_lines_atomic [file join $output_dir WORKER_STARTED.marker] [list \
#   "GROUP_ID=$group_id" "EPOCH_MILLISECONDS=[clock milliseconds]" \
#   {INITIALIZATION_TIMEOUT_SECONDS=1800} \
#   {QUERY_TIMEOUT_SECONDS=300} \
#   {ATTEMPT=1} {MAX_ATTEMPTS=1} \
#   {GLOBAL_GROUP9_REPORT_BUS_SKEW_EXECUTED=NO} \
#   {GLOBAL_GROUP13_REPORT_BUS_SKEW_EXECUTED=NO} \
#   {GLOBAL_GROUP14_REPORT_BUS_SKEW_EXECUTED=NO} \
#   {HARDWARE_ACCESSED=NO}]
Command: open_checkpoint C:/FPGA/G2B_LUT1_PRODUCT_PRECOMMIT_RECOVERY_20260831_12R1/sealed_inputs/G2B_ROUTED.dcp

Starting open_checkpoint Task

Time (s): cpu = 00:00:00 ; elapsed = 00:00:00.254 . Memory (MB): peak = 332.512 ; gain = 6.281
INFO: [Device 21-403] Loading part xc7a35tcsg325-2
Netlist sorting complete. Time (s): cpu = 00:00:02 ; elapsed = 00:00:03 . Memory (MB): peak = 806.574 ; gain = 0.000
INFO: [Netlist 29-17] Analyzing 2171 Unisim elements for replacement
INFO: [Netlist 29-28] Unisim Transformation completed in 3 CPU seconds
INFO: [Project 1-479] Netlist was created with Vivado 2025.2
INFO: [Project 1-570] Preparing netlist for logic optimization
Read ShapeDB Complete: Time (s): cpu = 00:00:01 ; elapsed = 00:00:00.780 . Memory (MB): peak = 950.496 ; gain = 11.449
INFO: [Timing 38-478] Restoring timing data from binary archive.
INFO: [Timing 38-479] Binary timing data restore complete.
INFO: [Project 1-856] Restoring constraints from binary archive.
INFO: [Project 1-853] Binary constraint restore complete.
INFO: [Designutils 20-5722] Start Reading Physical Databases.
Reading placement.
Read Netlist Cache: Time (s): cpu = 00:00:00 ; elapsed = 00:00:00.176 . Memory (MB): peak = 1582.973 ; gain = 0.000
Reading placer database...
Read Device Cache: Time (s): cpu = 00:00:00 ; elapsed = 00:00:00.049 . Memory (MB): peak = 1582.973 ; gain = 0.000
Read PlaceDB: Time (s): cpu = 00:00:00 ; elapsed = 00:00:00.001 . Memory (MB): peak = 1582.973 ; gain = 0.000
Read placeStorage: Time (s): cpu = 00:00:04 ; elapsed = 00:00:04 . Memory (MB): peak = 1589.121 ; gain = 6.148
Read PulsedLatchDB: Time (s): cpu = 00:00:00 ; elapsed = 00:00:00.001 . Memory (MB): peak = 1589.121 ; gain = 0.000
Reading routing.
Read RouteStorage: Time (s): cpu = 00:00:02 ; elapsed = 00:00:02 . Memory (MB): peak = 1611.164 ; gain = 22.043
Read Physdb Files: Time (s): cpu = 00:00:06 ; elapsed = 00:00:06 . Memory (MB): peak = 1611.164 ; gain = 28.191
Restored from archive | CPU: 6.000000 secs | Memory: 0.000000 MB |
Finished XDEF File Restore: Time (s): cpu = 00:00:06 ; elapsed = 00:00:06 . Memory (MB): peak = 1611.164 ; gain = 28.191
Netlist sorting complete. Time (s): cpu = 00:00:00 ; elapsed = 00:00:00.072 . Memory (MB): peak = 1644.281 ; gain = 0.000
INFO: [Project 1-111] Unisim Transformation Summary:
  A total of 333 instances were transformed.
  IOBUF => IOBUF (IBUF, OBUFT): 2 instances
  RAM16X1D => RAM32X1D (RAMD32(x2)): 37 instances
  RAM32M => RAM32M (RAMD32(x6), RAMS32(x2)): 264 instances
  RAM32X1D => RAM32X1D (RAMD32(x2)): 22 instances
  RAM64X1S => RAM64X1S (RAMS64E): 8 instances

INFO: [Project 1-604] Checkpoint was created with Vivado v2025.2 (64-bit) build 6299465
open_checkpoint: Time (s): cpu = 00:01:38 ; elapsed = 00:04:20 . Memory (MB): peak = 1650.070 ; gain = 1331.926
report_route_status: Time (s): cpu = 00:00:09 ; elapsed = 00:00:06 . Memory (MB): peak = 1725.051 ; gain = 74.980
Parsing XDC File [C:/FPGA/G2B_LUT1_RECOVERY3_RUNTIME/raw/groups15_17/group_15_RELEASE_SLOT_1_AXI_TO_SOURCE/ACTIVE_BASE_WITHOUT_RETIRED_GROUP14.xdc]
INFO: [Timing 38-35] Done setting XDC timing constraints. [C:/FPGA/G2B_LUT1_RECOVERY3_RUNTIME/raw/groups15_17/group_15_RELEASE_SLOT_1_AXI_TO_SOURCE/ACTIVE_BASE_WITHOUT_RETIRED_GROUP14.xdc:19]
INFO: [Timing 38-2] Deriving generated clocks [C:/FPGA/G2B_LUT1_RECOVERY3_RUNTIME/raw/groups15_17/group_15_RELEASE_SLOT_1_AXI_TO_SOURCE/ACTIVE_BASE_WITHOUT_RETIRED_GROUP14.xdc:19]
INFO: [Timing 38-2] Deriving generated clocks [C:/FPGA/G2B_LUT1_RECOVERY3_RUNTIME/raw/groups15_17/group_15_RELEASE_SLOT_1_AXI_TO_SOURCE/ACTIVE_BASE_WITHOUT_RETIRED_GROUP14.xdc:71]
INFO: [Vivado 12-2286] Implicit search of objects for pattern 'G2B_ONECH_C2H/release_generation_axi_reg[1][0]' matched to 'cell' objects. [C:/FPGA/G2B_LUT1_RECOVERY3_RUNTIME/raw/groups15_17/group_15_RELEASE_SLOT_1_AXI_TO_SOURCE/ACTIVE_BASE_WITHOUT_RETIRED_GROUP14.xdc:71]
Resolution: To avoid ambiguous patterns, provide proper objects using get commands e.g. [get_nets xyz].
INFO: [Vivado 12-2286] Implicit search of objects for pattern 'G2B_ONECH_C2H/release_generation_axi_reg[1][10]' matched to 'cell' objects. [C:/FPGA/G2B_LUT1_RECOVERY3_RUNTIME/raw/groups15_17/group_15_RELEASE_SLOT_1_AXI_TO_SOURCE/ACTIVE_BASE_WITHOUT_RETIRED_GROUP14.xdc:71]
Resolution: To avoid ambiguous patterns, provide proper objects using get commands e.g. [get_nets xyz].
INFO: [Vivado 12-2286] Implicit search of objects for pattern 'G2B_ONECH_C2H/release_generation_axi_reg[1][11]' matched to 'cell' objects. [C:/FPGA/G2B_LUT1_RECOVERY3_RUNTIME/raw/groups15_17/group_15_RELEASE_SLOT_1_AXI_TO_SOURCE/ACTIVE_BASE_WITHOUT_RETIRED_GROUP14.xdc:71]
Resolution: To avoid ambiguous patterns, provide proper objects using get commands e.g. [get_nets xyz].
INFO: [Vivado 12-2286] Implicit search of objects for pattern 'G2B_ONECH_C2H/release_generation_axi_reg[1][12]' matched to 'cell' objects. [C:/FPGA/G2B_LUT1_RECOVERY3_RUNTIME/raw/groups15_17/group_15_RELEASE_SLOT_1_AXI_TO_SOURCE/ACTIVE_BASE_WITHOUT_RETIRED_GROUP14.xdc:71]
Resolution: To avoid ambiguous patterns, provide proper objects using get commands e.g. [get_nets xyz].
INFO: [Vivado 12-2286] Implicit search of objects for pattern 'G2B_ONECH_C2H/release_generation_axi_reg[1][13]' matched to 'cell' objects. [C:/FPGA/G2B_LUT1_RECOVERY3_RUNTIME/raw/groups15_17/group_15_RELEASE_SLOT_1_AXI_TO_SOURCE/ACTIVE_BASE_WITHOUT_RETIRED_GROUP14.xdc:71]
Resolution: To avoid ambiguous patterns, provide proper objects using get commands e.g. [get_nets xyz].
INFO: [Vivado 12-2286] Implicit search of objects for pattern 'G2B_ONECH_C2H/release_generation_axi_reg[1][14]' matched to 'cell' objects. [C:/FPGA/G2B_LUT1_RECOVERY3_RUNTIME/raw/groups15_17/group_15_RELEASE_SLOT_1_AXI_TO_SOURCE/ACTIVE_BASE_WITHOUT_RETIRED_GROUP14.xdc:71]
Resolution: To avoid ambiguous patterns, provide proper objects using get commands e.g. [get_nets xyz].
INFO: [Vivado 12-2286] Implicit search of objects for pattern 'G2B_ONECH_C2H/release_generation_axi_reg[1][15]' matched to 'cell' objects. [C:/FPGA/G2B_LUT1_RECOVERY3_RUNTIME/raw/groups15_17/group_15_RELEASE_SLOT_1_AXI_TO_SOURCE/ACTIVE_BASE_WITHOUT_RETIRED_GROUP14.xdc:71]
Resolution: To avoid ambiguous patterns, provide proper objects using get commands e.g. [get_nets xyz].
INFO: [Vivado 12-2286] Implicit search of objects for pattern 'G2B_ONECH_C2H/release_generation_axi_reg[1][16]' matched to 'cell' objects. [C:/FPGA/G2B_LUT1_RECOVERY3_RUNTIME/raw/groups15_17/group_15_RELEASE_SLOT_1_AXI_TO_SOURCE/ACTIVE_BASE_WITHOUT_RETIRED_GROUP14.xdc:71]
Resolution: To avoid ambiguous patterns, provide proper objects using get commands e.g. [get_nets xyz].
INFO: [Vivado 12-2286] Implicit search of objects for pattern 'G2B_ONECH_C2H/release_generation_axi_reg[1][17]' matched to 'cell' objects. [C:/FPGA/G2B_LUT1_RECOVERY3_RUNTIME/raw/groups15_17/group_15_RELEASE_SLOT_1_AXI_TO_SOURCE/ACTIVE_BASE_WITHOUT_RETIRED_GROUP14.xdc:71]
Resolution: To avoid ambiguous patterns, provide proper objects using get commands e.g. [get_nets xyz].
INFO: [Vivado 12-2286] Implicit search of objects for pattern 'G2B_ONECH_C2H/release_generation_axi_reg[1][18]' matched to 'cell' objects. [C:/FPGA/G2B_LUT1_RECOVERY3_RUNTIME/raw/groups15_17/group_15_RELEASE_SLOT_1_AXI_TO_SOURCE/ACTIVE_BASE_WITHOUT_RETIRED_GROUP14.xdc:71]
Resolution: To avoid ambiguous patterns, provide proper objects using get commands e.g. [get_nets xyz].
INFO: [Vivado 12-2286] Implicit search of objects for pattern 'G2B_ONECH_C2H/release_generation_axi_reg[1][19]' matched to 'cell' objects. [C:/FPGA/G2B_LUT1_RECOVERY3_RUNTIME/raw/groups15_17/group_15_RELEASE_SLOT_1_AXI_TO_SOURCE/ACTIVE_BASE_WITHOUT_RETIRED_GROUP14.xdc:71]
Resolution: To avoid ambiguous patterns, provide proper objects using get commands e.g. [get_nets xyz].
INFO: [Vivado 12-2286] Implicit search of objects for pattern 'G2B_ONECH_C2H/release_generation_axi_reg[1][1]' matched to 'cell' objects. [C:/FPGA/G2B_LUT1_RECOVERY3_RUNTIME/raw/groups15_17/group_15_RELEASE_SLOT_1_AXI_TO_SOURCE/ACTIVE_BASE_WITHOUT_RETIRED_GROUP14.xdc:71]
Resolution: To avoid ambiguous patterns, provide proper objects using get commands e.g. [get_nets xyz].
INFO: [Vivado 12-2286] Implicit search of objects for pattern 'G2B_ONECH_C2H/release_generation_axi_reg[1][20]' matched to 'cell' objects. [C:/FPGA/G2B_LUT1_RECOVERY3_RUNTIME/raw/groups15_17/group_15_RELEASE_SLOT_1_AXI_TO_SOURCE/ACTIVE_BASE_WITHOUT_RETIRED_GROUP14.xdc:71]
Resolution: To avoid ambiguous patterns, provide proper objects using get commands e.g. [get_nets xyz].
INFO: [Vivado 12-2286] Implicit search of objects for pattern 'G2B_ONECH_C2H/release_generation_axi_reg[1][21]' matched to 'cell' objects. [C:/FPGA/G2B_LUT1_RECOVERY3_RUNTIME/raw/groups15_17/group_15_RELEASE_SLOT_1_AXI_TO_SOURCE/ACTIVE_BASE_WITHOUT_RETIRED_GROUP14.xdc:71]
Resolution: To avoid ambiguous patterns, provide proper objects using get commands e.g. [get_nets xyz].
INFO: [Vivado 12-2286] Implicit search of objects for pattern 'G2B_ONECH_C2H/release_generation_axi_reg[1][22]' matched to 'cell' objects. [C:/FPGA/G2B_LUT1_RECOVERY3_RUNTIME/raw/groups15_17/group_15_RELEASE_SLOT_1_AXI_TO_SOURCE/ACTIVE_BASE_WITHOUT_RETIRED_GROUP14.xdc:71]
Resolution: To avoid ambiguous patterns, provide proper objects using get commands e.g. [get_nets xyz].
INFO: [Vivado 12-2286] Implicit search of objects for pattern 'G2B_ONECH_C2H/release_generation_axi_reg[1][23]' matched to 'cell' objects. [C:/FPGA/G2B_LUT1_RECOVERY3_RUNTIME/raw/groups15_17/group_15_RELEASE_SLOT_1_AXI_TO_SOURCE/ACTIVE_BASE_WITHOUT_RETIRED_GROUP14.xdc:71]
Resolution: To avoid ambiguous patterns, provide proper objects using get commands e.g. [get_nets xyz].
INFO: [Vivado 12-2286] Implicit search of objects for pattern 'G2B_ONECH_C2H/release_generation_axi_reg[1][2]' matched to 'cell' objects. [C:/FPGA/G2B_LUT1_RECOVERY3_RUNTIME/raw/groups15_17/group_15_RELEASE_SLOT_1_AXI_TO_SOURCE/ACTIVE_BASE_WITHOUT_RETIRED_GROUP14.xdc:71]
Resolution: To avoid ambiguous patterns, provide proper objects using get commands e.g. [get_nets xyz].
INFO: [Vivado 12-2286] Implicit search of objects for pattern 'G2B_ONECH_C2H/release_generation_axi_reg[1][3]' matched to 'cell' objects. [C:/FPGA/G2B_LUT1_RECOVERY3_RUNTIME/raw/groups15_17/group_15_RELEASE_SLOT_1_AXI_TO_SOURCE/ACTIVE_BASE_WITHOUT_RETIRED_GROUP14.xdc:71]
Resolution: To avoid ambiguous patterns, provide proper objects using get commands e.g. [get_nets xyz].
INFO: [Vivado 12-2286] Implicit search of objects for pattern 'G2B_ONECH_C2H/release_generation_axi_reg[1][4]' matched to 'cell' objects. [C:/FPGA/G2B_LUT1_RECOVERY3_RUNTIME/raw/groups15_17/group_15_RELEASE_SLOT_1_AXI_TO_SOURCE/ACTIVE_BASE_WITHOUT_RETIRED_GROUP14.xdc:71]
Resolution: To avoid ambiguous patterns, provide proper objects using get commands e.g. [get_nets xyz].
INFO: [Vivado 12-2286] Implicit search of objects for pattern 'G2B_ONECH_C2H/release_generation_axi_reg[1][5]' matched to 'cell' objects. [C:/FPGA/G2B_LUT1_RECOVERY3_RUNTIME/raw/groups15_17/group_15_RELEASE_SLOT_1_AXI_TO_SOURCE/ACTIVE_BASE_WITHOUT_RETIRED_GROUP14.xdc:71]
Resolution: To avoid ambiguous patterns, provide proper objects using get commands e.g. [get_nets xyz].
INFO: [Vivado 12-2286] Implicit search of objects for pattern 'G2B_ONECH_C2H/release_generation_axi_reg[1][6]' matched to 'cell' objects. [C:/FPGA/G2B_LUT1_RECOVERY3_RUNTIME/raw/groups15_17/group_15_RELEASE_SLOT_1_AXI_TO_SOURCE/ACTIVE_BASE_WITHOUT_RETIRED_GROUP14.xdc:71]
Resolution: To avoid ambiguous patterns, provide proper objects using get commands e.g. [get_nets xyz].
INFO: [Vivado 12-2286] Implicit search of objects for pattern 'G2B_ONECH_C2H/release_generation_axi_reg[1][7]' matched to 'cell' objects. [C:/FPGA/G2B_LUT1_RECOVERY3_RUNTIME/raw/groups15_17/group_15_RELEASE_SLOT_1_AXI_TO_SOURCE/ACTIVE_BASE_WITHOUT_RETIRED_GROUP14.xdc:71]
Resolution: To avoid ambiguous patterns, provide proper objects using get commands e.g. [get_nets xyz].
INFO: [Vivado 12-2286] Implicit search of objects for pattern 'G2B_ONECH_C2H/release_generation_axi_reg[1][8]' matched to 'cell' objects. [C:/FPGA/G2B_LUT1_RECOVERY3_RUNTIME/raw/groups15_17/group_15_RELEASE_SLOT_1_AXI_TO_SOURCE/ACTIVE_BASE_WITHOUT_RETIRED_GROUP14.xdc:71]
Resolution: To avoid ambiguous patterns, provide proper objects using get commands e.g. [get_nets xyz].
INFO: [Vivado 12-2286] Implicit search of objects for pattern 'G2B_ONECH_C2H/release_generation_axi_reg[1][9]' matched to 'cell' objects. [C:/FPGA/G2B_LUT1_RECOVERY3_RUNTIME/raw/groups15_17/group_15_RELEASE_SLOT_1_AXI_TO_SOURCE/ACTIVE_BASE_WITHOUT_RETIRED_GROUP14.xdc:71]
Resolution: To avoid ambiguous patterns, provide proper objects using get commands e.g. [get_nets xyz].
INFO: [Vivado 12-2286] Implicit search of objects for pattern 'G2B_ONECH_C2H/release_epoch_axi_reg[1][0]' matched to 'cell' objects. [C:/FPGA/G2B_LUT1_RECOVERY3_RUNTIME/raw/groups15_17/group_15_RELEASE_SLOT_1_AXI_TO_SOURCE/ACTIVE_BASE_WITHOUT_RETIRED_GROUP14.xdc:71]
Resolution: To avoid ambiguous patterns, provide proper objects using get commands e.g. [get_nets xyz].
INFO: [Vivado 12-2286] Implicit search of objects for pattern 'G2B_ONECH_C2H/release_epoch_axi_reg[1][10]' matched to 'cell' objects. [C:/FPGA/G2B_LUT1_RECOVERY3_RUNTIME/raw/groups15_17/group_15_RELEASE_SLOT_1_AXI_TO_SOURCE/ACTIVE_BASE_WITHOUT_RETIRED_GROUP14.xdc:71]
Resolution: To avoid ambiguous patterns, provide proper objects using get commands e.g. [get_nets xyz].
INFO: [Vivado 12-2286] Implicit search of objects for pattern 'G2B_ONECH_C2H/release_epoch_axi_reg[1][11]' matched to 'cell' objects. [C:/FPGA/G2B_LUT1_RECOVERY3_RUNTIME/raw/groups15_17/group_15_RELEASE_SLOT_1_AXI_TO_SOURCE/ACTIVE_BASE_WITHOUT_RETIRED_GROUP14.xdc:71]
Resolution: To avoid ambiguous patterns, provide proper objects using get commands e.g. [get_nets xyz].
INFO: [Vivado 12-2286] Implicit search of objects for pattern 'G2B_ONECH_C2H/release_epoch_axi_reg[1][12]' matched to 'cell' objects. [C:/FPGA/G2B_LUT1_RECOVERY3_RUNTIME/raw/groups15_17/group_15_RELEASE_SLOT_1_AXI_TO_SOURCE/ACTIVE_BASE_WITHOUT_RETIRED_GROUP14.xdc:71]
Resolution: To avoid ambiguous patterns, provide proper objects using get commands e.g. [get_nets xyz].
INFO: [Vivado 12-2286] Implicit search of objects for pattern 'G2B_ONECH_C2H/release_epoch_axi_reg[1][13]' matched to 'cell' objects. [C:/FPGA/G2B_LUT1_RECOVERY3_RUNTIME/raw/groups15_17/group_15_RELEASE_SLOT_1_AXI_TO_SOURCE/ACTIVE_BASE_WITHOUT_RETIRED_GROUP14.xdc:71]
Resolution: To avoid ambiguous patterns, provide proper objects using get commands e.g. [get_nets xyz].
INFO: [Vivado 12-2286] Implicit search of objects for pattern 'G2B_ONECH_C2H/release_epoch_axi_reg[1][14]' matched to 'cell' objects. [C:/FPGA/G2B_LUT1_RECOVERY3_RUNTIME/raw/groups15_17/group_15_RELEASE_SLOT_1_AXI_TO_SOURCE/ACTIVE_BASE_WITHOUT_RETIRED_GROUP14.xdc:71]
Resolution: To avoid ambiguous patterns, provide proper objects using get commands e.g. [get_nets xyz].
INFO: [Vivado 12-2286] Implicit search of objects for pattern 'G2B_ONECH_C2H/release_epoch_axi_reg[1][15]' matched to 'cell' objects. [C:/FPGA/G2B_LUT1_RECOVERY3_RUNTIME/raw/groups15_17/group_15_RELEASE_SLOT_1_AXI_TO_SOURCE/ACTIVE_BASE_WITHOUT_RETIRED_GROUP14.xdc:71]
Resolution: To avoid ambiguous patterns, provide proper objects using get commands e.g. [get_nets xyz].
INFO: [Vivado 12-2286] Implicit search of objects for pattern 'G2B_ONECH_C2H/release_epoch_axi_reg[1][16]' matched to 'cell' objects. [C:/FPGA/G2B_LUT1_RECOVERY3_RUNTIME/raw/groups15_17/group_15_RELEASE_SLOT_1_AXI_TO_SOURCE/ACTIVE_BASE_WITHOUT_RETIRED_GROUP14.xdc:71]
Resolution: To avoid ambiguous patterns, provide proper objects using get commands e.g. [get_nets xyz].
INFO: [Vivado 12-2286] Implicit search of objects for pattern 'G2B_ONECH_C2H/release_epoch_axi_reg[1][17]' matched to 'cell' objects. [C:/FPGA/G2B_LUT1_RECOVERY3_RUNTIME/raw/groups15_17/group_15_RELEASE_SLOT_1_AXI_TO_SOURCE/ACTIVE_BASE_WITHOUT_RETIRED_GROUP14.xdc:71]
Resolution: To avoid ambiguous patterns, provide proper objects using get commands e.g. [get_nets xyz].
INFO: [Vivado 12-2286] Implicit search of objects for pattern 'G2B_ONECH_C2H/release_epoch_axi_reg[1][18]' matched to 'cell' objects. [C:/FPGA/G2B_LUT1_RECOVERY3_RUNTIME/raw/groups15_17/group_15_RELEASE_SLOT_1_AXI_TO_SOURCE/ACTIVE_BASE_WITHOUT_RETIRED_GROUP14.xdc:71]
Resolution: To avoid ambiguous patterns, provide proper objects using get commands e.g. [get_nets xyz].
INFO: [Vivado 12-2286] Implicit search of objects for pattern 'G2B_ONECH_C2H/release_epoch_axi_reg[1][19]' matched to 'cell' objects. [C:/FPGA/G2B_LUT1_RECOVERY3_RUNTIME/raw/groups15_17/group_15_RELEASE_SLOT_1_AXI_TO_SOURCE/ACTIVE_BASE_WITHOUT_RETIRED_GROUP14.xdc:71]
Resolution: To avoid ambiguous patterns, provide proper objects using get commands e.g. [get_nets xyz].
INFO: [Vivado 12-2286] Implicit search of objects for pattern 'G2B_ONECH_C2H/release_epoch_axi_reg[1][1]' matched to 'cell' objects. [C:/FPGA/G2B_LUT1_RECOVERY3_RUNTIME/raw/groups15_17/group_15_RELEASE_SLOT_1_AXI_TO_SOURCE/ACTIVE_BASE_WITHOUT_RETIRED_GROUP14.xdc:71]
Resolution: To avoid ambiguous patterns, provide proper objects using get commands e.g. [get_nets xyz].
INFO: [Vivado 12-2286] Implicit search of objects for pattern 'G2B_ONECH_C2H/release_epoch_axi_reg[1][20]' matched to 'cell' objects. [C:/FPGA/G2B_LUT1_RECOVERY3_RUNTIME/raw/groups15_17/group_15_RELEASE_SLOT_1_AXI_TO_SOURCE/ACTIVE_BASE_WITHOUT_RETIRED_GROUP14.xdc:71]
Resolution: To avoid ambiguous patterns, provide proper objects using get commands e.g. [get_nets xyz].
INFO: [Vivado 12-2286] Implicit search of objects for pattern 'G2B_ONECH_C2H/release_epoch_axi_reg[1][21]' matched to 'cell' objects. [C:/FPGA/G2B_LUT1_RECOVERY3_RUNTIME/raw/groups15_17/group_15_RELEASE_SLOT_1_AXI_TO_SOURCE/ACTIVE_BASE_WITHOUT_RETIRED_GROUP14.xdc:71]
Resolution: To avoid ambiguous patterns, provide proper objects using get commands e.g. [get_nets xyz].
INFO: [Vivado 12-2286] Implicit search of objects for pattern 'G2B_ONECH_C2H/release_epoch_axi_reg[1][22]' matched to 'cell' objects. [C:/FPGA/G2B_LUT1_RECOVERY3_RUNTIME/raw/groups15_17/group_15_RELEASE_SLOT_1_AXI_TO_SOURCE/ACTIVE_BASE_WITHOUT_RETIRED_GROUP14.xdc:71]
Resolution: To avoid ambiguous patterns, provide proper objects using get commands e.g. [get_nets xyz].
INFO: [Vivado 12-2286] Implicit search of objects for pattern 'G2B_ONECH_C2H/release_epoch_axi_reg[1][23]' matched to 'cell' objects. [C:/FPGA/G2B_LUT1_RECOVERY3_RUNTIME/raw/groups15_17/group_15_RELEASE_SLOT_1_AXI_TO_SOURCE/ACTIVE_BASE_WITHOUT_RETIRED_GROUP14.xdc:71]
Resolution: To avoid ambiguous patterns, provide proper objects using get commands e.g. [get_nets xyz].
INFO: [Vivado 12-2286] Implicit search of objects for pattern 'G2B_ONECH_C2H/release_epoch_axi_reg[1][24]' matched to 'cell' objects. [C:/FPGA/G2B_LUT1_RECOVERY3_RUNTIME/raw/groups15_17/group_15_RELEASE_SLOT_1_AXI_TO_SOURCE/ACTIVE_BASE_WITHOUT_RETIRED_GROUP14.xdc:71]
Resolution: To avoid ambiguous patterns, provide proper objects using get commands e.g. [get_nets xyz].
INFO: [Vivado 12-2286] Implicit search of objects for pattern 'G2B_ONECH_C2H/release_epoch_axi_reg[1][25]' matched to 'cell' objects. [C:/FPGA/G2B_LUT1_RECOVERY3_RUNTIME/raw/groups15_17/group_15_RELEASE_SLOT_1_AXI_TO_SOURCE/ACTIVE_BASE_WITHOUT_RETIRED_GROUP14.xdc:71]
Resolution: To avoid ambiguous patterns, provide proper objects using get commands e.g. [get_nets xyz].
INFO: [Vivado 12-2286] Implicit search of objects for pattern 'G2B_ONECH_C2H/release_epoch_axi_reg[1][26]' matched to 'cell' objects. [C:/FPGA/G2B_LUT1_RECOVERY3_RUNTIME/raw/groups15_17/group_15_RELEASE_SLOT_1_AXI_TO_SOURCE/ACTIVE_BASE_WITHOUT_RETIRED_GROUP14.xdc:71]
Resolution: To avoid ambiguous patterns, provide proper objects using get commands e.g. [get_nets xyz].
INFO: [Vivado 12-2286] Implicit search of objects for pattern 'G2B_ONECH_C2H/release_epoch_axi_reg[1][27]' matched to 'cell' objects. [C:/FPGA/G2B_LUT1_RECOVERY3_RUNTIME/raw/groups15_17/group_15_RELEASE_SLOT_1_AXI_TO_SOURCE/ACTIVE_BASE_WITHOUT_RETIRED_GROUP14.xdc:71]
Resolution: To avoid ambiguous patterns, provide proper objects using get commands e.g. [get_nets xyz].
INFO: [Vivado 12-2286] Implicit search of objects for pattern 'G2B_ONECH_C2H/release_epoch_axi_reg[1][28]' matched to 'cell' objects. [C:/FPGA/G2B_LUT1_RECOVERY3_RUNTIME/raw/groups15_17/group_15_RELEASE_SLOT_1_AXI_TO_SOURCE/ACTIVE_BASE_WITHOUT_RETIRED_GROUP14.xdc:71]
Resolution: To avoid ambiguous patterns, provide proper objects using get commands e.g. [get_nets xyz].
INFO: [Vivado 12-2286] Implicit search of objects for pattern 'G2B_ONECH_C2H/release_epoch_axi_reg[1][29]' matched to 'cell' objects. [C:/FPGA/G2B_LUT1_RECOVERY3_RUNTIME/raw/groups15_17/group_15_RELEASE_SLOT_1_AXI_TO_SOURCE/ACTIVE_BASE_WITHOUT_RETIRED_GROUP14.xdc:71]
Resolution: To avoid ambiguous patterns, provide proper objects using get commands e.g. [get_nets xyz].
INFO: [Vivado 12-2286] Implicit search of objects for pattern 'G2B_ONECH_C2H/release_epoch_axi_reg[1][2]' matched to 'cell' objects. [C:/FPGA/G2B_LUT1_RECOVERY3_RUNTIME/raw/groups15_17/group_15_RELEASE_SLOT_1_AXI_TO_SOURCE/ACTIVE_BASE_WITHOUT_RETIRED_GROUP14.xdc:71]
Resolution: To avoid ambiguous patterns, provide proper objects using get commands e.g. [get_nets xyz].
INFO: [Vivado 12-2286] Implicit search of objects for pattern 'G2B_ONECH_C2H/release_epoch_axi_reg[1][30]' matched to 'cell' objects. [C:/FPGA/G2B_LUT1_RECOVERY3_RUNTIME/raw/groups15_17/group_15_RELEASE_SLOT_1_AXI_TO_SOURCE/ACTIVE_BASE_WITHOUT_RETIRED_GROUP14.xdc:71]
Resolution: To avoid ambiguous patterns, provide proper objects using get commands e.g. [get_nets xyz].
INFO: [Vivado 12-2286] Implicit search of objects for pattern 'G2B_ONECH_C2H/release_epoch_axi_reg[1][31]' matched to 'cell' objects. [C:/FPGA/G2B_LUT1_RECOVERY3_RUNTIME/raw/groups15_17/group_15_RELEASE_SLOT_1_AXI_TO_SOURCE/ACTIVE_BASE_WITHOUT_RETIRED_GROUP14.xdc:71]
Resolution: To avoid ambiguous patterns, provide proper objects using get commands e.g. [get_nets xyz].
INFO: [Vivado 12-2286] Implicit search of objects for pattern 'G2B_ONECH_C2H/release_epoch_axi_reg[1][3]' matched to 'cell' objects. [C:/FPGA/G2B_LUT1_RECOVERY3_RUNTIME/raw/groups15_17/group_15_RELEASE_SLOT_1_AXI_TO_SOURCE/ACTIVE_BASE_WITHOUT_RETIRED_GROUP14.xdc:71]
Resolution: To avoid ambiguous patterns, provide proper objects using get commands e.g. [get_nets xyz].
INFO: [Vivado 12-2286] Implicit search of objects for pattern 'G2B_ONECH_C2H/release_epoch_axi_reg[1][4]' matched to 'cell' objects. [C:/FPGA/G2B_LUT1_RECOVERY3_RUNTIME/raw/groups15_17/group_15_RELEASE_SLOT_1_AXI_TO_SOURCE/ACTIVE_BASE_WITHOUT_RETIRED_GROUP14.xdc:71]
Resolution: To avoid ambiguous patterns, provide proper objects using get commands e.g. [get_nets xyz].
INFO: [Vivado 12-2286] Implicit search of objects for pattern 'G2B_ONECH_C2H/release_epoch_axi_reg[1][5]' matched to 'cell' objects. [C:/FPGA/G2B_LUT1_RECOVERY3_RUNTIME/raw/groups15_17/group_15_RELEASE_SLOT_1_AXI_TO_SOURCE/ACTIVE_BASE_WITHOUT_RETIRED_GROUP14.xdc:71]
Resolution: To avoid ambiguous patterns, provide proper objects using get commands e.g. [get_nets xyz].
INFO: [Vivado 12-2286] Implicit search of objects for pattern 'G2B_ONECH_C2H/release_epoch_axi_reg[1][6]' matched to 'cell' objects. [C:/FPGA/G2B_LUT1_RECOVERY3_RUNTIME/raw/groups15_17/group_15_RELEASE_SLOT_1_AXI_TO_SOURCE/ACTIVE_BASE_WITHOUT_RETIRED_GROUP14.xdc:71]
Resolution: To avoid ambiguous patterns, provide proper objects using get commands e.g. [get_nets xyz].
INFO: [Vivado 12-2286] Implicit search of objects for pattern 'G2B_ONECH_C2H/release_epoch_axi_reg[1][7]' matched to 'cell' objects. [C:/FPGA/G2B_LUT1_RECOVERY3_RUNTIME/raw/groups15_17/group_15_RELEASE_SLOT_1_AXI_TO_SOURCE/ACTIVE_BASE_WITHOUT_RETIRED_GROUP14.xdc:71]
Resolution: To avoid ambiguous patterns, provide proper objects using get commands e.g. [get_nets xyz].
INFO: [Vivado 12-2286] Implicit search of objects for pattern 'G2B_ONECH_C2H/release_epoch_axi_reg[1][8]' matched to 'cell' objects. [C:/FPGA/G2B_LUT1_RECOVERY3_RUNTIME/raw/groups15_17/group_15_RELEASE_SLOT_1_AXI_TO_SOURCE/ACTIVE_BASE_WITHOUT_RETIRED_GROUP14.xdc:71]
Resolution: To avoid ambiguous patterns, provide proper objects using get commands e.g. [get_nets xyz].
INFO: [Vivado 12-2286] Implicit search of objects for pattern 'G2B_ONECH_C2H/release_epoch_axi_reg[1][9]' matched to 'cell' objects. [C:/FPGA/G2B_LUT1_RECOVERY3_RUNTIME/raw/groups15_17/group_15_RELEASE_SLOT_1_AXI_TO_SOURCE/ACTIVE_BASE_WITHOUT_RETIRED_GROUP14.xdc:71]
Resolution: To avoid ambiguous patterns, provide proper objects using get commands e.g. [get_nets xyz].
INFO: [Vivado 12-2286] Implicit search of objects for pattern 'G2B_ONECH_C2H/release_generation_axi_reg[2][0]' matched to 'cell' objects. [C:/FPGA/G2B_LUT1_RECOVERY3_RUNTIME/raw/groups15_17/group_15_RELEASE_SLOT_1_AXI_TO_SOURCE/ACTIVE_BASE_WITHOUT_RETIRED_GROUP14.xdc:72]
Resolution: To avoid ambiguous patterns, provide proper objects using get commands e.g. [get_nets xyz].
INFO: [Vivado 12-2286] Implicit search of objects for pattern 'G2B_ONECH_C2H/release_generation_axi_reg[2][10]' matched to 'cell' objects. [C:/FPGA/G2B_LUT1_RECOVERY3_RUNTIME/raw/groups15_17/group_15_RELEASE_SLOT_1_AXI_TO_SOURCE/ACTIVE_BASE_WITHOUT_RETIRED_GROUP14.xdc:72]
Resolution: To avoid ambiguous patterns, provide proper objects using get commands e.g. [get_nets xyz].
INFO: [Vivado 12-2286] Implicit search of objects for pattern 'G2B_ONECH_C2H/release_generation_axi_reg[2][11]' matched to 'cell' objects. [C:/FPGA/G2B_LUT1_RECOVERY3_RUNTIME/raw/groups15_17/group_15_RELEASE_SLOT_1_AXI_TO_SOURCE/ACTIVE_BASE_WITHOUT_RETIRED_GROUP14.xdc:72]
Resolution: To avoid ambiguous patterns, provide proper objects using get commands e.g. [get_nets xyz].
INFO: [Vivado 12-2286] Implicit search of objects for pattern 'G2B_ONECH_C2H/release_generation_axi_reg[2][12]' matched to 'cell' objects. [C:/FPGA/G2B_LUT1_RECOVERY3_RUNTIME/raw/groups15_17/group_15_RELEASE_SLOT_1_AXI_TO_SOURCE/ACTIVE_BASE_WITHOUT_RETIRED_GROUP14.xdc:72]
Resolution: To avoid ambiguous patterns, provide proper objects using get commands e.g. [get_nets xyz].
INFO: [Vivado 12-2286] Implicit search of objects for pattern 'G2B_ONECH_C2H/release_generation_axi_reg[2][13]' matched to 'cell' objects. [C:/FPGA/G2B_LUT1_RECOVERY3_RUNTIME/raw/groups15_17/group_15_RELEASE_SLOT_1_AXI_TO_SOURCE/ACTIVE_BASE_WITHOUT_RETIRED_GROUP14.xdc:72]
Resolution: To avoid ambiguous patterns, provide proper objects using get commands e.g. [get_nets xyz].
INFO: [Vivado 12-2286] Implicit search of objects for pattern 'G2B_ONECH_C2H/release_generation_axi_reg[2][14]' matched to 'cell' objects. [C:/FPGA/G2B_LUT1_RECOVERY3_RUNTIME/raw/groups15_17/group_15_RELEASE_SLOT_1_AXI_TO_SOURCE/ACTIVE_BASE_WITHOUT_RETIRED_GROUP14.xdc:72]
Resolution: To avoid ambiguous patterns, provide proper objects using get commands e.g. [get_nets xyz].
INFO: [Vivado 12-2286] Implicit search of objects for pattern 'G2B_ONECH_C2H/release_generation_axi_reg[2][15]' matched to 'cell' objects. [C:/FPGA/G2B_LUT1_RECOVERY3_RUNTIME/raw/groups15_17/group_15_RELEASE_SLOT_1_AXI_TO_SOURCE/ACTIVE_BASE_WITHOUT_RETIRED_GROUP14.xdc:72]
Resolution: To avoid ambiguous patterns, provide proper objects using get commands e.g. [get_nets xyz].
INFO: [Vivado 12-2286] Implicit search of objects for pattern 'G2B_ONECH_C2H/release_generation_axi_reg[2][16]' matched to 'cell' objects. [C:/FPGA/G2B_LUT1_RECOVERY3_RUNTIME/raw/groups15_17/group_15_RELEASE_SLOT_1_AXI_TO_SOURCE/ACTIVE_BASE_WITHOUT_RETIRED_GROUP14.xdc:72]
Resolution: To avoid ambiguous patterns, provide proper objects using get commands e.g. [get_nets xyz].
INFO: [Vivado 12-2286] Implicit search of objects for pattern 'G2B_ONECH_C2H/release_generation_axi_reg[2][17]' matched to 'cell' objects. [C:/FPGA/G2B_LUT1_RECOVERY3_RUNTIME/raw/groups15_17/group_15_RELEASE_SLOT_1_AXI_TO_SOURCE/ACTIVE_BASE_WITHOUT_RETIRED_GROUP14.xdc:72]
Resolution: To avoid ambiguous patterns, provide proper objects using get commands e.g. [get_nets xyz].
INFO: [Vivado 12-2286] Implicit search of objects for pattern 'G2B_ONECH_C2H/release_generation_axi_reg[2][18]' matched to 'cell' objects. [C:/FPGA/G2B_LUT1_RECOVERY3_RUNTIME/raw/groups15_17/group_15_RELEASE_SLOT_1_AXI_TO_SOURCE/ACTIVE_BASE_WITHOUT_RETIRED_GROUP14.xdc:72]
Resolution: To avoid ambiguous patterns, provide proper objects using get commands e.g. [get_nets xyz].
INFO: [Vivado 12-2286] Implicit search of objects for pattern 'G2B_ONECH_C2H/release_generation_axi_reg[2][19]' matched to 'cell' objects. [C:/FPGA/G2B_LUT1_RECOVERY3_RUNTIME/raw/groups15_17/group_15_RELEASE_SLOT_1_AXI_TO_SOURCE/ACTIVE_BASE_WITHOUT_RETIRED_GROUP14.xdc:72]
Resolution: To avoid ambiguous patterns, provide proper objects using get commands e.g. [get_nets xyz].
INFO: [Vivado 12-2286] Implicit search of objects for pattern 'G2B_ONECH_C2H/release_generation_axi_reg[2][1]' matched to 'cell' objects. [C:/FPGA/G2B_LUT1_RECOVERY3_RUNTIME/raw/groups15_17/group_15_RELEASE_SLOT_1_AXI_TO_SOURCE/ACTIVE_BASE_WITHOUT_RETIRED_GROUP14.xdc:72]
Resolution: To avoid ambiguous patterns, provide proper objects using get commands e.g. [get_nets xyz].
INFO: [Vivado 12-2286] Implicit search of objects for pattern 'G2B_ONECH_C2H/release_generation_axi_reg[2][20]' matched to 'cell' objects. [C:/FPGA/G2B_LUT1_RECOVERY3_RUNTIME/raw/groups15_17/group_15_RELEASE_SLOT_1_AXI_TO_SOURCE/ACTIVE_BASE_WITHOUT_RETIRED_GROUP14.xdc:72]
Resolution: To avoid ambiguous patterns, provide proper objects using get commands e.g. [get_nets xyz].
INFO: [Vivado 12-2286] Implicit search of objects for pattern 'G2B_ONECH_C2H/release_generation_axi_reg[2][21]' matched to 'cell' objects. [C:/FPGA/G2B_LUT1_RECOVERY3_RUNTIME/raw/groups15_17/group_15_RELEASE_SLOT_1_AXI_TO_SOURCE/ACTIVE_BASE_WITHOUT_RETIRED_GROUP14.xdc:72]
Resolution: To avoid ambiguous patterns, provide proper objects using get commands e.g. [get_nets xyz].
INFO: [Vivado 12-2286] Implicit search of objects for pattern 'G2B_ONECH_C2H/release_generation_axi_reg[2][22]' matched to 'cell' objects. [C:/FPGA/G2B_LUT1_RECOVERY3_RUNTIME/raw/groups15_17/group_15_RELEASE_SLOT_1_AXI_TO_SOURCE/ACTIVE_BASE_WITHOUT_RETIRED_GROUP14.xdc:72]
Resolution: To avoid ambiguous patterns, provide proper objects using get commands e.g. [get_nets xyz].
INFO: [Vivado 12-2286] Implicit search of objects for pattern 'G2B_ONECH_C2H/release_generation_axi_reg[2][23]' matched to 'cell' objects. [C:/FPGA/G2B_LUT1_RECOVERY3_RUNTIME/raw/groups15_17/group_15_RELEASE_SLOT_1_AXI_TO_SOURCE/ACTIVE_BASE_WITHOUT_RETIRED_GROUP14.xdc:72]
Resolution: To avoid ambiguous patterns, provide proper objects using get commands e.g. [get_nets xyz].
INFO: [Vivado 12-2286] Implicit search of objects for pattern 'G2B_ONECH_C2H/release_generation_axi_reg[2][2]' matched to 'cell' objects. [C:/FPGA/G2B_LUT1_RECOVERY3_RUNTIME/raw/groups15_17/group_15_RELEASE_SLOT_1_AXI_TO_SOURCE/ACTIVE_BASE_WITHOUT_RETIRED_GROUP14.xdc:72]
Resolution: To avoid ambiguous patterns, provide proper objects using get commands e.g. [get_nets xyz].
INFO: [Vivado 12-2286] Implicit search of objects for pattern 'G2B_ONECH_C2H/release_generation_axi_reg[2][3]' matched to 'cell' objects. [C:/FPGA/G2B_LUT1_RECOVERY3_RUNTIME/raw/groups15_17/group_15_RELEASE_SLOT_1_AXI_TO_SOURCE/ACTIVE_BASE_WITHOUT_RETIRED_GROUP14.xdc:72]
Resolution: To avoid ambiguous patterns, provide proper objects using get commands e.g. [get_nets xyz].
INFO: [Vivado 12-2286] Implicit search of objects for pattern 'G2B_ONECH_C2H/release_generation_axi_reg[2][4]' matched to 'cell' objects. [C:/FPGA/G2B_LUT1_RECOVERY3_RUNTIME/raw/groups15_17/group_15_RELEASE_SLOT_1_AXI_TO_SOURCE/ACTIVE_BASE_WITHOUT_RETIRED_GROUP14.xdc:72]
Resolution: To avoid ambiguous patterns, provide proper objects using get commands e.g. [get_nets xyz].
INFO: [Vivado 12-2286] Implicit search of objects for pattern 'G2B_ONECH_C2H/release_generation_axi_reg[2][5]' matched to 'cell' objects. [C:/FPGA/G2B_LUT1_RECOVERY3_RUNTIME/raw/groups15_17/group_15_RELEASE_SLOT_1_AXI_TO_SOURCE/ACTIVE_BASE_WITHOUT_RETIRED_GROUP14.xdc:72]
Resolution: To avoid ambiguous patterns, provide proper objects using get commands e.g. [get_nets xyz].
INFO: [Vivado 12-2286] Implicit search of objects for pattern 'G2B_ONECH_C2H/release_generation_axi_reg[2][6]' matched to 'cell' objects. [C:/FPGA/G2B_LUT1_RECOVERY3_RUNTIME/raw/groups15_17/group_15_RELEASE_SLOT_1_AXI_TO_SOURCE/ACTIVE_BASE_WITHOUT_RETIRED_GROUP14.xdc:72]
Resolution: To avoid ambiguous patterns, provide proper objects using get commands e.g. [get_nets xyz].
INFO: [Vivado 12-2286] Implicit search of objects for pattern 'G2B_ONECH_C2H/release_generation_axi_reg[2][7]' matched to 'cell' objects. [C:/FPGA/G2B_LUT1_RECOVERY3_RUNTIME/raw/groups15_17/group_15_RELEASE_SLOT_1_AXI_TO_SOURCE/ACTIVE_BASE_WITHOUT_RETIRED_GROUP14.xdc:72]
Resolution: To avoid ambiguous patterns, provide proper objects using get commands e.g. [get_nets xyz].
INFO: [Vivado 12-2286] Implicit search of objects for pattern 'G2B_ONECH_C2H/release_generation_axi_reg[2][8]' matched to 'cell' objects. [C:/FPGA/G2B_LUT1_RECOVERY3_RUNTIME/raw/groups15_17/group_15_RELEASE_SLOT_1_AXI_TO_SOURCE/ACTIVE_BASE_WITHOUT_RETIRED_GROUP14.xdc:72]
Resolution: To avoid ambiguous patterns, provide proper objects using get commands e.g. [get_nets xyz].
INFO: [Vivado 12-2286] Implicit search of objects for pattern 'G2B_ONECH_C2H/release_generation_axi_reg[2][9]' matched to 'cell' objects. [C:/FPGA/G2B_LUT1_RECOVERY3_RUNTIME/raw/groups15_17/group_15_RELEASE_SLOT_1_AXI_TO_SOURCE/ACTIVE_BASE_WITHOUT_RETIRED_GROUP14.xdc:72]
Resolution: To avoid ambiguous patterns, provide proper objects using get commands e.g. [get_nets xyz].
INFO: [Vivado 12-2286] Implicit search of objects for pattern 'G2B_ONECH_C2H/release_epoch_axi_reg[2][0]' matched to 'cell' objects. [C:/FPGA/G2B_LUT1_RECOVERY3_RUNTIME/raw/groups15_17/group_15_RELEASE_SLOT_1_AXI_TO_SOURCE/ACTIVE_BASE_WITHOUT_RETIRED_GROUP14.xdc:72]
Resolution: To avoid ambiguous patterns, provide proper objects using get commands e.g. [get_nets xyz].
INFO: [Vivado 12-2286] Implicit search of objects for pattern 'G2B_ONECH_C2H/release_epoch_axi_reg[2][10]' matched to 'cell' objects. [C:/FPGA/G2B_LUT1_RECOVERY3_RUNTIME/raw/groups15_17/group_15_RELEASE_SLOT_1_AXI_TO_SOURCE/ACTIVE_BASE_WITHOUT_RETIRED_GROUP14.xdc:72]
Resolution: To avoid ambiguous patterns, provide proper objects using get commands e.g. [get_nets xyz].
INFO: [Vivado 12-2286] Implicit search of objects for pattern 'G2B_ONECH_C2H/release_epoch_axi_reg[2][11]' matched to 'cell' objects. [C:/FPGA/G2B_LUT1_RECOVERY3_RUNTIME/raw/groups15_17/group_15_RELEASE_SLOT_1_AXI_TO_SOURCE/ACTIVE_BASE_WITHOUT_RETIRED_GROUP14.xdc:72]
Resolution: To avoid ambiguous patterns, provide proper objects using get commands e.g. [get_nets xyz].
INFO: [Vivado 12-2286] Implicit search of objects for pattern 'G2B_ONECH_C2H/release_epoch_axi_reg[2][12]' matched to 'cell' objects. [C:/FPGA/G2B_LUT1_RECOVERY3_RUNTIME/raw/groups15_17/group_15_RELEASE_SLOT_1_AXI_TO_SOURCE/ACTIVE_BASE_WITHOUT_RETIRED_GROUP14.xdc:72]
Resolution: To avoid ambiguous patterns, provide proper objects using get commands e.g. [get_nets xyz].
INFO: [Vivado 12-2286] Implicit search of objects for pattern 'G2B_ONECH_C2H/release_epoch_axi_reg[2][13]' matched to 'cell' objects. [C:/FPGA/G2B_LUT1_RECOVERY3_RUNTIME/raw/groups15_17/group_15_RELEASE_SLOT_1_AXI_TO_SOURCE/ACTIVE_BASE_WITHOUT_RETIRED_GROUP14.xdc:72]
Resolution: To avoid ambiguous patterns, provide proper objects using get commands e.g. [get_nets xyz].
INFO: [Vivado 12-2286] Implicit search of objects for pattern 'G2B_ONECH_C2H/release_epoch_axi_reg[2][14]' matched to 'cell' objects. [C:/FPGA/G2B_LUT1_RECOVERY3_RUNTIME/raw/groups15_17/group_15_RELEASE_SLOT_1_AXI_TO_SOURCE/ACTIVE_BASE_WITHOUT_RETIRED_GROUP14.xdc:72]
Resolution: To avoid ambiguous patterns, provide proper objects using get commands e.g. [get_nets xyz].
INFO: [Vivado 12-2286] Implicit search of objects for pattern 'G2B_ONECH_C2H/release_epoch_axi_reg[2][15]' matched to 'cell' objects. [C:/FPGA/G2B_LUT1_RECOVERY3_RUNTIME/raw/groups15_17/group_15_RELEASE_SLOT_1_AXI_TO_SOURCE/ACTIVE_BASE_WITHOUT_RETIRED_GROUP14.xdc:72]
Resolution: To avoid ambiguous patterns, provide proper objects using get commands e.g. [get_nets xyz].
INFO: [Vivado 12-2286] Implicit search of objects for pattern 'G2B_ONECH_C2H/release_epoch_axi_reg[2][16]' matched to 'cell' objects. [C:/FPGA/G2B_LUT1_RECOVERY3_RUNTIME/raw/groups15_17/group_15_RELEASE_SLOT_1_AXI_TO_SOURCE/ACTIVE_BASE_WITHOUT_RETIRED_GROUP14.xdc:72]
Resolution: To avoid ambiguous patterns, provide proper objects using get commands e.g. [get_nets xyz].
INFO: [Vivado 12-2286] Implicit search of objects for pattern 'G2B_ONECH_C2H/release_epoch_axi_reg[2][17]' matched to 'cell' objects. [C:/FPGA/G2B_LUT1_RECOVERY3_RUNTIME/raw/groups15_17/group_15_RELEASE_SLOT_1_AXI_TO_SOURCE/ACTIVE_BASE_WITHOUT_RETIRED_GROUP14.xdc:72]
Resolution: To avoid ambiguous patterns, provide proper objects using get commands e.g. [get_nets xyz].
INFO: [Vivado 12-2286] Implicit search of objects for pattern 'G2B_ONECH_C2H/release_epoch_axi_reg[2][18]' matched to 'cell' objects. [C:/FPGA/G2B_LUT1_RECOVERY3_RUNTIME/raw/groups15_17/group_15_RELEASE_SLOT_1_AXI_TO_SOURCE/ACTIVE_BASE_WITHOUT_RETIRED_GROUP14.xdc:72]
Resolution: To avoid ambiguous patterns, provide proper objects using get commands e.g. [get_nets xyz].
INFO: [Vivado 12-2286] Implicit search of objects for pattern 'G2B_ONECH_C2H/release_epoch_axi_reg[2][19]' matched to 'cell' objects. [C:/FPGA/G2B_LUT1_RECOVERY3_RUNTIME/raw/groups15_17/group_15_RELEASE_SLOT_1_AXI_TO_SOURCE/ACTIVE_BASE_WITHOUT_RETIRED_GROUP14.xdc:72]
Resolution: To avoid ambiguous patterns, provide proper objects using get commands e.g. [get_nets xyz].
INFO: [Vivado 12-2286] Implicit search of objects for pattern 'G2B_ONECH_C2H/release_epoch_axi_reg[2][1]' matched to 'cell' objects. [C:/FPGA/G2B_LUT1_RECOVERY3_RUNTIME/raw/groups15_17/group_15_RELEASE_SLOT_1_AXI_TO_SOURCE/ACTIVE_BASE_WITHOUT_RETIRED_GROUP14.xdc:72]
Resolution: To avoid ambiguous patterns, provide proper objects using get commands e.g. [get_nets xyz].
INFO: [Vivado 12-2286] Implicit search of objects for pattern 'G2B_ONECH_C2H/release_epoch_axi_reg[2][20]' matched to 'cell' objects. [C:/FPGA/G2B_LUT1_RECOVERY3_RUNTIME/raw/groups15_17/group_15_RELEASE_SLOT_1_AXI_TO_SOURCE/ACTIVE_BASE_WITHOUT_RETIRED_GROUP14.xdc:72]
Resolution: To avoid ambiguous patterns, provide proper objects using get commands e.g. [get_nets xyz].
INFO: [Vivado 12-2286] Implicit search of objects for pattern 'G2B_ONECH_C2H/release_epoch_axi_reg[2][21]' matched to 'cell' objects. [C:/FPGA/G2B_LUT1_RECOVERY3_RUNTIME/raw/groups15_17/group_15_RELEASE_SLOT_1_AXI_TO_SOURCE/ACTIVE_BASE_WITHOUT_RETIRED_GROUP14.xdc:72]
Resolution: To avoid ambiguous patterns, provide proper objects using get commands e.g. [get_nets xyz].
INFO: [Vivado 12-2286] Implicit search of objects for pattern 'G2B_ONECH_C2H/release_epoch_axi_reg[2][22]' matched to 'cell' objects. [C:/FPGA/G2B_LUT1_RECOVERY3_RUNTIME/raw/groups15_17/group_15_RELEASE_SLOT_1_AXI_TO_SOURCE/ACTIVE_BASE_WITHOUT_RETIRED_GROUP14.xdc:72]
Resolution: To avoid ambiguous patterns, provide proper objects using get commands e.g. [get_nets xyz].
INFO: [Vivado 12-2286] Implicit search of objects for pattern 'G2B_ONECH_C2H/release_epoch_axi_reg[2][23]' matched to 'cell' objects. [C:/FPGA/G2B_LUT1_RECOVERY3_RUNTIME/raw/groups15_17/group_15_RELEASE_SLOT_1_AXI_TO_SOURCE/ACTIVE_BASE_WITHOUT_RETIRED_GROUP14.xdc:72]
Resolution: To avoid ambiguous patterns, provide proper objects using get commands e.g. [get_nets xyz].
INFO: [Vivado 12-2286] Implicit search of objects for pattern 'G2B_ONECH_C2H/release_epoch_axi_reg[2][24]' matched to 'cell' objects. [C:/FPGA/G2B_LUT1_RECOVERY3_RUNTIME/raw/groups15_17/group_15_RELEASE_SLOT_1_AXI_TO_SOURCE/ACTIVE_BASE_WITHOUT_RETIRED_GROUP14.xdc:72]
Resolution: To avoid ambiguous patterns, provide proper objects using get commands e.g. [get_nets xyz].
INFO: [Vivado 12-2286] Implicit search of objects for pattern 'G2B_ONECH_C2H/release_epoch_axi_reg[2][25]' matched to 'cell' objects. [C:/FPGA/G2B_LUT1_RECOVERY3_RUNTIME/raw/groups15_17/group_15_RELEASE_SLOT_1_AXI_TO_SOURCE/ACTIVE_BASE_WITHOUT_RETIRED_GROUP14.xdc:72]
Resolution: To avoid ambiguous patterns, provide proper objects using get commands e.g. [get_nets xyz].
INFO: [Vivado 12-2286] Implicit search of objects for pattern 'G2B_ONECH_C2H/release_epoch_axi_reg[2][26]' matched to 'cell' objects. [C:/FPGA/G2B_LUT1_RECOVERY3_RUNTIME/raw/groups15_17/group_15_RELEASE_SLOT_1_AXI_TO_SOURCE/ACTIVE_BASE_WITHOUT_RETIRED_GROUP14.xdc:72]
Resolution: To avoid ambiguous patterns, provide proper objects using get commands e.g. [get_nets xyz].
INFO: [Vivado 12-2286] Implicit search of objects for pattern 'G2B_ONECH_C2H/release_epoch_axi_reg[2][27]' matched to 'cell' objects. [C:/FPGA/G2B_LUT1_RECOVERY3_RUNTIME/raw/groups15_17/group_15_RELEASE_SLOT_1_AXI_TO_SOURCE/ACTIVE_BASE_WITHOUT_RETIRED_GROUP14.xdc:72]
Resolution: To avoid ambiguous patterns, provide proper objects using get commands e.g. [get_nets xyz].
INFO: [Common 17-14] Message 'Vivado 12-2286' appears 100 times and further instances of the messages will be disabled. Use the Tcl command set_msg_config to change the current settings. [C:/FPGA/G2B_LUT1_RECOVERY3_RUNTIME/raw/groups15_17/group_15_RELEASE_SLOT_1_AXI_TO_SOURCE/ACTIVE_BASE_WITHOUT_RETIRED_GROUP14.xdc:72]
Finished Parsing XDC File [C:/FPGA/G2B_LUT1_RECOVERY3_RUNTIME/raw/groups15_17/group_15_RELEASE_SLOT_1_AXI_TO_SOURCE/ACTIVE_BASE_WITHOUT_RETIRED_GROUP14.xdc]
read_xdc: Time (s): cpu = 00:02:48 ; elapsed = 00:03:55 . Memory (MB): peak = 1737.859 ; gain = 12.809
Parsing XDC File [C:/FPGA/V41_G2B_EVIDENCE/v41-development-g2b-bs3-ownership-mailbox-settling-proof/G2B_BS3_CANDIDATE_OWNERSHIP_CONSTRAINTS.xdc]
Finished Parsing XDC File [C:/FPGA/V41_G2B_EVIDENCE/v41-development-g2b-bs3-ownership-mailbox-settling-proof/G2B_BS3_CANDIDATE_OWNERSHIP_CONSTRAINTS.xdc]
read_xdc: Time (s): cpu = 00:00:10 ; elapsed = 00:00:14 . Memory (MB): peak = 1737.859 ; gain = 0.000
Parsing XDC File [C:/FPGA/V41_G2B_EVIDENCE/v41-development-g2b-g13a-reset-return-signoff-audit/G2B_G13A_CANDIDATE_CONSTRAINTS.xdc]
Finished Parsing XDC File [C:/FPGA/V41_G2B_EVIDENCE/v41-development-g2b-g13a-reset-return-signoff-audit/G2B_G13A_CANDIDATE_CONSTRAINTS.xdc]
read_xdc: Time (s): cpu = 00:00:10 ; elapsed = 00:00:13 . Memory (MB): peak = 1737.859 ; gain = 0.000
Parsing XDC File [C:/FPGA/V41_G2B_EVIDENCE/v41-development-g2b-g14a-release-slot0-signoff-audit/G2B_G14A_CANDIDATE_CONSTRAINTS.xdc]
Finished Parsing XDC File [C:/FPGA/V41_G2B_EVIDENCE/v41-development-g2b-g14a-release-slot0-signoff-audit/G2B_G14A_CANDIDATE_CONSTRAINTS.xdc]
read_xdc: Time (s): cpu = 00:00:14 ; elapsed = 00:00:17 . Memory (MB): peak = 1737.859 ; gain = 0.000
Parsing XDC File [C:/FPGA/G2B_LUT1_RECOVERY3_RUNTIME/raw/groups15_17/group_15_RELEASE_SLOT_1_AXI_TO_SOURCE/QUERY_BASE_WITHOUT_BUS_SKEW.xdc]
INFO: [Timing 38-35] Done setting XDC timing constraints. [C:/FPGA/G2B_LUT1_RECOVERY3_RUNTIME/raw/groups15_17/group_15_RELEASE_SLOT_1_AXI_TO_SOURCE/QUERY_BASE_WITHOUT_BUS_SKEW.xdc:19]
INFO: [Timing 38-2] Deriving generated clocks [C:/FPGA/G2B_LUT1_RECOVERY3_RUNTIME/raw/groups15_17/group_15_RELEASE_SLOT_1_AXI_TO_SOURCE/QUERY_BASE_WITHOUT_BUS_SKEW.xdc:19]
INFO: [Timing 38-2] Deriving generated clocks [C:/FPGA/G2B_LUT1_RECOVERY3_RUNTIME/raw/groups15_17/group_15_RELEASE_SLOT_1_AXI_TO_SOURCE/QUERY_BASE_WITHOUT_BUS_SKEW.xdc:66]
Finished Parsing XDC File [C:/FPGA/G2B_LUT1_RECOVERY3_RUNTIME/raw/groups15_17/group_15_RELEASE_SLOT_1_AXI_TO_SOURCE/QUERY_BASE_WITHOUT_BUS_SKEW.xdc]
read_xdc: Time (s): cpu = 00:01:19 ; elapsed = 00:01:53 . Memory (MB): peak = 1737.859 ; gain = 0.000
WARNING: [filemgmt 56-128] File 'C:/FPGA/V41_G2B_EVIDENCE/v41-development-g2b-bs3-ownership-mailbox-settling-proof/G2B_BS3_CANDIDATE_OWNERSHIP_CONSTRAINTS.xdc' is already in the project and will not be added again
Parsing XDC File [C:/FPGA/V41_G2B_EVIDENCE/v41-development-g2b-bs3-ownership-mailbox-settling-proof/G2B_BS3_CANDIDATE_OWNERSHIP_CONSTRAINTS.xdc]
Finished Parsing XDC File [C:/FPGA/V41_G2B_EVIDENCE/v41-development-g2b-bs3-ownership-mailbox-settling-proof/G2B_BS3_CANDIDATE_OWNERSHIP_CONSTRAINTS.xdc]
read_xdc: Time (s): cpu = 00:00:08 ; elapsed = 00:00:12 . Memory (MB): peak = 1737.859 ; gain = 0.000
WARNING: [filemgmt 56-128] File 'C:/FPGA/V41_G2B_EVIDENCE/v41-development-g2b-g13a-reset-return-signoff-audit/G2B_G13A_CANDIDATE_CONSTRAINTS.xdc' is already in the project and will not be added again
Parsing XDC File [C:/FPGA/V41_G2B_EVIDENCE/v41-development-g2b-g13a-reset-return-signoff-audit/G2B_G13A_CANDIDATE_CONSTRAINTS.xdc]
Finished Parsing XDC File [C:/FPGA/V41_G2B_EVIDENCE/v41-development-g2b-g13a-reset-return-signoff-audit/G2B_G13A_CANDIDATE_CONSTRAINTS.xdc]
read_xdc: Time (s): cpu = 00:00:08 ; elapsed = 00:00:12 . Memory (MB): peak = 1737.859 ; gain = 0.000
WARNING: [filemgmt 56-128] File 'C:/FPGA/V41_G2B_EVIDENCE/v41-development-g2b-g14a-release-slot0-signoff-audit/G2B_G14A_CANDIDATE_CONSTRAINTS.xdc' is already in the project and will not be added again
Parsing XDC File [C:/FPGA/V41_G2B_EVIDENCE/v41-development-g2b-g14a-release-slot0-signoff-audit/G2B_G14A_CANDIDATE_CONSTRAINTS.xdc]
Finished Parsing XDC File [C:/FPGA/V41_G2B_EVIDENCE/v41-development-g2b-g14a-release-slot0-signoff-audit/G2B_G14A_CANDIDATE_CONSTRAINTS.xdc]
read_xdc: Time (s): cpu = 00:00:14 ; elapsed = 00:00:20 . Memory (MB): peak = 1737.859 ; gain = 0.000
INFO: [Timing 38-91] UpdateTimingParams: Speed grade: -2, Delay Type: min_max.
INFO: [Timing 38-191] Multithreading enabled for timing update using a maximum of 2 CPUs
