NUMERICAL_GATE=PASS
SOURCE_FORMULA=DIVIDER := CLK_HZ / (I2C_HZ * 2)
CLK_HZ=62500000
BASE_CYCLE_US=0.016000
POR_RELEASE_EDGE=320
R17_RELEASE_EDGE=31250320
WRAPPER_START_PULSE_EDGE=93750321
ENGINE_START_SAMPLE_EDGE=93750322
SUCCESS_PATH_TICK_ACTIONS=31043
SUCCESS_PATH_TICK_INTERVALS_FIRST_IDLE_TO_FINISH=31042
WATCHDOG_COUNTER_TERMINAL=1250
WATCHDOG_ELIGIBLE_CYCLES=1251
WATCHDOG_WALL_CLOCK_US=20.016000
I2C_50000_I2C_HZ=50000
I2C_50000_DIVIDER=625
I2C_50000_TICK_COUNTER_CYCLES=626
I2C_50000_STATE_TICK_US=10.016000
I2C_50000_PHYSICAL_SCL_PERIOD_US=20.032000
I2C_50000_PHYSICAL_SCL_HZ=49920.1277955
I2C_50000_FIRST_IDLE_TICK_EDGE=93750387
I2C_50000_FIRST_PHYSICAL_START_EDGE=93751639
I2C_50000_FINISH_COUNTER_VALUE=113182679
I2C_50000_TOTAL_FROM_FIRST_ACTIVE_NVP_ACLK_EDGE_US=1810922.864000
I2C_50000_TOTAL_FROM_NVP_POR_RELEASE_US=1810917.744000
I2C_50000_TOTAL_FROM_FIRST_I2C_START_US=310896.640000
I2C_25000_I2C_HZ=25000
I2C_25000_DIVIDER=1250
I2C_25000_TICK_COUNTER_CYCLES=1251
I2C_25000_STATE_TICK_US=20.016000
I2C_25000_PHYSICAL_SCL_PERIOD_US=40.032000
I2C_25000_PHYSICAL_SCL_HZ=24980.0159872
I2C_25000_FIRST_IDLE_TICK_EDGE=93751192
I2C_25000_FIRST_PHYSICAL_START_EDGE=93753694
I2C_25000_FINISH_COUNTER_VALUE=132584734
I2C_25000_TOTAL_FROM_FIRST_ACTIVE_NVP_ACLK_EDGE_US=2121355.744000
I2C_25000_TOTAL_FROM_NVP_POR_RELEASE_US=2121350.624000
I2C_25000_TOTAL_FROM_FIRST_I2C_START_US=621296.640000
