UTC_START=2026-08-20T18:34:17.3050091Z
UTC_END=2026-08-20T18:34:18.4936518Z
EVIDENCE_KIND=PINNED_DRIVER_RECOVERY_SINGLE_TRANSACTION
RESULT=FAIL
EXIT_CODE=1
ARGUMENT_TOKEN_AUDIT=PASS
PLINK_PW_OPTION_USED=NO
PLINK_PWFILE_OPTION_USED=YES
USERNAME_ROLE_OCCURRENCE=YES_AUTHORIZED
PASSWORD_ROLE_ARGUMENT_OCCURRENCE=NO
REMOTE_COMMAND_SHARED_LITERAL=NO
INHERITED_ENVIRONMENT_AUDIT=PASS
PWFILE_CREATED=YES
PWFILE_DELETED=YES
STDOUT_BEGIN
GATES=PASS
STDOUT_END
STDERR_BEGIN

sudo: cannot execute '/home/vcdeagent1/FPGA_AHD_HOST/phase2_precheck_accepted/phase2_load_xdma_driver.sh': Permission denied (os error 13)
STDERR_END
