UTC_START=2026-08-20T18:37:34.8905438Z
UTC_END=2026-08-20T18:37:36.8355159Z
EVIDENCE_KIND=POST_FAILED_TRANSACTION_READ_ONLY
RESULT=PASS
EXIT_CODE=0
ARGUMENT_TOKEN_AUDIT=PASS
PLINK_PW_OPTION_USED=NO
PLINK_PWFILE_OPTION_USED=YES
USERNAME_ROLE_OCCURRENCE=YES_AUTHORIZED
PASSWORD_ROLE_ARGUMENT_OCCURRENCE=NO
REMOTE_COMMAND_SHARED_LITERAL=NO
INHERITED_ENVIRONMENT_AUDIT=PASS
PWFILE_CREATED=YES
PWFILE_DELETED=YES
STDOUT_BEGIN
BOOT_ID=20ce3f85-63d7-4d02-a3ad-9c87de8ad794
XDMA_LOADED=NO
BOUND_DRIVER=NONE
NODES=
0000:01:00.0 Memory controller [0580]: Xilinx Corporation 7-Series FPGA Hard PCIe block (AXI/debug) [10ee:7011]
	Region 0: Memory at f6e00000 (32-bit, non-prefetchable) [disabled] [size=128K]
	Region 1: Memory at f6e20000 (32-bit, non-prefetchable) [disabled] [size=64K]
STDOUT_END
STDERR_BEGIN

STDERR_END
