UTC_START=2026-08-23T23:12:46.3549885Z
UTC_END=2026-08-23T23:12:47.6875673Z
EVIDENCE_KIND=R7_POSTLOADER_FORMAL_BOOTSTRAP
RESULT=PASS
EXIT_CODE=0
ARGUMENT_TOKEN_AUDIT=PASS
PLINK_PW_OPTION_USED=NO
PLINK_PWFILE_OPTION_USED=YES
USERNAME_ROLE_OCCURRENCE=YES_AUTHORIZED
PASSWORD_ROLE_ARGUMENT_OCCURRENCE=NO
REMOTE_COMMAND_SHARED_LITERAL=NO
INHERITED_ENVIRONMENT_AUDIT=PASS
PWFILE_CREATED=YES
PWFILE_DELETED=YES
STDOUT_BEGIN
POST_LOADER_ROLE=formal_bootstrap
POST_LOADER_UTC=2026-08-23T23:12:47.735626179Z
REMOTE_EFFECTIVE_USER=root
REMOTE_SUDO_USER=vcdeagent1
PREVIOUS_BOOT_ID=dd140158-f8dc-46eb-9a05-27bb532713aa
CURRENT_BOOT_ID=093fec43-4e32-4c5a-87cc-cbaa389662a1
BOOT_ID_CHANGED=YES
CURRENT_KERNEL=7.0.0-29-generic
PINNED_MODULE_SHA256=1AEF06244DF308FEE544A2662B73855C81BEB88BC929E7885D8D113E474B320A
PINNED_MODULE_VERSION=2025.2.0
PINNED_MODULE_VERMAGIC=7.0.0-29-generic SMP preempt mod_unload modversions 
PINNED_MODULE_SRCVERSION=E2C680AF6D8BF5E3A2F6ACB
ACCEPTED_LOADER_SHA256=7279E316A2D647826B8D5EC6BEDF78A143B72D100B4008C7AC006C1B6653649F
ACCEPTED_LOADER_MODE=644
ACCEPTED_READER_SHA256=808AA85670CCEBD288DE6EA7EE05BEF303272A6E555273E763D75DC45B68351E
DRIVER_EVIDENCE_DIRECTORY=/home/vcdeagent1/FPGA_AHD_HOST/v41_nvp_r1e_r7/bootstrap_driver
DRIVER_EVIDENCE_DIRECTORY_STATE=PRESENT_NONEMPTY
ENDPOINT_COUNT=1
ENDPOINT_LIST=0000:01:00.0
ENDPOINT_BDF=0000:01:00.0
ENDPOINT_VENDOR_DEVICE=10ee:7011
ENDPOINT_SUBSYSTEM=10ee:0007
ENDPOINT_CLASS=058000
CURRENT_LINK_SPEED_RAW=2.5 GT/s PCIe
CURRENT_LINK_WIDTH_RAW=1
ENDPOINT_LINK=GEN1_X1
PCI_RESOURCE_RAW_BEGIN
0x00000000f6e00000 0x00000000f6e1ffff 0x0000000000040200
0x00000000f6e20000 0x00000000f6e2ffff 0x0000000000040200
0x0000000000000000 0x0000000000000000 0x0000000000000000
0x0000000000000000 0x0000000000000000 0x0000000000000000
0x0000000000000000 0x0000000000000000 0x0000000000000000
0x0000000000000000 0x0000000000000000 0x0000000000000000
0x0000000000000000 0x0000000000000000 0x0000000000000000
0x0000000000000000 0x0000000000000000 0x0000000000000000
0x0000000000000000 0x0000000000000000 0x0000000000000000
0x0000000000000000 0x0000000000000000 0x0000000000000000
0x0000000000000000 0x0000000000000000 0x0000000000000000
0x0000000000000000 0x0000000000000000 0x0000000000000000
0x0000000000000000 0x0000000000000000 0x0000000000000000
PCI_RESOURCE_RAW_END
BAR_PARSER_SHA256=5F7A6BDBF498720E1B40C54AB71A7E86BBD43AF1758AB207CF7EEBA65B15A922
BAR_PARSER_OUTPUT_BEGIN
BAR0_START=0x00000000f6e00000
BAR0_END=0x00000000f6e1ffff
BAR0_FLAGS=0x0000000000040200
BAR0_BYTES=131072
BAR1_START=0x00000000f6e20000
BAR1_END=0x00000000f6e2ffff
BAR1_FLAGS=0x0000000000040200
BAR1_BYTES=65536
BAR_PARSER_OUTPUT_END
BAR0_BYTES=131072
BAR1_BYTES=65536
XDMA_LOADED_MODULE_ROWS=1
XDMA_LOADED_VERSION=2025.2.0
XDMA_LOADED_SRCVERSION=E2C680AF6D8BF5E3A2F6ACB
ENDPOINT_BOUND_DRIVER=xdma
ENDPOINT_BOUND_MODULE=/sys/module/xdma
XDMA_NODE_COUNT=21
XDMA_NODE_LIST=xdma0_c2h_0,xdma0_control,xdma0_events_0,xdma0_events_1,xdma0_events_10,xdma0_events_11,xdma0_events_12,xdma0_events_13,xdma0_events_14,xdma0_events_15,xdma0_events_2,xdma0_events_3,xdma0_events_4,xdma0_events_5,xdma0_events_6,xdma0_events_7,xdma0_events_8,xdma0_events_9,xdma0_h2c_0,xdma0_user,xdma0_xvc
XDMA_EXPECTED_NODE_LIST=xdma0_c2h_0,xdma0_control,xdma0_events_0,xdma0_events_1,xdma0_events_10,xdma0_events_11,xdma0_events_12,xdma0_events_13,xdma0_events_14,xdma0_events_15,xdma0_events_2,xdma0_events_3,xdma0_events_4,xdma0_events_5,xdma0_events_6,xdma0_events_7,xdma0_events_8,xdma0_events_9,xdma0_h2c_0,xdma0_user,xdma0_xvc
XDMA_OPEN_PIDS=NONE
TASK_DMA_COMMANDS=0
TARGETED_KERNEL_CRITICAL_MATCH_COUNT=0
TARGETED_KERNEL_CRITICAL_MATCHES_BEGIN

TARGETED_KERNEL_CRITICAL_MATCHES_END
KERNEL_AER_XDMA_HEALTH=PASS
RAW_BLOCK_ID=0xA40A0C07
RAW_PROTOCOL=0x0000400B
RAW_CAPABILITIES=0x00031002
RAW_RECONSTRUCTED_GIT_SHA=0000000000000000000000000000000000000000
RAW_BUILD_FLAGS=0x00000000
RAW_PAGE_0X2000=0x00000000
RUNTIME_IMAGE=FORMAL_PHASE2_EXACT_IDENTITY_PAGE_ZERO
RAW_READER_MODE=O_RDONLY_PREAD_ONLY
ACCEPTED_READER_BEGIN=BLOCK_ID
XDMA_USER_NODE=/dev/xdma0_user
AXI_LITE_OFFSET=0x00000000
AXI_LITE_OBSERVED=0xA40A0C07
AXI_LITE_EXPECTED=0xA40A0C07
AXI_LITE_READ_RESULT=PASS
ACCEPTED_READER_END=BLOCK_ID
ACCEPTED_READER_BEGIN=PROTOCOL
XDMA_USER_NODE=/dev/xdma0_user
AXI_LITE_OFFSET=0x00000004
AXI_LITE_OBSERVED=0x0000400B
AXI_LITE_EXPECTED=0x0000400B
AXI_LITE_READ_RESULT=PASS
ACCEPTED_READER_END=PROTOCOL
ACCEPTED_READER_BEGIN=CAPABILITIES
XDMA_USER_NODE=/dev/xdma0_user
AXI_LITE_OFFSET=0x00000008
AXI_LITE_OBSERVED=0x00031002
AXI_LITE_EXPECTED=0x00031002
AXI_LITE_READ_RESULT=PASS
ACCEPTED_READER_END=CAPABILITIES
ACCEPTED_READER_BEGIN=DIAGNOSTIC_MAGIC
XDMA_USER_NODE=/dev/xdma0_user
AXI_LITE_OFFSET=0x00002000
AXI_LITE_OBSERVED=0x00000000
AXI_LITE_EXPECTED=0x00000000
AXI_LITE_READ_RESULT=PASS
ACCEPTED_READER_END=DIAGNOSTIC_MAGIC
POST_LOADER_MMIO=READ_ONLY
POST_LOADER_GATE=PASS_FORMAL_BOOTSTRAP
STDOUT_END
STDERR_BEGIN

STDERR_END
