UTC_START=2026-08-20T12:37:32.1352447Z
UTC_END=2026-08-20T12:37:33.4365016Z
EVIDENCE_KIND=FORMAL_REG_BLOCK_ID_R2
RESULT=FAIL
EXIT_CODE=3
ARGUMENT_TOKEN_AUDIT=PASS
PLINK_PW_OPTION_USED=NO
PLINK_PWFILE_OPTION_USED=YES
USERNAME_ROLE_OCCURRENCE=YES_AUTHORIZED
PASSWORD_ROLE_ARGUMENT_OCCURRENCE=NO
REMOTE_COMMAND_SHARED_LITERAL=NO
INHERITED_ENVIRONMENT_AUDIT=PASS
PWFILE_CREATED=YES
PWFILE_DELETED=YES
STDOUT_BEGIN
XDMA_USER_NODE=/dev/xdma0_user
AXI_LITE_OFFSET=0x00000000
AXI_LITE_OBSERVED=0xA40A0C07
AXI_LITE_EXPECTED=0x00000000
AXI_LITE_READ_RESULT=FAIL
STDOUT_END
STDERR_BEGIN

STDERR_END
