UTC_START=2026-08-20T12:34:59.7807102Z
UTC_END=2026-08-20T12:35:01.1798286Z
EVIDENCE_KIND=FORMAL_HOST_STATE
RESULT=PASS
EXIT_CODE=0
ARGUMENT_TOKEN_AUDIT=PASS
PLINK_PW_OPTION_USED=NO
PLINK_PWFILE_OPTION_USED=YES
USERNAME_ROLE_OCCURRENCE=YES_AUTHORIZED
PASSWORD_ROLE_ARGUMENT_OCCURRENCE=NO
REMOTE_COMMAND_SHARED_LITERAL=NO
INHERITED_ENVIRONMENT_AUDIT=PASS
PWFILE_CREATED=YES
PWFILE_DELETED=YES
STDOUT_BEGIN
UTC=2026-08-20T12:35:02Z
HOSTNAME=VCDE-DUT-1
BOOT_ID=b636cf27-8373-4ca0-8819-ef2b8a722822
ENDPOINT_COUNT=1
0000:01:00.0 Memory controller [0580]: Xilinx Corporation 7-Series FPGA Hard PCIe block (AXI/debug) [10ee:7011]
0000:01:00.0 Memory controller: Xilinx Corporation 7-Series FPGA Hard PCIe block (AXI/debug)
	Subsystem: Xilinx Corporation Device 0007
	Control: I/O- Mem+ BusMaster+ SpecCycle- MemWINV- VGASnoop- ParErr- Stepping- SERR- FastB2B- DisINTx-
	Status: Cap+ 66MHz- UDF- FastB2B- ParErr- DEVSEL=fast >TAbort- <TAbort- <MAbort- >SERR- <PERR- INTx-
	Latency: 0, Cache Line Size: 64 bytes
	Interrupt: pin A routed to IRQ 83
	IOMMU group: 13
	Region 0: Memory at f6e00000 (32-bit, non-prefetchable) [size=128K]
	Region 1: Memory at f6e20000 (32-bit, non-prefetchable) [size=64K]
	Capabilities: <access denied>
	Kernel driver in use: xdma

RESOURCE_BEGIN
0x00000000f6e00000 0x00000000f6e1ffff 0x0000000000040200
0x00000000f6e20000 0x00000000f6e2ffff 0x0000000000040200
0x0000000000000000 0x0000000000000000 0x0000000000000000
0x0000000000000000 0x0000000000000000 0x0000000000000000
0x0000000000000000 0x0000000000000000 0x0000000000000000
0x0000000000000000 0x0000000000000000 0x0000000000000000
0x0000000000000000 0x0000000000000000 0x0000000000000000
0x0000000000000000 0x0000000000000000 0x0000000000000000
0x0000000000000000 0x0000000000000000 0x0000000000000000
0x0000000000000000 0x0000000000000000 0x0000000000000000
0x0000000000000000 0x0000000000000000 0x0000000000000000
0x0000000000000000 0x0000000000000000 0x0000000000000000
0x0000000000000000 0x0000000000000000 0x0000000000000000
RESOURCE_END
DRIVER_LINK=../../../../bus/pci/drivers/xdma
xdma                  114688  0
filename:       /lib/modules/7.0.0-29-generic/kernel/drivers/dma/xilinx/xdma.ko.zst
license:        GPL
author:         XRT Team <runtimeca39d@amd.com>
description:    AMD XDMA driver
srcversion:     8F61105E6B60B5A7A441D9A
alias:          platform:xdma
depends:        
intree:         Y
name:           xdma
retpoline:      Y
vermagic:       7.0.0-29-generic SMP preempt mod_unload modversions 
sig_id:         PKCS#7
signer:         Build time autogenerated kernel key
sig_key:        25:84:45:71:EF:28:15:5F:FB:E8:A3:AE:5F:FD:86:B9:DC:66:18:CD
sig_hashalgo:   sha512
signature:      06:11:86:11:60:07:ED:6D:70:E2:D8:61:56:E1:87:77:5A:09:29:01:
		88:55:DD:C0:46:01:27:36:6A:2A:A2:43:32:52:D2:A5:0D:58:F4:E6:
		DC:1B:EF:B3:A9:40:D1:4B:E4:4F:AB:BD:08:81:41:8A:FF:C6:9F:1D:
		12:8D:49:67:4B:97:2F:54:9D:28:1B:8A:BE:43:10:BE:7E:01:8A:A0:
		5B:F9:46:7A:8A:E2:33:09:2A:F6:30:98:DA:72:A9:73:60:BB:43:74:
		9B:D7:98:A7:72:5D:ED:FE:B2:A2:B8:0B:EE:86:11:BD:41:46:B2:8B:
		11:73:6F:9E:48:18:38:0F:BA:39:CB:2F:B6:ED:D4:44:B4:59:71:72:
		14:EC:E8:A5:0F:65:80:6E:1A:B7:4E:90:21:9F:06:93:36:AF:36:BD:
		D4:E8:B6:B8:C9:00:DA:34:10:7E:F5:5E:97:A0:56:88:1D:7F:4A:46:
		63:06:A2:D3:FF:BE:12:38:45:A5:4D:9D:3C:BB:EB:38:CE:08:98:AC:
XDMA_MODULE_SHA256=523ed1f77a4700773ef1df846a54592d7396774826acabbcb222e104cc5a9490
XDMA_NODES_BEGIN
xdma0_xvc Wed Aug 19 20:25:17.2351784720 2026:%\nxdma0_user Wed Aug 19 20:25:17.2351784720 2026:%\nxdma0_c2h_0 Wed Aug 19 20:25:17.2365532370 2026:%\nxdma0_h2c_0 Wed Aug 19 20:25:17.2361784490 2026:%\nxdma0_events_15 Wed Aug 19 20:25:17.2355541500 2026:%\nxdma0_events_14 Wed Aug 19 20:25:17.2351784720 2026:%\nxdma0_events_13 Wed Aug 19 20:25:17.2341784960 2026:%\nxdma0_events_12 Wed Aug 19 20:25:17.2341784960 2026:%\nxdma0_events_11 Wed Aug 19 20:25:17.2341784960 2026:%\nxdma0_events_10 Wed Aug 19 20:25:17.2341784960 2026:%\nxdma0_events_9 Wed Aug 19 20:25:17.2341784960 2026:%\nxdma0_events_8 Wed Aug 19 20:25:17.2335169520 2026:%\nxdma0_events_7 Wed Aug 19 20:25:17.2336947310 2026:%\nxdma0_events_6 Wed Aug 19 20:25:17.2336947310 2026:%\nxdma0_events_5 Wed Aug 19 20:25:17.2335169520 2026:%\nxdma0_events_4 Wed Aug 19 20:25:17.2336947310 2026:%\nxdma0_events_3 Wed Aug 19 20:25:17.2331785190 2026:%\nxdma0_events_2 Wed Aug 19 20:25:17.2331785190 2026:%\nxdma0_events_1 Wed Aug 19 20:25:17.2336947310 2026:%\nxdma0_events_0 Wed Aug 19 20:25:17.2336947310 2026:%\nxdma0_control Wed Aug 19 20:25:17.2335169520 2026:%\n
XDMA_NODES_END
READER_EXISTS=YES
READER_SHA256=808aa85670ccebd288de6ea7ee05bef303272a6e555273e763d75dc45b68351e
REG_BLOCK_ID_BEGIN
REG_BLOCK_ID_END
REG_PROTOCOL_BEGIN
REG_PROTOCOL_END
REG_CAPABILITIES_BEGIN
REG_CAPABILITIES_END
REG_DIAGNOSTIC_MAGIC_BEGIN
REG_DIAGNOSTIC_MAGIC_END
KERNEL_HEALTH_BEGIN
KERNEL_HEALTH_END
STDOUT_END
STDERR_BEGIN

sudo: interactive authentication is required
sudo: interactive authentication is required
sudo: interactive authentication is required
sudo: interactive authentication is required
sudo: interactive authentication is required
STDERR_END
