UTC_START=2026-08-20T12:36:13.4050357Z
UTC_END=2026-08-20T12:36:24.8102108Z
EVIDENCE_KIND=FORMAL_HOST_STATE_R2
RESULT=PASS
EXIT_CODE=0
ARGUMENT_TOKEN_AUDIT=PASS
PLINK_PW_OPTION_USED=NO
PLINK_PWFILE_OPTION_USED=YES
USERNAME_ROLE_OCCURRENCE=YES_AUTHORIZED
PASSWORD_ROLE_ARGUMENT_OCCURRENCE=NO
REMOTE_COMMAND_SHARED_LITERAL=NO
INHERITED_ENVIRONMENT_AUDIT=PASS
PWFILE_CREATED=YES
PWFILE_DELETED=YES
STDOUT_BEGIN
UTC=2026-08-20T12:36:15Z
HOSTNAME=VCDE-DUT-1
BOOT_ID=b636cf27-8373-4ca0-8819-ef2b8a722822
ENDPOINT_COUNT=1
0000:01:00.0 Memory controller [0580]: Xilinx Corporation 7-Series FPGA Hard PCIe block (AXI/debug) [10ee:7011]
0000:01:00.0 Memory controller: Xilinx Corporation 7-Series FPGA Hard PCIe block (AXI/debug)
	Subsystem: Xilinx Corporation Device 0007
	Control: I/O- Mem+ BusMaster+ SpecCycle- MemWINV- VGASnoop- ParErr- Stepping- SERR- FastB2B- DisINTx-
	Status: Cap+ 66MHz- UDF- FastB2B- ParErr- DEVSEL=fast >TAbort- <TAbort- <MAbort- >SERR- <PERR- INTx-
	Latency: 0, Cache Line Size: 64 bytes
	Interrupt: pin A routed to IRQ 83
	IOMMU group: 13
	Region 0: Memory at f6e00000 (32-bit, non-prefetchable) [size=128K]
	Region 1: Memory at f6e20000 (32-bit, non-prefetchable) [size=64K]
	Capabilities: <access denied>
	Kernel driver in use: xdma

RESOURCE_BEGIN
0x00000000f6e00000 0x00000000f6e1ffff 0x0000000000040200
0x00000000f6e20000 0x00000000f6e2ffff 0x0000000000040200
0x0000000000000000 0x0000000000000000 0x0000000000000000
0x0000000000000000 0x0000000000000000 0x0000000000000000
0x0000000000000000 0x0000000000000000 0x0000000000000000
0x0000000000000000 0x0000000000000000 0x0000000000000000
0x0000000000000000 0x0000000000000000 0x0000000000000000
0x0000000000000000 0x0000000000000000 0x0000000000000000
0x0000000000000000 0x0000000000000000 0x0000000000000000
0x0000000000000000 0x0000000000000000 0x0000000000000000
0x0000000000000000 0x0000000000000000 0x0000000000000000
0x0000000000000000 0x0000000000000000 0x0000000000000000
0x0000000000000000 0x0000000000000000 0x0000000000000000
RESOURCE_END
DRIVER_LINK=../../../../bus/pci/drivers/xdma
xdma                  114688  0
filename:       /lib/modules/7.0.0-29-generic/kernel/drivers/dma/xilinx/xdma.ko.zst
license:        GPL
author:         XRT Team <runtimeca39d@amd.com>
description:    AMD XDMA driver
srcversion:     8F61105E6B60B5A7A441D9A
alias:          platform:xdma
depends:        
intree:         Y
name:           xdma
retpoline:      Y
vermagic:       7.0.0-29-generic SMP preempt mod_unload modversions 
sig_id:         PKCS#7
signer:         Build time autogenerated kernel key
sig_key:        25:84:45:71:EF:28:15:5F:FB:E8:A3:AE:5F:FD:86:B9:DC:66:18:CD
sig_hashalgo:   sha512
signature:      06:11:86:11:60:07:ED:6D:70:E2:D8:61:56:E1:87:77:5A:09:29:01:
		88:55:DD:C0:46:01:27:36:6A:2A:A2:43:32:52:D2:A5:0D:58:F4:E6:
		DC:1B:EF:B3:A9:40:D1:4B:E4:4F:AB:BD:08:81:41:8A:FF:C6:9F:1D:
		12:8D:49:67:4B:97:2F:54:9D:28:1B:8A:BE:43:10:BE:7E:01:8A:A0:
		5B:F9:46:7A:8A:E2:33:09:2A:F6:30:98:DA:72:A9:73:60:BB:43:74:
		9B:D7:98:A7:72:5D:ED:FE:B2:A2:B8:0B:EE:86:11:BD:41:46:B2:8B:
		11:73:6F:9E:48:18:38:0F:BA:39:CB:2F:B6:ED:D4:44:B4:59:71:72:
		14:EC:E8:A5:0F:65:80:6E:1A:B7:4E:90:21:9F:06:93:36:AF:36:BD:
		D4:E8:B6:B8:C9:00:DA:34:10:7E:F5:5E:97:A0:56:88:1D:7F:4A:46:
		63:06:A2:D3:FF:BE:12:38:45:A5:4D:9D:3C:BB:EB:38:CE:08:98:AC:
XDMA_MODULE_SHA256=523ed1f77a4700773ef1df846a54592d7396774826acabbcb222e104cc5a9490
XDMA_NODES_BEGIN
/dev/xdma0_c2h_0
/dev/xdma0_control
/dev/xdma0_events_0
/dev/xdma0_events_1
/dev/xdma0_events_10
/dev/xdma0_events_11
/dev/xdma0_events_12
/dev/xdma0_events_13
/dev/xdma0_events_14
/dev/xdma0_events_15
/dev/xdma0_events_2
/dev/xdma0_events_3
/dev/xdma0_events_4
/dev/xdma0_events_5
/dev/xdma0_events_6
/dev/xdma0_events_7
/dev/xdma0_events_8
/dev/xdma0_events_9
/dev/xdma0_h2c_0
/dev/xdma0_user
/dev/xdma0_xvc
XDMA_NODES_END
READER_EXISTS=YES
READER_SHA256=808aa85670ccebd288de6ea7ee05bef303272a6e555273e763d75dc45b68351e
REG_BLOCK_ID_BEGIN
XDMA_USER_NODE=/dev/xdma0_user
AXI_LITE_OFFSET=0x00000000
AXI_LITE_OBSERVED=0xA40A0C07
AXI_LITE_EXPECTED=0x00000000
AXI_LITE_READ_RESULT=FAIL
REG_BLOCK_ID_END
REG_PROTOCOL_BEGIN
XDMA_USER_NODE=/dev/xdma0_user
AXI_LITE_OFFSET=0x00000004
AXI_LITE_OBSERVED=0x0000400B
AXI_LITE_EXPECTED=0x00000000
AXI_LITE_READ_RESULT=FAIL
REG_PROTOCOL_END
REG_CAPABILITIES_BEGIN
XDMA_USER_NODE=/dev/xdma0_user
AXI_LITE_OFFSET=0x00000008
AXI_LITE_OBSERVED=0x00031002
AXI_LITE_EXPECTED=0x00000000
AXI_LITE_READ_RESULT=FAIL
REG_CAPABILITIES_END
REG_DIAGNOSTIC_MAGIC_BEGIN
XDMA_USER_NODE=/dev/xdma0_user
AXI_LITE_OFFSET=0x00002000
AXI_LITE_OBSERVED=0x00000000
AXI_LITE_EXPECTED=0x00000000
AXI_LITE_READ_RESULT=PASS
REG_DIAGNOSTIC_MAGIC_END
KERNEL_HEALTH_BEGIN
Aug 19 20:23:06.730907 VCDE-DUT-1 kernel: acpi PNP0A08:00: _OSC: OS now controls [PCIeHotplug SHPCHotplug PME AER PCIeCapability LTR DPC]
Aug 19 20:23:06.732428 VCDE-DUT-1 kernel: pci 0000:00:01.1: [1022:14ed] type 01 class 0x060400 PCIe Root Port
Aug 19 20:23:06.733059 VCDE-DUT-1 kernel: pci 0000:00:02.1: [1022:14ee] type 01 class 0x060400 PCIe Root Port
Aug 19 20:23:06.733809 VCDE-DUT-1 kernel: pci 0000:00:02.2: [1022:14ee] type 01 class 0x060400 PCIe Root Port
Aug 19 20:23:06.734715 VCDE-DUT-1 kernel: pci 0000:00:08.1: [1022:14eb] type 01 class 0x060400 PCIe Root Port
Aug 19 20:23:06.735582 VCDE-DUT-1 kernel: pci 0000:00:08.2: [1022:14eb] type 01 class 0x060400 PCIe Root Port
Aug 19 20:23:06.736326 VCDE-DUT-1 kernel: pci 0000:00:08.3: [1022:14eb] type 01 class 0x060400 PCIe Root Port
Aug 19 20:23:06.738275 VCDE-DUT-1 kernel: pci 0000:01:00.0: [10ee:7011] type 00 class 0x058000 PCIe Endpoint
Aug 19 20:23:06.738914 VCDE-DUT-1 kernel: pci 0000:02:00.0: [1022:43f4] type 01 class 0x060400 PCIe Switch Upstream Port
Aug 19 20:23:06.739829 VCDE-DUT-1 kernel: pci 0000:03:00.0: [1022:43f5] type 01 class 0x060400 PCIe Switch Downstream Port
Aug 19 20:23:06.740378 VCDE-DUT-1 kernel: pci 0000:03:08.0: [1022:43f5] type 01 class 0x060400 PCIe Switch Downstream Port
Aug 19 20:23:06.740920 VCDE-DUT-1 kernel: pci 0000:03:09.0: [1022:43f5] type 01 class 0x060400 PCIe Switch Downstream Port
Aug 19 20:23:06.741465 VCDE-DUT-1 kernel: pci 0000:03:0a.0: [1022:43f5] type 01 class 0x060400 PCIe Switch Downstream Port
Aug 19 20:23:06.742271 VCDE-DUT-1 kernel: pci 0000:03:0b.0: [1022:43f5] type 01 class 0x060400 PCIe Switch Downstream Port
Aug 19 20:23:06.742819 VCDE-DUT-1 kernel: pci 0000:03:0c.0: [1022:43f5] type 01 class 0x060400 PCIe Switch Downstream Port
Aug 19 20:23:06.743500 VCDE-DUT-1 kernel: pci 0000:03:0d.0: [1022:43f5] type 01 class 0x060400 PCIe Switch Downstream Port
Aug 19 20:23:06.744708 VCDE-DUT-1 kernel: pci 0000:07:00.0: [10ec:8168] type 00 class 0x020000 PCIe Endpoint
Aug 19 20:23:06.745814 VCDE-DUT-1 kernel: pci 0000:09:00.0: [1022:43f7] type 00 class 0x0c0330 PCIe Legacy Endpoint
Aug 19 20:23:06.746522 VCDE-DUT-1 kernel: pci 0000:0a:00.0: [1022:43f6] type 00 class 0x010601 PCIe Legacy Endpoint
Aug 19 20:23:06.747336 VCDE-DUT-1 kernel: pci 0000:0b:00.0: [12ab:0710] type 00 class 0x048000 PCIe Endpoint
Aug 19 20:23:06.747975 VCDE-DUT-1 kernel: pci 0000:0c:00.0: [1002:15bf] type 00 class 0x030000 PCIe Legacy Endpoint
Aug 19 20:23:06.748875 VCDE-DUT-1 kernel: pci 0000:0c:00.1: [1002:1640] type 00 class 0x040300 PCIe Legacy Endpoint
Aug 19 20:23:06.749394 VCDE-DUT-1 kernel: pci 0000:0c:00.2: [1022:15c7] type 00 class 0x108000 PCIe Endpoint
Aug 19 20:23:06.749901 VCDE-DUT-1 kernel: pci 0000:0c:00.3: [1022:15b9] type 00 class 0x0c0330 PCIe Endpoint
Aug 19 20:23:06.750425 VCDE-DUT-1 kernel: pci 0000:0c:00.4: [1022:15ba] type 00 class 0x0c0330 PCIe Endpoint
Aug 19 20:23:06.750941 VCDE-DUT-1 kernel: pci 0000:0c:00.6: [1022:15e3] type 00 class 0x040300 PCIe Endpoint
Aug 19 20:23:06.751590 VCDE-DUT-1 kernel: pci 0000:0d:00.0: [1022:14ec] type 00 class 0x130000 PCIe Endpoint
Aug 19 20:23:06.751980 VCDE-DUT-1 kernel: pci 0000:0d:00.1: [1022:1502] type 00 class 0x118000 PCIe Endpoint
Aug 19 20:23:06.752875 VCDE-DUT-1 kernel: pci 0000:0e:00.0: [1022:14ec] type 00 class 0x130000 PCIe Endpoint
Aug 19 20:23:06.753136 VCDE-DUT-1 kernel: pci 0000:0e:00.3: [1022:15c0] type 00 class 0x0c0330 PCIe Endpoint
Aug 19 20:23:06.753658 VCDE-DUT-1 kernel: pci 0000:0e:00.4: [1022:15c1] type 00 class 0x0c0330 PCIe Endpoint
Aug 19 20:23:06.773150 VCDE-DUT-1 kernel: pcieport 0000:00:01.1: PME: Signaling with IRQ 27
Aug 19 20:23:06.773269 VCDE-DUT-1 kernel: pcieport 0000:00:02.1: PME: Signaling with IRQ 28
Aug 19 20:23:06.773392 VCDE-DUT-1 kernel: pcieport 0000:00:02.2: PME: Signaling with IRQ 29
Aug 19 20:23:06.773510 VCDE-DUT-1 kernel: pcieport 0000:00:08.1: PME: Signaling with IRQ 30
Aug 19 20:23:06.773631 VCDE-DUT-1 kernel: pcieport 0000:00:08.2: PME: Signaling with IRQ 31
Aug 19 20:23:06.773750 VCDE-DUT-1 kernel: pcieport 0000:00:08.3: PME: Signaling with IRQ 32
Aug 19 20:25:17.219337 VCDE-DUT-1 kernel: xdma: loading out-of-tree module taints kernel.
Aug 19 20:25:17.219461 VCDE-DUT-1 kernel: xdma: module verification failed: signature and/or required key missing - tainting kernel
Aug 19 20:25:17.220307 VCDE-DUT-1 kernel: xdma:xdma_mod_init: Xilinx XDMA Reference Driver xdma v2025.2.0
Aug 19 20:25:17.220331 VCDE-DUT-1 kernel: xdma:xdma_mod_init: desc_blen_max: 0xfffffff/268435455, timeout: h2c 10 c2h 10 sec.
Aug 19 20:25:17.220352 VCDE-DUT-1 kernel: xdma:xdma_device_open: xdma device 0000:01:00.0, 0x000000006bfcf242.
Aug 19 20:25:17.220376 VCDE-DUT-1 kernel: xdma 0000:01:00.0: enabling device (0000 -> 0002)
Aug 19 20:25:17.220711 VCDE-DUT-1 kernel: xdma:map_single_bar: BAR0 at 0xf6e00000 mapped at 0x00000000a0ec3886, length=131072(/131072)
Aug 19 20:25:17.220725 VCDE-DUT-1 kernel: xdma:map_single_bar: BAR1 at 0xf6e20000 mapped at 0x00000000d85f7901, length=65536(/65536)
Aug 19 20:25:17.220737 VCDE-DUT-1 kernel: xdma:map_bars: config bar 1, pos 1.
Aug 19 20:25:17.220748 VCDE-DUT-1 kernel: xdma:identify_bars: 2 BARs: config 1, user 0, bypass -1.
Aug 19 20:25:17.220758 VCDE-DUT-1 kernel: xdma:pci_keep_intx_enabled: 0000:01:00.0: clear INTX_DISABLE, 0x406 -> 0x6.
Aug 19 20:25:17.220768 VCDE-DUT-1 kernel: xdma:probe_one: 0000:01:00.0 xdma0, pdev 0x000000006bfcf242, xdev 0x000000007085ecde, 0x00000000a1264e44, usr 16, ch 1,1.
Aug 19 20:25:17.221308 VCDE-DUT-1 kernel: xdma:cdev_xvc_init: xcdev 0x000000004f849edd, bar 0, offset 0x40000.
KERNEL_HEALTH_END
STDOUT_END
STDERR_BEGIN


sudo: Authentication failed, try again.


sudo: Authentication failed, try again.


sudo: Authentication failed, try again.


sudo: Authentication failed, try again.


sudo: Authentication failed, try again.
STDERR_END
