UTC_START=2026-08-20T12:54:42.5425592Z
UTC_END=2026-08-20T12:54:43.9502203Z
EVIDENCE_KIND=RUN_01_BOOT_RETURN
RESULT=PASS
EXIT_CODE=0
ARGUMENT_TOKEN_AUDIT=PASS
PLINK_PW_OPTION_USED=NO
PLINK_PWFILE_OPTION_USED=YES
USERNAME_ROLE_OCCURRENCE=YES_AUTHORIZED
PASSWORD_ROLE_ARGUMENT_OCCURRENCE=NO
REMOTE_COMMAND_SHARED_LITERAL=NO
INHERITED_ENVIRONMENT_AUDIT=PASS
PWFILE_CREATED=YES
PWFILE_DELETED=YES
STDOUT_BEGIN
474a99f8-a6c7-4330-82b6-fe6dab644f82
VCDE-DUT-1
vcdeagent1
STDOUT_END
STDERR_BEGIN

STDERR_END
