UTC_START=2026-08-20T12:55:59.1899762Z
UTC_END=2026-08-20T12:56:00.5690233Z
EVIDENCE_KIND=RUN_01_KERNEL_HEALTH
RESULT=PASS
EXIT_CODE=0
ARGUMENT_TOKEN_AUDIT=PASS
PLINK_PW_OPTION_USED=NO
PLINK_PWFILE_OPTION_USED=YES
USERNAME_ROLE_OCCURRENCE=YES_AUTHORIZED
PASSWORD_ROLE_ARGUMENT_OCCURRENCE=NO
REMOTE_COMMAND_SHARED_LITERAL=NO
INHERITED_ENVIRONMENT_AUDIT=PASS
PWFILE_CREATED=YES
PWFILE_DELETED=YES
STDOUT_BEGIN
Aug 20 14:54:14.759429 VCDE-DUT-1 kernel: acpi PNP0A08:00: _OSC: OS now controls [PCIeHotplug SHPCHotplug PME AER PCIeCapability LTR DPC]
Aug 20 14:54:14.761028 VCDE-DUT-1 kernel: pci 0000:00:01.1: [1022:14ed] type 01 class 0x060400 PCIe Root Port
Aug 20 14:54:14.761794 VCDE-DUT-1 kernel: pci 0000:00:02.1: [1022:14ee] type 01 class 0x060400 PCIe Root Port
Aug 20 14:54:14.762649 VCDE-DUT-1 kernel: pci 0000:00:02.2: [1022:14ee] type 01 class 0x060400 PCIe Root Port
Aug 20 14:54:14.763948 VCDE-DUT-1 kernel: pci 0000:00:08.1: [1022:14eb] type 01 class 0x060400 PCIe Root Port
Aug 20 14:54:14.764813 VCDE-DUT-1 kernel: pci 0000:00:08.2: [1022:14eb] type 01 class 0x060400 PCIe Root Port
Aug 20 14:54:14.765592 VCDE-DUT-1 kernel: pci 0000:00:08.3: [1022:14eb] type 01 class 0x060400 PCIe Root Port
Aug 20 14:54:14.767869 VCDE-DUT-1 kernel: pci 0000:01:00.0: [10ee:7011] type 00 class 0x058000 PCIe Endpoint
Aug 20 14:54:14.768382 VCDE-DUT-1 kernel: pci 0000:02:00.0: [1022:43f4] type 01 class 0x060400 PCIe Switch Upstream Port
Aug 20 14:54:14.769282 VCDE-DUT-1 kernel: pci 0000:03:00.0: [1022:43f5] type 01 class 0x060400 PCIe Switch Downstream Port
Aug 20 14:54:14.769828 VCDE-DUT-1 kernel: pci 0000:03:08.0: [1022:43f5] type 01 class 0x060400 PCIe Switch Downstream Port
Aug 20 14:54:14.770362 VCDE-DUT-1 kernel: pci 0000:03:09.0: [1022:43f5] type 01 class 0x060400 PCIe Switch Downstream Port
Aug 20 14:54:14.770961 VCDE-DUT-1 kernel: pci 0000:03:0a.0: [1022:43f5] type 01 class 0x060400 PCIe Switch Downstream Port
Aug 20 14:54:14.771764 VCDE-DUT-1 kernel: pci 0000:03:0b.0: [1022:43f5] type 01 class 0x060400 PCIe Switch Downstream Port
Aug 20 14:54:14.772293 VCDE-DUT-1 kernel: pci 0000:03:0c.0: [1022:43f5] type 01 class 0x060400 PCIe Switch Downstream Port
Aug 20 14:54:14.772960 VCDE-DUT-1 kernel: pci 0000:03:0d.0: [1022:43f5] type 01 class 0x060400 PCIe Switch Downstream Port
Aug 20 14:54:14.774155 VCDE-DUT-1 kernel: pci 0000:07:00.0: [10ec:8168] type 00 class 0x020000 PCIe Endpoint
Aug 20 14:54:14.775269 VCDE-DUT-1 kernel: pci 0000:09:00.0: [1022:43f7] type 00 class 0x0c0330 PCIe Legacy Endpoint
Aug 20 14:54:14.775974 VCDE-DUT-1 kernel: pci 0000:0a:00.0: [1022:43f6] type 00 class 0x010601 PCIe Legacy Endpoint
Aug 20 14:54:14.776804 VCDE-DUT-1 kernel: pci 0000:0b:00.0: [12ab:0710] type 00 class 0x048000 PCIe Endpoint
Aug 20 14:54:14.777438 VCDE-DUT-1 kernel: pci 0000:0c:00.0: [1002:15bf] type 00 class 0x030000 PCIe Legacy Endpoint
Aug 20 14:54:14.778325 VCDE-DUT-1 kernel: pci 0000:0c:00.1: [1002:1640] type 00 class 0x040300 PCIe Legacy Endpoint
Aug 20 14:54:14.778845 VCDE-DUT-1 kernel: pci 0000:0c:00.2: [1022:15c7] type 00 class 0x108000 PCIe Endpoint
Aug 20 14:54:14.779356 VCDE-DUT-1 kernel: pci 0000:0c:00.3: [1022:15b9] type 00 class 0x0c0330 PCIe Endpoint
Aug 20 14:54:14.779877 VCDE-DUT-1 kernel: pci 0000:0c:00.4: [1022:15ba] type 00 class 0x0c0330 PCIe Endpoint
Aug 20 14:54:14.780388 VCDE-DUT-1 kernel: pci 0000:0c:00.6: [1022:15e3] type 00 class 0x040300 PCIe Endpoint
Aug 20 14:54:14.781017 VCDE-DUT-1 kernel: pci 0000:0d:00.0: [1022:14ec] type 00 class 0x130000 PCIe Endpoint
Aug 20 14:54:14.781398 VCDE-DUT-1 kernel: pci 0000:0d:00.1: [1022:1502] type 00 class 0x118000 PCIe Endpoint
Aug 20 14:54:14.782284 VCDE-DUT-1 kernel: pci 0000:0e:00.0: [1022:14ec] type 00 class 0x130000 PCIe Endpoint
Aug 20 14:54:14.782569 VCDE-DUT-1 kernel: pci 0000:0e:00.3: [1022:15c0] type 00 class 0x0c0330 PCIe Endpoint
Aug 20 14:54:14.783091 VCDE-DUT-1 kernel: pci 0000:0e:00.4: [1022:15c1] type 00 class 0x0c0330 PCIe Endpoint
Aug 20 14:54:14.802436 VCDE-DUT-1 kernel: pcieport 0000:00:01.1: PME: Signaling with IRQ 27
Aug 20 14:54:14.802563 VCDE-DUT-1 kernel: pcieport 0000:00:02.1: PME: Signaling with IRQ 28
Aug 20 14:54:14.802683 VCDE-DUT-1 kernel: pcieport 0000:00:02.2: PME: Signaling with IRQ 29
Aug 20 14:54:14.802803 VCDE-DUT-1 kernel: pcieport 0000:00:08.1: PME: Signaling with IRQ 30
Aug 20 14:54:14.802922 VCDE-DUT-1 kernel: pcieport 0000:00:08.2: PME: Signaling with IRQ 31
Aug 20 14:54:14.803040 VCDE-DUT-1 kernel: pcieport 0000:00:08.3: PME: Signaling with IRQ 32
STDOUT_END
STDERR_BEGIN

STDERR_END
