BUS_SKEW_STATE=RUNNING
ROUTED_DCP=C:/FPGA/G2B_NVP_VIDEO_DIAG1_R1_20260909T203832Z/reports/vivado_full/G2B_NVP_VIDEO_DIAG1_R1_ROUTED.dcp
ROUTED_DCP_SHA256=45376E1B2BA92A5A4C19B4349FFE1B7A2F57C39A4B77AAF3AD421644376CE99F
FULL_RAW_XDC_SHA256=DA72E91DC520FF939C52B61EAAFDB4758C16F9373358605EBBEBDD13C379A63F
BASE_RAW_XDC_SHA256=7001BD73938BD26440EE49AEB37534E6F27C33113066A9208F108ACC3EB7924A
FULL_RAW_BUS_SKEW_CONSTRAINTS=11
BASE_RAW_BUS_SKEW_CONSTRAINTS=0
PRE_SETUP_WNS=0.109
PRE_HOLD_WHS=0.036
FULL_SEMANTIC_XDC_SHA256=CF855733D4B0C0646964D29099589BE23068AD4E4CFE109072BDB8B33E1A2082
FULL_SEMANTIC_XDC_CANONICAL_SHA256=4EDC4305DFD5B6A0F2EEA9E45CEABDDF4DC74B30A2CD9B394ED22E7500FC1B44
FULL_NORMALIZATION_PASSES=2
BASE_SEMANTIC_XDC_SHA256=9B7D8F16F69732EFC86D2E7EDD3CAAB8F3FECD43C466580C68188F417A51A113
BASE_SEMANTIC_XDC_CANONICAL_SHA256=71AA6C415CD652DD6B1370BC545686ADB5FDE68D05747E0238F77D85CDF9F5BC
BASE_NORMALIZATION_PASSES=2
FULL_BUS_SKEW_CONSTRAINTS=11
BASE_BUS_SKEW_CONSTRAINTS=0
BASE_MAX_DELAY_CONSTRAINTS=26
BASE_FALSE_PATH_CONSTRAINTS=30
BASE_CLOCK_GROUP_CONSTRAINTS=1
GROUP_1_NAME=CFG_PCIE_TO_NVP
GROUP_1_SOURCE_COUNT=74
GROUP_1_DESTINATION_COUNT=74
GROUP_1_OBJECTS_SHA256=A3EFF874297EEE7D505F91F1BA53FC6B7FB797B8E5AEBB6ED5A7AD914C84B9C6
GROUP_1_ISOLATED_XDC_SHA256=4057C6A5378DA685534E9E274FE1CF69E390BC3942E3F7855720B84153391DCA
GROUP_1_RAW_REPORT_SHA256=803C560E0EB7F1DB61968476020DFFD061B32BD0628DB3D84AD7E03AD7779388
GROUP_1_CORNER=Slow
GROUP_1_REQUIREMENT_NS=3.000
GROUP_1_ACTUAL_NS=1.241
GROUP_1_SLACK_NS=1.759
GROUP_1_NEGATIVE_DISPLAY=0
GROUP_1_VIOLATION_MARKER=0
GROUP_1_REPORT_ELAPSED_MS=25881
GROUP_1_RESULT=PASS
GROUP_2_NAME=STATUS_NVP_TO_PCIE
GROUP_2_SOURCE_COUNT=291
GROUP_2_DESTINATION_COUNT=291
GROUP_2_OBJECTS_SHA256=FB5316BF22C23E5C04DFFEF26B4BAC856487C45E407633C30060808EF8CF9F55
GROUP_2_ISOLATED_XDC_SHA256=4AFBD64BE7A3A61346F51498546B5C5B15072233C6DC60ECCA82BDEB3632AC69
GROUP_2_RAW_REPORT_SHA256=97F22589E83C3FA23935767E486D6C69623519041586D8D641F68F1C6B2BD4FF
GROUP_2_CORNER=Slow
GROUP_2_REQUIREMENT_NS=3.000
GROUP_2_ACTUAL_NS=1.393
GROUP_2_SLACK_NS=1.607
GROUP_2_NEGATIVE_DISPLAY=0
GROUP_2_VIOLATION_MARKER=0
GROUP_2_REPORT_ELAPSED_MS=39788
GROUP_2_RESULT=PASS
GROUP_3_NAME=DIAGNOSTIC_GRAY_TO_FIRST_STAGE
GROUP_3_SOURCE_COUNT=96
GROUP_3_DESTINATION_COUNT=96
GROUP_3_OBJECTS_SHA256=58626920E31E015E2EBA449F6CF551E5809E497EBD78C98A64E661BC78F071DF
GROUP_3_ISOLATED_XDC_SHA256=433F794387FC7AD1CAEAE9D7E49FE70EA87D7B5F8C7F7BDDFF020E9881C9128C
GROUP_3_RAW_REPORT_SHA256=AA94E9213CD62A92633AD5AAAB2CCAAD4AD3054AD4E12669B2569573D4A27DE3
GROUP_3_CORNER=Slow
GROUP_3_REQUIREMENT_NS=3.000
GROUP_3_ACTUAL_NS=0.997
GROUP_3_SLACK_NS=2.003
GROUP_3_NEGATIVE_DISPLAY=0
GROUP_3_VIOLATION_MARKER=0
GROUP_3_REPORT_ELAPSED_MS=30099
GROUP_3_RESULT=PASS
GROUP_4_NAME=SNAPSHOT_GRAY_SOURCE_TO_AXI
GROUP_4_SOURCE_COUNT=128
GROUP_4_DESTINATION_COUNT=128
GROUP_4_OBJECTS_SHA256=CC4FDF8E19078C65548D21FB9EEA8740F50F56E25E8474FECD413A55D8756E45
GROUP_4_ISOLATED_XDC_SHA256=54FE00A4AE03407E793B1171EE2495CA27A4B75AFE97FD54D62E9CB58791BE03
GROUP_4_RAW_REPORT_SHA256=5AEEDEE2DDD3901654C21658ABEB69A3831FF7021B4E03CCD5777364013C023E
GROUP_4_CORNER=Slow
GROUP_4_REQUIREMENT_NS=3.000
GROUP_4_ACTUAL_NS=1.283
GROUP_4_SLACK_NS=1.717
GROUP_4_NEGATIVE_DISPLAY=0
GROUP_4_VIOLATION_MARKER=0
GROUP_4_REPORT_ELAPSED_MS=35537
GROUP_4_RESULT=PASS
GROUP_5_NAME=SNAPSHOT_EPOCH_SOURCE_TO_AXI
GROUP_5_SOURCE_COUNT=32
GROUP_5_DESTINATION_COUNT=32
GROUP_5_OBJECTS_SHA256=792205FB5EDD7C7B7B13A9B8467330A2A42CAABEC7882E83363CFE156E907856
GROUP_5_ISOLATED_XDC_SHA256=98B4DAFD28A4E41A7B84A000D1A7E566C67969FBD06921DBA6F580F33D51488A
GROUP_5_RAW_REPORT_SHA256=495A416672DD720FF5F87E96CA7E5904F509BDD7D2356733BD150862243E643B
GROUP_5_CORNER=Slow
GROUP_5_REQUIREMENT_NS=3.000
GROUP_5_ACTUAL_NS=0.860
GROUP_5_SLACK_NS=2.140
GROUP_5_NEGATIVE_DISPLAY=0
GROUP_5_VIOLATION_MARKER=0
GROUP_5_REPORT_ELAPSED_MS=38350
GROUP_5_RESULT=PASS
GROUP_6_NAME=HARD_EVENT_BASELINE_SOURCE_TO_AXI
GROUP_6_SOURCE_COUNT=4
GROUP_6_DESTINATION_COUNT=4
GROUP_6_OBJECTS_SHA256=75C452C3400582EA7DBC20B186D33F3B259AC495418FC9D927C8697035F379D0
GROUP_6_ISOLATED_XDC_SHA256=22FDA126FA686EEF6085D1827EC5D9DDE14EDF91315C9763E89BEB49F9EF272F
GROUP_6_RAW_REPORT_SHA256=A79B32953E772045EDBF1428047F7F1B1845CBA847B85F4C1A72481A6E57CDBC
GROUP_6_CORNER=Slow
GROUP_6_REQUIREMENT_NS=3.000
GROUP_6_ACTUAL_NS=0.727
GROUP_6_SLACK_NS=2.273
GROUP_6_NEGATIVE_DISPLAY=0
GROUP_6_VIOLATION_MARKER=0
GROUP_6_REPORT_ELAPSED_MS=26419
GROUP_6_RESULT=PASS
GROUP_7_NAME=SNAPSHOT_EPOCH_AXI_TO_SOURCE
GROUP_7_SOURCE_COUNT=32
GROUP_7_DESTINATION_COUNT=32
GROUP_7_OBJECTS_SHA256=22997D2D79DA557F94FAF6F4217FBA771124CC0C7D33735D715E4983543C3D12
GROUP_7_ISOLATED_XDC_SHA256=2F456EE7DCBF59B4132C6991555520F6BB7C49CC7A296F76EC79D3088D884FF0
GROUP_7_RAW_REPORT_SHA256=2DDD133418E684BF9FEBF0681DCBBCA57B86D5ECEAA9E5CF22A639D20934A2DE
GROUP_7_CORNER=Slow
GROUP_7_REQUIREMENT_NS=3.000
GROUP_7_ACTUAL_NS=1.327
GROUP_7_SLACK_NS=1.673
GROUP_7_NEGATIVE_DISPLAY=0
GROUP_7_VIOLATION_MARKER=0
GROUP_7_REPORT_ELAPSED_MS=26489
GROUP_7_RESULT=PASS
GROUP_8_NAME=TRANSPORT_AXI_TO_SOURCE
GROUP_8_SOURCE_COUNT=38
GROUP_8_DESTINATION_COUNT=217
GROUP_8_OBJECTS_SHA256=26C7BF2468B07F616267E43CA0B11B809004C7698CAFC39323AB336D25500654
GROUP_8_ISOLATED_XDC_SHA256=287FEBE5EC573E86DFD6F5F8229918F0E1464887DA044449069905D2330F3134
GROUP_8_RAW_REPORT_SHA256=CE078FE1393AC6CC58AC815EECB8DD8E017761726F2C3CC1E2EC70696A77CF3B
GROUP_8_CORNER=Slow
GROUP_8_REQUIREMENT_NS=3.000
GROUP_8_ACTUAL_NS=2.251
GROUP_8_SLACK_NS=0.749
GROUP_8_NEGATIVE_DISPLAY=0
GROUP_8_VIOLATION_MARKER=0
GROUP_8_REPORT_ELAPSED_MS=32440
GROUP_8_RESULT=PASS
GROUP_10_NAME=DESCRIPTOR_ATTEMPT_SOURCE_TO_AXI
GROUP_10_SOURCE_COUNT=44
GROUP_10_DESTINATION_COUNT=32
GROUP_10_OBJECTS_SHA256=76B28C4A6CED7A3379D1B2FDF3879F38A671AB873834C7174FC98089046D8B45
GROUP_10_ISOLATED_XDC_SHA256=BB01BFD85019FC96B94F1AD6BED027DC504295882163456D68C5FC87E15376EA
GROUP_10_RAW_REPORT_SHA256=F5749D57A9D59E2CA878B33B5418A940CC8A23B844A0A5AB4B285F761E3B9A91
GROUP_10_CORNER=Slow
GROUP_10_REQUIREMENT_NS=3.000
GROUP_10_ACTUAL_NS=1.299
GROUP_10_SLACK_NS=1.701
GROUP_10_NEGATIVE_DISPLAY=0
GROUP_10_VIOLATION_MARKER=0
GROUP_10_REPORT_ELAPSED_MS=25894
GROUP_10_RESULT=PASS
GROUP_11_NAME=DESCRIPTOR_GENERATION_SOURCE_TO_AXI
GROUP_11_SOURCE_COUNT=32
GROUP_11_DESTINATION_COUNT=24
GROUP_11_OBJECTS_SHA256=AE88DF25DE58F35E5FDB6C2F0736EE71C485BCF4AEDDEBF7BC757CDB111E7D89
GROUP_11_ISOLATED_XDC_SHA256=D9F3F85CB02F22EF3FD4BA0E54A33F9C5AFD5714AF260A8BC3612D7915E08B99
GROUP_11_RAW_REPORT_SHA256=8555D97D9D7D785722E803BB8A799F33B20F759332211D1E497ECDD9BFAD548F
GROUP_11_CORNER=Slow
GROUP_11_REQUIREMENT_NS=3.000
GROUP_11_ACTUAL_NS=1.142
GROUP_11_SLACK_NS=1.858
GROUP_11_NEGATIVE_DISPLAY=0
GROUP_11_VIOLATION_MARKER=0
GROUP_11_REPORT_ELAPSED_MS=26813
GROUP_11_RESULT=PASS
GROUP_12_NAME=DESCRIPTOR_EPOCH_SOURCE_TO_AXI
GROUP_12_SOURCE_COUNT=128
GROUP_12_DESTINATION_COUNT=32
GROUP_12_OBJECTS_SHA256=18EBCECDAF3FAF41263B6B13B1F2AAD89836F727C2573828FECB679213F2C95F
GROUP_12_ISOLATED_XDC_SHA256=40AB8BDB0349F90785E06D49F967E8F9BF28038803BE82CDEE9919C97ED081B6
GROUP_12_RAW_REPORT_SHA256=0D478B9F6A7C12F83844911C05837D29DF1C264195B3566F89BDB32AF34082F0
GROUP_12_CORNER=Slow
GROUP_12_REQUIREMENT_NS=3.000
GROUP_12_ACTUAL_NS=1.805
GROUP_12_SLACK_NS=1.195
GROUP_12_NEGATIVE_DISPLAY=0
GROUP_12_VIOLATION_MARKER=0
GROUP_12_REPORT_ELAPSED_MS=35488
GROUP_12_RESULT=PASS
RESTORED_XDC_SHA256=D27F52C9DCC43D092C0CC8B4444C25738AB32A1201CB0B34C92711120CC4C233
RESTORED_XDC_CANONICAL_SHA256=4EDC4305DFD5B6A0F2EEA9E45CEABDDF4DC74B30A2CD9B394ED22E7500FC1B44
RESTORED_BUS_SKEW_CONSTRAINTS=11
POST_SETUP_WNS=0.109
POST_HOLD_WHS=0.036
CLOCK_SIGNATURE_RESTORED=YES
ROUTE_SIGNATURE_UNCHANGED=YES
BUS_SKEW_OPERATION_RESULT=PASS
FULL_TIMING_RESTORATION=PASS
BUS_SKEW_MET_CONSTRAINTS=11
BUS_SKEW_VIOLATIONS=0
BUS_SKEW_GATE=PASS
