Copyright 1986-2022 Xilinx, Inc. All Rights Reserved. Copyright 2022-2025 Advanced Micro Devices, Inc. All Rights Reserved.
----------------------------------------------------------------------------------------------------------------------------------------------
| Tool Version : Vivado v.2025.2 (win64) Build 6299465 Fri Nov 14 19:35:11 GMT 2025
| Date         : Thu Sep 10 01:14:26 2026
| Host         : NBLSUDUL running 64-bit major release  (build 9200)
| Command      : report_exceptions -coverage -file C:/FPGA/G2B_NVP_VIDEO_DIAG1_R1_20260909T203832Z/reports/vivado_full/EXCEPTION_COVERAGE.rpt
| Design       : ahd_capture_top_xdma
| Device       : 7a35t-csg325
| Speed File   : -2  PRODUCTION 1.23 2018-06-13
| Design State : Routed
----------------------------------------------------------------------------------------------------------------------------------------------

Exceptions Report

Position  Type                     Setup        Hold     From       Through  To         Endpoints  From (%)  Through (%)  To (%)
--------  -----------------------  -----------  -------  ---------  -------  ---------  ---------  --------  -----------  ------
2         False Path               false        false    1 ports                        7          100.00                  
4         False Path               false        false                        1 pins     1                                 100.00
5         False Path               false        false                        1 pins     1                                 100.00
11        False Path               false        false               1 pins              1                    100.00        
12        False Path               false        false               1 pins              1                    100.00        
13        False Path               false        false               1 pins              2                    100.00        
14        False Path               false        false               1 pins              1                    100.00        
15        False Path               false        false               1 pins              2                    100.00        
16        False Path               false        false               1 pins              1                    100.00        
17        False Path               false        false               1 pins              0                    100.00        
18        False Path               false        false               1 pins              1                    100.00        
19        False Path               false        false               1 pins              0                    100.00        
20        False Path               false        false               1 pins              0                    100.00        
21        False Path               false        false               1 pins              2                    100.00        
22        False Path               false        false               1 pins              2                    100.00        
23        False Path               false        false               1 pins              0                    100.00        
24        False Path               false        false               1 pins              0                    100.00        
28        False Path               f_false      f_false  8 ports             1 clocks   8          100.00                 100.00
29        False Path               false        false    1 ports                        7          100.00                  
30        Max Delay Datapath Only  max_dpo=6    -        74 cells            74 cells   74         100.00                 33.33
32        Max Delay Datapath Only  max_dpo=6    -        291 cells           291 cells  291        100.00                 33.33
34        False Path               false        false                        8 pins     8                                 100.00
35        Max Delay Datapath Only  max_dpo=6    -        96 cells            96 pins    96         100.00                 100.00
37        False Path               false        false                        6 pins     6                                 100.00
38        False Path               false        false                        33 pins    32                                96.97
39        Max Delay Datapath Only  max_dpo=6    -        128 cells           128 pins   128        100.00                 100.00
41        Max Delay Datapath Only  max_dpo=6    -        32 cells            32 pins    32         100.00                 100.00
43        Max Delay Datapath Only  max_dpo=6    -        353 cells           403 cells  268        100.00                 22.17
45        Max Delay Datapath Only  max_dpo=2.5  -        38 cells            217 cells  212        100.00                 32.57
47        Max Delay Datapath Only  max_dpo=6    -        2 cells             17 pins    17         100.00                 100.00
48        Max Delay Datapath Only  max_dpo=6    -        24 cells            17 pins    17         100.00                 100.00
49        Max Delay Datapath Only  max_dpo=6    -        32 cells            17 pins    17         100.00                 100.00
50        Max Delay Datapath Only  max_dpo=6    -        56 cells            3 cells    3          100.00                 33.33
51        Max Delay Datapath Only  max_dpo=6    -        56 cells            4 cells    4          100.00                 33.33
52        Max Delay Datapath Only  max_dpo=6    -        56 cells            3 cells    3          100.00                 33.33
53        Max Delay Datapath Only  max_dpo=6    -        212 cells           457 cells  651        90.57                  47.48
57        Max Delay Datapath Only  max_dpo=6    -        3 cells             32 cells   32         100.00                 33.33
58        Max Delay Datapath Only  max_dpo=6    -        4 cells             207 cells  306        100.00                 49.28
59        Max Delay Datapath Only  max_dpo=6    -        4 cells             4 pins     4          100.00                 100.00
61        Max Delay Datapath Only  max_dpo=6    -        56 cells            3 cells    3          100.00                 33.33
62        Max Delay Datapath Only  max_dpo=6    -        56 cells            4 cells    4          100.00                 33.33
63        Max Delay Datapath Only  max_dpo=6    -        56 cells            3 cells    3          100.00                 33.33
64        Max Delay Datapath Only  max_dpo=6    -        56 cells            3 cells    3          100.00                 33.33
65        Max Delay Datapath Only  max_dpo=6    -        56 cells            4 cells    4          100.00                 33.33
66        Max Delay Datapath Only  max_dpo=6    -        56 cells            3 cells    3          100.00                 33.33
67        Max Delay Datapath Only  max_dpo=6    -        56 cells            3 cells    3          100.00                 33.33
68        Max Delay Datapath Only  max_dpo=6    -        56 cells            4 cells    4          100.00                 33.33
69        Max Delay Datapath Only  max_dpo=6    -        56 cells            3 cells    3          100.00                 33.33
70        False Path               false        false               1 pins              4                    100.00        
71        False Path               false        false               1 pins              4                    100.00        
72        False Path               false        false               1 pins              4                    100.00        
73        False Path               false        false               1 pins              2                    100.00        
74        False Path               false        false                        1 cells    0                                 0.00
75        False Path               false        false                        1 cells    1                                 33.33
76        False Path               false        false                        1 cells    1                                 33.33
77        False Path               false        false                        1 cells    1                                 33.33

Warning: the percentages reported indicate the number of pins covered by the exception relative to the number of pins specified implicitly or explicitly.
