2026-09-11T02:14:11+02:00 VCDE-DUT-1 kernel: audit: type=1400 audit(1789085651.558:263): apparmor="DENIED" operation="capable" class="cap" profile="fusermount3" pid=3443 comm="fusermount3" capability=1  capname="dac_override"
2026-09-11T02:14:11+02:00 VCDE-DUT-1 kernel: audit: type=1400 audit(1789085651.558:264): apparmor="DENIED" operation="capable" class="cap" profile="fusermount3" pid=3443 comm="fusermount3" capability=7  capname="setuid"
2026-09-11T02:14:11+02:00 VCDE-DUT-1 kernel: audit: type=1400 audit(1789085651.558:265): apparmor="DENIED" operation="capable" class="cap" profile="fusermount3" pid=3444 comm="fusermount3" capability=7  capname="setuid"
2026-09-11T02:14:23+02:00 VCDE-DUT-1 kernel: audit: type=1400 audit(1789085663.941:266): apparmor="DENIED" operation="capable" class="cap" profile="fusermount3" pid=3879 comm="fusermount3" capability=1  capname="dac_override"
2026-09-11T02:14:23+02:00 VCDE-DUT-1 kernel: audit: type=1400 audit(1789085663.941:267): apparmor="DENIED" operation="capable" class="cap" profile="fusermount3" pid=3879 comm="fusermount3" capability=7  capname="setuid"
2026-09-11T02:14:23+02:00 VCDE-DUT-1 kernel: audit: type=1400 audit(1789085663.941:268): apparmor="DENIED" operation="capable" class="cap" profile="fusermount3" pid=3882 comm="fusermount3" capability=7  capname="setuid"
2026-09-11T02:14:23+02:00 VCDE-DUT-1 kernel: audit: type=1400 audit(1789085663.944:269): apparmor="DENIED" operation="mount" class="mount" info="failed mntpnt match" error=-13 profile="fusermount3" name="/" pid=3883 comm="fusermount3" flags="rw, rprivate"
2026-09-11T02:14:35+02:00 VCDE-DUT-1 kernel: audit: type=1400 audit(1789085675.799:270): apparmor="DENIED" operation="capable" class="cap" profile="fusermount3" pid=4064 comm="fusermount3" capability=1  capname="dac_override"
2026-09-11T02:14:35+02:00 VCDE-DUT-1 kernel: audit: type=1400 audit(1789085675.799:271): apparmor="DENIED" operation="capable" class="cap" profile="fusermount3" pid=4064 comm="fusermount3" capability=7  capname="setuid"
2026-09-11T02:14:35+02:00 VCDE-DUT-1 kernel: audit: type=1400 audit(1789085675.799:272): apparmor="DENIED" operation="capable" class="cap" profile="fusermount3" pid=4065 comm="fusermount3" capability=7  capname="setuid"
2026-09-11T02:14:46+02:00 VCDE-DUT-1 kernel: audit: type=1400 audit(1789085686.441:273): apparmor="DENIED" operation="capable" class="cap" profile="fusermount3" pid=4164 comm="fusermount3" capability=1  capname="dac_override"
2026-09-11T02:14:46+02:00 VCDE-DUT-1 kernel: audit: type=1400 audit(1789085686.441:274): apparmor="DENIED" operation="capable" class="cap" profile="fusermount3" pid=4164 comm="fusermount3" capability=7  capname="setuid"
2026-09-11T02:14:46+02:00 VCDE-DUT-1 kernel: audit: type=1400 audit(1789085686.441:275): apparmor="DENIED" operation="capable" class="cap" profile="fusermount3" pid=4167 comm="fusermount3" capability=7  capname="setuid"
2026-09-11T02:14:46+02:00 VCDE-DUT-1 kernel: audit: type=1400 audit(1789085686.443:276): apparmor="DENIED" operation="mount" class="mount" info="failed mntpnt match" error=-13 profile="fusermount3" name="/" pid=4168 comm="fusermount3" flags="rw, rprivate"
2026-09-11T02:15:19+02:00 VCDE-DUT-1 kernel: audit: type=1400 audit(1789085719.117:277): apparmor="DENIED" operation="capable" class="cap" profile="fusermount3" pid=4352 comm="fusermount3" capability=1  capname="dac_override"
2026-09-11T02:15:19+02:00 VCDE-DUT-1 kernel: audit: type=1400 audit(1789085719.117:278): apparmor="DENIED" operation="capable" class="cap" profile="fusermount3" pid=4352 comm="fusermount3" capability=7  capname="setuid"
2026-09-11T02:15:19+02:00 VCDE-DUT-1 kernel: audit: type=1400 audit(1789085719.117:279): apparmor="DENIED" operation="capable" class="cap" profile="fusermount3" pid=4353 comm="fusermount3" capability=7  capname="setuid"
2026-09-11T02:15:29+02:00 VCDE-DUT-1 kernel: audit: type=1400 audit(1789085729.692:280): apparmor="DENIED" operation="capable" class="cap" profile="fusermount3" pid=4456 comm="fusermount3" capability=1  capname="dac_override"
2026-09-11T02:15:29+02:00 VCDE-DUT-1 kernel: audit: type=1400 audit(1789085729.692:281): apparmor="DENIED" operation="capable" class="cap" profile="fusermount3" pid=4456 comm="fusermount3" capability=7  capname="setuid"
2026-09-11T02:15:29+02:00 VCDE-DUT-1 kernel: audit: type=1400 audit(1789085729.692:282): apparmor="DENIED" operation="capable" class="cap" profile="fusermount3" pid=4460 comm="fusermount3" capability=7  capname="setuid"
2026-09-11T02:15:29+02:00 VCDE-DUT-1 kernel: audit: type=1400 audit(1789085729.694:283): apparmor="DENIED" operation="mount" class="mount" info="failed mntpnt match" error=-13 profile="fusermount3" name="/" pid=4461 comm="fusermount3" flags="rw, rprivate"
2026-09-11T02:15:42+02:00 VCDE-DUT-1 kernel: audit: type=1400 audit(1789085742.243:284): apparmor="DENIED" operation="capable" class="cap" profile="fusermount3" pid=4639 comm="fusermount3" capability=1  capname="dac_override"
2026-09-11T02:15:42+02:00 VCDE-DUT-1 kernel: audit: type=1400 audit(1789085742.243:285): apparmor="DENIED" operation="capable" class="cap" profile="fusermount3" pid=4639 comm="fusermount3" capability=7  capname="setuid"
2026-09-11T02:15:42+02:00 VCDE-DUT-1 kernel: audit: type=1400 audit(1789085742.243:286): apparmor="DENIED" operation="capable" class="cap" profile="fusermount3" pid=4640 comm="fusermount3" capability=7  capname="setuid"
2026-09-11T02:15:42+02:00 VCDE-DUT-1 kernel: xdma_ahd_pcie: loading out-of-tree module taints kernel.
2026-09-11T02:15:42+02:00 VCDE-DUT-1 kernel: xdma_ahd_pcie: module verification failed: signature and/or required key missing - tainting kernel
2026-09-11T02:15:42+02:00 VCDE-DUT-1 kernel: xdma_ahd_pcie:xdma_mod_init: Xilinx XDMA Reference Driver (AHD exact PCI match) xdma_ahd_pcie v2025.2.0
2026-09-11T02:15:42+02:00 VCDE-DUT-1 kernel: xdma_ahd_pcie:xdma_mod_init: desc_blen_max: 0xfffffff/268435455, timeout: h2c 10 c2h 10 sec.
2026-09-11T02:15:42+02:00 VCDE-DUT-1 kernel: xdma_ahd_pcie:xdma_device_open: xdma_ahd_pcie device 0000:01:00.0, 0x000000000f62b6d2.
2026-09-11T02:15:42+02:00 VCDE-DUT-1 kernel: xdma_ahd_pcie 0000:01:00.0: enabling device (0000 -> 0002)
2026-09-11T02:15:42+02:00 VCDE-DUT-1 kernel: xdma_ahd_pcie:map_single_bar: BAR0 at 0xf6f00000 mapped at 0x00000000c1ae3891, length=131072(/131072)
2026-09-11T02:15:42+02:00 VCDE-DUT-1 kernel: xdma_ahd_pcie:map_single_bar: BAR1 at 0xf6f20000 mapped at 0x000000004fc72a81, length=65536(/65536)
2026-09-11T02:15:42+02:00 VCDE-DUT-1 kernel: xdma_ahd_pcie:map_bars: config bar 1, pos 1.
2026-09-11T02:15:42+02:00 VCDE-DUT-1 kernel: xdma_ahd_pcie:identify_bars: 2 BARs: config 1, user 0, bypass -1.
2026-09-11T02:15:42+02:00 VCDE-DUT-1 kernel: xdma_ahd_pcie:pci_keep_intx_enabled: 0000:01:00.0: clear INTX_DISABLE, 0x406 -> 0x6.
2026-09-11T02:15:42+02:00 VCDE-DUT-1 kernel: xdma_ahd_pcie:probe_one: 0000:01:00.0 xdma0, pdev 0x000000000f62b6d2, xdev 0x000000007f985611, 0x00000000e32e84ca, usr 16, ch 1,1.
2026-09-11T02:15:42+02:00 VCDE-DUT-1 kernel: xdma_ahd_pcie:cdev_xvc_init: xcdev 0x00000000d5dade58, bar 0, offset 0x40000.
2026-09-11T02:15:52+02:00 VCDE-DUT-1 kernel: audit: type=1400 audit(1789085752.691:287): apparmor="DENIED" operation="capable" class="cap" profile="fusermount3" pid=4817 comm="fusermount3" capability=1  capname="dac_override"
2026-09-11T02:15:52+02:00 VCDE-DUT-1 kernel: audit: type=1400 audit(1789085752.691:288): apparmor="DENIED" operation="capable" class="cap" profile="fusermount3" pid=4817 comm="fusermount3" capability=7  capname="setuid"
2026-09-11T02:15:52+02:00 VCDE-DUT-1 kernel: audit: type=1400 audit(1789085752.691:289): apparmor="DENIED" operation="capable" class="cap" profile="fusermount3" pid=4820 comm="fusermount3" capability=7  capname="setuid"
2026-09-11T02:15:52+02:00 VCDE-DUT-1 kernel: audit: type=1400 audit(1789085752.694:290): apparmor="DENIED" operation="mount" class="mount" info="failed mntpnt match" error=-13 profile="fusermount3" name="/" pid=4821 comm="fusermount3" flags="rw, rprivate"
2026-09-11T02:16:17+02:00 VCDE-DUT-1 kernel: audit: type=1400 audit(1789085777.146:291): apparmor="DENIED" operation="capable" class="cap" profile="fusermount3" pid=5013 comm="fusermount3" capability=1  capname="dac_override"
2026-09-11T02:16:17+02:00 VCDE-DUT-1 kernel: audit: type=1400 audit(1789085777.146:292): apparmor="DENIED" operation="capable" class="cap" profile="fusermount3" pid=5013 comm="fusermount3" capability=7  capname="setuid"
2026-09-11T02:16:17+02:00 VCDE-DUT-1 kernel: audit: type=1400 audit(1789085777.146:293): apparmor="DENIED" operation="capable" class="cap" profile="fusermount3" pid=5014 comm="fusermount3" capability=7  capname="setuid"
2026-09-11T02:16:27+02:00 VCDE-DUT-1 kernel: audit: type=1400 audit(1789085787.441:294): apparmor="DENIED" operation="capable" class="cap" profile="fusermount3" pid=5113 comm="fusermount3" capability=1  capname="dac_override"
2026-09-11T02:16:27+02:00 VCDE-DUT-1 kernel: audit: type=1400 audit(1789085787.441:295): apparmor="DENIED" operation="capable" class="cap" profile="fusermount3" pid=5113 comm="fusermount3" capability=7  capname="setuid"
2026-09-11T02:16:27+02:00 VCDE-DUT-1 kernel: audit: type=1400 audit(1789085787.441:296): apparmor="DENIED" operation="capable" class="cap" profile="fusermount3" pid=5116 comm="fusermount3" capability=7  capname="setuid"
2026-09-11T02:16:27+02:00 VCDE-DUT-1 kernel: audit: type=1400 audit(1789085787.443:297): apparmor="DENIED" operation="mount" class="mount" info="failed mntpnt match" error=-13 profile="fusermount3" name="/" pid=5117 comm="fusermount3" flags="rw, rprivate"
2026-09-11T02:17:01+02:00 VCDE-DUT-1 kernel: audit: type=1400 audit(1789085821.904:298): apparmor="DENIED" operation="capable" class="cap" profile="fusermount3" pid=5306 comm="fusermount3" capability=1  capname="dac_override"
2026-09-11T02:17:01+02:00 VCDE-DUT-1 kernel: audit: type=1400 audit(1789085821.904:299): apparmor="DENIED" operation="capable" class="cap" profile="fusermount3" pid=5306 comm="fusermount3" capability=7  capname="setuid"
2026-09-11T02:17:01+02:00 VCDE-DUT-1 kernel: audit: type=1400 audit(1789085821.904:300): apparmor="DENIED" operation="capable" class="cap" profile="fusermount3" pid=5307 comm="fusermount3" capability=7  capname="setuid"
2026-09-11T02:17:49+02:00 VCDE-DUT-1 kernel: audit: type=1400 audit(1789085869.943:301): apparmor="DENIED" operation="capable" class="cap" profile="fusermount3" pid=5410 comm="fusermount3" capability=1  capname="dac_override"
2026-09-11T02:17:49+02:00 VCDE-DUT-1 kernel: audit: type=1400 audit(1789085869.943:302): apparmor="DENIED" operation="capable" class="cap" profile="fusermount3" pid=5410 comm="fusermount3" capability=7  capname="setuid"
2026-09-11T02:17:49+02:00 VCDE-DUT-1 kernel: audit: type=1400 audit(1789085869.943:303): apparmor="DENIED" operation="capable" class="cap" profile="fusermount3" pid=5413 comm="fusermount3" capability=7  capname="setuid"
2026-09-11T02:17:49+02:00 VCDE-DUT-1 kernel: audit: type=1400 audit(1789085869.945:304): apparmor="DENIED" operation="mount" class="mount" info="failed mntpnt match" error=-13 profile="fusermount3" name="/" pid=5414 comm="fusermount3" flags="rw, rprivate"
2026-09-11T02:17:49+02:00 VCDE-DUT-1 kernel: audit: type=1400 audit(1789085869.967:305): apparmor="AUDIT" operation="userns_create" class="namespace" info="Userns create - transitioning profile" profile="unconfined" pid=5420 comm="(ubuntu-insigh)" requested="userns_create" target="unprivileged_userns" execpath="/usr/lib/systemd/systemd-executor"
2026-09-11T02:17:49+02:00 VCDE-DUT-1 kernel: audit: type=1400 audit(1789085869.967:306): apparmor="DENIED" operation="capable" class="cap" profile="unprivileged_userns" pid=5420 comm="(ubuntu-insigh)" capability=21  capname="sys_admin"
2026-09-11T02:17:50+02:00 VCDE-DUT-1 kernel: audit: type=1400 audit(1789085870.001:307): apparmor="DENIED" operation="getattr" class="file" info="Failed name lookup - disconnected path" error=-13 profile="unprivileged_userns" name="" pid=5444 comm="systemd-detect-" requested_mask="r" denied_mask="r" fsuid=60578 ouid=0
2026-09-11T02:17:58+02:00 VCDE-DUT-1 kernel: audit: type=1400 audit(1789085878.073:308): apparmor="AUDIT" operation="userns_create" class="namespace" info="Userns create - transitioning profile" profile="unconfined" pid=5553 comm="(ubuntu-insigh)" requested="userns_create" target="unprivileged_userns" execpath="/usr/lib/systemd/systemd-executor"
2026-09-11T02:17:58+02:00 VCDE-DUT-1 kernel: audit: type=1400 audit(1789085878.073:309): apparmor="DENIED" operation="capable" class="cap" profile="unprivileged_userns" pid=5553 comm="(ubuntu-insigh)" capability=21  capname="sys_admin"
2026-09-11T02:17:58+02:00 VCDE-DUT-1 kernel: audit: type=1400 audit(1789085878.083:310): apparmor="DENIED" operation="getattr" class="file" info="Failed name lookup - disconnected path" error=-13 profile="unprivileged_userns" name="" pid=5591 comm="systemd-detect-" requested_mask="r" denied_mask="r" fsuid=1000 ouid=0
2026-09-11T02:17:58+02:00 VCDE-DUT-1 kernel: audit: type=1400 audit(1789085878.149:311): apparmor="DENIED" operation="capable" class="cap" profile="fusermount3" pid=5693 comm="fusermount3" capability=1  capname="dac_override"
2026-09-11T02:17:58+02:00 VCDE-DUT-1 kernel: audit: type=1400 audit(1789085878.149:312): apparmor="DENIED" operation="capable" class="cap" profile="fusermount3" pid=5693 comm="fusermount3" capability=7  capname="setuid"
2026-09-11T02:17:58+02:00 VCDE-DUT-1 kernel: audit: type=1400 audit(1789085878.149:313): apparmor="DENIED" operation="capable" class="cap" profile="fusermount3" pid=5694 comm="fusermount3" capability=7  capname="setuid"
2026-09-11T02:18:08+02:00 VCDE-DUT-1 kernel: audit: type=1400 audit(1789085888.191:314): apparmor="DENIED" operation="capable" class="cap" profile="fusermount3" pid=5808 comm="fusermount3" capability=1  capname="dac_override"
2026-09-11T02:18:08+02:00 VCDE-DUT-1 kernel: audit: type=1400 audit(1789085888.191:315): apparmor="DENIED" operation="capable" class="cap" profile="fusermount3" pid=5808 comm="fusermount3" capability=7  capname="setuid"
2026-09-11T02:18:08+02:00 VCDE-DUT-1 kernel: audit: type=1400 audit(1789085888.191:316): apparmor="DENIED" operation="capable" class="cap" profile="fusermount3" pid=5811 comm="fusermount3" capability=7  capname="setuid"
2026-09-11T02:18:08+02:00 VCDE-DUT-1 kernel: audit: type=1400 audit(1789085888.193:317): apparmor="DENIED" operation="mount" class="mount" info="failed mntpnt match" error=-13 profile="fusermount3" name="/" pid=5812 comm="fusermount3" flags="rw, rprivate"
2026-09-11T02:18:24+02:00 VCDE-DUT-1 kernel: audit: type=1400 audit(1789085904.915:318): apparmor="AUDIT" operation="userns_create" class="namespace" info="Userns create - transitioning profile" profile="unconfined" pid=5876 comm="(ubuntu-insigh)" requested="userns_create" target="unprivileged_userns" execpath="/usr/lib/systemd/systemd-executor"
2026-09-11T02:18:24+02:00 VCDE-DUT-1 kernel: audit: type=1400 audit(1789085904.916:319): apparmor="DENIED" operation="capable" class="cap" profile="unprivileged_userns" pid=5876 comm="(ubuntu-insigh)" capability=21  capname="sys_admin"
2026-09-11T02:18:24+02:00 VCDE-DUT-1 kernel: audit: type=1400 audit(1789085904.925:320): apparmor="DENIED" operation="getattr" class="file" info="Failed name lookup - disconnected path" error=-13 profile="unprivileged_userns" name="" pid=5910 comm="systemd-detect-" requested_mask="r" denied_mask="r" fsuid=1000 ouid=0
2026-09-11T02:18:25+02:00 VCDE-DUT-1 kernel: audit: type=1400 audit(1789085905.003:321): apparmor="DENIED" operation="capable" class="cap" profile="fusermount3" pid=6011 comm="fusermount3" capability=1  capname="dac_override"
2026-09-11T02:18:25+02:00 VCDE-DUT-1 kernel: audit: type=1400 audit(1789085905.003:322): apparmor="DENIED" operation="capable" class="cap" profile="fusermount3" pid=6011 comm="fusermount3" capability=7  capname="setuid"
2026-09-11T02:18:25+02:00 VCDE-DUT-1 kernel: audit: type=1400 audit(1789085905.003:323): apparmor="DENIED" operation="capable" class="cap" profile="fusermount3" pid=6012 comm="fusermount3" capability=7  capname="setuid"
2026-09-11T02:18:35+02:00 VCDE-DUT-1 kernel: audit: type=1400 audit(1789085915.191:324): apparmor="DENIED" operation="capable" class="cap" profile="fusermount3" pid=6132 comm="fusermount3" capability=1  capname="dac_override"
2026-09-11T02:18:35+02:00 VCDE-DUT-1 kernel: audit: type=1400 audit(1789085915.191:325): apparmor="DENIED" operation="capable" class="cap" profile="fusermount3" pid=6132 comm="fusermount3" capability=7  capname="setuid"
2026-09-11T02:18:35+02:00 VCDE-DUT-1 kernel: audit: type=1400 audit(1789085915.191:326): apparmor="DENIED" operation="capable" class="cap" profile="fusermount3" pid=6135 comm="fusermount3" capability=7  capname="setuid"
2026-09-11T02:18:35+02:00 VCDE-DUT-1 kernel: audit: type=1400 audit(1789085915.194:327): apparmor="DENIED" operation="mount" class="mount" info="failed mntpnt match" error=-13 profile="fusermount3" name="/" pid=6136 comm="fusermount3" flags="rw, rprivate"
2026-09-11T02:18:59+02:00 VCDE-DUT-1 kernel: audit: type=1400 audit(1789085939.971:328): apparmor="AUDIT" operation="userns_create" class="namespace" info="Userns create - transitioning profile" profile="unconfined" pid=6197 comm="(ubuntu-insigh)" requested="userns_create" target="unprivileged_userns" execpath="/usr/lib/systemd/systemd-executor"
2026-09-11T02:18:59+02:00 VCDE-DUT-1 kernel: audit: type=1400 audit(1789085939.971:329): apparmor="DENIED" operation="capable" class="cap" profile="unprivileged_userns" pid=6197 comm="(ubuntu-insigh)" capability=21  capname="sys_admin"
2026-09-11T02:18:59+02:00 VCDE-DUT-1 kernel: audit: type=1400 audit(1789085939.981:330): apparmor="DENIED" operation="getattr" class="file" info="Failed name lookup - disconnected path" error=-13 profile="unprivileged_userns" name="" pid=6236 comm="systemd-detect-" requested_mask="r" denied_mask="r" fsuid=1000 ouid=0
2026-09-11T02:19:00+02:00 VCDE-DUT-1 kernel: audit: type=1400 audit(1789085940.047:331): apparmor="DENIED" operation="capable" class="cap" profile="fusermount3" pid=6341 comm="fusermount3" capability=1  capname="dac_override"
2026-09-11T02:19:00+02:00 VCDE-DUT-1 kernel: audit: type=1400 audit(1789085940.047:332): apparmor="DENIED" operation="capable" class="cap" profile="fusermount3" pid=6341 comm="fusermount3" capability=7  capname="setuid"
2026-09-11T02:19:00+02:00 VCDE-DUT-1 kernel: audit: type=1400 audit(1789085940.048:333): apparmor="DENIED" operation="capable" class="cap" profile="fusermount3" pid=6342 comm="fusermount3" capability=7  capname="setuid"
2026-09-11T02:19:10+02:00 VCDE-DUT-1 kernel: audit: type=1400 audit(1789085950.191:334): apparmor="DENIED" operation="capable" class="cap" profile="fusermount3" pid=6458 comm="fusermount3" capability=1  capname="dac_override"
2026-09-11T02:19:10+02:00 VCDE-DUT-1 kernel: audit: type=1400 audit(1789085950.191:335): apparmor="DENIED" operation="capable" class="cap" profile="fusermount3" pid=6458 comm="fusermount3" capability=7  capname="setuid"
2026-09-11T02:19:10+02:00 VCDE-DUT-1 kernel: audit: type=1400 audit(1789085950.191:336): apparmor="DENIED" operation="capable" class="cap" profile="fusermount3" pid=6461 comm="fusermount3" capability=7  capname="setuid"
2026-09-11T02:19:10+02:00 VCDE-DUT-1 kernel: audit: type=1400 audit(1789085950.194:337): apparmor="DENIED" operation="mount" class="mount" info="failed mntpnt match" error=-13 profile="fusermount3" name="/" pid=6462 comm="fusermount3" flags="rw, rprivate"
2026-09-11T02:20:23+02:00 VCDE-DUT-1 kernel: audit: type=1400 audit(1789086023.886:338): apparmor="AUDIT" operation="userns_create" class="namespace" info="Userns create - transitioning profile" profile="unconfined" pid=6531 comm="(ubuntu-insigh)" requested="userns_create" target="unprivileged_userns" execpath="/usr/lib/systemd/systemd-executor"
2026-09-11T02:20:23+02:00 VCDE-DUT-1 kernel: audit: type=1400 audit(1789086023.886:339): apparmor="DENIED" operation="capable" class="cap" profile="unprivileged_userns" pid=6531 comm="(ubuntu-insigh)" capability=21  capname="sys_admin"
2026-09-11T02:20:23+02:00 VCDE-DUT-1 kernel: audit: type=1400 audit(1789086023.895:340): apparmor="DENIED" operation="getattr" class="file" info="Failed name lookup - disconnected path" error=-13 profile="unprivileged_userns" name="" pid=6565 comm="systemd-detect-" requested_mask="r" denied_mask="r" fsuid=1000 ouid=0
2026-09-11T02:20:23+02:00 VCDE-DUT-1 kernel: audit: type=1400 audit(1789086023.970:341): apparmor="DENIED" operation="capable" class="cap" profile="fusermount3" pid=6664 comm="fusermount3" capability=1  capname="dac_override"
2026-09-11T02:20:23+02:00 VCDE-DUT-1 kernel: audit: type=1400 audit(1789086023.970:342): apparmor="DENIED" operation="capable" class="cap" profile="fusermount3" pid=6664 comm="fusermount3" capability=7  capname="setuid"
2026-09-11T02:20:23+02:00 VCDE-DUT-1 kernel: audit: type=1400 audit(1789086023.970:343): apparmor="DENIED" operation="capable" class="cap" profile="fusermount3" pid=6665 comm="fusermount3" capability=7  capname="setuid"
