#-----------------------------------------------------------
# xsim v2025.2 (64-bit)
# SW Build 6299465 on Fri Nov 14 19:35:11 GMT 2025
# IP Build 6300035 on Fri Nov 14 10:48:45 MST 2025
# SharedData Build 6298862 on Thu Nov 13 04:50:51 MST 2025
# Start of session at: Fri Aug 21 22:34:22 2026
# Process ID         : 8188
# Current directory  : C:/FPGA/V41_NVP_I2C_25KHZ_PAIRED_AB_R1/03_SIMULATION/REMAINING_OFFLINE_GATES/CONTROL_STATUS
# Command line       : xsim.exe -mode tcl -source {xsim.dir/control_status_sim/xsim_script.tcl}
# Log file           : C:/FPGA/V41_NVP_I2C_25KHZ_PAIRED_AB_R1/03_SIMULATION/REMAINING_OFFLINE_GATES/CONTROL_STATUS/xsim.log
# Journal file       : C:/FPGA/V41_NVP_I2C_25KHZ_PAIRED_AB_R1/03_SIMULATION/REMAINING_OFFLINE_GATES/CONTROL_STATUS\xsim.jou
# Running On         : NBLSUDUL
# Platform           : Windows Server 2016 or Windows 10
# Operating System   : 19045
# Processor Detail   : Intel(R) Core(TM) i7-7500U CPU @ 2.70GHz
# CPU Frequency      : 2904 MHz
# CPU Physical cores : 2
# CPU Logical cores  : 4
# Host memory        : 17028 MB
# Swap memory        : 4160 MB
# Total Virtual      : 21189 MB
# Available Virtual  : 7892 MB
#-----------------------------------------------------------
source xsim.dir/control_status_sim/xsim_script.tcl
# xsim {control_status_sim} -autoloadwcfg -runall
Time resolution is 1 ps
run -all
PHASE3_CONTROLLED_REGISTER_READS=3044
PHASE3_CONTROL_STATUS_REGS_UNIT_TEST=PASS
$finish called at time : 73184 ns : File "C:/FPGA/V41_NVP_I2C_25KHZ_PAIRED_AB_R1/worktree/tb/v41/tb_control_status_regs.sv" Line 239
exit
INFO: [Common 17-206] Exiting xsim at Fri Aug 21 22:34:27 2026...
