#-----------------------------------------------------------
# xsim v2025.2 (64-bit)
# SW Build 6299465 on Fri Nov 14 19:35:11 GMT 2025
# IP Build 6300035 on Fri Nov 14 10:48:45 MST 2025
# SharedData Build 6298862 on Thu Nov 13 04:50:51 MST 2025
# Start of session at: Thu Sep 10 22:14:33 2026
# Process ID         : 6848
# Current directory  : C:/FPGA/G2B_NVP_VIDEO_DIAG1_R3_20260910T200154Z/sim/r3-complete-iteration2
# Command line       : xsim.exe -log C:\FPGA\G2B_NVP_VIDEO_DIAG1_R3_20260910T200154Z\sim\r3-complete-iteration2\r3_axi_xsim.log -mode tcl -source {xsim.dir/nvp_diag_r3_axi_integration/xsim_script.tcl}
# Log file           : C:/FPGA/G2B_NVP_VIDEO_DIAG1_R3_20260910T200154Z/sim/r3-complete-iteration2/r3_axi_xsim.log
# Journal file       : C:/FPGA/G2B_NVP_VIDEO_DIAG1_R3_20260910T200154Z/sim/r3-complete-iteration2\xsim.jou
# Running On         : NBLSUDUL
# Platform           : Windows Server 2016 or Windows 10
# Operating System   : 19045
# Processor Detail   : Intel(R) Core(TM) i7-7500U CPU @ 2.70GHz
# CPU Frequency      : 2904 MHz
# CPU Physical cores : 2
# CPU Logical cores  : 4
# Host memory        : 17028 MB
# Swap memory        : 4294 MB
# Total Virtual      : 21323 MB
# Available Virtual  : 10138 MB
#-----------------------------------------------------------
source xsim.dir/nvp_diag_r3_axi_integration/xsim_script.tcl
# xsim {nvp_diag_r3_axi_integration} -autoloadwcfg -runall
Time resolution is 1 ps
run -all
PASS T21 ACTUAL_AXI_LITE_BRIDGE_INTEGRATION
PASS T22 AXI_LITE_ORDERING_AND_BACKPRESSURE
PASS T23 1000_CYCLE_COMMAND_STRESS
PASS T24 DIAGNOSTIC_PRODUCT_ADDRESS_ISOLATION
PASS T25 BOUNDED_PROGRESS_PROPERTIES
PASS R3_NEW_MMIO_AXI_LITE_SIMULATION_GATE 6/6
$finish called at time : 355260 ns : File "C:/FPGA/V41_G2B_NVP_VIDEO_DIAG1/tests/nvp_video_diag/tb_g2b_nvp_video_diag_axi_integration.sv" Line 713
exit
INFO: [Common 17-206] Exiting xsim at Thu Sep 10 22:14:36 2026...
