#-----------------------------------------------------------
# xsim v2025.2 (64-bit)
# SW Build 6299465 on Fri Nov 14 19:35:11 GMT 2025
# IP Build 6300035 on Fri Nov 14 10:48:45 MST 2025
# SharedData Build 6298862 on Thu Nov 13 04:50:51 MST 2025
# Start of session at: Mon Aug 24 11:25:57 2026
# Process ID         : 6356
# Current directory  : C:/FPGA/V41_NVP_R1F_PHASE_COMPLETE_OBSERVABILITY/06_SIMULATION/pre_init_equivalence
# Command line       : xsim.exe -log xsim.log -mode tcl -source {xsim.dir/r1f_preinit_equivalence/xsim_script.tcl}
# Log file           : C:/FPGA/V41_NVP_R1F_PHASE_COMPLETE_OBSERVABILITY/06_SIMULATION/pre_init_equivalence/xsim.log
# Journal file       : C:/FPGA/V41_NVP_R1F_PHASE_COMPLETE_OBSERVABILITY/06_SIMULATION/pre_init_equivalence\xsim.jou
# Running On         : NBLSUDUL
# Platform           : Windows Server 2016 or Windows 10
# Operating System   : 19045
# Processor Detail   : Intel(R) Core(TM) i7-7500U CPU @ 2.70GHz
# CPU Frequency      : 2904 MHz
# CPU Physical cores : 2
# CPU Logical cores  : 4
# Host memory        : 17028 MB
# Swap memory        : 4338 MB
# Total Virtual      : 21366 MB
# Available Virtual  : 7066 MB
#-----------------------------------------------------------
source xsim.dir/r1f_preinit_equivalence/xsim_script.tcl
# xsim {r1f_preinit_equivalence} -autoloadwcfg -runall
Time resolution is 1 ps
run -all
Note: PASS PRE_INIT_DONE_CYCLE_EQUIVALENCE
Time: 1841482500 ns  Iteration: 0  Process: /tb_r1f_preinit_equivalence/cycle_equivalence  File: C:/FPGA/WORKTREES/V41_NVP_R1F_PHASE_COMPLETE_OBSERVABILITY/tests/v41/tb_r1f_preinit_equivalence.vhd
Note: PASS AUTOINIT_TRANSACTION_STREAM_BYTE_IDENTICAL
Time: 1841482500 ns  Iteration: 0  Process: /tb_r1f_preinit_equivalence/cycle_equivalence  File: C:/FPGA/WORKTREES/V41_NVP_R1F_PHASE_COMPLETE_OBSERVABILITY/tests/v41/tb_r1f_preinit_equivalence.vhd
Note: PASS AUTOINIT_FUNCTIONAL_STATE_SEQUENCE_IDENTICAL
Time: 1841482500 ns  Iteration: 0  Process: /tb_r1f_preinit_equivalence/cycle_equivalence  File: C:/FPGA/WORKTREES/V41_NVP_R1F_PHASE_COMPLETE_OBSERVABILITY/tests/v41/tb_r1f_preinit_equivalence.vhd
$stop called at time : 1841482500 ns : File "C:/FPGA/WORKTREES/V41_NVP_R1F_PHASE_COMPLETE_OBSERVABILITY/tests/v41/tb_r1f_preinit_equivalence.vhd" Line 162
run: Time (s): cpu = 00:00:05 ; elapsed = 00:00:19 . Memory (MB): peak = 206.203 ; gain = 0.500
exit
INFO: xsimkernel Simulation Memory Usage: 12416 KB (Peak: 12416 KB), Simulation CPU Usage: 17515 ms
INFO: [Common 17-206] Exiting xsim at Mon Aug 24 11:26:20 2026...
