
****** xsim v2025.2 (64-bit)
  **** SW Build 6299465 on Fri Nov 14 19:35:11 GMT 2025
  **** IP Build 6300035 on Fri Nov 14 10:48:45 MST 2025
  **** SharedData Build 6298862 on Thu Nov 13 04:50:51 MST 2025
  **** Start of session at: Mon Aug 24 17:55:04 2026
    ** Copyright 1986-2022 Xilinx, Inc. All Rights Reserved.
    ** Copyright 2022-2025 Advanced Micro Devices, Inc. All Rights Reserved.

source xsim.dir/reference_power_snapshot/xsim_script.tcl
# xsim {reference_power_snapshot} -autoloadwcfg -tclbatch {C:/FPGA/V41_NVP_R1G_VHDL_COMPATIBILITY/05_CROSS_STANDARD_EQUIVALENCE/vhdl_pair_power_attempt_01/reference/run.tcl}
Time resolution is 1 ps
source C:/FPGA/V41_NVP_R1G_VHDL_COMPATIBILITY/05_CROSS_STANDARD_EQUIVALENCE/vhdl_pair_power_attempt_01/reference/run.tcl
## open_vcd {C:/FPGA/V41_NVP_R1G_VHDL_COMPATIBILITY/05_CROSS_STANDARD_EQUIVALENCE/vhdl_pair_power_attempt_01/reference/top_observables.vcd}
## log_vcd [get_objects /tb_g0p8c5d_power_timing/*]
## run all
Note: PASS power enable, 500-ms reset hold, 1.5-s start scaling
Time: 1565 ns  Iteration: 0  Process: /tb_g0p8c5d_power_timing/line__27  File: C:/FPGA/WORKTREES/V41_NVP_R1F_PHASE_COMPLETE_OBSERVABILITY/tests/nvp/tb_power_timing.vhd
$stop called at time : 1565 ns : File "C:/FPGA/WORKTREES/V41_NVP_R1F_PHASE_COMPLETE_OBSERVABILITY/tests/nvp/tb_power_timing.vhd" Line 41
## close_vcd
## quit
INFO: [Common 17-206] Exiting xsim at Mon Aug 24 17:55:09 2026...
