UTC_START=2026-09-06T11:13:08.7588139Z
UTC_END=2026-09-06T11:13:09.4291321Z
EVIDENCE_KIND=G2B_HW0_DRV_REUSE0_AUTHORITY_SCOPED_DRIVER_ARTIFACT_SEARCH
RESULT=PASS
EXIT_CODE=0
ARGUMENT_TOKEN_AUDIT=PASS
PLINK_PW_OPTION_USED=NO
PLINK_PWFILE_OPTION_USED=YES
USERNAME_ROLE_OCCURRENCE=YES_AUTHORIZED
PASSWORD_ROLE_ARGUMENT_OCCURRENCE=NO
REMOTE_COMMAND_SHARED_LITERAL=NO
INHERITED_ENVIRONMENT_AUDIT=PASS
PWFILE_CREATED=YES
PWFILE_DELETED=YES
STDOUT_BEGIN
AUDIT=G2B-HW0-DRV-REUSE0_AUTHORITY_SCOPED_ARTIFACT_SEARCH
UTC=2026-09-06T11:13:09Z
EXPECTED_SHA256=b08c6e5cd296ddbd68b50b718b1efaa581c152ee07e6623e153e2cddf00124d2
SEARCH_ROOTS_BEGIN
/opt/fpga-hdmi-lab
/run/r0f_a
SEARCH_ROOTS_END
CANDIDATES_BEGIN
ROOT_ABSENT=/opt/fpga-hdmi-lab
ROOT_ABSENT=/run/r0f_a
CANDIDATES_END
CANDIDATE_COUNT=0
EXACT_HASH_MATCH_COUNT=0
AUDIT_COMPLETE=YES
STDOUT_END
STDERR_BEGIN

STDERR_END
