UTC_START=2026-09-06T11:04:24.8329440Z
UTC_END=2026-09-06T11:04:27.0478157Z
EVIDENCE_KIND=G2B_HW0_DRV_REUSE0_CONCURRENT_OPERATION_READ_ONLY_CHECK
RESULT=PASS
EXIT_CODE=0
ARGUMENT_TOKEN_AUDIT=PASS
PLINK_PW_OPTION_USED=NO
PLINK_PWFILE_OPTION_USED=YES
USERNAME_ROLE_OCCURRENCE=YES_AUTHORIZED
PASSWORD_ROLE_ARGUMENT_OCCURRENCE=NO
REMOTE_COMMAND_SHARED_LITERAL=NO
INHERITED_ENVIRONMENT_AUDIT=PASS
PWFILE_CREATED=YES
PWFILE_DELETED=YES
STDOUT_BEGIN
AUDIT=G2B-HW0-DRV-REUSE0_CONCURRENCY
UTC=2026-09-06T11:04:26Z
AUDIT_PID=7565
MATCHING_PROCESSES_BEGIN
MATCHING_PROCESSES_END
SYSTEMD_JOBS_BEGIN
SYSTEMD_JOBS_END
PACKAGE_LOCK_HOLDERS_BEGIN
PACKAGE_LOCK_HOLDERS_END
RESULT=COMPLETE
STDOUT_END
STDERR_BEGIN

STDERR_END
