UTC_START=2026-09-06T11:22:52.6517757Z
UTC_END=2026-09-06T11:22:53.5151720Z
EVIDENCE_KIND=G2B_HW0_DRV_REUSE0_FINAL_DUT_READ_ONLY_STATE
RESULT=PASS
EXIT_CODE=0
ARGUMENT_TOKEN_AUDIT=PASS
PLINK_PW_OPTION_USED=NO
PLINK_PWFILE_OPTION_USED=YES
USERNAME_ROLE_OCCURRENCE=YES_AUTHORIZED
PASSWORD_ROLE_ARGUMENT_OCCURRENCE=NO
REMOTE_COMMAND_SHARED_LITERAL=NO
INHERITED_ENVIRONMENT_AUDIT=PASS
PWFILE_CREATED=YES
PWFILE_DELETED=YES
STDOUT_BEGIN
AUDIT=G2B-HW0-DRV-REUSE0_FINAL_STATE
UTC=2026-09-06T11:22:53Z
HOSTNAME=VCDE-DUT-1
MACHINE_ID=0e90f50d9465492b80258da5658446f8
AUTHENTICATED_USER=vcdeagent1
ARCH=x86_64
BOOT_ID=52b0bf13-e9d1-4558-ae13-d08f4ecc8dac
KERNEL=7.0.0-29-generic
ENDPOINT_PRESENT=YES
ENDPOINT_BDF=0000:01:00.0
VENDOR=0x10ee
DEVICE=0x7011
SUBSYSTEM_VENDOR=0x10ee
SUBSYSTEM_DEVICE=0x0007
MODALIAS=pci:v000010EEd00007011sv000010EEsd00000007bc05sc80i00
ENDPOINT_DRIVER=UNBOUND
DRIVER_OVERRIDE=(null)
CURRENT_LINK_SPEED=5.0 GT/s PCIe
CURRENT_LINK_WIDTH=1
XDMA_MODULE_LOADED=NO
XDMA_NODE_COUNT=0
XDMA_NODES_BEGIN
XDMA_NODES_END
MATCHING_CONCURRENT_PROCESSES_BEGIN
MATCHING_CONCURRENT_PROCESSES_END
AUDIT_COMPLETE=YES
STDOUT_END
STDERR_BEGIN

STDERR_END
