UTC_START=2026-09-06T11:08:04.9096206Z
UTC_END=2026-09-06T11:08:05.7627898Z
EVIDENCE_KIND=G2B_HW0_DRV_REUSE0_EXACT_MODULE_STATIC_READ_ONLY_AUDIT
RESULT=PASS
EXIT_CODE=0
ARGUMENT_TOKEN_AUDIT=PASS
PLINK_PW_OPTION_USED=NO
PLINK_PWFILE_OPTION_USED=YES
USERNAME_ROLE_OCCURRENCE=YES_AUTHORIZED
PASSWORD_ROLE_ARGUMENT_OCCURRENCE=NO
REMOTE_COMMAND_SHARED_LITERAL=NO
INHERITED_ENVIRONMENT_AUDIT=PASS
PWFILE_CREATED=YES
PWFILE_DELETED=YES
STDOUT_BEGIN
AUDIT=G2B-HW0-DRV-REUSE0_STATIC_MODULE
UTC=2026-09-06T11:08:05Z
KERNEL=7.0.0-29-generic
ARCH=x86_64
HDMI_MODULE_BEGIN
PATH=/opt/fpga-hdmi-lab/driver/xdma.ko
PRESENT=NO
HDMI_MODULE_END
PLATFORM_MODULE_BEGIN
PATH=/lib/modules/7.0.0-29-generic/kernel/drivers/dma/xilinx/xdma.ko.zst
PRESENT=YES
STAT_SIZE=13827/lib/modules/7.0.0-29-generic/kernel/drivers/dma/xilinx/xdma.ko.zstSTAT_OWNER=root/lib/modules/7.0.0-29-generic/kernel/drivers/dma/xilinx/xdma.ko.zstSTAT_GROUP=root/lib/modules/7.0.0-29-generic/kernel/drivers/dma/xilinx/xdma.ko.zstSTAT_MODE=644/lib/modules/7.0.0-29-generic/kernel/drivers/dma/xilinx/xdma.ko.zstSTAT_MTIME=2026-07-17 18:57:53.000000000 +0200/lib/modules/7.0.0-29-generic/kernel/drivers/dma/xilinx/xdma.ko.zstSTAT_CTIME=2026-08-18 06:20:18.644067206 +0200/lib/modules/7.0.0-29-generic/kernel/drivers/dma/xilinx/xdma.ko.zstSTAT_INODE=4198908
SHA256=523ed1f77a4700773ef1df846a54592d7396774826acabbcb222e104cc5a9490
SHA512=6bafd188ea04fdbb3f191e145185f31a33529f50aeff2b98ec732001301e933a150852e8c851079eca72fe2c1593cb058963fa608ec08276c3bcfb0a9a46da24
FILE=Zstandard compressed data (v0.8+), Dictionary ID: None
MODINFO_BEGIN
filename:       /lib/modules/7.0.0-29-generic/kernel/drivers/dma/xilinx/xdma.ko.zst
license:        GPL
author:         XRT Team <runtimeca39d@amd.com>
description:    AMD XDMA driver
srcversion:     8F61105E6B60B5A7A441D9A
alias:          platform:xdma
depends:        
intree:         Y
name:           xdma
retpoline:      Y
vermagic:       7.0.0-29-generic SMP preempt mod_unload modversions 
sig_id:         PKCS#7
signer:         Build time autogenerated kernel key
sig_key:        25:84:45:71:EF:28:15:5F:FB:E8:A3:AE:5F:FD:86:B9:DC:66:18:CD
sig_hashalgo:   sha512
signature:      06:11:86:11:60:07:ED:6D:70:E2:D8:61:56:E1:87:77:5A:09:29:01:
		88:55:DD:C0:46:01:27:36:6A:2A:A2:43:32:52:D2:A5:0D:58:F4:E6:
		DC:1B:EF:B3:A9:40:D1:4B:E4:4F:AB:BD:08:81:41:8A:FF:C6:9F:1D:
		12:8D:49:67:4B:97:2F:54:9D:28:1B:8A:BE:43:10:BE:7E:01:8A:A0:
		5B:F9:46:7A:8A:E2:33:09:2A:F6:30:98:DA:72:A9:73:60:BB:43:74:
		9B:D7:98:A7:72:5D:ED:FE:B2:A2:B8:0B:EE:86:11:BD:41:46:B2:8B:
		11:73:6F:9E:48:18:38:0F:BA:39:CB:2F:B6:ED:D4:44:B4:59:71:72:
		14:EC:E8:A5:0F:65:80:6E:1A:B7:4E:90:21:9F:06:93:36:AF:36:BD:
		D4:E8:B6:B8:C9:00:DA:34:10:7E:F5:5E:97:A0:56:88:1D:7F:4A:46:
		63:06:A2:D3:FF:BE:12:38:45:A5:4D:9D:3C:BB:EB:38:CE:08:98:AC:
		34:5C:AF:92:DF:14:5F:6B:7F:2F:9C:35:D0:21:B2:90:C4:71:DB:DE:
		4A:CB:3F:FC:9D:EB:E0:C0:01:01:7E:1D:9F:D8:AA:61:4D:37:2B:F5:
		46:84:8F:D5:7E:86:92:11:ED:9B:C1:86:7A:85:98:82:E8:4F:FC:CE:
		D3:DC:2B:7D:7A:B0:41:4E:75:E0:BB:FC:0B:AD:0D:CE:C4:2D:42:2F:
		EE:1F:87:55:4B:1C:60:F9:D2:7A:AE:83:E0:31:3D:DD:84:DF:62:EB:
		F5:C6:CE:5C:6A:74:97:28:A5:94:4F:A7:6B:78:7F:02:8A:0C:A4:99:
		1D:D9:5A:D9:51:97:63:8A:79:4D:2A:18:F4:2F:0D:CB:07:E2:4A:D6:
		E6:2A:CE:89:47:97:9D:F9:49:51:64:56:16:B4:5A:E1:0A:69:E6:A7:
		58:6F:D6:FD:DE:A9:71:92:B1:2E:D2:67:C2:CF:97:3B:DB:CE:35:3D:
		32:BC:28:4D:0D:7F:C1:BC:23:E9:6A:36:15:BF:BE:2E:51:9F:35:1A:
		A3:69:8C:E9:CE:37:55:49:EB:CC:11:10:47:46:34:C3:97:2C:AD:01:
		51:73:98:0D:71:3B:0C:DB:5B:73:74:8F:9C:7E:47:53:5E:5C:F3:ED:
		BD:5C:DA:DA:27:9A:AF:B4:71:42:A7:F6:6C:47:27:6F:80:E2:0E:72:
		46:59:46:0E:44:F6:DC:78:ED:90:89:C0:F6:32:7A:44:CC:B1:AC:12:
		DF:FB:2C:A3:99:C5:2A:32:2E:65:69:08:9F:B7:71:48:5B:20:70:C2:
		78:D2:0D:B6:AA:8E:9B:D9:A4:35:D7:8F
MODINFO_END
ALIASES_BEGIN
platform:xdma
ALIASES_END
PLATFORM_MODULE_END
FINAL_STATE_BEGIN
XDMA_MODULE_LOADED=NO
ENDPOINT_DRIVER=UNBOUND
DRIVER_OVERRIDE=(null)
XDMA_NODES_BEGIN
XDMA_NODES_END
FINAL_STATE_END
AUDIT_COMPLETE=YES
STDOUT_END
STDERR_BEGIN

STDERR_END
