UTC_START=2026-08-20T13:02:16.5841405Z
UTC_END=2026-08-20T13:02:17.9421739Z
EVIDENCE_KIND=RUN_02_PREAUTH
RESULT=PASS
EXIT_CODE=0
ARGUMENT_TOKEN_AUDIT=PASS
PLINK_PW_OPTION_USED=NO
PLINK_PWFILE_OPTION_USED=YES
USERNAME_ROLE_OCCURRENCE=YES_AUTHORIZED
PASSWORD_ROLE_ARGUMENT_OCCURRENCE=NO
REMOTE_COMMAND_SHARED_LITERAL=NO
INHERITED_ENVIRONMENT_AUDIT=PASS
PWFILE_CREATED=YES
PWFILE_DELETED=YES
STDOUT_BEGIN
vcdeagent1
VCDE-DUT-1
474a99f8-a6c7-4330-82b6-fe6dab644f82
7.0.0-29-generic
2026-08-20 14:54:13
STDOUT_END
STDERR_BEGIN

STDERR_END
