COMMAND_GROUP=R6_FROZEN_HOST_TOOL_PYTHON_FIXTURES
PYTHONDONTWRITEBYTECODE=1

[BAR_PARSER_FIXTURES]
EXIT_CODE=0
BAR_PARSER_SHA256=5F7A6BDBF498720E1B40C54AB71A7E86BBD43AF1758AB207CF7EEBA65B15A922
BAR_PARSER_FIXTURES=PASS_ALL
R1B_BAD_TOKEN_REPLAY=PASS_NO_16_HASH_0X_ERROR
FIXTURE_COUNT=9

[R1E_HOST_DECODE_FIXTURES]
EXIT_CODE=0
R1E_HOST_DECODE_FIXTURES=PASS

[R4_ANALYSIS_FIXTURES]
EXIT_CODE=0
test_nonzero_probe_and_dispersed_log_supports_stochastic_margin=PASS
test_overflow_forces_partial_control_flow_classification=PASS
test_probe_invariant_failure_is_rejected=PASS
test_reader_document_extraction_from_command_log=PASS
test_zero_probe_with_autoinit_address_nack_is_context_dependent=PASS
TESTS_RUN=5
RESULT=OK

[R4_HOST_GATE_FIXTURES]
EXIT_CODE=0
FORMAL_IDENTITY_ACCEPTANCE_FIXTURE=PASS
ALL_ONES_IDENTITY_REJECTION_FIXTURE=PASS
LIFECYCLE_COHERENT_READ_FIXTURE=PASS
EXPECTED_COUNT_132584734_FIXTURE=PASS
ORDERED_LOG_FIXTURES=PASS
PROBE_INVARIANT_FIXTURES=PASS
WILSON_FIXTURES=PASS
ZERO_NACK_UPPER_BOUND_FIXTURE=PASS
FORMAL_R1E_PAGE_ZERO_FIXTURE=PASS

NETWORK_ACTIONS=0
VIVADO_ACTIONS=0
JTAG_ACTIONS=0
SSH_ACTIONS=0
HARDWARE_ACTIONS=0
