#-----------------------------------------------------------
# xsim v2025.2 (64-bit)
# SW Build 6299465 on Fri Nov 14 19:35:11 GMT 2025
# IP Build 6300035 on Fri Nov 14 10:48:45 MST 2025
# SharedData Build 6298862 on Thu Nov 13 04:50:51 MST 2025
# Start of session at: Thu Sep 17 11:58:58 2026
# Process ID         : 11496
# Current directory  : C:/FPGA/CONT1R3R4R3_BANK5_20260917T094025Z/simulation
# Command line       : xsim.exe -log C:\FPGA\CONT1R3R4R3_BANK5_20260917T094025Z\logs\T02_mock_final.log -mode tcl -source {xsim.dir/bank5_mock_sim/xsim_script.tcl}
# Log file           : C:/FPGA/CONT1R3R4R3_BANK5_20260917T094025Z/logs/T02_mock_final.log
# Journal file       : C:/FPGA/CONT1R3R4R3_BANK5_20260917T094025Z/simulation\xsim.jou
# Running On         : NBLSUDUL
# Platform           : Windows Server 2016 or Windows 10
# Operating System   : 19045
# Processor Detail   : Intel(R) Core(TM) i7-7500U CPU @ 2.70GHz
# CPU Frequency      : 2904 MHz
# CPU Physical cores : 2
# CPU Logical cores  : 4
# Host memory        : 17028 MB
# Swap memory        : 2550 MB
# Total Virtual      : 19578 MB
# Available Virtual  : 7521 MB
#-----------------------------------------------------------
source xsim.dir/bank5_mock_sim/xsim_script.tcl
# xsim {bank5_mock_sim} -testplusarg CASE_2 -autoloadwcfg -runall -onerror quit
Time resolution is 1 ps
run -all
MANIFEST_SCHEDULE_PASS starts=0,1,4,11,27,37,48,59,70,81 counts=1,3,7,16,10,11,11,11,11,1
BANK5_SELECT_ACCEPT seq=49 prior_bank=01 entry=36 group=5 gen=0
CLEAN gen=1 entries=82 groups=10 commands=105
BANK5_SELECT_ACCEPT seq=154 prior_bank=01 entry=36 group=5 gen=1
CLEAN gen=2 entries=82 groups=10 commands=105
BANK5_SELECT_ACCEPT seq=259 prior_bank=01 entry=36 group=5 gen=2
CLEAN gen=3 entries=82 groups=10 commands=105
BANK5_SELECT_ACCEPT seq=364 prior_bank=01 entry=36 group=5 gen=3
CLEAN gen=4 entries=82 groups=10 commands=105
BANK5_SELECT_ACCEPT seq=469 prior_bank=01 entry=36 group=5 gen=4
CLEAN gen=5 entries=82 groups=10 commands=105
BANK5_SELECT_ACCEPT seq=574 prior_bank=01 entry=36 group=5 gen=5
CLEAN gen=6 entries=82 groups=10 commands=105
BANK5_SELECT_ACCEPT seq=679 prior_bank=01 entry=36 group=5 gen=6
CLEAN gen=7 entries=82 groups=10 commands=105
BANK5_SELECT_ACCEPT seq=784 prior_bank=01 entry=36 group=5 gen=7
CLEAN gen=8 entries=82 groups=10 commands=105
BANK5_SELECT_ACCEPT seq=889 prior_bank=01 entry=36 group=5 gen=8
CLEAN gen=9 entries=82 groups=10 commands=105
BANK5_SELECT_ACCEPT seq=994 prior_bank=01 entry=36 group=5 gen=9
CLEAN gen=10 entries=82 groups=10 commands=105
BANK5_SELECT_ACCEPT seq=1099 prior_bank=01 entry=36 group=5 gen=10
CLEAN gen=11 entries=82 groups=10 commands=105
BANK5_SELECT_ACCEPT seq=1204 prior_bank=01 entry=36 group=5 gen=11
CLEAN gen=12 entries=82 groups=10 commands=105
BANK5_SELECT_ACCEPT seq=1309 prior_bank=01 entry=36 group=5 gen=12
CLEAN gen=13 entries=82 groups=10 commands=105
BANK5_SELECT_ACCEPT seq=1414 prior_bank=01 entry=36 group=5 gen=13
CLEAN gen=14 entries=82 groups=10 commands=105
BANK5_SELECT_ACCEPT seq=1519 prior_bank=01 entry=36 group=5 gen=14
CLEAN gen=15 entries=82 groups=10 commands=105
BANK5_SELECT_ACCEPT seq=1624 prior_bank=01 entry=36 group=5 gen=15
CLEAN gen=16 entries=82 groups=10 commands=105
BANK5_SELECT_ACCEPT seq=1729 prior_bank=01 entry=36 group=5 gen=16
CLEAN gen=17 entries=82 groups=10 commands=105
BANK5_SELECT_ACCEPT seq=1834 prior_bank=01 entry=36 group=5 gen=17
CLEAN gen=18 entries=82 groups=10 commands=105
BANK5_SELECT_ACCEPT seq=1939 prior_bank=01 entry=36 group=5 gen=18
CLEAN gen=19 entries=82 groups=10 commands=105
BANK5_SELECT_ACCEPT seq=2044 prior_bank=01 entry=36 group=5 gen=19
CLEAN gen=20 entries=82 groups=10 commands=105
BANK5_SELECT_ACCEPT seq=2149 prior_bank=01 entry=36 group=5 gen=20
CLEAN gen=21 entries=82 groups=10 commands=105
BANK5_SELECT_ACCEPT seq=2254 prior_bank=01 entry=36 group=5 gen=21
CLEAN gen=22 entries=82 groups=10 commands=105
BANK5_SELECT_ACCEPT seq=2359 prior_bank=01 entry=36 group=5 gen=22
CLEAN gen=23 entries=82 groups=10 commands=105
BANK5_SELECT_ACCEPT seq=2464 prior_bank=01 entry=36 group=5 gen=23
CLEAN gen=24 entries=82 groups=10 commands=105
BANK5_SELECT_ACCEPT seq=2569 prior_bank=01 entry=36 group=5 gen=24
CLEAN gen=25 entries=82 groups=10 commands=105
BANK5_SELECT_ACCEPT seq=2674 prior_bank=01 entry=36 group=5 gen=25
CLEAN gen=26 entries=82 groups=10 commands=105
BANK5_SELECT_ACCEPT seq=2779 prior_bank=01 entry=36 group=5 gen=26
SELECT_FAULT mode=1 raw=4 timeout=0 bank_after=01 seq=2779
OBS status=00000c18 gen=26 valid=37 failed=0 retried=0 index=36 detail=0005ff0a flags=00330004 commands=51 entry=00000100 exit=00000100 bank=00 lockout=0
HISTORICAL_SIGNATURE_MATCH generation=26 prior_complete=26 failed_attempt_unpublished=1
ACK_CLEAR_MATCH status=00000011 commands_total=2781
TEST_EXECUTION_PASS T02
$finish called at time : 1030064 ns : File "C:/FPGA/CONT1R3R4R3_BANK5_20260917T094025Z/tests/tb_bank5_mock.sv" Line 309
exit
INFO: [Common 17-206] Exiting xsim at Thu Sep 17 11:59:01 2026...
