#-----------------------------------------------------------
# xsim v2025.2 (64-bit)
# SW Build 6299465 on Fri Nov 14 19:35:11 GMT 2025
# IP Build 6300035 on Fri Nov 14 10:48:45 MST 2025
# SharedData Build 6298862 on Thu Nov 13 04:50:51 MST 2025
# Start of session at: Thu Sep 17 11:59:27 2026
# Process ID         : 24532
# Current directory  : C:/FPGA/CONT1R3R4R3_BANK5_20260917T094025Z/simulation
# Command line       : xsim.exe -log C:\FPGA\CONT1R3R4R3_BANK5_20260917T094025Z\logs\T10_mock_final.log -mode tcl -source {xsim.dir/bank5_mock_sim/xsim_script.tcl}
# Log file           : C:/FPGA/CONT1R3R4R3_BANK5_20260917T094025Z/logs/T10_mock_final.log
# Journal file       : C:/FPGA/CONT1R3R4R3_BANK5_20260917T094025Z/simulation\xsim.jou
# Running On         : NBLSUDUL
# Platform           : Windows Server 2016 or Windows 10
# Operating System   : 19045
# Processor Detail   : Intel(R) Core(TM) i7-7500U CPU @ 2.70GHz
# CPU Frequency      : 2904 MHz
# CPU Physical cores : 2
# CPU Logical cores  : 4
# Host memory        : 17028 MB
# Swap memory        : 2550 MB
# Total Virtual      : 19578 MB
# Available Virtual  : 7521 MB
#-----------------------------------------------------------
source xsim.dir/bank5_mock_sim/xsim_script.tcl
# xsim {bank5_mock_sim} -testplusarg CASE_10 -autoloadwcfg -runall -onerror quit
Time resolution is 1 ps
run -all
MANIFEST_SCHEDULE_PASS starts=0,1,4,11,27,37,48,59,70,81 counts=1,3,7,16,10,11,11,11,11,1
BANK5_SELECT_ACCEPT seq=49 prior_bank=01 entry=36 group=5 gen=0
SELECT_FAULT mode=12 raw=0 timeout=0 bank_after=01 seq=49
MAP raw=0 timeout=0 scanner=10 classification=SYNTHETIC_INTERFACE_EXCEPT_REACHABLE_COMBINATIONS
BANK5_SELECT_ACCEPT seq=49 prior_bank=01 entry=36 group=5 gen=0
SELECT_FAULT mode=12 raw=1 timeout=0 bank_after=01 seq=49
MAP raw=1 timeout=0 scanner=1 classification=SYNTHETIC_INTERFACE_EXCEPT_REACHABLE_COMBINATIONS
BANK5_SELECT_ACCEPT seq=49 prior_bank=01 entry=36 group=5 gen=0
SELECT_FAULT mode=12 raw=2 timeout=0 bank_after=01 seq=49
MAP raw=2 timeout=0 scanner=2 classification=SYNTHETIC_INTERFACE_EXCEPT_REACHABLE_COMBINATIONS
BANK5_SELECT_ACCEPT seq=49 prior_bank=01 entry=36 group=5 gen=0
SELECT_FAULT mode=12 raw=3 timeout=0 bank_after=01 seq=49
MAP raw=3 timeout=0 scanner=3 classification=SYNTHETIC_INTERFACE_EXCEPT_REACHABLE_COMBINATIONS
BANK5_SELECT_ACCEPT seq=49 prior_bank=01 entry=36 group=5 gen=0
SELECT_FAULT mode=12 raw=4 timeout=0 bank_after=01 seq=49
MAP raw=4 timeout=0 scanner=10 classification=SYNTHETIC_INTERFACE_EXCEPT_REACHABLE_COMBINATIONS
BANK5_SELECT_ACCEPT seq=49 prior_bank=01 entry=36 group=5 gen=0
SELECT_FAULT mode=12 raw=5 timeout=0 bank_after=01 seq=49
MAP raw=5 timeout=0 scanner=10 classification=SYNTHETIC_INTERFACE_EXCEPT_REACHABLE_COMBINATIONS
BANK5_SELECT_ACCEPT seq=49 prior_bank=01 entry=36 group=5 gen=0
SELECT_FAULT mode=12 raw=6 timeout=0 bank_after=01 seq=49
MAP raw=6 timeout=0 scanner=10 classification=SYNTHETIC_INTERFACE_EXCEPT_REACHABLE_COMBINATIONS
BANK5_SELECT_ACCEPT seq=49 prior_bank=01 entry=36 group=5 gen=0
SELECT_FAULT mode=12 raw=7 timeout=0 bank_after=01 seq=49
MAP raw=7 timeout=0 scanner=10 classification=SYNTHETIC_INTERFACE_EXCEPT_REACHABLE_COMBINATIONS
BANK5_SELECT_ACCEPT seq=49 prior_bank=01 entry=36 group=5 gen=0
SELECT_FAULT mode=12 raw=8 timeout=0 bank_after=01 seq=49
MAP raw=8 timeout=0 scanner=10 classification=SYNTHETIC_INTERFACE_EXCEPT_REACHABLE_COMBINATIONS
BANK5_SELECT_ACCEPT seq=49 prior_bank=01 entry=36 group=5 gen=0
SELECT_FAULT mode=12 raw=9 timeout=0 bank_after=01 seq=49
MAP raw=9 timeout=0 scanner=10 classification=SYNTHETIC_INTERFACE_EXCEPT_REACHABLE_COMBINATIONS
BANK5_SELECT_ACCEPT seq=49 prior_bank=01 entry=36 group=5 gen=0
SELECT_FAULT mode=12 raw=10 timeout=0 bank_after=01 seq=49
MAP raw=10 timeout=0 scanner=10 classification=SYNTHETIC_INTERFACE_EXCEPT_REACHABLE_COMBINATIONS
BANK5_SELECT_ACCEPT seq=49 prior_bank=01 entry=36 group=5 gen=0
SELECT_FAULT mode=12 raw=11 timeout=0 bank_after=01 seq=49
MAP raw=11 timeout=0 scanner=10 classification=SYNTHETIC_INTERFACE_EXCEPT_REACHABLE_COMBINATIONS
BANK5_SELECT_ACCEPT seq=49 prior_bank=01 entry=36 group=5 gen=0
SELECT_FAULT mode=12 raw=12 timeout=0 bank_after=01 seq=49
MAP raw=12 timeout=0 scanner=10 classification=SYNTHETIC_INTERFACE_EXCEPT_REACHABLE_COMBINATIONS
BANK5_SELECT_ACCEPT seq=49 prior_bank=01 entry=36 group=5 gen=0
SELECT_FAULT mode=12 raw=13 timeout=0 bank_after=01 seq=49
MAP raw=13 timeout=0 scanner=10 classification=SYNTHETIC_INTERFACE_EXCEPT_REACHABLE_COMBINATIONS
BANK5_SELECT_ACCEPT seq=49 prior_bank=01 entry=36 group=5 gen=0
SELECT_FAULT mode=12 raw=14 timeout=0 bank_after=01 seq=49
MAP raw=14 timeout=0 scanner=10 classification=SYNTHETIC_INTERFACE_EXCEPT_REACHABLE_COMBINATIONS
BANK5_SELECT_ACCEPT seq=49 prior_bank=01 entry=36 group=5 gen=0
SELECT_FAULT mode=12 raw=15 timeout=0 bank_after=01 seq=49
MAP raw=15 timeout=0 scanner=10 classification=SYNTHETIC_INTERFACE_EXCEPT_REACHABLE_COMBINATIONS
BANK5_SELECT_ACCEPT seq=49 prior_bank=01 entry=36 group=5 gen=0
SELECT_FAULT mode=12 raw=0 timeout=1 bank_after=01 seq=49
MAP raw=0 timeout=1 scanner=4 classification=SYNTHETIC_INTERFACE_EXCEPT_REACHABLE_COMBINATIONS
BANK5_SELECT_ACCEPT seq=49 prior_bank=01 entry=36 group=5 gen=0
SELECT_FAULT mode=12 raw=1 timeout=1 bank_after=01 seq=49
MAP raw=1 timeout=1 scanner=4 classification=SYNTHETIC_INTERFACE_EXCEPT_REACHABLE_COMBINATIONS
BANK5_SELECT_ACCEPT seq=49 prior_bank=01 entry=36 group=5 gen=0
SELECT_FAULT mode=12 raw=2 timeout=1 bank_after=01 seq=49
MAP raw=2 timeout=1 scanner=4 classification=SYNTHETIC_INTERFACE_EXCEPT_REACHABLE_COMBINATIONS
BANK5_SELECT_ACCEPT seq=49 prior_bank=01 entry=36 group=5 gen=0
SELECT_FAULT mode=12 raw=3 timeout=1 bank_after=01 seq=49
MAP raw=3 timeout=1 scanner=4 classification=SYNTHETIC_INTERFACE_EXCEPT_REACHABLE_COMBINATIONS
BANK5_SELECT_ACCEPT seq=49 prior_bank=01 entry=36 group=5 gen=0
SELECT_FAULT mode=12 raw=4 timeout=1 bank_after=01 seq=49
MAP raw=4 timeout=1 scanner=4 classification=SYNTHETIC_INTERFACE_EXCEPT_REACHABLE_COMBINATIONS
BANK5_SELECT_ACCEPT seq=49 prior_bank=01 entry=36 group=5 gen=0
SELECT_FAULT mode=12 raw=5 timeout=1 bank_after=01 seq=49
MAP raw=5 timeout=1 scanner=4 classification=SYNTHETIC_INTERFACE_EXCEPT_REACHABLE_COMBINATIONS
BANK5_SELECT_ACCEPT seq=49 prior_bank=01 entry=36 group=5 gen=0
SELECT_FAULT mode=12 raw=6 timeout=1 bank_after=01 seq=49
MAP raw=6 timeout=1 scanner=5 classification=SYNTHETIC_INTERFACE_EXCEPT_REACHABLE_COMBINATIONS
BANK5_SELECT_ACCEPT seq=49 prior_bank=01 entry=36 group=5 gen=0
SELECT_FAULT mode=12 raw=7 timeout=1 bank_after=01 seq=49
MAP raw=7 timeout=1 scanner=4 classification=SYNTHETIC_INTERFACE_EXCEPT_REACHABLE_COMBINATIONS
BANK5_SELECT_ACCEPT seq=49 prior_bank=01 entry=36 group=5 gen=0
SELECT_FAULT mode=12 raw=8 timeout=1 bank_after=01 seq=49
MAP raw=8 timeout=1 scanner=4 classification=SYNTHETIC_INTERFACE_EXCEPT_REACHABLE_COMBINATIONS
BANK5_SELECT_ACCEPT seq=49 prior_bank=01 entry=36 group=5 gen=0
SELECT_FAULT mode=12 raw=9 timeout=1 bank_after=01 seq=49
MAP raw=9 timeout=1 scanner=4 classification=SYNTHETIC_INTERFACE_EXCEPT_REACHABLE_COMBINATIONS
BANK5_SELECT_ACCEPT seq=49 prior_bank=01 entry=36 group=5 gen=0
SELECT_FAULT mode=12 raw=10 timeout=1 bank_after=01 seq=49
MAP raw=10 timeout=1 scanner=4 classification=SYNTHETIC_INTERFACE_EXCEPT_REACHABLE_COMBINATIONS
BANK5_SELECT_ACCEPT seq=49 prior_bank=01 entry=36 group=5 gen=0
SELECT_FAULT mode=12 raw=11 timeout=1 bank_after=01 seq=49
MAP raw=11 timeout=1 scanner=4 classification=SYNTHETIC_INTERFACE_EXCEPT_REACHABLE_COMBINATIONS
BANK5_SELECT_ACCEPT seq=49 prior_bank=01 entry=36 group=5 gen=0
SELECT_FAULT mode=12 raw=12 timeout=1 bank_after=01 seq=49
MAP raw=12 timeout=1 scanner=4 classification=SYNTHETIC_INTERFACE_EXCEPT_REACHABLE_COMBINATIONS
BANK5_SELECT_ACCEPT seq=49 prior_bank=01 entry=36 group=5 gen=0
SELECT_FAULT mode=12 raw=13 timeout=1 bank_after=01 seq=49
MAP raw=13 timeout=1 scanner=4 classification=SYNTHETIC_INTERFACE_EXCEPT_REACHABLE_COMBINATIONS
BANK5_SELECT_ACCEPT seq=49 prior_bank=01 entry=36 group=5 gen=0
SELECT_FAULT mode=12 raw=14 timeout=1 bank_after=01 seq=49
MAP raw=14 timeout=1 scanner=4 classification=SYNTHETIC_INTERFACE_EXCEPT_REACHABLE_COMBINATIONS
BANK5_SELECT_ACCEPT seq=49 prior_bank=01 entry=36 group=5 gen=0
SELECT_FAULT mode=12 raw=15 timeout=1 bank_after=01 seq=49
MAP raw=15 timeout=1 scanner=4 classification=SYNTHETIC_INTERFACE_EXCEPT_REACHABLE_COMBINATIONS
TEST_EXECUTION_PASS T10
$finish called at time : 609424 ns : File "C:/FPGA/CONT1R3R4R3_BANK5_20260917T094025Z/tests/tb_bank5_mock.sv" Line 309
exit
INFO: [Common 17-206] Exiting xsim at Thu Sep 17 11:59:29 2026...
