UTC_START=2026-08-25T14:25:01.4123913Z
UTC_END=2026-08-25T14:25:03.8505127Z
EVIDENCE_KIND=R1H_FULL_TELEMETRY_A1_R1F
RESULT=PASS
EXIT_CODE=0
ARGUMENT_TOKEN_AUDIT=PASS
PLINK_PW_OPTION_USED=NO
PLINK_PWFILE_OPTION_USED=YES
USERNAME_ROLE_OCCURRENCE=YES_AUTHORIZED
PASSWORD_ROLE_ARGUMENT_OCCURRENCE=NO
REMOTE_COMMAND_SHARED_LITERAL=NO
INHERITED_ENVIRONMENT_AUDIT=PASS
PWFILE_CREATED=YES
PWFILE_DELETED=YES
STDOUT_BEGIN
{
  "READ_ONLY": "YES",
  "STATIC_SNAPSHOTS_MATCH": "YES",
  "T0": {
    "bank_invariants": {
      "check_count": 3276,
      "coherence": "PASS_ZERO_INVARIANT_ERRORS",
      "error_count": 0,
      "final_physical_bank": 0,
      "first_error": null
    },
    "failed_transaction_log": {
      "all_64_entries_raw_words": [
        [
          "0x00010006",
          "0x31476102",
          "0x1B0066CA",
          "0x00000101",
          "0x1E010100",
          "0x00000001"
        ],
        [
          "0x00250039",
          "0x31476126",
          "0x1B000818",
          "0x00000000",
          "0x1E010000",
          "0x00000025"
        ],
        [
          "0x0026003A",
          "0x33776127",
          "0x1B000221",
          "0x00000000",
          "0x1E010000",
          "0x00000026"
        ],
        [
          "0x002C0040",
          "0x3377412D",
          "0x3B0001FF",
          "0x00010001",
          "0x1E540000",
          "0x0000002C"
        ],
        [
          "0x003D0053",
          "0x3267613E",
          "0x1B00A82B",
          "0x00000505",
          "0x1E010500",
          "0x0000003D"
        ],
        [
          "0x00500068",
          "0x33776151",
          "0x1B000952",
          "0x00000909",
          "0x1E010900",
          "0x00000050"
        ],
        [
          "0x008C0098",
          "0x3267618D",
          "0x1B000059",
          "0x00000505",
          "0x1E010500",
          "0x0000008C"
        ],
        [
          "0x00000000",
          "0x00000000",
          "0x00000000",
          "0x00000000",
          "0x00000000",
          "0x00000000"
        ],
        [
          "0x00000000",
          "0x00000000",
          "0x00000000",
          "0x00000000",
          "0x00000000",
          "0x00000000"
        ],
        [
          "0x00000000",
          "0x00000000",
          "0x00000000",
          "0x00000000",
          "0x00000000",
          "0x00000000"
        ],
        [
          "0x00000000",
          "0x00000000",
          "0x00000000",
          "0x00000000",
          "0x00000000",
          "0x00000000"
        ],
        [
          "0x00000000",
          "0x00000000",
          "0x00000000",
          "0x00000000",
          "0x00000000",
          "0x00000000"
        ],
        [
          "0x00000000",
          "0x00000000",
          "0x00000000",
          "0x00000000",
          "0x00000000",
          "0x00000000"
        ],
        [
          "0x00000000",
          "0x00000000",
          "0x00000000",
          "0x00000000",
          "0x00000000",
          "0x00000000"
        ],
        [
          "0x00000000",
          "0x00000000",
          "0x00000000",
          "0x00000000",
          "0x00000000",
          "0x00000000"
        ],
        [
          "0x00000000",
          "0x00000000",
          "0x00000000",
          "0x00000000",
          "0x00000000",
          "0x00000000"
        ],
        [
          "0x00000000",
          "0x00000000",
          "0x00000000",
          "0x00000000",
          "0x00000000",
          "0x00000000"
        ],
        [
          "0x00000000",
          "0x00000000",
          "0x00000000",
          "0x00000000",
          "0x00000000",
          "0x00000000"
        ],
        [
          "0x00000000",
          "0x00000000",
          "0x00000000",
          "0x00000000",
          "0x00000000",
          "0x00000000"
        ],
        [
          "0x00000000",
          "0x00000000",
          "0x00000000",
          "0x00000000",
          "0x00000000",
          "0x00000000"
        ],
        [
          "0x00000000",
          "0x00000000",
          "0x00000000",
          "0x00000000",
          "0x00000000",
          "0x00000000"
        ],
        [
          "0x00000000",
          "0x00000000",
          "0x00000000",
          "0x00000000",
          "0x00000000",
          "0x00000000"
        ],
        [
          "0x00000000",
          "0x00000000",
          "0x00000000",
          "0x00000000",
          "0x00000000",
          "0x00000000"
        ],
        [
          "0x00000000",
          "0x00000000",
          "0x00000000",
          "0x00000000",
          "0x00000000",
          "0x00000000"
        ],
        [
          "0x00000000",
          "0x00000000",
          "0x00000000",
          "0x00000000",
          "0x00000000",
          "0x00000000"
        ],
        [
          "0x00000000",
          "0x00000000",
          "0x00000000",
          "0x00000000",
          "0x00000000",
          "0x00000000"
        ],
        [
          "0x00000000",
          "0x00000000",
          "0x00000000",
          "0x00000000",
          "0x00000000",
          "0x00000000"
        ],
        [
          "0x00000000",
          "0x00000000",
          "0x00000000",
          "0x00000000",
          "0x00000000",
          "0x00000000"
        ],
        [
          "0x00000000",
          "0x00000000",
          "0x00000000",
          "0x00000000",
          "0x00000000",
          "0x00000000"
        ],
        [
          "0x00000000",
          "0x00000000",
          "0x00000000",
          "0x00000000",
          "0x00000000",
          "0x00000000"
        ],
        [
          "0x00000000",
          "0x00000000",
          "0x00000000",
          "0x00000000",
          "0x00000000",
          "0x00000000"
        ],
        [
          "0x00000000",
          "0x00000000",
          "0x00000000",
          "0x00000000",
          "0x00000000",
          "0x00000000"
        ],
        [
          "0x00000000",
          "0x00000000",
          "0x00000000",
          "0x00000000",
          "0x00000000",
          "0x00000000"
        ],
        [
          "0x00000000",
          "0x00000000",
          "0x00000000",
          "0x00000000",
          "0x00000000",
          "0x00000000"
        ],
        [
          "0x00000000",
          "0x00000000",
          "0x00000000",
          "0x00000000",
          "0x00000000",
          "0x00000000"
        ],
        [
          "0x00000000",
          "0x00000000",
          "0x00000000",
          "0x00000000",
          "0x00000000",
          "0x00000000"
        ],
        [
          "0x00000000",
          "0x00000000",
          "0x00000000",
          "0x00000000",
          "0x00000000",
          "0x00000000"
        ],
        [
          "0x00000000",
          "0x00000000",
          "0x00000000",
          "0x00000000",
          "0x00000000",
          "0x00000000"
        ],
        [
          "0x00000000",
          "0x00000000",
          "0x00000000",
          "0x00000000",
          "0x00000000",
          "0x00000000"
        ],
        [
          "0x00000000",
          "0x00000000",
          "0x00000000",
          "0x00000000",
          "0x00000000",
          "0x00000000"
        ],
        [
          "0x00000000",
          "0x00000000",
          "0x00000000",
          "0x00000000",
          "0x00000000",
          "0x00000000"
        ],
        [
          "0x00000000",
          "0x00000000",
          "0x00000000",
          "0x00000000",
          "0x00000000",
          "0x00000000"
        ],
        [
          "0x00000000",
          "0x00000000",
          "0x00000000",
          "0x00000000",
          "0x00000000",
          "0x00000000"
        ],
        [
          "0x00000000",
          "0x00000000",
          "0x00000000",
          "0x00000000",
          "0x00000000",
          "0x00000000"
        ],
        [
          "0x00000000",
          "0x00000000",
          "0x00000000",
          "0x00000000",
          "0x00000000",
          "0x00000000"
        ],
        [
          "0x00000000",
          "0x00000000",
          "0x00000000",
          "0x00000000",
          "0x00000000",
          "0x00000000"
        ],
        [
          "0x00000000",
          "0x00000000",
          "0x00000000",
          "0x00000000",
          "0x00000000",
          "0x00000000"
        ],
        [
          "0x00000000",
          "0x00000000",
          "0x00000000",
          "0x00000000",
          "0x00000000",
          "0x00000000"
        ],
        [
          "0x00000000",
          "0x00000000",
          "0x00000000",
          "0x00000000",
          "0x00000000",
          "0x00000000"
        ],
        [
          "0x00000000",
          "0x00000000",
          "0x00000000",
          "0x00000000",
          "0x00000000",
          "0x00000000"
        ],
        [
          "0x00000000",
          "0x00000000",
          "0x00000000",
          "0x00000000",
          "0x00000000",
          "0x00000000"
        ],
        [
          "0x00000000",
          "0x00000000",
          "0x00000000",
          "0x00000000",
          "0x00000000",
          "0x00000000"
        ],
        [
          "0x00000000",
          "0x00000000",
          "0x00000000",
          "0x00000000",
          "0x00000000",
          "0x00000000"
        ],
        [
          "0x00000000",
          "0x00000000",
          "0x00000000",
          "0x00000000",
          "0x00000000",
          "0x00000000"
        ],
        [
          "0x00000000",
          "0x00000000",
          "0x00000000",
          "0x00000000",
          "0x00000000",
          "0x00000000"
        ],
        [
          "0x00000000",
          "0x00000000",
          "0x00000000",
          "0x00000000",
          "0x00000000",
          "0x00000000"
        ],
        [
          "0x00000000",
          "0x00000000",
          "0x00000000",
          "0x00000000",
          "0x00000000",
          "0x00000000"
        ],
        [
          "0x00000000",
          "0x00000000",
          "0x00000000",
          "0x00000000",
          "0x00000000",
          "0x00000000"
        ],
        [
          "0x00000000",
          "0x00000000",
          "0x00000000",
          "0x00000000",
          "0x00000000",
          "0x00000000"
        ],
        [
          "0x00000000",
          "0x00000000",
          "0x00000000",
          "0x00000000",
          "0x00000000",
          "0x00000000"
        ],
        [
          "0x00000000",
          "0x00000000",
          "0x00000000",
          "0x00000000",
          "0x00000000",
          "0x00000000"
        ],
        [
          "0x00000000",
          "0x00000000",
          "0x00000000",
          "0x00000000",
          "0x00000000",
          "0x00000000"
        ],
        [
          "0x00000000",
          "0x00000000",
          "0x00000000",
          "0x00000000",
          "0x00000000",
          "0x00000000"
        ],
        [
          "0x00000000",
          "0x00000000",
          "0x00000000",
          "0x00000000",
          "0x00000000",
          "0x00000000"
        ]
      ],
      "first_index": 6,
      "last_index": 152,
      "next_transaction_serial": 273,
      "overflow": false,
      "records": [
        {
          "autoinit_phase": "PH_INIT",
          "autoinit_phase_code": 1,
          "bank_update_reason": "NO_CHANGE",
          "bank_update_reason_code": 0,
          "bank_verify_expected": null,
          "bank_verify_observed": null,
          "bank_verify_result": "NOT_APPLICABLE",
          "bank_verify_result_code": 0,
          "entry": 0,
          "fsm_context": 1,
          "fsm_state": 30,
          "legacy_operation_index_8": 2,
          "legacy_operation_index_authoritative": false,
          "nack_count_within_transaction": 1,
          "phase_nack_bitmap": 4,
          "phase_opportunity_bitmap": 7,
          "physical_bank_after": 1,
          "physical_bank_before": 1,
          "raw_words": [
            "0x00010006",
            "0x31476102",
            "0x1B0066CA",
            "0x00000101",
            "0x1E010100",
            "0x00000001"
          ],
          "read_data": null,
          "record_valid": true,
          "register_address": 202,
          "requested_bank": 1,
          "selector_value_sent": null,
          "table_slot_index_16": 1,
          "terminal_error_code": 0,
          "timeout": false,
          "transaction_completed": true,
          "transaction_index_16": 6,
          "transaction_kind": "INIT_TARGET_WRITE",
          "transaction_kind_code": 6,
          "valid_bits": {
            "physical_bank_after": true,
            "physical_bank_before": true,
            "read_data": false,
            "register_address": true,
            "requested_bank": true,
            "selector_value": false,
            "verify_expected": false,
            "verify_observed": false,
            "write_data": true
          },
          "write_data": 102
        },
        {
          "autoinit_phase": "PH_INIT",
          "autoinit_phase_code": 1,
          "bank_update_reason": "NO_CHANGE",
          "bank_update_reason_code": 0,
          "bank_verify_expected": null,
          "bank_verify_observed": null,
          "bank_verify_result": "NOT_APPLICABLE",
          "bank_verify_result_code": 0,
          "entry": 1,
          "fsm_context": 37,
          "fsm_state": 30,
          "legacy_operation_index_8": 38,
          "legacy_operation_index_authoritative": false,
          "nack_count_within_transaction": 1,
          "phase_nack_bitmap": 4,
          "phase_opportunity_bitmap": 7,
          "physical_bank_after": 0,
          "physical_bank_before": 0,
          "raw_words": [
            "0x00250039",
            "0x31476126",
            "0x1B000818",
            "0x00000000",
            "0x1E010000",
            "0x00000025"
          ],
          "read_data": null,
          "record_valid": true,
          "register_address": 24,
          "requested_bank": 0,
          "selector_value_sent": null,
          "table_slot_index_16": 37,
          "terminal_error_code": 0,
          "timeout": false,
          "transaction_completed": true,
          "transaction_index_16": 57,
          "transaction_kind": "INIT_TARGET_WRITE",
          "transaction_kind_code": 6,
          "valid_bits": {
            "physical_bank_after": true,
            "physical_bank_before": true,
            "read_data": false,
            "register_address": true,
            "requested_bank": true,
            "selector_value": false,
            "verify_expected": false,
            "verify_observed": false,
            "write_data": true
          },
          "write_data": 8
        },
        {
          "autoinit_phase": "PH_INIT",
          "autoinit_phase_code": 1,
          "bank_update_reason": "NO_CHANGE",
          "bank_update_reason_code": 0,
          "bank_verify_expected": null,
          "bank_verify_observed": null,
          "bank_verify_result": "NOT_APPLICABLE",
          "bank_verify_result_code": 0,
          "entry": 2,
          "fsm_context": 38,
          "fsm_state": 30,
          "legacy_operation_index_8": 39,
          "legacy_operation_index_authoritative": false,
          "nack_count_within_transaction": 3,
          "phase_nack_bitmap": 7,
          "phase_opportunity_bitmap": 7,
          "physical_bank_after": 0,
          "physical_bank_before": 0,
          "raw_words": [
            "0x0026003A",
            "0x33776127",
            "0x1B000221",
            "0x00000000",
            "0x1E010000",
            "0x00000026"
          ],
          "read_data": null,
          "record_valid": true,
          "register_address": 33,
          "requested_bank": 0,
          "selector_value_sent": null,
          "table_slot_index_16": 38,
          "terminal_error_code": 0,
          "timeout": false,
          "transaction_completed": true,
          "transaction_index_16": 58,
          "transaction_kind": "INIT_TARGET_WRITE",
          "transaction_kind_code": 6,
          "valid_bits": {
            "physical_bank_after": true,
            "physical_bank_before": true,
            "read_data": false,
            "register_address": true,
            "requested_bank": true,
            "selector_value": false,
            "verify_expected": false,
            "verify_observed": false,
            "write_data": true
          },
          "write_data": 2
        },
        {
          "autoinit_phase": "PH_INIT",
          "autoinit_phase_code": 1,
          "bank_update_reason": "SELECTOR_WRITE_FAILURE_INVALIDATED_CACHE",
          "bank_update_reason_code": 5,
          "bank_verify_expected": null,
          "bank_verify_observed": null,
          "bank_verify_result": "WRITE_NACK_OR_EARLIER_PHASE_FAILURE",
          "bank_verify_result_code": 2,
          "entry": 3,
          "fsm_context": 44,
          "fsm_state": 30,
          "legacy_operation_index_8": 45,
          "legacy_operation_index_authoritative": false,
          "nack_count_within_transaction": 3,
          "phase_nack_bitmap": 7,
          "phase_opportunity_bitmap": 7,
          "physical_bank_after": null,
          "physical_bank_before": 0,
          "raw_words": [
            "0x002C0040",
            "0x3377412D",
            "0x3B0001FF",
            "0x00010001",
            "0x1E540000",
            "0x0000002C"
          ],
          "read_data": null,
          "record_valid": true,
          "register_address": 255,
          "requested_bank": 1,
          "selector_value_sent": 1,
          "table_slot_index_16": 44,
          "terminal_error_code": 0,
          "timeout": false,
          "transaction_completed": true,
          "transaction_index_16": 64,
          "transaction_kind": "INIT_BANK_SELECT_WRITE",
          "transaction_kind_code": 4,
          "valid_bits": {
            "physical_bank_after": false,
            "physical_bank_before": true,
            "read_data": false,
            "register_address": true,
            "requested_bank": true,
            "selector_value": true,
            "verify_expected": false,
            "verify_observed": false,
            "write_data": true
          },
          "write_data": 1
        },
        {
          "autoinit_phase": "PH_INIT",
          "autoinit_phase_code": 1,
          "bank_update_reason": "NO_CHANGE",
          "bank_update_reason_code": 0,
          "bank_verify_expected": null,
          "bank_verify_observed": null,
          "bank_verify_result": "NOT_APPLICABLE",
          "bank_verify_result_code": 0,
          "entry": 4,
          "fsm_context": 61,
          "fsm_state": 30,
          "legacy_operation_index_8": 62,
          "legacy_operation_index_authoritative": false,
          "nack_count_within_transaction": 2,
          "phase_nack_bitmap": 6,
          "phase_opportunity_bitmap": 7,
          "physical_bank_after": 5,
          "physical_bank_before": 5,
          "raw_words": [
            "0x003D0053",
            "0x3267613E",
            "0x1B00A82B",
            "0x00000505",
            "0x1E010500",
            "0x0000003D"
          ],
          "read_data": null,
          "record_valid": true,
          "register_address": 43,
          "requested_bank": 5,
          "selector_value_sent": null,
          "table_slot_index_16": 61,
          "terminal_error_code": 0,
          "timeout": false,
          "transaction_completed": true,
          "transaction_index_16": 83,
          "transaction_kind": "INIT_TARGET_WRITE",
          "transaction_kind_code": 6,
          "valid_bits": {
            "physical_bank_after": true,
            "physical_bank_before": true,
            "read_data": false,
            "register_address": true,
            "requested_bank": true,
            "selector_value": false,
            "verify_expected": false,
            "verify_observed": false,
            "write_data": true
          },
          "write_data": 168
        },
        {
          "autoinit_phase": "PH_INIT",
          "autoinit_phase_code": 1,
          "bank_update_reason": "NO_CHANGE",
          "bank_update_reason_code": 0,
          "bank_verify_expected": null,
          "bank_verify_observed": null,
          "bank_verify_result": "NOT_APPLICABLE",
          "bank_verify_result_code": 0,
          "entry": 5,
          "fsm_context": 80,
          "fsm_state": 30,
          "legacy_operation_index_8": 81,
          "legacy_operation_index_authoritative": false,
          "nack_count_within_transaction": 3,
          "phase_nack_bitmap": 7,
          "phase_opportunity_bitmap": 7,
          "physical_bank_after": 9,
          "physical_bank_before": 9,
          "raw_words": [
            "0x00500068",
            "0x33776151",
            "0x1B000952",
            "0x00000909",
            "0x1E010900",
            "0x00000050"
          ],
          "read_data": null,
          "record_valid": true,
          "register_address": 82,
          "requested_bank": 9,
          "selector_value_sent": null,
          "table_slot_index_16": 80,
          "terminal_error_code": 0,
          "timeout": false,
          "transaction_completed": true,
          "transaction_index_16": 104,
          "transaction_kind": "INIT_TARGET_WRITE",
          "transaction_kind_code": 6,
          "valid_bits": {
            "physical_bank_after": true,
            "physical_bank_before": true,
            "read_data": false,
            "register_address": true,
            "requested_bank": true,
            "selector_value": false,
            "verify_expected": false,
            "verify_observed": false,
            "write_data": true
          },
          "write_data": 9
        },
        {
          "autoinit_phase": "PH_INIT",
          "autoinit_phase_code": 1,
          "bank_update_reason": "NO_CHANGE",
          "bank_update_reason_code": 0,
          "bank_verify_expected": null,
          "bank_verify_observed": null,
          "bank_verify_result": "NOT_APPLICABLE",
          "bank_verify_result_code": 0,
          "entry": 6,
          "fsm_context": 140,
          "fsm_state": 30,
          "legacy_operation_index_8": 141,
          "legacy_operation_index_authoritative": false,
          "nack_count_within_transaction": 2,
          "phase_nack_bitmap": 6,
          "phase_opportunity_bitmap": 7,
          "physical_bank_after": 5,
          "physical_bank_before": 5,
          "raw_words": [
            "0x008C0098",
            "0x3267618D",
            "0x1B000059",
            "0x00000505",
            "0x1E010500",
            "0x0000008C"
          ],
          "read_data": null,
          "record_valid": true,
          "register_address": 89,
          "requested_bank": 5,
          "selector_value_sent": null,
          "table_slot_index_16": 140,
          "terminal_error_code": 0,
          "timeout": false,
          "transaction_completed": true,
          "transaction_index_16": 152,
          "transaction_kind": "INIT_TARGET_WRITE",
          "transaction_kind_code": 6,
          "valid_bits": {
            "physical_bank_after": true,
            "physical_bank_before": true,
            "read_data": false,
            "register_address": true,
            "requested_bank": true,
            "selector_value": false,
            "verify_expected": false,
            "verify_observed": false,
            "write_data": true
          },
          "write_data": 0
        }
      ],
      "stored": 7,
      "structural_consistency": "PASS",
      "total": 7
    },
    "header": {
      "autoinit_i2c_hz": 25000,
      "blocks_per_phase": 10,
      "capabilities": "0x000007FF",
      "index_capacity_per_phase": 512,
      "log_capacity": 64,
      "magic": "0x31463152",
      "max_attempts_per_phase": 12000,
      "opportunities_per_block": 1000,
      "probe_i2c_hz": 25000,
      "probe_phase_mask": "0x00000007",
      "record_version": 1,
      "record_width_bits": 192,
      "record_words": 6,
      "safe_target": {
        "bank": 0,
        "data": 0,
        "proven": true,
        "register": 133
      },
      "target_opportunities_per_phase": 10000,
      "version": 1
    },
    "image": "r1f",
    "legacy_17_words": [
      "0x08000038",
      "0x66CA0302",
      "0x00030101",
      "0x08180326",
      "0x00030000",
      "0x02210127",
      "0x00030000",
      "0x02210227",
      "0x00030000",
      "0x02210327",
      "0x00030000",
      "0x01FF012D",
      "0x00030100",
      "0x01FF022D",
      "0x00030100",
      "0x01FF032D",
      "0x00030100"
    ],
    "legacy_ordered_nack": {
      "control_flow_replay_scope": "PARTIAL_FIRST_8_RECORDS_ONLY",
      "current_metadata_bank": 0,
      "current_physical_bank": 0,
      "first_error_code": 3,
      "first_error_data": 102,
      "first_error_metadata_bank": 1,
      "first_error_physical_bank": 1,
      "first_error_register": 202,
      "first_error_step": 2,
      "first_error_valid": 1,
      "header_consistency": "PASS",
      "i2c_state": 0,
      "log_capacity": 8,
      "log_count": 8,
      "log_overflow": 1,
      "nack_count": 15,
      "operation_index": 249,
      "original_ff": 0,
      "phase": 8,
      "physical_bank_valid": 1,
      "records": [
        {
          "data": 102,
          "index": 0,
          "metadata_bank": 1,
          "operation_index": 2,
          "phase_code": 3,
          "phase_name": "DATA_ACK",
          "physical_bank": 1,
          "physical_bank_valid": 1,
          "raw": "0x0003010166CA0302",
          "register": 202,
          "reserved": 0,
          "valid": 1
        },
        {
          "data": 8,
          "index": 1,
          "metadata_bank": 0,
          "operation_index": 38,
          "phase_code": 3,
          "phase_name": "DATA_ACK",
          "physical_bank": 0,
          "physical_bank_valid": 1,
          "raw": "0x0003000008180326",
          "register": 24,
          "reserved": 0,
          "valid": 1
        },
        {
          "data": 2,
          "index": 2,
          "metadata_bank": 0,
          "operation_index": 39,
          "phase_code": 1,
          "phase_name": "WRITE_ADDRESS_ACK",
          "physical_bank": 0,
          "physical_bank_valid": 1,
          "raw": "0x0003000002210127",
          "register": 33,
          "reserved": 0,
          "valid": 1
        },
        {
          "data": 2,
          "index": 3,
          "metadata_bank": 0,
          "operation_index": 39,
          "phase_code": 2,
          "phase_name": "REGISTER_ADDRESS_ACK",
          "physical_bank": 0,
          "physical_bank_valid": 1,
          "raw": "0x0003000002210227",
          "register": 33,
          "reserved": 0,
          "valid": 1
        },
        {
          "data": 2,
          "index": 4,
          "metadata_bank": 0,
          "operation_index": 39,
          "phase_code": 3,
          "phase_name": "DATA_ACK",
          "physical_bank": 0,
          "physical_bank_valid": 1,
          "raw": "0x0003000002210327",
          "register": 33,
          "reserved": 0,
          "valid": 1
        },
        {
          "data": 1,
          "index": 5,
          "metadata_bank": 1,
          "operation_index": 45,
          "phase_code": 1,
          "phase_name": "WRITE_ADDRESS_ACK",
          "physical_bank": 0,
          "physical_bank_valid": 1,
          "raw": "0x0003010001FF012D",
          "register": 255,
          "reserved": 0,
          "valid": 1
        },
        {
          "data": 1,
          "index": 6,
          "metadata_bank": 1,
          "operation_index": 45,
          "phase_code": 2,
          "phase_name": "REGISTER_ADDRESS_ACK",
          "physical_bank": 0,
          "physical_bank_valid": 1,
          "raw": "0x0003010001FF022D",
          "register": 255,
          "reserved": 0,
          "valid": 1
        },
        {
          "data": 1,
          "index": 7,
          "metadata_bank": 1,
          "operation_index": 45,
          "phase_code": 3,
          "phase_name": "DATA_ACK",
          "physical_bank": 0,
          "physical_bank_valid": 1,
          "raw": "0x0003010001FF032D",
          "register": 255,
          "reserved": 0,
          "valid": 1
        }
      ],
      "restored_ff": 0,
      "table_length": 214,
      "timeout_count": 0
    },
    "legacy_reconciliation": {
      "compared_prefix_count": 8,
      "comparisons": [
        {
          "checks": {
            "legacy_operation": true,
            "phase": true,
            "physical_bank_before": true,
            "register": true,
            "requested_bank": true,
            "write_data": true
          },
          "event": 0,
          "transaction_index_16": 6
        },
        {
          "checks": {
            "legacy_operation": true,
            "phase": true,
            "physical_bank_before": true,
            "register": true,
            "requested_bank": true,
            "write_data": true
          },
          "event": 1,
          "transaction_index_16": 57
        },
        {
          "checks": {
            "legacy_operation": true,
            "phase": true,
            "physical_bank_before": true,
            "register": true,
            "requested_bank": true,
            "write_data": true
          },
          "event": 2,
          "transaction_index_16": 58
        },
        {
          "checks": {
            "legacy_operation": true,
            "phase": true,
            "physical_bank_before": true,
            "register": true,
            "requested_bank": true,
            "write_data": true
          },
          "event": 3,
          "transaction_index_16": 58
        },
        {
          "checks": {
            "legacy_operation": true,
            "phase": true,
            "physical_bank_before": true,
            "register": true,
            "requested_bank": true,
            "write_data": true
          },
          "event": 4,
          "transaction_index_16": 58
        },
        {
          "checks": {
            "legacy_operation": true,
            "phase": true,
            "physical_bank_before": true,
            "register": true,
            "requested_bank": true,
            "write_data": true
          },
          "event": 5,
          "transaction_index_16": 64
        },
        {
          "checks": {
            "legacy_operation": true,
            "phase": true,
            "physical_bank_before": true,
            "register": true,
            "requested_bank": true,
            "write_data": true
          },
          "event": 6,
          "transaction_index_16": 64
        },
        {
          "checks": {
            "legacy_operation": true,
            "phase": true,
            "physical_bank_before": true,
            "register": true,
            "requested_bank": true,
            "write_data": true
          },
          "event": 7,
          "transaction_index_16": 64
        }
      ],
      "expanded_event_count": 15,
      "result": "PASS",
      "scope": "COMPLETE_FAILED_TRANSACTION_LOG"
    },
    "lifecycle": {
      "actual": 132404591,
      "expected": 132584734,
      "extension_cycles": 0,
      "shortening_cycles": 180143,
      "shortening_residual_cycles": -1,
      "shortening_ticks_exact": 143.9992006394884,
      "shortening_ticks_nearest": 144,
      "signed_error_cycles": -180143
    },
    "phase_counters": {
      "DATA": {
        "acks": 212,
        "nacks": 7,
        "opportunities": 219,
        "rate": 0.0319634703196347
      },
      "RADDR": {
        "acks": 54,
        "nacks": 0,
        "opportunities": 54,
        "rate": 0.0
      },
      "REGADDR": {
        "acks": 268,
        "nacks": 5,
        "opportunities": 273,
        "rate": 0.018315018315018316
      },
      "WADDR": {
        "acks": 270,
        "nacks": 3,
        "opportunities": 273,
        "rate": 0.01098901098901099
      },
      "legacy_aggregate_nacks": 15,
      "phase_nack_sum": 15,
      "status": "PASS_FINAL_NO_SATURATION_COHERENT",
      "transactions": {
        "completions": 273,
        "failed": 7,
        "starts": 273,
        "timeouts": 0
      }
    },
    "probe": {
      "class": "ACTIVE_POST_AUTOINIT_DIAGNOSTIC",
      "done_freerun": 1714070963,
      "original_bank": 0,
      "phases": {
        "DATA": {
          "adjacent_nack_pairs": 0,
          "attempts": 10000,
          "binary_run_count": 1,
          "block_nacks": [
            0,
            0,
            0,
            0,
            0,
            0,
            0,
            0,
            0,
            0
          ],
          "first_nack_index_raw": null,
          "index_overflow": false,
          "index_stored": 0,
          "last_nack_index_raw": null,
          "max_consecutive_nacks": 0,
          "nack_indices_analysis_one_based": [],
          "nack_indices_raw_zero_based": [],
          "phase": "DATA",
          "prerequisite_regaddr": {
            "acks": 10000,
            "nacks": 0,
            "opportunities": 10000
          },
          "prerequisite_waddr": {
            "acks": 10000,
            "nacks": 0,
            "opportunities": 10000
          },
          "sequence_metrics_reconciled": true,
          "status": "0x00000007",
          "target_acks": 10000,
          "target_nacks": 0,
          "target_opportunities": 10000,
          "timeouts": 0
        },
        "REGADDR": {
          "adjacent_nack_pairs": 0,
          "attempts": 10000,
          "binary_run_count": 1,
          "block_nacks": [
            0,
            0,
            0,
            0,
            0,
            0,
            0,
            0,
            0,
            0
          ],
          "first_nack_index_raw": null,
          "index_overflow": false,
          "index_stored": 0,
          "last_nack_index_raw": null,
          "max_consecutive_nacks": 0,
          "nack_indices_analysis_one_based": [],
          "nack_indices_raw_zero_based": [],
          "phase": "REGADDR",
          "prerequisite_regaddr": {
            "acks": 0,
            "nacks": 0,
            "opportunities": 0
          },
          "prerequisite_waddr": {
            "acks": 10000,
            "nacks": 0,
            "opportunities": 10000
          },
          "sequence_metrics_reconciled": true,
          "status": "0x00000007",
          "target_acks": 10000,
          "target_nacks": 0,
          "target_opportunities": 10000,
          "timeouts": 0
        },
        "WADDR": {
          "adjacent_nack_pairs": 0,
          "attempts": 10000,
          "binary_run_count": 1,
          "block_nacks": [
            0,
            0,
            0,
            0,
            0,
            0,
            0,
            0,
            0,
            0
          ],
          "first_nack_index_raw": null,
          "index_overflow": false,
          "index_stored": 0,
          "last_nack_index_raw": null,
          "max_consecutive_nacks": 0,
          "nack_indices_analysis_one_based": [],
          "nack_indices_raw_zero_based": [],
          "phase": "WADDR",
          "prerequisite_regaddr": {
            "acks": 0,
            "nacks": 0,
            "opportunities": 0
          },
          "prerequisite_waddr": {
            "acks": 0,
            "nacks": 0,
            "opportunities": 0
          },
          "sequence_metrics_reconciled": true,
          "status": "0x00000007",
          "target_acks": 10000,
          "target_nacks": 0,
          "target_opportunities": 10000,
          "timeouts": 0
        }
      },
      "restored_bank": 0,
      "safe_target_post": 0,
      "safe_target_pre": 0,
      "scheduler_rounds": 10000,
      "setup_restore_status": "0x000007FF",
      "start_freerun": 132467090,
      "status": "PASS_COMPLETE_NO_ABORT_RESTORED",
      "total_attempts": 30000
    },
    "raw_local_telemetry": {
      "0x00000": 2752121863,
      "0x00004": 16395,
      "0x00008": 200706,
      "0x0000C": 65536,
      "0x00010": 3304374223,
      "0x00014": 1467781827,
      "0x00018": 35463144,
      "0x0001C": 1006995341,
      "0x00020": 3509452828,
      "0x00024": 132710402,
      "0x00028": 6299465,
      "0x0002C": 2,
      "0x00030": 1480871233,
      "0x00034": 0,
      "0x00038": 0,
      "0x0003C": 0,
      "0x00040": 0,
      "0x00044": 0,
      "0x00048": 0,
      "0x0004C": 0,
      "0x00050": 0,
      "0x00054": 0,
      "0x00058": 0,
      "0x0005C": 0,
      "0x00060": 0,
      "0x00064": 0,
      "0x00068": 0,
      "0x0006C": 0,
      "0x00070": 0,
      "0x00074": 0,
      "0x00078": 0,
      "0x0007C": 0,
      "0x00080": 3064762552,
      "0x00084": 0,
      "0x00088": 0,
      "0x0008C": 251,
      "0x00090": 15,
      "0x00094": 0,
      "0x00098": 14027001,
      "0x0009C": 2147680768,
      "0x000A0": 14088456,
      "0x000A4": 4278190586,
      "0x000A8": 50397184,
      "0x000AC": 1724514562,
      "0x000B0": 15,
      "0x000B4": 16777216,
      "0x000B8": 0,
      "0x000BC": 0,
      "0x000C0": 0,
      "0x000C4": 0,
      "0x000C8": 0,
      "0x000CC": 0,
      "0x000D0": 0,
      "0x000D4": 0,
      "0x000D8": 0,
      "0x000DC": 0,
      "0x000E0": 0
    },
    "raw_r1e_page": {
      "0x02000": 827018307,
      "0x02004": 1,
      "0x02008": 15,
      "0x0200C": 1749465258,
      "0x02010": 10,
      "0x02014": 132404591,
      "0x02018": 0,
      "0x0201C": 976705,
      "0x02020": 0,
      "0x02024": 976561,
      "0x02028": 0,
      "0x0202C": 335355322,
      "0x02030": 6,
      "0x02034": 3,
      "0x02038": 3,
      "0x0203C": 15,
      "0x02040": 826618194,
      "0x02044": 1,
      "0x02048": 31,
      "0x0204C": 25000,
      "0x02050": 1251,
      "0x02054": 132584734,
      "0x02058": 0,
      "0x0205C": 113182679,
      "0x02060": 0,
      "0x02064": 10000,
      "0x02068": 10000,
      "0x0206C": 10000,
      "0x02070": 0,
      "0x02074": 0,
      "0x02078": 825,
      "0x0207C": 4294967295,
      "0x02080": 4294967295,
      "0x02084": 0,
      "0x02088": 132467090,
      "0x0208C": 0,
      "0x02090": 1714070963,
      "0x02094": 0,
      "0x02098": 0,
      "0x0209C": 0
    }
  },
  "T1": {
    "bank_invariants": {
      "check_count": 3276,
      "coherence": "PASS_ZERO_INVARIANT_ERRORS",
      "error_count": 0,
      "final_physical_bank": 0,
      "first_error": null
    },
    "failed_transaction_log": {
      "all_64_entries_raw_words": [
        [
          "0x00010006",
          "0x31476102",
          "0x1B0066CA",
          "0x00000101",
          "0x1E010100",
          "0x00000001"
        ],
        [
          "0x00250039",
          "0x31476126",
          "0x1B000818",
          "0x00000000",
          "0x1E010000",
          "0x00000025"
        ],
        [
          "0x0026003A",
          "0x33776127",
          "0x1B000221",
          "0x00000000",
          "0x1E010000",
          "0x00000026"
        ],
        [
          "0x002C0040",
          "0x3377412D",
          "0x3B0001FF",
          "0x00010001",
          "0x1E540000",
          "0x0000002C"
        ],
        [
          "0x003D0053",
          "0x3267613E",
          "0x1B00A82B",
          "0x00000505",
          "0x1E010500",
          "0x0000003D"
        ],
        [
          "0x00500068",
          "0x33776151",
          "0x1B000952",
          "0x00000909",
          "0x1E010900",
          "0x00000050"
        ],
        [
          "0x008C0098",
          "0x3267618D",
          "0x1B000059",
          "0x00000505",
          "0x1E010500",
          "0x0000008C"
        ],
        [
          "0x00000000",
          "0x00000000",
          "0x00000000",
          "0x00000000",
          "0x00000000",
          "0x00000000"
        ],
        [
          "0x00000000",
          "0x00000000",
          "0x00000000",
          "0x00000000",
          "0x00000000",
          "0x00000000"
        ],
        [
          "0x00000000",
          "0x00000000",
          "0x00000000",
          "0x00000000",
          "0x00000000",
          "0x00000000"
        ],
        [
          "0x00000000",
          "0x00000000",
          "0x00000000",
          "0x00000000",
          "0x00000000",
          "0x00000000"
        ],
        [
          "0x00000000",
          "0x00000000",
          "0x00000000",
          "0x00000000",
          "0x00000000",
          "0x00000000"
        ],
        [
          "0x00000000",
          "0x00000000",
          "0x00000000",
          "0x00000000",
          "0x00000000",
          "0x00000000"
        ],
        [
          "0x00000000",
          "0x00000000",
          "0x00000000",
          "0x00000000",
          "0x00000000",
          "0x00000000"
        ],
        [
          "0x00000000",
          "0x00000000",
          "0x00000000",
          "0x00000000",
          "0x00000000",
          "0x00000000"
        ],
        [
          "0x00000000",
          "0x00000000",
          "0x00000000",
          "0x00000000",
          "0x00000000",
          "0x00000000"
        ],
        [
          "0x00000000",
          "0x00000000",
          "0x00000000",
          "0x00000000",
          "0x00000000",
          "0x00000000"
        ],
        [
          "0x00000000",
          "0x00000000",
          "0x00000000",
          "0x00000000",
          "0x00000000",
          "0x00000000"
        ],
        [
          "0x00000000",
          "0x00000000",
          "0x00000000",
          "0x00000000",
          "0x00000000",
          "0x00000000"
        ],
        [
          "0x00000000",
          "0x00000000",
          "0x00000000",
          "0x00000000",
          "0x00000000",
          "0x00000000"
        ],
        [
          "0x00000000",
          "0x00000000",
          "0x00000000",
          "0x00000000",
          "0x00000000",
          "0x00000000"
        ],
        [
          "0x00000000",
          "0x00000000",
          "0x00000000",
          "0x00000000",
          "0x00000000",
          "0x00000000"
        ],
        [
          "0x00000000",
          "0x00000000",
          "0x00000000",
          "0x00000000",
          "0x00000000",
          "0x00000000"
        ],
        [
          "0x00000000",
          "0x00000000",
          "0x00000000",
          "0x00000000",
          "0x00000000",
          "0x00000000"
        ],
        [
          "0x00000000",
          "0x00000000",
          "0x00000000",
          "0x00000000",
          "0x00000000",
          "0x00000000"
        ],
        [
          "0x00000000",
          "0x00000000",
          "0x00000000",
          "0x00000000",
          "0x00000000",
          "0x00000000"
        ],
        [
          "0x00000000",
          "0x00000000",
          "0x00000000",
          "0x00000000",
          "0x00000000",
          "0x00000000"
        ],
        [
          "0x00000000",
          "0x00000000",
          "0x00000000",
          "0x00000000",
          "0x00000000",
          "0x00000000"
        ],
        [
          "0x00000000",
          "0x00000000",
          "0x00000000",
          "0x00000000",
          "0x00000000",
          "0x00000000"
        ],
        [
          "0x00000000",
          "0x00000000",
          "0x00000000",
          "0x00000000",
          "0x00000000",
          "0x00000000"
        ],
        [
          "0x00000000",
          "0x00000000",
          "0x00000000",
          "0x00000000",
          "0x00000000",
          "0x00000000"
        ],
        [
          "0x00000000",
          "0x00000000",
          "0x00000000",
          "0x00000000",
          "0x00000000",
          "0x00000000"
        ],
        [
          "0x00000000",
          "0x00000000",
          "0x00000000",
          "0x00000000",
          "0x00000000",
          "0x00000000"
        ],
        [
          "0x00000000",
          "0x00000000",
          "0x00000000",
          "0x00000000",
          "0x00000000",
          "0x00000000"
        ],
        [
          "0x00000000",
          "0x00000000",
          "0x00000000",
          "0x00000000",
          "0x00000000",
          "0x00000000"
        ],
        [
          "0x00000000",
          "0x00000000",
          "0x00000000",
          "0x00000000",
          "0x00000000",
          "0x00000000"
        ],
        [
          "0x00000000",
          "0x00000000",
          "0x00000000",
          "0x00000000",
          "0x00000000",
          "0x00000000"
        ],
        [
          "0x00000000",
          "0x00000000",
          "0x00000000",
          "0x00000000",
          "0x00000000",
          "0x00000000"
        ],
        [
          "0x00000000",
          "0x00000000",
          "0x00000000",
          "0x00000000",
          "0x00000000",
          "0x00000000"
        ],
        [
          "0x00000000",
          "0x00000000",
          "0x00000000",
          "0x00000000",
          "0x00000000",
          "0x00000000"
        ],
        [
          "0x00000000",
          "0x00000000",
          "0x00000000",
          "0x00000000",
          "0x00000000",
          "0x00000000"
        ],
        [
          "0x00000000",
          "0x00000000",
          "0x00000000",
          "0x00000000",
          "0x00000000",
          "0x00000000"
        ],
        [
          "0x00000000",
          "0x00000000",
          "0x00000000",
          "0x00000000",
          "0x00000000",
          "0x00000000"
        ],
        [
          "0x00000000",
          "0x00000000",
          "0x00000000",
          "0x00000000",
          "0x00000000",
          "0x00000000"
        ],
        [
          "0x00000000",
          "0x00000000",
          "0x00000000",
          "0x00000000",
          "0x00000000",
          "0x00000000"
        ],
        [
          "0x00000000",
          "0x00000000",
          "0x00000000",
          "0x00000000",
          "0x00000000",
          "0x00000000"
        ],
        [
          "0x00000000",
          "0x00000000",
          "0x00000000",
          "0x00000000",
          "0x00000000",
          "0x00000000"
        ],
        [
          "0x00000000",
          "0x00000000",
          "0x00000000",
          "0x00000000",
          "0x00000000",
          "0x00000000"
        ],
        [
          "0x00000000",
          "0x00000000",
          "0x00000000",
          "0x00000000",
          "0x00000000",
          "0x00000000"
        ],
        [
          "0x00000000",
          "0x00000000",
          "0x00000000",
          "0x00000000",
          "0x00000000",
          "0x00000000"
        ],
        [
          "0x00000000",
          "0x00000000",
          "0x00000000",
          "0x00000000",
          "0x00000000",
          "0x00000000"
        ],
        [
          "0x00000000",
          "0x00000000",
          "0x00000000",
          "0x00000000",
          "0x00000000",
          "0x00000000"
        ],
        [
          "0x00000000",
          "0x00000000",
          "0x00000000",
          "0x00000000",
          "0x00000000",
          "0x00000000"
        ],
        [
          "0x00000000",
          "0x00000000",
          "0x00000000",
          "0x00000000",
          "0x00000000",
          "0x00000000"
        ],
        [
          "0x00000000",
          "0x00000000",
          "0x00000000",
          "0x00000000",
          "0x00000000",
          "0x00000000"
        ],
        [
          "0x00000000",
          "0x00000000",
          "0x00000000",
          "0x00000000",
          "0x00000000",
          "0x00000000"
        ],
        [
          "0x00000000",
          "0x00000000",
          "0x00000000",
          "0x00000000",
          "0x00000000",
          "0x00000000"
        ],
        [
          "0x00000000",
          "0x00000000",
          "0x00000000",
          "0x00000000",
          "0x00000000",
          "0x00000000"
        ],
        [
          "0x00000000",
          "0x00000000",
          "0x00000000",
          "0x00000000",
          "0x00000000",
          "0x00000000"
        ],
        [
          "0x00000000",
          "0x00000000",
          "0x00000000",
          "0x00000000",
          "0x00000000",
          "0x00000000"
        ],
        [
          "0x00000000",
          "0x00000000",
          "0x00000000",
          "0x00000000",
          "0x00000000",
          "0x00000000"
        ],
        [
          "0x00000000",
          "0x00000000",
          "0x00000000",
          "0x00000000",
          "0x00000000",
          "0x00000000"
        ],
        [
          "0x00000000",
          "0x00000000",
          "0x00000000",
          "0x00000000",
          "0x00000000",
          "0x00000000"
        ],
        [
          "0x00000000",
          "0x00000000",
          "0x00000000",
          "0x00000000",
          "0x00000000",
          "0x00000000"
        ]
      ],
      "first_index": 6,
      "last_index": 152,
      "next_transaction_serial": 273,
      "overflow": false,
      "records": [
        {
          "autoinit_phase": "PH_INIT",
          "autoinit_phase_code": 1,
          "bank_update_reason": "NO_CHANGE",
          "bank_update_reason_code": 0,
          "bank_verify_expected": null,
          "bank_verify_observed": null,
          "bank_verify_result": "NOT_APPLICABLE",
          "bank_verify_result_code": 0,
          "entry": 0,
          "fsm_context": 1,
          "fsm_state": 30,
          "legacy_operation_index_8": 2,
          "legacy_operation_index_authoritative": false,
          "nack_count_within_transaction": 1,
          "phase_nack_bitmap": 4,
          "phase_opportunity_bitmap": 7,
          "physical_bank_after": 1,
          "physical_bank_before": 1,
          "raw_words": [
            "0x00010006",
            "0x31476102",
            "0x1B0066CA",
            "0x00000101",
            "0x1E010100",
            "0x00000001"
          ],
          "read_data": null,
          "record_valid": true,
          "register_address": 202,
          "requested_bank": 1,
          "selector_value_sent": null,
          "table_slot_index_16": 1,
          "terminal_error_code": 0,
          "timeout": false,
          "transaction_completed": true,
          "transaction_index_16": 6,
          "transaction_kind": "INIT_TARGET_WRITE",
          "transaction_kind_code": 6,
          "valid_bits": {
            "physical_bank_after": true,
            "physical_bank_before": true,
            "read_data": false,
            "register_address": true,
            "requested_bank": true,
            "selector_value": false,
            "verify_expected": false,
            "verify_observed": false,
            "write_data": true
          },
          "write_data": 102
        },
        {
          "autoinit_phase": "PH_INIT",
          "autoinit_phase_code": 1,
          "bank_update_reason": "NO_CHANGE",
          "bank_update_reason_code": 0,
          "bank_verify_expected": null,
          "bank_verify_observed": null,
          "bank_verify_result": "NOT_APPLICABLE",
          "bank_verify_result_code": 0,
          "entry": 1,
          "fsm_context": 37,
          "fsm_state": 30,
          "legacy_operation_index_8": 38,
          "legacy_operation_index_authoritative": false,
          "nack_count_within_transaction": 1,
          "phase_nack_bitmap": 4,
          "phase_opportunity_bitmap": 7,
          "physical_bank_after": 0,
          "physical_bank_before": 0,
          "raw_words": [
            "0x00250039",
            "0x31476126",
            "0x1B000818",
            "0x00000000",
            "0x1E010000",
            "0x00000025"
          ],
          "read_data": null,
          "record_valid": true,
          "register_address": 24,
          "requested_bank": 0,
          "selector_value_sent": null,
          "table_slot_index_16": 37,
          "terminal_error_code": 0,
          "timeout": false,
          "transaction_completed": true,
          "transaction_index_16": 57,
          "transaction_kind": "INIT_TARGET_WRITE",
          "transaction_kind_code": 6,
          "valid_bits": {
            "physical_bank_after": true,
            "physical_bank_before": true,
            "read_data": false,
            "register_address": true,
            "requested_bank": true,
            "selector_value": false,
            "verify_expected": false,
            "verify_observed": false,
            "write_data": true
          },
          "write_data": 8
        },
        {
          "autoinit_phase": "PH_INIT",
          "autoinit_phase_code": 1,
          "bank_update_reason": "NO_CHANGE",
          "bank_update_reason_code": 0,
          "bank_verify_expected": null,
          "bank_verify_observed": null,
          "bank_verify_result": "NOT_APPLICABLE",
          "bank_verify_result_code": 0,
          "entry": 2,
          "fsm_context": 38,
          "fsm_state": 30,
          "legacy_operation_index_8": 39,
          "legacy_operation_index_authoritative": false,
          "nack_count_within_transaction": 3,
          "phase_nack_bitmap": 7,
          "phase_opportunity_bitmap": 7,
          "physical_bank_after": 0,
          "physical_bank_before": 0,
          "raw_words": [
            "0x0026003A",
            "0x33776127",
            "0x1B000221",
            "0x00000000",
            "0x1E010000",
            "0x00000026"
          ],
          "read_data": null,
          "record_valid": true,
          "register_address": 33,
          "requested_bank": 0,
          "selector_value_sent": null,
          "table_slot_index_16": 38,
          "terminal_error_code": 0,
          "timeout": false,
          "transaction_completed": true,
          "transaction_index_16": 58,
          "transaction_kind": "INIT_TARGET_WRITE",
          "transaction_kind_code": 6,
          "valid_bits": {
            "physical_bank_after": true,
            "physical_bank_before": true,
            "read_data": false,
            "register_address": true,
            "requested_bank": true,
            "selector_value": false,
            "verify_expected": false,
            "verify_observed": false,
            "write_data": true
          },
          "write_data": 2
        },
        {
          "autoinit_phase": "PH_INIT",
          "autoinit_phase_code": 1,
          "bank_update_reason": "SELECTOR_WRITE_FAILURE_INVALIDATED_CACHE",
          "bank_update_reason_code": 5,
          "bank_verify_expected": null,
          "bank_verify_observed": null,
          "bank_verify_result": "WRITE_NACK_OR_EARLIER_PHASE_FAILURE",
          "bank_verify_result_code": 2,
          "entry": 3,
          "fsm_context": 44,
          "fsm_state": 30,
          "legacy_operation_index_8": 45,
          "legacy_operation_index_authoritative": false,
          "nack_count_within_transaction": 3,
          "phase_nack_bitmap": 7,
          "phase_opportunity_bitmap": 7,
          "physical_bank_after": null,
          "physical_bank_before": 0,
          "raw_words": [
            "0x002C0040",
            "0x3377412D",
            "0x3B0001FF",
            "0x00010001",
            "0x1E540000",
            "0x0000002C"
          ],
          "read_data": null,
          "record_valid": true,
          "register_address": 255,
          "requested_bank": 1,
          "selector_value_sent": 1,
          "table_slot_index_16": 44,
          "terminal_error_code": 0,
          "timeout": false,
          "transaction_completed": true,
          "transaction_index_16": 64,
          "transaction_kind": "INIT_BANK_SELECT_WRITE",
          "transaction_kind_code": 4,
          "valid_bits": {
            "physical_bank_after": false,
            "physical_bank_before": true,
            "read_data": false,
            "register_address": true,
            "requested_bank": true,
            "selector_value": true,
            "verify_expected": false,
            "verify_observed": false,
            "write_data": true
          },
          "write_data": 1
        },
        {
          "autoinit_phase": "PH_INIT",
          "autoinit_phase_code": 1,
          "bank_update_reason": "NO_CHANGE",
          "bank_update_reason_code": 0,
          "bank_verify_expected": null,
          "bank_verify_observed": null,
          "bank_verify_result": "NOT_APPLICABLE",
          "bank_verify_result_code": 0,
          "entry": 4,
          "fsm_context": 61,
          "fsm_state": 30,
          "legacy_operation_index_8": 62,
          "legacy_operation_index_authoritative": false,
          "nack_count_within_transaction": 2,
          "phase_nack_bitmap": 6,
          "phase_opportunity_bitmap": 7,
          "physical_bank_after": 5,
          "physical_bank_before": 5,
          "raw_words": [
            "0x003D0053",
            "0x3267613E",
            "0x1B00A82B",
            "0x00000505",
            "0x1E010500",
            "0x0000003D"
          ],
          "read_data": null,
          "record_valid": true,
          "register_address": 43,
          "requested_bank": 5,
          "selector_value_sent": null,
          "table_slot_index_16": 61,
          "terminal_error_code": 0,
          "timeout": false,
          "transaction_completed": true,
          "transaction_index_16": 83,
          "transaction_kind": "INIT_TARGET_WRITE",
          "transaction_kind_code": 6,
          "valid_bits": {
            "physical_bank_after": true,
            "physical_bank_before": true,
            "read_data": false,
            "register_address": true,
            "requested_bank": true,
            "selector_value": false,
            "verify_expected": false,
            "verify_observed": false,
            "write_data": true
          },
          "write_data": 168
        },
        {
          "autoinit_phase": "PH_INIT",
          "autoinit_phase_code": 1,
          "bank_update_reason": "NO_CHANGE",
          "bank_update_reason_code": 0,
          "bank_verify_expected": null,
          "bank_verify_observed": null,
          "bank_verify_result": "NOT_APPLICABLE",
          "bank_verify_result_code": 0,
          "entry": 5,
          "fsm_context": 80,
          "fsm_state": 30,
          "legacy_operation_index_8": 81,
          "legacy_operation_index_authoritative": false,
          "nack_count_within_transaction": 3,
          "phase_nack_bitmap": 7,
          "phase_opportunity_bitmap": 7,
          "physical_bank_after": 9,
          "physical_bank_before": 9,
          "raw_words": [
            "0x00500068",
            "0x33776151",
            "0x1B000952",
            "0x00000909",
            "0x1E010900",
            "0x00000050"
          ],
          "read_data": null,
          "record_valid": true,
          "register_address": 82,
          "requested_bank": 9,
          "selector_value_sent": null,
          "table_slot_index_16": 80,
          "terminal_error_code": 0,
          "timeout": false,
          "transaction_completed": true,
          "transaction_index_16": 104,
          "transaction_kind": "INIT_TARGET_WRITE",
          "transaction_kind_code": 6,
          "valid_bits": {
            "physical_bank_after": true,
            "physical_bank_before": true,
            "read_data": false,
            "register_address": true,
            "requested_bank": true,
            "selector_value": false,
            "verify_expected": false,
            "verify_observed": false,
            "write_data": true
          },
          "write_data": 9
        },
        {
          "autoinit_phase": "PH_INIT",
          "autoinit_phase_code": 1,
          "bank_update_reason": "NO_CHANGE",
          "bank_update_reason_code": 0,
          "bank_verify_expected": null,
          "bank_verify_observed": null,
          "bank_verify_result": "NOT_APPLICABLE",
          "bank_verify_result_code": 0,
          "entry": 6,
          "fsm_context": 140,
          "fsm_state": 30,
          "legacy_operation_index_8": 141,
          "legacy_operation_index_authoritative": false,
          "nack_count_within_transaction": 2,
          "phase_nack_bitmap": 6,
          "phase_opportunity_bitmap": 7,
          "physical_bank_after": 5,
          "physical_bank_before": 5,
          "raw_words": [
            "0x008C0098",
            "0x3267618D",
            "0x1B000059",
            "0x00000505",
            "0x1E010500",
            "0x0000008C"
          ],
          "read_data": null,
          "record_valid": true,
          "register_address": 89,
          "requested_bank": 5,
          "selector_value_sent": null,
          "table_slot_index_16": 140,
          "terminal_error_code": 0,
          "timeout": false,
          "transaction_completed": true,
          "transaction_index_16": 152,
          "transaction_kind": "INIT_TARGET_WRITE",
          "transaction_kind_code": 6,
          "valid_bits": {
            "physical_bank_after": true,
            "physical_bank_before": true,
            "read_data": false,
            "register_address": true,
            "requested_bank": true,
            "selector_value": false,
            "verify_expected": false,
            "verify_observed": false,
            "write_data": true
          },
          "write_data": 0
        }
      ],
      "stored": 7,
      "structural_consistency": "PASS",
      "total": 7
    },
    "header": {
      "autoinit_i2c_hz": 25000,
      "blocks_per_phase": 10,
      "capabilities": "0x000007FF",
      "index_capacity_per_phase": 512,
      "log_capacity": 64,
      "magic": "0x31463152",
      "max_attempts_per_phase": 12000,
      "opportunities_per_block": 1000,
      "probe_i2c_hz": 25000,
      "probe_phase_mask": "0x00000007",
      "record_version": 1,
      "record_width_bits": 192,
      "record_words": 6,
      "safe_target": {
        "bank": 0,
        "data": 0,
        "proven": true,
        "register": 133
      },
      "target_opportunities_per_phase": 10000,
      "version": 1
    },
    "image": "r1f",
    "legacy_17_words": [
      "0x08000038",
      "0x66CA0302",
      "0x00030101",
      "0x08180326",
      "0x00030000",
      "0x02210127",
      "0x00030000",
      "0x02210227",
      "0x00030000",
      "0x02210327",
      "0x00030000",
      "0x01FF012D",
      "0x00030100",
      "0x01FF022D",
      "0x00030100",
      "0x01FF032D",
      "0x00030100"
    ],
    "legacy_ordered_nack": {
      "control_flow_replay_scope": "PARTIAL_FIRST_8_RECORDS_ONLY",
      "current_metadata_bank": 0,
      "current_physical_bank": 0,
      "first_error_code": 3,
      "first_error_data": 102,
      "first_error_metadata_bank": 1,
      "first_error_physical_bank": 1,
      "first_error_register": 202,
      "first_error_step": 2,
      "first_error_valid": 1,
      "header_consistency": "PASS",
      "i2c_state": 0,
      "log_capacity": 8,
      "log_count": 8,
      "log_overflow": 1,
      "nack_count": 15,
      "operation_index": 249,
      "original_ff": 0,
      "phase": 8,
      "physical_bank_valid": 1,
      "records": [
        {
          "data": 102,
          "index": 0,
          "metadata_bank": 1,
          "operation_index": 2,
          "phase_code": 3,
          "phase_name": "DATA_ACK",
          "physical_bank": 1,
          "physical_bank_valid": 1,
          "raw": "0x0003010166CA0302",
          "register": 202,
          "reserved": 0,
          "valid": 1
        },
        {
          "data": 8,
          "index": 1,
          "metadata_bank": 0,
          "operation_index": 38,
          "phase_code": 3,
          "phase_name": "DATA_ACK",
          "physical_bank": 0,
          "physical_bank_valid": 1,
          "raw": "0x0003000008180326",
          "register": 24,
          "reserved": 0,
          "valid": 1
        },
        {
          "data": 2,
          "index": 2,
          "metadata_bank": 0,
          "operation_index": 39,
          "phase_code": 1,
          "phase_name": "WRITE_ADDRESS_ACK",
          "physical_bank": 0,
          "physical_bank_valid": 1,
          "raw": "0x0003000002210127",
          "register": 33,
          "reserved": 0,
          "valid": 1
        },
        {
          "data": 2,
          "index": 3,
          "metadata_bank": 0,
          "operation_index": 39,
          "phase_code": 2,
          "phase_name": "REGISTER_ADDRESS_ACK",
          "physical_bank": 0,
          "physical_bank_valid": 1,
          "raw": "0x0003000002210227",
          "register": 33,
          "reserved": 0,
          "valid": 1
        },
        {
          "data": 2,
          "index": 4,
          "metadata_bank": 0,
          "operation_index": 39,
          "phase_code": 3,
          "phase_name": "DATA_ACK",
          "physical_bank": 0,
          "physical_bank_valid": 1,
          "raw": "0x0003000002210327",
          "register": 33,
          "reserved": 0,
          "valid": 1
        },
        {
          "data": 1,
          "index": 5,
          "metadata_bank": 1,
          "operation_index": 45,
          "phase_code": 1,
          "phase_name": "WRITE_ADDRESS_ACK",
          "physical_bank": 0,
          "physical_bank_valid": 1,
          "raw": "0x0003010001FF012D",
          "register": 255,
          "reserved": 0,
          "valid": 1
        },
        {
          "data": 1,
          "index": 6,
          "metadata_bank": 1,
          "operation_index": 45,
          "phase_code": 2,
          "phase_name": "REGISTER_ADDRESS_ACK",
          "physical_bank": 0,
          "physical_bank_valid": 1,
          "raw": "0x0003010001FF022D",
          "register": 255,
          "reserved": 0,
          "valid": 1
        },
        {
          "data": 1,
          "index": 7,
          "metadata_bank": 1,
          "operation_index": 45,
          "phase_code": 3,
          "phase_name": "DATA_ACK",
          "physical_bank": 0,
          "physical_bank_valid": 1,
          "raw": "0x0003010001FF032D",
          "register": 255,
          "reserved": 0,
          "valid": 1
        }
      ],
      "restored_ff": 0,
      "table_length": 214,
      "timeout_count": 0
    },
    "legacy_reconciliation": {
      "compared_prefix_count": 8,
      "comparisons": [
        {
          "checks": {
            "legacy_operation": true,
            "phase": true,
            "physical_bank_before": true,
            "register": true,
            "requested_bank": true,
            "write_data": true
          },
          "event": 0,
          "transaction_index_16": 6
        },
        {
          "checks": {
            "legacy_operation": true,
            "phase": true,
            "physical_bank_before": true,
            "register": true,
            "requested_bank": true,
            "write_data": true
          },
          "event": 1,
          "transaction_index_16": 57
        },
        {
          "checks": {
            "legacy_operation": true,
            "phase": true,
            "physical_bank_before": true,
            "register": true,
            "requested_bank": true,
            "write_data": true
          },
          "event": 2,
          "transaction_index_16": 58
        },
        {
          "checks": {
            "legacy_operation": true,
            "phase": true,
            "physical_bank_before": true,
            "register": true,
            "requested_bank": true,
            "write_data": true
          },
          "event": 3,
          "transaction_index_16": 58
        },
        {
          "checks": {
            "legacy_operation": true,
            "phase": true,
            "physical_bank_before": true,
            "register": true,
            "requested_bank": true,
            "write_data": true
          },
          "event": 4,
          "transaction_index_16": 58
        },
        {
          "checks": {
            "legacy_operation": true,
            "phase": true,
            "physical_bank_before": true,
            "register": true,
            "requested_bank": true,
            "write_data": true
          },
          "event": 5,
          "transaction_index_16": 64
        },
        {
          "checks": {
            "legacy_operation": true,
            "phase": true,
            "physical_bank_before": true,
            "register": true,
            "requested_bank": true,
            "write_data": true
          },
          "event": 6,
          "transaction_index_16": 64
        },
        {
          "checks": {
            "legacy_operation": true,
            "phase": true,
            "physical_bank_before": true,
            "register": true,
            "requested_bank": true,
            "write_data": true
          },
          "event": 7,
          "transaction_index_16": 64
        }
      ],
      "expanded_event_count": 15,
      "result": "PASS",
      "scope": "COMPLETE_FAILED_TRANSACTION_LOG"
    },
    "lifecycle": {
      "actual": 132404591,
      "expected": 132584734,
      "extension_cycles": 0,
      "shortening_cycles": 180143,
      "shortening_residual_cycles": -1,
      "shortening_ticks_exact": 143.9992006394884,
      "shortening_ticks_nearest": 144,
      "signed_error_cycles": -180143
    },
    "phase_counters": {
      "DATA": {
        "acks": 212,
        "nacks": 7,
        "opportunities": 219,
        "rate": 0.0319634703196347
      },
      "RADDR": {
        "acks": 54,
        "nacks": 0,
        "opportunities": 54,
        "rate": 0.0
      },
      "REGADDR": {
        "acks": 268,
        "nacks": 5,
        "opportunities": 273,
        "rate": 0.018315018315018316
      },
      "WADDR": {
        "acks": 270,
        "nacks": 3,
        "opportunities": 273,
        "rate": 0.01098901098901099
      },
      "legacy_aggregate_nacks": 15,
      "phase_nack_sum": 15,
      "status": "PASS_FINAL_NO_SATURATION_COHERENT",
      "transactions": {
        "completions": 273,
        "failed": 7,
        "starts": 273,
        "timeouts": 0
      }
    },
    "probe": {
      "class": "ACTIVE_POST_AUTOINIT_DIAGNOSTIC",
      "done_freerun": 1714070963,
      "original_bank": 0,
      "phases": {
        "DATA": {
          "adjacent_nack_pairs": 0,
          "attempts": 10000,
          "binary_run_count": 1,
          "block_nacks": [
            0,
            0,
            0,
            0,
            0,
            0,
            0,
            0,
            0,
            0
          ],
          "first_nack_index_raw": null,
          "index_overflow": false,
          "index_stored": 0,
          "last_nack_index_raw": null,
          "max_consecutive_nacks": 0,
          "nack_indices_analysis_one_based": [],
          "nack_indices_raw_zero_based": [],
          "phase": "DATA",
          "prerequisite_regaddr": {
            "acks": 10000,
            "nacks": 0,
            "opportunities": 10000
          },
          "prerequisite_waddr": {
            "acks": 10000,
            "nacks": 0,
            "opportunities": 10000
          },
          "sequence_metrics_reconciled": true,
          "status": "0x00000007",
          "target_acks": 10000,
          "target_nacks": 0,
          "target_opportunities": 10000,
          "timeouts": 0
        },
        "REGADDR": {
          "adjacent_nack_pairs": 0,
          "attempts": 10000,
          "binary_run_count": 1,
          "block_nacks": [
            0,
            0,
            0,
            0,
            0,
            0,
            0,
            0,
            0,
            0
          ],
          "first_nack_index_raw": null,
          "index_overflow": false,
          "index_stored": 0,
          "last_nack_index_raw": null,
          "max_consecutive_nacks": 0,
          "nack_indices_analysis_one_based": [],
          "nack_indices_raw_zero_based": [],
          "phase": "REGADDR",
          "prerequisite_regaddr": {
            "acks": 0,
            "nacks": 0,
            "opportunities": 0
          },
          "prerequisite_waddr": {
            "acks": 10000,
            "nacks": 0,
            "opportunities": 10000
          },
          "sequence_metrics_reconciled": true,
          "status": "0x00000007",
          "target_acks": 10000,
          "target_nacks": 0,
          "target_opportunities": 10000,
          "timeouts": 0
        },
        "WADDR": {
          "adjacent_nack_pairs": 0,
          "attempts": 10000,
          "binary_run_count": 1,
          "block_nacks": [
            0,
            0,
            0,
            0,
            0,
            0,
            0,
            0,
            0,
            0
          ],
          "first_nack_index_raw": null,
          "index_overflow": false,
          "index_stored": 0,
          "last_nack_index_raw": null,
          "max_consecutive_nacks": 0,
          "nack_indices_analysis_one_based": [],
          "nack_indices_raw_zero_based": [],
          "phase": "WADDR",
          "prerequisite_regaddr": {
            "acks": 0,
            "nacks": 0,
            "opportunities": 0
          },
          "prerequisite_waddr": {
            "acks": 0,
            "nacks": 0,
            "opportunities": 0
          },
          "sequence_metrics_reconciled": true,
          "status": "0x00000007",
          "target_acks": 10000,
          "target_nacks": 0,
          "target_opportunities": 10000,
          "timeouts": 0
        }
      },
      "restored_bank": 0,
      "safe_target_post": 0,
      "safe_target_pre": 0,
      "scheduler_rounds": 10000,
      "setup_restore_status": "0x000007FF",
      "start_freerun": 132467090,
      "status": "PASS_COMPLETE_NO_ABORT_RESTORED",
      "total_attempts": 30000
    },
    "raw_local_telemetry": {
      "0x00000": 2752121863,
      "0x00004": 16395,
      "0x00008": 200706,
      "0x0000C": 65536,
      "0x00010": 3304374223,
      "0x00014": 1467781827,
      "0x00018": 35463144,
      "0x0001C": 1006995341,
      "0x00020": 3509452828,
      "0x00024": 132710402,
      "0x00028": 6299465,
      "0x0002C": 2,
      "0x00030": 1480871233,
      "0x00034": 0,
      "0x00038": 0,
      "0x0003C": 0,
      "0x00040": 0,
      "0x00044": 0,
      "0x00048": 0,
      "0x0004C": 0,
      "0x00050": 0,
      "0x00054": 0,
      "0x00058": 0,
      "0x0005C": 0,
      "0x00060": 0,
      "0x00064": 0,
      "0x00068": 0,
      "0x0006C": 0,
      "0x00070": 0,
      "0x00074": 0,
      "0x00078": 0,
      "0x0007C": 0,
      "0x00080": 3214081593,
      "0x00084": 0,
      "0x00088": 0,
      "0x0008C": 251,
      "0x00090": 15,
      "0x00094": 0,
      "0x00098": 14027001,
      "0x0009C": 2147680768,
      "0x000A0": 14088456,
      "0x000A4": 4278190586,
      "0x000A8": 50397184,
      "0x000AC": 1724514562,
      "0x000B0": 15,
      "0x000B4": 16777216,
      "0x000B8": 0,
      "0x000BC": 0,
      "0x000C0": 0,
      "0x000C4": 0,
      "0x000C8": 0,
      "0x000CC": 0,
      "0x000D0": 0,
      "0x000D4": 0,
      "0x000D8": 0,
      "0x000DC": 0,
      "0x000E0": 0
    },
    "raw_r1e_page": {
      "0x02000": 827018307,
      "0x02004": 1,
      "0x02008": 15,
      "0x0200C": 1812224642,
      "0x02010": 10,
      "0x02014": 132404591,
      "0x02018": 0,
      "0x0201C": 976705,
      "0x02020": 0,
      "0x02024": 976561,
      "0x02028": 0,
      "0x0202C": 335355322,
      "0x02030": 6,
      "0x02034": 3,
      "0x02038": 3,
      "0x0203C": 15,
      "0x02040": 826618194,
      "0x02044": 1,
      "0x02048": 31,
      "0x0204C": 25000,
      "0x02050": 1251,
      "0x02054": 132584734,
      "0x02058": 0,
      "0x0205C": 113182679,
      "0x02060": 0,
      "0x02064": 10000,
      "0x02068": 10000,
      "0x0206C": 10000,
      "0x02070": 0,
      "0x02074": 0,
      "0x02078": 825,
      "0x0207C": 4294967295,
      "0x02080": 4294967295,
      "0x02084": 0,
      "0x02088": 132467090,
      "0x0208C": 0,
      "0x02090": 1714070963,
      "0x02094": 0,
      "0x02098": 0,
      "0x0209C": 0
    }
  }
}
READ_ONLY=YES
STATIC_SNAPSHOTS_MATCH=YES
STDOUT_END
STDERR_BEGIN

STDERR_END
