#-----------------------------------------------------------
# Vivado v2025.2 (64-bit)
# SW Build 6299465 on Fri Nov 14 19:35:11 GMT 2025
# IP Build 6300035 on Fri Nov 14 10:48:45 MST 2025
# SharedData Build 6298862 on Thu Nov 13 04:50:51 MST 2025
# Start of session at: Sat Aug 22 09:18:58 2026
# Process ID         : 11584
# Current directory  : C:/FPGA/V41_NVP_I2C_25KHZ_PAIRED_AB_R1B
# Command line       : vivado.exe -mode batch -notrace -source C:\FPGA\V41_NVP_I2C_25KHZ_PAIRED_AB_R1B\scripts\read_only_property_preflight.tcl -log C:\FPGA\V41_NVP_I2C_25KHZ_PAIRED_AB_R1B\02_PROGRAM_OBSERVER_FIX\READ_ONLY_PROPERTY_PREFLIGHT.log -journal C:\FPGA\V41_NVP_I2C_25KHZ_PAIRED_AB_R1B\02_PROGRAM_OBSERVER_FIX\READ_ONLY_PROPERTY_PREFLIGHT.jou
# Log file           : C:/FPGA/V41_NVP_I2C_25KHZ_PAIRED_AB_R1B/02_PROGRAM_OBSERVER_FIX/READ_ONLY_PROPERTY_PREFLIGHT.log
# Journal file       : C:\FPGA\V41_NVP_I2C_25KHZ_PAIRED_AB_R1B\02_PROGRAM_OBSERVER_FIX\READ_ONLY_PROPERTY_PREFLIGHT.jou
# Running On         : NBLSUDUL
# Platform           : Windows Server 2016 or Windows 10
# Operating System   : 19045
# Processor Detail   : Intel(R) Core(TM) i7-7500U CPU @ 2.70GHz
# CPU Frequency      : 2904 MHz
# CPU Physical cores : 2
# CPU Logical cores  : 4
# Host memory        : 17028 MB
# Swap memory        : 4160 MB
# Total Virtual      : 21189 MB
# Available Virtual  : 8019 MB
#-----------------------------------------------------------
WARNING: [Runs 36-547] User Strategy 'Vivado Implementation Defaults' from file 'C:\Users\£ukasz Sudu³\AppData\Roaming/Xilinx/Vivado/2025.2/strategies/Vivado Implementation Defaults.Vivado Implementation 2025.psg' discarded because strategy with same name already parsed from 'C:/AMDDesignTools/2025.2/Vivado/strategies/VDI2025.psg'
source {C:\FPGA\V41_NVP_I2C_25KHZ_PAIRED_AB_R1B\scripts\read_only_property_preflight.tcl} -notrace
open_hw_manager: Time (s): cpu = 00:00:27 ; elapsed = 00:00:32 . Memory (MB): peak = 541.465 ; gain = 223.203
INFO: [Labtools 27-2285] Connecting to hw_server url TCP:localhost:3121
INFO: [Labtools 27-2222] Launching hw_server...
INFO: [Labtools 27-2221] Launch Output:

****** Xilinx hw_server v2025.2
  **** Build date : Oct 28 2025 at 10:03:13
    ** Copyright 1986-2022 Xilinx, Inc. All Rights Reserved.


INFO: [Labtools 27-3415] Connecting to cs_server url TCP:localhost:0
INFO: [Labtools 27-3417] Launching cs_server...
INFO: [Labtools 27-2221] Launch Output:


******** Xilinx cs_server v2025.2.0
  ****** Build date   : Nov 14 2025-00:16:52
    **** Build number : 2025.2.1763075812
      ** Copyright 2017-2022 Xilinx, Inc. All Rights Reserved.
      ** Copyright 2022-2026 Advanced Micro Devices, Inc. All Rights Reserved.



connect_hw_server: Time (s): cpu = 00:00:00 ; elapsed = 00:00:31 . Memory (MB): peak = 545.320 ; gain = 3.855
GLOBAL_HW_TARGET_COUNT=1
JTAG_TARGET_MATCH_COUNT=1
INFO: [Labtoolstcl 44-466] Opening hw_target localhost:3121/xilinx_tcf/Digilent/210241768436
JTAG_DEVICE_COUNT=1
FPGA_PART=xc7a35t
FPGA_IDCODE=0362D093
INFO: [Labtools 27-1434] Device xc7a35t (JTAG device index = 0) is programmed with a design that has no supported soft debug core(s) in it.
PROPERTY_COUNT=128
DEVICE_PROPERTY=AUTH_JTAG.FILE
DEVICE_PROPERTY=BOOT_PROBES.FILE
DEVICE_PROPERTY=BSCAN_SWITCH_USER_MASK
DEVICE_PROPERTY=CLASS
DEVICE_PROPERTY=DID
DEVICE_PROPERTY=FULL_PROBES.FILE
DEVICE_PROPERTY=IDCODE
DEVICE_PROPERTY=IDCODE_HEX
DEVICE_PROPERTY=INDEX
DEVICE_PROPERTY=IR_LENGTH
DEVICE_PROPERTY=IS_SYSMON_SUPPORTED
DEVICE_PROPERTY=MASK
DEVICE_PROPERTY=MASK_HEX
DEVICE_PROPERTY=NAME
DEVICE_PROPERTY=PART
DEVICE_PROPERTY=PARTIAL_PROBES.FILES
DEVICE_PROPERTY=PROBES.FILE
DEVICE_PROPERTY=PROGRAM.BOOT_FILE
DEVICE_PROPERTY=PROGRAM.DPA_COUNT
DEVICE_PROPERTY=PROGRAM.DPA_MODE
DEVICE_PROPERTY=PROGRAM.DPA_PROTECT
DEVICE_PROPERTY=PROGRAM.FILE
DEVICE_PROPERTY=PROGRAM.HW_BITSTREAM
DEVICE_PROPERTY=PROGRAM.HW_CFGMEM
DEVICE_PROPERTY=PROGRAM.HW_CFGMEM_BITFILE
DEVICE_PROPERTY=PROGRAM.HW_CFGMEM_TYPE
DEVICE_PROPERTY=PROGRAM.IS_AES_PROGRAMMED
DEVICE_PROPERTY=PROGRAM.IS_RSA_PROGRAMMED
DEVICE_PROPERTY=PROGRAM.IS_SUPPORTED
DEVICE_PROPERTY=PROGRAM.LOG
DEVICE_PROPERTY=PROGRAM.OPTIONS
DEVICE_PROPERTY=PROGRAM.READBACK_FILE
DEVICE_PROPERTY=REGISTER.BOOT_STATUS
DEVICE_PROPERTY=REGISTER.BOOT_STATUS.BIT00_0_STATUS_VALID
DEVICE_PROPERTY=REGISTER.BOOT_STATUS.BIT01_0_FALLBACK
DEVICE_PROPERTY=REGISTER.BOOT_STATUS.BIT02_0_INTERNAL_PROG
DEVICE_PROPERTY=REGISTER.BOOT_STATUS.BIT03_0_WATCHDOG_TIMEOUT_ERROR
DEVICE_PROPERTY=REGISTER.BOOT_STATUS.BIT04_0_ID_ERROR
DEVICE_PROPERTY=REGISTER.BOOT_STATUS.BIT05_0_CRC_ERROR
DEVICE_PROPERTY=REGISTER.BOOT_STATUS.BIT06_0_WRAP_ERROR
DEVICE_PROPERTY=REGISTER.BOOT_STATUS.BIT07_0_SECURITY_ERROR
DEVICE_PROPERTY=REGISTER.BOOT_STATUS.BIT08_1_STATUS_VALID
DEVICE_PROPERTY=REGISTER.BOOT_STATUS.BIT09_1_FALLBACK
DEVICE_PROPERTY=REGISTER.BOOT_STATUS.BIT10_1_INTERNAL_PROG
DEVICE_PROPERTY=REGISTER.BOOT_STATUS.BIT11_1_WATCHDOG_TIMEOUT_ERROR
DEVICE_PROPERTY=REGISTER.BOOT_STATUS.BIT12_1_ID_ERROR
DEVICE_PROPERTY=REGISTER.BOOT_STATUS.BIT13_1_CRC_ERROR
DEVICE_PROPERTY=REGISTER.BOOT_STATUS.BIT14_1_WRAP_ERROR
DEVICE_PROPERTY=REGISTER.BOOT_STATUS.BIT15_1_SECURITY_ERROR
DEVICE_PROPERTY=REGISTER.BOOT_STATUS.BIT16_RESERVED
DEVICE_PROPERTY=REGISTER.CONFIG_STATUS
DEVICE_PROPERTY=REGISTER.CONFIG_STATUS.BIT00_CRC_ERROR
DEVICE_PROPERTY=REGISTER.CONFIG_STATUS.BIT01_DECRYPTOR_ENABLE
DEVICE_PROPERTY=REGISTER.CONFIG_STATUS.BIT02_PLL_LOCK_STATUS
DEVICE_PROPERTY=REGISTER.CONFIG_STATUS.BIT03_DCI_MATCH_STATUS
DEVICE_PROPERTY=REGISTER.CONFIG_STATUS.BIT04_END_OF_STARTUP_(EOS)_STATUS
DEVICE_PROPERTY=REGISTER.CONFIG_STATUS.BIT05_GTS_CFG_B_STATUS
DEVICE_PROPERTY=REGISTER.CONFIG_STATUS.BIT06_GWE_STATUS
DEVICE_PROPERTY=REGISTER.CONFIG_STATUS.BIT07_GHIGH_STATUS
DEVICE_PROPERTY=REGISTER.CONFIG_STATUS.BIT08_MODE_PIN_M[0]
DEVICE_PROPERTY=REGISTER.CONFIG_STATUS.BIT09_MODE_PIN_M[1]
DEVICE_PROPERTY=REGISTER.CONFIG_STATUS.BIT10_MODE_PIN_M[2]
DEVICE_PROPERTY=REGISTER.CONFIG_STATUS.BIT11_INIT_B_INTERNAL_SIGNAL_STATUS
DEVICE_PROPERTY=REGISTER.CONFIG_STATUS.BIT12_INIT_B_PIN
DEVICE_PROPERTY=REGISTER.CONFIG_STATUS.BIT13_DONE_INTERNAL_SIGNAL_STATUS
DEVICE_PROPERTY=REGISTER.CONFIG_STATUS.BIT14_DONE_PIN
DEVICE_PROPERTY=REGISTER.CONFIG_STATUS.BIT15_IDCODE_ERROR
DEVICE_PROPERTY=REGISTER.CONFIG_STATUS.BIT16_SECURITY_ERROR
DEVICE_PROPERTY=REGISTER.CONFIG_STATUS.BIT17_SYSTEM_MONITOR_OVER-TEMP_ALARM_STATUS
DEVICE_PROPERTY=REGISTER.CONFIG_STATUS.BIT18_CFG_STARTUP_STATE_MACHINE_PHASE
DEVICE_PROPERTY=REGISTER.CONFIG_STATUS.BIT21_RESERVED
DEVICE_PROPERTY=REGISTER.CONFIG_STATUS.BIT25_CFG_BUS_WIDTH_DETECTION
DEVICE_PROPERTY=REGISTER.CONFIG_STATUS.BIT27_HMAC_ERROR
DEVICE_PROPERTY=REGISTER.CONFIG_STATUS.BIT28_PUDC_B_PIN
DEVICE_PROPERTY=REGISTER.CONFIG_STATUS.BIT29_BAD_PACKET_ERROR
DEVICE_PROPERTY=REGISTER.CONFIG_STATUS.BIT30_CFGBVS_PIN
DEVICE_PROPERTY=REGISTER.CONFIG_STATUS.BIT31_RESERVED
DEVICE_PROPERTY=REGISTER.COR0
DEVICE_PROPERTY=REGISTER.COR0.BIT00_GWE_CYCLE
DEVICE_PROPERTY=REGISTER.COR0.BIT03_GTS_CYCLE
DEVICE_PROPERTY=REGISTER.COR0.BIT06_LOCK_CYCLE
DEVICE_PROPERTY=REGISTER.COR0.BIT09_MATCH_CYCLE
DEVICE_PROPERTY=REGISTER.COR0.BIT12_DONE_CYCLE
DEVICE_PROPERTY=REGISTER.COR0.BIT15_SSCLKSRC
DEVICE_PROPERTY=REGISTER.COR0.BIT17_OSCFSEL
DEVICE_PROPERTY=REGISTER.COR0.BIT23_SINGLE
DEVICE_PROPERTY=REGISTER.COR0.BIT24_DRIVE_DONE
DEVICE_PROPERTY=REGISTER.COR0.BIT25_DONE_PIPE
DEVICE_PROPERTY=REGISTER.COR0.BIT26_RESERVED
DEVICE_PROPERTY=REGISTER.COR0.BIT27_PWRDWN_STAT
DEVICE_PROPERTY=REGISTER.COR0.BIT28_RESERVED
DEVICE_PROPERTY=REGISTER.COR1
DEVICE_PROPERTY=REGISTER.COR1.BIT00_BPI_PAGE_SIZE
DEVICE_PROPERTY=REGISTER.COR1.BIT02_BPI_1ST_READ_CYCLE
DEVICE_PROPERTY=REGISTER.COR1.BIT04_RESERVED
DEVICE_PROPERTY=REGISTER.COR1.BIT08_RBCRC_EN
DEVICE_PROPERTY=REGISTER.COR1.BIT09_RBCRC_NO_PIN
DEVICE_PROPERTY=REGISTER.COR1.BIT10_RESERVED
DEVICE_PROPERTY=REGISTER.COR1.BIT15_RBCRC_ACTION
DEVICE_PROPERTY=REGISTER.COR1.BIT17_PERSIST_DEASSERT_AT_DESYNC
DEVICE_PROPERTY=REGISTER.COR1.BIT18_RESERVED
DEVICE_PROPERTY=REGISTER.EFUSE.DNA_PORT
DEVICE_PROPERTY=REGISTER.EFUSE.FUSE_CNTL
DEVICE_PROPERTY=REGISTER.EFUSE.FUSE_DNA
DEVICE_PROPERTY=REGISTER.EFUSE.FUSE_KEY
DEVICE_PROPERTY=REGISTER.EFUSE.FUSE_USER
DEVICE_PROPERTY=REGISTER.IR
DEVICE_PROPERTY=REGISTER.IR.BIT0_ALWAYS_ONE
DEVICE_PROPERTY=REGISTER.IR.BIT1_ALWAYS_ZERO
DEVICE_PROPERTY=REGISTER.IR.BIT2_ISC_DONE
DEVICE_PROPERTY=REGISTER.IR.BIT3_ISC_ENABLED
DEVICE_PROPERTY=REGISTER.IR.BIT4_INIT_COMPLETE
DEVICE_PROPERTY=REGISTER.IR.BIT5_DONE
DEVICE_PROPERTY=REGISTER.TIMER
DEVICE_PROPERTY=REGISTER.TIMER.BIT00_TIMER_VALUE
DEVICE_PROPERTY=REGISTER.TIMER.BIT30_TIMER_CFG_MON
DEVICE_PROPERTY=REGISTER.TIMER.BIT31_TIMER_USR_MON
DEVICE_PROPERTY=REGISTER.USERCODE
DEVICE_PROPERTY=REGISTER.USR_ACCESS
DEVICE_PROPERTY=REGISTER.WBSTAR
DEVICE_PROPERTY=REGISTER.WBSTAR.BIT00_START_ADDR
DEVICE_PROPERTY=REGISTER.WBSTAR.BIT29_RS_TS_B
DEVICE_PROPERTY=REGISTER.WBSTAR.BIT30_RS
DEVICE_PROPERTY=UNKNOWN_DEVICE
DEVICE_PROPERTY=USER_CHAIN_COUNT
DEVICE_PROPERTY=USE_BSCAN_FALLBACK
DEVICE_PROPERTY=VARIANT_NAME
DEVICE_PROPERTY=XSDB_USER_BSCAN
BIT5_DONE_PROPERTY_AVAILABLE=YES
BIT4_EOS_PROPERTY_AVAILABLE=NO
BIT4_EOS_PROPERTY_QUERY_ATTEMPTED=NO
CURRENT_DONE=1
PROGRAM_INVOCATIONS=0
READ_ONLY_PROPERTY_PREFLIGHT=PASS
INFO: [Labtoolstcl 44-464] Closing hw_target localhost:3121/xilinx_tcf/Digilent/210241768436
INFO: [Common 17-206] Exiting Vivado at Sat Aug 22 09:20:35 2026...
