
****** Vivado v2025.2 (64-bit)
  **** SW Build 6299465 on Fri Nov 14 19:35:11 GMT 2025
  **** IP Build 6300035 on Fri Nov 14 10:48:45 MST 2025
  **** SharedData Build 6298862 on Thu Nov 13 04:50:51 MST 2025
  **** Start of session at: Tue Sep  1 21:39:47 2026
    ** Copyright 1986-2022 Xilinx, Inc. All Rights Reserved.
    ** Copyright 2022-2025 Advanced Micro Devices, Inc. All Rights Reserved.

WARNING: [Runs 36-547] User Strategy 'Vivado Implementation Defaults' from file 'C:\Users\£ukasz Sudu³\AppData\Roaming/Xilinx/Vivado/2025.2/strategies/Vivado Implementation Defaults.Vivado Implementation 2025.psg' discarded because strategy with same name already parsed from 'C:/AMDDesignTools/2025.2/Vivado/strategies/VDI2025.psg'
source {C:\FPGA\G2B_BS1R_SINGLE_SINK_20260901T192755Z\G2B_BS1R_WORKER.tcl}
# proc utc_from_milliseconds {milliseconds} {
#   set seconds [expr {$milliseconds / 1000}]
#   set fraction [format %03d [expr {$milliseconds % 1000}]]
#   return "[clock format $seconds -gmt true -format {%Y-%m-%dT%H:%M:%S}].${fraction}Z"
# }
# proc utc_now {} {
#   return [utc_from_milliseconds [clock milliseconds]]
# }
# proc format_seconds_from_ms {milliseconds} {
#   return [format %.3f [expr {double($milliseconds) / 1000.0}]]
# }
# proc write_text {path text} {
#   set temporary_path "${path}.tmp.[pid].[clock clicks]"
#   set handle [open $temporary_path w]
#   fconfigure $handle -translation lf -encoding utf-8
#   puts -nonewline $handle $text
#   close $handle
#   file rename -force $temporary_path $path
# }
# proc append_text {path text} {
#   set handle [open $path a]
#   fconfigure $handle -translation lf -encoding utf-8
#   puts -nonewline $handle $text
#   close $handle
# }
# proc read_exact_name_list {path} {
#   set handle [open $path r]
#   fconfigure $handle -translation auto -encoding utf-8
#   set text [read $handle]
#   close $handle
#   set normalized [string map [list "\r" ""] [string trim $text]]
#   if {$normalized eq ""} {
#     return [list]
#   }
#   return [split $normalized "\n"]
# }
# proc mark_phase {output_dir label t0_ms detail} {
#   set now_ms [clock milliseconds]
#   set timestamp [utc_from_milliseconds $now_ms]
#   set elapsed [format_seconds_from_ms [expr {$now_ms - $t0_ms}]]
#   write_text [file join $output_dir "${label}.marker"] "MARKER=${label}\nTIMESTAMP=${timestamp}\nEPOCH_MILLISECONDS=${now_ms}\nELAPSED_FROM_LAUNCH_SECONDS=${elapsed}\nDETAIL=${detail}\n"
#   append_text [file join $output_dir G2B_BS1R_TIMELINE.log] "${label}|${timestamp}|${now_ms}|${elapsed}|${detail}\n"
#   puts "BS1R_MARKER ${label} ${timestamp} elapsed=${elapsed}s"
#   flush stdout
#   return [list $now_ms $timestamp $elapsed]
# }
# proc property_or_na {property object} {
#   if {[catch {get_property $property $object} value]} {
#     return "N/A"
#   }
#   if {$value eq ""} {
#     return "N/A"
#   }
#   return $value
# }
# proc run_bs1r {} {
#   global argv argc
#   if {$argc != 9} {
#     error "usage: G2B_BS1R_WORKER.tcl DCP BASE_XDC SOURCE_LIST SINK_LIST OUTPUT_DIR T0_EPOCH_MS DCP_SHA256 SOURCE_SHA256 SINK_SHA256"
#   }
# 
#   lassign $argv checkpoint base_xdc source_list sink_list output_dir t0_ms dcp_sha256 source_sha256 sink_sha256
#   file mkdir $output_dir
# 
#   set worker_values [mark_phase $output_dir WORKER_STARTED $t0_ms "Tcl worker entered"]
#   lassign $worker_values worker_started_ms worker_started_timestamp worker_start_elapsed
#   set vivado_version [version -short]
#   set vivado_version_full [version]
#   write_text [file join $output_dir G2B_BS1R_VIVADO_VERSION.txt] "SHORT=${vivado_version}\nFULL=${vivado_version_full}\n"
# 
#   set checkpoint_open_start_ms [clock milliseconds]
#   open_checkpoint $checkpoint
#   set dcp_values [mark_phase $output_dir DCP_OPENED $t0_ms "sealed routed checkpoint opened"]
#   lassign $dcp_values dcp_opened_ms dcp_opened_timestamp dcp_opened_elapsed
# 
#   set part [get_property PART [current_design]]
#   if {$part ne "xc7a35tcsg325-2"} {
#     error "sealed routed DCP part mismatch: $part"
#   }
# 
#   set route_report [file join $output_dir G2B_BS1R_ROUTE_STATUS.rpt]
#   report_route_status -file $route_report
#   set route_handle [open $route_report r]
#   fconfigure $route_handle -translation auto -encoding utf-8
#   set route_text [read $route_handle]
#   close $route_handle
#   if {![regexp -line {# of routable nets[^:\n]*:\s*([0-9]+)} $route_text route_match routable_nets]} {
#     error "unable to parse routable-net count from route status"
#   }
#   if {![regexp -line {# of fully routed nets[^:\n]*:\s*([0-9]+)} $route_text fully_match fully_routed_nets]} {
#     error "unable to parse fully-routed-net count from route status"
#   }
#   if {![regexp -line {# of nets with routing errors[^:\n]*:\s*([0-9]+)} $route_text error_match routing_error_nets]} {
#     error "unable to parse routing-error count from route status"
#   }
#   if {$routable_nets != $fully_routed_nets || $routing_error_nets != 0} {
#     error "sealed checkpoint is not fully routed: routable=$routable_nets fully_routed=$fully_routed_nets routing_errors=$routing_error_nets"
#   }
# 
#   reset_timing -invalid
#   read_xdc $base_xdc
# 
#   set source_names [read_exact_name_list $source_list]
#   set sink_names [read_exact_name_list $sink_list]
#   if {[llength $source_names] != 58} {
#     error "authoritative source-list count mismatch: [llength $source_names]"
#   }
#   if {[llength $sink_names] != 1} {
#     error "authoritative sink-list count mismatch: [llength $sink_names]"
#   }
# 
#   set sources [get_cells -quiet $source_names]
#   set sinks [get_cells -quiet $sink_names]
#   set resolved_source_names [get_property NAME $sources]
#   set resolved_sink_names [get_property NAME $sinks]
#   if {[llength $sources] != 58} {
#     error "resolved source count mismatch: [llength $sources]"
#   }
#   if {[llength $sinks] != 1} {
#     error "resolved sink count mismatch: [llength $sinks]"
#   }
#   if {[lsort -dictionary $source_names] ne [lsort -dictionary $resolved_source_names]} {
#     error "resolved source identity differs from authoritative S_FULL list"
#   }
#   if {[lsort -dictionary $sink_names] ne [lsort -dictionary $resolved_sink_names]} {
#     error "resolved sink identity differs from authoritative K_OWNERSHIP_RESULT list"
#   }
# 
#   set sink_name [lindex $resolved_sink_names 0]
#   if {$sink_name ne "G2B_ONECH_C2H/own_ok_hold_source_reg"} {
#     error "resolved singleton sink differs from required BS1R object: $sink_name"
#   }
#   set sink_ref_name [property_or_na REF_NAME $sinks]
#   set sink_primitive_type [property_or_na PRIMITIVE_TYPE $sinks]
#   write_text [file join $output_dir G2B_BS1R_SOURCE_SET_RESOLVED.txt] "[join $resolved_source_names \n]\n"
#   write_text [file join $output_dir G2B_BS1R_SINK_SET_RESOLVED.txt] "[join $resolved_sink_names \n]\n"
# 
#   set objects_values [mark_phase $output_dir OBJECTS_RESOLVED $t0_ms "58 sources and singleton sink identity verified"]
#   lassign $objects_values objects_resolved_ms objects_resolved_timestamp objects_resolved_elapsed
# 
#   set_bus_skew -from $sources -to $sinks 3.000
#   write_xdc -exclude_physical -force [file join $output_dir G2B_BS1R_APPLIED_CONSTRAINT.xdc]
# 
#   set ready_ms [clock milliseconds]
#   set ready_timestamp [utc_from_milliseconds $ready_ms]
#   set initialization_elapsed [format_seconds_from_ms [expr {$ready_ms - $t0_ms}]]
#   write_text [file join $output_dir COMMAND_READY.marker] "[join [list \
#     "MARKER=COMMAND_READY" \
#     "TIMESTAMP=$ready_timestamp" \
#     "EPOCH_MILLISECONDS=$ready_ms" \
#     "DCP_SHA256=$dcp_sha256" \
#     "SOURCE_COUNT=[llength $sources]" \
#     "SOURCE_SET_SHA256=$source_sha256" \
#     "SINK_COUNT=[llength $sinks]" \
#     "SINK_OBJECT=$sink_name" \
#     "SINK_SET_SHA256=$sink_sha256" \
#     "VIVADO_VERSION=$vivado_version" \
#     "INITIALIZATION_ELAPSED_SECONDS=$initialization_elapsed" \
#     "INITIALIZATION_WATCHDOG_SECONDS=900" \
#     "BUS_SKEW_WATCHDOG_SECONDS=300" \
#     "BUS_SKEW_COMMAND_EXECUTED=NO" \
#   ] "\n"]\n"
#   append_text [file join $output_dir G2B_BS1R_TIMELINE.log] "COMMAND_READY|${ready_timestamp}|${ready_ms}|${initialization_elapsed}|exact scope and constraint prepared\n"
# 
#   write_text [file join $output_dir G2B_BS1R_WORKER_STATE.txt] [join [list \
#     "EXPERIMENT_ID=BS1R_EXP001" \
#     "STATE=COMMAND_READY" \
#     "VIVADO_VERSION=$vivado_version" \
#     "PART=$part" \
#     "ROUTE_STATUS=FULLY_ROUTED" \
#     "ROUTABLE_NETS=$routable_nets" \
#     "FULLY_ROUTED_NETS=$fully_routed_nets" \
#     "ROUTING_ERROR_NETS=$routing_error_nets" \
#     "WORKER_STARTED_TIMESTAMP=$worker_started_timestamp" \
#     "CHECKPOINT_OPEN_STARTED_EPOCH_MILLISECONDS=$checkpoint_open_start_ms" \
#     "DCP_OPENED_TIMESTAMP=$dcp_opened_timestamp" \
#     "OBJECTS_RESOLVED_TIMESTAMP=$objects_resolved_timestamp" \
#     "COMMAND_READY_TIMESTAMP=$ready_timestamp" \
#     "INITIALIZATION_ELAPSED_SECONDS=$initialization_elapsed" \
#     "SOURCE_COUNT=[llength $sources]" \
#     "SOURCE_SET_SHA256=$source_sha256" \
#     "SINK_COUNT=[llength $sinks]" \
#     "SINK_NAME=$sink_name" \
#     "SINK_REF_NAME=$sink_ref_name" \
#     "SINK_PRIMITIVE_TYPE=$sink_primitive_type" \
#     "SINK_SET_SHA256=$sink_sha256" \
#     "REQUIRED_SKEW_NS=3.000" \
#     "REPORT_BUS_SKEW_ATTEMPT_COUNT=0" \
#     "REPORT_TIMING_CONTROL=NOT_RUN" \
#   ] "\n"]
#   append_text [file join $output_dir G2B_BS1R_WORKER_STATE.txt] "\n"
#   puts "BS1R_COMMAND_READY $ready_timestamp initialization=${initialization_elapsed}s"
#   flush stdout
# 
#   set bus_skew_start_ms [clock milliseconds]
#   set bus_skew_start_timestamp [utc_from_milliseconds $bus_skew_start_ms]
#   set bus_skew_start_elapsed [format_seconds_from_ms [expr {$bus_skew_start_ms - $t0_ms}]]
#   write_text [file join $output_dir BUS_SKEW_STARTED.marker] "MARKER=BUS_SKEW_STARTED\nTIMESTAMP=${bus_skew_start_timestamp}\nEPOCH_MILLISECONDS=${bus_skew_start_ms}\nELAPSED_FROM_LAUNCH_SECONDS=${bus_skew_start_elapsed}\nSOURCE_COUNT=58\nSINK_COUNT=1\nSINK_OBJECT=${sink_name}\nREQUIRED_SKEW_NS=3.000\nREPORT_BUS_SKEW_ATTEMPT_COUNT=1\n"
#   append_text [file join $output_dir G2B_BS1R_TIMELINE.log] "BUS_SKEW_STARTED|${bus_skew_start_timestamp}|${bus_skew_start_ms}|${bus_skew_start_elapsed}|single bounded report_bus_skew attempt\n"
#   append_text [file join $output_dir G2B_BS1R_WORKER_STATE.txt] "STATE=BUS_SKEW_RUNNING\nBUS_SKEW_STARTED_TIMESTAMP=${bus_skew_start_timestamp}\nREPORT_BUS_SKEW_ATTEMPT_COUNT=1\n"
#   puts "BS1R_BUS_SKEW_STARTED $bus_skew_start_timestamp"
#   flush stdout
# 
#   report_bus_skew -no_detailed_paths -max_paths 1 -nworst 1 -warn_on_violation -file [file join $output_dir G2B_BS1R_REPORT_BUS_SKEW.rpt]
# 
#   set bus_skew_end_ms [clock milliseconds]
#   set bus_skew_end_timestamp [utc_from_milliseconds $bus_skew_end_ms]
#   set bus_skew_elapsed [format_seconds_from_ms [expr {$bus_skew_end_ms - $bus_skew_start_ms}]]
#   set total_elapsed [format_seconds_from_ms [expr {$bus_skew_end_ms - $t0_ms}]]
#   write_text [file join $output_dir BUS_SKEW_COMPLETED.marker] "MARKER=BUS_SKEW_COMPLETED\nTIMESTAMP=${bus_skew_end_timestamp}\nEPOCH_MILLISECONDS=${bus_skew_end_ms}\nBUS_SKEW_ELAPSED_SECONDS=${bus_skew_elapsed}\nTOTAL_ELAPSED_SECONDS=${total_elapsed}\nREPORT_BUS_SKEW_ATTEMPT_COUNT=1\n"
#   append_text [file join $output_dir G2B_BS1R_TIMELINE.log] "BUS_SKEW_COMPLETED|${bus_skew_end_timestamp}|${bus_skew_end_ms}|${total_elapsed}|command_elapsed=${bus_skew_elapsed}s\n"
#   append_text [file join $output_dir G2B_BS1R_WORKER_STATE.txt] "STATE=COMPLETE\nBUS_SKEW_COMPLETED_TIMESTAMP=${bus_skew_end_timestamp}\nBUS_SKEW_ELAPSED_SECONDS=${bus_skew_elapsed}\nTOTAL_ELAPSED_SECONDS=${total_elapsed}\nREPORT_TIMING_CONTROL=NOT_RUN\n"
#   puts "BS1R_BUS_SKEW_COMPLETED $bus_skew_end_timestamp command=${bus_skew_elapsed}s"
#   flush stdout
# 
#   close_design
# }
# if {$argc >= 5} {
#   set bs1r_output_dir [lindex $argv 4]
# } else {
#   set bs1r_output_dir [pwd]
# }
# if {$argc >= 6} {
#   set bs1r_t0_ms [lindex $argv 5]
# } else {
#   set bs1r_t0_ms [clock milliseconds]
# }
# if {[catch {run_bs1r} bs1r_error bs1r_options]} {
#   set error_ms [clock milliseconds]
#   set error_timestamp [utc_from_milliseconds $error_ms]
#   set error_elapsed [format_seconds_from_ms [expr {$error_ms - $bs1r_t0_ms}]]
#   write_text [file join $bs1r_output_dir VIVADO_ERROR.marker] "MARKER=VIVADO_ERROR\nTIMESTAMP=${error_timestamp}\nEPOCH_MILLISECONDS=${error_ms}\nELAPSED_FROM_LAUNCH_SECONDS=${error_elapsed}\nERROR=${bs1r_error}\n"
#   append_text [file join $bs1r_output_dir G2B_BS1R_TIMELINE.log] "VIVADO_ERROR|${error_timestamp}|${error_ms}|${error_elapsed}|${bs1r_error}\n"
#   set error_info [dict get $bs1r_options -errorinfo]
#   write_text [file join $bs1r_output_dir G2B_BS1R_VIVADO_ERROR.txt] "ERROR=${bs1r_error}\n\n${error_info}\n"
#   puts stderr "BS1R_VIVADO_ERROR: $bs1r_error"
#   catch {close_design}
#   exit 1
# }
BS1R_MARKER WORKER_STARTED 2026-09-01T19:40:32.305Z elapsed=54.139s
Command: open_checkpoint {C:\FPGA\G2B_LUT1_PRODUCT_PRECOMMIT_RECOVERY_20260831_12R1\sealed_inputs\G2B_ROUTED.dcp}

Starting open_checkpoint Task

Time (s): cpu = 00:00:01 ; elapsed = 00:00:00.250 . Memory (MB): peak = 333.504 ; gain = 5.270
INFO: [Device 21-403] Loading part xc7a35tcsg325-2
Netlist sorting complete. Time (s): cpu = 00:00:03 ; elapsed = 00:00:04 . Memory (MB): peak = 807.699 ; gain = 0.000
INFO: [Netlist 29-17] Analyzing 2171 Unisim elements for replacement
INFO: [Netlist 29-28] Unisim Transformation completed in 3 CPU seconds
INFO: [Project 1-479] Netlist was created with Vivado 2025.2
INFO: [Project 1-570] Preparing netlist for logic optimization
Read ShapeDB Complete: Time (s): cpu = 00:00:00 ; elapsed = 00:00:00.749 . Memory (MB): peak = 951.969 ; gain = 11.496
INFO: [Timing 38-478] Restoring timing data from binary archive.
INFO: [Timing 38-479] Binary timing data restore complete.
INFO: [Project 1-856] Restoring constraints from binary archive.
INFO: [Project 1-853] Binary constraint restore complete.
INFO: [Designutils 20-5722] Start Reading Physical Databases.
Reading placement.
Read Netlist Cache: Time (s): cpu = 00:00:00 ; elapsed = 00:00:00.151 . Memory (MB): peak = 1584.059 ; gain = 0.000
Reading placer database...
Read Device Cache: Time (s): cpu = 00:00:00 ; elapsed = 00:00:00.030 . Memory (MB): peak = 1584.059 ; gain = 0.000
Read PlaceDB: Time (s): cpu = 00:00:00 ; elapsed = 00:00:00 . Memory (MB): peak = 1584.059 ; gain = 0.000
Read placeStorage: Time (s): cpu = 00:00:03 ; elapsed = 00:00:03 . Memory (MB): peak = 1591.078 ; gain = 7.020
Read PulsedLatchDB: Time (s): cpu = 00:00:00 ; elapsed = 00:00:00 . Memory (MB): peak = 1591.078 ; gain = 0.000
Reading routing.
Read RouteStorage: Time (s): cpu = 00:00:02 ; elapsed = 00:00:01 . Memory (MB): peak = 1613.281 ; gain = 22.203
Read Physdb Files: Time (s): cpu = 00:00:05 ; elapsed = 00:00:04 . Memory (MB): peak = 1613.281 ; gain = 29.223
Restored from archive | CPU: 5.000000 secs | Memory: 0.000000 MB |
Finished XDEF File Restore: Time (s): cpu = 00:00:05 ; elapsed = 00:00:05 . Memory (MB): peak = 1613.281 ; gain = 29.223
Netlist sorting complete. Time (s): cpu = 00:00:00 ; elapsed = 00:00:00.045 . Memory (MB): peak = 1645.680 ; gain = 0.000
INFO: [Project 1-111] Unisim Transformation Summary:
  A total of 333 instances were transformed.
  IOBUF => IOBUF (IBUF, OBUFT): 2 instances
  RAM16X1D => RAM32X1D (RAMD32(x2)): 37 instances
  RAM32M => RAM32M (RAMD32(x6), RAMS32(x2)): 264 instances
  RAM32X1D => RAM32X1D (RAMD32(x2)): 22 instances
  RAM64X1S => RAM64X1S (RAMS64E): 8 instances

INFO: [Project 1-604] Checkpoint was created with Vivado v2025.2 (64-bit) build 6299465
open_checkpoint: Time (s): cpu = 00:02:00 ; elapsed = 00:02:40 . Memory (MB): peak = 1651.453 ; gain = 1334.293
BS1R_MARKER DCP_OPENED 2026-09-01T19:43:16.584Z elapsed=218.418s
report_route_status: Time (s): cpu = 00:00:11 ; elapsed = 00:00:06 . Memory (MB): peak = 1724.816 ; gain = 73.363
Parsing XDC File [C:/FPGA/G2B_BS1R_SINGLE_SINK_20260901T192755Z/G2B_BS1R_CONSTRAINT_BASE.xdc]
INFO: [Timing 38-35] Done setting XDC timing constraints. [C:/FPGA/G2B_BS1R_SINGLE_SINK_20260901T192755Z/G2B_BS1R_CONSTRAINT_BASE.xdc:19]
INFO: [Timing 38-2] Deriving generated clocks [C:/FPGA/G2B_BS1R_SINGLE_SINK_20260901T192755Z/G2B_BS1R_CONSTRAINT_BASE.xdc:19]
INFO: [Timing 38-2] Deriving generated clocks [C:/FPGA/G2B_BS1R_SINGLE_SINK_20260901T192755Z/G2B_BS1R_CONSTRAINT_BASE.xdc:64]
INFO: [Vivado 12-2286] Implicit search of objects for pattern 'G2B_ONECH_C2H/desc_epoch_source_reg[0][0]' matched to 'cell' objects. [C:/FPGA/G2B_BS1R_SINGLE_SINK_20260901T192755Z/G2B_BS1R_CONSTRAINT_BASE.xdc:64]
Resolution: To avoid ambiguous patterns, provide proper objects using get commands e.g. [get_nets xyz].
INFO: [Vivado 12-2286] Implicit search of objects for pattern 'G2B_ONECH_C2H/desc_epoch_source_reg[0][10]' matched to 'cell' objects. [C:/FPGA/G2B_BS1R_SINGLE_SINK_20260901T192755Z/G2B_BS1R_CONSTRAINT_BASE.xdc:64]
Resolution: To avoid ambiguous patterns, provide proper objects using get commands e.g. [get_nets xyz].
INFO: [Vivado 12-2286] Implicit search of objects for pattern 'G2B_ONECH_C2H/desc_epoch_source_reg[0][11]' matched to 'cell' objects. [C:/FPGA/G2B_BS1R_SINGLE_SINK_20260901T192755Z/G2B_BS1R_CONSTRAINT_BASE.xdc:64]
Resolution: To avoid ambiguous patterns, provide proper objects using get commands e.g. [get_nets xyz].
INFO: [Vivado 12-2286] Implicit search of objects for pattern 'G2B_ONECH_C2H/desc_epoch_source_reg[0][12]' matched to 'cell' objects. [C:/FPGA/G2B_BS1R_SINGLE_SINK_20260901T192755Z/G2B_BS1R_CONSTRAINT_BASE.xdc:64]
Resolution: To avoid ambiguous patterns, provide proper objects using get commands e.g. [get_nets xyz].
INFO: [Vivado 12-2286] Implicit search of objects for pattern 'G2B_ONECH_C2H/desc_epoch_source_reg[0][13]' matched to 'cell' objects. [C:/FPGA/G2B_BS1R_SINGLE_SINK_20260901T192755Z/G2B_BS1R_CONSTRAINT_BASE.xdc:64]
Resolution: To avoid ambiguous patterns, provide proper objects using get commands e.g. [get_nets xyz].
INFO: [Vivado 12-2286] Implicit search of objects for pattern 'G2B_ONECH_C2H/desc_epoch_source_reg[0][14]' matched to 'cell' objects. [C:/FPGA/G2B_BS1R_SINGLE_SINK_20260901T192755Z/G2B_BS1R_CONSTRAINT_BASE.xdc:64]
Resolution: To avoid ambiguous patterns, provide proper objects using get commands e.g. [get_nets xyz].
INFO: [Vivado 12-2286] Implicit search of objects for pattern 'G2B_ONECH_C2H/desc_epoch_source_reg[0][15]' matched to 'cell' objects. [C:/FPGA/G2B_BS1R_SINGLE_SINK_20260901T192755Z/G2B_BS1R_CONSTRAINT_BASE.xdc:64]
Resolution: To avoid ambiguous patterns, provide proper objects using get commands e.g. [get_nets xyz].
INFO: [Vivado 12-2286] Implicit search of objects for pattern 'G2B_ONECH_C2H/desc_epoch_source_reg[0][16]' matched to 'cell' objects. [C:/FPGA/G2B_BS1R_SINGLE_SINK_20260901T192755Z/G2B_BS1R_CONSTRAINT_BASE.xdc:64]
Resolution: To avoid ambiguous patterns, provide proper objects using get commands e.g. [get_nets xyz].
INFO: [Vivado 12-2286] Implicit search of objects for pattern 'G2B_ONECH_C2H/desc_epoch_source_reg[0][17]' matched to 'cell' objects. [C:/FPGA/G2B_BS1R_SINGLE_SINK_20260901T192755Z/G2B_BS1R_CONSTRAINT_BASE.xdc:64]
Resolution: To avoid ambiguous patterns, provide proper objects using get commands e.g. [get_nets xyz].
INFO: [Vivado 12-2286] Implicit search of objects for pattern 'G2B_ONECH_C2H/desc_epoch_source_reg[0][18]' matched to 'cell' objects. [C:/FPGA/G2B_BS1R_SINGLE_SINK_20260901T192755Z/G2B_BS1R_CONSTRAINT_BASE.xdc:64]
Resolution: To avoid ambiguous patterns, provide proper objects using get commands e.g. [get_nets xyz].
INFO: [Vivado 12-2286] Implicit search of objects for pattern 'G2B_ONECH_C2H/desc_epoch_source_reg[0][19]' matched to 'cell' objects. [C:/FPGA/G2B_BS1R_SINGLE_SINK_20260901T192755Z/G2B_BS1R_CONSTRAINT_BASE.xdc:64]
Resolution: To avoid ambiguous patterns, provide proper objects using get commands e.g. [get_nets xyz].
INFO: [Vivado 12-2286] Implicit search of objects for pattern 'G2B_ONECH_C2H/desc_epoch_source_reg[0][1]' matched to 'cell' objects. [C:/FPGA/G2B_BS1R_SINGLE_SINK_20260901T192755Z/G2B_BS1R_CONSTRAINT_BASE.xdc:64]
Resolution: To avoid ambiguous patterns, provide proper objects using get commands e.g. [get_nets xyz].
INFO: [Vivado 12-2286] Implicit search of objects for pattern 'G2B_ONECH_C2H/desc_epoch_source_reg[0][20]' matched to 'cell' objects. [C:/FPGA/G2B_BS1R_SINGLE_SINK_20260901T192755Z/G2B_BS1R_CONSTRAINT_BASE.xdc:64]
Resolution: To avoid ambiguous patterns, provide proper objects using get commands e.g. [get_nets xyz].
INFO: [Vivado 12-2286] Implicit search of objects for pattern 'G2B_ONECH_C2H/desc_epoch_source_reg[0][21]' matched to 'cell' objects. [C:/FPGA/G2B_BS1R_SINGLE_SINK_20260901T192755Z/G2B_BS1R_CONSTRAINT_BASE.xdc:64]
Resolution: To avoid ambiguous patterns, provide proper objects using get commands e.g. [get_nets xyz].
INFO: [Vivado 12-2286] Implicit search of objects for pattern 'G2B_ONECH_C2H/desc_epoch_source_reg[0][22]' matched to 'cell' objects. [C:/FPGA/G2B_BS1R_SINGLE_SINK_20260901T192755Z/G2B_BS1R_CONSTRAINT_BASE.xdc:64]
Resolution: To avoid ambiguous patterns, provide proper objects using get commands e.g. [get_nets xyz].
INFO: [Vivado 12-2286] Implicit search of objects for pattern 'G2B_ONECH_C2H/desc_epoch_source_reg[0][23]' matched to 'cell' objects. [C:/FPGA/G2B_BS1R_SINGLE_SINK_20260901T192755Z/G2B_BS1R_CONSTRAINT_BASE.xdc:64]
Resolution: To avoid ambiguous patterns, provide proper objects using get commands e.g. [get_nets xyz].
INFO: [Vivado 12-2286] Implicit search of objects for pattern 'G2B_ONECH_C2H/desc_epoch_source_reg[0][24]' matched to 'cell' objects. [C:/FPGA/G2B_BS1R_SINGLE_SINK_20260901T192755Z/G2B_BS1R_CONSTRAINT_BASE.xdc:64]
Resolution: To avoid ambiguous patterns, provide proper objects using get commands e.g. [get_nets xyz].
INFO: [Vivado 12-2286] Implicit search of objects for pattern 'G2B_ONECH_C2H/desc_epoch_source_reg[0][25]' matched to 'cell' objects. [C:/FPGA/G2B_BS1R_SINGLE_SINK_20260901T192755Z/G2B_BS1R_CONSTRAINT_BASE.xdc:64]
Resolution: To avoid ambiguous patterns, provide proper objects using get commands e.g. [get_nets xyz].
INFO: [Vivado 12-2286] Implicit search of objects for pattern 'G2B_ONECH_C2H/desc_epoch_source_reg[0][26]' matched to 'cell' objects. [C:/FPGA/G2B_BS1R_SINGLE_SINK_20260901T192755Z/G2B_BS1R_CONSTRAINT_BASE.xdc:64]
Resolution: To avoid ambiguous patterns, provide proper objects using get commands e.g. [get_nets xyz].
INFO: [Vivado 12-2286] Implicit search of objects for pattern 'G2B_ONECH_C2H/desc_epoch_source_reg[0][27]' matched to 'cell' objects. [C:/FPGA/G2B_BS1R_SINGLE_SINK_20260901T192755Z/G2B_BS1R_CONSTRAINT_BASE.xdc:64]
Resolution: To avoid ambiguous patterns, provide proper objects using get commands e.g. [get_nets xyz].
INFO: [Vivado 12-2286] Implicit search of objects for pattern 'G2B_ONECH_C2H/desc_epoch_source_reg[0][28]' matched to 'cell' objects. [C:/FPGA/G2B_BS1R_SINGLE_SINK_20260901T192755Z/G2B_BS1R_CONSTRAINT_BASE.xdc:64]
Resolution: To avoid ambiguous patterns, provide proper objects using get commands e.g. [get_nets xyz].
INFO: [Vivado 12-2286] Implicit search of objects for pattern 'G2B_ONECH_C2H/desc_epoch_source_reg[0][29]' matched to 'cell' objects. [C:/FPGA/G2B_BS1R_SINGLE_SINK_20260901T192755Z/G2B_BS1R_CONSTRAINT_BASE.xdc:64]
Resolution: To avoid ambiguous patterns, provide proper objects using get commands e.g. [get_nets xyz].
INFO: [Vivado 12-2286] Implicit search of objects for pattern 'G2B_ONECH_C2H/desc_epoch_source_reg[0][2]' matched to 'cell' objects. [C:/FPGA/G2B_BS1R_SINGLE_SINK_20260901T192755Z/G2B_BS1R_CONSTRAINT_BASE.xdc:64]
Resolution: To avoid ambiguous patterns, provide proper objects using get commands e.g. [get_nets xyz].
INFO: [Vivado 12-2286] Implicit search of objects for pattern 'G2B_ONECH_C2H/desc_epoch_source_reg[0][30]' matched to 'cell' objects. [C:/FPGA/G2B_BS1R_SINGLE_SINK_20260901T192755Z/G2B_BS1R_CONSTRAINT_BASE.xdc:64]
Resolution: To avoid ambiguous patterns, provide proper objects using get commands e.g. [get_nets xyz].
INFO: [Vivado 12-2286] Implicit search of objects for pattern 'G2B_ONECH_C2H/desc_epoch_source_reg[0][31]' matched to 'cell' objects. [C:/FPGA/G2B_BS1R_SINGLE_SINK_20260901T192755Z/G2B_BS1R_CONSTRAINT_BASE.xdc:64]
Resolution: To avoid ambiguous patterns, provide proper objects using get commands e.g. [get_nets xyz].
INFO: [Vivado 12-2286] Implicit search of objects for pattern 'G2B_ONECH_C2H/desc_epoch_source_reg[0][3]' matched to 'cell' objects. [C:/FPGA/G2B_BS1R_SINGLE_SINK_20260901T192755Z/G2B_BS1R_CONSTRAINT_BASE.xdc:64]
Resolution: To avoid ambiguous patterns, provide proper objects using get commands e.g. [get_nets xyz].
INFO: [Vivado 12-2286] Implicit search of objects for pattern 'G2B_ONECH_C2H/desc_epoch_source_reg[0][4]' matched to 'cell' objects. [C:/FPGA/G2B_BS1R_SINGLE_SINK_20260901T192755Z/G2B_BS1R_CONSTRAINT_BASE.xdc:64]
Resolution: To avoid ambiguous patterns, provide proper objects using get commands e.g. [get_nets xyz].
INFO: [Vivado 12-2286] Implicit search of objects for pattern 'G2B_ONECH_C2H/desc_epoch_source_reg[0][5]' matched to 'cell' objects. [C:/FPGA/G2B_BS1R_SINGLE_SINK_20260901T192755Z/G2B_BS1R_CONSTRAINT_BASE.xdc:64]
Resolution: To avoid ambiguous patterns, provide proper objects using get commands e.g. [get_nets xyz].
INFO: [Vivado 12-2286] Implicit search of objects for pattern 'G2B_ONECH_C2H/desc_epoch_source_reg[0][6]' matched to 'cell' objects. [C:/FPGA/G2B_BS1R_SINGLE_SINK_20260901T192755Z/G2B_BS1R_CONSTRAINT_BASE.xdc:64]
Resolution: To avoid ambiguous patterns, provide proper objects using get commands e.g. [get_nets xyz].
INFO: [Vivado 12-2286] Implicit search of objects for pattern 'G2B_ONECH_C2H/desc_epoch_source_reg[0][7]' matched to 'cell' objects. [C:/FPGA/G2B_BS1R_SINGLE_SINK_20260901T192755Z/G2B_BS1R_CONSTRAINT_BASE.xdc:64]
Resolution: To avoid ambiguous patterns, provide proper objects using get commands e.g. [get_nets xyz].
INFO: [Vivado 12-2286] Implicit search of objects for pattern 'G2B_ONECH_C2H/desc_epoch_source_reg[0][8]' matched to 'cell' objects. [C:/FPGA/G2B_BS1R_SINGLE_SINK_20260901T192755Z/G2B_BS1R_CONSTRAINT_BASE.xdc:64]
Resolution: To avoid ambiguous patterns, provide proper objects using get commands e.g. [get_nets xyz].
INFO: [Vivado 12-2286] Implicit search of objects for pattern 'G2B_ONECH_C2H/desc_epoch_source_reg[0][9]' matched to 'cell' objects. [C:/FPGA/G2B_BS1R_SINGLE_SINK_20260901T192755Z/G2B_BS1R_CONSTRAINT_BASE.xdc:64]
Resolution: To avoid ambiguous patterns, provide proper objects using get commands e.g. [get_nets xyz].
INFO: [Vivado 12-2286] Implicit search of objects for pattern 'G2B_ONECH_C2H/desc_epoch_source_reg[1][0]' matched to 'cell' objects. [C:/FPGA/G2B_BS1R_SINGLE_SINK_20260901T192755Z/G2B_BS1R_CONSTRAINT_BASE.xdc:64]
Resolution: To avoid ambiguous patterns, provide proper objects using get commands e.g. [get_nets xyz].
INFO: [Vivado 12-2286] Implicit search of objects for pattern 'G2B_ONECH_C2H/desc_epoch_source_reg[1][10]' matched to 'cell' objects. [C:/FPGA/G2B_BS1R_SINGLE_SINK_20260901T192755Z/G2B_BS1R_CONSTRAINT_BASE.xdc:64]
Resolution: To avoid ambiguous patterns, provide proper objects using get commands e.g. [get_nets xyz].
INFO: [Vivado 12-2286] Implicit search of objects for pattern 'G2B_ONECH_C2H/desc_epoch_source_reg[1][11]' matched to 'cell' objects. [C:/FPGA/G2B_BS1R_SINGLE_SINK_20260901T192755Z/G2B_BS1R_CONSTRAINT_BASE.xdc:64]
Resolution: To avoid ambiguous patterns, provide proper objects using get commands e.g. [get_nets xyz].
INFO: [Vivado 12-2286] Implicit search of objects for pattern 'G2B_ONECH_C2H/desc_epoch_source_reg[1][12]' matched to 'cell' objects. [C:/FPGA/G2B_BS1R_SINGLE_SINK_20260901T192755Z/G2B_BS1R_CONSTRAINT_BASE.xdc:64]
Resolution: To avoid ambiguous patterns, provide proper objects using get commands e.g. [get_nets xyz].
INFO: [Vivado 12-2286] Implicit search of objects for pattern 'G2B_ONECH_C2H/desc_epoch_source_reg[1][13]' matched to 'cell' objects. [C:/FPGA/G2B_BS1R_SINGLE_SINK_20260901T192755Z/G2B_BS1R_CONSTRAINT_BASE.xdc:64]
Resolution: To avoid ambiguous patterns, provide proper objects using get commands e.g. [get_nets xyz].
INFO: [Vivado 12-2286] Implicit search of objects for pattern 'G2B_ONECH_C2H/desc_epoch_source_reg[1][14]' matched to 'cell' objects. [C:/FPGA/G2B_BS1R_SINGLE_SINK_20260901T192755Z/G2B_BS1R_CONSTRAINT_BASE.xdc:64]
Resolution: To avoid ambiguous patterns, provide proper objects using get commands e.g. [get_nets xyz].
INFO: [Vivado 12-2286] Implicit search of objects for pattern 'G2B_ONECH_C2H/desc_epoch_source_reg[1][15]' matched to 'cell' objects. [C:/FPGA/G2B_BS1R_SINGLE_SINK_20260901T192755Z/G2B_BS1R_CONSTRAINT_BASE.xdc:64]
Resolution: To avoid ambiguous patterns, provide proper objects using get commands e.g. [get_nets xyz].
INFO: [Vivado 12-2286] Implicit search of objects for pattern 'G2B_ONECH_C2H/desc_epoch_source_reg[1][16]' matched to 'cell' objects. [C:/FPGA/G2B_BS1R_SINGLE_SINK_20260901T192755Z/G2B_BS1R_CONSTRAINT_BASE.xdc:64]
Resolution: To avoid ambiguous patterns, provide proper objects using get commands e.g. [get_nets xyz].
INFO: [Vivado 12-2286] Implicit search of objects for pattern 'G2B_ONECH_C2H/desc_epoch_source_reg[1][17]' matched to 'cell' objects. [C:/FPGA/G2B_BS1R_SINGLE_SINK_20260901T192755Z/G2B_BS1R_CONSTRAINT_BASE.xdc:64]
Resolution: To avoid ambiguous patterns, provide proper objects using get commands e.g. [get_nets xyz].
INFO: [Vivado 12-2286] Implicit search of objects for pattern 'G2B_ONECH_C2H/desc_epoch_source_reg[1][18]' matched to 'cell' objects. [C:/FPGA/G2B_BS1R_SINGLE_SINK_20260901T192755Z/G2B_BS1R_CONSTRAINT_BASE.xdc:64]
Resolution: To avoid ambiguous patterns, provide proper objects using get commands e.g. [get_nets xyz].
INFO: [Vivado 12-2286] Implicit search of objects for pattern 'G2B_ONECH_C2H/desc_epoch_source_reg[1][19]' matched to 'cell' objects. [C:/FPGA/G2B_BS1R_SINGLE_SINK_20260901T192755Z/G2B_BS1R_CONSTRAINT_BASE.xdc:64]
Resolution: To avoid ambiguous patterns, provide proper objects using get commands e.g. [get_nets xyz].
INFO: [Vivado 12-2286] Implicit search of objects for pattern 'G2B_ONECH_C2H/desc_epoch_source_reg[1][1]' matched to 'cell' objects. [C:/FPGA/G2B_BS1R_SINGLE_SINK_20260901T192755Z/G2B_BS1R_CONSTRAINT_BASE.xdc:64]
Resolution: To avoid ambiguous patterns, provide proper objects using get commands e.g. [get_nets xyz].
INFO: [Vivado 12-2286] Implicit search of objects for pattern 'G2B_ONECH_C2H/desc_epoch_source_reg[1][20]' matched to 'cell' objects. [C:/FPGA/G2B_BS1R_SINGLE_SINK_20260901T192755Z/G2B_BS1R_CONSTRAINT_BASE.xdc:64]
Resolution: To avoid ambiguous patterns, provide proper objects using get commands e.g. [get_nets xyz].
INFO: [Vivado 12-2286] Implicit search of objects for pattern 'G2B_ONECH_C2H/desc_epoch_source_reg[1][21]' matched to 'cell' objects. [C:/FPGA/G2B_BS1R_SINGLE_SINK_20260901T192755Z/G2B_BS1R_CONSTRAINT_BASE.xdc:64]
Resolution: To avoid ambiguous patterns, provide proper objects using get commands e.g. [get_nets xyz].
INFO: [Vivado 12-2286] Implicit search of objects for pattern 'G2B_ONECH_C2H/desc_epoch_source_reg[1][22]' matched to 'cell' objects. [C:/FPGA/G2B_BS1R_SINGLE_SINK_20260901T192755Z/G2B_BS1R_CONSTRAINT_BASE.xdc:64]
Resolution: To avoid ambiguous patterns, provide proper objects using get commands e.g. [get_nets xyz].
INFO: [Vivado 12-2286] Implicit search of objects for pattern 'G2B_ONECH_C2H/desc_epoch_source_reg[1][23]' matched to 'cell' objects. [C:/FPGA/G2B_BS1R_SINGLE_SINK_20260901T192755Z/G2B_BS1R_CONSTRAINT_BASE.xdc:64]
Resolution: To avoid ambiguous patterns, provide proper objects using get commands e.g. [get_nets xyz].
INFO: [Vivado 12-2286] Implicit search of objects for pattern 'G2B_ONECH_C2H/desc_epoch_source_reg[1][24]' matched to 'cell' objects. [C:/FPGA/G2B_BS1R_SINGLE_SINK_20260901T192755Z/G2B_BS1R_CONSTRAINT_BASE.xdc:64]
Resolution: To avoid ambiguous patterns, provide proper objects using get commands e.g. [get_nets xyz].
INFO: [Vivado 12-2286] Implicit search of objects for pattern 'G2B_ONECH_C2H/desc_epoch_source_reg[1][25]' matched to 'cell' objects. [C:/FPGA/G2B_BS1R_SINGLE_SINK_20260901T192755Z/G2B_BS1R_CONSTRAINT_BASE.xdc:64]
Resolution: To avoid ambiguous patterns, provide proper objects using get commands e.g. [get_nets xyz].
INFO: [Vivado 12-2286] Implicit search of objects for pattern 'G2B_ONECH_C2H/desc_epoch_source_reg[1][26]' matched to 'cell' objects. [C:/FPGA/G2B_BS1R_SINGLE_SINK_20260901T192755Z/G2B_BS1R_CONSTRAINT_BASE.xdc:64]
Resolution: To avoid ambiguous patterns, provide proper objects using get commands e.g. [get_nets xyz].
INFO: [Vivado 12-2286] Implicit search of objects for pattern 'G2B_ONECH_C2H/desc_epoch_source_reg[1][27]' matched to 'cell' objects. [C:/FPGA/G2B_BS1R_SINGLE_SINK_20260901T192755Z/G2B_BS1R_CONSTRAINT_BASE.xdc:64]
Resolution: To avoid ambiguous patterns, provide proper objects using get commands e.g. [get_nets xyz].
INFO: [Vivado 12-2286] Implicit search of objects for pattern 'G2B_ONECH_C2H/desc_epoch_source_reg[1][28]' matched to 'cell' objects. [C:/FPGA/G2B_BS1R_SINGLE_SINK_20260901T192755Z/G2B_BS1R_CONSTRAINT_BASE.xdc:64]
Resolution: To avoid ambiguous patterns, provide proper objects using get commands e.g. [get_nets xyz].
INFO: [Vivado 12-2286] Implicit search of objects for pattern 'G2B_ONECH_C2H/desc_epoch_source_reg[1][29]' matched to 'cell' objects. [C:/FPGA/G2B_BS1R_SINGLE_SINK_20260901T192755Z/G2B_BS1R_CONSTRAINT_BASE.xdc:64]
Resolution: To avoid ambiguous patterns, provide proper objects using get commands e.g. [get_nets xyz].
INFO: [Vivado 12-2286] Implicit search of objects for pattern 'G2B_ONECH_C2H/desc_epoch_source_reg[1][2]' matched to 'cell' objects. [C:/FPGA/G2B_BS1R_SINGLE_SINK_20260901T192755Z/G2B_BS1R_CONSTRAINT_BASE.xdc:64]
Resolution: To avoid ambiguous patterns, provide proper objects using get commands e.g. [get_nets xyz].
INFO: [Vivado 12-2286] Implicit search of objects for pattern 'G2B_ONECH_C2H/desc_epoch_source_reg[1][30]' matched to 'cell' objects. [C:/FPGA/G2B_BS1R_SINGLE_SINK_20260901T192755Z/G2B_BS1R_CONSTRAINT_BASE.xdc:64]
Resolution: To avoid ambiguous patterns, provide proper objects using get commands e.g. [get_nets xyz].
INFO: [Vivado 12-2286] Implicit search of objects for pattern 'G2B_ONECH_C2H/desc_epoch_source_reg[1][31]' matched to 'cell' objects. [C:/FPGA/G2B_BS1R_SINGLE_SINK_20260901T192755Z/G2B_BS1R_CONSTRAINT_BASE.xdc:64]
Resolution: To avoid ambiguous patterns, provide proper objects using get commands e.g. [get_nets xyz].
INFO: [Vivado 12-2286] Implicit search of objects for pattern 'G2B_ONECH_C2H/desc_epoch_source_reg[1][3]' matched to 'cell' objects. [C:/FPGA/G2B_BS1R_SINGLE_SINK_20260901T192755Z/G2B_BS1R_CONSTRAINT_BASE.xdc:64]
Resolution: To avoid ambiguous patterns, provide proper objects using get commands e.g. [get_nets xyz].
INFO: [Vivado 12-2286] Implicit search of objects for pattern 'G2B_ONECH_C2H/desc_epoch_source_reg[1][4]' matched to 'cell' objects. [C:/FPGA/G2B_BS1R_SINGLE_SINK_20260901T192755Z/G2B_BS1R_CONSTRAINT_BASE.xdc:64]
Resolution: To avoid ambiguous patterns, provide proper objects using get commands e.g. [get_nets xyz].
INFO: [Vivado 12-2286] Implicit search of objects for pattern 'G2B_ONECH_C2H/desc_epoch_source_reg[1][5]' matched to 'cell' objects. [C:/FPGA/G2B_BS1R_SINGLE_SINK_20260901T192755Z/G2B_BS1R_CONSTRAINT_BASE.xdc:64]
Resolution: To avoid ambiguous patterns, provide proper objects using get commands e.g. [get_nets xyz].
INFO: [Vivado 12-2286] Implicit search of objects for pattern 'G2B_ONECH_C2H/desc_epoch_source_reg[1][6]' matched to 'cell' objects. [C:/FPGA/G2B_BS1R_SINGLE_SINK_20260901T192755Z/G2B_BS1R_CONSTRAINT_BASE.xdc:64]
Resolution: To avoid ambiguous patterns, provide proper objects using get commands e.g. [get_nets xyz].
INFO: [Vivado 12-2286] Implicit search of objects for pattern 'G2B_ONECH_C2H/desc_epoch_source_reg[1][7]' matched to 'cell' objects. [C:/FPGA/G2B_BS1R_SINGLE_SINK_20260901T192755Z/G2B_BS1R_CONSTRAINT_BASE.xdc:64]
Resolution: To avoid ambiguous patterns, provide proper objects using get commands e.g. [get_nets xyz].
INFO: [Vivado 12-2286] Implicit search of objects for pattern 'G2B_ONECH_C2H/desc_epoch_source_reg[1][8]' matched to 'cell' objects. [C:/FPGA/G2B_BS1R_SINGLE_SINK_20260901T192755Z/G2B_BS1R_CONSTRAINT_BASE.xdc:64]
Resolution: To avoid ambiguous patterns, provide proper objects using get commands e.g. [get_nets xyz].
INFO: [Vivado 12-2286] Implicit search of objects for pattern 'G2B_ONECH_C2H/desc_epoch_source_reg[1][9]' matched to 'cell' objects. [C:/FPGA/G2B_BS1R_SINGLE_SINK_20260901T192755Z/G2B_BS1R_CONSTRAINT_BASE.xdc:64]
Resolution: To avoid ambiguous patterns, provide proper objects using get commands e.g. [get_nets xyz].
INFO: [Vivado 12-2286] Implicit search of objects for pattern 'G2B_ONECH_C2H/desc_epoch_source_reg[2][0]' matched to 'cell' objects. [C:/FPGA/G2B_BS1R_SINGLE_SINK_20260901T192755Z/G2B_BS1R_CONSTRAINT_BASE.xdc:64]
Resolution: To avoid ambiguous patterns, provide proper objects using get commands e.g. [get_nets xyz].
INFO: [Vivado 12-2286] Implicit search of objects for pattern 'G2B_ONECH_C2H/desc_epoch_source_reg[2][10]' matched to 'cell' objects. [C:/FPGA/G2B_BS1R_SINGLE_SINK_20260901T192755Z/G2B_BS1R_CONSTRAINT_BASE.xdc:64]
Resolution: To avoid ambiguous patterns, provide proper objects using get commands e.g. [get_nets xyz].
INFO: [Vivado 12-2286] Implicit search of objects for pattern 'G2B_ONECH_C2H/desc_epoch_source_reg[2][11]' matched to 'cell' objects. [C:/FPGA/G2B_BS1R_SINGLE_SINK_20260901T192755Z/G2B_BS1R_CONSTRAINT_BASE.xdc:64]
Resolution: To avoid ambiguous patterns, provide proper objects using get commands e.g. [get_nets xyz].
INFO: [Vivado 12-2286] Implicit search of objects for pattern 'G2B_ONECH_C2H/desc_epoch_source_reg[2][12]' matched to 'cell' objects. [C:/FPGA/G2B_BS1R_SINGLE_SINK_20260901T192755Z/G2B_BS1R_CONSTRAINT_BASE.xdc:64]
Resolution: To avoid ambiguous patterns, provide proper objects using get commands e.g. [get_nets xyz].
INFO: [Vivado 12-2286] Implicit search of objects for pattern 'G2B_ONECH_C2H/desc_epoch_source_reg[2][13]' matched to 'cell' objects. [C:/FPGA/G2B_BS1R_SINGLE_SINK_20260901T192755Z/G2B_BS1R_CONSTRAINT_BASE.xdc:64]
Resolution: To avoid ambiguous patterns, provide proper objects using get commands e.g. [get_nets xyz].
INFO: [Vivado 12-2286] Implicit search of objects for pattern 'G2B_ONECH_C2H/desc_epoch_source_reg[2][14]' matched to 'cell' objects. [C:/FPGA/G2B_BS1R_SINGLE_SINK_20260901T192755Z/G2B_BS1R_CONSTRAINT_BASE.xdc:64]
Resolution: To avoid ambiguous patterns, provide proper objects using get commands e.g. [get_nets xyz].
INFO: [Vivado 12-2286] Implicit search of objects for pattern 'G2B_ONECH_C2H/desc_epoch_source_reg[2][15]' matched to 'cell' objects. [C:/FPGA/G2B_BS1R_SINGLE_SINK_20260901T192755Z/G2B_BS1R_CONSTRAINT_BASE.xdc:64]
Resolution: To avoid ambiguous patterns, provide proper objects using get commands e.g. [get_nets xyz].
INFO: [Vivado 12-2286] Implicit search of objects for pattern 'G2B_ONECH_C2H/desc_epoch_source_reg[2][16]' matched to 'cell' objects. [C:/FPGA/G2B_BS1R_SINGLE_SINK_20260901T192755Z/G2B_BS1R_CONSTRAINT_BASE.xdc:64]
Resolution: To avoid ambiguous patterns, provide proper objects using get commands e.g. [get_nets xyz].
INFO: [Vivado 12-2286] Implicit search of objects for pattern 'G2B_ONECH_C2H/desc_epoch_source_reg[2][17]' matched to 'cell' objects. [C:/FPGA/G2B_BS1R_SINGLE_SINK_20260901T192755Z/G2B_BS1R_CONSTRAINT_BASE.xdc:64]
Resolution: To avoid ambiguous patterns, provide proper objects using get commands e.g. [get_nets xyz].
INFO: [Vivado 12-2286] Implicit search of objects for pattern 'G2B_ONECH_C2H/desc_epoch_source_reg[2][18]' matched to 'cell' objects. [C:/FPGA/G2B_BS1R_SINGLE_SINK_20260901T192755Z/G2B_BS1R_CONSTRAINT_BASE.xdc:64]
Resolution: To avoid ambiguous patterns, provide proper objects using get commands e.g. [get_nets xyz].
INFO: [Vivado 12-2286] Implicit search of objects for pattern 'G2B_ONECH_C2H/desc_epoch_source_reg[2][19]' matched to 'cell' objects. [C:/FPGA/G2B_BS1R_SINGLE_SINK_20260901T192755Z/G2B_BS1R_CONSTRAINT_BASE.xdc:64]
Resolution: To avoid ambiguous patterns, provide proper objects using get commands e.g. [get_nets xyz].
INFO: [Vivado 12-2286] Implicit search of objects for pattern 'G2B_ONECH_C2H/desc_epoch_source_reg[2][1]' matched to 'cell' objects. [C:/FPGA/G2B_BS1R_SINGLE_SINK_20260901T192755Z/G2B_BS1R_CONSTRAINT_BASE.xdc:64]
Resolution: To avoid ambiguous patterns, provide proper objects using get commands e.g. [get_nets xyz].
INFO: [Vivado 12-2286] Implicit search of objects for pattern 'G2B_ONECH_C2H/desc_epoch_source_reg[2][20]' matched to 'cell' objects. [C:/FPGA/G2B_BS1R_SINGLE_SINK_20260901T192755Z/G2B_BS1R_CONSTRAINT_BASE.xdc:64]
Resolution: To avoid ambiguous patterns, provide proper objects using get commands e.g. [get_nets xyz].
INFO: [Vivado 12-2286] Implicit search of objects for pattern 'G2B_ONECH_C2H/desc_epoch_source_reg[2][21]' matched to 'cell' objects. [C:/FPGA/G2B_BS1R_SINGLE_SINK_20260901T192755Z/G2B_BS1R_CONSTRAINT_BASE.xdc:64]
Resolution: To avoid ambiguous patterns, provide proper objects using get commands e.g. [get_nets xyz].
INFO: [Vivado 12-2286] Implicit search of objects for pattern 'G2B_ONECH_C2H/desc_epoch_source_reg[2][22]' matched to 'cell' objects. [C:/FPGA/G2B_BS1R_SINGLE_SINK_20260901T192755Z/G2B_BS1R_CONSTRAINT_BASE.xdc:64]
Resolution: To avoid ambiguous patterns, provide proper objects using get commands e.g. [get_nets xyz].
INFO: [Vivado 12-2286] Implicit search of objects for pattern 'G2B_ONECH_C2H/desc_epoch_source_reg[2][23]' matched to 'cell' objects. [C:/FPGA/G2B_BS1R_SINGLE_SINK_20260901T192755Z/G2B_BS1R_CONSTRAINT_BASE.xdc:64]
Resolution: To avoid ambiguous patterns, provide proper objects using get commands e.g. [get_nets xyz].
INFO: [Vivado 12-2286] Implicit search of objects for pattern 'G2B_ONECH_C2H/desc_epoch_source_reg[2][24]' matched to 'cell' objects. [C:/FPGA/G2B_BS1R_SINGLE_SINK_20260901T192755Z/G2B_BS1R_CONSTRAINT_BASE.xdc:64]
Resolution: To avoid ambiguous patterns, provide proper objects using get commands e.g. [get_nets xyz].
INFO: [Vivado 12-2286] Implicit search of objects for pattern 'G2B_ONECH_C2H/desc_epoch_source_reg[2][25]' matched to 'cell' objects. [C:/FPGA/G2B_BS1R_SINGLE_SINK_20260901T192755Z/G2B_BS1R_CONSTRAINT_BASE.xdc:64]
Resolution: To avoid ambiguous patterns, provide proper objects using get commands e.g. [get_nets xyz].
INFO: [Vivado 12-2286] Implicit search of objects for pattern 'G2B_ONECH_C2H/desc_epoch_source_reg[2][26]' matched to 'cell' objects. [C:/FPGA/G2B_BS1R_SINGLE_SINK_20260901T192755Z/G2B_BS1R_CONSTRAINT_BASE.xdc:64]
Resolution: To avoid ambiguous patterns, provide proper objects using get commands e.g. [get_nets xyz].
INFO: [Vivado 12-2286] Implicit search of objects for pattern 'G2B_ONECH_C2H/desc_epoch_source_reg[2][27]' matched to 'cell' objects. [C:/FPGA/G2B_BS1R_SINGLE_SINK_20260901T192755Z/G2B_BS1R_CONSTRAINT_BASE.xdc:64]
Resolution: To avoid ambiguous patterns, provide proper objects using get commands e.g. [get_nets xyz].
INFO: [Vivado 12-2286] Implicit search of objects for pattern 'G2B_ONECH_C2H/desc_epoch_source_reg[2][28]' matched to 'cell' objects. [C:/FPGA/G2B_BS1R_SINGLE_SINK_20260901T192755Z/G2B_BS1R_CONSTRAINT_BASE.xdc:64]
Resolution: To avoid ambiguous patterns, provide proper objects using get commands e.g. [get_nets xyz].
INFO: [Vivado 12-2286] Implicit search of objects for pattern 'G2B_ONECH_C2H/desc_epoch_source_reg[2][29]' matched to 'cell' objects. [C:/FPGA/G2B_BS1R_SINGLE_SINK_20260901T192755Z/G2B_BS1R_CONSTRAINT_BASE.xdc:64]
Resolution: To avoid ambiguous patterns, provide proper objects using get commands e.g. [get_nets xyz].
INFO: [Vivado 12-2286] Implicit search of objects for pattern 'G2B_ONECH_C2H/desc_epoch_source_reg[2][2]' matched to 'cell' objects. [C:/FPGA/G2B_BS1R_SINGLE_SINK_20260901T192755Z/G2B_BS1R_CONSTRAINT_BASE.xdc:64]
Resolution: To avoid ambiguous patterns, provide proper objects using get commands e.g. [get_nets xyz].
INFO: [Vivado 12-2286] Implicit search of objects for pattern 'G2B_ONECH_C2H/desc_epoch_source_reg[2][30]' matched to 'cell' objects. [C:/FPGA/G2B_BS1R_SINGLE_SINK_20260901T192755Z/G2B_BS1R_CONSTRAINT_BASE.xdc:64]
Resolution: To avoid ambiguous patterns, provide proper objects using get commands e.g. [get_nets xyz].
INFO: [Vivado 12-2286] Implicit search of objects for pattern 'G2B_ONECH_C2H/desc_epoch_source_reg[2][31]' matched to 'cell' objects. [C:/FPGA/G2B_BS1R_SINGLE_SINK_20260901T192755Z/G2B_BS1R_CONSTRAINT_BASE.xdc:64]
Resolution: To avoid ambiguous patterns, provide proper objects using get commands e.g. [get_nets xyz].
INFO: [Vivado 12-2286] Implicit search of objects for pattern 'G2B_ONECH_C2H/desc_epoch_source_reg[2][3]' matched to 'cell' objects. [C:/FPGA/G2B_BS1R_SINGLE_SINK_20260901T192755Z/G2B_BS1R_CONSTRAINT_BASE.xdc:64]
Resolution: To avoid ambiguous patterns, provide proper objects using get commands e.g. [get_nets xyz].
INFO: [Vivado 12-2286] Implicit search of objects for pattern 'G2B_ONECH_C2H/desc_epoch_source_reg[2][4]' matched to 'cell' objects. [C:/FPGA/G2B_BS1R_SINGLE_SINK_20260901T192755Z/G2B_BS1R_CONSTRAINT_BASE.xdc:64]
Resolution: To avoid ambiguous patterns, provide proper objects using get commands e.g. [get_nets xyz].
INFO: [Vivado 12-2286] Implicit search of objects for pattern 'G2B_ONECH_C2H/desc_epoch_source_reg[2][5]' matched to 'cell' objects. [C:/FPGA/G2B_BS1R_SINGLE_SINK_20260901T192755Z/G2B_BS1R_CONSTRAINT_BASE.xdc:64]
Resolution: To avoid ambiguous patterns, provide proper objects using get commands e.g. [get_nets xyz].
INFO: [Vivado 12-2286] Implicit search of objects for pattern 'G2B_ONECH_C2H/desc_epoch_source_reg[2][6]' matched to 'cell' objects. [C:/FPGA/G2B_BS1R_SINGLE_SINK_20260901T192755Z/G2B_BS1R_CONSTRAINT_BASE.xdc:64]
Resolution: To avoid ambiguous patterns, provide proper objects using get commands e.g. [get_nets xyz].
INFO: [Vivado 12-2286] Implicit search of objects for pattern 'G2B_ONECH_C2H/desc_epoch_source_reg[2][7]' matched to 'cell' objects. [C:/FPGA/G2B_BS1R_SINGLE_SINK_20260901T192755Z/G2B_BS1R_CONSTRAINT_BASE.xdc:64]
Resolution: To avoid ambiguous patterns, provide proper objects using get commands e.g. [get_nets xyz].
INFO: [Vivado 12-2286] Implicit search of objects for pattern 'G2B_ONECH_C2H/desc_epoch_source_reg[2][8]' matched to 'cell' objects. [C:/FPGA/G2B_BS1R_SINGLE_SINK_20260901T192755Z/G2B_BS1R_CONSTRAINT_BASE.xdc:64]
Resolution: To avoid ambiguous patterns, provide proper objects using get commands e.g. [get_nets xyz].
INFO: [Vivado 12-2286] Implicit search of objects for pattern 'G2B_ONECH_C2H/desc_epoch_source_reg[2][9]' matched to 'cell' objects. [C:/FPGA/G2B_BS1R_SINGLE_SINK_20260901T192755Z/G2B_BS1R_CONSTRAINT_BASE.xdc:64]
Resolution: To avoid ambiguous patterns, provide proper objects using get commands e.g. [get_nets xyz].
INFO: [Vivado 12-2286] Implicit search of objects for pattern 'G2B_ONECH_C2H/desc_epoch_source_reg[3][0]' matched to 'cell' objects. [C:/FPGA/G2B_BS1R_SINGLE_SINK_20260901T192755Z/G2B_BS1R_CONSTRAINT_BASE.xdc:64]
Resolution: To avoid ambiguous patterns, provide proper objects using get commands e.g. [get_nets xyz].
INFO: [Vivado 12-2286] Implicit search of objects for pattern 'G2B_ONECH_C2H/desc_epoch_source_reg[3][10]' matched to 'cell' objects. [C:/FPGA/G2B_BS1R_SINGLE_SINK_20260901T192755Z/G2B_BS1R_CONSTRAINT_BASE.xdc:64]
Resolution: To avoid ambiguous patterns, provide proper objects using get commands e.g. [get_nets xyz].
INFO: [Vivado 12-2286] Implicit search of objects for pattern 'G2B_ONECH_C2H/desc_epoch_source_reg[3][11]' matched to 'cell' objects. [C:/FPGA/G2B_BS1R_SINGLE_SINK_20260901T192755Z/G2B_BS1R_CONSTRAINT_BASE.xdc:64]
Resolution: To avoid ambiguous patterns, provide proper objects using get commands e.g. [get_nets xyz].
INFO: [Vivado 12-2286] Implicit search of objects for pattern 'G2B_ONECH_C2H/desc_epoch_source_reg[3][12]' matched to 'cell' objects. [C:/FPGA/G2B_BS1R_SINGLE_SINK_20260901T192755Z/G2B_BS1R_CONSTRAINT_BASE.xdc:64]
Resolution: To avoid ambiguous patterns, provide proper objects using get commands e.g. [get_nets xyz].
INFO: [Common 17-14] Message 'Vivado 12-2286' appears 100 times and further instances of the messages will be disabled. Use the Tcl command set_msg_config to change the current settings. [C:/FPGA/G2B_BS1R_SINGLE_SINK_20260901T192755Z/G2B_BS1R_CONSTRAINT_BASE.xdc:64]
Finished Parsing XDC File [C:/FPGA/G2B_BS1R_SINGLE_SINK_20260901T192755Z/G2B_BS1R_CONSTRAINT_BASE.xdc]
read_xdc: Time (s): cpu = 00:01:23 ; elapsed = 00:01:23 . Memory (MB): peak = 1735.684 ; gain = 10.867
BS1R_MARKER OBJECTS_RESOLVED 2026-09-01T19:44:46.078Z elapsed=307.912s
BS1R_COMMAND_READY 2026-09-01T19:44:48.556Z initialization=310.390s
BS1R_BUS_SKEW_STARTED 2026-09-01T19:44:48.620Z
INFO: [Timing 38-91] UpdateTimingParams: Speed grade: -2, Delay Type: min_max.
INFO: [Timing 38-191] Multithreading enabled for timing update using a maximum of 2 CPUs
