GATE=INHERITED_R7_R6_TOOL_HASHES RESULT=PASS DETAIL=all exact accepted live/read-only leaf path, byte-count, and SHA-256 gates pass
GATE=FROZEN_R1F_READ_NVP_R1F_PY RESULT=PASS DETAIL=5BDE0B94E8817DA9EC92FBE8BF7149E93C631E348FCD0B395D4EA539EC2A734C
GATE=FROZEN_R1F_R1F_STATISTICS_PY RESULT=PASS DETAIL=C0188FF2AB7AC03034DAA7F412F447E3DBC21C15FB5458B126C0A96FEB771CCD
GATE=FROZEN_R1F_TEST_NVP_R1F_TOOLS_PY RESULT=PASS DETAIL=7AD2E8FA36D685CFC916B007A65BE9B807398A71CB6730E067C31CD9673C52B1
GATE=FROZEN_R1F_FIXTURES_R1F_VALID_SCENARIO_JSON RESULT=PASS DETAIL=8D6C63878488F79B1299F1AD2576EF830C52741F2938A9715EC597FBF4FAB1A8
GATE=FROZEN_R1F_READ_NVP_R1E_PY RESULT=PASS DETAIL=0BE8AD0ECEF0FC333FEDFFAC9C7D94D2851E7FC319EEB88579D7EA3B2AEA7037
GATE=R1G_WORKTREE_READER_UNCHANGED RESULT=PASS DETAIL=exact R1f reader remains byte-identical in R1g worktree
GATE=POWERSHELL_PARSE_INITIALIZE-R1GCAMPAIGNEVIDENCEDIRECTORIES.PS1 RESULT=PASS DETAIL=
GATE=POWERSHELL_PARSE_INVOKE-R1GHOSTSTEP.PS1 RESULT=PASS DETAIL=
GATE=POWERSHELL_PARSE_INVOKE-R1GINDEPENDENTDONEREADONLY.PS1 RESULT=PASS DETAIL=
GATE=POWERSHELL_PARSE_INVOKE-R1GPROGRAMONCE.PS1 RESULT=PASS DETAIL=
GATE=POWERSHELL_PARSE_INVOKE-R1GTELEMETRYREADONLY.PS1 RESULT=PASS DETAIL=
GATE=POWERSHELL_PARSE_NEW-R1GCONFIGUREDIMAGERECEIPT.PS1 RESULT=PASS DETAIL=
GATE=POWERSHELL_PARSE_R1GCAMPAIGNCOMMON.PS1 RESULT=PASS DETAIL=
GATE=POWERSHELL_PARSE_WAIT-R1GPROGRAMMINIMUM.PS1 RESULT=PASS DETAIL=
GATE=POWERSHELL_PARSE_FINALIZE-R1GFRESHFORMALSTARTGATE.PS1 RESULT=PASS DETAIL=
GATE=POWERSHELL_PARSE_INVOKE-R1GEXISTINGFORMALTELEMETRYREADONLY.PS1 RESULT=PASS DETAIL=
GATE=POWERSHELL_PARSE_INVOKE-R1GHOSTBASELINEREADONLY.PS1 RESULT=PASS DETAIL=
GATE=POWERSHELL_PARSE_INVOKE-R1GPRECHECKJTAGDONEREADONLY.PS1 RESULT=PASS DETAIL=
GATE=POWERSHELL_PARSE_INVOKE-R1GSTARTSAFETYREADONLY.PS1 RESULT=PASS DETAIL=
GATE=POWERSHELL_PARSE_NEW-R1GEXISTINGFORMALSTARTRECEIPT.PS1 RESULT=PASS DETAIL=
GATE=POWERSHELL_PARSE_NEW-R1GCAMPAIGNTOOLING.PS1 RESULT=PASS DETAIL=
GATE=POWERSHELL_PARSE_TEST-R1GPOSTBUILDHARDWAREBINDINGS.PS1 RESULT=PASS DETAIL=
GATE=PROGRAM_HW_DEVICES_EXACTLY_ONE RESULT=PASS DETAIL=accepted mode-aware Tcl contains one anchored program command
GATE=VENDOR_STARTUP_HIGH_GATE RESULT=PASS DETAIL=accepted parser hash-binds exact vendor startup HIGH
GATE=SAME_SESSION_DONE_BIT5_GATE RESULT=PASS DETAIL=same-session REGISTER.IR.BIT5_DONE is read after programming
GATE=BIT4_EOS_NOT_QUERIED RESULT=PASS DETAIL=REGISTER.IR.BIT4_EOS is never queried
GATE=JTAG_FREQUENCY_UNCHANGED RESULT=PASS DETAIL=no frequency-changing set_property exists
GATE=START_JTAG_READ_ONLY RESULT=PASS DETAIL=fresh start-state JTAG reconfirmation has no write/program path
GATE=START_JTAG_FIVE_SAMPLES RESULT=PASS DETAIL=exact five-sample stable-DONE gate retained
GATE=WRAPPER_DIRECT_PROGRAM_ABSENT RESULT=PASS DETAIL=only the exact accepted Tcl leaf may program
GATE=IMMUTABLE_PROGRAM_RESERVATION RESULT=PASS DETAIL=reservation precedes process launch and is never removed
GATE=ONE_PROGRAM_PROCESS_START RESULT=PASS DETAIL=one supervisor process start with no restart loop
GATE=CONDITIONAL_BOOTSTRAP_MAX_ONE RESULT=PASS DETAIL=bootstrap is mutually exclusive with fresh existing-formal receipt
GATE=FROZEN_SEQUENCE RESULT=PASS DETAIL=A1 -> B1 -> A2 -> B2 -> A3 -> B3
GATE=ARM_A_WAIT_EXACT RESULT=PASS DETAIL=A1/A2/A3 each freeze 33.536673744 seconds
GATE=FORMAL_WAIT_FLOOR RESULT=PASS DETAIL=B1/B2/B3 each freeze five seconds
GATE=UNIQUE_LOCAL_EVIDENCE_DIRECTORIES RESULT=PASS DETAIL=C:\FPGA\V41_NVP_R1G_VHDL_COMPATIBILITY\11_BOOTSTRAP\FORMAL_BOOTSTRAP; C:\FPGA\V41_NVP_R1G_VHDL_COMPATIBILITY\12_PAIR_1\A1_R1G; C:\FPGA\V41_NVP_R1G_VHDL_COMPATIBILITY\12_PAIR_1\B1_FORMAL; C:\FPGA\V41_NVP_R1G_VHDL_COMPATIBILITY\13_PAIR_2\A2_R1G; C:\FPGA\V41_NVP_R1G_VHDL_COMPATIBILITY\13_PAIR_2\B2_FORMAL; C:\FPGA\V41_NVP_R1G_VHDL_COMPATIBILITY\14_PAIR_3\A3_R1G; C:\FPGA\V41_NVP_R1G_VHDL_COMPATIBILITY\14_PAIR_3\B3_FORMAL
GATE=UNIQUE_REMOTE_DRIVER_DIRECTORIES RESULT=PASS DETAIL=/home/vcdeagent1/FPGA_AHD_HOST/v41_nvp_r1g/bootstrap_driver; /home/vcdeagent1/FPGA_AHD_HOST/v41_nvp_r1g/a1_driver; /home/vcdeagent1/FPGA_AHD_HOST/v41_nvp_r1g/b1_driver; /home/vcdeagent1/FPGA_AHD_HOST/v41_nvp_r1g/a2_driver; /home/vcdeagent1/FPGA_AHD_HOST/v41_nvp_r1g/b2_driver; /home/vcdeagent1/FPGA_AHD_HOST/v41_nvp_r1g/a3_driver; /home/vcdeagent1/FPGA_AHD_HOST/v41_nvp_r1g/b3_driver
GATE=MAXIMA_SEVEN RESULT=PASS DETAIL=one optional bootstrap plus six arms; each maximum is seven
GATE=RECEIPT_CHAIN_FROZEN RESULT=PASS DETAIL=A1 starts from formal receipt; B3 starts from A3 receipt
GATE=SOURCE_BIT_PROVENANCE_FAIL_CLOSED RESULT=PASS DETAIL=active binding must bind identical source commit/tree at document and bit levels
GATE=EXACT_BIT_FILENAME_AND_SIZE RESULT=PASS DETAIL=exact R1g bit filename and byte count are gated
GATE=TWO_COHERENT_SNAPSHOTS RESULT=PASS DETAIL=full reader collects and compares T0/T1
GATE=INHERITED_R1F_READER_ABI RESULT=PASS DETAIL=R1g preserves exact R1f map/reader expectation literal
GATE=RUNTIME_SOURCE_COMMIT_GATE RESULT=PASS DETAIL=each R1g Arm-A validates runtime Git words and BUILD_FLAGS before full telemetry
GATE=FORMAL_COMPLETE_RANGE_ZERO RESULT=PASS DETAIL=exact formal reader covers every aligned word 0x20A0..0x35FC
GATE=READER_MMIO_READ_ONLY RESULT=PASS DETAIL=reader opens O_RDONLY and exposes no write primitive
GATE=RUNTIME_LEAF_READ_ONLY RESULT=PASS DETAIL=supplementary provenance and formal-zero leaf is O_RDONLY/pread only
GATE=RUNTIME_LEAF_EXACT_PROVENANCE RESULT=PASS DETAIL=R1g Git words and BUILD_FLAGS=2 are strict
GATE=RUNTIME_LEAF_FORMAL_ZERO RESULT=PASS DETAIL=supplementary formal gate independently reads the complete R1f/R1g range
GATE=REMOTE_DIRECTORY_ADAPTER_MATRIX RESULT=PASS DETAIL=one start block and seven phase-specific directory-only adaptations
GATE=REMOTE_ADAPTER_HASHES_FROZEN RESULT=PASS DETAIL=each adapted payload hash is embedded in its fail-closed wrapper
GATE=TEMPLATE_FAILS_CLOSED RESULT=PASS DETAIL=commit/tree/bit/selected-full-path remain unresolved; modeled wait is frozen
GATE=FROZEN_HARDWARE_BINDINGS RESULT=PASS DETAIL=active binding intentionally absent until the one R1g source commit and one clean build pass
STATIC_AUDIT_GATE=PASS_OFFLINE_BINDING_PENDING
HARDWARE_BINDING_STATUS=PENDING_R1G_COMMIT_AND_BUILD
LIVE_SSH_JTAG_VIVADO_MMIO_PROGRAM_REBOOT_DRIVER_ACTIONS=0
